Job ID:    2359389
Array idx: 570
CPUs/node: 64
Mem/node:  131072
Using CC = cc 
Using CXX = CC 
Using FC = ftn 
Using F77 = ftn 
Using F90 = ftn 
cuda/12.6.1 is deprecated; loading cudatoolkit/25.5_12.9 instead.
Using CC = /opt/nvidia/hpc_sdk/Linux_aarch64/25.5/compilers/bin/nvc 
Using CXX = /opt/nvidia/hpc_sdk/Linux_aarch64/25.5/compilers/bin/nvc++ 
Using FC = /opt/nvidia/hpc_sdk/Linux_aarch64/25.5/compilers/bin/nvfortran 
Using F77 = /opt/nvidia/hpc_sdk/Linux_aarch64/25.5/compilers/bin/nvfortran 
Using F90 = /opt/nvidia/hpc_sdk/Linux_aarch64/25.5/compilers/bin/nvfortran 
Using CC = /opt/nvidia/hpc_sdk/Linux_aarch64/25.5/compilers/bin/nvc 
Using CXX = /opt/nvidia/hpc_sdk/Linux_aarch64/25.5/compilers/bin/nvc++ 
Using FC = /opt/nvidia/hpc_sdk/Linux_aarch64/25.5/compilers/bin/nvfortran 
Using F77 = /opt/nvidia/hpc_sdk/Linux_aarch64/25.5/compilers/bin/nvfortran 
Using F90 = /opt/nvidia/hpc_sdk/Linux_aarch64/25.5/compilers/bin/nvfortran 

Lmod is automatically replacing "gcc-native/14" with "gcc/14.2.0".

ghx4
0
Tuning combo id: 5 / 6
Offline replicate id: 70 / 99
Installing ke_drl from git: https://github.com/mehrdadmhmdi/ke-drl.git@main
Collecting git+https://github.com/mehrdadmhmdi/ke-drl.git@main
  Cloning https://github.com/mehrdadmhmdi/ke-drl.git (to revision main) to /tmp/pip-req-build-r474g77z
  Running command git clone --filter=blob:none --quiet https://github.com/mehrdadmhmdi/ke-drl.git /tmp/pip-req-build-r474g77z
  Resolved https://github.com/mehrdadmhmdi/ke-drl.git to commit 3c5d570e40ea15b1fbe4817b5f43b64c7b333e82
  Installing build dependencies: started
  Installing build dependencies: finished with status 'done'
  Getting requirements to build wheel: started
  Getting requirements to build wheel: finished with status 'done'
  Preparing metadata (pyproject.toml): started
  Preparing metadata (pyproject.toml): finished with status 'done'
Building wheels for collected packages: ke_drl
  Building wheel for ke_drl (pyproject.toml): started
  Building wheel for ke_drl (pyproject.toml): finished with status 'done'
  Created wheel for ke_drl: filename=ke_drl-0.1.0-py3-none-any.whl size=47219 sha256=46b5465a1d21ee39c2427aa1eb387848227c8d7c1d1bf0dc289c5f24fcedc8fc
  Stored in directory: /tmp/pip-ephem-wheel-cache-6sa47u1b/wheels/24/47/ad/9a4ffd3b05d3e90e35ffc6e7324b735b8bfcf5f51aaf29a333
Successfully built ke_drl
Installing collected packages: ke_drl
Successfully installed ke_drl-0.1.0
Installed ke_drl source: /work/nvme/bfez/mehrdad3/DistRL/simulation_3/runs/sim3_global_2358722_5/.kedrl_site_570/ke_drl/__init__.py
Tuning combo 5: kernel_sigma_0.7
Overrides: {'kernel': {'sigma': 0.7}}
RUN: /sw/user/python/miniforge3-pytorch-24.11.3/bin/python3 validate_sim_config.py --params params.yaml
ke_drl import source: /work/nvme/bfez/mehrdad3/DistRL/simulation_3/runs/sim3_global_2358722_5/.kedrl_site_570/ke_drl/__init__.py
ke_drl package API OK: prediction weights, RFF operators, rank diagnostics, and best-checkpoint optimizer available
Policy config OK: behavior=uniform, target=logistic, state_dim=5, action_dim=1
Note: policy.logistic.theta_scale/theta_std are log-scale coefficients in Probability_Densities.
Behavior-policy linearized state-process diagnostic: spectral_radius=0.653, offline_burn_in=50
Replicate config OK: num_replicates=100, benchmark points=10 independent of D_i, loss target points=100
Transition reduction OK: method=kmeans, raw rows N(T-1)=12000, target rows about 3000, B rows reduced from 12000 to about 3000
Return-operator approximation OK: method=rff, features=512, exact G avoided for estimated N=12000, m=800, L=100
Fixed benchmark config rows=4 (benchmark.num_points=10; additional points are support-safe target-policy draws if needed)
Fixed benchmark point 0: s_star=[0.6, -0.8, 0.7, -0.5, 0.9], a_star=[0.5]
Fixed benchmark behavior-support interval for configured rows: min_lower=-0.12, max_upper=1.11
Fixed benchmark target-policy location range: [-0.02, 0.14]
Reusing shared data from /work/nvme/bfez/mehrdad3/DistRL/simulation_3/runs/sim3_shared_data/data for offline replicate 70.
RUN: /sw/user/python/miniforge3-pytorch-24.11.3/bin/python3 validate_sim_config.py --params params.yaml --data data/offline_data_70.pt
ke_drl import source: /work/nvme/bfez/mehrdad3/DistRL/simulation_3/runs/sim3_global_2358722_5/.kedrl_site_570/ke_drl/__init__.py
ke_drl package API OK: prediction weights, RFF operators, rank diagnostics, and best-checkpoint optimizer available
Policy config OK: behavior=uniform, target=logistic, state_dim=5, action_dim=1
Note: policy.logistic.theta_scale/theta_std are log-scale coefficients in Probability_Densities.
Behavior-policy linearized state-process diagnostic: spectral_radius=0.653, offline_burn_in=50
Replicate config OK: num_replicates=100, benchmark points=10 independent of D_i, loss target points=100
Transition reduction OK: method=kmeans, raw rows N(T-1)=12000, target rows about 3000, B rows reduced from 12000 to about 3000
Return-operator approximation OK: method=rff, features=512, exact G avoided for estimated N=12000, m=800, L=100
Fixed benchmark config rows=4 (benchmark.num_points=10; additional points are support-safe target-policy draws if needed)
Fixed benchmark point 0: s_star=[0.6, -0.8, 0.7, -0.5, 0.9], a_star=[0.5]
Fixed benchmark behavior-support interval for configured rows: min_lower=-0.12, max_upper=1.11
Fixed benchmark target-policy location range: [-0.02, 0.14]
Full benchmark support check OK: 10 points, min_lower=-2.177, max_upper=2.05
observed behavior actions: mean=0.3956, sd=0.6781, q0/q10/q50/q90/q100=[-2.1501173973083496, -0.4222098648548126, 0.3382865786552429, 1.3156379461288452, 3.219315528869629]
target-policy sampled actions: mean=-0.03024, sd=0.6712, q0/q10/q50/q90/q100=[-2.7575678729226416, -0.8727570049732787, -0.028809601964924936, 0.8214555766451158, 2.676045973739482]
behavior uniform lower: mean=-0.1306, sd=0.6653, q0/q10/q50/q90/q100=[-2.758343493938446, -0.9634970384836197, -0.1296683654189109, 0.7126416599750521, 2.4999260276556017]
behavior uniform upper: mean=0.9222, sd=0.6498, q0/q10/q50/q90/q100=[-0.9299683809280397, 0.07696015089750291, 0.9271004855632782, 1.7601530367136002, 3.4999260276556017]
target location inside behavior uniform support: 0.968
RUN: /sw/user/python/miniforge3-pytorch-24.11.3/bin/python3 main_est.py
# ================================================================ #
#   Global KE-DRL estimation for one offline replicate              #
# ================================================================ #
Slurm Job ID: 2359389
Slurm Array ID: 70 -- used as the offline-replicate id
Offline data id: 70
ke_drl import source: /work/nvme/bfez/mehrdad3/DistRL/simulation_3/runs/sim3_global_2358722_5/.kedrl_site_570/ke_drl/__init__.py
Estimator device: cuda (NVIDIA GH200 120GB, capability 9.0); torch CUDA=13.0
Random seed: 20460582
Number of offline replicates: 100
[transition reduction] enabled: original rows=12000, target basis=3000, method=kmeans, device=cuda
[transition reduction] kmeans iter 1/20, mean center shift=2.7314e-01
[transition reduction] kmeans iter 5/20, mean center shift=6.5841e-03
[transition reduction] kmeans iter 10/20, mean center shift=5.4001e-08
[transition reduction] selected 3071 rows from 12000 transitions (ratio 0.2559); indices saved to data/reduced_transition_indices_70.pt
Data and parameters loaded.
offline path: data/offline_data_70.pt
benchmark true-Z path: data/Z_true.pt
offline shapes after reduction: s0=(3071, 5), a0=(3071, 1), r0=(3071, 3)
transition reduction: {'enabled': True, 'method': 'kmeans', 'original_rows': 12000, 'reduced_rows': 3071, 'selected_indices_path': 'data/reduced_transition_indices_70.pt', 'target_basis': 3000, 'compression_ratio': 0.2559166666666667}
fixed benchmark point source: fixed_config_plus_support_safe_target_policy_draws
benchmark row excluded from this offline data: None
global loss target set shape: s_star=(100, 5), a_star=(100, 1)
benchmark true-Z count=10, shape each=(50000, 3)
target policy: logistic
behavior policy: uniform
lambda_Gamma=0.005, lambda_B=0.02, d_r_method=song
dtype=torch.float32, operator_method=rff, operator_num_features=512
ridge_mode=rkhs, diagnostic_interval=50
mass_anchor_lambda=1.0, target_mass=1.0
uLSIF basis: source=numerator, n_basis=512, lambda_reg=0.005
optimizer stabilizers: lambda_neg=0.0, max_B_norm=None, eta_clip_min=0.0, eta_clip_max=5.0, normalize_eta=True
========================================
Estimating the global KE-DRL mean embedding
torch device=cuda, dtype=torch.float32
Data dims: N=3071, L=100, Ds=5, Da=1, Dr=3
lambda_Gamma=0.005, lambda_B=0.02
return-operator construction: method=rff, rff_features=512
[uLSIF] basis=512/3071 (numerator); eta_hat min=2.145e-02 max=4.670e+00 neg%=0.00
ESS for eta_plus: 2357.4 / 3071
eta_plus diagnostics: raw_mean=0.997, raw_min=0.0215, raw_max=4.67; used_mean=1, used_min=0.0215, used_max=4.68
[timing] Z-grid: 0.03s
[timing] K_X: 0.00s
[timing] K_plus: 0.00s
[timing] k_star: 0.00s
[timing] Gamma_stack: 0.01s
[timing] Phi_stack: 0.00s
[timing] RFF feature sample: 0.00s
[timing] K_Z RFF: 0.00s
[timing] G_stack RFF: 0.01s
[timing] H_stack RFF: 0.01s
findfont: Font family 'Nimbus Roman' not found.
findfont: Font family 'Nimbus Roman' not found.
findfont: Font family 'Nimbus Roman' not found.
findfont: Font family 'Nimbus Roman' not found.
findfont: Font family 'Nimbus Roman' not found.
findfont: Font family 'Nimbus Roman' not found.
findfont: Font family 'Nimbus Roman' not found.
findfont: Font family 'Nimbus Roman' not found.
findfont: Font family 'Nimbus Roman' not found.
findfont: Font family 'Nimbus Roman' not found.
findfont: Font family 'Nimbus Roman' not found.
findfont: Font family 'Nimbus Roman' not found.
findfont: Font family 'Nimbus Roman' not found.
findfont: Font family 'Nimbus Roman' not found.
findfont: Font family 'Nimbus Roman' not found.
findfont: Font family 'Nimbus Roman' not found.
findfont: Font family 'Nimbus Roman' not found.
findfont: Font family 'Nimbus Roman' not found.
findfont: Font family 'Nimbus Roman' not found.
findfont: Font family 'Nimbus Roman' not found.
findfont: Font family 'Nimbus Roman' not found.
findfont: Font family 'Nimbus Roman' not found.
findfont: Font family 'Nimbus Roman' not found.
findfont: Font family 'Nimbus Roman' not found.
findfont: Font family 'Nimbus Roman' not found.
findfont: Font family 'Nimbus Roman' not found.
findfont: Font family 'Nimbus Roman' not found.
findfont: Font family 'Nimbus Roman' not found.
findfont: Font family 'Nimbus Roman' not found.
findfont: Font family 'Nimbus Roman' not found.
findfont: Font family 'Nimbus Roman' not found.
findfont: Font family 'Nimbus Roman' not found.
findfont: Font family 'Nimbus Roman' not found.
findfont: Font family 'Nimbus Roman' not found.
findfont: Font family 'Nimbus Roman' not found.
findfont: Font family 'Nimbus Roman' not found.
findfont: Font family 'Nimbus Roman' not found.
findfont: Font family 'Nimbus Roman' not found.
findfont: Font family 'Nimbus Roman' not found.
findfont: Font family 'Nimbus Roman' not found.
findfont: Font family 'Nimbus Roman' not found.
findfont: Font family 'Nimbus Roman' not found.
findfont: Font family 'Nimbus Roman' not found.
findfont: Font family ['Nimbus Roman'] not found. Falling back to DejaVu Sans.
findfont: Font family 'Nimbus Roman' not found.
findfont: Font family ['Nimbus Roman'] not found. Falling back to DejaVu Sans.
findfont: Font family 'Nimbus Roman' not found.
findfont: Font family 'Nimbus Roman' not found.
findfont: Font family 'Nimbus Roman' not found.
findfont: Font family 'Nimbus Roman' not found.
findfont: Font family 'Nimbus Roman' not found.
findfont: Font family 'Nimbus Roman' not found.
findfont: Font family 'Nimbus Roman' not found.
findfont: Font family 'Nimbus Roman' not found.
findfont: Font family 'Nimbus Roman' not found.
findfont: Font family ['Nimbus Roman'] not found. Falling back to DejaVu Sans.
findfont: Font family 'Nimbus Roman' not found.
findfont: Font family 'Nimbus Roman' not found.
findfont: Font family 'Nimbus Roman' not found.
findfont: Font family 'Nimbus Roman' not found.
findfont: Font family 'Nimbus Roman' not found.
findfont: Font family 'Nimbus Roman' not found.
findfont: Font family 'Nimbus Roman' not found.
findfont: Font family 'Nimbus Roman' not found.
findfont: Font family 'Nimbus Roman' not found.
findfont: Font family 'Nimbus Roman' not found.
findfont: Font family 'Nimbus Roman' not found.
findfont: Font family 'Nimbus Roman' not found.
findfont: Font family 'Nimbus Roman' not found.
findfont: Font family 'Nimbus Roman' not found.
findfont: Font family 'Nimbus Roman' not found.
findfont: Font family 'Nimbus Roman' not found.
findfont: Font family 'Nimbus Roman' not found.
findfont: Font family 'Nimbus Roman' not found.
findfont: Font family 'Nimbus Roman' not found.
findfont: Font family 'Nimbus Roman' not found.
findfont: Font family 'Nimbus Roman' not found.
findfont: Font family 'Nimbus Roman' not found.
findfont: Font family 'Nimbus Roman' not found.
findfont: Font family 'Nimbus Roman' not found.
findfont: Font family 'Nimbus Roman' not found.
findfont: Font family 'Nimbus Roman' not found.
findfont: Font family 'Nimbus Roman' not found.
findfont: Font family 'Nimbus Roman' not found.
findfont: Font family 'Nimbus Roman' not found.
findfont: Font family 'Nimbus Roman' not found.
findfont: Font family 'Nimbus Roman' not found.
findfont: Font family 'Nimbus Roman' not found.
findfont: Font family 'Nimbus Roman' not found.
findfont: Font family 'Nimbus Roman' not found.
findfont: Font family 'Nimbus Roman' not found.
findfont: Font family 'Nimbus Roman' not found.
findfont: Font family 'Nimbus Roman' not found.
findfont: Font family 'Nimbus Roman' not found.
findfont: Font family 'Nimbus Roman' not found.
findfont: Font family 'Nimbus Roman' not found.
findfont: Font family 'Nimbus Roman' not found.
findfont: Font family 'Nimbus Roman' not found.
findfont: Font family 'Nimbus Roman' not found.
findfont: Font family 'Nimbus Roman' not found.
findfont: Font family 'Nimbus Roman' not found.
findfont: Font family 'Nimbus Roman' not found.
findfont: Font family 'Nimbus Roman' not found.
findfont: Font family 'Nimbus Roman' not found.
findfont: Font family 'Nimbus Roman' not found.
findfont: Font family 'Nimbus Roman' not found.
findfont: Font family 'Nimbus Roman' not found.
findfont: Font family 'Nimbus Roman' not found.
findfont: Font family 'Nimbus Roman' not found.
findfont: Font family 'Nimbus Roman' not found.
findfont: Font family 'Nimbus Roman' not found.
findfont: Font family 'Nimbus Roman' not found.
findfont: Font family 'Nimbus Roman' not found.
findfont: Font family 'Nimbus Roman' not found.
findfont: Font family 'Nimbus Roman' not found.
findfont: Font family 'Nimbus Roman' not found.
findfont: Font family 'Nimbus Roman' not found.
findfont: Font family 'Nimbus Roman' not found.
findfont: Font family 'Nimbus Roman' not found.
findfont: Font family 'Nimbus Roman' not found.
findfont: Font family 'Nimbus Roman' not found.
findfont: Font family 'Nimbus Roman' not found.
findfont: Font family 'Nimbus Roman' not found.
findfont: Font family 'Nimbus Roman' not found.
findfont: Font family 'Nimbus Roman' not found.
findfont: Font family 'Nimbus Roman' not found.
findfont: Font family 'Nimbus Roman' not found.
findfont: Font family 'Nimbus Roman' not found.
findfont: Font family 'Nimbus Roman' not found.
findfont: Font family 'Nimbus Roman' not found.
findfont: Font family 'Nimbus Roman' not found.
findfont: Font family 'Nimbus Roman' not found.
findfont: Font family 'Nimbus Roman' not found.
Ridge mode: rkhs; diagnostic interval: 50
Iter 1/4000 | log_obj=8.290e+00 | log_Bellman_root=2.383e+00 | mass=3.87e+03 | neg=0.00e+00 | grad=3.22e+02
Iter 400/4000 | log_obj=2.494e+00 | log_Bellman_root=-5.566e-01 | mass=1.18e+01 | neg=0.00e+00 | grad=1.97e+03
Iter 800/4000 | log_obj=4.730e+00 | log_Bellman_root=6.024e-01 | mass=1.10e+02 | neg=0.00e+00 | grad=2.40e+03
Iter 1200/4000 | log_obj=1.437e+00 | log_Bellman_root=-1.083e+00 | mass=4.08e+00 | neg=0.00e+00 | grad=1.82e+03
Iter 1600/4000 | log_obj=2.480e+00 | log_Bellman_root=-5.610e-01 | mass=1.16e+01 | neg=0.00e+00 | grad=1.98e+03
Iter 2000/4000 | log_obj=4.734e+00 | log_Bellman_root=6.030e-01 | mass=1.10e+02 | neg=0.00e+00 | grad=2.40e+03
Iter 2400/4000 | log_obj=1.424e+00 | log_Bellman_root=-1.089e+00 | mass=4.03e+00 | neg=0.00e+00 | grad=1.82e+03
Iter 2800/4000 | log_obj=2.473e+00 | log_Bellman_root=-5.637e-01 | mass=1.15e+01 | neg=0.00e+00 | grad=1.98e+03
Iter 3200/4000 | log_obj=4.736e+00 | log_Bellman_root=6.035e-01 | mass=1.11e+02 | neg=0.00e+00 | grad=2.41e+03
Iter 3600/4000 | log_obj=1.414e+00 | log_Bellman_root=-1.094e+00 | mass=3.99e+00 | neg=0.00e+00 | grad=1.82e+03
Iter 4000/4000 | log_obj=2.467e+00 | log_Bellman_root=-5.658e-01 | mass=1.15e+01 | neg=0.00e+00 | grad=1.99e+03
Returning best diagnostic checkpoint from step 3900 (objective=4.102e+00, Bellman=1.120e-01).
Done in 14.79s.
KE-DRL global estimation is done.
B_hat shape: (3071, 800)
B_hat rank diagnostics: {'B_num_rows': 3071, 'B_num_cols': 800, 'B_min_dim': 800, 'B_numerical_rank': 800, 'B_rank_fraction': 1.0, 'B_rank_tolerance': 5.790839989217034e-05, 'B_stable_rank': 95.46749877929688, 'B_effective_rank': 769.998105067993, 'B_entropy_rank': 6.646388053894043, 'B_spectral_norm': 0.15818002820014954, 'B_frobenius_norm': 1.545536994934082, 'B_nuclear_norm': 42.11921691894531, 'B_condition_number': 5.8893701634346955, 'B_condition_number_tol': 5.8893701634346955, 'B_smallest_singular_value': 0.026858564466238022, 'B_rank_rel_1em2': 800, 'B_rank_rel_1em3': 800, 'B_rank_rel_1em4': 800}
Global-loss target mass diagnostics: {'target_mass_mean': -0.8552682995796204, 'target_mass_min': -2.427065849304199, 'target_mass_max': 0.6767210960388184, 'target_mass_sd': 0.7380831837654114, 'target_mass_rmse_to_target': 1.99532949924469, 'target_beta_min': -0.006607151590287685, 'target_beta_max': 0.025907374918460846, 'target_neg_frac_mean': 0.8160875000000002}
Return dictionary Z_grid shape: (800, 3)
Replicate 70 risk metrics: {'risk_n_steps_recorded': 81.0, 'risk_n_diagnostics_recorded': 81.0, 'risk_log_obj_initial': 8.289993696379337, 'risk_log_obj_final': 2.467423018286065, 'risk_log_obj_min': 1.4115493438351214, 'risk_obj_initial': 3983.809082031249, 'risk_obj_final': 11.792019844055176, 'risk_obj_min': 4.102306365966797, 'risk_log_obj_drop': 5.822570678093273, 'risk_log_bellman_root_initial': 2.3825294353280677, 'risk_log_bellman_root_final': -0.5658172755355004, 'risk_log_bellman_root_min': -1.0945581038234848, 'risk_bellman_root_initial': 10.832267761230467, 'risk_bellman_root_final': 0.5678958296775818, 'risk_bellman_root_min': 0.3346874713897705, 'risk_bellman_initial': 117.33802485099292, 'risk_bellman_final': 0.322505673365189, 'risk_bellman_min': 0.11201570350527847, 'risk_log_bellman_root_drop': 2.948346710863568, 'risk_bellman_returned': 0.11201570183038712, 'risk_obj_returned': 4.102306365966797, 'risk_returned_step': 3900.0, 'offline_data_id': 70, 'benchmark_point_source': 'fixed_config_plus_support_safe_target_policy_draws', 'target_set_size': 100, 'lambda_reg': 0.005, 'lambda_B': 0.02, 'num_steps': 4000, 'transition_reduction_enabled': 1, 'transition_reduction_method': 'kmeans', 'transition_original_rows': 12000, 'transition_reduced_rows': 3071, 'transition_compression_ratio': 0.2559166666666667, 'target_mass_mean': -0.8552682995796204, 'target_mass_min': -2.427065849304199, 'target_mass_max': 0.6767210960388184, 'target_mass_sd': 0.7380831837654114, 'target_mass_rmse_to_target': 1.99532949924469, 'target_beta_min': -0.006607151590287685, 'target_beta_max': 0.025907374918460846, 'target_neg_frac_mean': 0.8160875000000002, 'B_num_rows': 3071, 'B_num_cols': 800, 'B_min_dim': 800, 'B_numerical_rank': 800, 'B_rank_fraction': 1.0, 'B_rank_tolerance': 5.790839989217034e-05, 'B_stable_rank': 95.46749877929688, 'B_effective_rank': 769.998105067993, 'B_entropy_rank': 6.646388053894043, 'B_spectral_norm': 0.15818002820014954, 'B_frobenius_norm': 1.545536994934082, 'B_nuclear_norm': 42.11921691894531, 'B_condition_number': 5.8893701634346955, 'B_condition_number_tol': 5.8893701634346955, 'B_smallest_singular_value': 0.026858564466238022, 'B_rank_rel_1em2': 800, 'B_rank_rel_1em3': 800, 'B_rank_rel_1em4': 800, 'risk_objective_final_raw': 11.792019844055176, 'risk_objective_min_raw': 4.102306365966797, 'risk_objective_max_raw': 3983.80908203125, 'risk_bellman_final_raw': 0.3225056529045105, 'risk_bellman_min_raw': 0.11201570183038712, 'risk_bellman_max_raw': 117.33802795410156, 'risk_rkhs_ridge_final_raw': 0.010142087936401367, 'risk_rkhs_ridge_min_raw': 0.008951486088335514, 'risk_rkhs_ridge_max_raw': 1.1155680418014526, 'risk_mass_final_raw': 11.459372520446777, 'risk_mass_min_raw': 3.9813392162323, 'risk_mass_max_raw': 3865.35546875, 'risk_negativity_final_raw': 0.0, 'risk_negativity_min_raw': 0.0, 'risk_negativity_max_raw': 0.0, 'risk_B_norm_final_raw': 1.5449022054672241, 'risk_B_norm_min_raw': 1.5449022054672241, 'risk_B_norm_max_raw': 1.6360825300216675, 'risk_diagnostic_step_final_raw': 4000.0, 'risk_diagnostic_step_min_raw': 1.0, 'risk_diagnostic_step_max_raw': 4000.0, 'risk_best_step_final_raw': 3900.0, 'risk_best_step_min_raw': 3900.0, 'risk_best_step_max_raw': 3900.0, 'risk_best_objective_final_raw': 4.102306365966797, 'risk_best_objective_min_raw': 4.102306365966797, 'risk_best_objective_max_raw': 4.102306365966797, 'risk_best_bellman_final_raw': 0.11201570183038712, 'risk_best_bellman_min_raw': 0.11201570183038712, 'risk_best_bellman_max_raw': 0.11201570183038712, 'risk_returned_step_final_raw': 3900.0, 'risk_returned_step_min_raw': 3900.0, 'risk_returned_step_max_raw': 3900.0, 'risk_returned_objective_final_raw': 4.102306365966797, 'risk_returned_objective_min_raw': 4.102306365966797, 'risk_returned_objective_max_raw': 4.102306365966797, 'risk_returned_bellman_final_raw': 0.11201570183038712, 'risk_returned_bellman_min_raw': 0.11201570183038712, 'risk_returned_bellman_max_raw': 0.11201570183038712, 'risk_returned_best_checkpoint_final_raw': 1.0, 'risk_returned_best_checkpoint_min_raw': 1.0, 'risk_returned_best_checkpoint_max_raw': 1.0}
Benchmark 0 evaluation grid shape: (800, 3)
Replicate 70, benchmark 0 metrics: {'run_id': '70_b0', 'RMSE': 0.2072377955287049, 'MAE': 0.18888828399112753, 'SupNorm': 0.3846472054719925, 'Bias': -0.18888828399112753, 'Corr': -0.24580716613912254, 'deming_slope': -2.5673918313484405, 'deming_intercept': 0.26947679549267944, 'beta_sum': -0.5183467864990234, 'beta_l1': 1.1055397987365723, 'beta_l2': 0.04724515974521637, 'beta_min': -0.003922921139746904, 'beta_max': 0.005436507984995842, 'beta_neg_frac': 0.74625, 'offline_data_id': 70, 'benchmark_id': 0, 'benchmark_point_source': 'fixed_config', 'target_set_size': 100, 'benchmark_z_path': 'data/Z_true.pt', 'projected_bellman_test_risk': 0.006370989605784416, 'oracle_embedding_risk': 0.7424710392951965, 'benchmark_embedding_risk': 0.7424710392951965, 'risk_bellman_final': 0.322505673365189, 'risk_obj_final': 11.792019844055176, 'B_num_rows': 3071, 'B_num_cols': 800, 'B_min_dim': 800, 'B_numerical_rank': 800, 'B_rank_fraction': 1.0, 'B_rank_tolerance': 5.790839989217034e-05, 'B_stable_rank': 95.46749877929688, 'B_effective_rank': 769.998105067993, 'B_entropy_rank': 6.646388053894043, 'B_spectral_norm': 0.15818002820014954, 'B_frobenius_norm': 1.545536994934082, 'B_nuclear_norm': 42.11921691894531, 'B_condition_number': 5.8893701634346955, 'B_condition_number_tol': 5.8893701634346955, 'B_smallest_singular_value': 0.026858564466238022, 'B_rank_rel_1em2': 800, 'B_rank_rel_1em3': 800, 'B_rank_rel_1em4': 800}
Saved ./mu/mu_hat.csv shape=(800,)
Saved ./mu/mu2D_hat_dims01.csv shape=(120, 120)
Saved ./mu/mu2D_hat_dims01.csv shape=(120, 120)
Saved plots/replicate_70/mu_3D.png
Benchmark 1 evaluation grid shape: (800, 3)
Replicate 70, benchmark 1 metrics: {'run_id': '70_b1', 'RMSE': 0.5745930432237345, 'MAE': 0.5302427928350517, 'SupNorm': 0.9464040994644165, 'Bias': -0.5302427928350517, 'Corr': -0.995329012149555, 'deming_slope': -3.735958932716544, 'deming_intercept': 0.07435820202805954, 'beta_sum': -2.60384464263916, 'beta_l1': 2.6405158042907715, 'beta_l2': 0.09675553441047668, 'beta_min': -0.006097906734794378, 'beta_max': 0.0029941305983811617, 'beta_neg_frac': 0.9825, 'offline_data_id': 70, 'benchmark_id': 1, 'benchmark_point_source': 'fixed_config', 'target_set_size': 100, 'benchmark_z_path': 'data/Z_true.pt', 'projected_bellman_test_risk': 0.1875210404396057, 'oracle_embedding_risk': 2.628770351409912, 'benchmark_embedding_risk': 2.628770351409912, 'risk_bellman_final': 0.322505673365189, 'risk_obj_final': 11.792019844055176, 'B_num_rows': 3071, 'B_num_cols': 800, 'B_min_dim': 800, 'B_numerical_rank': 800, 'B_rank_fraction': 1.0, 'B_rank_tolerance': 5.790839989217034e-05, 'B_stable_rank': 95.46749877929688, 'B_effective_rank': 769.998105067993, 'B_entropy_rank': 6.646388053894043, 'B_spectral_norm': 0.15818002820014954, 'B_frobenius_norm': 1.545536994934082, 'B_nuclear_norm': 42.11921691894531, 'B_condition_number': 5.8893701634346955, 'B_condition_number_tol': 5.8893701634346955, 'B_smallest_singular_value': 0.026858564466238022, 'B_rank_rel_1em2': 800, 'B_rank_rel_1em3': 800, 'B_rank_rel_1em4': 800}
Benchmark 2 evaluation grid shape: (800, 3)
Replicate 70, benchmark 2 metrics: {'run_id': '70_b2', 'RMSE': 0.5409156454032011, 'MAE': 0.5008673299739894, 'SupNorm': 0.885676920413971, 'Bias': -0.5008673299739894, 'Corr': -0.9202610282645955, 'deming_slope': -3.8183048734436635, 'deming_intercept': 0.131951729295816, 'beta_sum': -2.367605686187744, 'beta_l1': 2.416520833969116, 'beta_l2': 0.08894415944814682, 'beta_min': -0.006548592820763588, 'beta_max': 0.0032771958503872156, 'beta_neg_frac': 0.98, 'offline_data_id': 70, 'benchmark_id': 2, 'benchmark_point_source': 'fixed_config', 'target_set_size': 100, 'benchmark_z_path': 'data/Z_true.pt', 'projected_bellman_test_risk': 0.1375502049922943, 'oracle_embedding_risk': 2.3403091430664062, 'benchmark_embedding_risk': 2.3403091430664062, 'risk_bellman_final': 0.322505673365189, 'risk_obj_final': 11.792019844055176, 'B_num_rows': 3071, 'B_num_cols': 800, 'B_min_dim': 800, 'B_numerical_rank': 800, 'B_rank_fraction': 1.0, 'B_rank_tolerance': 5.790839989217034e-05, 'B_stable_rank': 95.46749877929688, 'B_effective_rank': 769.998105067993, 'B_entropy_rank': 6.646388053894043, 'B_spectral_norm': 0.15818002820014954, 'B_frobenius_norm': 1.545536994934082, 'B_nuclear_norm': 42.11921691894531, 'B_condition_number': 5.8893701634346955, 'B_condition_number_tol': 5.8893701634346955, 'B_smallest_singular_value': 0.026858564466238022, 'B_rank_rel_1em2': 800, 'B_rank_rel_1em3': 800, 'B_rank_rel_1em4': 800}
Benchmark 3 evaluation grid shape: (800, 3)
Replicate 70, benchmark 3 metrics: {'run_id': '70_b3', 'RMSE': 0.534979355999972, 'MAE': 0.49177370674646226, 'SupNorm': 0.8939211815595627, 'Bias': -0.49177370674646226, 'Corr': -0.9469861380035155, 'deming_slope': -3.7245480027649376, 'deming_intercept': 0.10839750944089793, 'beta_sum': -2.408554792404175, 'beta_l1': 2.4448740482330322, 'beta_l2': 0.0898987203836441, 'beta_min': -0.006117246113717556, 'beta_max': 0.0026238556019961834, 'beta_neg_frac': 0.985, 'offline_data_id': 70, 'benchmark_id': 3, 'benchmark_point_source': 'fixed_config', 'target_set_size': 100, 'benchmark_z_path': 'data/Z_true.pt', 'projected_bellman_test_risk': 0.15382784605026245, 'oracle_embedding_risk': 2.3855605125427246, 'benchmark_embedding_risk': 2.3855605125427246, 'risk_bellman_final': 0.322505673365189, 'risk_obj_final': 11.792019844055176, 'B_num_rows': 3071, 'B_num_cols': 800, 'B_min_dim': 800, 'B_numerical_rank': 800, 'B_rank_fraction': 1.0, 'B_rank_tolerance': 5.790839989217034e-05, 'B_stable_rank': 95.46749877929688, 'B_effective_rank': 769.998105067993, 'B_entropy_rank': 6.646388053894043, 'B_spectral_norm': 0.15818002820014954, 'B_frobenius_norm': 1.545536994934082, 'B_nuclear_norm': 42.11921691894531, 'B_condition_number': 5.8893701634346955, 'B_condition_number_tol': 5.8893701634346955, 'B_smallest_singular_value': 0.026858564466238022, 'B_rank_rel_1em2': 800, 'B_rank_rel_1em3': 800, 'B_rank_rel_1em4': 800}
Benchmark 4 evaluation grid shape: (800, 3)
Replicate 70, benchmark 4 metrics: {'run_id': '70_b4', 'RMSE': 0.11177657392076511, 'MAE': 0.10410810612780551, 'SupNorm': 0.2307218462228775, 'Bias': -0.10410810612780551, 'Corr': 0.5666701784641094, 'deming_slope': 0.7887549250637499, 'deming_intercept': -0.0765118334415336, 'beta_sum': -0.019191477447748184, 'beta_l1': 1.4438326358795166, 'beta_l2': 0.08346100151538849, 'beta_min': -0.003362280083820224, 'beta_max': 0.02238132432103157, 'beta_neg_frac': 0.75875, 'offline_data_id': 70, 'benchmark_id': 4, 'benchmark_point_source': 'support_safe_target_policy_draw', 'target_set_size': 100, 'benchmark_z_path': 'data/Z_true.pt', 'projected_bellman_test_risk': 0.023142995312809944, 'oracle_embedding_risk': 0.5280386209487915, 'benchmark_embedding_risk': 0.5280386209487915, 'risk_bellman_final': 0.322505673365189, 'risk_obj_final': 11.792019844055176, 'B_num_rows': 3071, 'B_num_cols': 800, 'B_min_dim': 800, 'B_numerical_rank': 800, 'B_rank_fraction': 1.0, 'B_rank_tolerance': 5.790839989217034e-05, 'B_stable_rank': 95.46749877929688, 'B_effective_rank': 769.998105067993, 'B_entropy_rank': 6.646388053894043, 'B_spectral_norm': 0.15818002820014954, 'B_frobenius_norm': 1.545536994934082, 'B_nuclear_norm': 42.11921691894531, 'B_condition_number': 5.8893701634346955, 'B_condition_number_tol': 5.8893701634346955, 'B_smallest_singular_value': 0.026858564466238022, 'B_rank_rel_1em2': 800, 'B_rank_rel_1em3': 800, 'B_rank_rel_1em4': 800}
Benchmark 5 evaluation grid shape: (800, 3)
Replicate 70, benchmark 5 metrics: {'run_id': '70_b5', 'RMSE': 0.11527043390159826, 'MAE': 0.10608370486442027, 'SupNorm': 0.18932387605309486, 'Bias': -0.10570081043317942, 'Corr': 0.1646880866665279, 'deming_slope': 0.06949953484367402, 'deming_intercept': 0.011470087369926186, 'beta_sum': 0.3598777651786804, 'beta_l1': 0.3696053922176361, 'beta_l2': 0.015829769894480705, 'beta_min': -0.0004325560003053397, 'beta_max': 0.0019143929239362478, 'beta_neg_frac': 0.055, 'offline_data_id': 70, 'benchmark_id': 5, 'benchmark_point_source': 'support_safe_target_policy_draw', 'target_set_size': 100, 'benchmark_z_path': 'data/Z_true.pt', 'projected_bellman_test_risk': 0.022420773282647133, 'oracle_embedding_risk': 0.46737438440322876, 'benchmark_embedding_risk': 0.46737438440322876, 'risk_bellman_final': 0.322505673365189, 'risk_obj_final': 11.792019844055176, 'B_num_rows': 3071, 'B_num_cols': 800, 'B_min_dim': 800, 'B_numerical_rank': 800, 'B_rank_fraction': 1.0, 'B_rank_tolerance': 5.790839989217034e-05, 'B_stable_rank': 95.46749877929688, 'B_effective_rank': 769.998105067993, 'B_entropy_rank': 6.646388053894043, 'B_spectral_norm': 0.15818002820014954, 'B_frobenius_norm': 1.545536994934082, 'B_nuclear_norm': 42.11921691894531, 'B_condition_number': 5.8893701634346955, 'B_condition_number_tol': 5.8893701634346955, 'B_smallest_singular_value': 0.026858564466238022, 'B_rank_rel_1em2': 800, 'B_rank_rel_1em3': 800, 'B_rank_rel_1em4': 800}
Benchmark 6 evaluation grid shape: (800, 3)
Replicate 70, benchmark 6 metrics: {'run_id': '70_b6', 'RMSE': 0.31967725296491606, 'MAE': 0.28936961332183275, 'SupNorm': 0.5746844708919525, 'Bias': -0.28936961332183275, 'Corr': -0.5669656333011658, 'deming_slope': -3.4134341583538643, 'deming_intercept': 0.28153314294729836, 'beta_sum': -1.138997197151184, 'beta_l1': 1.4486687183380127, 'beta_l2': 0.05795712769031525, 'beta_min': -0.004177161492407322, 'beta_max': 0.005421428009867668, 'beta_neg_frac': 0.875, 'offline_data_id': 70, 'benchmark_id': 6, 'benchmark_point_source': 'support_safe_target_policy_draw', 'target_set_size': 100, 'benchmark_z_path': 'data/Z_true.pt', 'projected_bellman_test_risk': 0.017564330250024796, 'oracle_embedding_risk': 1.1757714748382568, 'benchmark_embedding_risk': 1.1757714748382568, 'risk_bellman_final': 0.322505673365189, 'risk_obj_final': 11.792019844055176, 'B_num_rows': 3071, 'B_num_cols': 800, 'B_min_dim': 800, 'B_numerical_rank': 800, 'B_rank_fraction': 1.0, 'B_rank_tolerance': 5.790839989217034e-05, 'B_stable_rank': 95.46749877929688, 'B_effective_rank': 769.998105067993, 'B_entropy_rank': 6.646388053894043, 'B_spectral_norm': 0.15818002820014954, 'B_frobenius_norm': 1.545536994934082, 'B_nuclear_norm': 42.11921691894531, 'B_condition_number': 5.8893701634346955, 'B_condition_number_tol': 5.8893701634346955, 'B_smallest_singular_value': 0.026858564466238022, 'B_rank_rel_1em2': 800, 'B_rank_rel_1em3': 800, 'B_rank_rel_1em4': 800}
Benchmark 7 evaluation grid shape: (800, 3)
Replicate 70, benchmark 7 metrics: {'run_id': '70_b7', 'RMSE': 0.2838720445281337, 'MAE': 0.2507579526981863, 'SupNorm': 0.565771758556366, 'Bias': -0.2507579526981863, 'Corr': -0.29090044481846167, 'deming_slope': -7.2079683822052045, 'deming_intercept': 0.8009104607470112, 'beta_sum': -1.1798208951950073, 'beta_l1': 1.82084321975708, 'beta_l2': 0.07546643167734146, 'beta_min': -0.00471771415323019, 'beta_max': 0.013078100979328156, 'beta_neg_frac': 0.865, 'offline_data_id': 70, 'benchmark_id': 7, 'benchmark_point_source': 'support_safe_target_policy_draw', 'target_set_size': 100, 'benchmark_z_path': 'data/Z_true.pt', 'projected_bellman_test_risk': 0.023408804088830948, 'oracle_embedding_risk': 1.1809890270233154, 'benchmark_embedding_risk': 1.1809890270233154, 'risk_bellman_final': 0.322505673365189, 'risk_obj_final': 11.792019844055176, 'B_num_rows': 3071, 'B_num_cols': 800, 'B_min_dim': 800, 'B_numerical_rank': 800, 'B_rank_fraction': 1.0, 'B_rank_tolerance': 5.790839989217034e-05, 'B_stable_rank': 95.46749877929688, 'B_effective_rank': 769.998105067993, 'B_entropy_rank': 6.646388053894043, 'B_spectral_norm': 0.15818002820014954, 'B_frobenius_norm': 1.545536994934082, 'B_nuclear_norm': 42.11921691894531, 'B_condition_number': 5.8893701634346955, 'B_condition_number_tol': 5.8893701634346955, 'B_smallest_singular_value': 0.026858564466238022, 'B_rank_rel_1em2': 800, 'B_rank_rel_1em3': 800, 'B_rank_rel_1em4': 800}
Benchmark 8 evaluation grid shape: (800, 3)
Replicate 70, benchmark 8 metrics: {'run_id': '70_b8', 'RMSE': 0.15581711344284224, 'MAE': 0.14257934935034428, 'SupNorm': 0.27257783710956573, 'Bias': -0.14257934935034428, 'Corr': -0.12378684274458635, 'deming_slope': -0.196878252663293, 'deming_intercept': 0.01019275569483081, 'beta_sum': -0.10340743511915207, 'beta_l1': 0.9058489203453064, 'beta_l2': 0.04508233070373535, 'beta_min': -0.0027832600753754377, 'beta_max': 0.009916432201862335, 'beta_neg_frac': 0.68875, 'offline_data_id': 70, 'benchmark_id': 8, 'benchmark_point_source': 'support_safe_target_policy_draw', 'target_set_size': 100, 'benchmark_z_path': 'data/Z_true.pt', 'projected_bellman_test_risk': 0.03890899568796158, 'oracle_embedding_risk': 0.5610826015472412, 'benchmark_embedding_risk': 0.5610826015472412, 'risk_bellman_final': 0.322505673365189, 'risk_obj_final': 11.792019844055176, 'B_num_rows': 3071, 'B_num_cols': 800, 'B_min_dim': 800, 'B_numerical_rank': 800, 'B_rank_fraction': 1.0, 'B_rank_tolerance': 5.790839989217034e-05, 'B_stable_rank': 95.46749877929688, 'B_effective_rank': 769.998105067993, 'B_entropy_rank': 6.646388053894043, 'B_spectral_norm': 0.15818002820014954, 'B_frobenius_norm': 1.545536994934082, 'B_nuclear_norm': 42.11921691894531, 'B_condition_number': 5.8893701634346955, 'B_condition_number_tol': 5.8893701634346955, 'B_smallest_singular_value': 0.026858564466238022, 'B_rank_rel_1em2': 800, 'B_rank_rel_1em3': 800, 'B_rank_rel_1em4': 800}
Benchmark 9 evaluation grid shape: (800, 3)
Replicate 70, benchmark 9 metrics: {'run_id': '70_b9', 'RMSE': 0.3172583225256346, 'MAE': 0.28001380239104035, 'SupNorm': 0.603526696562767, 'Bias': -0.28001380239104035, 'Corr': -0.3927134991622257, 'deming_slope': -5.98634146472082, 'deming_intercept': 0.6297820879069, 'beta_sum': -1.1827356815338135, 'beta_l1': 1.9049124717712402, 'beta_l2': 0.07946565002202988, 'beta_min': -0.004934977274388075, 'beta_max': 0.014413483440876007, 'beta_neg_frac': 0.8625, 'offline_data_id': 70, 'benchmark_id': 9, 'benchmark_point_source': 'support_safe_target_policy_draw', 'target_set_size': 100, 'benchmark_z_path': 'data/Z_true.pt', 'projected_bellman_test_risk': 0.010645726695656776, 'oracle_embedding_risk': 1.2571196556091309, 'benchmark_embedding_risk': 1.2571196556091309, 'risk_bellman_final': 0.322505673365189, 'risk_obj_final': 11.792019844055176, 'B_num_rows': 3071, 'B_num_cols': 800, 'B_min_dim': 800, 'B_numerical_rank': 800, 'B_rank_fraction': 1.0, 'B_rank_tolerance': 5.790839989217034e-05, 'B_stable_rank': 95.46749877929688, 'B_effective_rank': 769.998105067993, 'B_entropy_rank': 6.646388053894043, 'B_spectral_norm': 0.15818002820014954, 'B_frobenius_norm': 1.545536994934082, 'B_nuclear_norm': 42.11921691894531, 'B_condition_number': 5.8893701634346955, 'B_condition_number_tol': 5.8893701634346955, 'B_smallest_singular_value': 0.026858564466238022, 'B_rank_rel_1em2': 800, 'B_rank_rel_1em3': 800, 'B_rank_rel_1em4': 800}
Replicate 70 finished in 24.5s
Finished combo 5, offline replicate 70.
