Job ID:    2359101
Array idx: 313
CPUs/node: 64
Mem/node:  131072
Using CC = cc 
Using CXX = CC 
Using FC = ftn 
Using F77 = ftn 
Using F90 = ftn 
cuda/12.6.1 is deprecated; loading cudatoolkit/25.5_12.9 instead.
Using CC = /opt/nvidia/hpc_sdk/Linux_aarch64/25.5/compilers/bin/nvc 
Using CXX = /opt/nvidia/hpc_sdk/Linux_aarch64/25.5/compilers/bin/nvc++ 
Using FC = /opt/nvidia/hpc_sdk/Linux_aarch64/25.5/compilers/bin/nvfortran 
Using F77 = /opt/nvidia/hpc_sdk/Linux_aarch64/25.5/compilers/bin/nvfortran 
Using F90 = /opt/nvidia/hpc_sdk/Linux_aarch64/25.5/compilers/bin/nvfortran 
Using CC = /opt/nvidia/hpc_sdk/Linux_aarch64/25.5/compilers/bin/nvc 
Using CXX = /opt/nvidia/hpc_sdk/Linux_aarch64/25.5/compilers/bin/nvc++ 
Using FC = /opt/nvidia/hpc_sdk/Linux_aarch64/25.5/compilers/bin/nvfortran 
Using F77 = /opt/nvidia/hpc_sdk/Linux_aarch64/25.5/compilers/bin/nvfortran 
Using F90 = /opt/nvidia/hpc_sdk/Linux_aarch64/25.5/compilers/bin/nvfortran 

Lmod is automatically replacing "gcc-native/14" with "gcc/14.2.0".

ghx4
0
Tuning combo id: 3 / 6
Offline replicate id: 13 / 99
Installing ke_drl from git: https://github.com/mehrdadmhmdi/ke-drl.git@main
Collecting git+https://github.com/mehrdadmhmdi/ke-drl.git@main
  Cloning https://github.com/mehrdadmhmdi/ke-drl.git (to revision main) to /tmp/pip-req-build-sqjr_bng
  Running command git clone --filter=blob:none --quiet https://github.com/mehrdadmhmdi/ke-drl.git /tmp/pip-req-build-sqjr_bng
  Resolved https://github.com/mehrdadmhmdi/ke-drl.git to commit 3c5d570e40ea15b1fbe4817b5f43b64c7b333e82
  Installing build dependencies: started
  Installing build dependencies: finished with status 'done'
  Getting requirements to build wheel: started
  Getting requirements to build wheel: finished with status 'done'
  Preparing metadata (pyproject.toml): started
  Preparing metadata (pyproject.toml): finished with status 'done'
Building wheels for collected packages: ke_drl
  Building wheel for ke_drl (pyproject.toml): started
  Building wheel for ke_drl (pyproject.toml): finished with status 'done'
  Created wheel for ke_drl: filename=ke_drl-0.1.0-py3-none-any.whl size=47219 sha256=da8b2fa2c8105748641f77d663a9544e393b58683f699ce330b5d4ac2de54f53
  Stored in directory: /tmp/pip-ephem-wheel-cache-jgf1cz1f/wheels/24/47/ad/9a4ffd3b05d3e90e35ffc6e7324b735b8bfcf5f51aaf29a333
Successfully built ke_drl
Installing collected packages: ke_drl
Successfully installed ke_drl-0.1.0
Installed ke_drl source: /work/nvme/bfez/mehrdad3/DistRL/simulation_3/runs/sim3_global_2358722_3/.kedrl_site_313/ke_drl/__init__.py
Tuning combo 3: kernel_nu_7.5
Overrides: {'kernel': {'nu': 7.5}}
RUN: /sw/user/python/miniforge3-pytorch-24.11.3/bin/python3 validate_sim_config.py --params params.yaml
ke_drl import source: /work/nvme/bfez/mehrdad3/DistRL/simulation_3/runs/sim3_global_2358722_3/.kedrl_site_313/ke_drl/__init__.py
ke_drl package API OK: prediction weights, RFF operators, rank diagnostics, and best-checkpoint optimizer available
Policy config OK: behavior=uniform, target=logistic, state_dim=5, action_dim=1
Note: policy.logistic.theta_scale/theta_std are log-scale coefficients in Probability_Densities.
Behavior-policy linearized state-process diagnostic: spectral_radius=0.653, offline_burn_in=50
Replicate config OK: num_replicates=100, benchmark points=10 independent of D_i, loss target points=100
Transition reduction OK: method=kmeans, raw rows N(T-1)=12000, target rows about 3000, B rows reduced from 12000 to about 3000
Return-operator approximation OK: method=rff, features=512, exact G avoided for estimated N=12000, m=800, L=100
Fixed benchmark config rows=4 (benchmark.num_points=10; additional points are support-safe target-policy draws if needed)
Fixed benchmark point 0: s_star=[0.6, -0.8, 0.7, -0.5, 0.9], a_star=[0.5]
Fixed benchmark behavior-support interval for configured rows: min_lower=-0.12, max_upper=1.11
Fixed benchmark target-policy location range: [-0.02, 0.14]
Reusing shared data from /work/nvme/bfez/mehrdad3/DistRL/simulation_3/runs/sim3_shared_data/data for offline replicate 13.
RUN: /sw/user/python/miniforge3-pytorch-24.11.3/bin/python3 validate_sim_config.py --params params.yaml --data data/offline_data_13.pt
ke_drl import source: /work/nvme/bfez/mehrdad3/DistRL/simulation_3/runs/sim3_global_2358722_3/.kedrl_site_313/ke_drl/__init__.py
ke_drl package API OK: prediction weights, RFF operators, rank diagnostics, and best-checkpoint optimizer available
Policy config OK: behavior=uniform, target=logistic, state_dim=5, action_dim=1
Note: policy.logistic.theta_scale/theta_std are log-scale coefficients in Probability_Densities.
Behavior-policy linearized state-process diagnostic: spectral_radius=0.653, offline_burn_in=50
Replicate config OK: num_replicates=100, benchmark points=10 independent of D_i, loss target points=100
Transition reduction OK: method=kmeans, raw rows N(T-1)=12000, target rows about 3000, B rows reduced from 12000 to about 3000
Return-operator approximation OK: method=rff, features=512, exact G avoided for estimated N=12000, m=800, L=100
Fixed benchmark config rows=4 (benchmark.num_points=10; additional points are support-safe target-policy draws if needed)
Fixed benchmark point 0: s_star=[0.6, -0.8, 0.7, -0.5, 0.9], a_star=[0.5]
Fixed benchmark behavior-support interval for configured rows: min_lower=-0.12, max_upper=1.11
Fixed benchmark target-policy location range: [-0.02, 0.14]
Full benchmark support check OK: 10 points, min_lower=-2.177, max_upper=2.05
observed behavior actions: mean=0.4062, sd=0.6842, q0/q10/q50/q90/q100=[-2.706216335296631, -0.41576887369155874, 0.3492017090320587, 1.3272845149040227, 3.318848133087158]
target-policy sampled actions: mean=-0.01608, sd=0.6732, q0/q10/q50/q90/q100=[-2.6705567622769153, -0.8822554178175843, -0.0039192626511147174, 0.8363480167049636, 2.516230627609018]
behavior uniform lower: mean=-0.1163, sd=0.668, q0/q10/q50/q90/q100=[-2.857883608341217, -0.9723861357569694, -0.10451375395059585, 0.7299297639727594, 2.4377480149269104]
behavior uniform upper: mean=0.9347, sd=0.6478, q0/q10/q50/q90/q100=[-0.9856175124645234, 0.08174845002591612, 0.9549649178981781, 1.7692678477615118, 3.4377480149269104]
target location inside behavior uniform support: 0.973
RUN: /sw/user/python/miniforge3-pytorch-24.11.3/bin/python3 main_est.py
# ================================================================ #
#   Global KE-DRL estimation for one offline replicate              #
# ================================================================ #
Slurm Job ID: 2359101
Slurm Array ID: 13 -- used as the offline-replicate id
Offline data id: 13
ke_drl import source: /work/nvme/bfez/mehrdad3/DistRL/simulation_3/runs/sim3_global_2358722_3/.kedrl_site_313/ke_drl/__init__.py
Estimator device: cuda (NVIDIA GH200 120GB, capability 9.0); torch CUDA=13.0
Random seed: 20460525
Number of offline replicates: 100
[transition reduction] enabled: original rows=12000, target basis=3000, method=kmeans, device=cuda
[transition reduction] kmeans iter 1/20, mean center shift=2.7425e-01
[transition reduction] kmeans iter 5/20, mean center shift=5.6799e-03
[transition reduction] kmeans iter 10/20, mean center shift=6.0156e-08
[transition reduction] selected 3077 rows from 12000 transitions (ratio 0.2564); indices saved to data/reduced_transition_indices_13.pt
Data and parameters loaded.
offline path: data/offline_data_13.pt
benchmark true-Z path: data/Z_true.pt
offline shapes after reduction: s0=(3077, 5), a0=(3077, 1), r0=(3077, 3)
transition reduction: {'enabled': True, 'method': 'kmeans', 'original_rows': 12000, 'reduced_rows': 3077, 'selected_indices_path': 'data/reduced_transition_indices_13.pt', 'target_basis': 3000, 'compression_ratio': 0.2564166666666667}
fixed benchmark point source: fixed_config_plus_support_safe_target_policy_draws
benchmark row excluded from this offline data: None
global loss target set shape: s_star=(100, 5), a_star=(100, 1)
benchmark true-Z count=10, shape each=(50000, 3)
target policy: logistic
behavior policy: uniform
lambda_Gamma=0.005, lambda_B=0.02, d_r_method=song
dtype=torch.float32, operator_method=rff, operator_num_features=512
ridge_mode=rkhs, diagnostic_interval=50
mass_anchor_lambda=1.0, target_mass=1.0
uLSIF basis: source=numerator, n_basis=512, lambda_reg=0.005
optimizer stabilizers: lambda_neg=0.0, max_B_norm=None, eta_clip_min=0.0, eta_clip_max=5.0, normalize_eta=True
========================================
Estimating the global KE-DRL mean embedding
torch device=cuda, dtype=torch.float32
Data dims: N=3077, L=100, Ds=5, Da=1, Dr=3
lambda_Gamma=0.005, lambda_B=0.02
return-operator construction: method=rff, rff_features=512
[uLSIF] basis=512/3077 (numerator); eta_hat min=-7.945e-01 max=6.184e+00 neg%=3.83
ESS for eta_plus: 2127.5 / 3077
eta_plus diagnostics: raw_mean=1, raw_min=-0.795, raw_max=6.18; used_mean=1, used_min=0, used_max=4.95
[timing] Z-grid: 0.03s
[timing] K_X: 0.00s
[timing] K_plus: 0.00s
[timing] k_star: 0.00s
[timing] Gamma_stack: 0.01s
[timing] Phi_stack: 0.00s
[timing] RFF feature sample: 0.00s
[timing] K_Z RFF: 0.00s
[timing] G_stack RFF: 0.01s
[timing] H_stack RFF: 0.01s
findfont: Font family 'Nimbus Roman' not found.
findfont: Font family 'Nimbus Roman' not found.
findfont: Font family 'Nimbus Roman' not found.
findfont: Font family 'Nimbus Roman' not found.
findfont: Font family 'Nimbus Roman' not found.
findfont: Font family 'Nimbus Roman' not found.
findfont: Font family 'Nimbus Roman' not found.
findfont: Font family 'Nimbus Roman' not found.
findfont: Font family 'Nimbus Roman' not found.
findfont: Font family 'Nimbus Roman' not found.
findfont: Font family 'Nimbus Roman' not found.
findfont: Font family 'Nimbus Roman' not found.
findfont: Font family 'Nimbus Roman' not found.
findfont: Font family 'Nimbus Roman' not found.
findfont: Font family 'Nimbus Roman' not found.
findfont: Font family 'Nimbus Roman' not found.
findfont: Font family 'Nimbus Roman' not found.
findfont: Font family 'Nimbus Roman' not found.
findfont: Font family 'Nimbus Roman' not found.
findfont: Font family 'Nimbus Roman' not found.
findfont: Font family 'Nimbus Roman' not found.
findfont: Font family 'Nimbus Roman' not found.
findfont: Font family 'Nimbus Roman' not found.
findfont: Font family 'Nimbus Roman' not found.
findfont: Font family 'Nimbus Roman' not found.
findfont: Font family 'Nimbus Roman' not found.
findfont: Font family 'Nimbus Roman' not found.
findfont: Font family 'Nimbus Roman' not found.
findfont: Font family 'Nimbus Roman' not found.
findfont: Font family 'Nimbus Roman' not found.
findfont: Font family 'Nimbus Roman' not found.
findfont: Font family 'Nimbus Roman' not found.
findfont: Font family 'Nimbus Roman' not found.
findfont: Font family 'Nimbus Roman' not found.
findfont: Font family 'Nimbus Roman' not found.
findfont: Font family 'Nimbus Roman' not found.
findfont: Font family 'Nimbus Roman' not found.
findfont: Font family 'Nimbus Roman' not found.
findfont: Font family 'Nimbus Roman' not found.
findfont: Font family 'Nimbus Roman' not found.
findfont: Font family 'Nimbus Roman' not found.
findfont: Font family 'Nimbus Roman' not found.
findfont: Font family 'Nimbus Roman' not found.
findfont: Font family 'Nimbus Roman' not found.
findfont: Font family 'Nimbus Roman' not found.
findfont: Font family ['Nimbus Roman'] not found. Falling back to DejaVu Sans.
findfont: Font family 'Nimbus Roman' not found.
findfont: Font family ['Nimbus Roman'] not found. Falling back to DejaVu Sans.
findfont: Font family 'Nimbus Roman' not found.
findfont: Font family 'Nimbus Roman' not found.
findfont: Font family 'Nimbus Roman' not found.
findfont: Font family 'Nimbus Roman' not found.
findfont: Font family 'Nimbus Roman' not found.
findfont: Font family 'Nimbus Roman' not found.
findfont: Font family 'Nimbus Roman' not found.
findfont: Font family 'Nimbus Roman' not found.
findfont: Font family 'Nimbus Roman' not found.
findfont: Font family 'Nimbus Roman' not found.
findfont: Font family 'Nimbus Roman' not found.
findfont: Font family ['Nimbus Roman'] not found. Falling back to DejaVu Sans.
findfont: Font family 'Nimbus Roman' not found.
findfont: Font family 'Nimbus Roman' not found.
findfont: Font family 'Nimbus Roman' not found.
findfont: Font family 'Nimbus Roman' not found.
findfont: Font family 'Nimbus Roman' not found.
findfont: Font family 'Nimbus Roman' not found.
findfont: Font family 'Nimbus Roman' not found.
findfont: Font family 'Nimbus Roman' not found.
findfont: Font family 'Nimbus Roman' not found.
findfont: Font family 'Nimbus Roman' not found.
findfont: Font family 'Nimbus Roman' not found.
findfont: Font family 'Nimbus Roman' not found.
findfont: Font family 'Nimbus Roman' not found.
findfont: Font family 'Nimbus Roman' not found.
findfont: Font family 'Nimbus Roman' not found.
findfont: Font family 'Nimbus Roman' not found.
findfont: Font family 'Nimbus Roman' not found.
findfont: Font family 'Nimbus Roman' not found.
findfont: Font family 'Nimbus Roman' not found.
findfont: Font family 'Nimbus Roman' not found.
findfont: Font family 'Nimbus Roman' not found.
findfont: Font family 'Nimbus Roman' not found.
findfont: Font family 'Nimbus Roman' not found.
findfont: Font family 'Nimbus Roman' not found.
findfont: Font family 'Nimbus Roman' not found.
findfont: Font family 'Nimbus Roman' not found.
findfont: Font family 'Nimbus Roman' not found.
findfont: Font family 'Nimbus Roman' not found.
findfont: Font family 'Nimbus Roman' not found.
findfont: Font family 'Nimbus Roman' not found.
findfont: Font family 'Nimbus Roman' not found.
findfont: Font family 'Nimbus Roman' not found.
findfont: Font family 'Nimbus Roman' not found.
findfont: Font family 'Nimbus Roman' not found.
findfont: Font family 'Nimbus Roman' not found.
findfont: Font family 'Nimbus Roman' not found.
findfont: Font family 'Nimbus Roman' not found.
findfont: Font family 'Nimbus Roman' not found.
findfont: Font family 'Nimbus Roman' not found.
findfont: Font family 'Nimbus Roman' not found.
findfont: Font family 'Nimbus Roman' not found.
findfont: Font family 'Nimbus Roman' not found.
findfont: Font family 'Nimbus Roman' not found.
findfont: Font family 'Nimbus Roman' not found.
findfont: Font family 'Nimbus Roman' not found.
findfont: Font family 'Nimbus Roman' not found.
findfont: Font family 'Nimbus Roman' not found.
findfont: Font family 'Nimbus Roman' not found.
findfont: Font family 'Nimbus Roman' not found.
findfont: Font family 'Nimbus Roman' not found.
findfont: Font family 'Nimbus Roman' not found.
findfont: Font family 'Nimbus Roman' not found.
findfont: Font family 'Nimbus Roman' not found.
findfont: Font family 'Nimbus Roman' not found.
findfont: Font family 'Nimbus Roman' not found.
findfont: Font family 'Nimbus Roman' not found.
findfont: Font family 'Nimbus Roman' not found.
findfont: Font family 'Nimbus Roman' not found.
findfont: Font family 'Nimbus Roman' not found.
findfont: Font family 'Nimbus Roman' not found.
findfont: Font family 'Nimbus Roman' not found.
findfont: Font family 'Nimbus Roman' not found.
findfont: Font family 'Nimbus Roman' not found.
findfont: Font family 'Nimbus Roman' not found.
findfont: Font family 'Nimbus Roman' not found.
findfont: Font family 'Nimbus Roman' not found.
findfont: Font family 'Nimbus Roman' not found.
findfont: Font family 'Nimbus Roman' not found.
findfont: Font family 'Nimbus Roman' not found.
findfont: Font family 'Nimbus Roman' not found.
findfont: Font family 'Nimbus Roman' not found.
findfont: Font family 'Nimbus Roman' not found.
findfont: Font family 'Nimbus Roman' not found.
findfont: Font family 'Nimbus Roman' not found.
findfont: Font family 'Nimbus Roman' not found.
findfont: Font family 'Nimbus Roman' not found.
findfont: Font family 'Nimbus Roman' not found.
findfont: Font family 'Nimbus Roman' not found.
findfont: Font family 'Nimbus Roman' not found.
findfont: Font family 'Nimbus Roman' not found.
findfont: Font family 'Nimbus Roman' not found.
Ridge mode: rkhs; diagnostic interval: 50
Iter 1/4000 | log_obj=9.860e+00 | log_Bellman_root=3.456e+00 | mass=1.81e+04 | neg=0.00e+00 | grad=6.97e+02
Iter 400/4000 | log_obj=2.442e+00 | log_Bellman_root=-2.232e-01 | mass=1.08e+01 | neg=0.00e+00 | grad=3.14e+03
Iter 800/4000 | log_obj=4.633e+00 | log_Bellman_root=9.153e-01 | mass=9.66e+01 | neg=0.00e+00 | grad=7.24e+03
Iter 1200/4000 | log_obj=2.525e+00 | log_Bellman_root=-5.066e-02 | mass=1.16e+01 | neg=0.00e+00 | grad=2.29e+03
Iter 1600/4000 | log_obj=8.514e-01 | log_Bellman_root=-1.004e+00 | mass=2.19e+00 | neg=0.00e+00 | grad=1.41e+03
Iter 2000/4000 | log_obj=3.163e+00 | log_Bellman_root=1.557e-01 | mass=2.22e+01 | neg=0.00e+00 | grad=3.33e+03
Iter 2400/4000 | log_obj=3.368e+00 | log_Bellman_root=2.925e-01 | mass=2.72e+01 | neg=0.00e+00 | grad=3.58e+03
Iter 2800/4000 | log_obj=1.112e+00 | log_Bellman_root=-8.851e-01 | mass=2.85e+00 | neg=0.00e+00 | grad=1.27e+03
Iter 3200/4000 | log_obj=1.116e+00 | log_Bellman_root=-8.840e-01 | mass=2.86e+00 | neg=0.00e+00 | grad=1.27e+03
Iter 3600/4000 | log_obj=1.119e+00 | log_Bellman_root=-8.833e-01 | mass=2.87e+00 | neg=0.00e+00 | grad=1.28e+03
Iter 4000/4000 | log_obj=3.393e+00 | log_Bellman_root=2.246e-01 | mass=2.82e+01 | neg=0.00e+00 | grad=3.38e+03
Returning best diagnostic checkpoint from step 3750 (objective=2.272e+00, Bellman=1.169e-01).
Done in 11.30s.
KE-DRL global estimation is done.
B_hat shape: (3077, 800)
B_hat rank diagnostics: {'B_num_rows': 3077, 'B_num_cols': 800, 'B_min_dim': 800, 'B_numerical_rank': 800, 'B_rank_fraction': 1.0, 'B_rank_tolerance': 3.598856655528948e-05, 'B_stable_rank': 249.5318145751953, 'B_effective_rank': 771.1834866794766, 'B_entropy_rank': 6.647926330566406, 'B_spectral_norm': 0.09811308979988098, 'B_frobenius_norm': 1.5498508214950562, 'B_nuclear_norm': 42.32716751098633, 'B_condition_number': 3.6428012093415876, 'B_condition_number_tol': 3.6428012093415876, 'B_smallest_singular_value': 0.026933418586850166, 'B_rank_rel_1em2': 800, 'B_rank_rel_1em3': 800, 'B_rank_rel_1em4': 800}
Global-loss target mass diagnostics: {'target_mass_mean': -0.3776443600654602, 'target_mass_min': -1.409449577331543, 'target_mass_max': 0.7585875988006592, 'target_mass_sd': 0.49445152282714844, 'target_mass_rmse_to_target': 1.4628539085388184, 'target_beta_min': -0.00872798077762127, 'target_beta_max': 0.03921876847743988, 'target_neg_frac_mean': 0.6446999999999999}
Return dictionary Z_grid shape: (800, 3)
Replicate 13 risk metrics: {'risk_n_steps_recorded': 81.0, 'risk_n_diagnostics_recorded': 81.0, 'risk_log_obj_initial': 9.860153759442253, 'risk_log_obj_final': 3.3932491092759642, 'risk_log_obj_min': 0.8206744902230327, 'risk_obj_initial': 19151.83398437499, 'risk_obj_final': 29.76249694824219, 'risk_obj_min': 2.272031784057617, 'risk_log_obj_drop': 6.466904650166289, 'risk_log_bellman_root_initial': 3.45562187584988, 'risk_log_bellman_root_final': 0.2246029427324684, 'risk_log_bellman_root_min': -1.073037677991175, 'risk_bellman_root_initial': 31.677982330322266, 'risk_bellman_root_final': 1.2518255710601807, 'risk_bellman_root_min': 0.3419681489467621, 'risk_bellman_initial': 1003.4945645202097, 'risk_bellman_final': 1.5670672603601474, 'risk_bellman_min': 0.11694221489407484, 'risk_log_bellman_root_drop': 3.2310189331174115, 'risk_bellman_returned': 0.11694221198558807, 'risk_obj_returned': 2.272031784057617, 'risk_returned_step': 3750.0, 'offline_data_id': 13, 'benchmark_point_source': 'fixed_config_plus_support_safe_target_policy_draws', 'target_set_size': 100, 'lambda_reg': 0.005, 'lambda_B': 0.02, 'num_steps': 4000, 'transition_reduction_enabled': 1, 'transition_reduction_method': 'kmeans', 'transition_original_rows': 12000, 'transition_reduced_rows': 3077, 'transition_compression_ratio': 0.2564166666666667, 'target_mass_mean': -0.3776443600654602, 'target_mass_min': -1.409449577331543, 'target_mass_max': 0.7585875988006592, 'target_mass_sd': 0.49445152282714844, 'target_mass_rmse_to_target': 1.4628539085388184, 'target_beta_min': -0.00872798077762127, 'target_beta_max': 0.03921876847743988, 'target_neg_frac_mean': 0.6446999999999999, 'B_num_rows': 3077, 'B_num_cols': 800, 'B_min_dim': 800, 'B_numerical_rank': 800, 'B_rank_fraction': 1.0, 'B_rank_tolerance': 3.598856655528948e-05, 'B_stable_rank': 249.5318145751953, 'B_effective_rank': 771.1834866794766, 'B_entropy_rank': 6.647926330566406, 'B_spectral_norm': 0.09811308979988098, 'B_frobenius_norm': 1.5498508214950562, 'B_nuclear_norm': 42.32716751098633, 'B_condition_number': 3.6428012093415876, 'B_condition_number_tol': 3.6428012093415876, 'B_smallest_singular_value': 0.026933418586850166, 'B_rank_rel_1em2': 800, 'B_rank_rel_1em3': 800, 'B_rank_rel_1em4': 800, 'risk_objective_final_raw': 29.762496948242188, 'risk_objective_min_raw': 2.272031784057617, 'risk_objective_max_raw': 19151.833984375, 'risk_bellman_final_raw': 1.567067265510559, 'risk_bellman_min_raw': 0.11694221198558807, 'risk_bellman_max_raw': 1003.4945068359375, 'risk_rkhs_ridge_final_raw': 0.01991743966937065, 'risk_rkhs_ridge_min_raw': 0.01514806691557169, 'risk_rkhs_ridge_max_raw': 2.295044183731079, 'risk_mass_final_raw': 28.175512313842773, 'risk_mass_min_raw': 2.139941453933716, 'risk_mass_max_raw': 18146.044921875, 'risk_negativity_final_raw': 0.0, 'risk_negativity_min_raw': 0.0, 'risk_negativity_max_raw': 0.0, 'risk_B_norm_final_raw': 1.5494227409362793, 'risk_B_norm_min_raw': 1.5494227409362793, 'risk_B_norm_max_raw': 1.638242483139038, 'risk_diagnostic_step_final_raw': 4000.0, 'risk_diagnostic_step_min_raw': 1.0, 'risk_diagnostic_step_max_raw': 4000.0, 'risk_best_step_final_raw': 3750.0, 'risk_best_step_min_raw': 3750.0, 'risk_best_step_max_raw': 3750.0, 'risk_best_objective_final_raw': 2.272031784057617, 'risk_best_objective_min_raw': 2.272031784057617, 'risk_best_objective_max_raw': 2.272031784057617, 'risk_best_bellman_final_raw': 0.11694221198558807, 'risk_best_bellman_min_raw': 0.11694221198558807, 'risk_best_bellman_max_raw': 0.11694221198558807, 'risk_returned_step_final_raw': 3750.0, 'risk_returned_step_min_raw': 3750.0, 'risk_returned_step_max_raw': 3750.0, 'risk_returned_objective_final_raw': 2.272031784057617, 'risk_returned_objective_min_raw': 2.272031784057617, 'risk_returned_objective_max_raw': 2.272031784057617, 'risk_returned_bellman_final_raw': 0.11694221198558807, 'risk_returned_bellman_min_raw': 0.11694221198558807, 'risk_returned_bellman_max_raw': 0.11694221198558807, 'risk_returned_best_checkpoint_final_raw': 1.0, 'risk_returned_best_checkpoint_min_raw': 1.0, 'risk_returned_best_checkpoint_max_raw': 1.0}
Benchmark 0 evaluation grid shape: (800, 3)
Replicate 13, benchmark 0 metrics: {'run_id': '13_b0', 'RMSE': 0.3116620237425745, 'MAE': 0.2865505292879243, 'SupNorm': 0.5592751353979111, 'Bias': -0.2865505292879243, 'Corr': 0.05061634643838998, 'deming_slope': 0.127579851864883, 'deming_intercept': -0.05542069652511698, 'beta_sum': -0.13413286209106445, 'beta_l1': 1.6165034770965576, 'beta_l2': 0.07544682919979095, 'beta_min': -0.007069149985909462, 'beta_max': 0.01227464247494936, 'beta_neg_frac': 0.55625, 'offline_data_id': 13, 'benchmark_id': 0, 'benchmark_point_source': 'fixed_config', 'target_set_size': 100, 'benchmark_z_path': 'data/Z_true.pt', 'projected_bellman_test_risk': 0.02212917059659958, 'oracle_embedding_risk': 1.1448299884796143, 'benchmark_embedding_risk': 1.1448299884796143, 'risk_bellman_final': 1.5670672603601474, 'risk_obj_final': 29.76249694824219, 'B_num_rows': 3077, 'B_num_cols': 800, 'B_min_dim': 800, 'B_numerical_rank': 800, 'B_rank_fraction': 1.0, 'B_rank_tolerance': 3.598856655528948e-05, 'B_stable_rank': 249.5318145751953, 'B_effective_rank': 771.1834866794766, 'B_entropy_rank': 6.647926330566406, 'B_spectral_norm': 0.09811308979988098, 'B_frobenius_norm': 1.5498508214950562, 'B_nuclear_norm': 42.32716751098633, 'B_condition_number': 3.6428012093415876, 'B_condition_number_tol': 3.6428012093415876, 'B_smallest_singular_value': 0.026933418586850166, 'B_rank_rel_1em2': 800, 'B_rank_rel_1em3': 800, 'B_rank_rel_1em4': 800}
Saved ./mu/mu_hat.csv shape=(800,)
Saved ./mu/mu2D_hat_dims01.csv shape=(120, 120)
Saved ./mu/mu2D_hat_dims01.csv shape=(120, 120)
Saved plots/replicate_13/mu_3D.png
Benchmark 1 evaluation grid shape: (800, 3)
Replicate 13, benchmark 1 metrics: {'run_id': '13_b1', 'RMSE': 0.8286469967504041, 'MAE': 0.7656315658969106, 'SupNorm': 1.3620032370090485, 'Bias': -0.7656315658969106, 'Corr': -0.9926388883247718, 'deming_slope': -2.264538431294103, 'deming_intercept': 0.09365102856458074, 'beta_sum': -1.5618326663970947, 'beta_l1': 1.7775568962097168, 'beta_l2': 0.07552091032266617, 'beta_min': -0.006865601986646652, 'beta_max': 0.006057044491171837, 'beta_neg_frac': 0.8725, 'offline_data_id': 13, 'benchmark_id': 1, 'benchmark_point_source': 'fixed_config', 'target_set_size': 100, 'benchmark_z_path': 'data/Z_true.pt', 'projected_bellman_test_risk': 0.20051321387290955, 'oracle_embedding_risk': 3.0164787769317627, 'benchmark_embedding_risk': 3.0164787769317627, 'risk_bellman_final': 1.5670672603601474, 'risk_obj_final': 29.76249694824219, 'B_num_rows': 3077, 'B_num_cols': 800, 'B_min_dim': 800, 'B_numerical_rank': 800, 'B_rank_fraction': 1.0, 'B_rank_tolerance': 3.598856655528948e-05, 'B_stable_rank': 249.5318145751953, 'B_effective_rank': 771.1834866794766, 'B_entropy_rank': 6.647926330566406, 'B_spectral_norm': 0.09811308979988098, 'B_frobenius_norm': 1.5498508214950562, 'B_nuclear_norm': 42.32716751098633, 'B_condition_number': 3.6428012093415876, 'B_condition_number_tol': 3.6428012093415876, 'B_smallest_singular_value': 0.026933418586850166, 'B_rank_rel_1em2': 800, 'B_rank_rel_1em3': 800, 'B_rank_rel_1em4': 800}
Benchmark 2 evaluation grid shape: (800, 3)
Replicate 13, benchmark 2 metrics: {'run_id': '13_b2', 'RMSE': 0.7756519249088132, 'MAE': 0.7194990150415106, 'SupNorm': 1.2638156414031982, 'Bias': -0.7194990150415106, 'Corr': -0.884313017779313, 'deming_slope': -2.326177565569185, 'deming_intercept': 0.18140948619701314, 'beta_sum': -1.4071364402770996, 'beta_l1': 1.6716071367263794, 'beta_l2': 0.0714215487241745, 'beta_min': -0.007763806730508804, 'beta_max': 0.007078206166625023, 'beta_neg_frac': 0.84875, 'offline_data_id': 13, 'benchmark_id': 2, 'benchmark_point_source': 'fixed_config', 'target_set_size': 100, 'benchmark_z_path': 'data/Z_true.pt', 'projected_bellman_test_risk': 0.13887959718704224, 'oracle_embedding_risk': 2.7107956409454346, 'benchmark_embedding_risk': 2.7107956409454346, 'risk_bellman_final': 1.5670672603601474, 'risk_obj_final': 29.76249694824219, 'B_num_rows': 3077, 'B_num_cols': 800, 'B_min_dim': 800, 'B_numerical_rank': 800, 'B_rank_fraction': 1.0, 'B_rank_tolerance': 3.598856655528948e-05, 'B_stable_rank': 249.5318145751953, 'B_effective_rank': 771.1834866794766, 'B_entropy_rank': 6.647926330566406, 'B_spectral_norm': 0.09811308979988098, 'B_frobenius_norm': 1.5498508214950562, 'B_nuclear_norm': 42.32716751098633, 'B_condition_number': 3.6428012093415876, 'B_condition_number_tol': 3.6428012093415876, 'B_smallest_singular_value': 0.026933418586850166, 'B_rank_rel_1em2': 800, 'B_rank_rel_1em3': 800, 'B_rank_rel_1em4': 800}
Benchmark 3 evaluation grid shape: (800, 3)
Replicate 13, benchmark 3 metrics: {'run_id': '13_b3', 'RMSE': 0.7595147059935896, 'MAE': 0.6978724423155654, 'SupNorm': 1.2670414745807648, 'Bias': -0.6978724423155654, 'Corr': -0.8969741918723193, 'deming_slope': -2.3215122519774654, 'deming_intercept': 0.17204392955435388, 'beta_sum': -1.4095165729522705, 'beta_l1': 1.6968120336532593, 'beta_l2': 0.07284219563007355, 'beta_min': -0.007369618862867355, 'beta_max': 0.009044568054378033, 'beta_neg_frac': 0.83625, 'offline_data_id': 13, 'benchmark_id': 3, 'benchmark_point_source': 'fixed_config', 'target_set_size': 100, 'benchmark_z_path': 'data/Z_true.pt', 'projected_bellman_test_risk': 0.14753881096839905, 'oracle_embedding_risk': 2.7301793098449707, 'benchmark_embedding_risk': 2.7301793098449707, 'risk_bellman_final': 1.5670672603601474, 'risk_obj_final': 29.76249694824219, 'B_num_rows': 3077, 'B_num_cols': 800, 'B_min_dim': 800, 'B_numerical_rank': 800, 'B_rank_fraction': 1.0, 'B_rank_tolerance': 3.598856655528948e-05, 'B_stable_rank': 249.5318145751953, 'B_effective_rank': 771.1834866794766, 'B_entropy_rank': 6.647926330566406, 'B_spectral_norm': 0.09811308979988098, 'B_frobenius_norm': 1.5498508214950562, 'B_nuclear_norm': 42.32716751098633, 'B_condition_number': 3.6428012093415876, 'B_condition_number_tol': 3.6428012093415876, 'B_smallest_singular_value': 0.026933418586850166, 'B_rank_rel_1em2': 800, 'B_rank_rel_1em3': 800, 'B_rank_rel_1em4': 800}
Benchmark 4 evaluation grid shape: (800, 3)
Replicate 13, benchmark 4 metrics: {'run_id': '13_b4', 'RMSE': 0.15133866526367087, 'MAE': 0.14284357304364675, 'SupNorm': 0.27133210375905037, 'Bias': -0.14284357304364675, 'Corr': 0.8629287535970915, 'deming_slope': 0.7095660507268354, 'deming_intercept': -0.06460008970478012, 'beta_sum': 0.3894551396369934, 'beta_l1': 1.5558574199676514, 'beta_l2': 0.10445626825094223, 'beta_min': -0.005255044437944889, 'beta_max': 0.03795045614242554, 'beta_neg_frac': 0.57375, 'offline_data_id': 13, 'benchmark_id': 4, 'benchmark_point_source': 'support_safe_target_policy_draw', 'target_set_size': 100, 'benchmark_z_path': 'data/Z_true.pt', 'projected_bellman_test_risk': 0.029514696449041367, 'oracle_embedding_risk': 0.8710831999778748, 'benchmark_embedding_risk': 0.8710831999778748, 'risk_bellman_final': 1.5670672603601474, 'risk_obj_final': 29.76249694824219, 'B_num_rows': 3077, 'B_num_cols': 800, 'B_min_dim': 800, 'B_numerical_rank': 800, 'B_rank_fraction': 1.0, 'B_rank_tolerance': 3.598856655528948e-05, 'B_stable_rank': 249.5318145751953, 'B_effective_rank': 771.1834866794766, 'B_entropy_rank': 6.647926330566406, 'B_spectral_norm': 0.09811308979988098, 'B_frobenius_norm': 1.5498508214950562, 'B_nuclear_norm': 42.32716751098633, 'B_condition_number': 3.6428012093415876, 'B_condition_number_tol': 3.6428012093415876, 'B_smallest_singular_value': 0.026933418586850166, 'B_rank_rel_1em2': 800, 'B_rank_rel_1em3': 800, 'B_rank_rel_1em4': 800}
Benchmark 5 evaluation grid shape: (800, 3)
Replicate 13, benchmark 5 metrics: {'run_id': '13_b5', 'RMSE': 0.2506176219752291, 'MAE': 0.23391667276962835, 'SupNorm': 0.39841827750205994, 'Bias': -0.23386412600397308, 'Corr': 0.3883172981087719, 'deming_slope': 0.06497990020446948, 'deming_intercept': 0.008862331839578592, 'beta_sum': 0.20730552077293396, 'beta_l1': 0.4925706386566162, 'beta_l2': 0.023719824850559235, 'beta_min': -0.0021534289699047804, 'beta_max': 0.004758074879646301, 'beta_neg_frac': 0.395, 'offline_data_id': 13, 'benchmark_id': 5, 'benchmark_point_source': 'support_safe_target_policy_draw', 'target_set_size': 100, 'benchmark_z_path': 'data/Z_true.pt', 'projected_bellman_test_risk': 0.012506868690252304, 'oracle_embedding_risk': 0.9556296467781067, 'benchmark_embedding_risk': 0.9556296467781067, 'risk_bellman_final': 1.5670672603601474, 'risk_obj_final': 29.76249694824219, 'B_num_rows': 3077, 'B_num_cols': 800, 'B_min_dim': 800, 'B_numerical_rank': 800, 'B_rank_fraction': 1.0, 'B_rank_tolerance': 3.598856655528948e-05, 'B_stable_rank': 249.5318145751953, 'B_effective_rank': 771.1834866794766, 'B_entropy_rank': 6.647926330566406, 'B_spectral_norm': 0.09811308979988098, 'B_frobenius_norm': 1.5498508214950562, 'B_nuclear_norm': 42.32716751098633, 'B_condition_number': 3.6428012093415876, 'B_condition_number_tol': 3.6428012093415876, 'B_smallest_singular_value': 0.026933418586850166, 'B_rank_rel_1em2': 800, 'B_rank_rel_1em3': 800, 'B_rank_rel_1em4': 800}
Benchmark 6 evaluation grid shape: (800, 3)
Replicate 13, benchmark 6 metrics: {'run_id': '13_b6', 'RMSE': 0.43117017952583214, 'MAE': 0.39482827936095416, 'SupNorm': 0.7521635591983795, 'Bias': -0.39482827936095416, 'Corr': -0.35260090080196954, 'deming_slope': -1.5217192566069369, 'deming_intercept': 0.2778090847890028, 'beta_sum': -0.5173348784446716, 'beta_l1': 1.5643517971038818, 'beta_l2': 0.07021120190620422, 'beta_min': -0.0074164788238704205, 'beta_max': 0.009407766163349152, 'beta_neg_frac': 0.62625, 'offline_data_id': 13, 'benchmark_id': 6, 'benchmark_point_source': 'support_safe_target_policy_draw', 'target_set_size': 100, 'benchmark_z_path': 'data/Z_true.pt', 'projected_bellman_test_risk': 0.012510105036199093, 'oracle_embedding_risk': 1.453945517539978, 'benchmark_embedding_risk': 1.453945517539978, 'risk_bellman_final': 1.5670672603601474, 'risk_obj_final': 29.76249694824219, 'B_num_rows': 3077, 'B_num_cols': 800, 'B_min_dim': 800, 'B_numerical_rank': 800, 'B_rank_fraction': 1.0, 'B_rank_tolerance': 3.598856655528948e-05, 'B_stable_rank': 249.5318145751953, 'B_effective_rank': 771.1834866794766, 'B_entropy_rank': 6.647926330566406, 'B_spectral_norm': 0.09811308979988098, 'B_frobenius_norm': 1.5498508214950562, 'B_nuclear_norm': 42.32716751098633, 'B_condition_number': 3.6428012093415876, 'B_condition_number_tol': 3.6428012093415876, 'B_smallest_singular_value': 0.026933418586850166, 'B_rank_rel_1em2': 800, 'B_rank_rel_1em3': 800, 'B_rank_rel_1em4': 800}
Benchmark 7 evaluation grid shape: (800, 3)
Replicate 13, benchmark 7 metrics: {'run_id': '13_b7', 'RMSE': 0.39580208808029127, 'MAE': 0.35384182453795804, 'SupNorm': 0.7580354511737823, 'Bias': -0.35384182453795804, 'Corr': -0.1416622829807497, 'deming_slope': -5.47535493613722, 'deming_intercept': 1.3568410828124846, 'beta_sum': -0.4782148599624634, 'beta_l1': 1.5728607177734375, 'beta_l2': 0.07598935812711716, 'beta_min': -0.00641175452619791, 'beta_max': 0.015622144564986229, 'beta_neg_frac': 0.685, 'offline_data_id': 13, 'benchmark_id': 7, 'benchmark_point_source': 'support_safe_target_policy_draw', 'target_set_size': 100, 'benchmark_z_path': 'data/Z_true.pt', 'projected_bellman_test_risk': 0.05071660876274109, 'oracle_embedding_risk': 1.4670560359954834, 'benchmark_embedding_risk': 1.4670560359954834, 'risk_bellman_final': 1.5670672603601474, 'risk_obj_final': 29.76249694824219, 'B_num_rows': 3077, 'B_num_cols': 800, 'B_min_dim': 800, 'B_numerical_rank': 800, 'B_rank_fraction': 1.0, 'B_rank_tolerance': 3.598856655528948e-05, 'B_stable_rank': 249.5318145751953, 'B_effective_rank': 771.1834866794766, 'B_entropy_rank': 6.647926330566406, 'B_spectral_norm': 0.09811308979988098, 'B_frobenius_norm': 1.5498508214950562, 'B_nuclear_norm': 42.32716751098633, 'B_condition_number': 3.6428012093415876, 'B_condition_number_tol': 3.6428012093415876, 'B_smallest_singular_value': 0.026933418586850166, 'B_rank_rel_1em2': 800, 'B_rank_rel_1em3': 800, 'B_rank_rel_1em4': 800}
Benchmark 8 evaluation grid shape: (800, 3)
Replicate 13, benchmark 8 metrics: {'run_id': '13_b8', 'RMSE': 0.24782136221387094, 'MAE': 0.2286096116645058, 'SupNorm': 0.41328636184334755, 'Bias': -0.2286096116645058, 'Corr': 0.2838987923613395, 'deming_slope': 0.12632265723873776, 'deming_intercept': 0.0013157487092052486, 'beta_sum': 0.18427351117134094, 'beta_l1': 1.1910934448242188, 'beta_l2': 0.05657822638750076, 'beta_min': -0.004500585608184338, 'beta_max': 0.011700238101184368, 'beta_neg_frac': 0.50625, 'offline_data_id': 13, 'benchmark_id': 8, 'benchmark_point_source': 'support_safe_target_policy_draw', 'target_set_size': 100, 'benchmark_z_path': 'data/Z_true.pt', 'projected_bellman_test_risk': 0.06645818054676056, 'oracle_embedding_risk': 0.9572554230690002, 'benchmark_embedding_risk': 0.9572554230690002, 'risk_bellman_final': 1.5670672603601474, 'risk_obj_final': 29.76249694824219, 'B_num_rows': 3077, 'B_num_cols': 800, 'B_min_dim': 800, 'B_numerical_rank': 800, 'B_rank_fraction': 1.0, 'B_rank_tolerance': 3.598856655528948e-05, 'B_stable_rank': 249.5318145751953, 'B_effective_rank': 771.1834866794766, 'B_entropy_rank': 6.647926330566406, 'B_spectral_norm': 0.09811308979988098, 'B_frobenius_norm': 1.5498508214950562, 'B_nuclear_norm': 42.32716751098633, 'B_condition_number': 3.6428012093415876, 'B_condition_number_tol': 3.6428012093415876, 'B_smallest_singular_value': 0.026933418586850166, 'B_rank_rel_1em2': 800, 'B_rank_rel_1em3': 800, 'B_rank_rel_1em4': 800}
Benchmark 9 evaluation grid shape: (800, 3)
Replicate 13, benchmark 9 metrics: {'run_id': '13_b9', 'RMSE': 0.46357817821810327, 'MAE': 0.411770595725975, 'SupNorm': 0.855364590883255, 'Bias': -0.411770595725975, 'Corr': -0.3103011785012023, 'deming_slope': -3.6889166939502673, 'deming_intercept': 0.847412069191896, 'beta_sum': -0.49544602632522583, 'beta_l1': 1.7004742622375488, 'beta_l2': 0.08364633470773697, 'beta_min': -0.005988221149891615, 'beta_max': 0.019720302894711494, 'beta_neg_frac': 0.69375, 'offline_data_id': 13, 'benchmark_id': 9, 'benchmark_point_source': 'support_safe_target_policy_draw', 'target_set_size': 100, 'benchmark_z_path': 'data/Z_true.pt', 'projected_bellman_test_risk': 0.028071844950318336, 'oracle_embedding_risk': 1.6175594329833984, 'benchmark_embedding_risk': 1.6175594329833984, 'risk_bellman_final': 1.5670672603601474, 'risk_obj_final': 29.76249694824219, 'B_num_rows': 3077, 'B_num_cols': 800, 'B_min_dim': 800, 'B_numerical_rank': 800, 'B_rank_fraction': 1.0, 'B_rank_tolerance': 3.598856655528948e-05, 'B_stable_rank': 249.5318145751953, 'B_effective_rank': 771.1834866794766, 'B_entropy_rank': 6.647926330566406, 'B_spectral_norm': 0.09811308979988098, 'B_frobenius_norm': 1.5498508214950562, 'B_nuclear_norm': 42.32716751098633, 'B_condition_number': 3.6428012093415876, 'B_condition_number_tol': 3.6428012093415876, 'B_smallest_singular_value': 0.026933418586850166, 'B_rank_rel_1em2': 800, 'B_rank_rel_1em3': 800, 'B_rank_rel_1em4': 800}
Replicate 13 finished in 20.2s
Finished combo 3, offline replicate 13.
