Job ID:    2359077
Array idx: 289
CPUs/node: 64
Mem/node:  131072
Using CC = cc 
Using CXX = CC 
Using FC = ftn 
Using F77 = ftn 
Using F90 = ftn 
cuda/12.6.1 is deprecated; loading cudatoolkit/25.5_12.9 instead.
Using CC = /opt/nvidia/hpc_sdk/Linux_aarch64/25.5/compilers/bin/nvc 
Using CXX = /opt/nvidia/hpc_sdk/Linux_aarch64/25.5/compilers/bin/nvc++ 
Using FC = /opt/nvidia/hpc_sdk/Linux_aarch64/25.5/compilers/bin/nvfortran 
Using F77 = /opt/nvidia/hpc_sdk/Linux_aarch64/25.5/compilers/bin/nvfortran 
Using F90 = /opt/nvidia/hpc_sdk/Linux_aarch64/25.5/compilers/bin/nvfortran 
Using CC = /opt/nvidia/hpc_sdk/Linux_aarch64/25.5/compilers/bin/nvc 
Using CXX = /opt/nvidia/hpc_sdk/Linux_aarch64/25.5/compilers/bin/nvc++ 
Using FC = /opt/nvidia/hpc_sdk/Linux_aarch64/25.5/compilers/bin/nvfortran 
Using F77 = /opt/nvidia/hpc_sdk/Linux_aarch64/25.5/compilers/bin/nvfortran 
Using F90 = /opt/nvidia/hpc_sdk/Linux_aarch64/25.5/compilers/bin/nvfortran 

Lmod is automatically replacing "gcc-native/14" with "gcc/14.2.0".

ghx4
0
Tuning combo id: 2 / 6
Offline replicate id: 89 / 99
Installing ke_drl from git: https://github.com/mehrdadmhmdi/ke-drl.git@main
Collecting git+https://github.com/mehrdadmhmdi/ke-drl.git@main
  Cloning https://github.com/mehrdadmhmdi/ke-drl.git (to revision main) to /tmp/pip-req-build-egjnu9av
  Running command git clone --filter=blob:none --quiet https://github.com/mehrdadmhmdi/ke-drl.git /tmp/pip-req-build-egjnu9av
  Resolved https://github.com/mehrdadmhmdi/ke-drl.git to commit 3c5d570e40ea15b1fbe4817b5f43b64c7b333e82
  Installing build dependencies: started
  Installing build dependencies: finished with status 'done'
  Getting requirements to build wheel: started
  Getting requirements to build wheel: finished with status 'done'
  Preparing metadata (pyproject.toml): started
  Preparing metadata (pyproject.toml): finished with status 'done'
Building wheels for collected packages: ke_drl
  Building wheel for ke_drl (pyproject.toml): started
  Building wheel for ke_drl (pyproject.toml): finished with status 'done'
  Created wheel for ke_drl: filename=ke_drl-0.1.0-py3-none-any.whl size=47219 sha256=ff9802717dd107d3644136caae837f5a66cf127b314d53860d376df79bb67e46
  Stored in directory: /tmp/pip-ephem-wheel-cache-y603sh6u/wheels/24/47/ad/9a4ffd3b05d3e90e35ffc6e7324b735b8bfcf5f51aaf29a333
Successfully built ke_drl
Installing collected packages: ke_drl
Successfully installed ke_drl-0.1.0
Installed ke_drl source: /work/nvme/bfez/mehrdad3/DistRL/simulation_3/runs/sim3_global_2358722_2/.kedrl_site_289/ke_drl/__init__.py
Tuning combo 2: lambda_B_0.00002
Overrides: {'lambda_B': 2e-05}
RUN: /sw/user/python/miniforge3-pytorch-24.11.3/bin/python3 validate_sim_config.py --params params.yaml
ke_drl import source: /work/nvme/bfez/mehrdad3/DistRL/simulation_3/runs/sim3_global_2358722_2/.kedrl_site_289/ke_drl/__init__.py
ke_drl package API OK: prediction weights, RFF operators, rank diagnostics, and best-checkpoint optimizer available
Policy config OK: behavior=uniform, target=logistic, state_dim=5, action_dim=1
Note: policy.logistic.theta_scale/theta_std are log-scale coefficients in Probability_Densities.
Behavior-policy linearized state-process diagnostic: spectral_radius=0.653, offline_burn_in=50
Replicate config OK: num_replicates=100, benchmark points=10 independent of D_i, loss target points=100
Transition reduction OK: method=kmeans, raw rows N(T-1)=12000, target rows about 3000, B rows reduced from 12000 to about 3000
Return-operator approximation OK: method=rff, features=512, exact G avoided for estimated N=12000, m=800, L=100
Fixed benchmark config rows=4 (benchmark.num_points=10; additional points are support-safe target-policy draws if needed)
Fixed benchmark point 0: s_star=[0.6, -0.8, 0.7, -0.5, 0.9], a_star=[0.5]
Fixed benchmark behavior-support interval for configured rows: min_lower=-0.12, max_upper=1.11
Fixed benchmark target-policy location range: [-0.02, 0.14]
Reusing shared data from /work/nvme/bfez/mehrdad3/DistRL/simulation_3/runs/sim3_shared_data/data for offline replicate 89.
RUN: /sw/user/python/miniforge3-pytorch-24.11.3/bin/python3 validate_sim_config.py --params params.yaml --data data/offline_data_89.pt
ke_drl import source: /work/nvme/bfez/mehrdad3/DistRL/simulation_3/runs/sim3_global_2358722_2/.kedrl_site_289/ke_drl/__init__.py
ke_drl package API OK: prediction weights, RFF operators, rank diagnostics, and best-checkpoint optimizer available
Policy config OK: behavior=uniform, target=logistic, state_dim=5, action_dim=1
Note: policy.logistic.theta_scale/theta_std are log-scale coefficients in Probability_Densities.
Behavior-policy linearized state-process diagnostic: spectral_radius=0.653, offline_burn_in=50
Replicate config OK: num_replicates=100, benchmark points=10 independent of D_i, loss target points=100
Transition reduction OK: method=kmeans, raw rows N(T-1)=12000, target rows about 3000, B rows reduced from 12000 to about 3000
Return-operator approximation OK: method=rff, features=512, exact G avoided for estimated N=12000, m=800, L=100
Fixed benchmark config rows=4 (benchmark.num_points=10; additional points are support-safe target-policy draws if needed)
Fixed benchmark point 0: s_star=[0.6, -0.8, 0.7, -0.5, 0.9], a_star=[0.5]
Fixed benchmark behavior-support interval for configured rows: min_lower=-0.12, max_upper=1.11
Fixed benchmark target-policy location range: [-0.02, 0.14]
Full benchmark support check OK: 10 points, min_lower=-2.177, max_upper=2.05
observed behavior actions: mean=0.406, sd=0.6787, q0/q10/q50/q90/q100=[-2.7382681369781494, -0.41809817850589753, 0.3560308814048767, 1.3149385333061219, 3.0529165267944336]
target-policy sampled actions: mean=-0.02063, sd=0.6712, q0/q10/q50/q90/q100=[-2.975071761429348, -0.8777687413488224, -0.009625354252143472, 0.8345765164923459, 2.5682759806201245]
behavior uniform lower: mean=-0.1206, sd=0.6655, q0/q10/q50/q90/q100=[-3.078992223739624, -0.9747464960813522, -0.11145252175629139, 0.7246862578392033, 2.4494883537292482]
behavior uniform upper: mean=0.9343, sd=0.6454, q0/q10/q50/q90/q100=[-0.90351023375988, 0.07157318353652961, 0.9427864581346512, 1.766949343085289, 3.4494883537292482]
target location inside behavior uniform support: 0.968
RUN: /sw/user/python/miniforge3-pytorch-24.11.3/bin/python3 main_est.py
# ================================================================ #
#   Global KE-DRL estimation for one offline replicate              #
# ================================================================ #
Slurm Job ID: 2359077
Slurm Array ID: 89 -- used as the offline-replicate id
Offline data id: 89
ke_drl import source: /work/nvme/bfez/mehrdad3/DistRL/simulation_3/runs/sim3_global_2358722_2/.kedrl_site_289/ke_drl/__init__.py
Estimator device: cuda (NVIDIA GH200 120GB, capability 9.0); torch CUDA=13.0
Random seed: 20460601
Number of offline replicates: 100
[transition reduction] enabled: original rows=12000, target basis=3000, method=kmeans, device=cuda
[transition reduction] kmeans iter 1/20, mean center shift=2.6949e-01
[transition reduction] kmeans iter 5/20, mean center shift=2.9721e-03
[transition reduction] kmeans iter 10/20, mean center shift=2.9663e-05
[transition reduction] selected 3086 rows from 12000 transitions (ratio 0.2572); indices saved to data/reduced_transition_indices_89.pt
Data and parameters loaded.
offline path: data/offline_data_89.pt
benchmark true-Z path: data/Z_true.pt
offline shapes after reduction: s0=(3086, 5), a0=(3086, 1), r0=(3086, 3)
transition reduction: {'enabled': True, 'method': 'kmeans', 'original_rows': 12000, 'reduced_rows': 3086, 'selected_indices_path': 'data/reduced_transition_indices_89.pt', 'target_basis': 3000, 'compression_ratio': 0.25716666666666665}
fixed benchmark point source: fixed_config_plus_support_safe_target_policy_draws
benchmark row excluded from this offline data: None
global loss target set shape: s_star=(100, 5), a_star=(100, 1)
benchmark true-Z count=10, shape each=(50000, 3)
target policy: logistic
behavior policy: uniform
lambda_Gamma=0.005, lambda_B=2e-05, d_r_method=song
dtype=torch.float32, operator_method=rff, operator_num_features=512
ridge_mode=rkhs, diagnostic_interval=50
mass_anchor_lambda=1.0, target_mass=1.0
uLSIF basis: source=numerator, n_basis=512, lambda_reg=0.005
optimizer stabilizers: lambda_neg=0.0, max_B_norm=None, eta_clip_min=0.0, eta_clip_max=5.0, normalize_eta=True
========================================
Estimating the global KE-DRL mean embedding
torch device=cuda, dtype=torch.float32
Data dims: N=3086, L=100, Ds=5, Da=1, Dr=3
lambda_Gamma=0.005, lambda_B=2e-05
return-operator construction: method=rff, rff_features=512
[uLSIF] basis=512/3086 (numerator); eta_hat min=-5.663e-01 max=4.852e+00 neg%=3.66
ESS for eta_plus: 2202.2 / 3086
eta_plus diagnostics: raw_mean=1, raw_min=-0.566, raw_max=4.85; used_mean=1, used_min=0, used_max=4.82
[timing] Z-grid: 0.03s
[timing] K_X: 0.00s
[timing] K_plus: 0.00s
[timing] k_star: 0.00s
[timing] Gamma_stack: 0.01s
[timing] Phi_stack: 0.00s
[timing] RFF feature sample: 0.00s
[timing] K_Z RFF: 0.00s
[timing] G_stack RFF: 0.01s
[timing] H_stack RFF: 0.01s
findfont: Font family 'Nimbus Roman' not found.
findfont: Font family 'Nimbus Roman' not found.
findfont: Font family 'Nimbus Roman' not found.
findfont: Font family 'Nimbus Roman' not found.
findfont: Font family 'Nimbus Roman' not found.
findfont: Font family 'Nimbus Roman' not found.
findfont: Font family 'Nimbus Roman' not found.
findfont: Font family 'Nimbus Roman' not found.
findfont: Font family 'Nimbus Roman' not found.
findfont: Font family 'Nimbus Roman' not found.
findfont: Font family 'Nimbus Roman' not found.
findfont: Font family 'Nimbus Roman' not found.
findfont: Font family 'Nimbus Roman' not found.
findfont: Font family 'Nimbus Roman' not found.
findfont: Font family 'Nimbus Roman' not found.
findfont: Font family 'Nimbus Roman' not found.
findfont: Font family 'Nimbus Roman' not found.
findfont: Font family 'Nimbus Roman' not found.
findfont: Font family 'Nimbus Roman' not found.
findfont: Font family 'Nimbus Roman' not found.
findfont: Font family 'Nimbus Roman' not found.
findfont: Font family 'Nimbus Roman' not found.
findfont: Font family 'Nimbus Roman' not found.
findfont: Font family 'Nimbus Roman' not found.
findfont: Font family 'Nimbus Roman' not found.
findfont: Font family 'Nimbus Roman' not found.
findfont: Font family 'Nimbus Roman' not found.
findfont: Font family 'Nimbus Roman' not found.
findfont: Font family 'Nimbus Roman' not found.
findfont: Font family 'Nimbus Roman' not found.
findfont: Font family 'Nimbus Roman' not found.
findfont: Font family 'Nimbus Roman' not found.
findfont: Font family 'Nimbus Roman' not found.
findfont: Font family 'Nimbus Roman' not found.
findfont: Font family 'Nimbus Roman' not found.
findfont: Font family 'Nimbus Roman' not found.
findfont: Font family 'Nimbus Roman' not found.
findfont: Font family 'Nimbus Roman' not found.
findfont: Font family 'Nimbus Roman' not found.
findfont: Font family 'Nimbus Roman' not found.
findfont: Font family 'Nimbus Roman' not found.
findfont: Font family 'Nimbus Roman' not found.
findfont: Font family ['Nimbus Roman'] not found. Falling back to DejaVu Sans.
findfont: Font family 'Nimbus Roman' not found.
findfont: Font family ['Nimbus Roman'] not found. Falling back to DejaVu Sans.
findfont: Font family 'Nimbus Roman' not found.
findfont: Font family 'Nimbus Roman' not found.
findfont: Font family 'Nimbus Roman' not found.
findfont: Font family 'Nimbus Roman' not found.
findfont: Font family 'Nimbus Roman' not found.
findfont: Font family 'Nimbus Roman' not found.
findfont: Font family 'Nimbus Roman' not found.
findfont: Font family 'Nimbus Roman' not found.
findfont: Font family ['Nimbus Roman'] not found. Falling back to DejaVu Sans.
findfont: Font family 'Nimbus Roman' not found.
findfont: Font family 'Nimbus Roman' not found.
findfont: Font family 'Nimbus Roman' not found.
findfont: Font family 'Nimbus Roman' not found.
findfont: Font family 'Nimbus Roman' not found.
findfont: Font family 'Nimbus Roman' not found.
findfont: Font family 'Nimbus Roman' not found.
findfont: Font family 'Nimbus Roman' not found.
findfont: Font family 'Nimbus Roman' not found.
findfont: Font family 'Nimbus Roman' not found.
findfont: Font family 'Nimbus Roman' not found.
findfont: Font family 'Nimbus Roman' not found.
findfont: Font family 'Nimbus Roman' not found.
findfont: Font family 'Nimbus Roman' not found.
findfont: Font family 'Nimbus Roman' not found.
findfont: Font family 'Nimbus Roman' not found.
findfont: Font family 'Nimbus Roman' not found.
findfont: Font family 'Nimbus Roman' not found.
findfont: Font family 'Nimbus Roman' not found.
findfont: Font family 'Nimbus Roman' not found.
findfont: Font family 'Nimbus Roman' not found.
findfont: Font family 'Nimbus Roman' not found.
findfont: Font family 'Nimbus Roman' not found.
findfont: Font family 'Nimbus Roman' not found.
findfont: Font family 'Nimbus Roman' not found.
findfont: Font family 'Nimbus Roman' not found.
findfont: Font family 'Nimbus Roman' not found.
findfont: Font family 'Nimbus Roman' not found.
findfont: Font family 'Nimbus Roman' not found.
findfont: Font family 'Nimbus Roman' not found.
findfont: Font family 'Nimbus Roman' not found.
findfont: Font family 'Nimbus Roman' not found.
findfont: Font family 'Nimbus Roman' not found.
findfont: Font family 'Nimbus Roman' not found.
findfont: Font family 'Nimbus Roman' not found.
findfont: Font family 'Nimbus Roman' not found.
findfont: Font family 'Nimbus Roman' not found.
findfont: Font family 'Nimbus Roman' not found.
findfont: Font family 'Nimbus Roman' not found.
findfont: Font family 'Nimbus Roman' not found.
findfont: Font family 'Nimbus Roman' not found.
findfont: Font family 'Nimbus Roman' not found.
findfont: Font family 'Nimbus Roman' not found.
findfont: Font family 'Nimbus Roman' not found.
findfont: Font family 'Nimbus Roman' not found.
findfont: Font family 'Nimbus Roman' not found.
findfont: Font family 'Nimbus Roman' not found.
findfont: Font family 'Nimbus Roman' not found.
findfont: Font family 'Nimbus Roman' not found.
findfont: Font family 'Nimbus Roman' not found.
findfont: Font family 'Nimbus Roman' not found.
findfont: Font family 'Nimbus Roman' not found.
findfont: Font family 'Nimbus Roman' not found.
findfont: Font family 'Nimbus Roman' not found.
findfont: Font family 'Nimbus Roman' not found.
findfont: Font family 'Nimbus Roman' not found.
findfont: Font family 'Nimbus Roman' not found.
findfont: Font family 'Nimbus Roman' not found.
findfont: Font family 'Nimbus Roman' not found.
findfont: Font family 'Nimbus Roman' not found.
findfont: Font family 'Nimbus Roman' not found.
findfont: Font family 'Nimbus Roman' not found.
findfont: Font family 'Nimbus Roman' not found.
findfont: Font family 'Nimbus Roman' not found.
findfont: Font family 'Nimbus Roman' not found.
findfont: Font family 'Nimbus Roman' not found.
findfont: Font family 'Nimbus Roman' not found.
findfont: Font family 'Nimbus Roman' not found.
findfont: Font family 'Nimbus Roman' not found.
findfont: Font family 'Nimbus Roman' not found.
findfont: Font family 'Nimbus Roman' not found.
findfont: Font family 'Nimbus Roman' not found.
findfont: Font family 'Nimbus Roman' not found.
findfont: Font family 'Nimbus Roman' not found.
findfont: Font family 'Nimbus Roman' not found.
Ridge mode: rkhs; diagnostic interval: 50
Iter 1/4000 | log_obj=9.823e+00 | log_Bellman_root=3.516e+00 | mass=1.73e+04 | neg=0.00e+00 | grad=7.64e+02
Iter 400/4000 | log_obj=4.000e+00 | log_Bellman_root=6.051e-01 | mass=5.13e+01 | neg=0.00e+00 | grad=5.21e+03
Iter 800/4000 | log_obj=4.008e+00 | log_Bellman_root=6.072e-01 | mass=5.17e+01 | neg=0.00e+00 | grad=5.23e+03
Iter 1200/4000 | log_obj=-9.164e-01 | log_Bellman_root=-1.692e+00 | mass=3.66e-01 | neg=0.00e+00 | grad=6.42e+02
Iter 1600/4000 | log_obj=2.881e+00 | log_Bellman_root=4.692e-02 | mass=1.67e+01 | neg=0.00e+00 | grad=2.94e+03
Iter 2000/4000 | log_obj=2.875e+00 | log_Bellman_root=4.323e-02 | mass=1.66e+01 | neg=0.00e+00 | grad=2.94e+03
Iter 2400/4000 | log_obj=7.520e-02 | log_Bellman_root=-1.290e+00 | mass=1.00e+00 | neg=0.00e+00 | grad=7.38e+02
Iter 2800/4000 | log_obj=9.744e-01 | log_Bellman_root=-8.845e-01 | mass=2.48e+00 | neg=0.00e+00 | grad=1.16e+03
Iter 3200/4000 | log_obj=9.790e-01 | log_Bellman_root=-8.834e-01 | mass=2.49e+00 | neg=0.00e+00 | grad=1.16e+03
Iter 3600/4000 | log_obj=-2.369e+00 | log_Bellman_root=-2.279e+00 | mass=8.30e-02 | neg=0.00e+00 | grad=3.89e+02
Iter 4000/4000 | log_obj=-2.410e+00 | log_Bellman_root=-2.299e+00 | mass=7.97e-02 | neg=0.00e+00 | grad=3.93e+02
Done in 13.60s.
KE-DRL global estimation is done.
B_hat shape: (3086, 800)
B_hat rank diagnostics: {'B_num_rows': 3086, 'B_num_cols': 800, 'B_min_dim': 800, 'B_numerical_rank': 800, 'B_rank_fraction': 1.0, 'B_rank_tolerance': 4.661821786910991e-05, 'B_stable_rank': 154.9310302734375, 'B_effective_rank': 771.3497180746854, 'B_entropy_rank': 6.648141860961914, 'B_spectral_norm': 0.1267213076353073, 'B_frobenius_norm': 1.5773165225982666, 'B_nuclear_norm': 43.07721710205078, 'B_condition_number': 4.547249619486158, 'B_condition_number_tol': 4.547249619486158, 'B_smallest_singular_value': 0.02786768227815628, 'B_rank_rel_1em2': 800, 'B_rank_rel_1em3': 800, 'B_rank_rel_1em4': 800}
Global-loss target mass diagnostics: {'target_mass_mean': 0.7281787395477295, 'target_mass_min': 0.5375643968582153, 'target_mass_max': 0.8885363936424255, 'target_mass_sd': 0.07645071297883987, 'target_mass_rmse_to_target': 0.2822641134262085, 'target_beta_min': -0.0646061897277832, 'target_beta_max': 0.08139947056770325, 'target_neg_frac_mean': 0.4736125}
Return dictionary Z_grid shape: (800, 3)
Replicate 89 risk metrics: {'risk_n_steps_recorded': 81.0, 'risk_n_diagnostics_recorded': 81.0, 'risk_log_obj_initial': 9.823121623686943, 'risk_log_obj_final': -2.410236429713278, 'risk_log_obj_min': -2.410236429713278, 'risk_obj_initial': 18455.572265625004, 'risk_obj_final': 0.0897940620779991, 'risk_obj_min': 0.0897940620779991, 'risk_log_obj_drop': 12.23335805340022, 'risk_log_bellman_root_initial': 3.515854152539416, 'risk_log_bellman_root_final': -2.2991585474359675, 'risk_log_bellman_root_min': -2.2991585474359675, 'risk_bellman_root_initial': 33.64465332031249, 'risk_bellman_root_final': 0.1003432422876358, 'risk_bellman_root_min': 0.1003432422876358, 'risk_bellman_initial': 1131.9626970440145, 'risk_bellman_final': 0.01006876627279518, 'risk_bellman_min': 0.01006876627279518, 'risk_log_bellman_root_drop': 5.815012699975384, 'risk_bellman_returned': 0.01006876677274704, 'risk_obj_returned': 0.08979406207799911, 'risk_returned_step': 4000.0, 'offline_data_id': 89, 'benchmark_point_source': 'fixed_config_plus_support_safe_target_policy_draws', 'target_set_size': 100, 'lambda_reg': 0.005, 'lambda_B': 2e-05, 'num_steps': 4000, 'transition_reduction_enabled': 1, 'transition_reduction_method': 'kmeans', 'transition_original_rows': 12000, 'transition_reduced_rows': 3086, 'transition_compression_ratio': 0.25716666666666665, 'target_mass_mean': 0.7281787395477295, 'target_mass_min': 0.5375643968582153, 'target_mass_max': 0.8885363936424255, 'target_mass_sd': 0.07645071297883987, 'target_mass_rmse_to_target': 0.2822641134262085, 'target_beta_min': -0.0646061897277832, 'target_beta_max': 0.08139947056770325, 'target_neg_frac_mean': 0.4736125, 'B_num_rows': 3086, 'B_num_cols': 800, 'B_min_dim': 800, 'B_numerical_rank': 800, 'B_rank_fraction': 1.0, 'B_rank_tolerance': 4.661821786910991e-05, 'B_stable_rank': 154.9310302734375, 'B_effective_rank': 771.3497180746854, 'B_entropy_rank': 6.648141860961914, 'B_spectral_norm': 0.1267213076353073, 'B_frobenius_norm': 1.5773165225982666, 'B_nuclear_norm': 43.07721710205078, 'B_condition_number': 4.547249619486158, 'B_condition_number_tol': 4.547249619486158, 'B_smallest_singular_value': 0.02786768227815628, 'B_rank_rel_1em2': 800, 'B_rank_rel_1em3': 800, 'B_rank_rel_1em4': 800, 'risk_objective_final_raw': 0.08979406207799911, 'risk_objective_min_raw': 0.08979406207799911, 'risk_objective_max_raw': 18455.572265625, 'risk_bellman_final_raw': 0.01006876677274704, 'risk_bellman_min_raw': 0.01006876677274704, 'risk_bellman_max_raw': 1131.962646484375, 'risk_rkhs_ridge_final_raw': 5.226263965596445e-05, 'risk_rkhs_ridge_min_raw': 5.062421041657217e-05, 'risk_rkhs_ridge_max_raw': 0.0022647303994745016, 'risk_mass_final_raw': 0.07967302948236465, 'risk_mass_min_raw': 0.07967302948236465, 'risk_mass_max_raw': 17323.607421875, 'risk_negativity_final_raw': 0.0, 'risk_negativity_min_raw': 0.0, 'risk_negativity_max_raw': 0.0, 'risk_B_norm_final_raw': 1.577141523361206, 'risk_B_norm_min_raw': 1.5727781057357788, 'risk_B_norm_max_raw': 1.6415276527404785, 'risk_diagnostic_step_final_raw': 4000.0, 'risk_diagnostic_step_min_raw': 1.0, 'risk_diagnostic_step_max_raw': 4000.0, 'risk_best_step_final_raw': 4000.0, 'risk_best_step_min_raw': 4000.0, 'risk_best_step_max_raw': 4000.0, 'risk_best_objective_final_raw': 0.08979406207799911, 'risk_best_objective_min_raw': 0.08979406207799911, 'risk_best_objective_max_raw': 0.08979406207799911, 'risk_best_bellman_final_raw': 0.01006876677274704, 'risk_best_bellman_min_raw': 0.01006876677274704, 'risk_best_bellman_max_raw': 0.01006876677274704, 'risk_returned_step_final_raw': 4000.0, 'risk_returned_step_min_raw': 4000.0, 'risk_returned_step_max_raw': 4000.0, 'risk_returned_objective_final_raw': 0.08979406207799911, 'risk_returned_objective_min_raw': 0.08979406207799911, 'risk_returned_objective_max_raw': 0.08979406207799911, 'risk_returned_bellman_final_raw': 0.01006876677274704, 'risk_returned_bellman_min_raw': 0.01006876677274704, 'risk_returned_bellman_max_raw': 0.01006876677274704, 'risk_returned_best_checkpoint_final_raw': 1.0, 'risk_returned_best_checkpoint_min_raw': 1.0, 'risk_returned_best_checkpoint_max_raw': 1.0}
Benchmark 0 evaluation grid shape: (800, 3)
Replicate 89, benchmark 0 metrics: {'run_id': '89_b0', 'RMSE': 0.12537260328702587, 'MAE': 0.11468259189547098, 'SupNorm': 0.2053106129169464, 'Bias': -0.11450371154154709, 'Corr': 0.9296649474672793, 'deming_slope': 0.518415362958558, 'deming_intercept': 0.011777073284522543, 'beta_sum': 0.713175892829895, 'beta_l1': 6.850028991699219, 'beta_l2': 0.30079197883605957, 'beta_min': -0.02868742123246193, 'beta_max': 0.03149162232875824, 'beta_neg_frac': 0.4725, 'offline_data_id': 89, 'benchmark_id': 0, 'benchmark_point_source': 'fixed_config', 'target_set_size': 100, 'benchmark_z_path': 'data/Z_true.pt', 'projected_bellman_test_risk': 0.01407933421432972, 'oracle_embedding_risk': 0.8038274049758911, 'benchmark_embedding_risk': 0.8038274049758911, 'risk_bellman_final': 0.01006876627279518, 'risk_obj_final': 0.0897940620779991, 'B_num_rows': 3086, 'B_num_cols': 800, 'B_min_dim': 800, 'B_numerical_rank': 800, 'B_rank_fraction': 1.0, 'B_rank_tolerance': 4.661821786910991e-05, 'B_stable_rank': 154.9310302734375, 'B_effective_rank': 771.3497180746854, 'B_entropy_rank': 6.648141860961914, 'B_spectral_norm': 0.1267213076353073, 'B_frobenius_norm': 1.5773165225982666, 'B_nuclear_norm': 43.07721710205078, 'B_condition_number': 4.547249619486158, 'B_condition_number_tol': 4.547249619486158, 'B_smallest_singular_value': 0.02786768227815628, 'B_rank_rel_1em2': 800, 'B_rank_rel_1em3': 800, 'B_rank_rel_1em4': 800}
Saved ./mu/mu_hat.csv shape=(800,)
Saved ./mu/mu2D_hat_dims01.csv shape=(120, 120)
Saved ./mu/mu2D_hat_dims01.csv shape=(120, 120)
Saved plots/replicate_89/mu_3D.png
Benchmark 1 evaluation grid shape: (800, 3)
Replicate 89, benchmark 1 metrics: {'run_id': '89_b1', 'RMSE': 0.1433358254080214, 'MAE': 0.13386395057081246, 'SupNorm': 0.2335623800754547, 'Bias': -0.13386395057081246, 'Corr': 0.9609763871988016, 'deming_slope': 0.4910418812083852, 'deming_intercept': -0.0012629133455394626, 'beta_sum': 0.4689974784851074, 'beta_l1': 13.004283905029297, 'beta_l2': 0.5799341797828674, 'beta_min': -0.05994659662246704, 'beta_max': 0.07395629584789276, 'beta_neg_frac': 0.46875, 'offline_data_id': 89, 'benchmark_id': 1, 'benchmark_point_source': 'fixed_config', 'target_set_size': 100, 'benchmark_z_path': 'data/Z_true.pt', 'projected_bellman_test_risk': 0.005009966436773539, 'oracle_embedding_risk': 0.8148273825645447, 'benchmark_embedding_risk': 0.8148273825645447, 'risk_bellman_final': 0.01006876627279518, 'risk_obj_final': 0.0897940620779991, 'B_num_rows': 3086, 'B_num_cols': 800, 'B_min_dim': 800, 'B_numerical_rank': 800, 'B_rank_fraction': 1.0, 'B_rank_tolerance': 4.661821786910991e-05, 'B_stable_rank': 154.9310302734375, 'B_effective_rank': 771.3497180746854, 'B_entropy_rank': 6.648141860961914, 'B_spectral_norm': 0.1267213076353073, 'B_frobenius_norm': 1.5773165225982666, 'B_nuclear_norm': 43.07721710205078, 'B_condition_number': 4.547249619486158, 'B_condition_number_tol': 4.547249619486158, 'B_smallest_singular_value': 0.02786768227815628, 'B_rank_rel_1em2': 800, 'B_rank_rel_1em3': 800, 'B_rank_rel_1em4': 800}
Benchmark 2 evaluation grid shape: (800, 3)
Replicate 89, benchmark 2 metrics: {'run_id': '89_b2', 'RMSE': 0.1436583323079443, 'MAE': 0.13419682944353553, 'SupNorm': 0.23509612679481506, 'Bias': -0.13419682944353553, 'Corr': 0.9500254098770016, 'deming_slope': 0.47882926886042665, 'deming_intercept': 0.00549443011875364, 'beta_sum': 0.5116862058639526, 'beta_l1': 12.547739028930664, 'beta_l2': 0.5559965968132019, 'beta_min': -0.05386032536625862, 'beta_max': 0.07070784270763397, 'beta_neg_frac': 0.485, 'offline_data_id': 89, 'benchmark_id': 2, 'benchmark_point_source': 'fixed_config', 'target_set_size': 100, 'benchmark_z_path': 'data/Z_true.pt', 'projected_bellman_test_risk': 0.006670644506812096, 'oracle_embedding_risk': 0.8087138533592224, 'benchmark_embedding_risk': 0.8087138533592224, 'risk_bellman_final': 0.01006876627279518, 'risk_obj_final': 0.0897940620779991, 'B_num_rows': 3086, 'B_num_cols': 800, 'B_min_dim': 800, 'B_numerical_rank': 800, 'B_rank_fraction': 1.0, 'B_rank_tolerance': 4.661821786910991e-05, 'B_stable_rank': 154.9310302734375, 'B_effective_rank': 771.3497180746854, 'B_entropy_rank': 6.648141860961914, 'B_spectral_norm': 0.1267213076353073, 'B_frobenius_norm': 1.5773165225982666, 'B_nuclear_norm': 43.07721710205078, 'B_condition_number': 4.547249619486158, 'B_condition_number_tol': 4.547249619486158, 'B_smallest_singular_value': 0.02786768227815628, 'B_rank_rel_1em2': 800, 'B_rank_rel_1em3': 800, 'B_rank_rel_1em4': 800}
Benchmark 3 evaluation grid shape: (800, 3)
Replicate 89, benchmark 3 metrics: {'run_id': '89_b3', 'RMSE': 0.1412272425416013, 'MAE': 0.1308328610987519, 'SupNorm': 0.2344895303249359, 'Bias': -0.1308328610987519, 'Corr': 0.9630908631877891, 'deming_slope': 0.4627093453192972, 'deming_intercept': 0.008459765187516732, 'beta_sum': 0.5322018265724182, 'beta_l1': 12.330586433410645, 'beta_l2': 0.5457630753517151, 'beta_min': -0.0534200593829155, 'beta_max': 0.0693996474146843, 'beta_neg_frac': 0.48875, 'offline_data_id': 89, 'benchmark_id': 3, 'benchmark_point_source': 'fixed_config', 'target_set_size': 100, 'benchmark_z_path': 'data/Z_true.pt', 'projected_bellman_test_risk': 0.009497440420091152, 'oracle_embedding_risk': 0.8102871775627136, 'benchmark_embedding_risk': 0.8102871775627136, 'risk_bellman_final': 0.01006876627279518, 'risk_obj_final': 0.0897940620779991, 'B_num_rows': 3086, 'B_num_cols': 800, 'B_min_dim': 800, 'B_numerical_rank': 800, 'B_rank_fraction': 1.0, 'B_rank_tolerance': 4.661821786910991e-05, 'B_stable_rank': 154.9310302734375, 'B_effective_rank': 771.3497180746854, 'B_entropy_rank': 6.648141860961914, 'B_spectral_norm': 0.1267213076353073, 'B_frobenius_norm': 1.5773165225982666, 'B_nuclear_norm': 43.07721710205078, 'B_condition_number': 4.547249619486158, 'B_condition_number_tol': 4.547249619486158, 'B_smallest_singular_value': 0.02786768227815628, 'B_rank_rel_1em2': 800, 'B_rank_rel_1em3': 800, 'B_rank_rel_1em4': 800}
Benchmark 4 evaluation grid shape: (800, 3)
Replicate 89, benchmark 4 metrics: {'run_id': '89_b4', 'RMSE': 0.09688676154819771, 'MAE': 0.08735941891201947, 'SupNorm': 0.175717294216156, 'Bias': -0.08704709925797943, 'Corr': 0.8985880756880574, 'deming_slope': 0.777039912717454, 'deming_intercept': -0.027604895726873774, 'beta_sum': 0.7863867878913879, 'beta_l1': 6.55323600769043, 'beta_l2': 0.30649620294570923, 'beta_min': -0.0323675200343132, 'beta_max': 0.06598370522260666, 'beta_neg_frac': 0.4825, 'offline_data_id': 89, 'benchmark_id': 4, 'benchmark_point_source': 'support_safe_target_policy_draw', 'target_set_size': 100, 'benchmark_z_path': 'data/Z_true.pt', 'projected_bellman_test_risk': 0.03256966918706894, 'oracle_embedding_risk': 0.7931748628616333, 'benchmark_embedding_risk': 0.7931748628616333, 'risk_bellman_final': 0.01006876627279518, 'risk_obj_final': 0.0897940620779991, 'B_num_rows': 3086, 'B_num_cols': 800, 'B_min_dim': 800, 'B_numerical_rank': 800, 'B_rank_fraction': 1.0, 'B_rank_tolerance': 4.661821786910991e-05, 'B_stable_rank': 154.9310302734375, 'B_effective_rank': 771.3497180746854, 'B_entropy_rank': 6.648141860961914, 'B_spectral_norm': 0.1267213076353073, 'B_frobenius_norm': 1.5773165225982666, 'B_nuclear_norm': 43.07721710205078, 'B_condition_number': 4.547249619486158, 'B_condition_number_tol': 4.547249619486158, 'B_smallest_singular_value': 0.02786768227815628, 'B_rank_rel_1em2': 800, 'B_rank_rel_1em3': 800, 'B_rank_rel_1em4': 800}
Benchmark 5 evaluation grid shape: (800, 3)
Replicate 89, benchmark 5 metrics: {'run_id': '89_b5', 'RMSE': 0.22333325925550185, 'MAE': 0.2046261702042466, 'SupNorm': 0.3694241791963577, 'Bias': -0.20329807615908066, 'Corr': 0.21537548974541515, 'deming_slope': 0.09792092234084643, 'deming_intercept': 0.02852235876569154, 'beta_sum': 0.5328176021575928, 'beta_l1': 0.8683781623840332, 'beta_l2': 0.04312092438340187, 'beta_min': -0.003977405838668346, 'beta_max': 0.008297180756926537, 'beta_neg_frac': 0.31625, 'offline_data_id': 89, 'benchmark_id': 5, 'benchmark_point_source': 'support_safe_target_policy_draw', 'target_set_size': 100, 'benchmark_z_path': 'data/Z_true.pt', 'projected_bellman_test_risk': 0.03887356072664261, 'oracle_embedding_risk': 0.9477788805961609, 'benchmark_embedding_risk': 0.9477788805961609, 'risk_bellman_final': 0.01006876627279518, 'risk_obj_final': 0.0897940620779991, 'B_num_rows': 3086, 'B_num_cols': 800, 'B_min_dim': 800, 'B_numerical_rank': 800, 'B_rank_fraction': 1.0, 'B_rank_tolerance': 4.661821786910991e-05, 'B_stable_rank': 154.9310302734375, 'B_effective_rank': 771.3497180746854, 'B_entropy_rank': 6.648141860961914, 'B_spectral_norm': 0.1267213076353073, 'B_frobenius_norm': 1.5773165225982666, 'B_nuclear_norm': 43.07721710205078, 'B_condition_number': 4.547249619486158, 'B_condition_number_tol': 4.547249619486158, 'B_smallest_singular_value': 0.02786768227815628, 'B_rank_rel_1em2': 800, 'B_rank_rel_1em3': 800, 'B_rank_rel_1em4': 800}
Benchmark 6 evaluation grid shape: (800, 3)
Replicate 89, benchmark 6 metrics: {'run_id': '89_b6', 'RMSE': 0.13367808560251504, 'MAE': 0.12168408670113422, 'SupNorm': 0.22991544008255005, 'Bias': -0.12167328208102844, 'Corr': 0.9158444079845673, 'deming_slope': 0.47056811098789225, 'deming_intercept': 0.018092071754698874, 'beta_sum': 0.6979832053184509, 'beta_l1': 8.471481323242188, 'beta_l2': 0.3732486963272095, 'beta_min': -0.035474956035614014, 'beta_max': 0.04069141298532486, 'beta_neg_frac': 0.4725, 'offline_data_id': 89, 'benchmark_id': 6, 'benchmark_point_source': 'support_safe_target_policy_draw', 'target_set_size': 100, 'benchmark_z_path': 'data/Z_true.pt', 'projected_bellman_test_risk': 0.0124472975730896, 'oracle_embedding_risk': 0.8088745474815369, 'benchmark_embedding_risk': 0.8088745474815369, 'risk_bellman_final': 0.01006876627279518, 'risk_obj_final': 0.0897940620779991, 'B_num_rows': 3086, 'B_num_cols': 800, 'B_min_dim': 800, 'B_numerical_rank': 800, 'B_rank_fraction': 1.0, 'B_rank_tolerance': 4.661821786910991e-05, 'B_stable_rank': 154.9310302734375, 'B_effective_rank': 771.3497180746854, 'B_entropy_rank': 6.648141860961914, 'B_spectral_norm': 0.1267213076353073, 'B_frobenius_norm': 1.5773165225982666, 'B_nuclear_norm': 43.07721710205078, 'B_condition_number': 4.547249619486158, 'B_condition_number_tol': 4.547249619486158, 'B_smallest_singular_value': 0.02786768227815628, 'B_rank_rel_1em2': 800, 'B_rank_rel_1em3': 800, 'B_rank_rel_1em4': 800}
Benchmark 7 evaluation grid shape: (800, 3)
Replicate 89, benchmark 7 metrics: {'run_id': '89_b7', 'RMSE': 0.0681119261584819, 'MAE': 0.06228237367235124, 'SupNorm': 0.10566864907741547, 'Bias': -0.06217069575563073, 'Corr': 0.962750506084061, 'deming_slope': 0.8302167427253996, 'deming_intercept': -0.017774888202650996, 'beta_sum': 0.7021376490592957, 'beta_l1': 9.479525566101074, 'beta_l2': 0.4234932065010071, 'beta_min': -0.04866565391421318, 'beta_max': 0.05570433661341667, 'beta_neg_frac': 0.5, 'offline_data_id': 89, 'benchmark_id': 7, 'benchmark_point_source': 'support_safe_target_policy_draw', 'target_set_size': 100, 'benchmark_z_path': 'data/Z_true.pt', 'projected_bellman_test_risk': 0.023799356073141098, 'oracle_embedding_risk': 0.7660011053085327, 'benchmark_embedding_risk': 0.7660011053085327, 'risk_bellman_final': 0.01006876627279518, 'risk_obj_final': 0.0897940620779991, 'B_num_rows': 3086, 'B_num_cols': 800, 'B_min_dim': 800, 'B_numerical_rank': 800, 'B_rank_fraction': 1.0, 'B_rank_tolerance': 4.661821786910991e-05, 'B_stable_rank': 154.9310302734375, 'B_effective_rank': 771.3497180746854, 'B_entropy_rank': 6.648141860961914, 'B_spectral_norm': 0.1267213076353073, 'B_frobenius_norm': 1.5773165225982666, 'B_nuclear_norm': 43.07721710205078, 'B_condition_number': 4.547249619486158, 'B_condition_number_tol': 4.547249619486158, 'B_smallest_singular_value': 0.02786768227815628, 'B_rank_rel_1em2': 800, 'B_rank_rel_1em3': 800, 'B_rank_rel_1em4': 800}
Benchmark 8 evaluation grid shape: (800, 3)
Replicate 89, benchmark 8 metrics: {'run_id': '89_b8', 'RMSE': 0.10355008600551648, 'MAE': 0.09323971944133519, 'SupNorm': 0.17469802498817444, 'Bias': -0.0929388048054534, 'Corr': 0.9430837117581734, 'deming_slope': 0.5960136962671378, 'deming_intercept': 0.012297276946673652, 'beta_sum': 0.7178581953048706, 'beta_l1': 4.558852672576904, 'beta_l2': 0.20532166957855225, 'beta_min': -0.026659607887268066, 'beta_max': 0.031392186880111694, 'beta_neg_frac': 0.4675, 'offline_data_id': 89, 'benchmark_id': 8, 'benchmark_point_source': 'support_safe_target_policy_draw', 'target_set_size': 100, 'benchmark_z_path': 'data/Z_true.pt', 'projected_bellman_test_risk': 0.04021935909986496, 'oracle_embedding_risk': 0.7817182540893555, 'benchmark_embedding_risk': 0.7817182540893555, 'risk_bellman_final': 0.01006876627279518, 'risk_obj_final': 0.0897940620779991, 'B_num_rows': 3086, 'B_num_cols': 800, 'B_min_dim': 800, 'B_numerical_rank': 800, 'B_rank_fraction': 1.0, 'B_rank_tolerance': 4.661821786910991e-05, 'B_stable_rank': 154.9310302734375, 'B_effective_rank': 771.3497180746854, 'B_entropy_rank': 6.648141860961914, 'B_spectral_norm': 0.1267213076353073, 'B_frobenius_norm': 1.5773165225982666, 'B_nuclear_norm': 43.07721710205078, 'B_condition_number': 4.547249619486158, 'B_condition_number_tol': 4.547249619486158, 'B_smallest_singular_value': 0.02786768227815628, 'B_rank_rel_1em2': 800, 'B_rank_rel_1em3': 800, 'B_rank_rel_1em4': 800}
Benchmark 9 evaluation grid shape: (800, 3)
Replicate 89, benchmark 9 metrics: {'run_id': '89_b9', 'RMSE': 0.10774858417040484, 'MAE': 0.09794618726358749, 'SupNorm': 0.18515446782112122, 'Bias': -0.0979262301849667, 'Corr': 0.8978927062077023, 'deming_slope': 0.7058631790591117, 'deming_intercept': -0.01975489966448593, 'beta_sum': 0.628019392490387, 'beta_l1': 9.124653816223145, 'beta_l2': 0.41239821910858154, 'beta_min': -0.04578476399183273, 'beta_max': 0.05553387850522995, 'beta_neg_frac': 0.50125, 'offline_data_id': 89, 'benchmark_id': 9, 'benchmark_point_source': 'support_safe_target_policy_draw', 'target_set_size': 100, 'benchmark_z_path': 'data/Z_true.pt', 'projected_bellman_test_risk': 0.019813820719718933, 'oracle_embedding_risk': 0.7882572412490845, 'benchmark_embedding_risk': 0.7882572412490845, 'risk_bellman_final': 0.01006876627279518, 'risk_obj_final': 0.0897940620779991, 'B_num_rows': 3086, 'B_num_cols': 800, 'B_min_dim': 800, 'B_numerical_rank': 800, 'B_rank_fraction': 1.0, 'B_rank_tolerance': 4.661821786910991e-05, 'B_stable_rank': 154.9310302734375, 'B_effective_rank': 771.3497180746854, 'B_entropy_rank': 6.648141860961914, 'B_spectral_norm': 0.1267213076353073, 'B_frobenius_norm': 1.5773165225982666, 'B_nuclear_norm': 43.07721710205078, 'B_condition_number': 4.547249619486158, 'B_condition_number_tol': 4.547249619486158, 'B_smallest_singular_value': 0.02786768227815628, 'B_rank_rel_1em2': 800, 'B_rank_rel_1em3': 800, 'B_rank_rel_1em4': 800}
Replicate 89 finished in 23.6s
Finished combo 2, offline replicate 89.
