Job ID:    2359098
Array idx: 310
CPUs/node: 64
Mem/node:  131072
Using CC = cc 
Using CXX = CC 
Using FC = ftn 
Using F77 = ftn 
Using F90 = ftn 
cuda/12.6.1 is deprecated; loading cudatoolkit/25.5_12.9 instead.
Using CC = /opt/nvidia/hpc_sdk/Linux_aarch64/25.5/compilers/bin/nvc 
Using CXX = /opt/nvidia/hpc_sdk/Linux_aarch64/25.5/compilers/bin/nvc++ 
Using FC = /opt/nvidia/hpc_sdk/Linux_aarch64/25.5/compilers/bin/nvfortran 
Using F77 = /opt/nvidia/hpc_sdk/Linux_aarch64/25.5/compilers/bin/nvfortran 
Using F90 = /opt/nvidia/hpc_sdk/Linux_aarch64/25.5/compilers/bin/nvfortran 
Using CC = /opt/nvidia/hpc_sdk/Linux_aarch64/25.5/compilers/bin/nvc 
Using CXX = /opt/nvidia/hpc_sdk/Linux_aarch64/25.5/compilers/bin/nvc++ 
Using FC = /opt/nvidia/hpc_sdk/Linux_aarch64/25.5/compilers/bin/nvfortran 
Using F77 = /opt/nvidia/hpc_sdk/Linux_aarch64/25.5/compilers/bin/nvfortran 
Using F90 = /opt/nvidia/hpc_sdk/Linux_aarch64/25.5/compilers/bin/nvfortran 

Lmod is automatically replacing "gcc-native/14" with "gcc/14.2.0".

ghx4
0
Tuning combo id: 3 / 6
Offline replicate id: 10 / 99
Installing ke_drl from git: https://github.com/mehrdadmhmdi/ke-drl.git@main
Collecting git+https://github.com/mehrdadmhmdi/ke-drl.git@main
  Cloning https://github.com/mehrdadmhmdi/ke-drl.git (to revision main) to /tmp/pip-req-build-xuv481hb
  Running command git clone --filter=blob:none --quiet https://github.com/mehrdadmhmdi/ke-drl.git /tmp/pip-req-build-xuv481hb
  Resolved https://github.com/mehrdadmhmdi/ke-drl.git to commit 3c5d570e40ea15b1fbe4817b5f43b64c7b333e82
  Installing build dependencies: started
  Installing build dependencies: finished with status 'done'
  Getting requirements to build wheel: started
  Getting requirements to build wheel: finished with status 'done'
  Preparing metadata (pyproject.toml): started
  Preparing metadata (pyproject.toml): finished with status 'done'
Building wheels for collected packages: ke_drl
  Building wheel for ke_drl (pyproject.toml): started
  Building wheel for ke_drl (pyproject.toml): finished with status 'done'
  Created wheel for ke_drl: filename=ke_drl-0.1.0-py3-none-any.whl size=47219 sha256=da8b2fa2c8105748641f77d663a9544e393b58683f699ce330b5d4ac2de54f53
  Stored in directory: /tmp/pip-ephem-wheel-cache-kfv01uj7/wheels/24/47/ad/9a4ffd3b05d3e90e35ffc6e7324b735b8bfcf5f51aaf29a333
Successfully built ke_drl
Installing collected packages: ke_drl
Successfully installed ke_drl-0.1.0
Installed ke_drl source: /work/nvme/bfez/mehrdad3/DistRL/simulation_3/runs/sim3_global_2358722_3/.kedrl_site_310/ke_drl/__init__.py
Tuning combo 3: kernel_nu_7.5
Overrides: {'kernel': {'nu': 7.5}}
RUN: /sw/user/python/miniforge3-pytorch-24.11.3/bin/python3 validate_sim_config.py --params params.yaml
ke_drl import source: /work/nvme/bfez/mehrdad3/DistRL/simulation_3/runs/sim3_global_2358722_3/.kedrl_site_310/ke_drl/__init__.py
ke_drl package API OK: prediction weights, RFF operators, rank diagnostics, and best-checkpoint optimizer available
Policy config OK: behavior=uniform, target=logistic, state_dim=5, action_dim=1
Note: policy.logistic.theta_scale/theta_std are log-scale coefficients in Probability_Densities.
Behavior-policy linearized state-process diagnostic: spectral_radius=0.653, offline_burn_in=50
Replicate config OK: num_replicates=100, benchmark points=10 independent of D_i, loss target points=100
Transition reduction OK: method=kmeans, raw rows N(T-1)=12000, target rows about 3000, B rows reduced from 12000 to about 3000
Return-operator approximation OK: method=rff, features=512, exact G avoided for estimated N=12000, m=800, L=100
Fixed benchmark config rows=4 (benchmark.num_points=10; additional points are support-safe target-policy draws if needed)
Fixed benchmark point 0: s_star=[0.6, -0.8, 0.7, -0.5, 0.9], a_star=[0.5]
Fixed benchmark behavior-support interval for configured rows: min_lower=-0.12, max_upper=1.11
Fixed benchmark target-policy location range: [-0.02, 0.14]
Reusing shared data from /work/nvme/bfez/mehrdad3/DistRL/simulation_3/runs/sim3_shared_data/data for offline replicate 10.
RUN: /sw/user/python/miniforge3-pytorch-24.11.3/bin/python3 validate_sim_config.py --params params.yaml --data data/offline_data_10.pt
ke_drl import source: /work/nvme/bfez/mehrdad3/DistRL/simulation_3/runs/sim3_global_2358722_3/.kedrl_site_310/ke_drl/__init__.py
ke_drl package API OK: prediction weights, RFF operators, rank diagnostics, and best-checkpoint optimizer available
Policy config OK: behavior=uniform, target=logistic, state_dim=5, action_dim=1
Note: policy.logistic.theta_scale/theta_std are log-scale coefficients in Probability_Densities.
Behavior-policy linearized state-process diagnostic: spectral_radius=0.653, offline_burn_in=50
Replicate config OK: num_replicates=100, benchmark points=10 independent of D_i, loss target points=100
Transition reduction OK: method=kmeans, raw rows N(T-1)=12000, target rows about 3000, B rows reduced from 12000 to about 3000
Return-operator approximation OK: method=rff, features=512, exact G avoided for estimated N=12000, m=800, L=100
Fixed benchmark config rows=4 (benchmark.num_points=10; additional points are support-safe target-policy draws if needed)
Fixed benchmark point 0: s_star=[0.6, -0.8, 0.7, -0.5, 0.9], a_star=[0.5]
Fixed benchmark behavior-support interval for configured rows: min_lower=-0.12, max_upper=1.11
Fixed benchmark target-policy location range: [-0.02, 0.14]
Full benchmark support check OK: 10 points, min_lower=-2.177, max_upper=2.05
observed behavior actions: mean=0.401, sd=0.6746, q0/q10/q50/q90/q100=[-2.5387208461761475, -0.4024472504854202, 0.34270796179771423, 1.301270890235901, 2.8778438568115234]
target-policy sampled actions: mean=-0.02493, sd=0.6665, q0/q10/q50/q90/q100=[-2.9580267909278617, -0.8905036594304161, -0.013941276656739929, 0.8110452586253473, 2.3843449502446257]
behavior uniform lower: mean=-0.1246, sd=0.661, q0/q10/q50/q90/q100=[-2.882436680793762, -0.9810862016677856, -0.11835492327809335, 0.708610474914313, 2.28313155323267]
behavior uniform upper: mean=0.9216, sd=0.6452, q0/q10/q50/q90/q100=[-0.9624326467514037, 0.06730120671913029, 0.9370332829654218, 1.7496328431367874, 3.28313155323267]
target location inside behavior uniform support: 0.969
RUN: /sw/user/python/miniforge3-pytorch-24.11.3/bin/python3 main_est.py
# ================================================================ #
#   Global KE-DRL estimation for one offline replicate              #
# ================================================================ #
Slurm Job ID: 2359098
Slurm Array ID: 10 -- used as the offline-replicate id
Offline data id: 10
ke_drl import source: /work/nvme/bfez/mehrdad3/DistRL/simulation_3/runs/sim3_global_2358722_3/.kedrl_site_310/ke_drl/__init__.py
Estimator device: cuda (NVIDIA GH200 120GB, capability 9.0); torch CUDA=13.0
Random seed: 20460522
Number of offline replicates: 100
[transition reduction] enabled: original rows=12000, target basis=3000, method=kmeans, device=cuda
[transition reduction] kmeans iter 1/20, mean center shift=2.7639e-01
[transition reduction] kmeans iter 5/20, mean center shift=5.5810e-03
[transition reduction] kmeans iter 10/20, mean center shift=1.1632e-04
[transition reduction] selected 3083 rows from 12000 transitions (ratio 0.2569); indices saved to data/reduced_transition_indices_10.pt
Data and parameters loaded.
offline path: data/offline_data_10.pt
benchmark true-Z path: data/Z_true.pt
offline shapes after reduction: s0=(3083, 5), a0=(3083, 1), r0=(3083, 3)
transition reduction: {'enabled': True, 'method': 'kmeans', 'original_rows': 12000, 'reduced_rows': 3083, 'selected_indices_path': 'data/reduced_transition_indices_10.pt', 'target_basis': 3000, 'compression_ratio': 0.2569166666666667}
fixed benchmark point source: fixed_config_plus_support_safe_target_policy_draws
benchmark row excluded from this offline data: None
global loss target set shape: s_star=(100, 5), a_star=(100, 1)
benchmark true-Z count=10, shape each=(50000, 3)
target policy: logistic
behavior policy: uniform
lambda_Gamma=0.005, lambda_B=0.02, d_r_method=song
dtype=torch.float32, operator_method=rff, operator_num_features=512
ridge_mode=rkhs, diagnostic_interval=50
mass_anchor_lambda=1.0, target_mass=1.0
uLSIF basis: source=numerator, n_basis=512, lambda_reg=0.005
optimizer stabilizers: lambda_neg=0.0, max_B_norm=None, eta_clip_min=0.0, eta_clip_max=5.0, normalize_eta=True
========================================
Estimating the global KE-DRL mean embedding
torch device=cuda, dtype=torch.float32
Data dims: N=3083, L=100, Ds=5, Da=1, Dr=3
lambda_Gamma=0.005, lambda_B=0.02
return-operator construction: method=rff, rff_features=512
[uLSIF] basis=512/3083 (numerator); eta_hat min=-1.161e+00 max=5.243e+00 neg%=4.61
ESS for eta_plus: 2115.6 / 3083
eta_plus diagnostics: raw_mean=0.997, raw_min=-1.16, raw_max=5.24; used_mean=1, used_min=0, used_max=4.95
[timing] Z-grid: 0.03s
[timing] K_X: 0.00s
[timing] K_plus: 0.00s
[timing] k_star: 0.00s
[timing] Gamma_stack: 0.01s
[timing] Phi_stack: 0.00s
[timing] RFF feature sample: 0.00s
[timing] K_Z RFF: 0.00s
[timing] G_stack RFF: 0.01s
[timing] H_stack RFF: 0.01s
findfont: Font family 'Nimbus Roman' not found.
findfont: Font family 'Nimbus Roman' not found.
findfont: Font family 'Nimbus Roman' not found.
findfont: Font family 'Nimbus Roman' not found.
findfont: Font family 'Nimbus Roman' not found.
findfont: Font family 'Nimbus Roman' not found.
findfont: Font family 'Nimbus Roman' not found.
findfont: Font family 'Nimbus Roman' not found.
findfont: Font family 'Nimbus Roman' not found.
findfont: Font family 'Nimbus Roman' not found.
findfont: Font family 'Nimbus Roman' not found.
findfont: Font family 'Nimbus Roman' not found.
findfont: Font family 'Nimbus Roman' not found.
findfont: Font family 'Nimbus Roman' not found.
findfont: Font family 'Nimbus Roman' not found.
findfont: Font family 'Nimbus Roman' not found.
findfont: Font family 'Nimbus Roman' not found.
findfont: Font family 'Nimbus Roman' not found.
findfont: Font family 'Nimbus Roman' not found.
findfont: Font family 'Nimbus Roman' not found.
findfont: Font family 'Nimbus Roman' not found.
findfont: Font family 'Nimbus Roman' not found.
findfont: Font family 'Nimbus Roman' not found.
findfont: Font family 'Nimbus Roman' not found.
findfont: Font family 'Nimbus Roman' not found.
findfont: Font family 'Nimbus Roman' not found.
findfont: Font family 'Nimbus Roman' not found.
findfont: Font family 'Nimbus Roman' not found.
findfont: Font family 'Nimbus Roman' not found.
findfont: Font family 'Nimbus Roman' not found.
findfont: Font family 'Nimbus Roman' not found.
findfont: Font family 'Nimbus Roman' not found.
findfont: Font family 'Nimbus Roman' not found.
findfont: Font family 'Nimbus Roman' not found.
findfont: Font family 'Nimbus Roman' not found.
findfont: Font family 'Nimbus Roman' not found.
findfont: Font family 'Nimbus Roman' not found.
findfont: Font family 'Nimbus Roman' not found.
findfont: Font family 'Nimbus Roman' not found.
findfont: Font family 'Nimbus Roman' not found.
findfont: Font family 'Nimbus Roman' not found.
findfont: Font family ['Nimbus Roman'] not found. Falling back to DejaVu Sans.
findfont: Font family 'Nimbus Roman' not found.
findfont: Font family ['Nimbus Roman'] not found. Falling back to DejaVu Sans.
findfont: Font family 'Nimbus Roman' not found.
findfont: Font family 'Nimbus Roman' not found.
findfont: Font family 'Nimbus Roman' not found.
findfont: Font family 'Nimbus Roman' not found.
findfont: Font family 'Nimbus Roman' not found.
findfont: Font family 'Nimbus Roman' not found.
findfont: Font family 'Nimbus Roman' not found.
findfont: Font family 'Nimbus Roman' not found.
findfont: Font family 'Nimbus Roman' not found.
findfont: Font family ['Nimbus Roman'] not found. Falling back to DejaVu Sans.
findfont: Font family 'Nimbus Roman' not found.
findfont: Font family 'Nimbus Roman' not found.
findfont: Font family 'Nimbus Roman' not found.
findfont: Font family 'Nimbus Roman' not found.
findfont: Font family 'Nimbus Roman' not found.
findfont: Font family 'Nimbus Roman' not found.
findfont: Font family 'Nimbus Roman' not found.
findfont: Font family 'Nimbus Roman' not found.
findfont: Font family 'Nimbus Roman' not found.
findfont: Font family 'Nimbus Roman' not found.
findfont: Font family 'Nimbus Roman' not found.
findfont: Font family 'Nimbus Roman' not found.
findfont: Font family 'Nimbus Roman' not found.
findfont: Font family 'Nimbus Roman' not found.
findfont: Font family 'Nimbus Roman' not found.
findfont: Font family 'Nimbus Roman' not found.
findfont: Font family 'Nimbus Roman' not found.
findfont: Font family 'Nimbus Roman' not found.
findfont: Font family 'Nimbus Roman' not found.
findfont: Font family 'Nimbus Roman' not found.
findfont: Font family 'Nimbus Roman' not found.
findfont: Font family 'Nimbus Roman' not found.
findfont: Font family 'Nimbus Roman' not found.
findfont: Font family 'Nimbus Roman' not found.
findfont: Font family 'Nimbus Roman' not found.
findfont: Font family 'Nimbus Roman' not found.
findfont: Font family 'Nimbus Roman' not found.
findfont: Font family 'Nimbus Roman' not found.
findfont: Font family 'Nimbus Roman' not found.
findfont: Font family 'Nimbus Roman' not found.
findfont: Font family 'Nimbus Roman' not found.
findfont: Font family 'Nimbus Roman' not found.
findfont: Font family 'Nimbus Roman' not found.
findfont: Font family 'Nimbus Roman' not found.
findfont: Font family 'Nimbus Roman' not found.
findfont: Font family 'Nimbus Roman' not found.
findfont: Font family 'Nimbus Roman' not found.
findfont: Font family 'Nimbus Roman' not found.
findfont: Font family 'Nimbus Roman' not found.
findfont: Font family 'Nimbus Roman' not found.
findfont: Font family 'Nimbus Roman' not found.
findfont: Font family 'Nimbus Roman' not found.
findfont: Font family 'Nimbus Roman' not found.
findfont: Font family 'Nimbus Roman' not found.
findfont: Font family 'Nimbus Roman' not found.
findfont: Font family 'Nimbus Roman' not found.
findfont: Font family 'Nimbus Roman' not found.
findfont: Font family 'Nimbus Roman' not found.
findfont: Font family 'Nimbus Roman' not found.
findfont: Font family 'Nimbus Roman' not found.
findfont: Font family 'Nimbus Roman' not found.
findfont: Font family 'Nimbus Roman' not found.
findfont: Font family 'Nimbus Roman' not found.
findfont: Font family 'Nimbus Roman' not found.
findfont: Font family 'Nimbus Roman' not found.
findfont: Font family 'Nimbus Roman' not found.
findfont: Font family 'Nimbus Roman' not found.
findfont: Font family 'Nimbus Roman' not found.
findfont: Font family 'Nimbus Roman' not found.
findfont: Font family 'Nimbus Roman' not found.
findfont: Font family 'Nimbus Roman' not found.
findfont: Font family 'Nimbus Roman' not found.
findfont: Font family 'Nimbus Roman' not found.
findfont: Font family 'Nimbus Roman' not found.
findfont: Font family 'Nimbus Roman' not found.
findfont: Font family 'Nimbus Roman' not found.
findfont: Font family 'Nimbus Roman' not found.
findfont: Font family 'Nimbus Roman' not found.
findfont: Font family 'Nimbus Roman' not found.
findfont: Font family 'Nimbus Roman' not found.
findfont: Font family 'Nimbus Roman' not found.
findfont: Font family 'Nimbus Roman' not found.
findfont: Font family 'Nimbus Roman' not found.
findfont: Font family 'Nimbus Roman' not found.
findfont: Font family 'Nimbus Roman' not found.
Ridge mode: rkhs; diagnostic interval: 50
Iter 1/4000 | log_obj=9.827e+00 | log_Bellman_root=3.497e+00 | mass=1.74e+04 | neg=0.00e+00 | grad=2.55e+02
Iter 400/4000 | log_obj=4.530e+00 | log_Bellman_root=8.419e-01 | mass=8.73e+01 | neg=0.00e+00 | grad=2.97e+03
Iter 800/4000 | log_obj=4.191e+00 | log_Bellman_root=6.803e-01 | mass=6.22e+01 | neg=0.00e+00 | grad=3.92e+03
Iter 1200/4000 | log_obj=2.442e+00 | log_Bellman_root=-1.966e-01 | mass=1.08e+01 | neg=0.00e+00 | grad=2.52e+03
Iter 1600/4000 | log_obj=2.513e+00 | log_Bellman_root=-1.748e-01 | mass=1.16e+01 | neg=0.00e+00 | grad=2.31e+03
Iter 2000/4000 | log_obj=2.507e+00 | log_Bellman_root=-1.777e-01 | mass=1.15e+01 | neg=0.00e+00 | grad=2.32e+03
Iter 2400/4000 | log_obj=-1.051e+00 | log_Bellman_root=-1.383e+00 | mass=2.69e-01 | neg=0.00e+00 | grad=1.14e+03
Iter 2800/4000 | log_obj=9.805e-01 | log_Bellman_root=-9.385e-01 | mass=2.50e+00 | neg=0.00e+00 | grad=1.15e+03
Iter 3200/4000 | log_obj=9.733e-01 | log_Bellman_root=-9.420e-01 | mass=2.48e+00 | neg=0.00e+00 | grad=1.15e+03
Iter 3600/4000 | log_obj=-9.742e-02 | log_Bellman_root=-1.380e+00 | mass=8.28e-01 | neg=0.00e+00 | grad=6.59e+02
Iter 4000/4000 | log_obj=-3.539e-01 | log_Bellman_root=-1.495e+00 | mass=6.36e-01 | neg=0.00e+00 | grad=5.82e+02
Returning best diagnostic checkpoint from step 3500 (objective=1.351e-01, Bellman=1.525e-02).
Done in 11.51s.
KE-DRL global estimation is done.
B_hat shape: (3083, 800)
B_hat rank diagnostics: {'B_num_rows': 3083, 'B_num_cols': 800, 'B_min_dim': 800, 'B_numerical_rank': 800, 'B_rank_fraction': 1.0, 'B_rank_tolerance': 3.3730654252828174e-05, 'B_stable_rank': 286.53466796875, 'B_effective_rank': 771.4538148209267, 'B_entropy_rank': 6.6482768058776855, 'B_spectral_norm': 0.09177853912115097, 'B_frobenius_norm': 1.5535660982131958, 'B_nuclear_norm': 42.444114685058594, 'B_condition_number': 3.4025168550622777, 'B_condition_number_tol': 3.4025168550622777, 'B_smallest_singular_value': 0.026973720639944077, 'B_rank_rel_1em2': 800, 'B_rank_rel_1em3': 800, 'B_rank_rel_1em4': 800}
Global-loss target mass diagnostics: {'target_mass_mean': 1.289337158203125, 'target_mass_min': 0.9737311601638794, 'target_mass_max': 1.5601862668991089, 'target_mass_sd': 0.14301958680152893, 'target_mass_rmse_to_target': 0.32243776321411133, 'target_beta_min': -0.0071932049468159676, 'target_beta_max': 0.04368022084236145, 'target_neg_frac_mean': 0.270725}
Return dictionary Z_grid shape: (800, 3)
Replicate 10 risk metrics: {'risk_n_steps_recorded': 81.0, 'risk_n_diagnostics_recorded': 81.0, 'risk_log_obj_initial': 9.826978397565316, 'risk_log_obj_final': -0.35386684537947694, 'risk_log_obj_min': -2.0016849449588343, 'risk_obj_initial': 18526.888671875015, 'risk_obj_final': 0.7019684314727783, 'risk_obj_min': 0.1351074427366257, 'risk_log_obj_drop': 10.180845242944793, 'risk_log_bellman_root_initial': 3.4971844988557486, 'risk_log_bellman_root_final': -1.4947050164299098, 'risk_log_bellman_root_min': -2.091534357809816, 'risk_bellman_root_initial': 33.02234649658204, 'risk_bellman_root_final': 0.22431476414203644, 'risk_bellman_root_min': 0.12349750101566317, 'risk_bellman_initial': 1090.4753681403238, 'risk_bellman_final': 0.05031711341209744, 'risk_bellman_min': 0.015251632757113725, 'risk_log_bellman_root_drop': 4.991889515285658, 'risk_bellman_returned': 0.015251632779836655, 'risk_obj_returned': 0.13510744273662567, 'risk_returned_step': 3500.0, 'offline_data_id': 10, 'benchmark_point_source': 'fixed_config_plus_support_safe_target_policy_draws', 'target_set_size': 100, 'lambda_reg': 0.005, 'lambda_B': 0.02, 'num_steps': 4000, 'transition_reduction_enabled': 1, 'transition_reduction_method': 'kmeans', 'transition_original_rows': 12000, 'transition_reduced_rows': 3083, 'transition_compression_ratio': 0.2569166666666667, 'target_mass_mean': 1.289337158203125, 'target_mass_min': 0.9737311601638794, 'target_mass_max': 1.5601862668991089, 'target_mass_sd': 0.14301958680152893, 'target_mass_rmse_to_target': 0.32243776321411133, 'target_beta_min': -0.0071932049468159676, 'target_beta_max': 0.04368022084236145, 'target_neg_frac_mean': 0.270725, 'B_num_rows': 3083, 'B_num_cols': 800, 'B_min_dim': 800, 'B_numerical_rank': 800, 'B_rank_fraction': 1.0, 'B_rank_tolerance': 3.3730654252828174e-05, 'B_stable_rank': 286.53466796875, 'B_effective_rank': 771.4538148209267, 'B_entropy_rank': 6.6482768058776855, 'B_spectral_norm': 0.09177853912115097, 'B_frobenius_norm': 1.5535660982131958, 'B_nuclear_norm': 42.444114685058594, 'B_condition_number': 3.4025168550622777, 'B_condition_number_tol': 3.4025168550622777, 'B_smallest_singular_value': 0.026973720639944077, 'B_rank_rel_1em2': 800, 'B_rank_rel_1em3': 800, 'B_rank_rel_1em4': 800, 'risk_objective_final_raw': 0.7019684314727783, 'risk_objective_min_raw': 0.13510744273662567, 'risk_objective_max_raw': 18526.888671875, 'risk_bellman_final_raw': 0.05031711608171463, 'risk_bellman_min_raw': 0.015251632779836655, 'risk_bellman_max_raw': 1090.475341796875, 'risk_rkhs_ridge_final_raw': 0.015309097245335579, 'risk_rkhs_ridge_min_raw': 0.014923827722668648, 'risk_rkhs_ridge_max_raw': 2.3502960205078125, 'risk_mass_final_raw': 0.6363422274589539, 'risk_mass_min_raw': 0.1039661094546318, 'risk_mass_max_raw': 17434.0625, 'risk_negativity_final_raw': 0.0, 'risk_negativity_min_raw': 0.0, 'risk_negativity_max_raw': 0.0, 'risk_B_norm_final_raw': 1.5517700910568237, 'risk_B_norm_min_raw': 1.5517700910568237, 'risk_B_norm_max_raw': 1.6405971050262451, 'risk_diagnostic_step_final_raw': 4000.0, 'risk_diagnostic_step_min_raw': 1.0, 'risk_diagnostic_step_max_raw': 4000.0, 'risk_best_step_final_raw': 3500.0, 'risk_best_step_min_raw': 3500.0, 'risk_best_step_max_raw': 3500.0, 'risk_best_objective_final_raw': 0.13510744273662567, 'risk_best_objective_min_raw': 0.13510744273662567, 'risk_best_objective_max_raw': 0.13510744273662567, 'risk_best_bellman_final_raw': 0.015251632779836655, 'risk_best_bellman_min_raw': 0.015251632779836655, 'risk_best_bellman_max_raw': 0.015251632779836655, 'risk_returned_step_final_raw': 3500.0, 'risk_returned_step_min_raw': 3500.0, 'risk_returned_step_max_raw': 3500.0, 'risk_returned_objective_final_raw': 0.13510744273662567, 'risk_returned_objective_min_raw': 0.13510744273662567, 'risk_returned_objective_max_raw': 0.13510744273662567, 'risk_returned_bellman_final_raw': 0.015251632779836655, 'risk_returned_bellman_min_raw': 0.015251632779836655, 'risk_returned_bellman_max_raw': 0.015251632779836655, 'risk_returned_best_checkpoint_final_raw': 1.0, 'risk_returned_best_checkpoint_min_raw': 1.0, 'risk_returned_best_checkpoint_max_raw': 1.0}
Benchmark 0 evaluation grid shape: (800, 3)
Replicate 10, benchmark 0 metrics: {'run_id': '10_b0', 'RMSE': 0.09303728812916114, 'MAE': 0.07824815261330514, 'SupNorm': 0.21687030792236328, 'Bias': 0.007750053620766266, 'Corr': 0.6857439804538648, 'deming_slope': 1.4665735309633012, 'deming_intercept': -0.11585903818392995, 'beta_sum': 1.2162988185882568, 'beta_l1': 1.7502435445785522, 'beta_l2': 0.08221133053302765, 'beta_min': -0.005119312088936567, 'beta_max': 0.012864205986261368, 'beta_neg_frac': 0.27625, 'offline_data_id': 10, 'benchmark_id': 0, 'benchmark_point_source': 'fixed_config', 'target_set_size': 100, 'benchmark_z_path': 'data/Z_true.pt', 'projected_bellman_test_risk': 0.026735525578260422, 'oracle_embedding_risk': 0.8356606960296631, 'benchmark_embedding_risk': 0.8356606960296631, 'risk_bellman_final': 0.05031711341209744, 'risk_obj_final': 0.7019684314727783, 'B_num_rows': 3083, 'B_num_cols': 800, 'B_min_dim': 800, 'B_numerical_rank': 800, 'B_rank_fraction': 1.0, 'B_rank_tolerance': 3.3730654252828174e-05, 'B_stable_rank': 286.53466796875, 'B_effective_rank': 771.4538148209267, 'B_entropy_rank': 6.6482768058776855, 'B_spectral_norm': 0.09177853912115097, 'B_frobenius_norm': 1.5535660982131958, 'B_nuclear_norm': 42.444114685058594, 'B_condition_number': 3.4025168550622777, 'B_condition_number_tol': 3.4025168550622777, 'B_smallest_singular_value': 0.026973720639944077, 'B_rank_rel_1em2': 800, 'B_rank_rel_1em3': 800, 'B_rank_rel_1em4': 800}
Saved ./mu/mu_hat.csv shape=(800,)
Saved ./mu/mu2D_hat_dims01.csv shape=(120, 120)
Saved ./mu/mu2D_hat_dims01.csv shape=(120, 120)
Saved plots/replicate_10/mu_3D.png
Benchmark 1 evaluation grid shape: (800, 3)
Replicate 10, benchmark 1 metrics: {'run_id': '10_b1', 'RMSE': 0.20520544771599025, 'MAE': 0.18631204770528711, 'SupNorm': 0.3446657359600067, 'Bias': 0.18630880208569578, 'Corr': 0.9927128130260738, 'deming_slope': 1.8734940785881846, 'deming_intercept': -0.0436098445753168, 'beta_sum': 1.5130844116210938, 'beta_l1': 1.8334389925003052, 'beta_l2': 0.07812107354402542, 'beta_min': -0.004795917309820652, 'beta_max': 0.007540213875472546, 'beta_neg_frac': 0.175, 'offline_data_id': 10, 'benchmark_id': 1, 'benchmark_point_source': 'fixed_config', 'target_set_size': 100, 'benchmark_z_path': 'data/Z_true.pt', 'projected_bellman_test_risk': 0.0486176498234272, 'oracle_embedding_risk': 0.879915714263916, 'benchmark_embedding_risk': 0.879915714263916, 'risk_bellman_final': 0.05031711341209744, 'risk_obj_final': 0.7019684314727783, 'B_num_rows': 3083, 'B_num_cols': 800, 'B_min_dim': 800, 'B_numerical_rank': 800, 'B_rank_fraction': 1.0, 'B_rank_tolerance': 3.3730654252828174e-05, 'B_stable_rank': 286.53466796875, 'B_effective_rank': 771.4538148209267, 'B_entropy_rank': 6.6482768058776855, 'B_spectral_norm': 0.09177853912115097, 'B_frobenius_norm': 1.5535660982131958, 'B_nuclear_norm': 42.444114685058594, 'B_condition_number': 3.4025168550622777, 'B_condition_number_tol': 3.4025168550622777, 'B_smallest_singular_value': 0.026973720639944077, 'B_rank_rel_1em2': 800, 'B_rank_rel_1em3': 800, 'B_rank_rel_1em4': 800}
Benchmark 2 evaluation grid shape: (800, 3)
Replicate 10, benchmark 2 metrics: {'run_id': '10_b2', 'RMSE': 0.21128241255211555, 'MAE': 0.19089710437692703, 'SupNorm': 0.35423731803894043, 'Bias': 0.19087858614511788, 'Corr': 0.9634021738830466, 'deming_slope': 1.9231125932313022, 'deming_intercept': -0.05915015298508153, 'beta_sum': 1.560435175895691, 'beta_l1': 1.8193867206573486, 'beta_l2': 0.07861089706420898, 'beta_min': -0.004795060493052006, 'beta_max': 0.007964260876178741, 'beta_neg_frac': 0.15875, 'offline_data_id': 10, 'benchmark_id': 2, 'benchmark_point_source': 'fixed_config', 'target_set_size': 100, 'benchmark_z_path': 'data/Z_true.pt', 'projected_bellman_test_risk': 0.03788645565509796, 'oracle_embedding_risk': 0.891204297542572, 'benchmark_embedding_risk': 0.891204297542572, 'risk_bellman_final': 0.05031711341209744, 'risk_obj_final': 0.7019684314727783, 'B_num_rows': 3083, 'B_num_cols': 800, 'B_min_dim': 800, 'B_numerical_rank': 800, 'B_rank_fraction': 1.0, 'B_rank_tolerance': 3.3730654252828174e-05, 'B_stable_rank': 286.53466796875, 'B_effective_rank': 771.4538148209267, 'B_entropy_rank': 6.6482768058776855, 'B_spectral_norm': 0.09177853912115097, 'B_frobenius_norm': 1.5535660982131958, 'B_nuclear_norm': 42.444114685058594, 'B_condition_number': 3.4025168550622777, 'B_condition_number_tol': 3.4025168550622777, 'B_smallest_singular_value': 0.026973720639944077, 'B_rank_rel_1em2': 800, 'B_rank_rel_1em3': 800, 'B_rank_rel_1em4': 800}
Benchmark 3 evaluation grid shape: (800, 3)
Replicate 10, benchmark 3 metrics: {'run_id': '10_b3', 'RMSE': 0.20424601905031525, 'MAE': 0.18323901225696318, 'SupNorm': 0.3522964417934418, 'Bias': 0.18322686125640758, 'Corr': 0.9725410220548732, 'deming_slope': 1.9022002543517216, 'deming_intercept': -0.053062729877424164, 'beta_sum': 1.5311849117279053, 'beta_l1': 1.8906958103179932, 'beta_l2': 0.08084002882242203, 'beta_min': -0.00501128938049078, 'beta_max': 0.0078669348731637, 'beta_neg_frac': 0.17375, 'offline_data_id': 10, 'benchmark_id': 3, 'benchmark_point_source': 'fixed_config', 'target_set_size': 100, 'benchmark_z_path': 'data/Z_true.pt', 'projected_bellman_test_risk': 0.05252711474895477, 'oracle_embedding_risk': 0.8897112011909485, 'benchmark_embedding_risk': 0.8897112011909485, 'risk_bellman_final': 0.05031711341209744, 'risk_obj_final': 0.7019684314727783, 'B_num_rows': 3083, 'B_num_cols': 800, 'B_min_dim': 800, 'B_numerical_rank': 800, 'B_rank_fraction': 1.0, 'B_rank_tolerance': 3.3730654252828174e-05, 'B_stable_rank': 286.53466796875, 'B_effective_rank': 771.4538148209267, 'B_entropy_rank': 6.6482768058776855, 'B_spectral_norm': 0.09177853912115097, 'B_frobenius_norm': 1.5535660982131958, 'B_nuclear_norm': 42.444114685058594, 'B_condition_number': 3.4025168550622777, 'B_condition_number_tol': 3.4025168550622777, 'B_smallest_singular_value': 0.026973720639944077, 'B_rank_rel_1em2': 800, 'B_rank_rel_1em3': 800, 'B_rank_rel_1em4': 800}
Benchmark 4 evaluation grid shape: (800, 3)
Replicate 10, benchmark 4 metrics: {'run_id': '10_b4', 'RMSE': 0.08142529103604758, 'MAE': 0.06987855366307485, 'SupNorm': 0.158702053129673, 'Bias': -0.033593746143087626, 'Corr': 0.7210849363958467, 'deming_slope': 1.082181626917506, 'deming_intercept': -0.055733639817958924, 'beta_sum': 1.1317451000213623, 'beta_l1': 1.8107198476791382, 'beta_l2': 0.11733746528625488, 'beta_min': -0.003966450225561857, 'beta_max': 0.043410927057266235, 'beta_neg_frac': 0.34625, 'offline_data_id': 10, 'benchmark_id': 4, 'benchmark_point_source': 'support_safe_target_policy_draw', 'target_set_size': 100, 'benchmark_z_path': 'data/Z_true.pt', 'projected_bellman_test_risk': 0.030200589448213577, 'oracle_embedding_risk': 0.8099502325057983, 'benchmark_embedding_risk': 0.8099502325057983, 'risk_bellman_final': 0.05031711341209744, 'risk_obj_final': 0.7019684314727783, 'B_num_rows': 3083, 'B_num_cols': 800, 'B_min_dim': 800, 'B_numerical_rank': 800, 'B_rank_fraction': 1.0, 'B_rank_tolerance': 3.3730654252828174e-05, 'B_stable_rank': 286.53466796875, 'B_effective_rank': 771.4538148209267, 'B_entropy_rank': 6.6482768058776855, 'B_spectral_norm': 0.09177853912115097, 'B_frobenius_norm': 1.5535660982131958, 'B_nuclear_norm': 42.444114685058594, 'B_condition_number': 3.4025168550622777, 'B_condition_number_tol': 3.4025168550622777, 'B_smallest_singular_value': 0.026973720639944077, 'B_rank_rel_1em2': 800, 'B_rank_rel_1em3': 800, 'B_rank_rel_1em4': 800}
Benchmark 5 evaluation grid shape: (800, 3)
Replicate 10, benchmark 5 metrics: {'run_id': '10_b5', 'RMSE': 0.24148659441790282, 'MAE': 0.2230326136518306, 'SupNorm': 0.3942131418734789, 'Bias': -0.22252670237236089, 'Corr': 0.1920221046268852, 'deming_slope': 0.06353097581093482, 'deming_intercept': 0.020575888867470377, 'beta_sum': 0.32806655764579773, 'beta_l1': 0.4744572341442108, 'beta_l2': 0.021529527381062508, 'beta_min': -0.0013402767945080996, 'beta_max': 0.003228282555937767, 'beta_neg_frac': 0.2625, 'offline_data_id': 10, 'benchmark_id': 5, 'benchmark_point_source': 'support_safe_target_policy_draw', 'target_set_size': 100, 'benchmark_z_path': 'data/Z_true.pt', 'projected_bellman_test_risk': 0.0019515346502885222, 'oracle_embedding_risk': 0.9509724378585815, 'benchmark_embedding_risk': 0.9509724378585815, 'risk_bellman_final': 0.05031711341209744, 'risk_obj_final': 0.7019684314727783, 'B_num_rows': 3083, 'B_num_cols': 800, 'B_min_dim': 800, 'B_numerical_rank': 800, 'B_rank_fraction': 1.0, 'B_rank_tolerance': 3.3730654252828174e-05, 'B_stable_rank': 286.53466796875, 'B_effective_rank': 771.4538148209267, 'B_entropy_rank': 6.6482768058776855, 'B_spectral_norm': 0.09177853912115097, 'B_frobenius_norm': 1.5535660982131958, 'B_nuclear_norm': 42.444114685058594, 'B_condition_number': 3.4025168550622777, 'B_condition_number_tol': 3.4025168550622777, 'B_smallest_singular_value': 0.026973720639944077, 'B_rank_rel_1em2': 800, 'B_rank_rel_1em3': 800, 'B_rank_rel_1em4': 800}
Benchmark 6 evaluation grid shape: (800, 3)
Replicate 10, benchmark 6 metrics: {'run_id': '10_b6', 'RMSE': 0.12087402976726296, 'MAE': 0.0975915793038439, 'SupNorm': 0.25282394886016846, 'Bias': 0.08524413680075668, 'Corr': 0.8262592532968699, 'deming_slope': 1.629584585286659, 'deming_intercept': -0.08268974991051525, 'beta_sum': 1.4124093055725098, 'beta_l1': 1.835040807723999, 'beta_l2': 0.08286584168672562, 'beta_min': -0.004409243352711201, 'beta_max': 0.0125730624422431, 'beta_neg_frac': 0.21125, 'offline_data_id': 10, 'benchmark_id': 6, 'benchmark_point_source': 'support_safe_target_policy_draw', 'target_set_size': 100, 'benchmark_z_path': 'data/Z_true.pt', 'projected_bellman_test_risk': 0.023446083068847656, 'oracle_embedding_risk': 0.8361155390739441, 'benchmark_embedding_risk': 0.8361155390739441, 'risk_bellman_final': 0.05031711341209744, 'risk_obj_final': 0.7019684314727783, 'B_num_rows': 3083, 'B_num_cols': 800, 'B_min_dim': 800, 'B_numerical_rank': 800, 'B_rank_fraction': 1.0, 'B_rank_tolerance': 3.3730654252828174e-05, 'B_stable_rank': 286.53466796875, 'B_effective_rank': 771.4538148209267, 'B_entropy_rank': 6.6482768058776855, 'B_spectral_norm': 0.09177853912115097, 'B_frobenius_norm': 1.5535660982131958, 'B_nuclear_norm': 42.444114685058594, 'B_condition_number': 3.4025168550622777, 'B_condition_number_tol': 3.4025168550622777, 'B_smallest_singular_value': 0.026973720639944077, 'B_rank_rel_1em2': 800, 'B_rank_rel_1em3': 800, 'B_rank_rel_1em4': 800}
Benchmark 7 evaluation grid shape: (800, 3)
Replicate 10, benchmark 7 metrics: {'run_id': '10_b7', 'RMSE': 0.11527940827635066, 'MAE': 0.08999020350922365, 'SupNorm': 0.2710442841053009, 'Bias': 0.06981934552255552, 'Corr': 0.7697878695938012, 'deming_slope': 1.6718395061915015, 'deming_intercept': -0.1076696679847356, 'beta_sum': 1.4052164554595947, 'beta_l1': 1.7970836162567139, 'beta_l2': 0.09090247005224228, 'beta_min': -0.0049547855742275715, 'beta_max': 0.019560957327485085, 'beta_neg_frac': 0.2325, 'offline_data_id': 10, 'benchmark_id': 7, 'benchmark_point_source': 'support_safe_target_policy_draw', 'target_set_size': 100, 'benchmark_z_path': 'data/Z_true.pt', 'projected_bellman_test_risk': 0.012883171439170837, 'oracle_embedding_risk': 0.8538603782653809, 'benchmark_embedding_risk': 0.8538603782653809, 'risk_bellman_final': 0.05031711341209744, 'risk_obj_final': 0.7019684314727783, 'B_num_rows': 3083, 'B_num_cols': 800, 'B_min_dim': 800, 'B_numerical_rank': 800, 'B_rank_fraction': 1.0, 'B_rank_tolerance': 3.3730654252828174e-05, 'B_stable_rank': 286.53466796875, 'B_effective_rank': 771.4538148209267, 'B_entropy_rank': 6.6482768058776855, 'B_spectral_norm': 0.09177853912115097, 'B_frobenius_norm': 1.5535660982131958, 'B_nuclear_norm': 42.444114685058594, 'B_condition_number': 3.4025168550622777, 'B_condition_number_tol': 3.4025168550622777, 'B_smallest_singular_value': 0.026973720639944077, 'B_rank_rel_1em2': 800, 'B_rank_rel_1em3': 800, 'B_rank_rel_1em4': 800}
Benchmark 8 evaluation grid shape: (800, 3)
Replicate 10, benchmark 8 metrics: {'run_id': '10_b8', 'RMSE': 0.07576465693567394, 'MAE': 0.06496643884776859, 'SupNorm': 0.1501549929380417, 'Bias': -0.039852673478017096, 'Corr': 0.7761545005575934, 'deming_slope': 0.9126459294372059, 'deming_intercept': -0.016863733315299195, 'beta_sum': 1.0251816511154175, 'beta_l1': 1.4919838905334473, 'beta_l2': 0.07314471155405045, 'beta_min': -0.004409299232065678, 'beta_max': 0.013881553895771503, 'beta_neg_frac': 0.2925, 'offline_data_id': 10, 'benchmark_id': 8, 'benchmark_point_source': 'support_safe_target_policy_draw', 'target_set_size': 100, 'benchmark_z_path': 'data/Z_true.pt', 'projected_bellman_test_risk': 0.023821234703063965, 'oracle_embedding_risk': 0.7946110367774963, 'benchmark_embedding_risk': 0.7946110367774963, 'risk_bellman_final': 0.05031711341209744, 'risk_obj_final': 0.7019684314727783, 'B_num_rows': 3083, 'B_num_cols': 800, 'B_min_dim': 800, 'B_numerical_rank': 800, 'B_rank_fraction': 1.0, 'B_rank_tolerance': 3.3730654252828174e-05, 'B_stable_rank': 286.53466796875, 'B_effective_rank': 771.4538148209267, 'B_entropy_rank': 6.6482768058776855, 'B_spectral_norm': 0.09177853912115097, 'B_frobenius_norm': 1.5535660982131958, 'B_nuclear_norm': 42.444114685058594, 'B_condition_number': 3.4025168550622777, 'B_condition_number_tol': 3.4025168550622777, 'B_smallest_singular_value': 0.026973720639944077, 'B_rank_rel_1em2': 800, 'B_rank_rel_1em3': 800, 'B_rank_rel_1em4': 800}
Benchmark 9 evaluation grid shape: (800, 3)
Replicate 10, benchmark 9 metrics: {'run_id': '10_b9', 'RMSE': 0.1027465683899894, 'MAE': 0.08175104724941776, 'SupNorm': 0.22569215297698975, 'Bias': 0.070712682956364, 'Corr': 0.8468017413520778, 'deming_slope': 1.4820634731666933, 'deming_intercept': -0.05874279864448695, 'beta_sum': 1.3728806972503662, 'beta_l1': 1.8128166198730469, 'beta_l2': 0.09262041002511978, 'beta_min': -0.004782585427165031, 'beta_max': 0.0213693268597126, 'beta_neg_frac': 0.23875, 'offline_data_id': 10, 'benchmark_id': 9, 'benchmark_point_source': 'support_safe_target_policy_draw', 'target_set_size': 100, 'benchmark_z_path': 'data/Z_true.pt', 'projected_bellman_test_risk': 0.009032811038196087, 'oracle_embedding_risk': 0.8101881742477417, 'benchmark_embedding_risk': 0.8101881742477417, 'risk_bellman_final': 0.05031711341209744, 'risk_obj_final': 0.7019684314727783, 'B_num_rows': 3083, 'B_num_cols': 800, 'B_min_dim': 800, 'B_numerical_rank': 800, 'B_rank_fraction': 1.0, 'B_rank_tolerance': 3.3730654252828174e-05, 'B_stable_rank': 286.53466796875, 'B_effective_rank': 771.4538148209267, 'B_entropy_rank': 6.6482768058776855, 'B_spectral_norm': 0.09177853912115097, 'B_frobenius_norm': 1.5535660982131958, 'B_nuclear_norm': 42.444114685058594, 'B_condition_number': 3.4025168550622777, 'B_condition_number_tol': 3.4025168550622777, 'B_smallest_singular_value': 0.026973720639944077, 'B_rank_rel_1em2': 800, 'B_rank_rel_1em3': 800, 'B_rank_rel_1em4': 800}
Replicate 10 finished in 20.8s
Finished combo 3, offline replicate 10.
