Job ID:    2359395
Array idx: 576
CPUs/node: 64
Mem/node:  131072
Using CC = cc 
Using CXX = CC 
Using FC = ftn 
Using F77 = ftn 
Using F90 = ftn 
cuda/12.6.1 is deprecated; loading cudatoolkit/25.5_12.9 instead.
Using CC = /opt/nvidia/hpc_sdk/Linux_aarch64/25.5/compilers/bin/nvc 
Using CXX = /opt/nvidia/hpc_sdk/Linux_aarch64/25.5/compilers/bin/nvc++ 
Using FC = /opt/nvidia/hpc_sdk/Linux_aarch64/25.5/compilers/bin/nvfortran 
Using F77 = /opt/nvidia/hpc_sdk/Linux_aarch64/25.5/compilers/bin/nvfortran 
Using F90 = /opt/nvidia/hpc_sdk/Linux_aarch64/25.5/compilers/bin/nvfortran 
Using CC = /opt/nvidia/hpc_sdk/Linux_aarch64/25.5/compilers/bin/nvc 
Using CXX = /opt/nvidia/hpc_sdk/Linux_aarch64/25.5/compilers/bin/nvc++ 
Using FC = /opt/nvidia/hpc_sdk/Linux_aarch64/25.5/compilers/bin/nvfortran 
Using F77 = /opt/nvidia/hpc_sdk/Linux_aarch64/25.5/compilers/bin/nvfortran 
Using F90 = /opt/nvidia/hpc_sdk/Linux_aarch64/25.5/compilers/bin/nvfortran 

Lmod is automatically replacing "gcc-native/14" with "gcc/14.2.0".

ghx4
0
Tuning combo id: 5 / 6
Offline replicate id: 76 / 99
Installing ke_drl from git: https://github.com/mehrdadmhmdi/ke-drl.git@main
Collecting git+https://github.com/mehrdadmhmdi/ke-drl.git@main
  Cloning https://github.com/mehrdadmhmdi/ke-drl.git (to revision main) to /tmp/pip-req-build-zwll9cl6
  Running command git clone --filter=blob:none --quiet https://github.com/mehrdadmhmdi/ke-drl.git /tmp/pip-req-build-zwll9cl6
  Resolved https://github.com/mehrdadmhmdi/ke-drl.git to commit 3c5d570e40ea15b1fbe4817b5f43b64c7b333e82
  Installing build dependencies: started
  Installing build dependencies: finished with status 'done'
  Getting requirements to build wheel: started
  Getting requirements to build wheel: finished with status 'done'
  Preparing metadata (pyproject.toml): started
  Preparing metadata (pyproject.toml): finished with status 'done'
Building wheels for collected packages: ke_drl
  Building wheel for ke_drl (pyproject.toml): started
  Building wheel for ke_drl (pyproject.toml): finished with status 'done'
  Created wheel for ke_drl: filename=ke_drl-0.1.0-py3-none-any.whl size=47219 sha256=7b0342e5e9e13a28c766026b68703a861892833c21c7d8fc043c06d8f3dc34c1
  Stored in directory: /tmp/pip-ephem-wheel-cache-kpmqf8lh/wheels/24/47/ad/9a4ffd3b05d3e90e35ffc6e7324b735b8bfcf5f51aaf29a333
Successfully built ke_drl
Installing collected packages: ke_drl
Successfully installed ke_drl-0.1.0
Installed ke_drl source: /work/nvme/bfez/mehrdad3/DistRL/simulation_3/runs/sim3_global_2358722_5/.kedrl_site_576/ke_drl/__init__.py
Tuning combo 5: kernel_sigma_0.7
Overrides: {'kernel': {'sigma': 0.7}}
RUN: /sw/user/python/miniforge3-pytorch-24.11.3/bin/python3 validate_sim_config.py --params params.yaml
ke_drl import source: /work/nvme/bfez/mehrdad3/DistRL/simulation_3/runs/sim3_global_2358722_5/.kedrl_site_576/ke_drl/__init__.py
ke_drl package API OK: prediction weights, RFF operators, rank diagnostics, and best-checkpoint optimizer available
Policy config OK: behavior=uniform, target=logistic, state_dim=5, action_dim=1
Note: policy.logistic.theta_scale/theta_std are log-scale coefficients in Probability_Densities.
Behavior-policy linearized state-process diagnostic: spectral_radius=0.653, offline_burn_in=50
Replicate config OK: num_replicates=100, benchmark points=10 independent of D_i, loss target points=100
Transition reduction OK: method=kmeans, raw rows N(T-1)=12000, target rows about 3000, B rows reduced from 12000 to about 3000
Return-operator approximation OK: method=rff, features=512, exact G avoided for estimated N=12000, m=800, L=100
Fixed benchmark config rows=4 (benchmark.num_points=10; additional points are support-safe target-policy draws if needed)
Fixed benchmark point 0: s_star=[0.6, -0.8, 0.7, -0.5, 0.9], a_star=[0.5]
Fixed benchmark behavior-support interval for configured rows: min_lower=-0.12, max_upper=1.11
Fixed benchmark target-policy location range: [-0.02, 0.14]
Reusing shared data from /work/nvme/bfez/mehrdad3/DistRL/simulation_3/runs/sim3_shared_data/data for offline replicate 76.
RUN: /sw/user/python/miniforge3-pytorch-24.11.3/bin/python3 validate_sim_config.py --params params.yaml --data data/offline_data_76.pt
ke_drl import source: /work/nvme/bfez/mehrdad3/DistRL/simulation_3/runs/sim3_global_2358722_5/.kedrl_site_576/ke_drl/__init__.py
ke_drl package API OK: prediction weights, RFF operators, rank diagnostics, and best-checkpoint optimizer available
Policy config OK: behavior=uniform, target=logistic, state_dim=5, action_dim=1
Note: policy.logistic.theta_scale/theta_std are log-scale coefficients in Probability_Densities.
Behavior-policy linearized state-process diagnostic: spectral_radius=0.653, offline_burn_in=50
Replicate config OK: num_replicates=100, benchmark points=10 independent of D_i, loss target points=100
Transition reduction OK: method=kmeans, raw rows N(T-1)=12000, target rows about 3000, B rows reduced from 12000 to about 3000
Return-operator approximation OK: method=rff, features=512, exact G avoided for estimated N=12000, m=800, L=100
Fixed benchmark config rows=4 (benchmark.num_points=10; additional points are support-safe target-policy draws if needed)
Fixed benchmark point 0: s_star=[0.6, -0.8, 0.7, -0.5, 0.9], a_star=[0.5]
Fixed benchmark behavior-support interval for configured rows: min_lower=-0.12, max_upper=1.11
Fixed benchmark target-policy location range: [-0.02, 0.14]
Full benchmark support check OK: 10 points, min_lower=-2.177, max_upper=2.05
observed behavior actions: mean=0.402, sd=0.6746, q0/q10/q50/q90/q100=[-1.9892820119857788, -0.39969668090343474, 0.333392858505249, 1.3160417675971985, 3.1579198837280273]
target-policy sampled actions: mean=-0.02563, sd=0.6727, q0/q10/q50/q90/q100=[-2.8262293989477745, -0.8904125889161348, -0.021410533431375688, 0.8347227639564598, 2.5744635204321753]
behavior uniform lower: mean=-0.126, sd=0.6652, q0/q10/q50/q90/q100=[-2.9326177835464478, -0.9817531192302704, -0.1263689339160919, 0.7235978198051454, 2.3548832297325135]
behavior uniform upper: mean=0.9194, sd=0.6476, q0/q10/q50/q90/q100=[-0.9382962226867676, 0.0825298642367125, 0.9251456812024117, 1.760803302526474, 3.3548832297325135]
target location inside behavior uniform support: 0.969
RUN: /sw/user/python/miniforge3-pytorch-24.11.3/bin/python3 main_est.py
# ================================================================ #
#   Global KE-DRL estimation for one offline replicate              #
# ================================================================ #
Slurm Job ID: 2359395
Slurm Array ID: 76 -- used as the offline-replicate id
Offline data id: 76
ke_drl import source: /work/nvme/bfez/mehrdad3/DistRL/simulation_3/runs/sim3_global_2358722_5/.kedrl_site_576/ke_drl/__init__.py
Estimator device: cuda (NVIDIA GH200 120GB, capability 9.0); torch CUDA=13.0
Random seed: 20460588
Number of offline replicates: 100
[transition reduction] enabled: original rows=12000, target basis=3000, method=kmeans, device=cuda
[transition reduction] kmeans iter 1/20, mean center shift=2.7114e-01
[transition reduction] kmeans iter 5/20, mean center shift=5.4454e-03
[transition reduction] kmeans iter 10/20, mean center shift=5.3677e-08
[transition reduction] selected 3090 rows from 12000 transitions (ratio 0.2575); indices saved to data/reduced_transition_indices_76.pt
Data and parameters loaded.
offline path: data/offline_data_76.pt
benchmark true-Z path: data/Z_true.pt
offline shapes after reduction: s0=(3090, 5), a0=(3090, 1), r0=(3090, 3)
transition reduction: {'enabled': True, 'method': 'kmeans', 'original_rows': 12000, 'reduced_rows': 3090, 'selected_indices_path': 'data/reduced_transition_indices_76.pt', 'target_basis': 3000, 'compression_ratio': 0.2575}
fixed benchmark point source: fixed_config_plus_support_safe_target_policy_draws
benchmark row excluded from this offline data: None
global loss target set shape: s_star=(100, 5), a_star=(100, 1)
benchmark true-Z count=10, shape each=(50000, 3)
target policy: logistic
behavior policy: uniform
lambda_Gamma=0.005, lambda_B=0.02, d_r_method=song
dtype=torch.float32, operator_method=rff, operator_num_features=512
ridge_mode=rkhs, diagnostic_interval=50
mass_anchor_lambda=1.0, target_mass=1.0
uLSIF basis: source=numerator, n_basis=512, lambda_reg=0.005
optimizer stabilizers: lambda_neg=0.0, max_B_norm=None, eta_clip_min=0.0, eta_clip_max=5.0, normalize_eta=True
========================================
Estimating the global KE-DRL mean embedding
torch device=cuda, dtype=torch.float32
Data dims: N=3090, L=100, Ds=5, Da=1, Dr=3
lambda_Gamma=0.005, lambda_B=0.02
return-operator construction: method=rff, rff_features=512
[uLSIF] basis=512/3090 (numerator); eta_hat min=3.230e-02 max=4.202e+00 neg%=0.00
ESS for eta_plus: 2442.1 / 3090
eta_plus diagnostics: raw_mean=0.995, raw_min=0.0323, raw_max=4.2; used_mean=1, used_min=0.0325, used_max=4.22
[timing] Z-grid: 0.03s
[timing] K_X: 0.00s
[timing] K_plus: 0.00s
[timing] k_star: 0.00s
[timing] Gamma_stack: 0.01s
[timing] Phi_stack: 0.00s
[timing] RFF feature sample: 0.00s
[timing] K_Z RFF: 0.00s
[timing] G_stack RFF: 0.01s
[timing] H_stack RFF: 0.01s
findfont: Font family 'Nimbus Roman' not found.
findfont: Font family 'Nimbus Roman' not found.
findfont: Font family 'Nimbus Roman' not found.
findfont: Font family 'Nimbus Roman' not found.
findfont: Font family 'Nimbus Roman' not found.
findfont: Font family 'Nimbus Roman' not found.
findfont: Font family 'Nimbus Roman' not found.
findfont: Font family 'Nimbus Roman' not found.
findfont: Font family 'Nimbus Roman' not found.
findfont: Font family 'Nimbus Roman' not found.
findfont: Font family 'Nimbus Roman' not found.
findfont: Font family 'Nimbus Roman' not found.
findfont: Font family 'Nimbus Roman' not found.
findfont: Font family 'Nimbus Roman' not found.
findfont: Font family 'Nimbus Roman' not found.
findfont: Font family 'Nimbus Roman' not found.
findfont: Font family 'Nimbus Roman' not found.
findfont: Font family 'Nimbus Roman' not found.
findfont: Font family 'Nimbus Roman' not found.
findfont: Font family 'Nimbus Roman' not found.
findfont: Font family 'Nimbus Roman' not found.
findfont: Font family 'Nimbus Roman' not found.
findfont: Font family 'Nimbus Roman' not found.
findfont: Font family 'Nimbus Roman' not found.
findfont: Font family 'Nimbus Roman' not found.
findfont: Font family 'Nimbus Roman' not found.
findfont: Font family 'Nimbus Roman' not found.
findfont: Font family 'Nimbus Roman' not found.
findfont: Font family 'Nimbus Roman' not found.
findfont: Font family 'Nimbus Roman' not found.
findfont: Font family 'Nimbus Roman' not found.
findfont: Font family 'Nimbus Roman' not found.
findfont: Font family 'Nimbus Roman' not found.
findfont: Font family 'Nimbus Roman' not found.
findfont: Font family 'Nimbus Roman' not found.
findfont: Font family 'Nimbus Roman' not found.
findfont: Font family 'Nimbus Roman' not found.
findfont: Font family 'Nimbus Roman' not found.
findfont: Font family 'Nimbus Roman' not found.
findfont: Font family 'Nimbus Roman' not found.
findfont: Font family 'Nimbus Roman' not found.
findfont: Font family 'Nimbus Roman' not found.
findfont: Font family 'Nimbus Roman' not found.
findfont: Font family 'Nimbus Roman' not found.
findfont: Font family 'Nimbus Roman' not found.
findfont: Font family 'Nimbus Roman' not found.
findfont: Font family ['Nimbus Roman'] not found. Falling back to DejaVu Sans.
findfont: Font family 'Nimbus Roman' not found.
findfont: Font family ['Nimbus Roman'] not found. Falling back to DejaVu Sans.
findfont: Font family 'Nimbus Roman' not found.
findfont: Font family 'Nimbus Roman' not found.
findfont: Font family 'Nimbus Roman' not found.
findfont: Font family 'Nimbus Roman' not found.
findfont: Font family 'Nimbus Roman' not found.
findfont: Font family 'Nimbus Roman' not found.
findfont: Font family 'Nimbus Roman' not found.
findfont: Font family 'Nimbus Roman' not found.
findfont: Font family 'Nimbus Roman' not found.
findfont: Font family 'Nimbus Roman' not found.
findfont: Font family 'Nimbus Roman' not found.
findfont: Font family ['Nimbus Roman'] not found. Falling back to DejaVu Sans.
findfont: Font family 'Nimbus Roman' not found.
findfont: Font family 'Nimbus Roman' not found.
findfont: Font family 'Nimbus Roman' not found.
findfont: Font family 'Nimbus Roman' not found.
findfont: Font family 'Nimbus Roman' not found.
findfont: Font family 'Nimbus Roman' not found.
findfont: Font family 'Nimbus Roman' not found.
findfont: Font family 'Nimbus Roman' not found.
findfont: Font family 'Nimbus Roman' not found.
findfont: Font family 'Nimbus Roman' not found.
findfont: Font family 'Nimbus Roman' not found.
findfont: Font family 'Nimbus Roman' not found.
findfont: Font family 'Nimbus Roman' not found.
findfont: Font family 'Nimbus Roman' not found.
findfont: Font family 'Nimbus Roman' not found.
findfont: Font family 'Nimbus Roman' not found.
findfont: Font family 'Nimbus Roman' not found.
findfont: Font family 'Nimbus Roman' not found.
findfont: Font family 'Nimbus Roman' not found.
findfont: Font family 'Nimbus Roman' not found.
findfont: Font family 'Nimbus Roman' not found.
findfont: Font family 'Nimbus Roman' not found.
findfont: Font family 'Nimbus Roman' not found.
findfont: Font family 'Nimbus Roman' not found.
findfont: Font family 'Nimbus Roman' not found.
findfont: Font family 'Nimbus Roman' not found.
findfont: Font family 'Nimbus Roman' not found.
findfont: Font family 'Nimbus Roman' not found.
findfont: Font family 'Nimbus Roman' not found.
findfont: Font family 'Nimbus Roman' not found.
findfont: Font family 'Nimbus Roman' not found.
findfont: Font family 'Nimbus Roman' not found.
findfont: Font family 'Nimbus Roman' not found.
findfont: Font family 'Nimbus Roman' not found.
findfont: Font family 'Nimbus Roman' not found.
findfont: Font family 'Nimbus Roman' not found.
findfont: Font family 'Nimbus Roman' not found.
findfont: Font family 'Nimbus Roman' not found.
findfont: Font family 'Nimbus Roman' not found.
findfont: Font family 'Nimbus Roman' not found.
findfont: Font family 'Nimbus Roman' not found.
findfont: Font family 'Nimbus Roman' not found.
findfont: Font family 'Nimbus Roman' not found.
findfont: Font family 'Nimbus Roman' not found.
findfont: Font family 'Nimbus Roman' not found.
findfont: Font family 'Nimbus Roman' not found.
findfont: Font family 'Nimbus Roman' not found.
findfont: Font family 'Nimbus Roman' not found.
findfont: Font family 'Nimbus Roman' not found.
findfont: Font family 'Nimbus Roman' not found.
findfont: Font family 'Nimbus Roman' not found.
findfont: Font family 'Nimbus Roman' not found.
findfont: Font family 'Nimbus Roman' not found.
findfont: Font family 'Nimbus Roman' not found.
findfont: Font family 'Nimbus Roman' not found.
findfont: Font family 'Nimbus Roman' not found.
findfont: Font family 'Nimbus Roman' not found.
findfont: Font family 'Nimbus Roman' not found.
findfont: Font family 'Nimbus Roman' not found.
findfont: Font family 'Nimbus Roman' not found.
findfont: Font family 'Nimbus Roman' not found.
findfont: Font family 'Nimbus Roman' not found.
findfont: Font family 'Nimbus Roman' not found.
findfont: Font family 'Nimbus Roman' not found.
findfont: Font family 'Nimbus Roman' not found.
findfont: Font family 'Nimbus Roman' not found.
findfont: Font family 'Nimbus Roman' not found.
findfont: Font family 'Nimbus Roman' not found.
findfont: Font family 'Nimbus Roman' not found.
findfont: Font family 'Nimbus Roman' not found.
findfont: Font family 'Nimbus Roman' not found.
findfont: Font family 'Nimbus Roman' not found.
findfont: Font family 'Nimbus Roman' not found.
findfont: Font family 'Nimbus Roman' not found.
findfont: Font family 'Nimbus Roman' not found.
findfont: Font family 'Nimbus Roman' not found.
findfont: Font family 'Nimbus Roman' not found.
findfont: Font family 'Nimbus Roman' not found.
findfont: Font family 'Nimbus Roman' not found.
findfont: Font family 'Nimbus Roman' not found.
findfont: Font family 'Nimbus Roman' not found.
findfont: Font family 'Nimbus Roman' not found.
Ridge mode: rkhs; diagnostic interval: 50
Iter 1/4000 | log_obj=8.448e+00 | log_Bellman_root=2.430e+00 | mass=4.53e+03 | neg=0.00e+00 | grad=3.13e+02
Iter 400/4000 | log_obj=2.907e+00 | log_Bellman_root=-3.750e-01 | mass=1.78e+01 | neg=0.00e+00 | grad=2.81e+03
Iter 800/4000 | log_obj=3.512e+00 | log_Bellman_root=-6.800e-02 | mass=3.26e+01 | neg=0.00e+00 | grad=1.65e+03
Iter 1200/4000 | log_obj=4.490e+00 | log_Bellman_root=4.499e-01 | mass=8.66e+01 | neg=0.00e+00 | grad=2.15e+03
Iter 1600/4000 | log_obj=2.900e+00 | log_Bellman_root=-3.761e-01 | mass=1.77e+01 | neg=0.00e+00 | grad=2.81e+03
Iter 2000/4000 | log_obj=3.511e+00 | log_Bellman_root=-6.754e-02 | mass=3.26e+01 | neg=0.00e+00 | grad=1.65e+03
Iter 2400/4000 | log_obj=4.491e+00 | log_Bellman_root=4.493e-01 | mass=8.67e+01 | neg=0.00e+00 | grad=2.15e+03
Iter 2800/4000 | log_obj=2.899e+00 | log_Bellman_root=-3.758e-01 | mass=1.77e+01 | neg=0.00e+00 | grad=2.81e+03
Iter 3200/4000 | log_obj=3.510e+00 | log_Bellman_root=-6.730e-02 | mass=3.26e+01 | neg=0.00e+00 | grad=1.65e+03
Iter 3600/4000 | log_obj=4.491e+00 | log_Bellman_root=4.491e-01 | mass=8.67e+01 | neg=0.00e+00 | grad=2.15e+03
Iter 4000/4000 | log_obj=2.898e+00 | log_Bellman_root=-3.758e-01 | mass=1.77e+01 | neg=0.00e+00 | grad=2.81e+03
Done in 12.44s.
KE-DRL global estimation is done.
B_hat shape: (3090, 800)
B_hat rank diagnostics: {'B_num_rows': 3090, 'B_num_cols': 800, 'B_min_dim': 800, 'B_numerical_rank': 800, 'B_rank_fraction': 1.0, 'B_rank_tolerance': 4.2744399753047446e-05, 'B_stable_rank': 178.77732849121094, 'B_effective_rank': 771.0349384955957, 'B_entropy_rank': 6.647733688354492, 'B_spectral_norm': 0.11604078114032745, 'B_frobenius_norm': 1.5515539646148682, 'B_nuclear_norm': 42.36160659790039, 'B_condition_number': 4.32940370012682, 'B_condition_number_tol': 4.32940370012682, 'B_smallest_singular_value': 0.026802947744727135, 'B_rank_rel_1em2': 800, 'B_rank_rel_1em3': 800, 'B_rank_rel_1em4': 800}
Global-loss target mass diagnostics: {'target_mass_mean': -2.929516315460205, 'target_mass_min': -5.855344295501709, 'target_mass_max': 0.37328994274139404, 'target_mass_sd': 1.498026728630066, 'target_mass_rmse_to_target': 4.202706813812256, 'target_beta_min': -0.01038436871021986, 'target_beta_max': 0.023239457979798317, 'target_neg_frac_mean': 0.925475}
Return dictionary Z_grid shape: (800, 3)
Replicate 76 risk metrics: {'risk_n_steps_recorded': 81.0, 'risk_n_diagnostics_recorded': 81.0, 'risk_log_obj_initial': 8.447847195367164, 'risk_log_obj_final': 2.8984251289129928, 'risk_log_obj_min': 2.8984251289129928, 'risk_obj_initial': 4665.019042968749, 'risk_obj_final': 18.14554595947266, 'risk_obj_min': 18.14554595947266, 'risk_log_obj_drop': 5.549422066454171, 'risk_log_bellman_root_initial': 2.429763113700097, 'risk_log_bellman_root_final': -0.37577610886413454, 'risk_log_bellman_root_min': -0.3763282557179679, 'risk_bellman_root_initial': 11.356191635131834, 'risk_bellman_root_final': 0.6867560744285583, 'risk_bellman_root_min': 0.6863769888877869, 'risk_bellman_initial': 128.96308845383825, 'risk_bellman_final': 0.4716339057645236, 'risk_bellman_min': 0.4711133708746651, 'risk_log_bellman_root_drop': 2.8055392225642315, 'risk_bellman_returned': 0.4716339111328125, 'risk_obj_returned': 18.145545959472656, 'risk_returned_step': 4000.0, 'offline_data_id': 76, 'benchmark_point_source': 'fixed_config_plus_support_safe_target_policy_draws', 'target_set_size': 100, 'lambda_reg': 0.005, 'lambda_B': 0.02, 'num_steps': 4000, 'transition_reduction_enabled': 1, 'transition_reduction_method': 'kmeans', 'transition_original_rows': 12000, 'transition_reduced_rows': 3090, 'transition_compression_ratio': 0.2575, 'target_mass_mean': -2.929516315460205, 'target_mass_min': -5.855344295501709, 'target_mass_max': 0.37328994274139404, 'target_mass_sd': 1.498026728630066, 'target_mass_rmse_to_target': 4.202706813812256, 'target_beta_min': -0.01038436871021986, 'target_beta_max': 0.023239457979798317, 'target_neg_frac_mean': 0.925475, 'B_num_rows': 3090, 'B_num_cols': 800, 'B_min_dim': 800, 'B_numerical_rank': 800, 'B_rank_fraction': 1.0, 'B_rank_tolerance': 4.2744399753047446e-05, 'B_stable_rank': 178.77732849121094, 'B_effective_rank': 771.0349384955957, 'B_entropy_rank': 6.647733688354492, 'B_spectral_norm': 0.11604078114032745, 'B_frobenius_norm': 1.5515539646148682, 'B_nuclear_norm': 42.36160659790039, 'B_condition_number': 4.32940370012682, 'B_condition_number_tol': 4.32940370012682, 'B_smallest_singular_value': 0.026802947744727135, 'B_rank_rel_1em2': 800, 'B_rank_rel_1em3': 800, 'B_rank_rel_1em4': 800, 'risk_objective_final_raw': 18.145545959472656, 'risk_objective_min_raw': 18.145545959472656, 'risk_objective_max_raw': 4665.01904296875, 'risk_bellman_final_raw': 0.4716339111328125, 'risk_bellman_min_raw': 0.4711133539676666, 'risk_bellman_max_raw': 128.9630889892578, 'risk_rkhs_ridge_final_raw': 0.011170661076903343, 'risk_rkhs_ridge_min_raw': 0.011170661076903343, 'risk_rkhs_ridge_max_raw': 1.1486119031906128, 'risk_mass_final_raw': 17.66274070739746, 'risk_mass_min_raw': 17.66274070739746, 'risk_mass_max_raw': 4534.9072265625, 'risk_negativity_final_raw': 0.0, 'risk_negativity_min_raw': 0.0, 'risk_negativity_max_raw': 0.0, 'risk_B_norm_final_raw': 1.5513900518417358, 'risk_B_norm_min_raw': 1.5513900518417358, 'risk_B_norm_max_raw': 1.6410791873931885, 'risk_diagnostic_step_final_raw': 4000.0, 'risk_diagnostic_step_min_raw': 1.0, 'risk_diagnostic_step_max_raw': 4000.0, 'risk_best_step_final_raw': 4000.0, 'risk_best_step_min_raw': 4000.0, 'risk_best_step_max_raw': 4000.0, 'risk_best_objective_final_raw': 18.145545959472656, 'risk_best_objective_min_raw': 18.145545959472656, 'risk_best_objective_max_raw': 18.145545959472656, 'risk_best_bellman_final_raw': 0.4716339111328125, 'risk_best_bellman_min_raw': 0.4716339111328125, 'risk_best_bellman_max_raw': 0.4716339111328125, 'risk_returned_step_final_raw': 4000.0, 'risk_returned_step_min_raw': 4000.0, 'risk_returned_step_max_raw': 4000.0, 'risk_returned_objective_final_raw': 18.145545959472656, 'risk_returned_objective_min_raw': 18.145545959472656, 'risk_returned_objective_max_raw': 18.145545959472656, 'risk_returned_bellman_final_raw': 0.4716339111328125, 'risk_returned_bellman_min_raw': 0.4716339111328125, 'risk_returned_bellman_max_raw': 0.4716339111328125, 'risk_returned_best_checkpoint_final_raw': 1.0, 'risk_returned_best_checkpoint_min_raw': 1.0, 'risk_returned_best_checkpoint_max_raw': 1.0}
Benchmark 0 evaluation grid shape: (800, 3)
Replicate 76, benchmark 0 metrics: {'run_id': '76_b0', 'RMSE': 0.3957312325221849, 'MAE': 0.35023016755859315, 'SupNorm': 0.7969142943620682, 'Bias': -0.35023016755859315, 'Corr': -0.3690676106712668, 'deming_slope': -8.729994260677163, 'deming_intercept': 0.8999519833004779, 'beta_sum': -1.9951523542404175, 'beta_l1': 2.3243298530578613, 'beta_l2': 0.0896793007850647, 'beta_min': -0.00596949178725481, 'beta_max': 0.006234919186681509, 'beta_neg_frac': 0.89, 'offline_data_id': 76, 'benchmark_id': 0, 'benchmark_point_source': 'fixed_config', 'target_set_size': 100, 'benchmark_z_path': 'data/Z_true.pt', 'projected_bellman_test_risk': 0.009393727406859398, 'oracle_embedding_risk': 1.9591037034988403, 'benchmark_embedding_risk': 1.9591037034988403, 'risk_bellman_final': 0.4716339057645236, 'risk_obj_final': 18.14554595947266, 'B_num_rows': 3090, 'B_num_cols': 800, 'B_min_dim': 800, 'B_numerical_rank': 800, 'B_rank_fraction': 1.0, 'B_rank_tolerance': 4.2744399753047446e-05, 'B_stable_rank': 178.77732849121094, 'B_effective_rank': 771.0349384955957, 'B_entropy_rank': 6.647733688354492, 'B_spectral_norm': 0.11604078114032745, 'B_frobenius_norm': 1.5515539646148682, 'B_nuclear_norm': 42.36160659790039, 'B_condition_number': 4.32940370012682, 'B_condition_number_tol': 4.32940370012682, 'B_smallest_singular_value': 0.026802947744727135, 'B_rank_rel_1em2': 800, 'B_rank_rel_1em3': 800, 'B_rank_rel_1em4': 800}
Saved ./mu/mu_hat.csv shape=(800,)
Saved ./mu/mu2D_hat_dims01.csv shape=(120, 120)
Saved ./mu/mu2D_hat_dims01.csv shape=(120, 120)
Saved plots/replicate_76/mu_3D.png
Benchmark 1 evaluation grid shape: (800, 3)
Replicate 76, benchmark 1 metrics: {'run_id': '76_b1', 'RMSE': 1.1441853284742918, 'MAE': 1.0560667215104331, 'SupNorm': 1.8829407542943954, 'Bias': -1.0560667215104331, 'Corr': -0.9937576665116197, 'deming_slope': -8.440066737150996, 'deming_intercept': 0.1490690961647957, 'beta_sum': -6.144366264343262, 'beta_l1': 6.144366264343262, 'beta_l2': 0.21956826746463776, 'beta_min': -0.01046047080308199, 'beta_max': -0.001272084191441536, 'beta_neg_frac': 1.0, 'offline_data_id': 76, 'benchmark_id': 1, 'benchmark_point_source': 'fixed_config', 'target_set_size': 100, 'benchmark_z_path': 'data/Z_true.pt', 'projected_bellman_test_risk': 0.780363917350769, 'oracle_embedding_risk': 9.365711212158203, 'benchmark_embedding_risk': 9.365711212158203, 'risk_bellman_final': 0.4716339057645236, 'risk_obj_final': 18.14554595947266, 'B_num_rows': 3090, 'B_num_cols': 800, 'B_min_dim': 800, 'B_numerical_rank': 800, 'B_rank_fraction': 1.0, 'B_rank_tolerance': 4.2744399753047446e-05, 'B_stable_rank': 178.77732849121094, 'B_effective_rank': 771.0349384955957, 'B_entropy_rank': 6.647733688354492, 'B_spectral_norm': 0.11604078114032745, 'B_frobenius_norm': 1.5515539646148682, 'B_nuclear_norm': 42.36160659790039, 'B_condition_number': 4.32940370012682, 'B_condition_number_tol': 4.32940370012682, 'B_smallest_singular_value': 0.026802947744727135, 'B_rank_rel_1em2': 800, 'B_rank_rel_1em3': 800, 'B_rank_rel_1em4': 800}
Benchmark 2 evaluation grid shape: (800, 3)
Replicate 76, benchmark 2 metrics: {'run_id': '76_b2', 'RMSE': 1.0877659194813307, 'MAE': 1.004636273546057, 'SupNorm': 1.7884082198143005, 'Bias': -1.004636273546057, 'Corr': -0.9087679440559565, 'deming_slope': -9.05821292766518, 'deming_intercept': 0.31637371025585215, 'beta_sum': -5.774225234985352, 'beta_l1': 5.774225234985352, 'beta_l2': 0.2067977786064148, 'beta_min': -0.010140435770154, 'beta_max': -0.001331619918346405, 'beta_neg_frac': 1.0, 'offline_data_id': 76, 'benchmark_id': 2, 'benchmark_point_source': 'fixed_config', 'target_set_size': 100, 'benchmark_z_path': 'data/Z_true.pt', 'projected_bellman_test_risk': 0.6021262407302856, 'oracle_embedding_risk': 8.473039627075195, 'benchmark_embedding_risk': 8.473039627075195, 'risk_bellman_final': 0.4716339057645236, 'risk_obj_final': 18.14554595947266, 'B_num_rows': 3090, 'B_num_cols': 800, 'B_min_dim': 800, 'B_numerical_rank': 800, 'B_rank_fraction': 1.0, 'B_rank_tolerance': 4.2744399753047446e-05, 'B_stable_rank': 178.77732849121094, 'B_effective_rank': 771.0349384955957, 'B_entropy_rank': 6.647733688354492, 'B_spectral_norm': 0.11604078114032745, 'B_frobenius_norm': 1.5515539646148682, 'B_nuclear_norm': 42.36160659790039, 'B_condition_number': 4.32940370012682, 'B_condition_number_tol': 4.32940370012682, 'B_smallest_singular_value': 0.026802947744727135, 'B_rank_rel_1em2': 800, 'B_rank_rel_1em3': 800, 'B_rank_rel_1em4': 800}
Benchmark 3 evaluation grid shape: (800, 3)
Replicate 76, benchmark 3 metrics: {'run_id': '76_b3', 'RMSE': 1.050526232638529, 'MAE': 0.9642995954133221, 'SupNorm': 1.7560021132230759, 'Bias': -0.9642995954133221, 'Corr': -0.9378963748180922, 'deming_slope': -8.498597936550686, 'deming_intercept': 0.24233119176846052, 'beta_sum': -5.680366039276123, 'beta_l1': 5.680366039276123, 'beta_l2': 0.20343489944934845, 'beta_min': -0.00961020216345787, 'beta_max': -0.001083719078451395, 'beta_neg_frac': 1.0, 'offline_data_id': 76, 'benchmark_id': 3, 'benchmark_point_source': 'fixed_config', 'target_set_size': 100, 'benchmark_z_path': 'data/Z_true.pt', 'projected_bellman_test_risk': 0.5788147449493408, 'oracle_embedding_risk': 8.230622291564941, 'benchmark_embedding_risk': 8.230622291564941, 'risk_bellman_final': 0.4716339057645236, 'risk_obj_final': 18.14554595947266, 'B_num_rows': 3090, 'B_num_cols': 800, 'B_min_dim': 800, 'B_numerical_rank': 800, 'B_rank_fraction': 1.0, 'B_rank_tolerance': 4.2744399753047446e-05, 'B_stable_rank': 178.77732849121094, 'B_effective_rank': 771.0349384955957, 'B_entropy_rank': 6.647733688354492, 'B_spectral_norm': 0.11604078114032745, 'B_frobenius_norm': 1.5515539646148682, 'B_nuclear_norm': 42.36160659790039, 'B_condition_number': 4.32940370012682, 'B_condition_number_tol': 4.32940370012682, 'B_smallest_singular_value': 0.026802947744727135, 'B_rank_rel_1em2': 800, 'B_rank_rel_1em3': 800, 'B_rank_rel_1em4': 800}
Benchmark 4 evaluation grid shape: (800, 3)
Replicate 76, benchmark 4 metrics: {'run_id': '76_b4', 'RMSE': 0.21635641712362233, 'MAE': 0.19014309561850495, 'SupNorm': 0.5174763575196266, 'Bias': -0.19014309561850495, 'Corr': 0.07788290923240807, 'deming_slope': 20.475619690978185, 'deming_intercept': -2.7343657805192287, 'beta_sum': -1.0717991590499878, 'beta_l1': 1.9710490703582764, 'beta_l2': 0.08447764813899994, 'beta_min': -0.0042426977306604385, 'beta_max': 0.021019617095589638, 'beta_neg_frac': 0.84375, 'offline_data_id': 76, 'benchmark_id': 4, 'benchmark_point_source': 'support_safe_target_policy_draw', 'target_set_size': 100, 'benchmark_z_path': 'data/Z_true.pt', 'projected_bellman_test_risk': 0.012077080085873604, 'oracle_embedding_risk': 1.0797616243362427, 'benchmark_embedding_risk': 1.0797616243362427, 'risk_bellman_final': 0.4716339057645236, 'risk_obj_final': 18.14554595947266, 'B_num_rows': 3090, 'B_num_cols': 800, 'B_min_dim': 800, 'B_numerical_rank': 800, 'B_rank_fraction': 1.0, 'B_rank_tolerance': 4.2744399753047446e-05, 'B_stable_rank': 178.77732849121094, 'B_effective_rank': 771.0349384955957, 'B_entropy_rank': 6.647733688354492, 'B_spectral_norm': 0.11604078114032745, 'B_frobenius_norm': 1.5515539646148682, 'B_nuclear_norm': 42.36160659790039, 'B_condition_number': 4.32940370012682, 'B_condition_number_tol': 4.32940370012682, 'B_smallest_singular_value': 0.026802947744727135, 'B_rank_rel_1em2': 800, 'B_rank_rel_1em3': 800, 'B_rank_rel_1em4': 800}
Benchmark 5 evaluation grid shape: (800, 3)
Replicate 76, benchmark 5 metrics: {'run_id': '76_b5', 'RMSE': 0.13250479327637413, 'MAE': 0.1246453704954115, 'SupNorm': 0.20748323760926723, 'Bias': -0.1246453704954115, 'Corr': 0.4082731650597677, 'deming_slope': 0.016354567105074467, 'deming_intercept': -0.0007823281777917296, 'beta_sum': 0.027135001495480537, 'beta_l1': 0.20684702694416046, 'beta_l2': 0.009758205153048038, 'beta_min': -0.0010101791704073548, 'beta_max': 0.0017478156369179487, 'beta_neg_frac': 0.485, 'offline_data_id': 76, 'benchmark_id': 5, 'benchmark_point_source': 'support_safe_target_policy_draw', 'target_set_size': 100, 'benchmark_z_path': 'data/Z_true.pt', 'projected_bellman_test_risk': 0.005132525227963924, 'oracle_embedding_risk': 0.48788514733314514, 'benchmark_embedding_risk': 0.48788514733314514, 'risk_bellman_final': 0.4716339057645236, 'risk_obj_final': 18.14554595947266, 'B_num_rows': 3090, 'B_num_cols': 800, 'B_min_dim': 800, 'B_numerical_rank': 800, 'B_rank_fraction': 1.0, 'B_rank_tolerance': 4.2744399753047446e-05, 'B_stable_rank': 178.77732849121094, 'B_effective_rank': 771.0349384955957, 'B_entropy_rank': 6.647733688354492, 'B_spectral_norm': 0.11604078114032745, 'B_frobenius_norm': 1.5515539646148682, 'B_nuclear_norm': 42.36160659790039, 'B_condition_number': 4.32940370012682, 'B_condition_number_tol': 4.32940370012682, 'B_smallest_singular_value': 0.026802947744727135, 'B_rank_rel_1em2': 800, 'B_rank_rel_1em3': 800, 'B_rank_rel_1em4': 800}
Benchmark 6 evaluation grid shape: (800, 3)
Replicate 76, benchmark 6 metrics: {'run_id': '76_b6', 'RMSE': 0.6031568493468027, 'MAE': 0.5407510168442968, 'SupNorm': 1.1120838224887848, 'Bias': -0.5407510168442968, 'Corr': -0.6061709258130029, 'deming_slope': -8.132055434499838, 'deming_intercept': 0.6405321814311722, 'beta_sum': -3.1549735069274902, 'beta_l1': 3.2093935012817383, 'beta_l2': 0.12043645232915878, 'beta_min': -0.0074301185086369514, 'beta_max': 0.002404828555881977, 'beta_neg_frac': 0.96875, 'offline_data_id': 76, 'benchmark_id': 6, 'benchmark_point_source': 'support_safe_target_policy_draw', 'target_set_size': 100, 'benchmark_z_path': 'data/Z_true.pt', 'projected_bellman_test_risk': 0.03911752998828888, 'oracle_embedding_risk': 3.437777519226074, 'benchmark_embedding_risk': 3.437777519226074, 'risk_bellman_final': 0.4716339057645236, 'risk_obj_final': 18.14554595947266, 'B_num_rows': 3090, 'B_num_cols': 800, 'B_min_dim': 800, 'B_numerical_rank': 800, 'B_rank_fraction': 1.0, 'B_rank_tolerance': 4.2744399753047446e-05, 'B_stable_rank': 178.77732849121094, 'B_effective_rank': 771.0349384955957, 'B_entropy_rank': 6.647733688354492, 'B_spectral_norm': 0.11604078114032745, 'B_frobenius_norm': 1.5515539646148682, 'B_nuclear_norm': 42.36160659790039, 'B_condition_number': 4.32940370012682, 'B_condition_number_tol': 4.32940370012682, 'B_smallest_singular_value': 0.026802947744727135, 'B_rank_rel_1em2': 800, 'B_rank_rel_1em3': 800, 'B_rank_rel_1em4': 800}
Benchmark 7 evaluation grid shape: (800, 3)
Replicate 76, benchmark 7 metrics: {'run_id': '76_b7', 'RMSE': 0.5666327889174445, 'MAE': 0.5002266035568027, 'SupNorm': 1.103736773133278, 'Bias': -0.5002266035568027, 'Corr': -0.47958450567757616, 'deming_slope': -10.718974998247154, 'deming_intercept': 1.0012991418797734, 'beta_sum': -3.2597603797912598, 'beta_l1': 3.4342310428619385, 'beta_l2': 0.1273045390844345, 'beta_min': -0.007530175149440765, 'beta_max': 0.012443446554243565, 'beta_neg_frac': 0.9525, 'offline_data_id': 76, 'benchmark_id': 7, 'benchmark_point_source': 'support_safe_target_policy_draw', 'target_set_size': 100, 'benchmark_z_path': 'data/Z_true.pt', 'projected_bellman_test_risk': 0.09246004372835159, 'oracle_embedding_risk': 3.502769947052002, 'benchmark_embedding_risk': 3.502769947052002, 'risk_bellman_final': 0.4716339057645236, 'risk_obj_final': 18.14554595947266, 'B_num_rows': 3090, 'B_num_cols': 800, 'B_min_dim': 800, 'B_numerical_rank': 800, 'B_rank_fraction': 1.0, 'B_rank_tolerance': 4.2744399753047446e-05, 'B_stable_rank': 178.77732849121094, 'B_effective_rank': 771.0349384955957, 'B_entropy_rank': 6.647733688354492, 'B_spectral_norm': 0.11604078114032745, 'B_frobenius_norm': 1.5515539646148682, 'B_nuclear_norm': 42.36160659790039, 'B_condition_number': 4.32940370012682, 'B_condition_number_tol': 4.32940370012682, 'B_smallest_singular_value': 0.026802947744727135, 'B_rank_rel_1em2': 800, 'B_rank_rel_1em3': 800, 'B_rank_rel_1em4': 800}
Benchmark 8 evaluation grid shape: (800, 3)
Replicate 76, benchmark 8 metrics: {'run_id': '76_b8', 'RMSE': 0.2688669034818947, 'MAE': 0.24100066396567854, 'SupNorm': 0.51945860683918, 'Bias': -0.24100066396567854, 'Corr': -0.3758566330240738, 'deming_slope': -4.050755896566273, 'deming_intercept': 0.4036886422948067, 'beta_sum': -1.0260262489318848, 'beta_l1': 1.4543044567108154, 'beta_l2': 0.060134969651699066, 'beta_min': -0.004202442709356546, 'beta_max': 0.01100466214120388, 'beta_neg_frac': 0.84875, 'offline_data_id': 76, 'benchmark_id': 8, 'benchmark_point_source': 'support_safe_target_policy_draw', 'target_set_size': 100, 'benchmark_z_path': 'data/Z_true.pt', 'projected_bellman_test_risk': 0.03179969638586044, 'oracle_embedding_risk': 1.0436983108520508, 'benchmark_embedding_risk': 1.0436983108520508, 'risk_bellman_final': 0.4716339057645236, 'risk_obj_final': 18.14554595947266, 'B_num_rows': 3090, 'B_num_cols': 800, 'B_min_dim': 800, 'B_numerical_rank': 800, 'B_rank_fraction': 1.0, 'B_rank_tolerance': 4.2744399753047446e-05, 'B_stable_rank': 178.77732849121094, 'B_effective_rank': 771.0349384955957, 'B_entropy_rank': 6.647733688354492, 'B_spectral_norm': 0.11604078114032745, 'B_frobenius_norm': 1.5515539646148682, 'B_nuclear_norm': 42.36160659790039, 'B_condition_number': 4.32940370012682, 'B_condition_number_tol': 4.32940370012682, 'B_smallest_singular_value': 0.026802947744727135, 'B_rank_rel_1em2': 800, 'B_rank_rel_1em3': 800, 'B_rank_rel_1em4': 800}
Benchmark 9 evaluation grid shape: (800, 3)
Replicate 76, benchmark 9 metrics: {'run_id': '76_b9', 'RMSE': 0.5868307901437011, 'MAE': 0.5212750735657028, 'SupNorm': 1.0841777324676514, 'Bias': -0.5212750735657028, 'Corr': -0.578174985890444, 'deming_slope': -8.646034489639705, 'deming_intercept': 0.7348791783646512, 'beta_sum': -2.9775686264038086, 'beta_l1': 3.2124123573303223, 'beta_l2': 0.12074362486600876, 'beta_min': -0.006846184376627207, 'beta_max': 0.010876765474677086, 'beta_neg_frac': 0.93875, 'offline_data_id': 76, 'benchmark_id': 9, 'benchmark_point_source': 'support_safe_target_policy_draw', 'target_set_size': 100, 'benchmark_z_path': 'data/Z_true.pt', 'projected_bellman_test_risk': 0.007503649219870567, 'oracle_embedding_risk': 3.2856037616729736, 'benchmark_embedding_risk': 3.2856037616729736, 'risk_bellman_final': 0.4716339057645236, 'risk_obj_final': 18.14554595947266, 'B_num_rows': 3090, 'B_num_cols': 800, 'B_min_dim': 800, 'B_numerical_rank': 800, 'B_rank_fraction': 1.0, 'B_rank_tolerance': 4.2744399753047446e-05, 'B_stable_rank': 178.77732849121094, 'B_effective_rank': 771.0349384955957, 'B_entropy_rank': 6.647733688354492, 'B_spectral_norm': 0.11604078114032745, 'B_frobenius_norm': 1.5515539646148682, 'B_nuclear_norm': 42.36160659790039, 'B_condition_number': 4.32940370012682, 'B_condition_number_tol': 4.32940370012682, 'B_smallest_singular_value': 0.026802947744727135, 'B_rank_rel_1em2': 800, 'B_rank_rel_1em3': 800, 'B_rank_rel_1em4': 800}
Replicate 76 finished in 21.4s
Finished combo 5, offline replicate 76.
