Job ID:    2358905
Array idx: 128
CPUs/node: 64
Mem/node:  131072
Using CC = cc 
Using CXX = CC 
Using FC = ftn 
Using F77 = ftn 
Using F90 = ftn 
cuda/12.6.1 is deprecated; loading cudatoolkit/25.5_12.9 instead.
Using CC = /opt/nvidia/hpc_sdk/Linux_aarch64/25.5/compilers/bin/nvc 
Using CXX = /opt/nvidia/hpc_sdk/Linux_aarch64/25.5/compilers/bin/nvc++ 
Using FC = /opt/nvidia/hpc_sdk/Linux_aarch64/25.5/compilers/bin/nvfortran 
Using F77 = /opt/nvidia/hpc_sdk/Linux_aarch64/25.5/compilers/bin/nvfortran 
Using F90 = /opt/nvidia/hpc_sdk/Linux_aarch64/25.5/compilers/bin/nvfortran 
Using CC = /opt/nvidia/hpc_sdk/Linux_aarch64/25.5/compilers/bin/nvc 
Using CXX = /opt/nvidia/hpc_sdk/Linux_aarch64/25.5/compilers/bin/nvc++ 
Using FC = /opt/nvidia/hpc_sdk/Linux_aarch64/25.5/compilers/bin/nvfortran 
Using F77 = /opt/nvidia/hpc_sdk/Linux_aarch64/25.5/compilers/bin/nvfortran 
Using F90 = /opt/nvidia/hpc_sdk/Linux_aarch64/25.5/compilers/bin/nvfortran 

Lmod is automatically replacing "gcc-native/14" with "gcc/14.2.0".

ghx4
0
Tuning combo id: 1 / 6
Offline replicate id: 28 / 99
Installing ke_drl from git: https://github.com/mehrdadmhmdi/ke-drl.git@main
Collecting git+https://github.com/mehrdadmhmdi/ke-drl.git@main
  Cloning https://github.com/mehrdadmhmdi/ke-drl.git (to revision main) to /tmp/pip-req-build-5i_vhvia
  Running command git clone --filter=blob:none --quiet https://github.com/mehrdadmhmdi/ke-drl.git /tmp/pip-req-build-5i_vhvia
  Resolved https://github.com/mehrdadmhmdi/ke-drl.git to commit 3c5d570e40ea15b1fbe4817b5f43b64c7b333e82
  Installing build dependencies: started
  Installing build dependencies: finished with status 'done'
  Getting requirements to build wheel: started
  Getting requirements to build wheel: finished with status 'done'
  Preparing metadata (pyproject.toml): started
  Preparing metadata (pyproject.toml): finished with status 'done'
Building wheels for collected packages: ke_drl
  Building wheel for ke_drl (pyproject.toml): started
  Building wheel for ke_drl (pyproject.toml): finished with status 'done'
  Created wheel for ke_drl: filename=ke_drl-0.1.0-py3-none-any.whl size=47219 sha256=4e8d126364903a96e8cbc598887f5def1e4c0a0d76034b3a813498bf6ff56757
  Stored in directory: /tmp/pip-ephem-wheel-cache-nw1u0n9l/wheels/24/47/ad/9a4ffd3b05d3e90e35ffc6e7324b735b8bfcf5f51aaf29a333
Successfully built ke_drl
Installing collected packages: ke_drl
Successfully installed ke_drl-0.1.0
Installed ke_drl source: /work/nvme/bfez/mehrdad3/DistRL/simulation_3/runs/sim3_global_2358722_1/.kedrl_site_128/ke_drl/__init__.py
Tuning combo 1: lambda_B_0.002
Overrides: {'lambda_B': 0.002}
RUN: /sw/user/python/miniforge3-pytorch-24.11.3/bin/python3 validate_sim_config.py --params params.yaml
ke_drl import source: /work/nvme/bfez/mehrdad3/DistRL/simulation_3/runs/sim3_global_2358722_1/.kedrl_site_128/ke_drl/__init__.py
ke_drl package API OK: prediction weights, RFF operators, rank diagnostics, and best-checkpoint optimizer available
Policy config OK: behavior=uniform, target=logistic, state_dim=5, action_dim=1
Note: policy.logistic.theta_scale/theta_std are log-scale coefficients in Probability_Densities.
Behavior-policy linearized state-process diagnostic: spectral_radius=0.653, offline_burn_in=50
Replicate config OK: num_replicates=100, benchmark points=10 independent of D_i, loss target points=100
Transition reduction OK: method=kmeans, raw rows N(T-1)=12000, target rows about 3000, B rows reduced from 12000 to about 3000
Return-operator approximation OK: method=rff, features=512, exact G avoided for estimated N=12000, m=800, L=100
Fixed benchmark config rows=4 (benchmark.num_points=10; additional points are support-safe target-policy draws if needed)
Fixed benchmark point 0: s_star=[0.6, -0.8, 0.7, -0.5, 0.9], a_star=[0.5]
Fixed benchmark behavior-support interval for configured rows: min_lower=-0.12, max_upper=1.11
Fixed benchmark target-policy location range: [-0.02, 0.14]
Reusing shared data from /work/nvme/bfez/mehrdad3/DistRL/simulation_3/runs/sim3_shared_data/data for offline replicate 28.
RUN: /sw/user/python/miniforge3-pytorch-24.11.3/bin/python3 validate_sim_config.py --params params.yaml --data data/offline_data_28.pt
ke_drl import source: /work/nvme/bfez/mehrdad3/DistRL/simulation_3/runs/sim3_global_2358722_1/.kedrl_site_128/ke_drl/__init__.py
ke_drl package API OK: prediction weights, RFF operators, rank diagnostics, and best-checkpoint optimizer available
Policy config OK: behavior=uniform, target=logistic, state_dim=5, action_dim=1
Note: policy.logistic.theta_scale/theta_std are log-scale coefficients in Probability_Densities.
Behavior-policy linearized state-process diagnostic: spectral_radius=0.653, offline_burn_in=50
Replicate config OK: num_replicates=100, benchmark points=10 independent of D_i, loss target points=100
Transition reduction OK: method=kmeans, raw rows N(T-1)=12000, target rows about 3000, B rows reduced from 12000 to about 3000
Return-operator approximation OK: method=rff, features=512, exact G avoided for estimated N=12000, m=800, L=100
Fixed benchmark config rows=4 (benchmark.num_points=10; additional points are support-safe target-policy draws if needed)
Fixed benchmark point 0: s_star=[0.6, -0.8, 0.7, -0.5, 0.9], a_star=[0.5]
Fixed benchmark behavior-support interval for configured rows: min_lower=-0.12, max_upper=1.11
Fixed benchmark target-policy location range: [-0.02, 0.14]
Full benchmark support check OK: 10 points, min_lower=-2.177, max_upper=2.05
observed behavior actions: mean=0.4045, sd=0.6828, q0/q10/q50/q90/q100=[-2.2495980262756348, -0.4222161173820495, 0.3383101224899292, 1.3277657747268676, 3.0573549270629883]
target-policy sampled actions: mean=-0.02219, sd=0.6706, q0/q10/q50/q90/q100=[-2.783815721462893, -0.8815440176916688, -0.01315790251596079, 0.823270612850385, 2.6726386654348175]
behavior uniform lower: mean=-0.1214, sd=0.6639, q0/q10/q50/q90/q100=[-2.8341580629348755, -0.9669355404376984, -0.11336318552494054, 0.7272789031267166, 2.521457740664482]
behavior uniform upper: mean=0.9275, sd=0.6506, q0/q10/q50/q90/q100=[-1.01173175573349, 0.07590862810611725, 0.9518556863069534, 1.7666672703623774, 3.521457740664482]
target location inside behavior uniform support: 0.967
RUN: /sw/user/python/miniforge3-pytorch-24.11.3/bin/python3 main_est.py
# ================================================================ #
#   Global KE-DRL estimation for one offline replicate              #
# ================================================================ #
Slurm Job ID: 2358905
Slurm Array ID: 28 -- used as the offline-replicate id
Offline data id: 28
ke_drl import source: /work/nvme/bfez/mehrdad3/DistRL/simulation_3/runs/sim3_global_2358722_1/.kedrl_site_128/ke_drl/__init__.py
Estimator device: cuda (NVIDIA GH200 120GB, capability 9.0); torch CUDA=13.0
Random seed: 20460540
Number of offline replicates: 100
[transition reduction] enabled: original rows=12000, target basis=3000, method=kmeans, device=cuda
[transition reduction] kmeans iter 1/20, mean center shift=2.7937e-01
[transition reduction] kmeans iter 5/20, mean center shift=3.5250e-03
[transition reduction] selected 3085 rows from 12000 transitions (ratio 0.2571); indices saved to data/reduced_transition_indices_28.pt
Data and parameters loaded.
offline path: data/offline_data_28.pt
benchmark true-Z path: data/Z_true.pt
offline shapes after reduction: s0=(3085, 5), a0=(3085, 1), r0=(3085, 3)
transition reduction: {'enabled': True, 'method': 'kmeans', 'original_rows': 12000, 'reduced_rows': 3085, 'selected_indices_path': 'data/reduced_transition_indices_28.pt', 'target_basis': 3000, 'compression_ratio': 0.25708333333333333}
fixed benchmark point source: fixed_config_plus_support_safe_target_policy_draws
benchmark row excluded from this offline data: None
global loss target set shape: s_star=(100, 5), a_star=(100, 1)
benchmark true-Z count=10, shape each=(50000, 3)
target policy: logistic
behavior policy: uniform
lambda_Gamma=0.005, lambda_B=0.002, d_r_method=song
dtype=torch.float32, operator_method=rff, operator_num_features=512
ridge_mode=rkhs, diagnostic_interval=50
mass_anchor_lambda=1.0, target_mass=1.0
uLSIF basis: source=numerator, n_basis=512, lambda_reg=0.005
optimizer stabilizers: lambda_neg=0.0, max_B_norm=None, eta_clip_min=0.0, eta_clip_max=5.0, normalize_eta=True
========================================
Estimating the global KE-DRL mean embedding
torch device=cuda, dtype=torch.float32
Data dims: N=3085, L=100, Ds=5, Da=1, Dr=3
lambda_Gamma=0.005, lambda_B=0.002
return-operator construction: method=rff, rff_features=512
[uLSIF] basis=512/3085 (numerator); eta_hat min=-5.617e-01 max=5.551e+00 neg%=2.95
ESS for eta_plus: 2215.7 / 3085
eta_plus diagnostics: raw_mean=1, raw_min=-0.562, raw_max=5.55; used_mean=1, used_min=0, used_max=4.97
[timing] Z-grid: 0.03s
[timing] K_X: 0.00s
[timing] K_plus: 0.00s
[timing] k_star: 0.00s
[timing] Gamma_stack: 0.01s
[timing] Phi_stack: 0.00s
[timing] RFF feature sample: 0.00s
[timing] K_Z RFF: 0.00s
[timing] G_stack RFF: 0.01s
[timing] H_stack RFF: 0.01s
findfont: Font family 'Nimbus Roman' not found.
findfont: Font family 'Nimbus Roman' not found.
findfont: Font family 'Nimbus Roman' not found.
findfont: Font family 'Nimbus Roman' not found.
findfont: Font family 'Nimbus Roman' not found.
findfont: Font family 'Nimbus Roman' not found.
findfont: Font family 'Nimbus Roman' not found.
findfont: Font family 'Nimbus Roman' not found.
findfont: Font family 'Nimbus Roman' not found.
findfont: Font family 'Nimbus Roman' not found.
findfont: Font family 'Nimbus Roman' not found.
findfont: Font family 'Nimbus Roman' not found.
findfont: Font family 'Nimbus Roman' not found.
findfont: Font family 'Nimbus Roman' not found.
findfont: Font family 'Nimbus Roman' not found.
findfont: Font family 'Nimbus Roman' not found.
findfont: Font family 'Nimbus Roman' not found.
findfont: Font family 'Nimbus Roman' not found.
findfont: Font family 'Nimbus Roman' not found.
findfont: Font family 'Nimbus Roman' not found.
findfont: Font family 'Nimbus Roman' not found.
findfont: Font family 'Nimbus Roman' not found.
findfont: Font family 'Nimbus Roman' not found.
findfont: Font family 'Nimbus Roman' not found.
findfont: Font family 'Nimbus Roman' not found.
findfont: Font family 'Nimbus Roman' not found.
findfont: Font family 'Nimbus Roman' not found.
findfont: Font family 'Nimbus Roman' not found.
findfont: Font family 'Nimbus Roman' not found.
findfont: Font family 'Nimbus Roman' not found.
findfont: Font family 'Nimbus Roman' not found.
findfont: Font family 'Nimbus Roman' not found.
findfont: Font family 'Nimbus Roman' not found.
findfont: Font family 'Nimbus Roman' not found.
findfont: Font family 'Nimbus Roman' not found.
findfont: Font family 'Nimbus Roman' not found.
findfont: Font family 'Nimbus Roman' not found.
findfont: Font family 'Nimbus Roman' not found.
findfont: Font family 'Nimbus Roman' not found.
findfont: Font family 'Nimbus Roman' not found.
findfont: Font family 'Nimbus Roman' not found.
findfont: Font family 'Nimbus Roman' not found.
findfont: Font family 'Nimbus Roman' not found.
findfont: Font family 'Nimbus Roman' not found.
findfont: Font family ['Nimbus Roman'] not found. Falling back to DejaVu Sans.
findfont: Font family 'Nimbus Roman' not found.
findfont: Font family ['Nimbus Roman'] not found. Falling back to DejaVu Sans.
findfont: Font family 'Nimbus Roman' not found.
findfont: Font family 'Nimbus Roman' not found.
findfont: Font family 'Nimbus Roman' not found.
findfont: Font family 'Nimbus Roman' not found.
findfont: Font family 'Nimbus Roman' not found.
findfont: Font family 'Nimbus Roman' not found.
findfont: Font family 'Nimbus Roman' not found.
findfont: Font family 'Nimbus Roman' not found.
findfont: Font family 'Nimbus Roman' not found.
findfont: Font family 'Nimbus Roman' not found.
findfont: Font family 'Nimbus Roman' not found.
findfont: Font family ['Nimbus Roman'] not found. Falling back to DejaVu Sans.
findfont: Font family 'Nimbus Roman' not found.
findfont: Font family 'Nimbus Roman' not found.
findfont: Font family 'Nimbus Roman' not found.
findfont: Font family 'Nimbus Roman' not found.
findfont: Font family 'Nimbus Roman' not found.
findfont: Font family 'Nimbus Roman' not found.
findfont: Font family 'Nimbus Roman' not found.
findfont: Font family 'Nimbus Roman' not found.
findfont: Font family 'Nimbus Roman' not found.
findfont: Font family 'Nimbus Roman' not found.
findfont: Font family 'Nimbus Roman' not found.
findfont: Font family 'Nimbus Roman' not found.
findfont: Font family 'Nimbus Roman' not found.
findfont: Font family 'Nimbus Roman' not found.
findfont: Font family 'Nimbus Roman' not found.
findfont: Font family 'Nimbus Roman' not found.
findfont: Font family 'Nimbus Roman' not found.
findfont: Font family 'Nimbus Roman' not found.
findfont: Font family 'Nimbus Roman' not found.
findfont: Font family 'Nimbus Roman' not found.
findfont: Font family 'Nimbus Roman' not found.
findfont: Font family 'Nimbus Roman' not found.
findfont: Font family 'Nimbus Roman' not found.
findfont: Font family 'Nimbus Roman' not found.
findfont: Font family 'Nimbus Roman' not found.
findfont: Font family 'Nimbus Roman' not found.
findfont: Font family 'Nimbus Roman' not found.
findfont: Font family 'Nimbus Roman' not found.
findfont: Font family 'Nimbus Roman' not found.
findfont: Font family 'Nimbus Roman' not found.
findfont: Font family 'Nimbus Roman' not found.
findfont: Font family 'Nimbus Roman' not found.
findfont: Font family 'Nimbus Roman' not found.
findfont: Font family 'Nimbus Roman' not found.
findfont: Font family 'Nimbus Roman' not found.
findfont: Font family 'Nimbus Roman' not found.
findfont: Font family 'Nimbus Roman' not found.
findfont: Font family 'Nimbus Roman' not found.
findfont: Font family 'Nimbus Roman' not found.
findfont: Font family 'Nimbus Roman' not found.
findfont: Font family 'Nimbus Roman' not found.
findfont: Font family 'Nimbus Roman' not found.
findfont: Font family 'Nimbus Roman' not found.
findfont: Font family 'Nimbus Roman' not found.
findfont: Font family 'Nimbus Roman' not found.
findfont: Font family 'Nimbus Roman' not found.
findfont: Font family 'Nimbus Roman' not found.
findfont: Font family 'Nimbus Roman' not found.
findfont: Font family 'Nimbus Roman' not found.
findfont: Font family 'Nimbus Roman' not found.
findfont: Font family 'Nimbus Roman' not found.
findfont: Font family 'Nimbus Roman' not found.
findfont: Font family 'Nimbus Roman' not found.
findfont: Font family 'Nimbus Roman' not found.
findfont: Font family 'Nimbus Roman' not found.
findfont: Font family 'Nimbus Roman' not found.
findfont: Font family 'Nimbus Roman' not found.
findfont: Font family 'Nimbus Roman' not found.
findfont: Font family 'Nimbus Roman' not found.
findfont: Font family 'Nimbus Roman' not found.
findfont: Font family 'Nimbus Roman' not found.
findfont: Font family 'Nimbus Roman' not found.
findfont: Font family 'Nimbus Roman' not found.
findfont: Font family 'Nimbus Roman' not found.
findfont: Font family 'Nimbus Roman' not found.
findfont: Font family 'Nimbus Roman' not found.
findfont: Font family 'Nimbus Roman' not found.
findfont: Font family 'Nimbus Roman' not found.
findfont: Font family 'Nimbus Roman' not found.
findfont: Font family 'Nimbus Roman' not found.
findfont: Font family 'Nimbus Roman' not found.
findfont: Font family 'Nimbus Roman' not found.
findfont: Font family 'Nimbus Roman' not found.
findfont: Font family 'Nimbus Roman' not found.
findfont: Font family 'Nimbus Roman' not found.
findfont: Font family 'Nimbus Roman' not found.
findfont: Font family 'Nimbus Roman' not found.
findfont: Font family 'Nimbus Roman' not found.
findfont: Font family 'Nimbus Roman' not found.
findfont: Font family 'Nimbus Roman' not found.
Ridge mode: rkhs; diagnostic interval: 50
Iter 1/4000 | log_obj=9.876e+00 | log_Bellman_root=3.507e+00 | mass=1.83e+04 | neg=0.00e+00 | grad=9.48e+02
Iter 400/4000 | log_obj=3.997e+00 | log_Bellman_root=5.714e-01 | mass=5.13e+01 | neg=0.00e+00 | grad=5.34e+03
Iter 800/4000 | log_obj=4.002e+00 | log_Bellman_root=5.723e-01 | mass=5.16e+01 | neg=0.00e+00 | grad=5.36e+03
Iter 1200/4000 | log_obj=1.908e+00 | log_Bellman_root=-4.584e-01 | mass=6.33e+00 | neg=0.00e+00 | grad=3.15e+03
Iter 1600/4000 | log_obj=2.918e+00 | log_Bellman_root=3.400e-02 | mass=1.74e+01 | neg=0.00e+00 | grad=2.03e+03
Iter 2000/4000 | log_obj=2.919e+00 | log_Bellman_root=3.376e-02 | mass=1.75e+01 | neg=0.00e+00 | grad=2.03e+03
Iter 2400/4000 | log_obj=1.289e+00 | log_Bellman_root=-7.583e-01 | mass=3.41e+00 | neg=0.00e+00 | grad=1.18e+03
Iter 2800/4000 | log_obj=1.262e+00 | log_Bellman_root=-7.762e-01 | mass=3.32e+00 | neg=0.00e+00 | grad=1.19e+03
Iter 3200/4000 | log_obj=1.263e+00 | log_Bellman_root=-7.765e-01 | mass=3.32e+00 | neg=0.00e+00 | grad=1.19e+03
Iter 3600/4000 | log_obj=-5.824e-01 | log_Bellman_root=-1.613e+00 | mass=5.15e-01 | neg=0.00e+00 | grad=1.33e+03
Iter 4000/4000 | log_obj=2.000e+00 | log_Bellman_root=-4.368e-01 | mass=6.97e+00 | neg=0.00e+00 | grad=1.31e+03
Returning best diagnostic checkpoint from step 3450 (objective=5.686e-02, Bellman=9.943e-03).
Done in 15.39s.
KE-DRL global estimation is done.
B_hat shape: (3085, 800)
B_hat rank diagnostics: {'B_num_rows': 3085, 'B_num_cols': 800, 'B_min_dim': 800, 'B_numerical_rank': 800, 'B_rank_fraction': 1.0, 'B_rank_tolerance': 4.1576320195524374e-05, 'B_stable_rank': 193.1741180419922, 'B_effective_rank': 771.4696328704167, 'B_entropy_rank': 6.648297309875488, 'B_spectral_norm': 0.11305265873670578, 'B_frobenius_norm': 1.5712860822677612, 'B_nuclear_norm': 42.923770904541016, 'B_condition_number': 4.128371915225606, 'B_condition_number_tol': 4.128371915225606, 'B_smallest_singular_value': 0.0273843202739954, 'B_rank_rel_1em2': 800, 'B_rank_rel_1em3': 800, 'B_rank_rel_1em4': 800}
Global-loss target mass diagnostics: {'target_mass_mean': 1.1838372945785522, 'target_mass_min': 0.9108932614326477, 'target_mass_max': 1.3489422798156738, 'target_mass_sd': 0.09793761372566223, 'target_mass_rmse_to_target': 0.20806729793548584, 'target_beta_min': -0.04100760817527771, 'target_beta_max': 0.05962880700826645, 'target_neg_frac_mean': 0.430775}
Return dictionary Z_grid shape: (800, 3)
Replicate 28 risk metrics: {'risk_n_steps_recorded': 81.0, 'risk_n_diagnostics_recorded': 81.0, 'risk_log_obj_initial': 9.875684587792144, 'risk_log_obj_final': 2.000248435227447, 'risk_log_obj_min': -2.867136050980065, 'risk_obj_initial': 19451.599609375004, 'risk_obj_final': 7.390892028808592, 'risk_obj_min': 0.056861542165279395, 'risk_log_obj_drop': 7.8754361525646965, 'risk_log_bellman_root_initial': 3.506875382316677, 'risk_log_bellman_root_final': -0.4367743514284365, 'risk_log_bellman_root_min': -2.3054468391731358, 'risk_bellman_root_initial': 33.343917846679695, 'risk_bellman_root_final': 0.6461172103881836, 'risk_bellman_root_min': 0.0997142344713211, 'risk_bellman_initial': 1111.8168573661246, 'risk_bellman_final': 0.4174674495598083, 'risk_bellman_min': 0.009942928556201604, 'risk_log_bellman_root_drop': 3.9436497337451133, 'risk_bellman_returned': 0.009942928329110146, 'risk_obj_returned': 0.05686154216527939, 'risk_returned_step': 3450.0, 'offline_data_id': 28, 'benchmark_point_source': 'fixed_config_plus_support_safe_target_policy_draws', 'target_set_size': 100, 'lambda_reg': 0.005, 'lambda_B': 0.002, 'num_steps': 4000, 'transition_reduction_enabled': 1, 'transition_reduction_method': 'kmeans', 'transition_original_rows': 12000, 'transition_reduced_rows': 3085, 'transition_compression_ratio': 0.25708333333333333, 'target_mass_mean': 1.1838372945785522, 'target_mass_min': 0.9108932614326477, 'target_mass_max': 1.3489422798156738, 'target_mass_sd': 0.09793761372566223, 'target_mass_rmse_to_target': 0.20806729793548584, 'target_beta_min': -0.04100760817527771, 'target_beta_max': 0.05962880700826645, 'target_neg_frac_mean': 0.430775, 'B_num_rows': 3085, 'B_num_cols': 800, 'B_min_dim': 800, 'B_numerical_rank': 800, 'B_rank_fraction': 1.0, 'B_rank_tolerance': 4.1576320195524374e-05, 'B_stable_rank': 193.1741180419922, 'B_effective_rank': 771.4696328704167, 'B_entropy_rank': 6.648297309875488, 'B_spectral_norm': 0.11305265873670578, 'B_frobenius_norm': 1.5712860822677612, 'B_nuclear_norm': 42.923770904541016, 'B_condition_number': 4.128371915225606, 'B_condition_number_tol': 4.128371915225606, 'B_smallest_singular_value': 0.0273843202739954, 'B_rank_rel_1em2': 800, 'B_rank_rel_1em3': 800, 'B_rank_rel_1em4': 800, 'risk_objective_final_raw': 7.390892028808594, 'risk_objective_min_raw': 0.05686154216527939, 'risk_objective_max_raw': 19451.599609375, 'risk_bellman_final_raw': 0.41746747493743896, 'risk_bellman_min_raw': 0.009942928329110146, 'risk_bellman_max_raw': 1111.81689453125, 'risk_rkhs_ridge_final_raw': 0.0035488621797412634, 'risk_rkhs_ridge_min_raw': 0.0035488621797412634, 'risk_rkhs_ridge_max_raw': 0.23002909123897552, 'risk_mass_final_raw': 6.969875812530518, 'risk_mass_min_raw': 0.04329200088977814, 'risk_mass_max_raw': 18339.552734375, 'risk_negativity_final_raw': 0.0, 'risk_negativity_min_raw': 0.0, 'risk_negativity_max_raw': 0.0, 'risk_B_norm_final_raw': 1.5710214376449585, 'risk_B_norm_min_raw': 1.5710214376449585, 'risk_B_norm_max_raw': 1.639992117881775, 'risk_diagnostic_step_final_raw': 4000.0, 'risk_diagnostic_step_min_raw': 1.0, 'risk_diagnostic_step_max_raw': 4000.0, 'risk_best_step_final_raw': 3450.0, 'risk_best_step_min_raw': 3450.0, 'risk_best_step_max_raw': 3450.0, 'risk_best_objective_final_raw': 0.05686154216527939, 'risk_best_objective_min_raw': 0.05686154216527939, 'risk_best_objective_max_raw': 0.05686154216527939, 'risk_best_bellman_final_raw': 0.009942928329110146, 'risk_best_bellman_min_raw': 0.009942928329110146, 'risk_best_bellman_max_raw': 0.009942928329110146, 'risk_returned_step_final_raw': 3450.0, 'risk_returned_step_min_raw': 3450.0, 'risk_returned_step_max_raw': 3450.0, 'risk_returned_objective_final_raw': 0.05686154216527939, 'risk_returned_objective_min_raw': 0.05686154216527939, 'risk_returned_objective_max_raw': 0.05686154216527939, 'risk_returned_bellman_final_raw': 0.009942928329110146, 'risk_returned_bellman_min_raw': 0.009942928329110146, 'risk_returned_bellman_max_raw': 0.009942928329110146, 'risk_returned_best_checkpoint_final_raw': 1.0, 'risk_returned_best_checkpoint_min_raw': 1.0, 'risk_returned_best_checkpoint_max_raw': 1.0}
Benchmark 0 evaluation grid shape: (800, 3)
Replicate 28, benchmark 0 metrics: {'run_id': '28_b0', 'RMSE': 0.07520218538026907, 'MAE': 0.06521675808093277, 'SupNorm': 0.14340636134147644, 'Bias': -0.03050276961614145, 'Corr': 0.7335504150973471, 'deming_slope': 0.9682342204093516, 'deming_intercept': -0.022173169232784923, 'beta_sum': 1.1594085693359375, 'beta_l1': 4.030333518981934, 'beta_l2': 0.18088680505752563, 'beta_min': -0.016861118376255035, 'beta_max': 0.02790510654449463, 'beta_neg_frac': 0.42625, 'offline_data_id': 28, 'benchmark_id': 0, 'benchmark_point_source': 'fixed_config', 'target_set_size': 100, 'benchmark_z_path': 'data/Z_true.pt', 'projected_bellman_test_risk': 0.018517617136240005, 'oracle_embedding_risk': 0.8043424487113953, 'benchmark_embedding_risk': 0.8043424487113953, 'risk_bellman_final': 0.4174674495598083, 'risk_obj_final': 7.390892028808592, 'B_num_rows': 3085, 'B_num_cols': 800, 'B_min_dim': 800, 'B_numerical_rank': 800, 'B_rank_fraction': 1.0, 'B_rank_tolerance': 4.1576320195524374e-05, 'B_stable_rank': 193.1741180419922, 'B_effective_rank': 771.4696328704167, 'B_entropy_rank': 6.648297309875488, 'B_spectral_norm': 0.11305265873670578, 'B_frobenius_norm': 1.5712860822677612, 'B_nuclear_norm': 42.923770904541016, 'B_condition_number': 4.128371915225606, 'B_condition_number_tol': 4.128371915225606, 'B_smallest_singular_value': 0.0273843202739954, 'B_rank_rel_1em2': 800, 'B_rank_rel_1em3': 800, 'B_rank_rel_1em4': 800}
Saved ./mu/mu_hat.csv shape=(800,)
Saved ./mu/mu2D_hat_dims01.csv shape=(120, 120)
Saved ./mu/mu2D_hat_dims01.csv shape=(120, 120)
Saved plots/replicate_28/mu_3D.png
Benchmark 1 evaluation grid shape: (800, 3)
Replicate 28, benchmark 1 metrics: {'run_id': '28_b1', 'RMSE': 0.11950904830874937, 'MAE': 0.10646207405836322, 'SupNorm': 0.21060258150100708, 'Bias': 0.10643832459463738, 'Corr': 0.9935373531062188, 'deming_slope': 1.5536825011219833, 'deming_intercept': -0.037814947396723864, 'beta_sum': 1.2694813013076782, 'beta_l1': 6.524223327636719, 'beta_l2': 0.288742333650589, 'beta_min': -0.030157379806041718, 'beta_max': 0.031583454459905624, 'beta_neg_frac': 0.43625, 'offline_data_id': 28, 'benchmark_id': 1, 'benchmark_point_source': 'fixed_config', 'target_set_size': 100, 'benchmark_z_path': 'data/Z_true.pt', 'projected_bellman_test_risk': 0.01994665525853634, 'oracle_embedding_risk': 0.7913093566894531, 'benchmark_embedding_risk': 0.7913093566894531, 'risk_bellman_final': 0.4174674495598083, 'risk_obj_final': 7.390892028808592, 'B_num_rows': 3085, 'B_num_cols': 800, 'B_min_dim': 800, 'B_numerical_rank': 800, 'B_rank_fraction': 1.0, 'B_rank_tolerance': 4.1576320195524374e-05, 'B_stable_rank': 193.1741180419922, 'B_effective_rank': 771.4696328704167, 'B_entropy_rank': 6.648297309875488, 'B_spectral_norm': 0.11305265873670578, 'B_frobenius_norm': 1.5712860822677612, 'B_nuclear_norm': 42.923770904541016, 'B_condition_number': 4.128371915225606, 'B_condition_number_tol': 4.128371915225606, 'B_smallest_singular_value': 0.0273843202739954, 'B_rank_rel_1em2': 800, 'B_rank_rel_1em3': 800, 'B_rank_rel_1em4': 800}
Benchmark 2 evaluation grid shape: (800, 3)
Replicate 28, benchmark 2 metrics: {'run_id': '28_b2', 'RMSE': 0.1284003186204539, 'MAE': 0.11407673975452781, 'SupNorm': 0.22079211473464966, 'Bias': 0.11388197016436606, 'Corr': 0.9708768161006085, 'deming_slope': 1.583040339079682, 'deming_intercept': -0.04239242222827422, 'beta_sum': 1.3321328163146973, 'beta_l1': 6.2687177658081055, 'beta_l2': 0.2763115167617798, 'beta_min': -0.030394945293664932, 'beta_max': 0.031394317746162415, 'beta_neg_frac': 0.43375, 'offline_data_id': 28, 'benchmark_id': 2, 'benchmark_point_source': 'fixed_config', 'target_set_size': 100, 'benchmark_z_path': 'data/Z_true.pt', 'projected_bellman_test_risk': 0.019467221572995186, 'oracle_embedding_risk': 0.7990185022354126, 'benchmark_embedding_risk': 0.7990185022354126, 'risk_bellman_final': 0.4174674495598083, 'risk_obj_final': 7.390892028808592, 'B_num_rows': 3085, 'B_num_cols': 800, 'B_min_dim': 800, 'B_numerical_rank': 800, 'B_rank_fraction': 1.0, 'B_rank_tolerance': 4.1576320195524374e-05, 'B_stable_rank': 193.1741180419922, 'B_effective_rank': 771.4696328704167, 'B_entropy_rank': 6.648297309875488, 'B_spectral_norm': 0.11305265873670578, 'B_frobenius_norm': 1.5712860822677612, 'B_nuclear_norm': 42.923770904541016, 'B_condition_number': 4.128371915225606, 'B_condition_number_tol': 4.128371915225606, 'B_smallest_singular_value': 0.0273843202739954, 'B_rank_rel_1em2': 800, 'B_rank_rel_1em3': 800, 'B_rank_rel_1em4': 800}
Benchmark 3 evaluation grid shape: (800, 3)
Replicate 28, benchmark 3 metrics: {'run_id': '28_b3', 'RMSE': 0.1184625942836206, 'MAE': 0.10389054994448088, 'SupNorm': 0.2133854627609253, 'Bias': 0.10378127252799459, 'Corr': 0.9776326215019429, 'deming_slope': 1.5535731285821266, 'deming_intercept': -0.039732585846360025, 'beta_sum': 1.3012028932571411, 'beta_l1': 6.261847972869873, 'beta_l2': 0.2782371938228607, 'beta_min': -0.027653679251670837, 'beta_max': 0.029562007635831833, 'beta_neg_frac': 0.43875, 'offline_data_id': 28, 'benchmark_id': 3, 'benchmark_point_source': 'fixed_config', 'target_set_size': 100, 'benchmark_z_path': 'data/Z_true.pt', 'projected_bellman_test_risk': 0.023204024881124496, 'oracle_embedding_risk': 0.794634997844696, 'benchmark_embedding_risk': 0.794634997844696, 'risk_bellman_final': 0.4174674495598083, 'risk_obj_final': 7.390892028808592, 'B_num_rows': 3085, 'B_num_cols': 800, 'B_min_dim': 800, 'B_numerical_rank': 800, 'B_rank_fraction': 1.0, 'B_rank_tolerance': 4.1576320195524374e-05, 'B_stable_rank': 193.1741180419922, 'B_effective_rank': 771.4696328704167, 'B_entropy_rank': 6.648297309875488, 'B_spectral_norm': 0.11305265873670578, 'B_frobenius_norm': 1.5712860822677612, 'B_nuclear_norm': 42.923770904541016, 'B_condition_number': 4.128371915225606, 'B_condition_number_tol': 4.128371915225606, 'B_smallest_singular_value': 0.0273843202739954, 'B_rank_rel_1em2': 800, 'B_rank_rel_1em3': 800, 'B_rank_rel_1em4': 800}
Benchmark 4 evaluation grid shape: (800, 3)
Replicate 28, benchmark 4 metrics: {'run_id': '28_b4', 'RMSE': 0.08050224003428126, 'MAE': 0.06812361518663237, 'SupNorm': 0.1920081302523613, 'Bias': -0.022861934558459324, 'Corr': 0.7042493810870847, 'deming_slope': 1.1580758193427774, 'deming_intercept': -0.06500568836320242, 'beta_sum': 1.207375407218933, 'beta_l1': 4.546224117279053, 'beta_l2': 0.22044745087623596, 'beta_min': -0.021926499903202057, 'beta_max': 0.054895855486392975, 'beta_neg_frac': 0.46125, 'offline_data_id': 28, 'benchmark_id': 4, 'benchmark_point_source': 'support_safe_target_policy_draw', 'target_set_size': 100, 'benchmark_z_path': 'data/Z_true.pt', 'projected_bellman_test_risk': 0.020484309643507004, 'oracle_embedding_risk': 0.8245896100997925, 'benchmark_embedding_risk': 0.8245896100997925, 'risk_bellman_final': 0.4174674495598083, 'risk_obj_final': 7.390892028808592, 'B_num_rows': 3085, 'B_num_cols': 800, 'B_min_dim': 800, 'B_numerical_rank': 800, 'B_rank_fraction': 1.0, 'B_rank_tolerance': 4.1576320195524374e-05, 'B_stable_rank': 193.1741180419922, 'B_effective_rank': 771.4696328704167, 'B_entropy_rank': 6.648297309875488, 'B_spectral_norm': 0.11305265873670578, 'B_frobenius_norm': 1.5712860822677612, 'B_nuclear_norm': 42.923770904541016, 'B_condition_number': 4.128371915225606, 'B_condition_number_tol': 4.128371915225606, 'B_smallest_singular_value': 0.0273843202739954, 'B_rank_rel_1em2': 800, 'B_rank_rel_1em3': 800, 'B_rank_rel_1em4': 800}
Benchmark 5 evaluation grid shape: (800, 3)
Replicate 28, benchmark 5 metrics: {'run_id': '28_b5', 'RMSE': 0.2631042573369276, 'MAE': 0.24774334358980923, 'SupNorm': 0.4092859700322151, 'Bias': -0.24774334358980923, 'Corr': 0.5386807645408985, 'deming_slope': 0.053621956742261605, 'deming_intercept': -0.004538756514618009, 'beta_sum': 0.061879053711891174, 'beta_l1': 0.6678970456123352, 'beta_l2': 0.03352385759353638, 'beta_min': -0.0022953273728489876, 'beta_max': 0.00870249979197979, 'beta_neg_frac': 0.52125, 'offline_data_id': 28, 'benchmark_id': 5, 'benchmark_point_source': 'support_safe_target_policy_draw', 'target_set_size': 100, 'benchmark_z_path': 'data/Z_true.pt', 'projected_bellman_test_risk': 0.007940579205751419, 'oracle_embedding_risk': 0.9850512146949768, 'benchmark_embedding_risk': 0.9850512146949768, 'risk_bellman_final': 0.4174674495598083, 'risk_obj_final': 7.390892028808592, 'B_num_rows': 3085, 'B_num_cols': 800, 'B_min_dim': 800, 'B_numerical_rank': 800, 'B_rank_fraction': 1.0, 'B_rank_tolerance': 4.1576320195524374e-05, 'B_stable_rank': 193.1741180419922, 'B_effective_rank': 771.4696328704167, 'B_entropy_rank': 6.648297309875488, 'B_spectral_norm': 0.11305265873670578, 'B_frobenius_norm': 1.5712860822677612, 'B_nuclear_norm': 42.923770904541016, 'B_condition_number': 4.128371915225606, 'B_condition_number_tol': 4.128371915225606, 'B_smallest_singular_value': 0.0273843202739954, 'B_rank_rel_1em2': 800, 'B_rank_rel_1em3': 800, 'B_rank_rel_1em4': 800}
Benchmark 6 evaluation grid shape: (800, 3)
Replicate 28, benchmark 6 metrics: {'run_id': '28_b6', 'RMSE': 0.061327136712764026, 'MAE': 0.0522984523040941, 'SupNorm': 0.12958553433418274, 'Bias': 0.010465597685542888, 'Corr': 0.826465463839929, 'deming_slope': 1.1424698141163487, 'deming_intercept': -0.027145177929120523, 'beta_sum': 1.2112972736358643, 'beta_l1': 4.839644432067871, 'beta_l2': 0.2141459584236145, 'beta_min': -0.02203250303864479, 'beta_max': 0.023901650682091713, 'beta_neg_frac': 0.42625, 'offline_data_id': 28, 'benchmark_id': 6, 'benchmark_point_source': 'support_safe_target_policy_draw', 'target_set_size': 100, 'benchmark_z_path': 'data/Z_true.pt', 'projected_bellman_test_risk': 0.013591565191745758, 'oracle_embedding_risk': 0.7840425968170166, 'benchmark_embedding_risk': 0.7840425968170166, 'risk_bellman_final': 0.4174674495598083, 'risk_obj_final': 7.390892028808592, 'B_num_rows': 3085, 'B_num_cols': 800, 'B_min_dim': 800, 'B_numerical_rank': 800, 'B_rank_fraction': 1.0, 'B_rank_tolerance': 4.1576320195524374e-05, 'B_stable_rank': 193.1741180419922, 'B_effective_rank': 771.4696328704167, 'B_entropy_rank': 6.648297309875488, 'B_spectral_norm': 0.11305265873670578, 'B_frobenius_norm': 1.5712860822677612, 'B_nuclear_norm': 42.923770904541016, 'B_condition_number': 4.128371915225606, 'B_condition_number_tol': 4.128371915225606, 'B_smallest_singular_value': 0.0273843202739954, 'B_rank_rel_1em2': 800, 'B_rank_rel_1em3': 800, 'B_rank_rel_1em4': 800}
Benchmark 7 evaluation grid shape: (800, 3)
Replicate 28, benchmark 7 metrics: {'run_id': '28_b7', 'RMSE': 0.07224311617006393, 'MAE': 0.054864626636262986, 'SupNorm': 0.1877618134021759, 'Bias': 0.03810898761497811, 'Corr': 0.8589347610205287, 'deming_slope': 1.323780118637503, 'deming_intercept': -0.046554718731890044, 'beta_sum': 1.2219691276550293, 'beta_l1': 5.676718711853027, 'beta_l2': 0.2543947994709015, 'beta_min': -0.028047434985637665, 'beta_max': 0.02964508906006813, 'beta_neg_frac': 0.42625, 'offline_data_id': 28, 'benchmark_id': 7, 'benchmark_point_source': 'support_safe_target_policy_draw', 'target_set_size': 100, 'benchmark_z_path': 'data/Z_true.pt', 'projected_bellman_test_risk': 0.013602503575384617, 'oracle_embedding_risk': 0.7909821271896362, 'benchmark_embedding_risk': 0.7909821271896362, 'risk_bellman_final': 0.4174674495598083, 'risk_obj_final': 7.390892028808592, 'B_num_rows': 3085, 'B_num_cols': 800, 'B_min_dim': 800, 'B_numerical_rank': 800, 'B_rank_fraction': 1.0, 'B_rank_tolerance': 4.1576320195524374e-05, 'B_stable_rank': 193.1741180419922, 'B_effective_rank': 771.4696328704167, 'B_entropy_rank': 6.648297309875488, 'B_spectral_norm': 0.11305265873670578, 'B_frobenius_norm': 1.5712860822677612, 'B_nuclear_norm': 42.923770904541016, 'B_condition_number': 4.128371915225606, 'B_condition_number_tol': 4.128371915225606, 'B_smallest_singular_value': 0.0273843202739954, 'B_rank_rel_1em2': 800, 'B_rank_rel_1em3': 800, 'B_rank_rel_1em4': 800}
Benchmark 8 evaluation grid shape: (800, 3)
Replicate 28, benchmark 8 metrics: {'run_id': '28_b8', 'RMSE': 0.0969333084297302, 'MAE': 0.08450417980435304, 'SupNorm': 0.1725659817457199, 'Bias': -0.08273389726760798, 'Corr': 0.8986881430477364, 'deming_slope': 0.5918281263770679, 'deming_intercept': 0.023592501089464923, 'beta_sum': 0.8900361061096191, 'beta_l1': 3.162431001663208, 'beta_l2': 0.14563488960266113, 'beta_min': -0.012622741051018238, 'beta_max': 0.028978612273931503, 'beta_neg_frac': 0.43875, 'offline_data_id': 28, 'benchmark_id': 8, 'benchmark_point_source': 'support_safe_target_policy_draw', 'target_set_size': 100, 'benchmark_z_path': 'data/Z_true.pt', 'projected_bellman_test_risk': 0.01942187361419201, 'oracle_embedding_risk': 0.7846919298171997, 'benchmark_embedding_risk': 0.7846919298171997, 'risk_bellman_final': 0.4174674495598083, 'risk_obj_final': 7.390892028808592, 'B_num_rows': 3085, 'B_num_cols': 800, 'B_min_dim': 800, 'B_numerical_rank': 800, 'B_rank_fraction': 1.0, 'B_rank_tolerance': 4.1576320195524374e-05, 'B_stable_rank': 193.1741180419922, 'B_effective_rank': 771.4696328704167, 'B_entropy_rank': 6.648297309875488, 'B_spectral_norm': 0.11305265873670578, 'B_frobenius_norm': 1.5712860822677612, 'B_nuclear_norm': 42.923770904541016, 'B_condition_number': 4.128371915225606, 'B_condition_number_tol': 4.128371915225606, 'B_smallest_singular_value': 0.0273843202739954, 'B_rank_rel_1em2': 800, 'B_rank_rel_1em3': 800, 'B_rank_rel_1em4': 800}
Benchmark 9 evaluation grid shape: (800, 3)
Replicate 28, benchmark 9 metrics: {'run_id': '28_b9', 'RMSE': 0.048245281811804604, 'MAE': 0.03765833190525882, 'SupNorm': 0.10832095146179199, 'Bias': 0.03414614691282623, 'Corr': 0.950215159635191, 'deming_slope': 1.1315993633832482, 'deming_intercept': -0.0008283839820464878, 'beta_sum': 1.245906114578247, 'beta_l1': 5.755916118621826, 'beta_l2': 0.2574833631515503, 'beta_min': -0.027526870369911194, 'beta_max': 0.039882708340883255, 'beta_neg_frac': 0.4375, 'offline_data_id': 28, 'benchmark_id': 9, 'benchmark_point_source': 'support_safe_target_policy_draw', 'target_set_size': 100, 'benchmark_z_path': 'data/Z_true.pt', 'projected_bellman_test_risk': 0.010782759636640549, 'oracle_embedding_risk': 0.7567589282989502, 'benchmark_embedding_risk': 0.7567589282989502, 'risk_bellman_final': 0.4174674495598083, 'risk_obj_final': 7.390892028808592, 'B_num_rows': 3085, 'B_num_cols': 800, 'B_min_dim': 800, 'B_numerical_rank': 800, 'B_rank_fraction': 1.0, 'B_rank_tolerance': 4.1576320195524374e-05, 'B_stable_rank': 193.1741180419922, 'B_effective_rank': 771.4696328704167, 'B_entropy_rank': 6.648297309875488, 'B_spectral_norm': 0.11305265873670578, 'B_frobenius_norm': 1.5712860822677612, 'B_nuclear_norm': 42.923770904541016, 'B_condition_number': 4.128371915225606, 'B_condition_number_tol': 4.128371915225606, 'B_smallest_singular_value': 0.0273843202739954, 'B_rank_rel_1em2': 800, 'B_rank_rel_1em3': 800, 'B_rank_rel_1em4': 800}
Replicate 28 finished in 25.7s
Finished combo 1, offline replicate 28.
