Job ID:    2359299
Array idx: 489
CPUs/node: 64
Mem/node:  131072
Using CC = cc 
Using CXX = CC 
Using FC = ftn 
Using F77 = ftn 
Using F90 = ftn 
cuda/12.6.1 is deprecated; loading cudatoolkit/25.5_12.9 instead.
Using CC = /opt/nvidia/hpc_sdk/Linux_aarch64/25.5/compilers/bin/nvc 
Using CXX = /opt/nvidia/hpc_sdk/Linux_aarch64/25.5/compilers/bin/nvc++ 
Using FC = /opt/nvidia/hpc_sdk/Linux_aarch64/25.5/compilers/bin/nvfortran 
Using F77 = /opt/nvidia/hpc_sdk/Linux_aarch64/25.5/compilers/bin/nvfortran 
Using F90 = /opt/nvidia/hpc_sdk/Linux_aarch64/25.5/compilers/bin/nvfortran 
Using CC = /opt/nvidia/hpc_sdk/Linux_aarch64/25.5/compilers/bin/nvc 
Using CXX = /opt/nvidia/hpc_sdk/Linux_aarch64/25.5/compilers/bin/nvc++ 
Using FC = /opt/nvidia/hpc_sdk/Linux_aarch64/25.5/compilers/bin/nvfortran 
Using F77 = /opt/nvidia/hpc_sdk/Linux_aarch64/25.5/compilers/bin/nvfortran 
Using F90 = /opt/nvidia/hpc_sdk/Linux_aarch64/25.5/compilers/bin/nvfortran 

Lmod is automatically replacing "gcc-native/14" with "gcc/14.2.0".

ghx4
0
Tuning combo id: 4 / 6
Offline replicate id: 89 / 99
Installing ke_drl from git: https://github.com/mehrdadmhmdi/ke-drl.git@main
Collecting git+https://github.com/mehrdadmhmdi/ke-drl.git@main
  Cloning https://github.com/mehrdadmhmdi/ke-drl.git (to revision main) to /tmp/pip-req-build-5ko27jot
  Running command git clone --filter=blob:none --quiet https://github.com/mehrdadmhmdi/ke-drl.git /tmp/pip-req-build-5ko27jot
  Resolved https://github.com/mehrdadmhmdi/ke-drl.git to commit 3c5d570e40ea15b1fbe4817b5f43b64c7b333e82
  Installing build dependencies: started
  Installing build dependencies: finished with status 'done'
  Getting requirements to build wheel: started
  Getting requirements to build wheel: finished with status 'done'
  Preparing metadata (pyproject.toml): started
  Preparing metadata (pyproject.toml): finished with status 'done'
Building wheels for collected packages: ke_drl
  Building wheel for ke_drl (pyproject.toml): started
  Building wheel for ke_drl (pyproject.toml): finished with status 'done'
  Created wheel for ke_drl: filename=ke_drl-0.1.0-py3-none-any.whl size=47219 sha256=4693acc570f584e8b9576d3be44694c948f91c947dbe11044ff5ccf0d04fa6f7
  Stored in directory: /tmp/pip-ephem-wheel-cache-z_rttup_/wheels/24/47/ad/9a4ffd3b05d3e90e35ffc6e7324b735b8bfcf5f51aaf29a333
Successfully built ke_drl
Installing collected packages: ke_drl
Successfully installed ke_drl-0.1.0
Installed ke_drl source: /work/nvme/bfez/mehrdad3/DistRL/simulation_3/runs/sim3_global_2358722_4/.kedrl_site_489/ke_drl/__init__.py
Tuning combo 4: kernel_length_1.5
Overrides: {'kernel': {'length_scale': 1.5}}
RUN: /sw/user/python/miniforge3-pytorch-24.11.3/bin/python3 validate_sim_config.py --params params.yaml
ke_drl import source: /work/nvme/bfez/mehrdad3/DistRL/simulation_3/runs/sim3_global_2358722_4/.kedrl_site_489/ke_drl/__init__.py
ke_drl package API OK: prediction weights, RFF operators, rank diagnostics, and best-checkpoint optimizer available
Policy config OK: behavior=uniform, target=logistic, state_dim=5, action_dim=1
Note: policy.logistic.theta_scale/theta_std are log-scale coefficients in Probability_Densities.
Behavior-policy linearized state-process diagnostic: spectral_radius=0.653, offline_burn_in=50
Replicate config OK: num_replicates=100, benchmark points=10 independent of D_i, loss target points=100
Transition reduction OK: method=kmeans, raw rows N(T-1)=12000, target rows about 3000, B rows reduced from 12000 to about 3000
Return-operator approximation OK: method=rff, features=512, exact G avoided for estimated N=12000, m=800, L=100
Fixed benchmark config rows=4 (benchmark.num_points=10; additional points are support-safe target-policy draws if needed)
Fixed benchmark point 0: s_star=[0.6, -0.8, 0.7, -0.5, 0.9], a_star=[0.5]
Fixed benchmark behavior-support interval for configured rows: min_lower=-0.12, max_upper=1.11
Fixed benchmark target-policy location range: [-0.02, 0.14]
Reusing shared data from /work/nvme/bfez/mehrdad3/DistRL/simulation_3/runs/sim3_shared_data/data for offline replicate 89.
RUN: /sw/user/python/miniforge3-pytorch-24.11.3/bin/python3 validate_sim_config.py --params params.yaml --data data/offline_data_89.pt
ke_drl import source: /work/nvme/bfez/mehrdad3/DistRL/simulation_3/runs/sim3_global_2358722_4/.kedrl_site_489/ke_drl/__init__.py
ke_drl package API OK: prediction weights, RFF operators, rank diagnostics, and best-checkpoint optimizer available
Policy config OK: behavior=uniform, target=logistic, state_dim=5, action_dim=1
Note: policy.logistic.theta_scale/theta_std are log-scale coefficients in Probability_Densities.
Behavior-policy linearized state-process diagnostic: spectral_radius=0.653, offline_burn_in=50
Replicate config OK: num_replicates=100, benchmark points=10 independent of D_i, loss target points=100
Transition reduction OK: method=kmeans, raw rows N(T-1)=12000, target rows about 3000, B rows reduced from 12000 to about 3000
Return-operator approximation OK: method=rff, features=512, exact G avoided for estimated N=12000, m=800, L=100
Fixed benchmark config rows=4 (benchmark.num_points=10; additional points are support-safe target-policy draws if needed)
Fixed benchmark point 0: s_star=[0.6, -0.8, 0.7, -0.5, 0.9], a_star=[0.5]
Fixed benchmark behavior-support interval for configured rows: min_lower=-0.12, max_upper=1.11
Fixed benchmark target-policy location range: [-0.02, 0.14]
Full benchmark support check OK: 10 points, min_lower=-2.177, max_upper=2.05
observed behavior actions: mean=0.406, sd=0.6787, q0/q10/q50/q90/q100=[-2.7382681369781494, -0.41809817850589753, 0.3560308814048767, 1.3149385333061219, 3.0529165267944336]
target-policy sampled actions: mean=-0.0202, sd=0.673, q0/q10/q50/q90/q100=[-2.9748701330141465, -0.8831433398262909, -0.011428515288911312, 0.8328979072243256, 2.324713758704461]
behavior uniform lower: mean=-0.1206, sd=0.6655, q0/q10/q50/q90/q100=[-3.078992223739624, -0.9747464960813522, -0.11145252175629139, 0.7246862578392033, 2.4494883537292482]
behavior uniform upper: mean=0.9343, sd=0.6454, q0/q10/q50/q90/q100=[-0.90351023375988, 0.07157318353652961, 0.9427864581346512, 1.766949343085289, 3.4494883537292482]
target location inside behavior uniform support: 0.968
RUN: /sw/user/python/miniforge3-pytorch-24.11.3/bin/python3 main_est.py
# ================================================================ #
#   Global KE-DRL estimation for one offline replicate              #
# ================================================================ #
Slurm Job ID: 2359299
Slurm Array ID: 89 -- used as the offline-replicate id
Offline data id: 89
ke_drl import source: /work/nvme/bfez/mehrdad3/DistRL/simulation_3/runs/sim3_global_2358722_4/.kedrl_site_489/ke_drl/__init__.py
Estimator device: cuda (NVIDIA GH200 120GB, capability 9.0); torch CUDA=13.0
Random seed: 20460601
Number of offline replicates: 100
[transition reduction] enabled: original rows=12000, target basis=3000, method=kmeans, device=cuda
[transition reduction] kmeans iter 1/20, mean center shift=2.6949e-01
[transition reduction] kmeans iter 5/20, mean center shift=2.9721e-03
[transition reduction] kmeans iter 10/20, mean center shift=2.9666e-05
[transition reduction] selected 3086 rows from 12000 transitions (ratio 0.2572); indices saved to data/reduced_transition_indices_89.pt
Data and parameters loaded.
offline path: data/offline_data_89.pt
benchmark true-Z path: data/Z_true.pt
offline shapes after reduction: s0=(3086, 5), a0=(3086, 1), r0=(3086, 3)
transition reduction: {'enabled': True, 'method': 'kmeans', 'original_rows': 12000, 'reduced_rows': 3086, 'selected_indices_path': 'data/reduced_transition_indices_89.pt', 'target_basis': 3000, 'compression_ratio': 0.25716666666666665}
fixed benchmark point source: fixed_config_plus_support_safe_target_policy_draws
benchmark row excluded from this offline data: None
global loss target set shape: s_star=(100, 5), a_star=(100, 1)
benchmark true-Z count=10, shape each=(50000, 3)
target policy: logistic
behavior policy: uniform
lambda_Gamma=0.005, lambda_B=0.02, d_r_method=song
dtype=torch.float32, operator_method=rff, operator_num_features=512
ridge_mode=rkhs, diagnostic_interval=50
mass_anchor_lambda=1.0, target_mass=1.0
uLSIF basis: source=numerator, n_basis=512, lambda_reg=0.005
optimizer stabilizers: lambda_neg=0.0, max_B_norm=None, eta_clip_min=0.0, eta_clip_max=5.0, normalize_eta=True
========================================
Estimating the global KE-DRL mean embedding
torch device=cuda, dtype=torch.float32
Data dims: N=3086, L=100, Ds=5, Da=1, Dr=3
lambda_Gamma=0.005, lambda_B=0.02
return-operator construction: method=rff, rff_features=512
[uLSIF] basis=512/3086 (numerator); eta_hat min=-8.268e-01 max=4.664e+00 neg%=4.54
ESS for eta_plus: 2244.3 / 3086
eta_plus diagnostics: raw_mean=1, raw_min=-0.827, raw_max=4.66; used_mean=1, used_min=0, used_max=4.61
[timing] Z-grid: 0.03s
[timing] K_X: 0.00s
[timing] K_plus: 0.00s
[timing] k_star: 0.00s
[timing] Gamma_stack: 0.01s
[timing] Phi_stack: 0.00s
[timing] RFF feature sample: 0.00s
[timing] K_Z RFF: 0.00s
[timing] G_stack RFF: 0.01s
[timing] H_stack RFF: 0.01s
findfont: Font family 'Nimbus Roman' not found.
findfont: Font family 'Nimbus Roman' not found.
findfont: Font family 'Nimbus Roman' not found.
findfont: Font family 'Nimbus Roman' not found.
findfont: Font family 'Nimbus Roman' not found.
findfont: Font family 'Nimbus Roman' not found.
findfont: Font family 'Nimbus Roman' not found.
findfont: Font family 'Nimbus Roman' not found.
findfont: Font family 'Nimbus Roman' not found.
findfont: Font family 'Nimbus Roman' not found.
findfont: Font family 'Nimbus Roman' not found.
findfont: Font family 'Nimbus Roman' not found.
findfont: Font family 'Nimbus Roman' not found.
findfont: Font family 'Nimbus Roman' not found.
findfont: Font family 'Nimbus Roman' not found.
findfont: Font family 'Nimbus Roman' not found.
findfont: Font family 'Nimbus Roman' not found.
findfont: Font family 'Nimbus Roman' not found.
findfont: Font family 'Nimbus Roman' not found.
findfont: Font family 'Nimbus Roman' not found.
findfont: Font family 'Nimbus Roman' not found.
findfont: Font family 'Nimbus Roman' not found.
findfont: Font family 'Nimbus Roman' not found.
findfont: Font family 'Nimbus Roman' not found.
findfont: Font family 'Nimbus Roman' not found.
findfont: Font family 'Nimbus Roman' not found.
findfont: Font family 'Nimbus Roman' not found.
findfont: Font family 'Nimbus Roman' not found.
findfont: Font family 'Nimbus Roman' not found.
findfont: Font family 'Nimbus Roman' not found.
findfont: Font family 'Nimbus Roman' not found.
findfont: Font family 'Nimbus Roman' not found.
findfont: Font family 'Nimbus Roman' not found.
findfont: Font family 'Nimbus Roman' not found.
findfont: Font family 'Nimbus Roman' not found.
findfont: Font family 'Nimbus Roman' not found.
findfont: Font family 'Nimbus Roman' not found.
findfont: Font family 'Nimbus Roman' not found.
findfont: Font family 'Nimbus Roman' not found.
findfont: Font family 'Nimbus Roman' not found.
findfont: Font family 'Nimbus Roman' not found.
findfont: Font family 'Nimbus Roman' not found.
findfont: Font family 'Nimbus Roman' not found.
findfont: Font family 'Nimbus Roman' not found.
findfont: Font family ['Nimbus Roman'] not found. Falling back to DejaVu Sans.
findfont: Font family 'Nimbus Roman' not found.
findfont: Font family ['Nimbus Roman'] not found. Falling back to DejaVu Sans.
findfont: Font family 'Nimbus Roman' not found.
findfont: Font family 'Nimbus Roman' not found.
findfont: Font family 'Nimbus Roman' not found.
findfont: Font family 'Nimbus Roman' not found.
findfont: Font family 'Nimbus Roman' not found.
findfont: Font family 'Nimbus Roman' not found.
findfont: Font family 'Nimbus Roman' not found.
findfont: Font family 'Nimbus Roman' not found.
findfont: Font family ['Nimbus Roman'] not found. Falling back to DejaVu Sans.
findfont: Font family 'Nimbus Roman' not found.
findfont: Font family 'Nimbus Roman' not found.
findfont: Font family 'Nimbus Roman' not found.
findfont: Font family 'Nimbus Roman' not found.
findfont: Font family 'Nimbus Roman' not found.
findfont: Font family 'Nimbus Roman' not found.
findfont: Font family 'Nimbus Roman' not found.
findfont: Font family 'Nimbus Roman' not found.
findfont: Font family 'Nimbus Roman' not found.
findfont: Font family 'Nimbus Roman' not found.
findfont: Font family 'Nimbus Roman' not found.
findfont: Font family 'Nimbus Roman' not found.
findfont: Font family 'Nimbus Roman' not found.
findfont: Font family 'Nimbus Roman' not found.
findfont: Font family 'Nimbus Roman' not found.
findfont: Font family 'Nimbus Roman' not found.
findfont: Font family 'Nimbus Roman' not found.
findfont: Font family 'Nimbus Roman' not found.
findfont: Font family 'Nimbus Roman' not found.
findfont: Font family 'Nimbus Roman' not found.
findfont: Font family 'Nimbus Roman' not found.
findfont: Font family 'Nimbus Roman' not found.
findfont: Font family 'Nimbus Roman' not found.
findfont: Font family 'Nimbus Roman' not found.
findfont: Font family 'Nimbus Roman' not found.
findfont: Font family 'Nimbus Roman' not found.
findfont: Font family 'Nimbus Roman' not found.
findfont: Font family 'Nimbus Roman' not found.
findfont: Font family 'Nimbus Roman' not found.
findfont: Font family 'Nimbus Roman' not found.
findfont: Font family 'Nimbus Roman' not found.
findfont: Font family 'Nimbus Roman' not found.
findfont: Font family 'Nimbus Roman' not found.
findfont: Font family 'Nimbus Roman' not found.
findfont: Font family 'Nimbus Roman' not found.
findfont: Font family 'Nimbus Roman' not found.
findfont: Font family 'Nimbus Roman' not found.
findfont: Font family 'Nimbus Roman' not found.
findfont: Font family 'Nimbus Roman' not found.
findfont: Font family 'Nimbus Roman' not found.
findfont: Font family 'Nimbus Roman' not found.
findfont: Font family 'Nimbus Roman' not found.
findfont: Font family 'Nimbus Roman' not found.
findfont: Font family 'Nimbus Roman' not found.
findfont: Font family 'Nimbus Roman' not found.
findfont: Font family 'Nimbus Roman' not found.
findfont: Font family 'Nimbus Roman' not found.
findfont: Font family 'Nimbus Roman' not found.
findfont: Font family 'Nimbus Roman' not found.
findfont: Font family 'Nimbus Roman' not found.
findfont: Font family 'Nimbus Roman' not found.
findfont: Font family 'Nimbus Roman' not found.
findfont: Font family 'Nimbus Roman' not found.
findfont: Font family 'Nimbus Roman' not found.
findfont: Font family 'Nimbus Roman' not found.
findfont: Font family 'Nimbus Roman' not found.
findfont: Font family 'Nimbus Roman' not found.
findfont: Font family 'Nimbus Roman' not found.
findfont: Font family 'Nimbus Roman' not found.
findfont: Font family 'Nimbus Roman' not found.
findfont: Font family 'Nimbus Roman' not found.
findfont: Font family 'Nimbus Roman' not found.
findfont: Font family 'Nimbus Roman' not found.
findfont: Font family 'Nimbus Roman' not found.
findfont: Font family 'Nimbus Roman' not found.
findfont: Font family 'Nimbus Roman' not found.
findfont: Font family 'Nimbus Roman' not found.
findfont: Font family 'Nimbus Roman' not found.
findfont: Font family 'Nimbus Roman' not found.
findfont: Font family 'Nimbus Roman' not found.
findfont: Font family 'Nimbus Roman' not found.
findfont: Font family 'Nimbus Roman' not found.
findfont: Font family 'Nimbus Roman' not found.
findfont: Font family 'Nimbus Roman' not found.
findfont: Font family 'Nimbus Roman' not found.
findfont: Font family 'Nimbus Roman' not found.
findfont: Font family 'Nimbus Roman' not found.
Ridge mode: rkhs; diagnostic interval: 50
Iter 1/4000 | log_obj=1.131e+01 | log_Bellman_root=4.274e+00 | mass=7.63e+04 | neg=0.00e+00 | grad=1.90e+03
Iter 400/4000 | log_obj=6.359e+00 | log_Bellman_root=1.791e+00 | mass=5.41e+02 | neg=0.00e+00 | grad=5.34e+04
Iter 800/4000 | log_obj=6.821e+00 | log_Bellman_root=2.023e+00 | mass=8.60e+02 | neg=0.00e+00 | grad=1.86e+04
Iter 1200/4000 | log_obj=6.336e+00 | log_Bellman_root=1.788e+00 | mass=5.29e+02 | neg=0.00e+00 | grad=2.54e+04
Iter 1600/4000 | log_obj=6.231e+00 | log_Bellman_root=1.735e+00 | mass=4.76e+02 | neg=0.00e+00 | grad=9.17e+03
Iter 2000/4000 | log_obj=6.232e+00 | log_Bellman_root=1.735e+00 | mass=4.77e+02 | neg=0.00e+00 | grad=9.17e+03
Iter 2400/4000 | log_obj=4.013e+00 | log_Bellman_root=6.137e-01 | mass=5.19e+01 | neg=0.00e+00 | grad=2.72e+02
Iter 2800/4000 | log_obj=2.861e+00 | log_Bellman_root=6.490e-02 | mass=1.63e+01 | neg=0.00e+00 | grad=4.25e+03
Iter 3200/4000 | log_obj=2.864e+00 | log_Bellman_root=6.585e-02 | mass=1.64e+01 | neg=0.00e+00 | grad=4.24e+03
Iter 3600/4000 | log_obj=3.164e+00 | log_Bellman_root=2.128e-01 | mass=2.21e+01 | neg=0.00e+00 | grad=3.28e+03
Iter 4000/4000 | log_obj=3.165e+00 | log_Bellman_root=2.128e-01 | mass=2.21e+01 | neg=0.00e+00 | grad=3.28e+03
Returning best diagnostic checkpoint from step 3400 (objective=5.231e-01, Bellman=4.385e-02).
Done in 13.63s.
KE-DRL global estimation is done.
B_hat shape: (3086, 800)
B_hat rank diagnostics: {'B_num_rows': 3086, 'B_num_cols': 800, 'B_min_dim': 800, 'B_numerical_rank': 800, 'B_rank_fraction': 1.0, 'B_rank_tolerance': 3.074393561419697e-05, 'B_stable_rank': 352.7137756347656, 'B_effective_rank': 771.8938982805045, 'B_entropy_rank': 6.6488471031188965, 'B_spectral_norm': 0.08357058465480804, 'B_frobenius_norm': 1.5695120096206665, 'B_nuclear_norm': 42.90326690673828, 'B_condition_number': 3.009665733535075, 'B_condition_number_tol': 3.009665733535075, 'B_smallest_singular_value': 0.027767397463321686, 'B_rank_rel_1em2': 800, 'B_rank_rel_1em3': 800, 'B_rank_rel_1em4': 800}
Global-loss target mass diagnostics: {'target_mass_mean': 1.6545733213424683, 'target_mass_min': 1.2254509925842285, 'target_mass_max': 1.9524173736572266, 'target_mass_sd': 0.18337339162826538, 'target_mass_rmse_to_target': 0.6795260310173035, 'target_beta_min': -0.01741340570151806, 'target_beta_max': 0.0396745391190052, 'target_neg_frac_mean': 0.34612499999999996}
Return dictionary Z_grid shape: (800, 3)
Replicate 89 risk metrics: {'risk_n_steps_recorded': 81.0, 'risk_n_diagnostics_recorded': 81.0, 'risk_log_obj_initial': 11.308126102027872, 'risk_log_obj_final': 3.164610685996493, 'risk_log_obj_min': -0.6479012397983435, 'risk_obj_initial': 81481.07812500004, 'risk_obj_final': 23.67952346801758, 'risk_obj_min': 0.5231425762176514, 'risk_log_obj_drop': 8.143515416031379, 'risk_log_bellman_root_initial': 4.273864435410349, 'risk_log_bellman_root_final': 0.21283218289034067, 'risk_log_bellman_root_min': -1.5634475077871937, 'risk_bellman_root_initial': 71.79856109619139, 'risk_bellman_root_final': 1.2371770143508911, 'risk_bellman_root_min': 0.20941287279129028, 'risk_bellman_initial': 5155.033375483527, 'risk_bellman_final': 1.530606964838185, 'risk_bellman_min': 0.043853751290701126, 'risk_log_bellman_root_drop': 4.061032252520008, 'risk_bellman_returned': 0.043853748589754105, 'risk_obj_returned': 0.5231425762176514, 'risk_returned_step': 3400.0, 'offline_data_id': 89, 'benchmark_point_source': 'fixed_config_plus_support_safe_target_policy_draws', 'target_set_size': 100, 'lambda_reg': 0.005, 'lambda_B': 0.02, 'num_steps': 4000, 'transition_reduction_enabled': 1, 'transition_reduction_method': 'kmeans', 'transition_original_rows': 12000, 'transition_reduced_rows': 3086, 'transition_compression_ratio': 0.25716666666666665, 'target_mass_mean': 1.6545733213424683, 'target_mass_min': 1.2254509925842285, 'target_mass_max': 1.9524173736572266, 'target_mass_sd': 0.18337339162826538, 'target_mass_rmse_to_target': 0.6795260310173035, 'target_beta_min': -0.01741340570151806, 'target_beta_max': 0.0396745391190052, 'target_neg_frac_mean': 0.34612499999999996, 'B_num_rows': 3086, 'B_num_cols': 800, 'B_min_dim': 800, 'B_numerical_rank': 800, 'B_rank_fraction': 1.0, 'B_rank_tolerance': 3.074393561419697e-05, 'B_stable_rank': 352.7137756347656, 'B_effective_rank': 771.8938982805045, 'B_entropy_rank': 6.6488471031188965, 'B_spectral_norm': 0.08357058465480804, 'B_frobenius_norm': 1.5695120096206665, 'B_nuclear_norm': 42.90326690673828, 'B_condition_number': 3.009665733535075, 'B_condition_number_tol': 3.009665733535075, 'B_smallest_singular_value': 0.027767397463321686, 'B_rank_rel_1em2': 800, 'B_rank_rel_1em3': 800, 'B_rank_rel_1em4': 800, 'risk_objective_final_raw': 23.679523468017578, 'risk_objective_min_raw': 0.5231425762176514, 'risk_objective_max_raw': 81481.078125, 'risk_bellman_final_raw': 1.5306068658828735, 'risk_bellman_min_raw': 0.043853748589754105, 'risk_bellman_max_raw': 5155.03369140625, 'risk_rkhs_ridge_final_raw': 0.018754219636321068, 'risk_rkhs_ridge_min_raw': 0.0174562931060791, 'risk_rkhs_ridge_max_raw': 4.884230136871338, 'risk_mass_final_raw': 22.130163192749023, 'risk_mass_min_raw': 0.4617556929588318, 'risk_mass_max_raw': 76321.15625, 'risk_negativity_final_raw': 0.0, 'risk_negativity_min_raw': 0.0, 'risk_negativity_max_raw': 0.0, 'risk_B_norm_final_raw': 1.569144606590271, 'risk_B_norm_min_raw': 1.56912100315094, 'risk_B_norm_max_raw': 1.6415276527404785, 'risk_diagnostic_step_final_raw': 4000.0, 'risk_diagnostic_step_min_raw': 1.0, 'risk_diagnostic_step_max_raw': 4000.0, 'risk_best_step_final_raw': 3400.0, 'risk_best_step_min_raw': 3400.0, 'risk_best_step_max_raw': 3400.0, 'risk_best_objective_final_raw': 0.5231425762176514, 'risk_best_objective_min_raw': 0.5231425762176514, 'risk_best_objective_max_raw': 0.5231425762176514, 'risk_best_bellman_final_raw': 0.043853748589754105, 'risk_best_bellman_min_raw': 0.043853748589754105, 'risk_best_bellman_max_raw': 0.043853748589754105, 'risk_returned_step_final_raw': 3400.0, 'risk_returned_step_min_raw': 3400.0, 'risk_returned_step_max_raw': 3400.0, 'risk_returned_objective_final_raw': 0.5231425762176514, 'risk_returned_objective_min_raw': 0.5231425762176514, 'risk_returned_objective_max_raw': 0.5231425762176514, 'risk_returned_bellman_final_raw': 0.043853748589754105, 'risk_returned_bellman_min_raw': 0.043853748589754105, 'risk_returned_bellman_max_raw': 0.043853748589754105, 'risk_returned_best_checkpoint_final_raw': 1.0, 'risk_returned_best_checkpoint_min_raw': 1.0, 'risk_returned_best_checkpoint_max_raw': 1.0}
Benchmark 0 evaluation grid shape: (800, 3)
Replicate 89, benchmark 0 metrics: {'run_id': '89_b0', 'RMSE': 0.2405080492177864, 'MAE': 0.19992785106645897, 'SupNorm': 0.4903183877468109, 'Bias': 0.193206645201426, 'Corr': 0.7232001868984804, 'deming_slope': 2.18901392967125, 'deming_intercept': -0.3575134771362126, 'beta_sum': 1.5308494567871094, 'beta_l1': 3.5131101608276367, 'beta_l2': 0.1579713374376297, 'beta_min': -0.013398261740803719, 'beta_max': 0.021136747673153877, 'beta_neg_frac': 0.3575, 'offline_data_id': 89, 'benchmark_id': 0, 'benchmark_point_source': 'fixed_config', 'target_set_size': 100, 'benchmark_z_path': 'data/Z_true.pt', 'projected_bellman_test_risk': 0.03494097292423248, 'oracle_embedding_risk': 0.8164016008377075, 'benchmark_embedding_risk': 0.8164016008377075, 'risk_bellman_final': 1.530606964838185, 'risk_obj_final': 23.67952346801758, 'B_num_rows': 3086, 'B_num_cols': 800, 'B_min_dim': 800, 'B_numerical_rank': 800, 'B_rank_fraction': 1.0, 'B_rank_tolerance': 3.074393561419697e-05, 'B_stable_rank': 352.7137756347656, 'B_effective_rank': 771.8938982805045, 'B_entropy_rank': 6.6488471031188965, 'B_spectral_norm': 0.08357058465480804, 'B_frobenius_norm': 1.5695120096206665, 'B_nuclear_norm': 42.90326690673828, 'B_condition_number': 3.009665733535075, 'B_condition_number_tol': 3.009665733535075, 'B_smallest_singular_value': 0.027767397463321686, 'B_rank_rel_1em2': 800, 'B_rank_rel_1em3': 800, 'B_rank_rel_1em4': 800}
Saved ./mu/mu_hat.csv shape=(800,)
Saved ./mu/mu2D_hat_dims01.csv shape=(120, 120)
Saved ./mu/mu2D_hat_dims01.csv shape=(120, 120)
Saved plots/replicate_89/mu_3D.png
Benchmark 1 evaluation grid shape: (800, 3)
Replicate 89, benchmark 1 metrics: {'run_id': '89_b1', 'RMSE': 0.5043907381035806, 'MAE': 0.4863053920585662, 'SupNorm': 0.7066277861595154, 'Bias': 0.4863053920585662, 'Corr': 0.9978981372580785, 'deming_slope': 2.1786616923524433, 'deming_intercept': -0.057009388487993196, 'beta_sum': 1.952286720275879, 'beta_l1': 2.885997772216797, 'beta_l2': 0.13001927733421326, 'beta_min': -0.009127207100391388, 'beta_max': 0.01932489313185215, 'beta_neg_frac': 0.2725, 'offline_data_id': 89, 'benchmark_id': 1, 'benchmark_point_source': 'fixed_config', 'target_set_size': 100, 'benchmark_z_path': 'data/Z_true.pt', 'projected_bellman_test_risk': 0.04418662562966347, 'oracle_embedding_risk': 1.0636374950408936, 'benchmark_embedding_risk': 1.0636374950408936, 'risk_bellman_final': 1.530606964838185, 'risk_obj_final': 23.67952346801758, 'B_num_rows': 3086, 'B_num_cols': 800, 'B_min_dim': 800, 'B_numerical_rank': 800, 'B_rank_fraction': 1.0, 'B_rank_tolerance': 3.074393561419697e-05, 'B_stable_rank': 352.7137756347656, 'B_effective_rank': 771.8938982805045, 'B_entropy_rank': 6.6488471031188965, 'B_spectral_norm': 0.08357058465480804, 'B_frobenius_norm': 1.5695120096206665, 'B_nuclear_norm': 42.90326690673828, 'B_condition_number': 3.009665733535075, 'B_condition_number_tol': 3.009665733535075, 'B_smallest_singular_value': 0.027767397463321686, 'B_rank_rel_1em2': 800, 'B_rank_rel_1em3': 800, 'B_rank_rel_1em4': 800}
Benchmark 2 evaluation grid shape: (800, 3)
Replicate 89, benchmark 2 metrics: {'run_id': '89_b2', 'RMSE': 0.49685498045193643, 'MAE': 0.4791622676863335, 'SupNorm': 0.6976878046989441, 'Bias': 0.4791622676863335, 'Corr': 0.9708507365981467, 'deming_slope': 2.2139009795490754, 'deming_intercept': -0.0918903723220792, 'beta_sum': 1.9360734224319458, 'beta_l1': 2.975825786590576, 'beta_l2': 0.1348380446434021, 'beta_min': -0.009814399294555187, 'beta_max': 0.020271060988307, 'beta_neg_frac': 0.27375, 'offline_data_id': 89, 'benchmark_id': 2, 'benchmark_point_source': 'fixed_config', 'target_set_size': 100, 'benchmark_z_path': 'data/Z_true.pt', 'projected_bellman_test_risk': 0.04516737908124924, 'oracle_embedding_risk': 1.0497380495071411, 'benchmark_embedding_risk': 1.0497380495071411, 'risk_bellman_final': 1.530606964838185, 'risk_obj_final': 23.67952346801758, 'B_num_rows': 3086, 'B_num_cols': 800, 'B_min_dim': 800, 'B_numerical_rank': 800, 'B_rank_fraction': 1.0, 'B_rank_tolerance': 3.074393561419697e-05, 'B_stable_rank': 352.7137756347656, 'B_effective_rank': 771.8938982805045, 'B_entropy_rank': 6.6488471031188965, 'B_spectral_norm': 0.08357058465480804, 'B_frobenius_norm': 1.5695120096206665, 'B_nuclear_norm': 42.90326690673828, 'B_condition_number': 3.009665733535075, 'B_condition_number_tol': 3.009665733535075, 'B_smallest_singular_value': 0.027767397463321686, 'B_rank_rel_1em2': 800, 'B_rank_rel_1em3': 800, 'B_rank_rel_1em4': 800}
Benchmark 3 evaluation grid shape: (800, 3)
Replicate 89, benchmark 3 metrics: {'run_id': '89_b3', 'RMSE': 0.48318396573343486, 'MAE': 0.46453834848012776, 'SupNorm': 0.6866689920425415, 'Bias': 0.46453834848012776, 'Corr': 0.9812043212474558, 'deming_slope': 2.1816541606234576, 'deming_intercept': -0.07881439914015065, 'beta_sum': 1.932238221168518, 'beta_l1': 3.039302349090576, 'beta_l2': 0.13620711863040924, 'beta_min': -0.010151002556085587, 'beta_max': 0.018374022096395493, 'beta_neg_frac': 0.2925, 'offline_data_id': 89, 'benchmark_id': 3, 'benchmark_point_source': 'fixed_config', 'target_set_size': 100, 'benchmark_z_path': 'data/Z_true.pt', 'projected_bellman_test_risk': 0.04991833493113518, 'oracle_embedding_risk': 1.0383557081222534, 'benchmark_embedding_risk': 1.0383557081222534, 'risk_bellman_final': 1.530606964838185, 'risk_obj_final': 23.67952346801758, 'B_num_rows': 3086, 'B_num_cols': 800, 'B_min_dim': 800, 'B_numerical_rank': 800, 'B_rank_fraction': 1.0, 'B_rank_tolerance': 3.074393561419697e-05, 'B_stable_rank': 352.7137756347656, 'B_effective_rank': 771.8938982805045, 'B_entropy_rank': 6.6488471031188965, 'B_spectral_norm': 0.08357058465480804, 'B_frobenius_norm': 1.5695120096206665, 'B_nuclear_norm': 42.90326690673828, 'B_condition_number': 3.009665733535075, 'B_condition_number_tol': 3.009665733535075, 'B_smallest_singular_value': 0.027767397463321686, 'B_rank_rel_1em2': 800, 'B_rank_rel_1em3': 800, 'B_rank_rel_1em4': 800}
Benchmark 4 evaluation grid shape: (800, 3)
Replicate 89, benchmark 4 metrics: {'run_id': '89_b4', 'RMSE': 0.1608076419704395, 'MAE': 0.12825384807540105, 'SupNorm': 0.39639812707901, 'Bias': 0.07783301209332422, 'Corr': 0.6155652998123267, 'deming_slope': 2.0964788354319803, 'deming_intercept': -0.4357092706366831, 'beta_sum': 1.4321081638336182, 'beta_l1': 3.433040142059326, 'beta_l2': 0.17065437138080597, 'beta_min': -0.012829409912228584, 'beta_max': 0.038429029285907745, 'beta_neg_frac': 0.39, 'offline_data_id': 89, 'benchmark_id': 4, 'benchmark_point_source': 'support_safe_target_policy_draw', 'target_set_size': 100, 'benchmark_z_path': 'data/Z_true.pt', 'projected_bellman_test_risk': 0.03704981505870819, 'oracle_embedding_risk': 0.7783246636390686, 'benchmark_embedding_risk': 0.7783246636390686, 'risk_bellman_final': 1.530606964838185, 'risk_obj_final': 23.67952346801758, 'B_num_rows': 3086, 'B_num_cols': 800, 'B_min_dim': 800, 'B_numerical_rank': 800, 'B_rank_fraction': 1.0, 'B_rank_tolerance': 3.074393561419697e-05, 'B_stable_rank': 352.7137756347656, 'B_effective_rank': 771.8938982805045, 'B_entropy_rank': 6.6488471031188965, 'B_spectral_norm': 0.08357058465480804, 'B_frobenius_norm': 1.5695120096206665, 'B_nuclear_norm': 42.90326690673828, 'B_condition_number': 3.009665733535075, 'B_condition_number_tol': 3.009665733535075, 'B_smallest_singular_value': 0.027767397463321686, 'B_rank_rel_1em2': 800, 'B_rank_rel_1em3': 800, 'B_rank_rel_1em4': 800}
Benchmark 5 evaluation grid shape: (800, 3)
Replicate 89, benchmark 5 metrics: {'run_id': '89_b5', 'RMSE': 0.3151816334655246, 'MAE': 0.29857193826988804, 'SupNorm': 0.4620761424303055, 'Bias': -0.29772038535506, 'Corr': 0.39200258067985855, 'deming_slope': 0.3373670762872063, 'deming_intercept': 0.005619216333866056, 'beta_sum': 0.5785790085792542, 'beta_l1': 1.4883090257644653, 'beta_l2': 0.06780068576335907, 'beta_min': -0.008478657342493534, 'beta_max': 0.00856804009526968, 'beta_neg_frac': 0.37875, 'offline_data_id': 89, 'benchmark_id': 5, 'benchmark_point_source': 'support_safe_target_policy_draw', 'target_set_size': 100, 'benchmark_z_path': 'data/Z_true.pt', 'projected_bellman_test_risk': 0.014057143591344357, 'oracle_embedding_risk': 0.8011319041252136, 'benchmark_embedding_risk': 0.8011319041252136, 'risk_bellman_final': 1.530606964838185, 'risk_obj_final': 23.67952346801758, 'B_num_rows': 3086, 'B_num_cols': 800, 'B_min_dim': 800, 'B_numerical_rank': 800, 'B_rank_fraction': 1.0, 'B_rank_tolerance': 3.074393561419697e-05, 'B_stable_rank': 352.7137756347656, 'B_effective_rank': 771.8938982805045, 'B_entropy_rank': 6.6488471031188965, 'B_spectral_norm': 0.08357058465480804, 'B_frobenius_norm': 1.5695120096206665, 'B_nuclear_norm': 42.90326690673828, 'B_condition_number': 3.009665733535075, 'B_condition_number_tol': 3.009665733535075, 'B_smallest_singular_value': 0.027767397463321686, 'B_rank_rel_1em2': 800, 'B_rank_rel_1em3': 800, 'B_rank_rel_1em4': 800}
Benchmark 6 evaluation grid shape: (800, 3)
Replicate 89, benchmark 6 metrics: {'run_id': '89_b6', 'RMSE': 0.3172045078285519, 'MAE': 0.2890322835277766, 'SupNorm': 0.528589129447937, 'Bias': 0.2889097815565765, 'Corr': 0.8371357362161037, 'deming_slope': 2.0802224107880427, 'deming_intercept': -0.21354021759220332, 'beta_sum': 1.6715271472930908, 'beta_l1': 3.584254026412964, 'beta_l2': 0.15922395884990692, 'beta_min': -0.013237038627266884, 'beta_max': 0.021298423409461975, 'beta_neg_frac': 0.34625, 'offline_data_id': 89, 'benchmark_id': 6, 'benchmark_point_source': 'support_safe_target_policy_draw', 'target_set_size': 100, 'benchmark_z_path': 'data/Z_true.pt', 'projected_bellman_test_risk': 0.0386323407292366, 'oracle_embedding_risk': 0.8424395322799683, 'benchmark_embedding_risk': 0.8424395322799683, 'risk_bellman_final': 1.530606964838185, 'risk_obj_final': 23.67952346801758, 'B_num_rows': 3086, 'B_num_cols': 800, 'B_min_dim': 800, 'B_numerical_rank': 800, 'B_rank_fraction': 1.0, 'B_rank_tolerance': 3.074393561419697e-05, 'B_stable_rank': 352.7137756347656, 'B_effective_rank': 771.8938982805045, 'B_entropy_rank': 6.6488471031188965, 'B_spectral_norm': 0.08357058465480804, 'B_frobenius_norm': 1.5695120096206665, 'B_nuclear_norm': 42.90326690673828, 'B_condition_number': 3.009665733535075, 'B_condition_number_tol': 3.009665733535075, 'B_smallest_singular_value': 0.027767397463321686, 'B_rank_rel_1em2': 800, 'B_rank_rel_1em3': 800, 'B_rank_rel_1em4': 800}
Benchmark 7 evaluation grid shape: (800, 3)
Replicate 89, benchmark 7 metrics: {'run_id': '89_b7', 'RMSE': 0.3302711386655424, 'MAE': 0.302223322163336, 'SupNorm': 0.561048686504364, 'Bias': 0.302223322163336, 'Corr': 0.8275715811824026, 'deming_slope': 2.1376346882432506, 'deming_intercept': -0.22417786722916133, 'beta_sum': 1.7273777723312378, 'beta_l1': 3.2963500022888184, 'beta_l2': 0.15855681896209717, 'beta_min': -0.011398933827877045, 'beta_max': 0.030165288597345352, 'beta_neg_frac': 0.34, 'offline_data_id': 89, 'benchmark_id': 7, 'benchmark_point_source': 'support_safe_target_policy_draw', 'target_set_size': 100, 'benchmark_z_path': 'data/Z_true.pt', 'projected_bellman_test_risk': 0.025779126212000847, 'oracle_embedding_risk': 0.8857226371765137, 'benchmark_embedding_risk': 0.8857226371765137, 'risk_bellman_final': 1.530606964838185, 'risk_obj_final': 23.67952346801758, 'B_num_rows': 3086, 'B_num_cols': 800, 'B_min_dim': 800, 'B_numerical_rank': 800, 'B_rank_fraction': 1.0, 'B_rank_tolerance': 3.074393561419697e-05, 'B_stable_rank': 352.7137756347656, 'B_effective_rank': 771.8938982805045, 'B_entropy_rank': 6.6488471031188965, 'B_spectral_norm': 0.08357058465480804, 'B_frobenius_norm': 1.5695120096206665, 'B_nuclear_norm': 42.90326690673828, 'B_condition_number': 3.009665733535075, 'B_condition_number_tol': 3.009665733535075, 'B_smallest_singular_value': 0.027767397463321686, 'B_rank_rel_1em2': 800, 'B_rank_rel_1em3': 800, 'B_rank_rel_1em4': 800}
Benchmark 8 evaluation grid shape: (800, 3)
Replicate 89, benchmark 8 metrics: {'run_id': '89_b8', 'RMSE': 0.15722466345601865, 'MAE': 0.1300568774645217, 'SupNorm': 0.3317326009273529, 'Bias': 0.12333463355200365, 'Corr': 0.8302684554049471, 'deming_slope': 1.5972894157771433, 'deming_intercept': -0.15199142456906767, 'beta_sum': 1.2887678146362305, 'beta_l1': 3.089240550994873, 'beta_l2': 0.14182034134864807, 'beta_min': -0.012713227421045303, 'beta_max': 0.022744260728359222, 'beta_neg_frac': 0.375, 'offline_data_id': 89, 'benchmark_id': 8, 'benchmark_point_source': 'support_safe_target_policy_draw', 'target_set_size': 100, 'benchmark_z_path': 'data/Z_true.pt', 'projected_bellman_test_risk': 0.055721018463373184, 'oracle_embedding_risk': 0.6735490560531616, 'benchmark_embedding_risk': 0.6735490560531616, 'risk_bellman_final': 1.530606964838185, 'risk_obj_final': 23.67952346801758, 'B_num_rows': 3086, 'B_num_cols': 800, 'B_min_dim': 800, 'B_numerical_rank': 800, 'B_rank_fraction': 1.0, 'B_rank_tolerance': 3.074393561419697e-05, 'B_stable_rank': 352.7137756347656, 'B_effective_rank': 771.8938982805045, 'B_entropy_rank': 6.6488471031188965, 'B_spectral_norm': 0.08357058465480804, 'B_frobenius_norm': 1.5695120096206665, 'B_nuclear_norm': 42.90326690673828, 'B_condition_number': 3.009665733535075, 'B_condition_number_tol': 3.009665733535075, 'B_smallest_singular_value': 0.027767397463321686, 'B_rank_rel_1em2': 800, 'B_rank_rel_1em3': 800, 'B_rank_rel_1em4': 800}
Benchmark 9 evaluation grid shape: (800, 3)
Replicate 89, benchmark 9 metrics: {'run_id': '89_b9', 'RMSE': 0.3229419068321368, 'MAE': 0.30183057238347827, 'SupNorm': 0.5001030564308167, 'Bias': 0.30183057238347827, 'Corr': 0.886790119676918, 'deming_slope': 1.9319707913124957, 'deming_intercept': -0.13371608829611603, 'beta_sum': 1.7091656923294067, 'beta_l1': 3.434060573577881, 'beta_l2': 0.15998661518096924, 'beta_min': -0.011810850352048874, 'beta_max': 0.03123423457145691, 'beta_neg_frac': 0.34125, 'offline_data_id': 89, 'benchmark_id': 9, 'benchmark_point_source': 'support_safe_target_policy_draw', 'target_set_size': 100, 'benchmark_z_path': 'data/Z_true.pt', 'projected_bellman_test_risk': 0.018450358882546425, 'oracle_embedding_risk': 0.8137071132659912, 'benchmark_embedding_risk': 0.8137071132659912, 'risk_bellman_final': 1.530606964838185, 'risk_obj_final': 23.67952346801758, 'B_num_rows': 3086, 'B_num_cols': 800, 'B_min_dim': 800, 'B_numerical_rank': 800, 'B_rank_fraction': 1.0, 'B_rank_tolerance': 3.074393561419697e-05, 'B_stable_rank': 352.7137756347656, 'B_effective_rank': 771.8938982805045, 'B_entropy_rank': 6.6488471031188965, 'B_spectral_norm': 0.08357058465480804, 'B_frobenius_norm': 1.5695120096206665, 'B_nuclear_norm': 42.90326690673828, 'B_condition_number': 3.009665733535075, 'B_condition_number_tol': 3.009665733535075, 'B_smallest_singular_value': 0.027767397463321686, 'B_rank_rel_1em2': 800, 'B_rank_rel_1em3': 800, 'B_rank_rel_1em4': 800}
Replicate 89 finished in 24.1s
Finished combo 4, offline replicate 89.
