Job ID:    2359366
Array idx: 547
CPUs/node: 64
Mem/node:  131072
Using CC = cc 
Using CXX = CC 
Using FC = ftn 
Using F77 = ftn 
Using F90 = ftn 
cuda/12.6.1 is deprecated; loading cudatoolkit/25.5_12.9 instead.
Using CC = /opt/nvidia/hpc_sdk/Linux_aarch64/25.5/compilers/bin/nvc 
Using CXX = /opt/nvidia/hpc_sdk/Linux_aarch64/25.5/compilers/bin/nvc++ 
Using FC = /opt/nvidia/hpc_sdk/Linux_aarch64/25.5/compilers/bin/nvfortran 
Using F77 = /opt/nvidia/hpc_sdk/Linux_aarch64/25.5/compilers/bin/nvfortran 
Using F90 = /opt/nvidia/hpc_sdk/Linux_aarch64/25.5/compilers/bin/nvfortran 
Using CC = /opt/nvidia/hpc_sdk/Linux_aarch64/25.5/compilers/bin/nvc 
Using CXX = /opt/nvidia/hpc_sdk/Linux_aarch64/25.5/compilers/bin/nvc++ 
Using FC = /opt/nvidia/hpc_sdk/Linux_aarch64/25.5/compilers/bin/nvfortran 
Using F77 = /opt/nvidia/hpc_sdk/Linux_aarch64/25.5/compilers/bin/nvfortran 
Using F90 = /opt/nvidia/hpc_sdk/Linux_aarch64/25.5/compilers/bin/nvfortran 

Lmod is automatically replacing "gcc-native/14" with "gcc/14.2.0".

ghx4
0
Tuning combo id: 5 / 6
Offline replicate id: 47 / 99
Installing ke_drl from git: https://github.com/mehrdadmhmdi/ke-drl.git@main
Collecting git+https://github.com/mehrdadmhmdi/ke-drl.git@main
  Cloning https://github.com/mehrdadmhmdi/ke-drl.git (to revision main) to /tmp/pip-req-build-t4lyuuke
  Running command git clone --filter=blob:none --quiet https://github.com/mehrdadmhmdi/ke-drl.git /tmp/pip-req-build-t4lyuuke
  Resolved https://github.com/mehrdadmhmdi/ke-drl.git to commit 3c5d570e40ea15b1fbe4817b5f43b64c7b333e82
  Installing build dependencies: started
  Installing build dependencies: finished with status 'done'
  Getting requirements to build wheel: started
  Getting requirements to build wheel: finished with status 'done'
  Preparing metadata (pyproject.toml): started
  Preparing metadata (pyproject.toml): finished with status 'done'
Building wheels for collected packages: ke_drl
  Building wheel for ke_drl (pyproject.toml): started
  Building wheel for ke_drl (pyproject.toml): finished with status 'done'
  Created wheel for ke_drl: filename=ke_drl-0.1.0-py3-none-any.whl size=47219 sha256=eae8e478176bcdb3af61aa56084f7e9d94937ae1b0f288ef614d816d508fe231
  Stored in directory: /tmp/pip-ephem-wheel-cache-124zrmh1/wheels/24/47/ad/9a4ffd3b05d3e90e35ffc6e7324b735b8bfcf5f51aaf29a333
Successfully built ke_drl
Installing collected packages: ke_drl
Successfully installed ke_drl-0.1.0
Installed ke_drl source: /work/nvme/bfez/mehrdad3/DistRL/simulation_3/runs/sim3_global_2358722_5/.kedrl_site_547/ke_drl/__init__.py
Tuning combo 5: kernel_sigma_0.7
Overrides: {'kernel': {'sigma': 0.7}}
RUN: /sw/user/python/miniforge3-pytorch-24.11.3/bin/python3 validate_sim_config.py --params params.yaml
ke_drl import source: /work/nvme/bfez/mehrdad3/DistRL/simulation_3/runs/sim3_global_2358722_5/.kedrl_site_547/ke_drl/__init__.py
ke_drl package API OK: prediction weights, RFF operators, rank diagnostics, and best-checkpoint optimizer available
Policy config OK: behavior=uniform, target=logistic, state_dim=5, action_dim=1
Note: policy.logistic.theta_scale/theta_std are log-scale coefficients in Probability_Densities.
Behavior-policy linearized state-process diagnostic: spectral_radius=0.653, offline_burn_in=50
Replicate config OK: num_replicates=100, benchmark points=10 independent of D_i, loss target points=100
Transition reduction OK: method=kmeans, raw rows N(T-1)=12000, target rows about 3000, B rows reduced from 12000 to about 3000
Return-operator approximation OK: method=rff, features=512, exact G avoided for estimated N=12000, m=800, L=100
Fixed benchmark config rows=4 (benchmark.num_points=10; additional points are support-safe target-policy draws if needed)
Fixed benchmark point 0: s_star=[0.6, -0.8, 0.7, -0.5, 0.9], a_star=[0.5]
Fixed benchmark behavior-support interval for configured rows: min_lower=-0.12, max_upper=1.11
Fixed benchmark target-policy location range: [-0.02, 0.14]
Reusing shared data from /work/nvme/bfez/mehrdad3/DistRL/simulation_3/runs/sim3_shared_data/data for offline replicate 47.
RUN: /sw/user/python/miniforge3-pytorch-24.11.3/bin/python3 validate_sim_config.py --params params.yaml --data data/offline_data_47.pt
ke_drl import source: /work/nvme/bfez/mehrdad3/DistRL/simulation_3/runs/sim3_global_2358722_5/.kedrl_site_547/ke_drl/__init__.py
ke_drl package API OK: prediction weights, RFF operators, rank diagnostics, and best-checkpoint optimizer available
Policy config OK: behavior=uniform, target=logistic, state_dim=5, action_dim=1
Note: policy.logistic.theta_scale/theta_std are log-scale coefficients in Probability_Densities.
Behavior-policy linearized state-process diagnostic: spectral_radius=0.653, offline_burn_in=50
Replicate config OK: num_replicates=100, benchmark points=10 independent of D_i, loss target points=100
Transition reduction OK: method=kmeans, raw rows N(T-1)=12000, target rows about 3000, B rows reduced from 12000 to about 3000
Return-operator approximation OK: method=rff, features=512, exact G avoided for estimated N=12000, m=800, L=100
Fixed benchmark config rows=4 (benchmark.num_points=10; additional points are support-safe target-policy draws if needed)
Fixed benchmark point 0: s_star=[0.6, -0.8, 0.7, -0.5, 0.9], a_star=[0.5]
Fixed benchmark behavior-support interval for configured rows: min_lower=-0.12, max_upper=1.11
Fixed benchmark target-policy location range: [-0.02, 0.14]
Full benchmark support check OK: 10 points, min_lower=-2.177, max_upper=2.05
observed behavior actions: mean=0.4033, sd=0.681, q0/q10/q50/q90/q100=[-2.596773624420166, -0.4233716011047363, 0.3433905392885208, 1.3247459292411805, 2.94461989402771]
target-policy sampled actions: mean=-0.01416, sd=0.6664, q0/q10/q50/q90/q100=[-2.651937683739514, -0.8753678847745218, -0.014019231940400946, 0.8372629965732972, 2.410241619725978]
behavior uniform lower: mean=-0.1143, sd=0.6599, q0/q10/q50/q90/q100=[-2.778627669811249, -0.9679191252589227, -0.11229392290115353, 0.731392253637314, 2.2360517501831056]
behavior uniform upper: mean=0.926, sd=0.6505, q0/q10/q50/q90/q100=[-0.9173751294612884, 0.06148899979889401, 0.9324358358979226, 1.7714698278903962, 3.2360517501831056]
target location inside behavior uniform support: 0.968
RUN: /sw/user/python/miniforge3-pytorch-24.11.3/bin/python3 main_est.py
# ================================================================ #
#   Global KE-DRL estimation for one offline replicate              #
# ================================================================ #
Slurm Job ID: 2359366
Slurm Array ID: 47 -- used as the offline-replicate id
Offline data id: 47
ke_drl import source: /work/nvme/bfez/mehrdad3/DistRL/simulation_3/runs/sim3_global_2358722_5/.kedrl_site_547/ke_drl/__init__.py
Estimator device: cuda (NVIDIA GH200 120GB, capability 9.0); torch CUDA=13.0
Random seed: 20460559
Number of offline replicates: 100
[transition reduction] enabled: original rows=12000, target basis=3000, method=kmeans, device=cuda
[transition reduction] kmeans iter 1/20, mean center shift=2.7096e-01
[transition reduction] kmeans iter 5/20, mean center shift=5.7499e-03
[transition reduction] kmeans iter 10/20, mean center shift=4.9446e-08
[transition reduction] selected 3079 rows from 12000 transitions (ratio 0.2566); indices saved to data/reduced_transition_indices_47.pt
Data and parameters loaded.
offline path: data/offline_data_47.pt
benchmark true-Z path: data/Z_true.pt
offline shapes after reduction: s0=(3079, 5), a0=(3079, 1), r0=(3079, 3)
transition reduction: {'enabled': True, 'method': 'kmeans', 'original_rows': 12000, 'reduced_rows': 3079, 'selected_indices_path': 'data/reduced_transition_indices_47.pt', 'target_basis': 3000, 'compression_ratio': 0.25658333333333333}
fixed benchmark point source: fixed_config_plus_support_safe_target_policy_draws
benchmark row excluded from this offline data: None
global loss target set shape: s_star=(100, 5), a_star=(100, 1)
benchmark true-Z count=10, shape each=(50000, 3)
target policy: logistic
behavior policy: uniform
lambda_Gamma=0.005, lambda_B=0.02, d_r_method=song
dtype=torch.float32, operator_method=rff, operator_num_features=512
ridge_mode=rkhs, diagnostic_interval=50
mass_anchor_lambda=1.0, target_mass=1.0
uLSIF basis: source=numerator, n_basis=512, lambda_reg=0.005
optimizer stabilizers: lambda_neg=0.0, max_B_norm=None, eta_clip_min=0.0, eta_clip_max=5.0, normalize_eta=True
========================================
Estimating the global KE-DRL mean embedding
torch device=cuda, dtype=torch.float32
Data dims: N=3079, L=100, Ds=5, Da=1, Dr=3
lambda_Gamma=0.005, lambda_B=0.02
return-operator construction: method=rff, rff_features=512
[uLSIF] basis=512/3079 (numerator); eta_hat min=9.684e-03 max=4.128e+00 neg%=0.00
ESS for eta_plus: 2473.7 / 3079
eta_plus diagnostics: raw_mean=0.994, raw_min=0.00968, raw_max=4.13; used_mean=1, used_min=0.00974, used_max=4.15
[timing] Z-grid: 0.03s
[timing] K_X: 0.00s
[timing] K_plus: 0.00s
[timing] k_star: 0.00s
[timing] Gamma_stack: 0.01s
[timing] Phi_stack: 0.00s
[timing] RFF feature sample: 0.00s
[timing] K_Z RFF: 0.00s
[timing] G_stack RFF: 0.01s
[timing] H_stack RFF: 0.01s
findfont: Font family 'Nimbus Roman' not found.
findfont: Font family 'Nimbus Roman' not found.
findfont: Font family 'Nimbus Roman' not found.
findfont: Font family 'Nimbus Roman' not found.
findfont: Font family 'Nimbus Roman' not found.
findfont: Font family 'Nimbus Roman' not found.
findfont: Font family 'Nimbus Roman' not found.
findfont: Font family 'Nimbus Roman' not found.
findfont: Font family 'Nimbus Roman' not found.
findfont: Font family 'Nimbus Roman' not found.
findfont: Font family 'Nimbus Roman' not found.
findfont: Font family 'Nimbus Roman' not found.
findfont: Font family 'Nimbus Roman' not found.
findfont: Font family 'Nimbus Roman' not found.
findfont: Font family 'Nimbus Roman' not found.
findfont: Font family 'Nimbus Roman' not found.
findfont: Font family 'Nimbus Roman' not found.
findfont: Font family 'Nimbus Roman' not found.
findfont: Font family 'Nimbus Roman' not found.
findfont: Font family 'Nimbus Roman' not found.
findfont: Font family 'Nimbus Roman' not found.
findfont: Font family 'Nimbus Roman' not found.
findfont: Font family 'Nimbus Roman' not found.
findfont: Font family 'Nimbus Roman' not found.
findfont: Font family 'Nimbus Roman' not found.
findfont: Font family 'Nimbus Roman' not found.
findfont: Font family 'Nimbus Roman' not found.
findfont: Font family 'Nimbus Roman' not found.
findfont: Font family 'Nimbus Roman' not found.
findfont: Font family 'Nimbus Roman' not found.
findfont: Font family 'Nimbus Roman' not found.
findfont: Font family 'Nimbus Roman' not found.
findfont: Font family 'Nimbus Roman' not found.
findfont: Font family 'Nimbus Roman' not found.
findfont: Font family 'Nimbus Roman' not found.
findfont: Font family 'Nimbus Roman' not found.
findfont: Font family 'Nimbus Roman' not found.
findfont: Font family 'Nimbus Roman' not found.
findfont: Font family 'Nimbus Roman' not found.
findfont: Font family 'Nimbus Roman' not found.
findfont: Font family 'Nimbus Roman' not found.
findfont: Font family 'Nimbus Roman' not found.
findfont: Font family ['Nimbus Roman'] not found. Falling back to DejaVu Sans.
findfont: Font family 'Nimbus Roman' not found.
findfont: Font family ['Nimbus Roman'] not found. Falling back to DejaVu Sans.
findfont: Font family 'Nimbus Roman' not found.
findfont: Font family 'Nimbus Roman' not found.
findfont: Font family 'Nimbus Roman' not found.
findfont: Font family 'Nimbus Roman' not found.
findfont: Font family 'Nimbus Roman' not found.
findfont: Font family 'Nimbus Roman' not found.
findfont: Font family 'Nimbus Roman' not found.
findfont: Font family 'Nimbus Roman' not found.
findfont: Font family 'Nimbus Roman' not found.
findfont: Font family ['Nimbus Roman'] not found. Falling back to DejaVu Sans.
findfont: Font family 'Nimbus Roman' not found.
findfont: Font family 'Nimbus Roman' not found.
findfont: Font family 'Nimbus Roman' not found.
findfont: Font family 'Nimbus Roman' not found.
findfont: Font family 'Nimbus Roman' not found.
findfont: Font family 'Nimbus Roman' not found.
findfont: Font family 'Nimbus Roman' not found.
findfont: Font family 'Nimbus Roman' not found.
findfont: Font family 'Nimbus Roman' not found.
findfont: Font family 'Nimbus Roman' not found.
findfont: Font family 'Nimbus Roman' not found.
findfont: Font family 'Nimbus Roman' not found.
findfont: Font family 'Nimbus Roman' not found.
findfont: Font family 'Nimbus Roman' not found.
findfont: Font family 'Nimbus Roman' not found.
findfont: Font family 'Nimbus Roman' not found.
findfont: Font family 'Nimbus Roman' not found.
findfont: Font family 'Nimbus Roman' not found.
findfont: Font family 'Nimbus Roman' not found.
findfont: Font family 'Nimbus Roman' not found.
findfont: Font family 'Nimbus Roman' not found.
findfont: Font family 'Nimbus Roman' not found.
findfont: Font family 'Nimbus Roman' not found.
findfont: Font family 'Nimbus Roman' not found.
findfont: Font family 'Nimbus Roman' not found.
findfont: Font family 'Nimbus Roman' not found.
findfont: Font family 'Nimbus Roman' not found.
findfont: Font family 'Nimbus Roman' not found.
findfont: Font family 'Nimbus Roman' not found.
findfont: Font family 'Nimbus Roman' not found.
findfont: Font family 'Nimbus Roman' not found.
findfont: Font family 'Nimbus Roman' not found.
findfont: Font family 'Nimbus Roman' not found.
findfont: Font family 'Nimbus Roman' not found.
findfont: Font family 'Nimbus Roman' not found.
findfont: Font family 'Nimbus Roman' not found.
findfont: Font family 'Nimbus Roman' not found.
findfont: Font family 'Nimbus Roman' not found.
findfont: Font family 'Nimbus Roman' not found.
findfont: Font family 'Nimbus Roman' not found.
findfont: Font family 'Nimbus Roman' not found.
findfont: Font family 'Nimbus Roman' not found.
findfont: Font family 'Nimbus Roman' not found.
findfont: Font family 'Nimbus Roman' not found.
findfont: Font family 'Nimbus Roman' not found.
findfont: Font family 'Nimbus Roman' not found.
findfont: Font family 'Nimbus Roman' not found.
findfont: Font family 'Nimbus Roman' not found.
findfont: Font family 'Nimbus Roman' not found.
findfont: Font family 'Nimbus Roman' not found.
findfont: Font family 'Nimbus Roman' not found.
findfont: Font family 'Nimbus Roman' not found.
findfont: Font family 'Nimbus Roman' not found.
findfont: Font family 'Nimbus Roman' not found.
findfont: Font family 'Nimbus Roman' not found.
findfont: Font family 'Nimbus Roman' not found.
findfont: Font family 'Nimbus Roman' not found.
findfont: Font family 'Nimbus Roman' not found.
findfont: Font family 'Nimbus Roman' not found.
findfont: Font family 'Nimbus Roman' not found.
findfont: Font family 'Nimbus Roman' not found.
findfont: Font family 'Nimbus Roman' not found.
findfont: Font family 'Nimbus Roman' not found.
findfont: Font family 'Nimbus Roman' not found.
findfont: Font family 'Nimbus Roman' not found.
findfont: Font family 'Nimbus Roman' not found.
findfont: Font family 'Nimbus Roman' not found.
findfont: Font family 'Nimbus Roman' not found.
findfont: Font family 'Nimbus Roman' not found.
findfont: Font family 'Nimbus Roman' not found.
findfont: Font family 'Nimbus Roman' not found.
findfont: Font family 'Nimbus Roman' not found.
findfont: Font family 'Nimbus Roman' not found.
findfont: Font family 'Nimbus Roman' not found.
findfont: Font family 'Nimbus Roman' not found.
findfont: Font family 'Nimbus Roman' not found.
Ridge mode: rkhs; diagnostic interval: 50
Iter 1/4000 | log_obj=8.425e+00 | log_Bellman_root=2.400e+00 | mass=4.43e+03 | neg=0.00e+00 | grad=2.69e+02
Iter 400/4000 | log_obj=1.337e+00 | log_Bellman_root=-1.059e+00 | mass=3.67e+00 | neg=0.00e+00 | grad=5.26e+02
Iter 800/4000 | log_obj=1.351e+00 | log_Bellman_root=-1.058e+00 | mass=3.73e+00 | neg=0.00e+00 | grad=5.24e+02
Iter 1200/4000 | log_obj=1.362e+00 | log_Bellman_root=-1.056e+00 | mass=3.77e+00 | neg=0.00e+00 | grad=5.21e+02
Iter 1600/4000 | log_obj=1.427e+00 | log_Bellman_root=-1.028e+00 | mass=4.03e+00 | neg=0.00e+00 | grad=4.97e+02
Iter 2000/4000 | log_obj=1.431e+00 | log_Bellman_root=-1.027e+00 | mass=4.04e+00 | neg=0.00e+00 | grad=4.96e+02
Iter 2400/4000 | log_obj=1.632e-01 | log_Bellman_root=-1.553e+00 | mass=1.12e+00 | neg=0.00e+00 | grad=3.78e+02
Iter 2800/4000 | log_obj=2.518e-02 | log_Bellman_root=-1.605e+00 | mass=9.76e-01 | neg=0.00e+00 | grad=3.52e+02
Iter 3200/4000 | log_obj=3.006e-02 | log_Bellman_root=-1.605e+00 | mass=9.81e-01 | neg=0.00e+00 | grad=3.53e+02
Iter 3600/4000 | log_obj=3.483e-02 | log_Bellman_root=-1.604e+00 | mass=9.86e-01 | neg=0.00e+00 | grad=3.54e+02
Iter 4000/4000 | log_obj=3.955e-02 | log_Bellman_root=-1.603e+00 | mass=9.91e-01 | neg=0.00e+00 | grad=3.55e+02
Returning best diagnostic checkpoint from step 3950 (objective=4.926e-01, Bellman=1.764e-02).
Done in 12.09s.
KE-DRL global estimation is done.
B_hat shape: (3079, 800)
B_hat rank diagnostics: {'B_num_rows': 3079, 'B_num_cols': 800, 'B_min_dim': 800, 'B_numerical_rank': 800, 'B_rank_fraction': 1.0, 'B_rank_tolerance': 6.604521452757695e-05, 'B_stable_rank': 73.3931655883789, 'B_effective_rank': 769.3551028765773, 'B_entropy_rank': 6.645552635192871, 'B_spectral_norm': 0.1799374520778656, 'B_frobenius_norm': 1.5415207147598267, 'B_nuclear_norm': 41.957183837890625, 'B_condition_number': 6.864814303300097, 'B_condition_number_tol': 6.864814303300097, 'B_smallest_singular_value': 0.026211554184556007, 'B_rank_rel_1em2': 800, 'B_rank_rel_1em3': 800, 'B_rank_rel_1em4': 800}
Global-loss target mass diagnostics: {'target_mass_mean': 0.3627861738204956, 'target_mass_min': -0.12170510739088058, 'target_mass_max': 0.8625363111495972, 'target_mass_sd': 0.24919655919075012, 'target_mass_rmse_to_target': 0.6837539076805115, 'target_beta_min': -0.003835367038846016, 'target_beta_max': 0.02383776754140854, 'target_neg_frac_mean': 0.51975}
Return dictionary Z_grid shape: (800, 3)
Replicate 47 risk metrics: {'risk_n_steps_recorded': 81.0, 'risk_n_diagnostics_recorded': 81.0, 'risk_log_obj_initial': 8.42452082834045, 'risk_log_obj_final': 0.03954925041570558, 'risk_log_obj_min': -0.7079986987910206, 'risk_obj_initial': 4557.460449218746, 'risk_obj_final': 1.0403417348861694, 'risk_obj_min': 0.49262911081314087, 'risk_log_obj_drop': 8.384971577924745, 'risk_log_bellman_root_initial': 2.399555368131792, 'risk_log_bellman_root_final': -1.6029678532583158, 'risk_log_bellman_root_min': -2.0188120954049675, 'risk_bellman_root_initial': 11.018276214599611, 'risk_bellman_root_final': 0.20129820704460147, 'risk_bellman_root_min': 0.13281314074993134, 'risk_bellman_initial': 121.40241074121154, 'risk_bellman_final': 0.040520968159371236, 'risk_bellman_min': 0.01763933035586107, 'risk_log_bellman_root_drop': 4.002523221390108, 'risk_bellman_returned': 0.01763932965695858, 'risk_obj_returned': 0.49262911081314087, 'risk_returned_step': 3950.0, 'offline_data_id': 47, 'benchmark_point_source': 'fixed_config_plus_support_safe_target_policy_draws', 'target_set_size': 100, 'lambda_reg': 0.005, 'lambda_B': 0.02, 'num_steps': 4000, 'transition_reduction_enabled': 1, 'transition_reduction_method': 'kmeans', 'transition_original_rows': 12000, 'transition_reduced_rows': 3079, 'transition_compression_ratio': 0.25658333333333333, 'target_mass_mean': 0.3627861738204956, 'target_mass_min': -0.12170510739088058, 'target_mass_max': 0.8625363111495972, 'target_mass_sd': 0.24919655919075012, 'target_mass_rmse_to_target': 0.6837539076805115, 'target_beta_min': -0.003835367038846016, 'target_beta_max': 0.02383776754140854, 'target_neg_frac_mean': 0.51975, 'B_num_rows': 3079, 'B_num_cols': 800, 'B_min_dim': 800, 'B_numerical_rank': 800, 'B_rank_fraction': 1.0, 'B_rank_tolerance': 6.604521452757695e-05, 'B_stable_rank': 73.3931655883789, 'B_effective_rank': 769.3551028765773, 'B_entropy_rank': 6.645552635192871, 'B_spectral_norm': 0.1799374520778656, 'B_frobenius_norm': 1.5415207147598267, 'B_nuclear_norm': 41.957183837890625, 'B_condition_number': 6.864814303300097, 'B_condition_number_tol': 6.864814303300097, 'B_smallest_singular_value': 0.026211554184556007, 'B_rank_rel_1em2': 800, 'B_rank_rel_1em3': 800, 'B_rank_rel_1em4': 800, 'risk_objective_final_raw': 1.0403417348861694, 'risk_objective_min_raw': 0.49262911081314087, 'risk_objective_max_raw': 4557.46044921875, 'risk_bellman_final_raw': 0.04052096605300903, 'risk_bellman_min_raw': 0.01763932965695858, 'risk_bellman_max_raw': 121.40242004394531, 'risk_rkhs_ridge_final_raw': 0.00849495641887188, 'risk_rkhs_ridge_min_raw': 0.007470396813005209, 'risk_rkhs_ridge_max_raw': 1.1290209293365479, 'risk_mass_final_raw': 0.9913257956504822, 'risk_mass_min_raw': 0.4675193727016449, 'risk_mass_max_raw': 4434.92919921875, 'risk_negativity_final_raw': 0.0, 'risk_negativity_min_raw': 0.0, 'risk_negativity_max_raw': 0.0, 'risk_B_norm_final_raw': 1.5413768291473389, 'risk_B_norm_min_raw': 1.5413522720336914, 'risk_B_norm_max_raw': 1.638153314590454, 'risk_diagnostic_step_final_raw': 4000.0, 'risk_diagnostic_step_min_raw': 1.0, 'risk_diagnostic_step_max_raw': 4000.0, 'risk_best_step_final_raw': 3950.0, 'risk_best_step_min_raw': 3950.0, 'risk_best_step_max_raw': 3950.0, 'risk_best_objective_final_raw': 0.49262911081314087, 'risk_best_objective_min_raw': 0.49262911081314087, 'risk_best_objective_max_raw': 0.49262911081314087, 'risk_best_bellman_final_raw': 0.01763932965695858, 'risk_best_bellman_min_raw': 0.01763932965695858, 'risk_best_bellman_max_raw': 0.01763932965695858, 'risk_returned_step_final_raw': 3950.0, 'risk_returned_step_min_raw': 3950.0, 'risk_returned_step_max_raw': 3950.0, 'risk_returned_objective_final_raw': 0.49262911081314087, 'risk_returned_objective_min_raw': 0.49262911081314087, 'risk_returned_objective_max_raw': 0.49262911081314087, 'risk_returned_bellman_final_raw': 0.01763932965695858, 'risk_returned_bellman_min_raw': 0.01763932965695858, 'risk_returned_bellman_max_raw': 0.01763932965695858, 'risk_returned_best_checkpoint_final_raw': 1.0, 'risk_returned_best_checkpoint_min_raw': 1.0, 'risk_returned_best_checkpoint_max_raw': 1.0}
Benchmark 0 evaluation grid shape: (800, 3)
Replicate 47, benchmark 0 metrics: {'run_id': '47_b0', 'RMSE': 0.07986731976468657, 'MAE': 0.07495332122147375, 'SupNorm': 0.1251581907272339, 'Bias': -0.07495332122147375, 'Corr': 0.9058292703888057, 'deming_slope': 0.4639563096930354, 'deming_intercept': -0.006078434376909941, 'beta_sum': 0.3850191533565521, 'beta_l1': 0.6279175877571106, 'beta_l2': 0.03149760514497757, 'beta_min': -0.0020936578512191772, 'beta_max': 0.005149024538695812, 'beta_neg_frac': 0.35, 'offline_data_id': 47, 'benchmark_id': 0, 'benchmark_point_source': 'fixed_config', 'target_set_size': 100, 'benchmark_z_path': 'data/Z_true.pt', 'projected_bellman_test_risk': 0.005478434730321169, 'oracle_embedding_risk': 0.40899208188056946, 'benchmark_embedding_risk': 0.40899208188056946, 'risk_bellman_final': 0.040520968159371236, 'risk_obj_final': 1.0403417348861694, 'B_num_rows': 3079, 'B_num_cols': 800, 'B_min_dim': 800, 'B_numerical_rank': 800, 'B_rank_fraction': 1.0, 'B_rank_tolerance': 6.604521452757695e-05, 'B_stable_rank': 73.3931655883789, 'B_effective_rank': 769.3551028765773, 'B_entropy_rank': 6.645552635192871, 'B_spectral_norm': 0.1799374520778656, 'B_frobenius_norm': 1.5415207147598267, 'B_nuclear_norm': 41.957183837890625, 'B_condition_number': 6.864814303300097, 'B_condition_number_tol': 6.864814303300097, 'B_smallest_singular_value': 0.026211554184556007, 'B_rank_rel_1em2': 800, 'B_rank_rel_1em3': 800, 'B_rank_rel_1em4': 800}
Saved ./mu/mu_hat.csv shape=(800,)
Saved ./mu/mu2D_hat_dims01.csv shape=(120, 120)
Saved ./mu/mu2D_hat_dims01.csv shape=(120, 120)
Saved plots/replicate_47/mu_3D.png
Benchmark 1 evaluation grid shape: (800, 3)
Replicate 47, benchmark 1 metrics: {'run_id': '47_b1', 'RMSE': 0.17122828211429553, 'MAE': 0.1591449752353765, 'SupNorm': 0.27709849178791046, 'Bias': -0.1591449752353765, 'Corr': -0.8893026893593372, 'deming_slope': -0.34451128629562827, 'deming_intercept': 0.012497742289782288, 'beta_sum': -0.17260880768299103, 'beta_l1': 0.4880421757698059, 'beta_l2': 0.023040972650051117, 'beta_min': -0.004259265493601561, 'beta_max': 0.003484205575659871, 'beta_neg_frac': 0.65375, 'offline_data_id': 47, 'benchmark_id': 1, 'benchmark_point_source': 'fixed_config', 'target_set_size': 100, 'benchmark_z_path': 'data/Z_true.pt', 'projected_bellman_test_risk': 0.014957508072257042, 'oracle_embedding_risk': 0.5647971034049988, 'benchmark_embedding_risk': 0.5647971034049988, 'risk_bellman_final': 0.040520968159371236, 'risk_obj_final': 1.0403417348861694, 'B_num_rows': 3079, 'B_num_cols': 800, 'B_min_dim': 800, 'B_numerical_rank': 800, 'B_rank_fraction': 1.0, 'B_rank_tolerance': 6.604521452757695e-05, 'B_stable_rank': 73.3931655883789, 'B_effective_rank': 769.3551028765773, 'B_entropy_rank': 6.645552635192871, 'B_spectral_norm': 0.1799374520778656, 'B_frobenius_norm': 1.5415207147598267, 'B_nuclear_norm': 41.957183837890625, 'B_condition_number': 6.864814303300097, 'B_condition_number_tol': 6.864814303300097, 'B_smallest_singular_value': 0.026211554184556007, 'B_rank_rel_1em2': 800, 'B_rank_rel_1em3': 800, 'B_rank_rel_1em4': 800}
Benchmark 2 evaluation grid shape: (800, 3)
Replicate 47, benchmark 2 metrics: {'run_id': '47_b2', 'RMSE': 0.15429821761664264, 'MAE': 0.14433999781887905, 'SupNorm': 0.24788346886634827, 'Bias': -0.14433999781887905, 'Corr': -0.25147102595937376, 'deming_slope': -0.14208715306474387, 'deming_intercept': 0.005657674970559834, 'beta_sum': -0.08950543403625488, 'beta_l1': 0.5401527881622314, 'beta_l2': 0.025368407368659973, 'beta_min': -0.004802135284990072, 'beta_max': 0.0031988390255719423, 'beta_neg_frac': 0.58, 'offline_data_id': 47, 'benchmark_id': 2, 'benchmark_point_source': 'fixed_config', 'target_set_size': 100, 'benchmark_z_path': 'data/Z_true.pt', 'projected_bellman_test_risk': 0.014108940958976746, 'oracle_embedding_risk': 0.5249756574630737, 'benchmark_embedding_risk': 0.5249756574630737, 'risk_bellman_final': 0.040520968159371236, 'risk_obj_final': 1.0403417348861694, 'B_num_rows': 3079, 'B_num_cols': 800, 'B_min_dim': 800, 'B_numerical_rank': 800, 'B_rank_fraction': 1.0, 'B_rank_tolerance': 6.604521452757695e-05, 'B_stable_rank': 73.3931655883789, 'B_effective_rank': 769.3551028765773, 'B_entropy_rank': 6.645552635192871, 'B_spectral_norm': 0.1799374520778656, 'B_frobenius_norm': 1.5415207147598267, 'B_nuclear_norm': 41.957183837890625, 'B_condition_number': 6.864814303300097, 'B_condition_number_tol': 6.864814303300097, 'B_smallest_singular_value': 0.026211554184556007, 'B_rank_rel_1em2': 800, 'B_rank_rel_1em3': 800, 'B_rank_rel_1em4': 800}
Benchmark 3 evaluation grid shape: (800, 3)
Replicate 47, benchmark 3 metrics: {'run_id': '47_b3', 'RMSE': 0.1557455109692664, 'MAE': 0.14451242082939644, 'SupNorm': 0.25378651916980743, 'Bias': -0.14451242082939644, 'Corr': -0.5027363917309666, 'deming_slope': -0.22161704192107562, 'deming_intercept': 0.010672664672094975, 'beta_sum': -0.09602674841880798, 'beta_l1': 0.4995693862438202, 'beta_l2': 0.023490937426686287, 'beta_min': -0.004040619358420372, 'beta_max': 0.0031009851954877377, 'beta_neg_frac': 0.6025, 'offline_data_id': 47, 'benchmark_id': 3, 'benchmark_point_source': 'fixed_config', 'target_set_size': 100, 'benchmark_z_path': 'data/Z_true.pt', 'projected_bellman_test_risk': 0.012514292262494564, 'oracle_embedding_risk': 0.5341704487800598, 'benchmark_embedding_risk': 0.5341704487800598, 'risk_bellman_final': 0.040520968159371236, 'risk_obj_final': 1.0403417348861694, 'B_num_rows': 3079, 'B_num_cols': 800, 'B_min_dim': 800, 'B_numerical_rank': 800, 'B_rank_fraction': 1.0, 'B_rank_tolerance': 6.604521452757695e-05, 'B_stable_rank': 73.3931655883789, 'B_effective_rank': 769.3551028765773, 'B_entropy_rank': 6.645552635192871, 'B_spectral_norm': 0.1799374520778656, 'B_frobenius_norm': 1.5415207147598267, 'B_nuclear_norm': 41.957183837890625, 'B_condition_number': 6.864814303300097, 'B_condition_number_tol': 6.864814303300097, 'B_smallest_singular_value': 0.026211554184556007, 'B_rank_rel_1em2': 800, 'B_rank_rel_1em3': 800, 'B_rank_rel_1em4': 800}
Benchmark 4 evaluation grid shape: (800, 3)
Replicate 47, benchmark 4 metrics: {'run_id': '47_b4', 'RMSE': 0.06980000926507421, 'MAE': 0.06338372681533656, 'SupNorm': 0.11837449669837952, 'Bias': -0.06320780985999591, 'Corr': 0.7817038497668932, 'deming_slope': 0.5695923769231799, 'deming_intercept': -0.00698095516876808, 'beta_sum': 0.7064340114593506, 'beta_l1': 1.0739456415176392, 'beta_l2': 0.07643959671258926, 'beta_min': -0.0015576931182295084, 'beta_max': 0.02084263227880001, 'beta_neg_frac': 0.50125, 'offline_data_id': 47, 'benchmark_id': 4, 'benchmark_point_source': 'support_safe_target_policy_draw', 'target_set_size': 100, 'benchmark_z_path': 'data/Z_true.pt', 'projected_bellman_test_risk': 0.009823394939303398, 'oracle_embedding_risk': 0.40587708353996277, 'benchmark_embedding_risk': 0.40587708353996277, 'risk_bellman_final': 0.040520968159371236, 'risk_obj_final': 1.0403417348861694, 'B_num_rows': 3079, 'B_num_cols': 800, 'B_min_dim': 800, 'B_numerical_rank': 800, 'B_rank_fraction': 1.0, 'B_rank_tolerance': 6.604521452757695e-05, 'B_stable_rank': 73.3931655883789, 'B_effective_rank': 769.3551028765773, 'B_entropy_rank': 6.645552635192871, 'B_spectral_norm': 0.1799374520778656, 'B_frobenius_norm': 1.5415207147598267, 'B_nuclear_norm': 41.957183837890625, 'B_condition_number': 6.864814303300097, 'B_condition_number_tol': 6.864814303300097, 'B_smallest_singular_value': 0.026211554184556007, 'B_rank_rel_1em2': 800, 'B_rank_rel_1em3': 800, 'B_rank_rel_1em4': 800}
Benchmark 5 evaluation grid shape: (800, 3)
Replicate 47, benchmark 5 metrics: {'run_id': '47_b5', 'RMSE': 0.11748536562011135, 'MAE': 0.1086368778834617, 'SupNorm': 0.1910739066079259, 'Bias': -0.10841787282587348, 'Corr': 0.17877843297455473, 'deming_slope': 0.05805737708776861, 'deming_intercept': 0.01019384950904895, 'beta_sum': 0.3123769164085388, 'beta_l1': 0.3143191337585449, 'beta_l2': 0.014127149246633053, 'beta_min': -0.00010936391481664032, 'beta_max': 0.0018719974905252457, 'beta_neg_frac': 0.03, 'offline_data_id': 47, 'benchmark_id': 5, 'benchmark_point_source': 'support_safe_target_policy_draw', 'target_set_size': 100, 'benchmark_z_path': 'data/Z_true.pt', 'projected_bellman_test_risk': 0.008765898644924164, 'oracle_embedding_risk': 0.4667840600013733, 'benchmark_embedding_risk': 0.4667840600013733, 'risk_bellman_final': 0.040520968159371236, 'risk_obj_final': 1.0403417348861694, 'B_num_rows': 3079, 'B_num_cols': 800, 'B_min_dim': 800, 'B_numerical_rank': 800, 'B_rank_fraction': 1.0, 'B_rank_tolerance': 6.604521452757695e-05, 'B_stable_rank': 73.3931655883789, 'B_effective_rank': 769.3551028765773, 'B_entropy_rank': 6.645552635192871, 'B_spectral_norm': 0.1799374520778656, 'B_frobenius_norm': 1.5415207147598267, 'B_nuclear_norm': 41.957183837890625, 'B_condition_number': 6.864814303300097, 'B_condition_number_tol': 6.864814303300097, 'B_smallest_singular_value': 0.026211554184556007, 'B_rank_rel_1em2': 800, 'B_rank_rel_1em3': 800, 'B_rank_rel_1em4': 800}
Benchmark 6 evaluation grid shape: (800, 3)
Replicate 47, benchmark 6 metrics: {'run_id': '47_b6', 'RMSE': 0.09818914798569817, 'MAE': 0.0924633107140835, 'SupNorm': 0.15222341567277908, 'Bias': -0.0924633107140835, 'Corr': 0.8201122640113145, 'deming_slope': 0.34933745445904785, 'deming_intercept': -0.008296417695570941, 'beta_sum': 0.23872894048690796, 'beta_l1': 0.6410776376724243, 'beta_l2': 0.030873214825987816, 'beta_min': -0.0024148165248334408, 'beta_max': 0.005025789141654968, 'beta_neg_frac': 0.425, 'offline_data_id': 47, 'benchmark_id': 6, 'benchmark_point_source': 'support_safe_target_policy_draw', 'target_set_size': 100, 'benchmark_z_path': 'data/Z_true.pt', 'projected_bellman_test_risk': 0.0039038239046931267, 'oracle_embedding_risk': 0.4332315921783447, 'benchmark_embedding_risk': 0.4332315921783447, 'risk_bellman_final': 0.040520968159371236, 'risk_obj_final': 1.0403417348861694, 'B_num_rows': 3079, 'B_num_cols': 800, 'B_min_dim': 800, 'B_numerical_rank': 800, 'B_rank_fraction': 1.0, 'B_rank_tolerance': 6.604521452757695e-05, 'B_stable_rank': 73.3931655883789, 'B_effective_rank': 769.3551028765773, 'B_entropy_rank': 6.645552635192871, 'B_spectral_norm': 0.1799374520778656, 'B_frobenius_norm': 1.5415207147598267, 'B_nuclear_norm': 41.957183837890625, 'B_condition_number': 6.864814303300097, 'B_condition_number_tol': 6.864814303300097, 'B_smallest_singular_value': 0.026211554184556007, 'B_rank_rel_1em2': 800, 'B_rank_rel_1em3': 800, 'B_rank_rel_1em4': 800}
Benchmark 7 evaluation grid shape: (800, 3)
Replicate 47, benchmark 7 metrics: {'run_id': '47_b7', 'RMSE': 0.09707141239230031, 'MAE': 0.08984208702895558, 'SupNorm': 0.16376442927867174, 'Bias': -0.08984208702895558, 'Corr': 0.5929384605725746, 'deming_slope': 0.4278186657830438, 'deming_intercept': -0.016529787573285167, 'beta_sum': 0.26692473888397217, 'beta_l1': 0.8772469758987427, 'beta_l2': 0.05616224929690361, 'beta_min': -0.0023920582607388496, 'beta_max': 0.013676797971129417, 'beta_neg_frac': 0.58875, 'offline_data_id': 47, 'benchmark_id': 7, 'benchmark_point_source': 'support_safe_target_policy_draw', 'target_set_size': 100, 'benchmark_z_path': 'data/Z_true.pt', 'projected_bellman_test_risk': 0.008330680429935455, 'oracle_embedding_risk': 0.44102999567985535, 'benchmark_embedding_risk': 0.44102999567985535, 'risk_bellman_final': 0.040520968159371236, 'risk_obj_final': 1.0403417348861694, 'B_num_rows': 3079, 'B_num_cols': 800, 'B_min_dim': 800, 'B_numerical_rank': 800, 'B_rank_fraction': 1.0, 'B_rank_tolerance': 6.604521452757695e-05, 'B_stable_rank': 73.3931655883789, 'B_effective_rank': 769.3551028765773, 'B_entropy_rank': 6.645552635192871, 'B_spectral_norm': 0.1799374520778656, 'B_frobenius_norm': 1.5415207147598267, 'B_nuclear_norm': 41.957183837890625, 'B_condition_number': 6.864814303300097, 'B_condition_number_tol': 6.864814303300097, 'B_smallest_singular_value': 0.026211554184556007, 'B_rank_rel_1em2': 800, 'B_rank_rel_1em3': 800, 'B_rank_rel_1em4': 800}
Benchmark 8 evaluation grid shape: (800, 3)
Replicate 47, benchmark 8 metrics: {'run_id': '47_b8', 'RMSE': 0.08465679785521799, 'MAE': 0.07850380914889683, 'SupNorm': 0.13606320321559906, 'Bias': -0.07850380914889683, 'Corr': 0.9227352577304836, 'deming_slope': 0.35938193376690414, 'deming_intercept': 0.0032660536509513116, 'beta_sum': 0.44288745522499084, 'beta_l1': 0.7135571241378784, 'beta_l2': 0.043330252170562744, 'beta_min': -0.0013749273493885994, 'beta_max': 0.010491212829947472, 'beta_neg_frac': 0.395, 'offline_data_id': 47, 'benchmark_id': 8, 'benchmark_point_source': 'support_safe_target_policy_draw', 'target_set_size': 100, 'benchmark_z_path': 'data/Z_true.pt', 'projected_bellman_test_risk': 0.009745299816131592, 'oracle_embedding_risk': 0.4131240248680115, 'benchmark_embedding_risk': 0.4131240248680115, 'risk_bellman_final': 0.040520968159371236, 'risk_obj_final': 1.0403417348861694, 'B_num_rows': 3079, 'B_num_cols': 800, 'B_min_dim': 800, 'B_numerical_rank': 800, 'B_rank_fraction': 1.0, 'B_rank_tolerance': 6.604521452757695e-05, 'B_stable_rank': 73.3931655883789, 'B_effective_rank': 769.3551028765773, 'B_entropy_rank': 6.645552635192871, 'B_spectral_norm': 0.1799374520778656, 'B_frobenius_norm': 1.5415207147598267, 'B_nuclear_norm': 41.957183837890625, 'B_condition_number': 6.864814303300097, 'B_condition_number_tol': 6.864814303300097, 'B_smallest_singular_value': 0.026211554184556007, 'B_rank_rel_1em2': 800, 'B_rank_rel_1em3': 800, 'B_rank_rel_1em4': 800}
Benchmark 9 evaluation grid shape: (800, 3)
Replicate 47, benchmark 9 metrics: {'run_id': '47_b9', 'RMSE': 0.09976535998052134, 'MAE': 0.09143658238332136, 'SupNorm': 0.17114182934165, 'Bias': -0.09143658238332136, 'Corr': 0.5238866543787348, 'deming_slope': 0.3837860053895137, 'deming_intercept': -0.011190152592890149, 'beta_sum': 0.33275333046913147, 'beta_l1': 0.9005488157272339, 'beta_l2': 0.05683666095137596, 'beta_min': -0.0027203699573874474, 'beta_max': 0.014353540726006031, 'beta_neg_frac': 0.54625, 'offline_data_id': 47, 'benchmark_id': 9, 'benchmark_point_source': 'support_safe_target_policy_draw', 'target_set_size': 100, 'benchmark_z_path': 'data/Z_true.pt', 'projected_bellman_test_risk': 0.004284230060875416, 'oracle_embedding_risk': 0.43843474984169006, 'benchmark_embedding_risk': 0.43843474984169006, 'risk_bellman_final': 0.040520968159371236, 'risk_obj_final': 1.0403417348861694, 'B_num_rows': 3079, 'B_num_cols': 800, 'B_min_dim': 800, 'B_numerical_rank': 800, 'B_rank_fraction': 1.0, 'B_rank_tolerance': 6.604521452757695e-05, 'B_stable_rank': 73.3931655883789, 'B_effective_rank': 769.3551028765773, 'B_entropy_rank': 6.645552635192871, 'B_spectral_norm': 0.1799374520778656, 'B_frobenius_norm': 1.5415207147598267, 'B_nuclear_norm': 41.957183837890625, 'B_condition_number': 6.864814303300097, 'B_condition_number_tol': 6.864814303300097, 'B_smallest_singular_value': 0.026211554184556007, 'B_rank_rel_1em2': 800, 'B_rank_rel_1em3': 800, 'B_rank_rel_1em4': 800}
Replicate 47 finished in 21.4s
Finished combo 5, offline replicate 47.
