Job ID:    2358948
Array idx: 169
CPUs/node: 64
Mem/node:  131072
Using CC = cc 
Using CXX = CC 
Using FC = ftn 
Using F77 = ftn 
Using F90 = ftn 
cuda/12.6.1 is deprecated; loading cudatoolkit/25.5_12.9 instead.
Using CC = /opt/nvidia/hpc_sdk/Linux_aarch64/25.5/compilers/bin/nvc 
Using CXX = /opt/nvidia/hpc_sdk/Linux_aarch64/25.5/compilers/bin/nvc++ 
Using FC = /opt/nvidia/hpc_sdk/Linux_aarch64/25.5/compilers/bin/nvfortran 
Using F77 = /opt/nvidia/hpc_sdk/Linux_aarch64/25.5/compilers/bin/nvfortran 
Using F90 = /opt/nvidia/hpc_sdk/Linux_aarch64/25.5/compilers/bin/nvfortran 
Using CC = /opt/nvidia/hpc_sdk/Linux_aarch64/25.5/compilers/bin/nvc 
Using CXX = /opt/nvidia/hpc_sdk/Linux_aarch64/25.5/compilers/bin/nvc++ 
Using FC = /opt/nvidia/hpc_sdk/Linux_aarch64/25.5/compilers/bin/nvfortran 
Using F77 = /opt/nvidia/hpc_sdk/Linux_aarch64/25.5/compilers/bin/nvfortran 
Using F90 = /opt/nvidia/hpc_sdk/Linux_aarch64/25.5/compilers/bin/nvfortran 

Lmod is automatically replacing "gcc-native/14" with "gcc/14.2.0".

ghx4
0
Tuning combo id: 1 / 6
Offline replicate id: 69 / 99
Installing ke_drl from git: https://github.com/mehrdadmhmdi/ke-drl.git@main
Collecting git+https://github.com/mehrdadmhmdi/ke-drl.git@main
  Cloning https://github.com/mehrdadmhmdi/ke-drl.git (to revision main) to /tmp/pip-req-build-fzx6p2op
  Running command git clone --filter=blob:none --quiet https://github.com/mehrdadmhmdi/ke-drl.git /tmp/pip-req-build-fzx6p2op
  Resolved https://github.com/mehrdadmhmdi/ke-drl.git to commit 3c5d570e40ea15b1fbe4817b5f43b64c7b333e82
  Installing build dependencies: started
  Installing build dependencies: finished with status 'done'
  Getting requirements to build wheel: started
  Getting requirements to build wheel: finished with status 'done'
  Preparing metadata (pyproject.toml): started
  Preparing metadata (pyproject.toml): finished with status 'done'
Building wheels for collected packages: ke_drl
  Building wheel for ke_drl (pyproject.toml): started
  Building wheel for ke_drl (pyproject.toml): finished with status 'done'
  Created wheel for ke_drl: filename=ke_drl-0.1.0-py3-none-any.whl size=47219 sha256=cf08e727e8b983e1762091fd34e8665a904be855dc9fe32662e5462477e33738
  Stored in directory: /tmp/pip-ephem-wheel-cache-s3y9bl4s/wheels/24/47/ad/9a4ffd3b05d3e90e35ffc6e7324b735b8bfcf5f51aaf29a333
Successfully built ke_drl
Installing collected packages: ke_drl
Successfully installed ke_drl-0.1.0
Installed ke_drl source: /work/nvme/bfez/mehrdad3/DistRL/simulation_3/runs/sim3_global_2358722_1/.kedrl_site_169/ke_drl/__init__.py
Tuning combo 1: lambda_B_0.002
Overrides: {'lambda_B': 0.002}
RUN: /sw/user/python/miniforge3-pytorch-24.11.3/bin/python3 validate_sim_config.py --params params.yaml
ke_drl import source: /work/nvme/bfez/mehrdad3/DistRL/simulation_3/runs/sim3_global_2358722_1/.kedrl_site_169/ke_drl/__init__.py
ke_drl package API OK: prediction weights, RFF operators, rank diagnostics, and best-checkpoint optimizer available
Policy config OK: behavior=uniform, target=logistic, state_dim=5, action_dim=1
Note: policy.logistic.theta_scale/theta_std are log-scale coefficients in Probability_Densities.
Behavior-policy linearized state-process diagnostic: spectral_radius=0.653, offline_burn_in=50
Replicate config OK: num_replicates=100, benchmark points=10 independent of D_i, loss target points=100
Transition reduction OK: method=kmeans, raw rows N(T-1)=12000, target rows about 3000, B rows reduced from 12000 to about 3000
Return-operator approximation OK: method=rff, features=512, exact G avoided for estimated N=12000, m=800, L=100
Fixed benchmark config rows=4 (benchmark.num_points=10; additional points are support-safe target-policy draws if needed)
Fixed benchmark point 0: s_star=[0.6, -0.8, 0.7, -0.5, 0.9], a_star=[0.5]
Fixed benchmark behavior-support interval for configured rows: min_lower=-0.12, max_upper=1.11
Fixed benchmark target-policy location range: [-0.02, 0.14]
Reusing shared data from /work/nvme/bfez/mehrdad3/DistRL/simulation_3/runs/sim3_shared_data/data for offline replicate 69.
RUN: /sw/user/python/miniforge3-pytorch-24.11.3/bin/python3 validate_sim_config.py --params params.yaml --data data/offline_data_69.pt
ke_drl import source: /work/nvme/bfez/mehrdad3/DistRL/simulation_3/runs/sim3_global_2358722_1/.kedrl_site_169/ke_drl/__init__.py
ke_drl package API OK: prediction weights, RFF operators, rank diagnostics, and best-checkpoint optimizer available
Policy config OK: behavior=uniform, target=logistic, state_dim=5, action_dim=1
Note: policy.logistic.theta_scale/theta_std are log-scale coefficients in Probability_Densities.
Behavior-policy linearized state-process diagnostic: spectral_radius=0.653, offline_burn_in=50
Replicate config OK: num_replicates=100, benchmark points=10 independent of D_i, loss target points=100
Transition reduction OK: method=kmeans, raw rows N(T-1)=12000, target rows about 3000, B rows reduced from 12000 to about 3000
Return-operator approximation OK: method=rff, features=512, exact G avoided for estimated N=12000, m=800, L=100
Fixed benchmark config rows=4 (benchmark.num_points=10; additional points are support-safe target-policy draws if needed)
Fixed benchmark point 0: s_star=[0.6, -0.8, 0.7, -0.5, 0.9], a_star=[0.5]
Fixed benchmark behavior-support interval for configured rows: min_lower=-0.12, max_upper=1.11
Fixed benchmark target-policy location range: [-0.02, 0.14]
Full benchmark support check OK: 10 points, min_lower=-2.177, max_upper=2.05
observed behavior actions: mean=0.3899, sd=0.6754, q0/q10/q50/q90/q100=[-2.09356427192688, -0.420357221364975, 0.3234531432390213, 1.3009427189826968, 3.0848355293273926]
target-policy sampled actions: mean=-0.02761, sd=0.6643, q0/q10/q50/q90/q100=[-2.994977978415908, -0.870383389968805, -0.02128282993343648, 0.8262259760054087, 2.3619796366597012]
behavior uniform lower: mean=-0.1279, sd=0.6585, q0/q10/q50/q90/q100=[-3.170759916305542, -0.9588309979438782, -0.12225031256675724, 0.7148926401138307, 2.253150463104248]
behavior uniform upper: mean=0.918, sd=0.6387, q0/q10/q50/q90/q100=[-0.8908089518547058, 0.08206323519349103, 0.9198235228657723, 1.751486850976944, 3.262395024299621]
target location inside behavior uniform support: 0.968
RUN: /sw/user/python/miniforge3-pytorch-24.11.3/bin/python3 main_est.py
# ================================================================ #
#   Global KE-DRL estimation for one offline replicate              #
# ================================================================ #
Slurm Job ID: 2358948
Slurm Array ID: 69 -- used as the offline-replicate id
Offline data id: 69
ke_drl import source: /work/nvme/bfez/mehrdad3/DistRL/simulation_3/runs/sim3_global_2358722_1/.kedrl_site_169/ke_drl/__init__.py
Estimator device: cuda (NVIDIA GH200 120GB, capability 9.0); torch CUDA=13.0
Random seed: 20460581
Number of offline replicates: 100
[transition reduction] enabled: original rows=12000, target basis=3000, method=kmeans, device=cuda
[transition reduction] kmeans iter 1/20, mean center shift=2.7018e-01
[transition reduction] kmeans iter 5/20, mean center shift=6.0321e-03
[transition reduction] kmeans iter 10/20, mean center shift=1.8327e-04
[transition reduction] selected 3084 rows from 12000 transitions (ratio 0.2570); indices saved to data/reduced_transition_indices_69.pt
Data and parameters loaded.
offline path: data/offline_data_69.pt
benchmark true-Z path: data/Z_true.pt
offline shapes after reduction: s0=(3084, 5), a0=(3084, 1), r0=(3084, 3)
transition reduction: {'enabled': True, 'method': 'kmeans', 'original_rows': 12000, 'reduced_rows': 3084, 'selected_indices_path': 'data/reduced_transition_indices_69.pt', 'target_basis': 3000, 'compression_ratio': 0.257}
fixed benchmark point source: fixed_config_plus_support_safe_target_policy_draws
benchmark row excluded from this offline data: None
global loss target set shape: s_star=(100, 5), a_star=(100, 1)
benchmark true-Z count=10, shape each=(50000, 3)
target policy: logistic
behavior policy: uniform
lambda_Gamma=0.005, lambda_B=0.002, d_r_method=song
dtype=torch.float32, operator_method=rff, operator_num_features=512
ridge_mode=rkhs, diagnostic_interval=50
mass_anchor_lambda=1.0, target_mass=1.0
uLSIF basis: source=numerator, n_basis=512, lambda_reg=0.005
optimizer stabilizers: lambda_neg=0.0, max_B_norm=None, eta_clip_min=0.0, eta_clip_max=5.0, normalize_eta=True
========================================
Estimating the global KE-DRL mean embedding
torch device=cuda, dtype=torch.float32
Data dims: N=3084, L=100, Ds=5, Da=1, Dr=3
lambda_Gamma=0.005, lambda_B=0.002
return-operator construction: method=rff, rff_features=512
[uLSIF] basis=512/3084 (numerator); eta_hat min=-7.672e-01 max=5.300e+00 neg%=3.66
ESS for eta_plus: 2170.2 / 3084
eta_plus diagnostics: raw_mean=0.998, raw_min=-0.767, raw_max=5.3; used_mean=1, used_min=0, used_max=4.97
[timing] Z-grid: 0.06s
[timing] K_X: 0.00s
[timing] K_plus: 0.00s
[timing] k_star: 0.00s
[timing] Gamma_stack: 0.02s
[timing] Phi_stack: 0.00s
[timing] RFF feature sample: 0.00s
[timing] K_Z RFF: 0.01s
[timing] G_stack RFF: 0.02s
[timing] H_stack RFF: 0.03s
findfont: Font family 'Nimbus Roman' not found.
findfont: Font family 'Nimbus Roman' not found.
findfont: Font family 'Nimbus Roman' not found.
findfont: Font family 'Nimbus Roman' not found.
findfont: Font family 'Nimbus Roman' not found.
findfont: Font family 'Nimbus Roman' not found.
findfont: Font family 'Nimbus Roman' not found.
findfont: Font family 'Nimbus Roman' not found.
findfont: Font family 'Nimbus Roman' not found.
findfont: Font family 'Nimbus Roman' not found.
findfont: Font family 'Nimbus Roman' not found.
findfont: Font family 'Nimbus Roman' not found.
findfont: Font family 'Nimbus Roman' not found.
findfont: Font family 'Nimbus Roman' not found.
findfont: Font family 'Nimbus Roman' not found.
findfont: Font family 'Nimbus Roman' not found.
findfont: Font family 'Nimbus Roman' not found.
findfont: Font family 'Nimbus Roman' not found.
findfont: Font family 'Nimbus Roman' not found.
findfont: Font family 'Nimbus Roman' not found.
findfont: Font family 'Nimbus Roman' not found.
findfont: Font family 'Nimbus Roman' not found.
findfont: Font family 'Nimbus Roman' not found.
findfont: Font family 'Nimbus Roman' not found.
findfont: Font family 'Nimbus Roman' not found.
findfont: Font family 'Nimbus Roman' not found.
findfont: Font family 'Nimbus Roman' not found.
findfont: Font family 'Nimbus Roman' not found.
findfont: Font family 'Nimbus Roman' not found.
findfont: Font family 'Nimbus Roman' not found.
findfont: Font family 'Nimbus Roman' not found.
findfont: Font family 'Nimbus Roman' not found.
findfont: Font family 'Nimbus Roman' not found.
findfont: Font family 'Nimbus Roman' not found.
findfont: Font family 'Nimbus Roman' not found.
findfont: Font family 'Nimbus Roman' not found.
findfont: Font family 'Nimbus Roman' not found.
findfont: Font family ['Nimbus Roman'] not found. Falling back to DejaVu Sans.
findfont: Font family 'Nimbus Roman' not found.
findfont: Font family ['Nimbus Roman'] not found. Falling back to DejaVu Sans.
findfont: Font family 'Nimbus Roman' not found.
findfont: Font family 'Nimbus Roman' not found.
findfont: Font family 'Nimbus Roman' not found.
findfont: Font family 'Nimbus Roman' not found.
findfont: Font family 'Nimbus Roman' not found.
findfont: Font family 'Nimbus Roman' not found.
findfont: Font family 'Nimbus Roman' not found.
findfont: Font family 'Nimbus Roman' not found.
findfont: Font family 'Nimbus Roman' not found.
findfont: Font family 'Nimbus Roman' not found.
findfont: Font family ['Nimbus Roman'] not found. Falling back to DejaVu Sans.
findfont: Font family 'Nimbus Roman' not found.
findfont: Font family 'Nimbus Roman' not found.
findfont: Font family 'Nimbus Roman' not found.
findfont: Font family 'Nimbus Roman' not found.
findfont: Font family 'Nimbus Roman' not found.
findfont: Font family 'Nimbus Roman' not found.
findfont: Font family 'Nimbus Roman' not found.
findfont: Font family 'Nimbus Roman' not found.
findfont: Font family 'Nimbus Roman' not found.
findfont: Font family 'Nimbus Roman' not found.
findfont: Font family 'Nimbus Roman' not found.
findfont: Font family 'Nimbus Roman' not found.
findfont: Font family 'Nimbus Roman' not found.
findfont: Font family 'Nimbus Roman' not found.
findfont: Font family 'Nimbus Roman' not found.
findfont: Font family 'Nimbus Roman' not found.
findfont: Font family 'Nimbus Roman' not found.
findfont: Font family 'Nimbus Roman' not found.
findfont: Font family 'Nimbus Roman' not found.
findfont: Font family 'Nimbus Roman' not found.
findfont: Font family 'Nimbus Roman' not found.
findfont: Font family 'Nimbus Roman' not found.
findfont: Font family 'Nimbus Roman' not found.
findfont: Font family 'Nimbus Roman' not found.
findfont: Font family 'Nimbus Roman' not found.
findfont: Font family 'Nimbus Roman' not found.
findfont: Font family 'Nimbus Roman' not found.
findfont: Font family 'Nimbus Roman' not found.
findfont: Font family 'Nimbus Roman' not found.
findfont: Font family 'Nimbus Roman' not found.
findfont: Font family 'Nimbus Roman' not found.
findfont: Font family 'Nimbus Roman' not found.
findfont: Font family 'Nimbus Roman' not found.
findfont: Font family 'Nimbus Roman' not found.
findfont: Font family 'Nimbus Roman' not found.
findfont: Font family 'Nimbus Roman' not found.
findfont: Font family 'Nimbus Roman' not found.
findfont: Font family 'Nimbus Roman' not found.
findfont: Font family 'Nimbus Roman' not found.
findfont: Font family 'Nimbus Roman' not found.
findfont: Font family 'Nimbus Roman' not found.
findfont: Font family 'Nimbus Roman' not found.
findfont: Font family 'Nimbus Roman' not found.
findfont: Font family 'Nimbus Roman' not found.
findfont: Font family 'Nimbus Roman' not found.
findfont: Font family 'Nimbus Roman' not found.
findfont: Font family 'Nimbus Roman' not found.
findfont: Font family 'Nimbus Roman' not found.
findfont: Font family 'Nimbus Roman' not found.
findfont: Font family 'Nimbus Roman' not found.
findfont: Font family 'Nimbus Roman' not found.
findfont: Font family 'Nimbus Roman' not found.
findfont: Font family 'Nimbus Roman' not found.
findfont: Font family 'Nimbus Roman' not found.
findfont: Font family 'Nimbus Roman' not found.
findfont: Font family 'Nimbus Roman' not found.
findfont: Font family 'Nimbus Roman' not found.
findfont: Font family 'Nimbus Roman' not found.
findfont: Font family 'Nimbus Roman' not found.
findfont: Font family 'Nimbus Roman' not found.
findfont: Font family 'Nimbus Roman' not found.
findfont: Font family 'Nimbus Roman' not found.
findfont: Font family 'Nimbus Roman' not found.
findfont: Font family 'Nimbus Roman' not found.
findfont: Font family 'Nimbus Roman' not found.
findfont: Font family 'Nimbus Roman' not found.
findfont: Font family 'Nimbus Roman' not found.
findfont: Font family 'Nimbus Roman' not found.
findfont: Font family 'Nimbus Roman' not found.
findfont: Font family 'Nimbus Roman' not found.
findfont: Font family 'Nimbus Roman' not found.
findfont: Font family 'Nimbus Roman' not found.
Ridge mode: rkhs; diagnostic interval: 50
Iter 1/4000 | log_obj=9.808e+00 | log_Bellman_root=3.467e+00 | mass=1.71e+04 | neg=0.00e+00 | grad=5.08e+02
Iter 400/4000 | log_obj=5.556e+00 | log_Bellman_root=1.330e+00 | mass=2.44e+02 | neg=0.00e+00 | grad=7.62e+03
Iter 800/4000 | log_obj=5.554e+00 | log_Bellman_root=1.330e+00 | mass=2.44e+02 | neg=0.00e+00 | grad=7.64e+03
Iter 1200/4000 | log_obj=5.552e+00 | log_Bellman_root=1.329e+00 | mass=2.43e+02 | neg=0.00e+00 | grad=7.65e+03
Iter 1600/4000 | log_obj=5.551e+00 | log_Bellman_root=1.329e+00 | mass=2.43e+02 | neg=0.00e+00 | grad=7.66e+03
Iter 2000/4000 | log_obj=5.550e+00 | log_Bellman_root=1.328e+00 | mass=2.43e+02 | neg=0.00e+00 | grad=7.67e+03
Iter 2400/4000 | log_obj=5.549e+00 | log_Bellman_root=1.328e+00 | mass=2.43e+02 | neg=0.00e+00 | grad=7.67e+03
Iter 2800/4000 | log_obj=5.548e+00 | log_Bellman_root=1.328e+00 | mass=2.43e+02 | neg=0.00e+00 | grad=7.67e+03
Iter 3200/4000 | log_obj=5.548e+00 | log_Bellman_root=1.328e+00 | mass=2.42e+02 | neg=0.00e+00 | grad=7.68e+03
Iter 3600/4000 | log_obj=5.547e+00 | log_Bellman_root=1.328e+00 | mass=2.42e+02 | neg=0.00e+00 | grad=7.68e+03
Iter 4000/4000 | log_obj=5.547e+00 | log_Bellman_root=1.327e+00 | mass=2.42e+02 | neg=0.00e+00 | grad=7.68e+03
Done in 15.49s.
KE-DRL global estimation is done.
B_hat shape: (3084, 800)
B_hat rank diagnostics: {'B_num_rows': 3084, 'B_num_cols': 800, 'B_min_dim': 800, 'B_numerical_rank': 800, 'B_rank_fraction': 1.0, 'B_rank_tolerance': 4.0000587183897096e-05, 'B_stable_rank': 208.8917694091797, 'B_effective_rank': 771.4133515192063, 'B_entropy_rank': 6.648224353790283, 'B_spectral_norm': 0.10880325734615326, 'B_frobenius_norm': 1.5725431442260742, 'B_nuclear_norm': 42.95690155029297, 'B_condition_number': 3.990241164021605, 'B_condition_number_tol': 3.990241164021605, 'B_smallest_singular_value': 0.0272673387080431, 'B_rank_rel_1em2': 800, 'B_rank_rel_1em3': 800, 'B_rank_rel_1em4': 800}
Global-loss target mass diagnostics: {'target_mass_mean': -13.587063789367676, 'target_mass_min': -25.87799835205078, 'target_mass_max': 0.18838880956172943, 'target_mass_sd': 5.449840068817139, 'target_mass_rmse_to_target': 15.562332153320312, 'target_beta_min': -0.07337015867233276, 'target_beta_max': 0.048762109130620956, 'target_neg_frac_mean': 0.9388875000000002}
Return dictionary Z_grid shape: (800, 3)
Replicate 69 risk metrics: {'risk_n_steps_recorded': 81.0, 'risk_n_diagnostics_recorded': 81.0, 'risk_log_obj_initial': 9.807808857572807, 'risk_log_obj_final': 5.546805947155721, 'risk_log_obj_min': 5.546805947155721, 'risk_obj_initial': 18175.119140625, 'risk_obj_final': 256.4172363281251, 'risk_obj_min': 256.4172363281251, 'risk_log_obj_drop': 4.261002910417086, 'risk_log_bellman_root_initial': 3.4672628802587724, 'risk_log_bellman_root_final': 1.3274728296437026, 'risk_log_bellman_root_min': 1.3274728296437026, 'risk_bellman_root_initial': 32.04890060424805, 'risk_bellman_root_final': 3.7715001106262207, 'risk_bellman_root_min': 3.7715001106262207, 'risk_bellman_initial': 1027.1320299409706, 'risk_bellman_final': 14.224213084453595, 'risk_bellman_min': 14.224213084453595, 'risk_log_bellman_root_drop': 2.13979005061507, 'risk_bellman_returned': 14.224213600158691, 'risk_obj_returned': 256.417236328125, 'risk_returned_step': 4000.0, 'offline_data_id': 69, 'benchmark_point_source': 'fixed_config_plus_support_safe_target_policy_draws', 'target_set_size': 100, 'lambda_reg': 0.005, 'lambda_B': 0.002, 'num_steps': 4000, 'transition_reduction_enabled': 1, 'transition_reduction_method': 'kmeans', 'transition_original_rows': 12000, 'transition_reduced_rows': 3084, 'transition_compression_ratio': 0.257, 'target_mass_mean': -13.587063789367676, 'target_mass_min': -25.87799835205078, 'target_mass_max': 0.18838880956172943, 'target_mass_sd': 5.449840068817139, 'target_mass_rmse_to_target': 15.562332153320312, 'target_beta_min': -0.07337015867233276, 'target_beta_max': 0.048762109130620956, 'target_neg_frac_mean': 0.9388875000000002, 'B_num_rows': 3084, 'B_num_cols': 800, 'B_min_dim': 800, 'B_numerical_rank': 800, 'B_rank_fraction': 1.0, 'B_rank_tolerance': 4.0000587183897096e-05, 'B_stable_rank': 208.8917694091797, 'B_effective_rank': 771.4133515192063, 'B_entropy_rank': 6.648224353790283, 'B_spectral_norm': 0.10880325734615326, 'B_frobenius_norm': 1.5725431442260742, 'B_nuclear_norm': 42.95690155029297, 'B_condition_number': 3.990241164021605, 'B_condition_number_tol': 3.990241164021605, 'B_smallest_singular_value': 0.0272673387080431, 'B_rank_rel_1em2': 800, 'B_rank_rel_1em3': 800, 'B_rank_rel_1em4': 800, 'risk_objective_final_raw': 256.417236328125, 'risk_objective_min_raw': 256.417236328125, 'risk_objective_max_raw': 18175.119140625, 'risk_bellman_final_raw': 14.224213600158691, 'risk_bellman_min_raw': 14.224213600158691, 'risk_bellman_max_raw': 1027.132080078125, 'risk_rkhs_ridge_final_raw': 0.006865264847874641, 'risk_rkhs_ridge_min_raw': 0.006865264847874641, 'risk_rkhs_ridge_max_raw': 0.23003432154655457, 'risk_mass_final_raw': 242.18617248535156, 'risk_mass_min_raw': 242.18617248535156, 'risk_mass_max_raw': 17147.7578125, 'risk_negativity_final_raw': 0.0, 'risk_negativity_min_raw': 0.0, 'risk_negativity_max_raw': 0.0, 'risk_B_norm_final_raw': 1.5723633766174316, 'risk_B_norm_min_raw': 1.5720304250717163, 'risk_B_norm_max_raw': 1.6403920650482178, 'risk_diagnostic_step_final_raw': 4000.0, 'risk_diagnostic_step_min_raw': 1.0, 'risk_diagnostic_step_max_raw': 4000.0, 'risk_best_step_final_raw': 4000.0, 'risk_best_step_min_raw': 4000.0, 'risk_best_step_max_raw': 4000.0, 'risk_best_objective_final_raw': 256.417236328125, 'risk_best_objective_min_raw': 256.417236328125, 'risk_best_objective_max_raw': 256.417236328125, 'risk_best_bellman_final_raw': 14.224213600158691, 'risk_best_bellman_min_raw': 14.224213600158691, 'risk_best_bellman_max_raw': 14.224213600158691, 'risk_returned_step_final_raw': 4000.0, 'risk_returned_step_min_raw': 4000.0, 'risk_returned_step_max_raw': 4000.0, 'risk_returned_objective_final_raw': 256.417236328125, 'risk_returned_objective_min_raw': 256.417236328125, 'risk_returned_objective_max_raw': 256.417236328125, 'risk_returned_bellman_final_raw': 14.224213600158691, 'risk_returned_bellman_min_raw': 14.224213600158691, 'risk_returned_bellman_max_raw': 14.224213600158691, 'risk_returned_best_checkpoint_final_raw': 1.0, 'risk_returned_best_checkpoint_min_raw': 1.0, 'risk_returned_best_checkpoint_max_raw': 1.0}
Benchmark 0 evaluation grid shape: (800, 3)
Replicate 69, benchmark 0 metrics: {'run_id': '69_b0', 'RMSE': 3.0828171492550425, 'MAE': 2.6522216708533235, 'SupNorm': 6.450928658246994, 'Bias': -2.6522216708533235, 'Corr': -0.4417151952176496, 'deming_slope': -36.188062601945546, 'deming_intercept': 7.099205950228732, 'beta_sum': -10.744343757629395, 'beta_l1': 11.01856803894043, 'beta_l2': 0.4455466568470001, 'beta_min': -0.0353974923491478, 'beta_max': 0.009658528491854668, 'beta_neg_frac': 0.94375, 'offline_data_id': 69, 'benchmark_id': 0, 'benchmark_point_source': 'fixed_config', 'target_set_size': 100, 'benchmark_z_path': 'data/Z_true.pt', 'projected_bellman_test_risk': 0.058532074093818665, 'oracle_embedding_risk': 51.63042449951172, 'benchmark_embedding_risk': 51.63042449951172, 'risk_bellman_final': 14.224213084453595, 'risk_obj_final': 256.4172363281251, 'B_num_rows': 3084, 'B_num_cols': 800, 'B_min_dim': 800, 'B_numerical_rank': 800, 'B_rank_fraction': 1.0, 'B_rank_tolerance': 4.0000587183897096e-05, 'B_stable_rank': 208.8917694091797, 'B_effective_rank': 771.4133515192063, 'B_entropy_rank': 6.648224353790283, 'B_spectral_norm': 0.10880325734615326, 'B_frobenius_norm': 1.5725431442260742, 'B_nuclear_norm': 42.95690155029297, 'B_condition_number': 3.990241164021605, 'B_condition_number_tol': 3.990241164021605, 'B_smallest_singular_value': 0.0272673387080431, 'B_rank_rel_1em2': 800, 'B_rank_rel_1em3': 800, 'B_rank_rel_1em4': 800}
Saved ./mu/mu_hat.csv shape=(800,)
Saved ./mu/mu2D_hat_dims01.csv shape=(120, 120)
Saved ./mu/mu2D_hat_dims01.csv shape=(120, 120)
Saved plots/replicate_69/mu_3D.png
Benchmark 1 evaluation grid shape: (800, 3)
Replicate 69, benchmark 1 metrics: {'run_id': '69_b1', 'RMSE': 9.077782505117185, 'MAE': 8.36276286270906, 'SupNorm': 15.106092870235443, 'Bias': -8.36276286270906, 'Corr': -0.9933142475348382, 'deming_slope': -36.12152943722665, 'deming_intercept': 1.308668095994518, 'beta_sum': -26.287761688232422, 'beta_l1': 26.416847229003906, 'beta_l2': 1.020973563194275, 'beta_min': -0.07824157178401947, 'beta_max': 0.019765391945838928, 'beta_neg_frac': 0.9875, 'offline_data_id': 69, 'benchmark_id': 1, 'benchmark_point_source': 'fixed_config', 'target_set_size': 100, 'benchmark_z_path': 'data/Z_true.pt', 'projected_bellman_test_risk': 27.309633255004883, 'oracle_embedding_risk': 278.3669128417969, 'benchmark_embedding_risk': 278.3669128417969, 'risk_bellman_final': 14.224213084453595, 'risk_obj_final': 256.4172363281251, 'B_num_rows': 3084, 'B_num_cols': 800, 'B_min_dim': 800, 'B_numerical_rank': 800, 'B_rank_fraction': 1.0, 'B_rank_tolerance': 4.0000587183897096e-05, 'B_stable_rank': 208.8917694091797, 'B_effective_rank': 771.4133515192063, 'B_entropy_rank': 6.648224353790283, 'B_spectral_norm': 0.10880325734615326, 'B_frobenius_norm': 1.5725431442260742, 'B_nuclear_norm': 42.95690155029297, 'B_condition_number': 3.990241164021605, 'B_condition_number_tol': 3.990241164021605, 'B_smallest_singular_value': 0.0272673387080431, 'B_rank_rel_1em2': 800, 'B_rank_rel_1em3': 800, 'B_rank_rel_1em4': 800}
Benchmark 2 evaluation grid shape: (800, 3)
Replicate 69, benchmark 2 metrics: {'run_id': '69_b2', 'RMSE': 8.666639524109632, 'MAE': 7.991096725671378, 'SupNorm': 14.400461107492447, 'Bias': -7.991096725671378, 'Corr': -0.9214965819964945, 'deming_slope': -38.216876968118044, 'deming_intercept': 2.5203434079623346, 'beta_sum': -25.021265029907227, 'beta_l1': 25.139293670654297, 'beta_l2': 0.9743812084197998, 'beta_min': -0.0758996456861496, 'beta_max': 0.015445791184902191, 'beta_neg_frac': 0.98625, 'offline_data_id': 69, 'benchmark_id': 2, 'benchmark_point_source': 'fixed_config', 'target_set_size': 100, 'benchmark_z_path': 'data/Z_true.pt', 'projected_bellman_test_risk': 24.73383331298828, 'oracle_embedding_risk': 253.28549194335938, 'benchmark_embedding_risk': 253.28549194335938, 'risk_bellman_final': 14.224213084453595, 'risk_obj_final': 256.4172363281251, 'B_num_rows': 3084, 'B_num_cols': 800, 'B_min_dim': 800, 'B_numerical_rank': 800, 'B_rank_fraction': 1.0, 'B_rank_tolerance': 4.0000587183897096e-05, 'B_stable_rank': 208.8917694091797, 'B_effective_rank': 771.4133515192063, 'B_entropy_rank': 6.648224353790283, 'B_spectral_norm': 0.10880325734615326, 'B_frobenius_norm': 1.5725431442260742, 'B_nuclear_norm': 42.95690155029297, 'B_condition_number': 3.990241164021605, 'B_condition_number_tol': 3.990241164021605, 'B_smallest_singular_value': 0.0272673387080431, 'B_rank_rel_1em2': 800, 'B_rank_rel_1em3': 800, 'B_rank_rel_1em4': 800}
Benchmark 3 evaluation grid shape: (800, 3)
Replicate 69, benchmark 3 metrics: {'run_id': '69_b3', 'RMSE': 8.398478359980349, 'MAE': 7.684270022190176, 'SupNorm': 14.17734944820404, 'Bias': -7.684270022190176, 'Corr': -0.9442474857389157, 'deming_slope': -36.67670712582228, 'deming_intercept': 2.0834179873717096, 'beta_sum': -24.763843536376953, 'beta_l1': 24.910736083984375, 'beta_l2': 0.9641255140304565, 'beta_min': -0.07171736657619476, 'beta_max': 0.018669813871383667, 'beta_neg_frac': 0.98375, 'offline_data_id': 69, 'benchmark_id': 3, 'benchmark_point_source': 'fixed_config', 'target_set_size': 100, 'benchmark_z_path': 'data/Z_true.pt', 'projected_bellman_test_risk': 22.000446319580078, 'oracle_embedding_risk': 248.4097137451172, 'benchmark_embedding_risk': 248.4097137451172, 'risk_bellman_final': 14.224213084453595, 'risk_obj_final': 256.4172363281251, 'B_num_rows': 3084, 'B_num_cols': 800, 'B_min_dim': 800, 'B_numerical_rank': 800, 'B_rank_fraction': 1.0, 'B_rank_tolerance': 4.0000587183897096e-05, 'B_stable_rank': 208.8917694091797, 'B_effective_rank': 771.4133515192063, 'B_entropy_rank': 6.648224353790283, 'B_spectral_norm': 0.10880325734615326, 'B_frobenius_norm': 1.5725431442260742, 'B_nuclear_norm': 42.95690155029297, 'B_condition_number': 3.990241164021605, 'B_condition_number_tol': 3.990241164021605, 'B_smallest_singular_value': 0.0272673387080431, 'B_rank_rel_1em2': 800, 'B_rank_rel_1em3': 800, 'B_rank_rel_1em4': 800}
Benchmark 4 evaluation grid shape: (800, 3)
Replicate 69, benchmark 4 metrics: {'run_id': '69_b4', 'RMSE': 1.6785921866537281, 'MAE': 1.3173205590171346, 'SupNorm': 4.688966512680054, 'Bias': -1.3173205590171346, 'Corr': -0.07245703265923834, 'deming_slope': -149.14201504964043, 'deming_intercept': 38.711243862206565, 'beta_sum': -7.865818977355957, 'beta_l1': 8.932758331298828, 'beta_l2': 0.365466445684433, 'beta_min': -0.02933507040143013, 'beta_max': 0.046550434082746506, 'beta_neg_frac': 0.9025, 'offline_data_id': 69, 'benchmark_id': 4, 'benchmark_point_source': 'support_safe_target_policy_draw', 'target_set_size': 100, 'benchmark_z_path': 'data/Z_true.pt', 'projected_bellman_test_risk': 0.8507087230682373, 'oracle_embedding_risk': 29.8787841796875, 'benchmark_embedding_risk': 29.8787841796875, 'risk_bellman_final': 14.224213084453595, 'risk_obj_final': 256.4172363281251, 'B_num_rows': 3084, 'B_num_cols': 800, 'B_min_dim': 800, 'B_numerical_rank': 800, 'B_rank_fraction': 1.0, 'B_rank_tolerance': 4.0000587183897096e-05, 'B_stable_rank': 208.8917694091797, 'B_effective_rank': 771.4133515192063, 'B_entropy_rank': 6.648224353790283, 'B_spectral_norm': 0.10880325734615326, 'B_frobenius_norm': 1.5725431442260742, 'B_nuclear_norm': 42.95690155029297, 'B_condition_number': 3.990241164021605, 'B_condition_number_tol': 3.990241164021605, 'B_smallest_singular_value': 0.0272673387080431, 'B_rank_rel_1em2': 800, 'B_rank_rel_1em3': 800, 'B_rank_rel_1em4': 800}
Benchmark 5 evaluation grid shape: (800, 3)
Replicate 69, benchmark 5 metrics: {'run_id': '69_b5', 'RMSE': 0.30853692791526754, 'MAE': 0.2909574421107223, 'SupNorm': 0.4692446142435074, 'Bias': -0.2909574421107223, 'Corr': -0.03906108221656802, 'deming_slope': -0.020199291212531802, 'deming_intercept': -0.028781930832325213, 'beta_sum': -0.3110494017601013, 'beta_l1': 0.7519586086273193, 'beta_l2': 0.033498745411634445, 'beta_min': -0.003982977941632271, 'beta_max': 0.0033166036009788513, 'beta_neg_frac': 0.63625, 'offline_data_id': 69, 'benchmark_id': 5, 'benchmark_point_source': 'support_safe_target_policy_draw', 'target_set_size': 100, 'benchmark_z_path': 'data/Z_true.pt', 'projected_bellman_test_risk': 0.20356200635433197, 'oracle_embedding_risk': 1.1237140893936157, 'benchmark_embedding_risk': 1.1237140893936157, 'risk_bellman_final': 14.224213084453595, 'risk_obj_final': 256.4172363281251, 'B_num_rows': 3084, 'B_num_cols': 800, 'B_min_dim': 800, 'B_numerical_rank': 800, 'B_rank_fraction': 1.0, 'B_rank_tolerance': 4.0000587183897096e-05, 'B_stable_rank': 208.8917694091797, 'B_effective_rank': 771.4133515192063, 'B_entropy_rank': 6.648224353790283, 'B_spectral_norm': 0.10880325734615326, 'B_frobenius_norm': 1.5725431442260742, 'B_nuclear_norm': 42.95690155029297, 'B_condition_number': 3.990241164021605, 'B_condition_number_tol': 3.990241164021605, 'B_smallest_singular_value': 0.0272673387080431, 'B_rank_rel_1em2': 800, 'B_rank_rel_1em3': 800, 'B_rank_rel_1em4': 800}
Benchmark 6 evaluation grid shape: (800, 3)
Replicate 69, benchmark 6 metrics: {'run_id': '69_b6', 'RMSE': 4.748805294578722, 'MAE': 4.209586948384531, 'SupNorm': 8.895992994308472, 'Bias': -4.209586948384531, 'Corr': -0.6446084270563336, 'deming_slope': -34.67312299173777, 'deming_intercept': 5.207803202913334, 'beta_sum': -15.126853942871094, 'beta_l1': 15.30132007598877, 'beta_l2': 0.6050373911857605, 'beta_min': -0.04865860193967819, 'beta_max': 0.008994843810796738, 'beta_neg_frac': 0.97375, 'offline_data_id': 69, 'benchmark_id': 6, 'benchmark_point_source': 'support_safe_target_policy_draw', 'target_set_size': 100, 'benchmark_z_path': 'data/Z_true.pt', 'projected_bellman_test_risk': 2.943392276763916, 'oracle_embedding_risk': 97.55917358398438, 'benchmark_embedding_risk': 97.55917358398438, 'risk_bellman_final': 14.224213084453595, 'risk_obj_final': 256.4172363281251, 'B_num_rows': 3084, 'B_num_cols': 800, 'B_min_dim': 800, 'B_numerical_rank': 800, 'B_rank_fraction': 1.0, 'B_rank_tolerance': 4.0000587183897096e-05, 'B_stable_rank': 208.8917694091797, 'B_effective_rank': 771.4133515192063, 'B_entropy_rank': 6.648224353790283, 'B_spectral_norm': 0.10880325734615326, 'B_frobenius_norm': 1.5725431442260742, 'B_nuclear_norm': 42.95690155029297, 'B_condition_number': 3.990241164021605, 'B_condition_number_tol': 3.990241164021605, 'B_smallest_singular_value': 0.0272673387080431, 'B_rank_rel_1em2': 800, 'B_rank_rel_1em3': 800, 'B_rank_rel_1em4': 800}
Benchmark 7 evaluation grid shape: (800, 3)
Replicate 69, benchmark 7 metrics: {'run_id': '69_b7', 'RMSE': 4.540968577403268, 'MAE': 3.9404513847711495, 'SupNorm': 9.27751910686493, 'Bias': -3.9404513847711495, 'Corr': -0.5255085310497928, 'deming_slope': -45.01405292312291, 'deming_intercept': 8.091542058514015, 'beta_sum': -15.818231582641602, 'beta_l1': 16.082393646240234, 'beta_l2': 0.6373472809791565, 'beta_min': -0.05308056250214577, 'beta_max': 0.011017480865120888, 'beta_neg_frac': 0.9625, 'offline_data_id': 69, 'benchmark_id': 7, 'benchmark_point_source': 'support_safe_target_policy_draw', 'target_set_size': 100, 'benchmark_z_path': 'data/Z_true.pt', 'projected_bellman_test_risk': 6.89898681640625, 'oracle_embedding_risk': 106.3162841796875, 'benchmark_embedding_risk': 106.3162841796875, 'risk_bellman_final': 14.224213084453595, 'risk_obj_final': 256.4172363281251, 'B_num_rows': 3084, 'B_num_cols': 800, 'B_min_dim': 800, 'B_numerical_rank': 800, 'B_rank_fraction': 1.0, 'B_rank_tolerance': 4.0000587183897096e-05, 'B_stable_rank': 208.8917694091797, 'B_effective_rank': 771.4133515192063, 'B_entropy_rank': 6.648224353790283, 'B_spectral_norm': 0.10880325734615326, 'B_frobenius_norm': 1.5725431442260742, 'B_nuclear_norm': 42.95690155029297, 'B_condition_number': 3.990241164021605, 'B_condition_number_tol': 3.990241164021605, 'B_smallest_singular_value': 0.0272673387080431, 'B_rank_rel_1em2': 800, 'B_rank_rel_1em3': 800, 'B_rank_rel_1em4': 800}
Benchmark 8 evaluation grid shape: (800, 3)
Replicate 69, benchmark 8 metrics: {'run_id': '69_b8', 'RMSE': 1.9947419273311384, 'MAE': 1.7487781869649188, 'SupNorm': 4.057851433753967, 'Bias': -1.7487781869649188, 'Corr': -0.5391981415204496, 'deming_slope': -17.067776737847048, 'deming_intercept': 2.9577725359045113, 'beta_sum': -6.387880325317383, 'beta_l1': 6.745806694030762, 'beta_l2': 0.27463364601135254, 'beta_min': -0.024270735681056976, 'beta_max': 0.009848341345787048, 'beta_neg_frac': 0.9275, 'offline_data_id': 69, 'benchmark_id': 8, 'benchmark_point_source': 'support_safe_target_policy_draw', 'target_set_size': 100, 'benchmark_z_path': 'data/Z_true.pt', 'projected_bellman_test_risk': 2.6154749393463135, 'oracle_embedding_risk': 20.755033493041992, 'benchmark_embedding_risk': 20.755033493041992, 'risk_bellman_final': 14.224213084453595, 'risk_obj_final': 256.4172363281251, 'B_num_rows': 3084, 'B_num_cols': 800, 'B_min_dim': 800, 'B_numerical_rank': 800, 'B_rank_fraction': 1.0, 'B_rank_tolerance': 4.0000587183897096e-05, 'B_stable_rank': 208.8917694091797, 'B_effective_rank': 771.4133515192063, 'B_entropy_rank': 6.648224353790283, 'B_spectral_norm': 0.10880325734615326, 'B_frobenius_norm': 1.5725431442260742, 'B_nuclear_norm': 42.95690155029297, 'B_condition_number': 3.990241164021605, 'B_condition_number_tol': 3.990241164021605, 'B_smallest_singular_value': 0.0272673387080431, 'B_rank_rel_1em2': 800, 'B_rank_rel_1em3': 800, 'B_rank_rel_1em4': 800}
Benchmark 9 evaluation grid shape: (800, 3)
Replicate 69, benchmark 9 metrics: {'run_id': '69_b9', 'RMSE': 4.873141031005965, 'MAE': 4.294182139653713, 'SupNorm': 9.134731590747833, 'Bias': -4.294182139653713, 'Corr': -0.6264133372275975, 'deming_slope': -37.473757467452664, 'deming_intercept': 5.93080363986375, 'beta_sum': -15.434694290161133, 'beta_l1': 15.663394927978516, 'beta_l2': 0.6219245195388794, 'beta_min': -0.048030126839876175, 'beta_max': 0.015269354917109013, 'beta_neg_frac': 0.97, 'offline_data_id': 69, 'benchmark_id': 9, 'benchmark_point_source': 'support_safe_target_policy_draw', 'target_set_size': 100, 'benchmark_z_path': 'data/Z_true.pt', 'projected_bellman_test_risk': 0.6430555582046509, 'oracle_embedding_risk': 102.6798095703125, 'benchmark_embedding_risk': 102.6798095703125, 'risk_bellman_final': 14.224213084453595, 'risk_obj_final': 256.4172363281251, 'B_num_rows': 3084, 'B_num_cols': 800, 'B_min_dim': 800, 'B_numerical_rank': 800, 'B_rank_fraction': 1.0, 'B_rank_tolerance': 4.0000587183897096e-05, 'B_stable_rank': 208.8917694091797, 'B_effective_rank': 771.4133515192063, 'B_entropy_rank': 6.648224353790283, 'B_spectral_norm': 0.10880325734615326, 'B_frobenius_norm': 1.5725431442260742, 'B_nuclear_norm': 42.95690155029297, 'B_condition_number': 3.990241164021605, 'B_condition_number_tol': 3.990241164021605, 'B_smallest_singular_value': 0.0272673387080431, 'B_rank_rel_1em2': 800, 'B_rank_rel_1em3': 800, 'B_rank_rel_1em4': 800}
Replicate 69 finished in 25.6s
Finished combo 1, offline replicate 69.
