Job ID:    2359340
Array idx: 524
CPUs/node: 64
Mem/node:  131072
Using CC = cc 
Using CXX = CC 
Using FC = ftn 
Using F77 = ftn 
Using F90 = ftn 
cuda/12.6.1 is deprecated; loading cudatoolkit/25.5_12.9 instead.
Using CC = /opt/nvidia/hpc_sdk/Linux_aarch64/25.5/compilers/bin/nvc 
Using CXX = /opt/nvidia/hpc_sdk/Linux_aarch64/25.5/compilers/bin/nvc++ 
Using FC = /opt/nvidia/hpc_sdk/Linux_aarch64/25.5/compilers/bin/nvfortran 
Using F77 = /opt/nvidia/hpc_sdk/Linux_aarch64/25.5/compilers/bin/nvfortran 
Using F90 = /opt/nvidia/hpc_sdk/Linux_aarch64/25.5/compilers/bin/nvfortran 
Using CC = /opt/nvidia/hpc_sdk/Linux_aarch64/25.5/compilers/bin/nvc 
Using CXX = /opt/nvidia/hpc_sdk/Linux_aarch64/25.5/compilers/bin/nvc++ 
Using FC = /opt/nvidia/hpc_sdk/Linux_aarch64/25.5/compilers/bin/nvfortran 
Using F77 = /opt/nvidia/hpc_sdk/Linux_aarch64/25.5/compilers/bin/nvfortran 
Using F90 = /opt/nvidia/hpc_sdk/Linux_aarch64/25.5/compilers/bin/nvfortran 

Lmod is automatically replacing "gcc-native/14" with "gcc/14.2.0".

ghx4
0
Tuning combo id: 5 / 6
Offline replicate id: 24 / 99
Installing ke_drl from git: https://github.com/mehrdadmhmdi/ke-drl.git@main
Collecting git+https://github.com/mehrdadmhmdi/ke-drl.git@main
  Cloning https://github.com/mehrdadmhmdi/ke-drl.git (to revision main) to /tmp/pip-req-build-vog_isx6
  Running command git clone --filter=blob:none --quiet https://github.com/mehrdadmhmdi/ke-drl.git /tmp/pip-req-build-vog_isx6
  Resolved https://github.com/mehrdadmhmdi/ke-drl.git to commit 3c5d570e40ea15b1fbe4817b5f43b64c7b333e82
  Installing build dependencies: started
  Installing build dependencies: finished with status 'done'
  Getting requirements to build wheel: started
  Getting requirements to build wheel: finished with status 'done'
  Preparing metadata (pyproject.toml): started
  Preparing metadata (pyproject.toml): finished with status 'done'
Building wheels for collected packages: ke_drl
  Building wheel for ke_drl (pyproject.toml): started
  Building wheel for ke_drl (pyproject.toml): finished with status 'done'
  Created wheel for ke_drl: filename=ke_drl-0.1.0-py3-none-any.whl size=47219 sha256=62ed8715a7d17610ae09ec04e41c3c8d135e400c31053355aad6ac1b49dbe69c
  Stored in directory: /tmp/pip-ephem-wheel-cache-fsl13uxb/wheels/24/47/ad/9a4ffd3b05d3e90e35ffc6e7324b735b8bfcf5f51aaf29a333
Successfully built ke_drl
Installing collected packages: ke_drl
Successfully installed ke_drl-0.1.0
Installed ke_drl source: /work/nvme/bfez/mehrdad3/DistRL/simulation_3/runs/sim3_global_2358722_5/.kedrl_site_524/ke_drl/__init__.py
Tuning combo 5: kernel_sigma_0.7
Overrides: {'kernel': {'sigma': 0.7}}
RUN: /sw/user/python/miniforge3-pytorch-24.11.3/bin/python3 validate_sim_config.py --params params.yaml
ke_drl import source: /work/nvme/bfez/mehrdad3/DistRL/simulation_3/runs/sim3_global_2358722_5/.kedrl_site_524/ke_drl/__init__.py
ke_drl package API OK: prediction weights, RFF operators, rank diagnostics, and best-checkpoint optimizer available
Policy config OK: behavior=uniform, target=logistic, state_dim=5, action_dim=1
Note: policy.logistic.theta_scale/theta_std are log-scale coefficients in Probability_Densities.
Behavior-policy linearized state-process diagnostic: spectral_radius=0.653, offline_burn_in=50
Replicate config OK: num_replicates=100, benchmark points=10 independent of D_i, loss target points=100
Transition reduction OK: method=kmeans, raw rows N(T-1)=12000, target rows about 3000, B rows reduced from 12000 to about 3000
Return-operator approximation OK: method=rff, features=512, exact G avoided for estimated N=12000, m=800, L=100
Fixed benchmark config rows=4 (benchmark.num_points=10; additional points are support-safe target-policy draws if needed)
Fixed benchmark point 0: s_star=[0.6, -0.8, 0.7, -0.5, 0.9], a_star=[0.5]
Fixed benchmark behavior-support interval for configured rows: min_lower=-0.12, max_upper=1.11
Fixed benchmark target-policy location range: [-0.02, 0.14]
Reusing shared data from /work/nvme/bfez/mehrdad3/DistRL/simulation_3/runs/sim3_shared_data/data for offline replicate 24.
RUN: /sw/user/python/miniforge3-pytorch-24.11.3/bin/python3 validate_sim_config.py --params params.yaml --data data/offline_data_24.pt
ke_drl import source: /work/nvme/bfez/mehrdad3/DistRL/simulation_3/runs/sim3_global_2358722_5/.kedrl_site_524/ke_drl/__init__.py
ke_drl package API OK: prediction weights, RFF operators, rank diagnostics, and best-checkpoint optimizer available
Policy config OK: behavior=uniform, target=logistic, state_dim=5, action_dim=1
Note: policy.logistic.theta_scale/theta_std are log-scale coefficients in Probability_Densities.
Behavior-policy linearized state-process diagnostic: spectral_radius=0.653, offline_burn_in=50
Replicate config OK: num_replicates=100, benchmark points=10 independent of D_i, loss target points=100
Transition reduction OK: method=kmeans, raw rows N(T-1)=12000, target rows about 3000, B rows reduced from 12000 to about 3000
Return-operator approximation OK: method=rff, features=512, exact G avoided for estimated N=12000, m=800, L=100
Fixed benchmark config rows=4 (benchmark.num_points=10; additional points are support-safe target-policy draws if needed)
Fixed benchmark point 0: s_star=[0.6, -0.8, 0.7, -0.5, 0.9], a_star=[0.5]
Fixed benchmark behavior-support interval for configured rows: min_lower=-0.12, max_upper=1.11
Fixed benchmark target-policy location range: [-0.02, 0.14]
Full benchmark support check OK: 10 points, min_lower=-2.177, max_upper=2.05
observed behavior actions: mean=0.3997, sd=0.6784, q0/q10/q50/q90/q100=[-2.0785410404205322, -0.4195254236459732, 0.3436209261417389, 1.3129077434539798, 2.9156062602996826]
target-policy sampled actions: mean=-0.01868, sd=0.6725, q0/q10/q50/q90/q100=[-2.759382921551303, -0.8763420751802754, -0.015621231088084149, 0.839070708735855, 2.5472985335430574]
behavior uniform lower: mean=-0.1196, sd=0.6655, q0/q10/q50/q90/q100=[-2.8341753482818604, -0.9700395375490188, -0.1176592566072941, 0.7274138609319926, 2.6064280569553375]
behavior uniform upper: mean=0.9234, sd=0.6514, q0/q10/q50/q90/q100=[-0.983052134513855, 0.0688287627696991, 0.9325523447245359, 1.7647373566031457, 3.6064280569553375]
target location inside behavior uniform support: 0.966
RUN: /sw/user/python/miniforge3-pytorch-24.11.3/bin/python3 main_est.py
# ================================================================ #
#   Global KE-DRL estimation for one offline replicate              #
# ================================================================ #
Slurm Job ID: 2359340
Slurm Array ID: 24 -- used as the offline-replicate id
Offline data id: 24
ke_drl import source: /work/nvme/bfez/mehrdad3/DistRL/simulation_3/runs/sim3_global_2358722_5/.kedrl_site_524/ke_drl/__init__.py
Estimator device: cuda (NVIDIA GH200 120GB, capability 9.0); torch CUDA=13.0
Random seed: 20460536
Number of offline replicates: 100
[transition reduction] enabled: original rows=12000, target basis=3000, method=kmeans, device=cuda
[transition reduction] kmeans iter 1/20, mean center shift=2.7626e-01
[transition reduction] kmeans iter 5/20, mean center shift=5.1455e-03
[transition reduction] selected 3081 rows from 12000 transitions (ratio 0.2567); indices saved to data/reduced_transition_indices_24.pt
Data and parameters loaded.
offline path: data/offline_data_24.pt
benchmark true-Z path: data/Z_true.pt
offline shapes after reduction: s0=(3081, 5), a0=(3081, 1), r0=(3081, 3)
transition reduction: {'enabled': True, 'method': 'kmeans', 'original_rows': 12000, 'reduced_rows': 3081, 'selected_indices_path': 'data/reduced_transition_indices_24.pt', 'target_basis': 3000, 'compression_ratio': 0.25675}
fixed benchmark point source: fixed_config_plus_support_safe_target_policy_draws
benchmark row excluded from this offline data: None
global loss target set shape: s_star=(100, 5), a_star=(100, 1)
benchmark true-Z count=10, shape each=(50000, 3)
target policy: logistic
behavior policy: uniform
lambda_Gamma=0.005, lambda_B=0.02, d_r_method=song
dtype=torch.float32, operator_method=rff, operator_num_features=512
ridge_mode=rkhs, diagnostic_interval=50
mass_anchor_lambda=1.0, target_mass=1.0
uLSIF basis: source=numerator, n_basis=512, lambda_reg=0.005
optimizer stabilizers: lambda_neg=0.0, max_B_norm=None, eta_clip_min=0.0, eta_clip_max=5.0, normalize_eta=True
========================================
Estimating the global KE-DRL mean embedding
torch device=cuda, dtype=torch.float32
Data dims: N=3081, L=100, Ds=5, Da=1, Dr=3
lambda_Gamma=0.005, lambda_B=0.02
return-operator construction: method=rff, rff_features=512
[uLSIF] basis=512/3081 (numerator); eta_hat min=2.271e-02 max=4.357e+00 neg%=0.00
ESS for eta_plus: 2467.5 / 3081
eta_plus diagnostics: raw_mean=0.994, raw_min=0.0227, raw_max=4.36; used_mean=1, used_min=0.0228, used_max=4.38
[timing] Z-grid: 0.03s
[timing] K_X: 0.00s
[timing] K_plus: 0.00s
[timing] k_star: 0.00s
[timing] Gamma_stack: 0.01s
[timing] Phi_stack: 0.00s
[timing] RFF feature sample: 0.00s
[timing] K_Z RFF: 0.00s
[timing] G_stack RFF: 0.01s
[timing] H_stack RFF: 0.01s
findfont: Font family 'Nimbus Roman' not found.
findfont: Font family 'Nimbus Roman' not found.
findfont: Font family 'Nimbus Roman' not found.
findfont: Font family 'Nimbus Roman' not found.
findfont: Font family 'Nimbus Roman' not found.
findfont: Font family 'Nimbus Roman' not found.
findfont: Font family 'Nimbus Roman' not found.
findfont: Font family 'Nimbus Roman' not found.
findfont: Font family 'Nimbus Roman' not found.
findfont: Font family 'Nimbus Roman' not found.
findfont: Font family 'Nimbus Roman' not found.
findfont: Font family 'Nimbus Roman' not found.
findfont: Font family 'Nimbus Roman' not found.
findfont: Font family 'Nimbus Roman' not found.
findfont: Font family 'Nimbus Roman' not found.
findfont: Font family 'Nimbus Roman' not found.
findfont: Font family 'Nimbus Roman' not found.
findfont: Font family 'Nimbus Roman' not found.
findfont: Font family 'Nimbus Roman' not found.
findfont: Font family 'Nimbus Roman' not found.
findfont: Font family 'Nimbus Roman' not found.
findfont: Font family 'Nimbus Roman' not found.
findfont: Font family 'Nimbus Roman' not found.
findfont: Font family 'Nimbus Roman' not found.
findfont: Font family 'Nimbus Roman' not found.
findfont: Font family 'Nimbus Roman' not found.
findfont: Font family 'Nimbus Roman' not found.
findfont: Font family 'Nimbus Roman' not found.
findfont: Font family 'Nimbus Roman' not found.
findfont: Font family 'Nimbus Roman' not found.
findfont: Font family 'Nimbus Roman' not found.
findfont: Font family 'Nimbus Roman' not found.
findfont: Font family 'Nimbus Roman' not found.
findfont: Font family 'Nimbus Roman' not found.
findfont: Font family 'Nimbus Roman' not found.
findfont: Font family 'Nimbus Roman' not found.
findfont: Font family 'Nimbus Roman' not found.
findfont: Font family 'Nimbus Roman' not found.
findfont: Font family 'Nimbus Roman' not found.
findfont: Font family 'Nimbus Roman' not found.
findfont: Font family 'Nimbus Roman' not found.
findfont: Font family 'Nimbus Roman' not found.
findfont: Font family 'Nimbus Roman' not found.
findfont: Font family 'Nimbus Roman' not found.
findfont: Font family 'Nimbus Roman' not found.
findfont: Font family 'Nimbus Roman' not found.
findfont: Font family ['Nimbus Roman'] not found. Falling back to DejaVu Sans.
findfont: Font family 'Nimbus Roman' not found.
findfont: Font family ['Nimbus Roman'] not found. Falling back to DejaVu Sans.
findfont: Font family 'Nimbus Roman' not found.
findfont: Font family 'Nimbus Roman' not found.
findfont: Font family 'Nimbus Roman' not found.
findfont: Font family 'Nimbus Roman' not found.
findfont: Font family 'Nimbus Roman' not found.
findfont: Font family 'Nimbus Roman' not found.
findfont: Font family 'Nimbus Roman' not found.
findfont: Font family 'Nimbus Roman' not found.
findfont: Font family 'Nimbus Roman' not found.
findfont: Font family 'Nimbus Roman' not found.
findfont: Font family 'Nimbus Roman' not found.
findfont: Font family ['Nimbus Roman'] not found. Falling back to DejaVu Sans.
findfont: Font family 'Nimbus Roman' not found.
findfont: Font family 'Nimbus Roman' not found.
findfont: Font family 'Nimbus Roman' not found.
findfont: Font family 'Nimbus Roman' not found.
findfont: Font family 'Nimbus Roman' not found.
findfont: Font family 'Nimbus Roman' not found.
findfont: Font family 'Nimbus Roman' not found.
findfont: Font family 'Nimbus Roman' not found.
findfont: Font family 'Nimbus Roman' not found.
findfont: Font family 'Nimbus Roman' not found.
findfont: Font family 'Nimbus Roman' not found.
findfont: Font family 'Nimbus Roman' not found.
findfont: Font family 'Nimbus Roman' not found.
findfont: Font family 'Nimbus Roman' not found.
findfont: Font family 'Nimbus Roman' not found.
findfont: Font family 'Nimbus Roman' not found.
findfont: Font family 'Nimbus Roman' not found.
findfont: Font family 'Nimbus Roman' not found.
findfont: Font family 'Nimbus Roman' not found.
findfont: Font family 'Nimbus Roman' not found.
findfont: Font family 'Nimbus Roman' not found.
findfont: Font family 'Nimbus Roman' not found.
findfont: Font family 'Nimbus Roman' not found.
findfont: Font family 'Nimbus Roman' not found.
findfont: Font family 'Nimbus Roman' not found.
findfont: Font family 'Nimbus Roman' not found.
findfont: Font family 'Nimbus Roman' not found.
findfont: Font family 'Nimbus Roman' not found.
findfont: Font family 'Nimbus Roman' not found.
findfont: Font family 'Nimbus Roman' not found.
findfont: Font family 'Nimbus Roman' not found.
findfont: Font family 'Nimbus Roman' not found.
findfont: Font family 'Nimbus Roman' not found.
findfont: Font family 'Nimbus Roman' not found.
findfont: Font family 'Nimbus Roman' not found.
findfont: Font family 'Nimbus Roman' not found.
findfont: Font family 'Nimbus Roman' not found.
findfont: Font family 'Nimbus Roman' not found.
findfont: Font family 'Nimbus Roman' not found.
findfont: Font family 'Nimbus Roman' not found.
findfont: Font family 'Nimbus Roman' not found.
findfont: Font family 'Nimbus Roman' not found.
findfont: Font family 'Nimbus Roman' not found.
findfont: Font family 'Nimbus Roman' not found.
findfont: Font family 'Nimbus Roman' not found.
findfont: Font family 'Nimbus Roman' not found.
findfont: Font family 'Nimbus Roman' not found.
findfont: Font family 'Nimbus Roman' not found.
findfont: Font family 'Nimbus Roman' not found.
findfont: Font family 'Nimbus Roman' not found.
findfont: Font family 'Nimbus Roman' not found.
findfont: Font family 'Nimbus Roman' not found.
findfont: Font family 'Nimbus Roman' not found.
findfont: Font family 'Nimbus Roman' not found.
findfont: Font family 'Nimbus Roman' not found.
findfont: Font family 'Nimbus Roman' not found.
findfont: Font family 'Nimbus Roman' not found.
findfont: Font family 'Nimbus Roman' not found.
findfont: Font family 'Nimbus Roman' not found.
findfont: Font family 'Nimbus Roman' not found.
findfont: Font family 'Nimbus Roman' not found.
findfont: Font family 'Nimbus Roman' not found.
findfont: Font family 'Nimbus Roman' not found.
findfont: Font family 'Nimbus Roman' not found.
findfont: Font family 'Nimbus Roman' not found.
findfont: Font family 'Nimbus Roman' not found.
findfont: Font family 'Nimbus Roman' not found.
findfont: Font family 'Nimbus Roman' not found.
findfont: Font family 'Nimbus Roman' not found.
findfont: Font family 'Nimbus Roman' not found.
findfont: Font family 'Nimbus Roman' not found.
findfont: Font family 'Nimbus Roman' not found.
findfont: Font family 'Nimbus Roman' not found.
findfont: Font family 'Nimbus Roman' not found.
findfont: Font family 'Nimbus Roman' not found.
findfont: Font family 'Nimbus Roman' not found.
findfont: Font family 'Nimbus Roman' not found.
findfont: Font family 'Nimbus Roman' not found.
findfont: Font family 'Nimbus Roman' not found.
findfont: Font family 'Nimbus Roman' not found.
findfont: Font family 'Nimbus Roman' not found.
findfont: Font family 'Nimbus Roman' not found.
Ridge mode: rkhs; diagnostic interval: 50
Iter 1/4000 | log_obj=8.400e+00 | log_Bellman_root=2.378e+00 | mass=4.33e+03 | neg=0.00e+00 | grad=3.41e+02
Iter 400/4000 | log_obj=4.318e+00 | log_Bellman_root=3.058e-01 | mass=7.31e+01 | neg=0.00e+00 | grad=1.88e+03
Iter 800/4000 | log_obj=3.092e+00 | log_Bellman_root=-2.561e-01 | mass=2.14e+01 | neg=0.00e+00 | grad=2.85e+03
Iter 1200/4000 | log_obj=3.644e+00 | log_Bellman_root=9.562e-03 | mass=3.72e+01 | neg=0.00e+00 | grad=1.41e+03
Iter 1600/4000 | log_obj=3.728e+00 | log_Bellman_root=1.041e-02 | mass=4.05e+01 | neg=0.00e+00 | grad=2.29e+03
Iter 2000/4000 | log_obj=3.726e+00 | log_Bellman_root=9.363e-03 | mass=4.05e+01 | neg=0.00e+00 | grad=2.28e+03
Iter 2400/4000 | log_obj=-4.308e-01 | log_Bellman_root=-1.936e+00 | mass=6.19e-01 | neg=0.00e+00 | grad=4.41e+01
Iter 2800/4000 | log_obj=1.617e+00 | log_Bellman_root=-9.471e-01 | mass=4.87e+00 | neg=0.00e+00 | grad=4.90e+02
Iter 3200/4000 | log_obj=2.515e-01 | log_Bellman_root=-1.679e+00 | mass=1.24e+00 | neg=0.00e+00 | grad=6.98e+02
Iter 3600/4000 | log_obj=-3.906e+00 | log_Bellman_root=-2.331e+00 | mass=1.42e-03 | neg=0.00e+00 | grad=8.50e-01
Iter 4000/4000 | log_obj=-3.950e+00 | log_Bellman_root=-2.339e+00 | mass=1.27e-03 | neg=0.00e+00 | grad=4.19e-02
Done in 11.66s.
KE-DRL global estimation is done.
B_hat shape: (3081, 800)
B_hat rank diagnostics: {'B_num_rows': 3081, 'B_num_cols': 800, 'B_min_dim': 800, 'B_numerical_rank': 800, 'B_rank_fraction': 1.0, 'B_rank_tolerance': 6.00568852462402e-05, 'B_stable_rank': 89.81053161621094, 'B_effective_rank': 770.1045899057231, 'B_entropy_rank': 6.646526336669922, 'B_spectral_norm': 0.16351628303527832, 'B_frobenius_norm': 1.549617886543274, 'B_nuclear_norm': 42.232078552246094, 'B_condition_number': 6.077183650257366, 'B_condition_number_tol': 6.077183650257366, 'B_smallest_singular_value': 0.026906589046120644, 'B_rank_rel_1em2': 800, 'B_rank_rel_1em3': 800, 'B_rank_rel_1em4': 800}
Global-loss target mass diagnostics: {'target_mass_mean': 0.9857887029647827, 'target_mass_min': 0.9034329652786255, 'target_mass_max': 1.0457580089569092, 'target_mass_sd': 0.032847482711076736, 'target_mass_rmse_to_target': 0.035638850182294846, 'target_beta_min': -0.0037340556737035513, 'target_beta_max': 0.02227962389588356, 'target_neg_frac_mean': 0.1901875}
Return dictionary Z_grid shape: (800, 3)
Replicate 24 risk metrics: {'risk_n_steps_recorded': 81.0, 'risk_n_diagnostics_recorded': 81.0, 'risk_log_obj_initial': 8.399650043976562, 'risk_log_obj_final': -3.9499534030321515, 'risk_log_obj_min': -3.9499534030321515, 'risk_obj_initial': 4445.5107421875, 'risk_obj_final': 0.01925559900701046, 'risk_obj_min': 0.01925559900701046, 'risk_log_obj_drop': 12.349603447008715, 'risk_log_bellman_root_initial': 2.3778890066328846, 'risk_log_bellman_root_final': -2.3387021023466374, 'risk_log_bellman_root_min': -2.3387021023466374, 'risk_bellman_root_initial': 10.782117843627931, 'risk_bellman_root_final': 0.09645274281501771, 'risk_bellman_root_min': 0.09645274281501771, 'risk_bellman_initial': 116.25406519387984, 'risk_bellman_final': 0.009303131596539952, 'risk_bellman_min': 0.009303131596539952, 'risk_log_bellman_root_drop': 4.716591108979522, 'risk_bellman_returned': 0.009303131140768528, 'risk_obj_returned': 0.01925559900701046, 'risk_returned_step': 4000.0, 'offline_data_id': 24, 'benchmark_point_source': 'fixed_config_plus_support_safe_target_policy_draws', 'target_set_size': 100, 'lambda_reg': 0.005, 'lambda_B': 0.02, 'num_steps': 4000, 'transition_reduction_enabled': 1, 'transition_reduction_method': 'kmeans', 'transition_original_rows': 12000, 'transition_reduced_rows': 3081, 'transition_compression_ratio': 0.25675, 'target_mass_mean': 0.9857887029647827, 'target_mass_min': 0.9034329652786255, 'target_mass_max': 1.0457580089569092, 'target_mass_sd': 0.032847482711076736, 'target_mass_rmse_to_target': 0.035638850182294846, 'target_beta_min': -0.0037340556737035513, 'target_beta_max': 0.02227962389588356, 'target_neg_frac_mean': 0.1901875, 'B_num_rows': 3081, 'B_num_cols': 800, 'B_min_dim': 800, 'B_numerical_rank': 800, 'B_rank_fraction': 1.0, 'B_rank_tolerance': 6.00568852462402e-05, 'B_stable_rank': 89.81053161621094, 'B_effective_rank': 770.1045899057231, 'B_entropy_rank': 6.646526336669922, 'B_spectral_norm': 0.16351628303527832, 'B_frobenius_norm': 1.549617886543274, 'B_nuclear_norm': 42.232078552246094, 'B_condition_number': 6.077183650257366, 'B_condition_number_tol': 6.077183650257366, 'B_smallest_singular_value': 0.026906589046120644, 'B_rank_rel_1em2': 800, 'B_rank_rel_1em3': 800, 'B_rank_rel_1em4': 800, 'risk_objective_final_raw': 0.01925559900701046, 'risk_objective_min_raw': 0.01925559900701046, 'risk_objective_max_raw': 4445.5107421875, 'risk_bellman_final_raw': 0.009303131140768528, 'risk_bellman_min_raw': 0.009303131140768528, 'risk_bellman_max_raw': 116.25406646728516, 'risk_rkhs_ridge_final_raw': 0.008682341314852238, 'risk_rkhs_ridge_min_raw': 0.008682341314852238, 'risk_rkhs_ridge_max_raw': 1.1247931718826294, 'risk_mass_final_raw': 0.001270127366296947, 'risk_mass_min_raw': 0.001270127366296947, 'risk_mass_max_raw': 4328.1318359375, 'risk_negativity_final_raw': 0.0, 'risk_negativity_min_raw': 0.0, 'risk_negativity_max_raw': 0.0, 'risk_B_norm_final_raw': 1.5494508743286133, 'risk_B_norm_min_raw': 1.5494508743286133, 'risk_B_norm_max_raw': 1.6391953229904175, 'risk_diagnostic_step_final_raw': 4000.0, 'risk_diagnostic_step_min_raw': 1.0, 'risk_diagnostic_step_max_raw': 4000.0, 'risk_best_step_final_raw': 4000.0, 'risk_best_step_min_raw': 4000.0, 'risk_best_step_max_raw': 4000.0, 'risk_best_objective_final_raw': 0.01925559900701046, 'risk_best_objective_min_raw': 0.01925559900701046, 'risk_best_objective_max_raw': 0.01925559900701046, 'risk_best_bellman_final_raw': 0.009303131140768528, 'risk_best_bellman_min_raw': 0.009303131140768528, 'risk_best_bellman_max_raw': 0.009303131140768528, 'risk_returned_step_final_raw': 4000.0, 'risk_returned_step_min_raw': 4000.0, 'risk_returned_step_max_raw': 4000.0, 'risk_returned_objective_final_raw': 0.01925559900701046, 'risk_returned_objective_min_raw': 0.01925559900701046, 'risk_returned_objective_max_raw': 0.01925559900701046, 'risk_returned_bellman_final_raw': 0.009303131140768528, 'risk_returned_bellman_min_raw': 0.009303131140768528, 'risk_returned_bellman_max_raw': 0.009303131140768528, 'risk_returned_best_checkpoint_final_raw': 1.0, 'risk_returned_best_checkpoint_min_raw': 1.0, 'risk_returned_best_checkpoint_max_raw': 1.0}
Benchmark 0 evaluation grid shape: (800, 3)
Replicate 24, benchmark 0 metrics: {'run_id': '24_b0', 'RMSE': 0.04531480646952379, 'MAE': 0.03836658501051716, 'SupNorm': 0.09053543210029602, 'Bias': -0.027388451674341924, 'Corr': 0.6993838085569518, 'deming_slope': 0.993489761749624, 'deming_intercept': -0.02655196776279914, 'beta_sum': 0.9121710062026978, 'beta_l1': 1.05159592628479, 'beta_l2': 0.05261467769742012, 'beta_min': -0.0018126941286027431, 'beta_max': 0.007628454361110926, 'beta_neg_frac': 0.1825, 'offline_data_id': 24, 'benchmark_id': 0, 'benchmark_point_source': 'fixed_config', 'target_set_size': 100, 'benchmark_z_path': 'data/Z_true.pt', 'projected_bellman_test_risk': 0.006662838160991669, 'oracle_embedding_risk': 0.3939058780670166, 'benchmark_embedding_risk': 0.3939058780670166, 'risk_bellman_final': 0.009303131596539952, 'risk_obj_final': 0.01925559900701046, 'B_num_rows': 3081, 'B_num_cols': 800, 'B_min_dim': 800, 'B_numerical_rank': 800, 'B_rank_fraction': 1.0, 'B_rank_tolerance': 6.00568852462402e-05, 'B_stable_rank': 89.81053161621094, 'B_effective_rank': 770.1045899057231, 'B_entropy_rank': 6.646526336669922, 'B_spectral_norm': 0.16351628303527832, 'B_frobenius_norm': 1.549617886543274, 'B_nuclear_norm': 42.232078552246094, 'B_condition_number': 6.077183650257366, 'B_condition_number_tol': 6.077183650257366, 'B_smallest_singular_value': 0.026906589046120644, 'B_rank_rel_1em2': 800, 'B_rank_rel_1em3': 800, 'B_rank_rel_1em4': 800}
Saved ./mu/mu_hat.csv shape=(800,)
Saved ./mu/mu2D_hat_dims01.csv shape=(120, 120)
Saved ./mu/mu2D_hat_dims01.csv shape=(120, 120)
Saved plots/replicate_24/mu_3D.png
Benchmark 1 evaluation grid shape: (800, 3)
Replicate 24, benchmark 1 metrics: {'run_id': '24_b1', 'RMSE': 0.02435148236109827, 'MAE': 0.01954624898658949, 'SupNorm': 0.053864091634750366, 'Bias': 0.014896468397491845, 'Corr': 0.9678305556275077, 'deming_slope': 1.3030069171183316, 'deming_intercept': -0.023785937033558857, 'beta_sum': 0.9814597964286804, 'beta_l1': 1.0419285297393799, 'beta_l2': 0.04602044075727463, 'beta_min': -0.001965527655556798, 'beta_max': 0.007691102102398872, 'beta_neg_frac': 0.07125, 'offline_data_id': 24, 'benchmark_id': 1, 'benchmark_point_source': 'fixed_config', 'target_set_size': 100, 'benchmark_z_path': 'data/Z_true.pt', 'projected_bellman_test_risk': 0.005582219921052456, 'oracle_embedding_risk': 0.3708420991897583, 'benchmark_embedding_risk': 0.3708420991897583, 'risk_bellman_final': 0.009303131596539952, 'risk_obj_final': 0.01925559900701046, 'B_num_rows': 3081, 'B_num_cols': 800, 'B_min_dim': 800, 'B_numerical_rank': 800, 'B_rank_fraction': 1.0, 'B_rank_tolerance': 6.00568852462402e-05, 'B_stable_rank': 89.81053161621094, 'B_effective_rank': 770.1045899057231, 'B_entropy_rank': 6.646526336669922, 'B_spectral_norm': 0.16351628303527832, 'B_frobenius_norm': 1.549617886543274, 'B_nuclear_norm': 42.232078552246094, 'B_condition_number': 6.077183650257366, 'B_condition_number_tol': 6.077183650257366, 'B_smallest_singular_value': 0.026906589046120644, 'B_rank_rel_1em2': 800, 'B_rank_rel_1em3': 800, 'B_rank_rel_1em4': 800}
Benchmark 2 evaluation grid shape: (800, 3)
Replicate 24, benchmark 2 metrics: {'run_id': '24_b2', 'RMSE': 0.029441205119945694, 'MAE': 0.023744717795780163, 'SupNorm': 0.06451593339443207, 'Bias': 0.018608451600739498, 'Corr': 0.9491984808062635, 'deming_slope': 1.3604327103671214, 'deming_intercept': -0.028729501205383395, 'beta_sum': 1.0308430194854736, 'beta_l1': 1.0568690299987793, 'beta_l2': 0.046103689819574356, 'beta_min': -0.0018217186443507671, 'beta_max': 0.007101000286638737, 'beta_neg_frac': 0.05125, 'offline_data_id': 24, 'benchmark_id': 2, 'benchmark_point_source': 'fixed_config', 'target_set_size': 100, 'benchmark_z_path': 'data/Z_true.pt', 'projected_bellman_test_risk': 0.005116231739521027, 'oracle_embedding_risk': 0.372488796710968, 'benchmark_embedding_risk': 0.372488796710968, 'risk_bellman_final': 0.009303131596539952, 'risk_obj_final': 0.01925559900701046, 'B_num_rows': 3081, 'B_num_cols': 800, 'B_min_dim': 800, 'B_numerical_rank': 800, 'B_rank_fraction': 1.0, 'B_rank_tolerance': 6.00568852462402e-05, 'B_stable_rank': 89.81053161621094, 'B_effective_rank': 770.1045899057231, 'B_entropy_rank': 6.646526336669922, 'B_spectral_norm': 0.16351628303527832, 'B_frobenius_norm': 1.549617886543274, 'B_nuclear_norm': 42.232078552246094, 'B_condition_number': 6.077183650257366, 'B_condition_number_tol': 6.077183650257366, 'B_smallest_singular_value': 0.026906589046120644, 'B_rank_rel_1em2': 800, 'B_rank_rel_1em3': 800, 'B_rank_rel_1em4': 800}
Benchmark 3 evaluation grid shape: (800, 3)
Replicate 24, benchmark 3 metrics: {'run_id': '24_b3', 'RMSE': 0.02631432295411257, 'MAE': 0.021028935357171576, 'SupNorm': 0.05952386558055878, 'Bias': 0.015434663048654328, 'Corr': 0.9522043724962282, 'deming_slope': 1.3079252597198954, 'deming_intercept': -0.023681857201059225, 'beta_sum': 1.0253338813781738, 'beta_l1': 1.0549750328063965, 'beta_l2': 0.04611348360776901, 'beta_min': -0.0016976275946944952, 'beta_max': 0.006533999927341938, 'beta_neg_frac': 0.05125, 'offline_data_id': 24, 'benchmark_id': 3, 'benchmark_point_source': 'fixed_config', 'target_set_size': 100, 'benchmark_z_path': 'data/Z_true.pt', 'projected_bellman_test_risk': 0.006936831399798393, 'oracle_embedding_risk': 0.37223732471466064, 'benchmark_embedding_risk': 0.37223732471466064, 'risk_bellman_final': 0.009303131596539952, 'risk_obj_final': 0.01925559900701046, 'B_num_rows': 3081, 'B_num_cols': 800, 'B_min_dim': 800, 'B_numerical_rank': 800, 'B_rank_fraction': 1.0, 'B_rank_tolerance': 6.00568852462402e-05, 'B_stable_rank': 89.81053161621094, 'B_effective_rank': 770.1045899057231, 'B_entropy_rank': 6.646526336669922, 'B_spectral_norm': 0.16351628303527832, 'B_frobenius_norm': 1.549617886543274, 'B_nuclear_norm': 42.232078552246094, 'B_condition_number': 6.077183650257366, 'B_condition_number_tol': 6.077183650257366, 'B_smallest_singular_value': 0.026906589046120644, 'B_rank_rel_1em2': 800, 'B_rank_rel_1em3': 800, 'B_rank_rel_1em4': 800}
Benchmark 4 evaluation grid shape: (800, 3)
Replicate 24, benchmark 4 metrics: {'run_id': '24_b4', 'RMSE': 0.05740970360851303, 'MAE': 0.049647447841689424, 'SupNorm': 0.10819125175476074, 'Bias': -0.04093614642040848, 'Corr': 0.5933163989680473, 'deming_slope': 0.8734079625255226, 'deming_intercept': -0.024398632411569712, 'beta_sum': 1.007338047027588, 'beta_l1': 1.1758791208267212, 'beta_l2': 0.08118593692779541, 'beta_min': -0.0016444845823571086, 'beta_max': 0.019466973841190338, 'beta_neg_frac': 0.26375, 'offline_data_id': 24, 'benchmark_id': 4, 'benchmark_point_source': 'support_safe_target_policy_draw', 'target_set_size': 100, 'benchmark_z_path': 'data/Z_true.pt', 'projected_bellman_test_risk': 0.008665939792990685, 'oracle_embedding_risk': 0.41054242849349976, 'benchmark_embedding_risk': 0.41054242849349976, 'risk_bellman_final': 0.009303131596539952, 'risk_obj_final': 0.01925559900701046, 'B_num_rows': 3081, 'B_num_cols': 800, 'B_min_dim': 800, 'B_numerical_rank': 800, 'B_rank_fraction': 1.0, 'B_rank_tolerance': 6.00568852462402e-05, 'B_stable_rank': 89.81053161621094, 'B_effective_rank': 770.1045899057231, 'B_entropy_rank': 6.646526336669922, 'B_spectral_norm': 0.16351628303527832, 'B_frobenius_norm': 1.549617886543274, 'B_nuclear_norm': 42.232078552246094, 'B_condition_number': 6.077183650257366, 'B_condition_number_tol': 6.077183650257366, 'B_smallest_singular_value': 0.026906589046120644, 'B_rank_rel_1em2': 800, 'B_rank_rel_1em3': 800, 'B_rank_rel_1em4': 800}
Benchmark 5 evaluation grid shape: (800, 3)
Replicate 24, benchmark 5 metrics: {'run_id': '24_b5', 'RMSE': 0.12460362527705943, 'MAE': 0.11639418375887545, 'SupNorm': 0.19850269053131342, 'Bias': -0.1163827059299183, 'Corr': 0.2429902557899547, 'deming_slope': 0.03696986158629712, 'deming_intercept': 0.004884408010132677, 'beta_sum': 0.16776101291179657, 'beta_l1': 0.2155992090702057, 'beta_l2': 0.010561773553490639, 'beta_min': -0.00045495436643250287, 'beta_max': 0.0014403612585738301, 'beta_neg_frac': 0.255, 'offline_data_id': 24, 'benchmark_id': 5, 'benchmark_point_source': 'support_safe_target_policy_draw', 'target_set_size': 100, 'benchmark_z_path': 'data/Z_true.pt', 'projected_bellman_test_risk': 0.0007951455190777779, 'oracle_embedding_risk': 0.4735645055770874, 'benchmark_embedding_risk': 0.4735645055770874, 'risk_bellman_final': 0.009303131596539952, 'risk_obj_final': 0.01925559900701046, 'B_num_rows': 3081, 'B_num_cols': 800, 'B_min_dim': 800, 'B_numerical_rank': 800, 'B_rank_fraction': 1.0, 'B_rank_tolerance': 6.00568852462402e-05, 'B_stable_rank': 89.81053161621094, 'B_effective_rank': 770.1045899057231, 'B_entropy_rank': 6.646526336669922, 'B_spectral_norm': 0.16351628303527832, 'B_frobenius_norm': 1.549617886543274, 'B_nuclear_norm': 42.232078552246094, 'B_condition_number': 6.077183650257366, 'B_condition_number_tol': 6.077183650257366, 'B_smallest_singular_value': 0.026906589046120644, 'B_rank_rel_1em2': 800, 'B_rank_rel_1em3': 800, 'B_rank_rel_1em4': 800}
Benchmark 6 evaluation grid shape: (800, 3)
Replicate 24, benchmark 6 metrics: {'run_id': '24_b6', 'RMSE': 0.030919581527031545, 'MAE': 0.026510671116702723, 'SupNorm': 0.06276869773864746, 'Bias': -0.008650158173695672, 'Corr': 0.817628227682384, 'deming_slope': 1.1051845456630018, 'deming_intercept': -0.022256376116759236, 'beta_sum': 0.9980116486549377, 'beta_l1': 1.0810494422912598, 'beta_l2': 0.05252663791179657, 'beta_min': -0.0017189225181937218, 'beta_max': 0.007731616497039795, 'beta_neg_frac': 0.13875, 'offline_data_id': 24, 'benchmark_id': 6, 'benchmark_point_source': 'support_safe_target_policy_draw', 'target_set_size': 100, 'benchmark_z_path': 'data/Z_true.pt', 'projected_bellman_test_risk': 0.006218234077095985, 'oracle_embedding_risk': 0.38086363673210144, 'benchmark_embedding_risk': 0.38086363673210144, 'risk_bellman_final': 0.009303131596539952, 'risk_obj_final': 0.01925559900701046, 'B_num_rows': 3081, 'B_num_cols': 800, 'B_min_dim': 800, 'B_numerical_rank': 800, 'B_rank_fraction': 1.0, 'B_rank_tolerance': 6.00568852462402e-05, 'B_stable_rank': 89.81053161621094, 'B_effective_rank': 770.1045899057231, 'B_entropy_rank': 6.646526336669922, 'B_spectral_norm': 0.16351628303527832, 'B_frobenius_norm': 1.549617886543274, 'B_nuclear_norm': 42.232078552246094, 'B_condition_number': 6.077183650257366, 'B_condition_number_tol': 6.077183650257366, 'B_smallest_singular_value': 0.026906589046120644, 'B_rank_rel_1em2': 800, 'B_rank_rel_1em3': 800, 'B_rank_rel_1em4': 800}
Benchmark 7 evaluation grid shape: (800, 3)
Replicate 24, benchmark 7 metrics: {'run_id': '24_b7', 'RMSE': 0.02562743681579341, 'MAE': 0.021732993186160458, 'SupNorm': 0.05099828541278839, 'Bias': -0.006436511608480942, 'Corr': 0.8644059575320168, 'deming_slope': 1.082113850664405, 'deming_intercept': -0.016957573463121003, 'beta_sum': 1.0057311058044434, 'beta_l1': 1.1580474376678467, 'beta_l2': 0.06862773001194, 'beta_min': -0.00230536051094532, 'beta_max': 0.01477559469640255, 'beta_neg_frac': 0.2175, 'offline_data_id': 24, 'benchmark_id': 7, 'benchmark_point_source': 'support_safe_target_policy_draw', 'target_set_size': 100, 'benchmark_z_path': 'data/Z_true.pt', 'projected_bellman_test_risk': 0.005909388419240713, 'oracle_embedding_risk': 0.3767598569393158, 'benchmark_embedding_risk': 0.3767598569393158, 'risk_bellman_final': 0.009303131596539952, 'risk_obj_final': 0.01925559900701046, 'B_num_rows': 3081, 'B_num_cols': 800, 'B_min_dim': 800, 'B_numerical_rank': 800, 'B_rank_fraction': 1.0, 'B_rank_tolerance': 6.00568852462402e-05, 'B_stable_rank': 89.81053161621094, 'B_effective_rank': 770.1045899057231, 'B_entropy_rank': 6.646526336669922, 'B_spectral_norm': 0.16351628303527832, 'B_frobenius_norm': 1.549617886543274, 'B_nuclear_norm': 42.232078552246094, 'B_condition_number': 6.077183650257366, 'B_condition_number_tol': 6.077183650257366, 'B_smallest_singular_value': 0.026906589046120644, 'B_rank_rel_1em2': 800, 'B_rank_rel_1em3': 800, 'B_rank_rel_1em4': 800}
Benchmark 8 evaluation grid shape: (800, 3)
Replicate 24, benchmark 8 metrics: {'run_id': '24_b8', 'RMSE': 0.04973715097994175, 'MAE': 0.04322275656784768, 'SupNorm': 0.08952565491199493, 'Bias': -0.04130005050028558, 'Corr': 0.8201139288327668, 'deming_slope': 0.6724431162164826, 'deming_intercept': 0.0005100120907033379, 'beta_sum': 0.837816596031189, 'beta_l1': 0.9917368292808533, 'beta_l2': 0.05306648835539818, 'beta_min': -0.0017043075058609247, 'beta_max': 0.009936477988958359, 'beta_neg_frac': 0.22125, 'offline_data_id': 24, 'benchmark_id': 8, 'benchmark_point_source': 'support_safe_target_policy_draw', 'target_set_size': 100, 'benchmark_z_path': 'data/Z_true.pt', 'projected_bellman_test_risk': 0.012353593483567238, 'oracle_embedding_risk': 0.3891283869743347, 'benchmark_embedding_risk': 0.3891283869743347, 'risk_bellman_final': 0.009303131596539952, 'risk_obj_final': 0.01925559900701046, 'B_num_rows': 3081, 'B_num_cols': 800, 'B_min_dim': 800, 'B_numerical_rank': 800, 'B_rank_fraction': 1.0, 'B_rank_tolerance': 6.00568852462402e-05, 'B_stable_rank': 89.81053161621094, 'B_effective_rank': 770.1045899057231, 'B_entropy_rank': 6.646526336669922, 'B_spectral_norm': 0.16351628303527832, 'B_frobenius_norm': 1.549617886543274, 'B_nuclear_norm': 42.232078552246094, 'B_condition_number': 6.077183650257366, 'B_condition_number_tol': 6.077183650257366, 'B_smallest_singular_value': 0.026906589046120644, 'B_rank_rel_1em2': 800, 'B_rank_rel_1em3': 800, 'B_rank_rel_1em4': 800}
Benchmark 9 evaluation grid shape: (800, 3)
Replicate 24, benchmark 9 metrics: {'run_id': '24_b9', 'RMSE': 0.02098579576607069, 'MAE': 0.017829062272212468, 'SupNorm': 0.04031538963317871, 'Bias': -0.016480391231016255, 'Corr': 0.9646100118182207, 'deming_slope': 0.8729259665732596, 'deming_intercept': 6.78170063049266e-05, 'beta_sum': 0.9646062850952148, 'beta_l1': 1.1625357866287231, 'beta_l2': 0.07194700837135315, 'beta_min': -0.0018848860636353493, 'beta_max': 0.01366238109767437, 'beta_neg_frac': 0.28125, 'offline_data_id': 24, 'benchmark_id': 9, 'benchmark_point_source': 'support_safe_target_policy_draw', 'target_set_size': 100, 'benchmark_z_path': 'data/Z_true.pt', 'projected_bellman_test_risk': 0.0063723111525177956, 'oracle_embedding_risk': 0.3672901391983032, 'benchmark_embedding_risk': 0.3672901391983032, 'risk_bellman_final': 0.009303131596539952, 'risk_obj_final': 0.01925559900701046, 'B_num_rows': 3081, 'B_num_cols': 800, 'B_min_dim': 800, 'B_numerical_rank': 800, 'B_rank_fraction': 1.0, 'B_rank_tolerance': 6.00568852462402e-05, 'B_stable_rank': 89.81053161621094, 'B_effective_rank': 770.1045899057231, 'B_entropy_rank': 6.646526336669922, 'B_spectral_norm': 0.16351628303527832, 'B_frobenius_norm': 1.549617886543274, 'B_nuclear_norm': 42.232078552246094, 'B_condition_number': 6.077183650257366, 'B_condition_number_tol': 6.077183650257366, 'B_smallest_singular_value': 0.026906589046120644, 'B_rank_rel_1em2': 800, 'B_rank_rel_1em3': 800, 'B_rank_rel_1em4': 800}
Replicate 24 finished in 21.0s
Finished combo 5, offline replicate 24.
