Job ID:    2359510
Array idx: 689
CPUs/node: 64
Mem/node:  131072
Using CC = cc 
Using CXX = CC 
Using FC = ftn 
Using F77 = ftn 
Using F90 = ftn 
cuda/12.6.1 is deprecated; loading cudatoolkit/25.5_12.9 instead.
Using CC = /opt/nvidia/hpc_sdk/Linux_aarch64/25.5/compilers/bin/nvc 
Using CXX = /opt/nvidia/hpc_sdk/Linux_aarch64/25.5/compilers/bin/nvc++ 
Using FC = /opt/nvidia/hpc_sdk/Linux_aarch64/25.5/compilers/bin/nvfortran 
Using F77 = /opt/nvidia/hpc_sdk/Linux_aarch64/25.5/compilers/bin/nvfortran 
Using F90 = /opt/nvidia/hpc_sdk/Linux_aarch64/25.5/compilers/bin/nvfortran 
Using CC = /opt/nvidia/hpc_sdk/Linux_aarch64/25.5/compilers/bin/nvc 
Using CXX = /opt/nvidia/hpc_sdk/Linux_aarch64/25.5/compilers/bin/nvc++ 
Using FC = /opt/nvidia/hpc_sdk/Linux_aarch64/25.5/compilers/bin/nvfortran 
Using F77 = /opt/nvidia/hpc_sdk/Linux_aarch64/25.5/compilers/bin/nvfortran 
Using F90 = /opt/nvidia/hpc_sdk/Linux_aarch64/25.5/compilers/bin/nvfortran 

Lmod is automatically replacing "gcc-native/14" with "gcc/14.2.0".

ghx4
0
Tuning combo id: 6 / 6
Offline replicate id: 89 / 99
Installing ke_drl from git: https://github.com/mehrdadmhmdi/ke-drl.git@main
Collecting git+https://github.com/mehrdadmhmdi/ke-drl.git@main
  Cloning https://github.com/mehrdadmhmdi/ke-drl.git (to revision main) to /tmp/pip-req-build-wrly772q
  Running command git clone --filter=blob:none --quiet https://github.com/mehrdadmhmdi/ke-drl.git /tmp/pip-req-build-wrly772q
  Resolved https://github.com/mehrdadmhmdi/ke-drl.git to commit 3c5d570e40ea15b1fbe4817b5f43b64c7b333e82
  Installing build dependencies: started
  Installing build dependencies: finished with status 'done'
  Getting requirements to build wheel: started
  Getting requirements to build wheel: finished with status 'done'
  Preparing metadata (pyproject.toml): started
  Preparing metadata (pyproject.toml): finished with status 'done'
Building wheels for collected packages: ke_drl
  Building wheel for ke_drl (pyproject.toml): started
  Building wheel for ke_drl (pyproject.toml): finished with status 'done'
  Created wheel for ke_drl: filename=ke_drl-0.1.0-py3-none-any.whl size=47219 sha256=6fa0ebe580894277b7ebff4c0214fc1a4c53f374ef957ea88978e182a61e09b8
  Stored in directory: /tmp/pip-ephem-wheel-cache-1a08mu51/wheels/24/47/ad/9a4ffd3b05d3e90e35ffc6e7324b735b8bfcf5f51aaf29a333
Successfully built ke_drl
Installing collected packages: ke_drl
Successfully installed ke_drl-0.1.0
Installed ke_drl source: /work/nvme/bfez/mehrdad3/DistRL/simulation_3/runs/sim3_global_2358722_6/.kedrl_site_689/ke_drl/__init__.py
Tuning combo 6: lambda_B_0.2
Overrides: {'lambda_B': 0.2}
RUN: /sw/user/python/miniforge3-pytorch-24.11.3/bin/python3 validate_sim_config.py --params params.yaml
ke_drl import source: /work/nvme/bfez/mehrdad3/DistRL/simulation_3/runs/sim3_global_2358722_6/.kedrl_site_689/ke_drl/__init__.py
ke_drl package API OK: prediction weights, RFF operators, rank diagnostics, and best-checkpoint optimizer available
Policy config OK: behavior=uniform, target=logistic, state_dim=5, action_dim=1
Note: policy.logistic.theta_scale/theta_std are log-scale coefficients in Probability_Densities.
Behavior-policy linearized state-process diagnostic: spectral_radius=0.653, offline_burn_in=50
Replicate config OK: num_replicates=100, benchmark points=10 independent of D_i, loss target points=100
Transition reduction OK: method=kmeans, raw rows N(T-1)=12000, target rows about 3000, B rows reduced from 12000 to about 3000
Return-operator approximation OK: method=rff, features=512, exact G avoided for estimated N=12000, m=800, L=100
Fixed benchmark config rows=4 (benchmark.num_points=10; additional points are support-safe target-policy draws if needed)
Fixed benchmark point 0: s_star=[0.6, -0.8, 0.7, -0.5, 0.9], a_star=[0.5]
Fixed benchmark behavior-support interval for configured rows: min_lower=-0.12, max_upper=1.11
Fixed benchmark target-policy location range: [-0.02, 0.14]
Reusing shared data from /work/nvme/bfez/mehrdad3/DistRL/simulation_3/runs/sim3_shared_data/data for offline replicate 89.
RUN: /sw/user/python/miniforge3-pytorch-24.11.3/bin/python3 validate_sim_config.py --params params.yaml --data data/offline_data_89.pt
ke_drl import source: /work/nvme/bfez/mehrdad3/DistRL/simulation_3/runs/sim3_global_2358722_6/.kedrl_site_689/ke_drl/__init__.py
ke_drl package API OK: prediction weights, RFF operators, rank diagnostics, and best-checkpoint optimizer available
Policy config OK: behavior=uniform, target=logistic, state_dim=5, action_dim=1
Note: policy.logistic.theta_scale/theta_std are log-scale coefficients in Probability_Densities.
Behavior-policy linearized state-process diagnostic: spectral_radius=0.653, offline_burn_in=50
Replicate config OK: num_replicates=100, benchmark points=10 independent of D_i, loss target points=100
Transition reduction OK: method=kmeans, raw rows N(T-1)=12000, target rows about 3000, B rows reduced from 12000 to about 3000
Return-operator approximation OK: method=rff, features=512, exact G avoided for estimated N=12000, m=800, L=100
Fixed benchmark config rows=4 (benchmark.num_points=10; additional points are support-safe target-policy draws if needed)
Fixed benchmark point 0: s_star=[0.6, -0.8, 0.7, -0.5, 0.9], a_star=[0.5]
Fixed benchmark behavior-support interval for configured rows: min_lower=-0.12, max_upper=1.11
Fixed benchmark target-policy location range: [-0.02, 0.14]
Full benchmark support check OK: 10 points, min_lower=-2.177, max_upper=2.05
observed behavior actions: mean=0.406, sd=0.6787, q0/q10/q50/q90/q100=[-2.7382681369781494, -0.41809817850589753, 0.3560308814048767, 1.3149385333061219, 3.0529165267944336]
target-policy sampled actions: mean=-0.01946, sd=0.6704, q0/q10/q50/q90/q100=[-3.1331780345117513, -0.8823666298505837, -0.012981272658608017, 0.8330896683611859, 2.503787529157377]
behavior uniform lower: mean=-0.1206, sd=0.6655, q0/q10/q50/q90/q100=[-3.078992223739624, -0.9747464960813522, -0.11145252175629139, 0.7246862578392033, 2.4494883537292482]
behavior uniform upper: mean=0.9343, sd=0.6454, q0/q10/q50/q90/q100=[-0.90351023375988, 0.07157318353652961, 0.9427864581346512, 1.766949343085289, 3.4494883537292482]
target location inside behavior uniform support: 0.968
RUN: /sw/user/python/miniforge3-pytorch-24.11.3/bin/python3 main_est.py
# ================================================================ #
#   Global KE-DRL estimation for one offline replicate              #
# ================================================================ #
Slurm Job ID: 2359510
Slurm Array ID: 89 -- used as the offline-replicate id
Offline data id: 89
ke_drl import source: /work/nvme/bfez/mehrdad3/DistRL/simulation_3/runs/sim3_global_2358722_6/.kedrl_site_689/ke_drl/__init__.py
Estimator device: cuda (NVIDIA GH200 120GB, capability 9.0); torch CUDA=13.0
Random seed: 20460601
Number of offline replicates: 100
[transition reduction] enabled: original rows=12000, target basis=3000, method=kmeans, device=cuda
[transition reduction] kmeans iter 1/20, mean center shift=2.6949e-01
[transition reduction] kmeans iter 5/20, mean center shift=2.9721e-03
[transition reduction] kmeans iter 10/20, mean center shift=2.9663e-05
[transition reduction] selected 3086 rows from 12000 transitions (ratio 0.2572); indices saved to data/reduced_transition_indices_89.pt
Data and parameters loaded.
offline path: data/offline_data_89.pt
benchmark true-Z path: data/Z_true.pt
offline shapes after reduction: s0=(3086, 5), a0=(3086, 1), r0=(3086, 3)
transition reduction: {'enabled': True, 'method': 'kmeans', 'original_rows': 12000, 'reduced_rows': 3086, 'selected_indices_path': 'data/reduced_transition_indices_89.pt', 'target_basis': 3000, 'compression_ratio': 0.25716666666666665}
fixed benchmark point source: fixed_config_plus_support_safe_target_policy_draws
benchmark row excluded from this offline data: None
global loss target set shape: s_star=(100, 5), a_star=(100, 1)
benchmark true-Z count=10, shape each=(50000, 3)
target policy: logistic
behavior policy: uniform
lambda_Gamma=0.005, lambda_B=0.2, d_r_method=song
dtype=torch.float32, operator_method=rff, operator_num_features=512
ridge_mode=rkhs, diagnostic_interval=50
mass_anchor_lambda=1.0, target_mass=1.0
uLSIF basis: source=numerator, n_basis=512, lambda_reg=0.005
optimizer stabilizers: lambda_neg=0.0, max_B_norm=None, eta_clip_min=0.0, eta_clip_max=5.0, normalize_eta=True
========================================
Estimating the global KE-DRL mean embedding
torch device=cuda, dtype=torch.float32
Data dims: N=3086, L=100, Ds=5, Da=1, Dr=3
lambda_Gamma=0.005, lambda_B=0.2
return-operator construction: method=rff, rff_features=512
[uLSIF] basis=512/3086 (numerator); eta_hat min=-5.663e-01 max=4.852e+00 neg%=3.66
ESS for eta_plus: 2202.2 / 3086
eta_plus diagnostics: raw_mean=1, raw_min=-0.566, raw_max=4.85; used_mean=1, used_min=0, used_max=4.82
[timing] Z-grid: 0.03s
[timing] K_X: 0.00s
[timing] K_plus: 0.00s
[timing] k_star: 0.00s
[timing] Gamma_stack: 0.01s
[timing] Phi_stack: 0.00s
[timing] RFF feature sample: 0.00s
[timing] K_Z RFF: 0.00s
[timing] G_stack RFF: 0.01s
[timing] H_stack RFF: 0.01s
findfont: Font family 'Nimbus Roman' not found.
findfont: Font family 'Nimbus Roman' not found.
findfont: Font family 'Nimbus Roman' not found.
findfont: Font family 'Nimbus Roman' not found.
findfont: Font family 'Nimbus Roman' not found.
findfont: Font family 'Nimbus Roman' not found.
findfont: Font family 'Nimbus Roman' not found.
findfont: Font family 'Nimbus Roman' not found.
findfont: Font family 'Nimbus Roman' not found.
findfont: Font family 'Nimbus Roman' not found.
findfont: Font family 'Nimbus Roman' not found.
findfont: Font family 'Nimbus Roman' not found.
findfont: Font family 'Nimbus Roman' not found.
findfont: Font family 'Nimbus Roman' not found.
findfont: Font family 'Nimbus Roman' not found.
findfont: Font family 'Nimbus Roman' not found.
findfont: Font family 'Nimbus Roman' not found.
findfont: Font family 'Nimbus Roman' not found.
findfont: Font family 'Nimbus Roman' not found.
findfont: Font family 'Nimbus Roman' not found.
findfont: Font family 'Nimbus Roman' not found.
findfont: Font family 'Nimbus Roman' not found.
findfont: Font family 'Nimbus Roman' not found.
findfont: Font family 'Nimbus Roman' not found.
findfont: Font family 'Nimbus Roman' not found.
findfont: Font family 'Nimbus Roman' not found.
findfont: Font family 'Nimbus Roman' not found.
findfont: Font family 'Nimbus Roman' not found.
findfont: Font family 'Nimbus Roman' not found.
findfont: Font family 'Nimbus Roman' not found.
findfont: Font family 'Nimbus Roman' not found.
findfont: Font family 'Nimbus Roman' not found.
findfont: Font family 'Nimbus Roman' not found.
findfont: Font family 'Nimbus Roman' not found.
findfont: Font family 'Nimbus Roman' not found.
findfont: Font family 'Nimbus Roman' not found.
findfont: Font family 'Nimbus Roman' not found.
findfont: Font family 'Nimbus Roman' not found.
findfont: Font family 'Nimbus Roman' not found.
findfont: Font family 'Nimbus Roman' not found.
findfont: Font family 'Nimbus Roman' not found.
findfont: Font family 'Nimbus Roman' not found.
findfont: Font family 'Nimbus Roman' not found.
findfont: Font family 'Nimbus Roman' not found.
findfont: Font family 'Nimbus Roman' not found.
findfont: Font family 'Nimbus Roman' not found.
findfont: Font family ['Nimbus Roman'] not found. Falling back to DejaVu Sans.
findfont: Font family 'Nimbus Roman' not found.
findfont: Font family ['Nimbus Roman'] not found. Falling back to DejaVu Sans.
findfont: Font family 'Nimbus Roman' not found.
findfont: Font family 'Nimbus Roman' not found.
findfont: Font family 'Nimbus Roman' not found.
findfont: Font family 'Nimbus Roman' not found.
findfont: Font family 'Nimbus Roman' not found.
findfont: Font family 'Nimbus Roman' not found.
findfont: Font family 'Nimbus Roman' not found.
findfont: Font family 'Nimbus Roman' not found.
findfont: Font family 'Nimbus Roman' not found.
findfont: Font family 'Nimbus Roman' not found.
findfont: Font family ['Nimbus Roman'] not found. Falling back to DejaVu Sans.
findfont: Font family 'Nimbus Roman' not found.
findfont: Font family 'Nimbus Roman' not found.
findfont: Font family 'Nimbus Roman' not found.
findfont: Font family 'Nimbus Roman' not found.
findfont: Font family 'Nimbus Roman' not found.
findfont: Font family 'Nimbus Roman' not found.
findfont: Font family 'Nimbus Roman' not found.
findfont: Font family 'Nimbus Roman' not found.
findfont: Font family 'Nimbus Roman' not found.
findfont: Font family 'Nimbus Roman' not found.
findfont: Font family 'Nimbus Roman' not found.
findfont: Font family 'Nimbus Roman' not found.
findfont: Font family 'Nimbus Roman' not found.
findfont: Font family 'Nimbus Roman' not found.
findfont: Font family 'Nimbus Roman' not found.
findfont: Font family 'Nimbus Roman' not found.
findfont: Font family 'Nimbus Roman' not found.
findfont: Font family 'Nimbus Roman' not found.
findfont: Font family 'Nimbus Roman' not found.
findfont: Font family 'Nimbus Roman' not found.
findfont: Font family 'Nimbus Roman' not found.
findfont: Font family 'Nimbus Roman' not found.
findfont: Font family 'Nimbus Roman' not found.
findfont: Font family 'Nimbus Roman' not found.
findfont: Font family 'Nimbus Roman' not found.
findfont: Font family 'Nimbus Roman' not found.
findfont: Font family 'Nimbus Roman' not found.
findfont: Font family 'Nimbus Roman' not found.
findfont: Font family 'Nimbus Roman' not found.
findfont: Font family 'Nimbus Roman' not found.
findfont: Font family 'Nimbus Roman' not found.
findfont: Font family 'Nimbus Roman' not found.
findfont: Font family 'Nimbus Roman' not found.
findfont: Font family 'Nimbus Roman' not found.
findfont: Font family 'Nimbus Roman' not found.
findfont: Font family 'Nimbus Roman' not found.
findfont: Font family 'Nimbus Roman' not found.
findfont: Font family 'Nimbus Roman' not found.
findfont: Font family 'Nimbus Roman' not found.
findfont: Font family 'Nimbus Roman' not found.
findfont: Font family 'Nimbus Roman' not found.
findfont: Font family 'Nimbus Roman' not found.
findfont: Font family 'Nimbus Roman' not found.
findfont: Font family 'Nimbus Roman' not found.
findfont: Font family 'Nimbus Roman' not found.
findfont: Font family 'Nimbus Roman' not found.
findfont: Font family 'Nimbus Roman' not found.
findfont: Font family 'Nimbus Roman' not found.
findfont: Font family 'Nimbus Roman' not found.
findfont: Font family 'Nimbus Roman' not found.
findfont: Font family 'Nimbus Roman' not found.
findfont: Font family 'Nimbus Roman' not found.
findfont: Font family 'Nimbus Roman' not found.
findfont: Font family 'Nimbus Roman' not found.
findfont: Font family 'Nimbus Roman' not found.
findfont: Font family 'Nimbus Roman' not found.
findfont: Font family 'Nimbus Roman' not found.
findfont: Font family 'Nimbus Roman' not found.
findfont: Font family 'Nimbus Roman' not found.
findfont: Font family 'Nimbus Roman' not found.
findfont: Font family 'Nimbus Roman' not found.
findfont: Font family 'Nimbus Roman' not found.
findfont: Font family 'Nimbus Roman' not found.
findfont: Font family 'Nimbus Roman' not found.
findfont: Font family 'Nimbus Roman' not found.
findfont: Font family 'Nimbus Roman' not found.
findfont: Font family 'Nimbus Roman' not found.
findfont: Font family 'Nimbus Roman' not found.
findfont: Font family 'Nimbus Roman' not found.
findfont: Font family 'Nimbus Roman' not found.
findfont: Font family 'Nimbus Roman' not found.
findfont: Font family 'Nimbus Roman' not found.
findfont: Font family 'Nimbus Roman' not found.
findfont: Font family 'Nimbus Roman' not found.
findfont: Font family 'Nimbus Roman' not found.
findfont: Font family 'Nimbus Roman' not found.
findfont: Font family 'Nimbus Roman' not found.
findfont: Font family 'Nimbus Roman' not found.
findfont: Font family 'Nimbus Roman' not found.
findfont: Font family 'Nimbus Roman' not found.
findfont: Font family 'Nimbus Roman' not found.
Ridge mode: rkhs; diagnostic interval: 50
Iter 1/4000 | log_obj=9.824e+00 | log_Bellman_root=3.516e+00 | mass=1.73e+04 | neg=0.00e+00 | grad=7.65e+02
Iter 400/4000 | log_obj=4.326e+00 | log_Bellman_root=7.742e-01 | mass=7.06e+01 | neg=0.00e+00 | grad=1.60e+04
Iter 800/4000 | log_obj=4.333e+00 | log_Bellman_root=7.771e-01 | mass=7.12e+01 | neg=0.00e+00 | grad=1.61e+04
Iter 1200/4000 | log_obj=4.336e+00 | log_Bellman_root=7.782e-01 | mass=7.14e+01 | neg=0.00e+00 | grad=1.61e+04
Iter 1600/4000 | log_obj=2.693e+00 | log_Bellman_root=-2.482e-02 | mass=1.37e+01 | neg=0.00e+00 | grad=2.69e+03
Iter 2000/4000 | log_obj=2.694e+00 | log_Bellman_root=-2.442e-02 | mass=1.37e+01 | neg=0.00e+00 | grad=2.70e+03
Iter 2400/4000 | log_obj=2.695e+00 | log_Bellman_root=-2.416e-02 | mass=1.37e+01 | neg=0.00e+00 | grad=2.70e+03
Iter 2800/4000 | log_obj=3.394e+00 | log_Bellman_root=3.021e-01 | mass=2.79e+01 | neg=0.00e+00 | grad=3.92e+03
Iter 3200/4000 | log_obj=3.803e+00 | log_Bellman_root=4.811e-01 | mass=4.21e+01 | neg=0.00e+00 | grad=4.76e+03
Iter 3600/4000 | log_obj=3.803e+00 | log_Bellman_root=4.811e-01 | mass=4.21e+01 | neg=0.00e+00 | grad=4.76e+03
Iter 4000/4000 | log_obj=2.821e+00 | log_Bellman_root=3.634e-02 | mass=1.56e+01 | neg=0.00e+00 | grad=1.90e+03
Returning best diagnostic checkpoint from step 3850 (objective=8.284e-02, Bellman=9.482e-03).
Done in 13.45s.
KE-DRL global estimation is done.
B_hat shape: (3086, 800)
B_hat rank diagnostics: {'B_num_rows': 3086, 'B_num_cols': 800, 'B_min_dim': 800, 'B_numerical_rank': 800, 'B_rank_fraction': 1.0, 'B_rank_tolerance': 2.983469068595923e-05, 'B_stable_rank': 345.8725891113281, 'B_effective_rank': 770.4682180670509, 'B_entropy_rank': 6.646998405456543, 'B_spectral_norm': 0.0810990035533905, 'B_frobenius_norm': 1.5082509517669678, 'B_nuclear_norm': 41.158843994140625, 'B_condition_number': 3.1197699064062494, 'B_condition_number_tol': 3.1197699064062494, 'B_smallest_singular_value': 0.02599518746137619, 'B_rank_rel_1em2': 800, 'B_rank_rel_1em3': 800, 'B_rank_rel_1em4': 800}
Global-loss target mass diagnostics: {'target_mass_mean': 0.9036064743995667, 'target_mass_min': 0.844452977180481, 'target_mass_max': 0.9909465909004211, 'target_mass_sd': 0.029841942712664604, 'target_mass_rmse_to_target': 0.1008630245923996, 'target_beta_min': -0.002670126501470804, 'target_beta_max': 0.014274455606937408, 'target_neg_frac_mean': 0.16310000000000002}
Return dictionary Z_grid shape: (800, 3)
Replicate 89 risk metrics: {'risk_n_steps_recorded': 81.0, 'risk_n_diagnostics_recorded': 81.0, 'risk_log_obj_initial': 9.824347846864265, 'risk_log_obj_final': 2.8211005337180257, 'risk_log_obj_min': -2.4908862079408367, 'risk_obj_initial': 18478.216796874993, 'risk_obj_final': 16.79532432556152, 'risk_obj_min': 0.08283652365207671, 'risk_log_obj_drop': 7.00324731314624, 'risk_log_bellman_root_initial': 3.515854152539416, 'risk_log_bellman_root_final': 0.03633693027725021, 'risk_log_bellman_root_min': -2.329199950238178, 'risk_bellman_root_initial': 33.64465332031249, 'risk_bellman_root_final': 1.0370051860809326, 'risk_bellman_root_min': 0.0973736196756363, 'risk_bellman_initial': 1131.9626970440145, 'risk_bellman_final': 1.0753797559587497, 'risk_bellman_min': 0.009481621808735467, 'risk_log_bellman_root_drop': 3.4795172222621655, 'risk_bellman_returned': 0.009481621906161308, 'risk_obj_returned': 0.08283652365207672, 'risk_returned_step': 3850.0, 'offline_data_id': 89, 'benchmark_point_source': 'fixed_config_plus_support_safe_target_policy_draws', 'target_set_size': 100, 'lambda_reg': 0.005, 'lambda_B': 0.2, 'num_steps': 4000, 'transition_reduction_enabled': 1, 'transition_reduction_method': 'kmeans', 'transition_original_rows': 12000, 'transition_reduced_rows': 3086, 'transition_compression_ratio': 0.25716666666666665, 'target_mass_mean': 0.9036064743995667, 'target_mass_min': 0.844452977180481, 'target_mass_max': 0.9909465909004211, 'target_mass_sd': 0.029841942712664604, 'target_mass_rmse_to_target': 0.1008630245923996, 'target_beta_min': -0.002670126501470804, 'target_beta_max': 0.014274455606937408, 'target_neg_frac_mean': 0.16310000000000002, 'B_num_rows': 3086, 'B_num_cols': 800, 'B_min_dim': 800, 'B_numerical_rank': 800, 'B_rank_fraction': 1.0, 'B_rank_tolerance': 2.983469068595923e-05, 'B_stable_rank': 345.8725891113281, 'B_effective_rank': 770.4682180670509, 'B_entropy_rank': 6.646998405456543, 'B_spectral_norm': 0.0810990035533905, 'B_frobenius_norm': 1.5082509517669678, 'B_nuclear_norm': 41.158843994140625, 'B_condition_number': 3.1197699064062494, 'B_condition_number_tol': 3.1197699064062494, 'B_smallest_singular_value': 0.02599518746137619, 'B_rank_rel_1em2': 800, 'B_rank_rel_1em3': 800, 'B_rank_rel_1em4': 800, 'risk_objective_final_raw': 16.795324325561523, 'risk_objective_min_raw': 0.08283652365207672, 'risk_objective_max_raw': 18478.216796875, 'risk_bellman_final_raw': 1.0753798484802246, 'risk_bellman_min_raw': 0.009481621906161308, 'risk_bellman_max_raw': 1131.962646484375, 'risk_rkhs_ridge_final_raw': 0.09138117730617523, 'risk_rkhs_ridge_min_raw': 0.06136452034115791, 'risk_rkhs_ridge_max_raw': 22.647302627563477, 'risk_mass_final_raw': 15.62856388092041, 'risk_mass_min_raw': 0.01017334870994091, 'risk_mass_max_raw': 17323.607421875, 'risk_negativity_final_raw': 0.0, 'risk_negativity_min_raw': 0.0, 'risk_negativity_max_raw': 0.0, 'risk_B_norm_final_raw': 1.5057694911956787, 'risk_B_norm_min_raw': 1.5057694911956787, 'risk_B_norm_max_raw': 1.6415265798568726, 'risk_diagnostic_step_final_raw': 4000.0, 'risk_diagnostic_step_min_raw': 1.0, 'risk_diagnostic_step_max_raw': 4000.0, 'risk_best_step_final_raw': 3850.0, 'risk_best_step_min_raw': 3850.0, 'risk_best_step_max_raw': 3850.0, 'risk_best_objective_final_raw': 0.08283652365207672, 'risk_best_objective_min_raw': 0.08283652365207672, 'risk_best_objective_max_raw': 0.08283652365207672, 'risk_best_bellman_final_raw': 0.009481621906161308, 'risk_best_bellman_min_raw': 0.009481621906161308, 'risk_best_bellman_max_raw': 0.009481621906161308, 'risk_returned_step_final_raw': 3850.0, 'risk_returned_step_min_raw': 3850.0, 'risk_returned_step_max_raw': 3850.0, 'risk_returned_objective_final_raw': 0.08283652365207672, 'risk_returned_objective_min_raw': 0.08283652365207672, 'risk_returned_objective_max_raw': 0.08283652365207672, 'risk_returned_bellman_final_raw': 0.009481621906161308, 'risk_returned_bellman_min_raw': 0.009481621906161308, 'risk_returned_bellman_max_raw': 0.009481621906161308, 'risk_returned_best_checkpoint_final_raw': 1.0, 'risk_returned_best_checkpoint_min_raw': 1.0, 'risk_returned_best_checkpoint_max_raw': 1.0}
Benchmark 0 evaluation grid shape: (800, 3)
Replicate 89, benchmark 0 metrics: {'run_id': '89_b0', 'RMSE': 0.09287829359977193, 'MAE': 0.07922790070617339, 'SupNorm': 0.1771228313446045, 'Bias': -0.07284474341518944, 'Corr': 0.7963703913126301, 'deming_slope': 0.7717539713123683, 'deming_intercept': -0.01299423029836963, 'beta_sum': 0.853421688079834, 'beta_l1': 0.9835483431816101, 'beta_l2': 0.04997409135103226, 'beta_min': -0.0016150069423019886, 'beta_max': 0.00712487380951643, 'beta_neg_frac': 0.215, 'offline_data_id': 89, 'benchmark_id': 0, 'benchmark_point_source': 'fixed_config', 'target_set_size': 100, 'benchmark_z_path': 'data/Z_true.pt', 'projected_bellman_test_risk': 0.009434675797820091, 'oracle_embedding_risk': 0.7899494171142578, 'benchmark_embedding_risk': 0.7899494171142578, 'risk_bellman_final': 1.0753797559587497, 'risk_obj_final': 16.79532432556152, 'B_num_rows': 3086, 'B_num_cols': 800, 'B_min_dim': 800, 'B_numerical_rank': 800, 'B_rank_fraction': 1.0, 'B_rank_tolerance': 2.983469068595923e-05, 'B_stable_rank': 345.8725891113281, 'B_effective_rank': 770.4682180670509, 'B_entropy_rank': 6.646998405456543, 'B_spectral_norm': 0.0810990035533905, 'B_frobenius_norm': 1.5082509517669678, 'B_nuclear_norm': 41.158843994140625, 'B_condition_number': 3.1197699064062494, 'B_condition_number_tol': 3.1197699064062494, 'B_smallest_singular_value': 0.02599518746137619, 'B_rank_rel_1em2': 800, 'B_rank_rel_1em3': 800, 'B_rank_rel_1em4': 800}
Saved ./mu/mu_hat.csv shape=(800,)
Saved ./mu/mu2D_hat_dims01.csv shape=(120, 120)
Saved ./mu/mu2D_hat_dims01.csv shape=(120, 120)
Saved plots/replicate_89/mu_3D.png
Benchmark 1 evaluation grid shape: (800, 3)
Replicate 89, benchmark 1 metrics: {'run_id': '89_b1', 'RMSE': 0.034534047362965094, 'MAE': 0.0321181887597777, 'SupNorm': 0.053356289863586426, 'Bias': -0.0321181887597777, 'Corr': 0.9951088166848249, 'deming_slope': 0.9063657517993859, 'deming_intercept': -0.007723257285477708, 'beta_sum': 0.8529233336448669, 'beta_l1': 0.8746024370193481, 'beta_l2': 0.040132857859134674, 'beta_min': -0.0006144372746348381, 'beta_max': 0.005716546438634396, 'beta_neg_frac': 0.0675, 'offline_data_id': 89, 'benchmark_id': 1, 'benchmark_point_source': 'fixed_config', 'target_set_size': 100, 'benchmark_z_path': 'data/Z_true.pt', 'projected_bellman_test_risk': 0.003316523041576147, 'oracle_embedding_risk': 0.7433751821517944, 'benchmark_embedding_risk': 0.7433751821517944, 'risk_bellman_final': 1.0753797559587497, 'risk_obj_final': 16.79532432556152, 'B_num_rows': 3086, 'B_num_cols': 800, 'B_min_dim': 800, 'B_numerical_rank': 800, 'B_rank_fraction': 1.0, 'B_rank_tolerance': 2.983469068595923e-05, 'B_stable_rank': 345.8725891113281, 'B_effective_rank': 770.4682180670509, 'B_entropy_rank': 6.646998405456543, 'B_spectral_norm': 0.0810990035533905, 'B_frobenius_norm': 1.5082509517669678, 'B_nuclear_norm': 41.158843994140625, 'B_condition_number': 3.1197699064062494, 'B_condition_number_tol': 3.1197699064062494, 'B_smallest_singular_value': 0.02599518746137619, 'B_rank_rel_1em2': 800, 'B_rank_rel_1em3': 800, 'B_rank_rel_1em4': 800}
Benchmark 2 evaluation grid shape: (800, 3)
Replicate 89, benchmark 2 metrics: {'run_id': '89_b2', 'RMSE': 0.033957180298635835, 'MAE': 0.030868063660745973, 'SupNorm': 0.05777829885482788, 'Bias': -0.03085038773569977, 'Corr': 0.9920633459794194, 'deming_slope': 0.9043675409381982, 'deming_intercept': -0.00521767687303909, 'beta_sum': 0.8692342638969421, 'beta_l1': 0.8910273313522339, 'beta_l2': 0.041936278343200684, 'beta_min': -0.0007027406245470047, 'beta_max': 0.006239008158445358, 'beta_neg_frac': 0.0625, 'offline_data_id': 89, 'benchmark_id': 2, 'benchmark_point_source': 'fixed_config', 'target_set_size': 100, 'benchmark_z_path': 'data/Z_true.pt', 'projected_bellman_test_risk': 0.004335467237979174, 'oracle_embedding_risk': 0.7410847544670105, 'benchmark_embedding_risk': 0.7410847544670105, 'risk_bellman_final': 1.0753797559587497, 'risk_obj_final': 16.79532432556152, 'B_num_rows': 3086, 'B_num_cols': 800, 'B_min_dim': 800, 'B_numerical_rank': 800, 'B_rank_fraction': 1.0, 'B_rank_tolerance': 2.983469068595923e-05, 'B_stable_rank': 345.8725891113281, 'B_effective_rank': 770.4682180670509, 'B_entropy_rank': 6.646998405456543, 'B_spectral_norm': 0.0810990035533905, 'B_frobenius_norm': 1.5082509517669678, 'B_nuclear_norm': 41.158843994140625, 'B_condition_number': 3.1197699064062494, 'B_condition_number_tol': 3.1197699064062494, 'B_smallest_singular_value': 0.02599518746137619, 'B_rank_rel_1em2': 800, 'B_rank_rel_1em3': 800, 'B_rank_rel_1em4': 800}
Benchmark 3 evaluation grid shape: (800, 3)
Replicate 89, benchmark 3 metrics: {'run_id': '89_b3', 'RMSE': 0.0359400942871127, 'MAE': 0.03254951623443048, 'SupNorm': 0.060259997844696045, 'Bias': -0.03243402198131662, 'Corr': 0.9919758405804561, 'deming_slope': 0.8889750431801775, 'deming_intercept': -0.003650796953993063, 'beta_sum': 0.8770383596420288, 'beta_l1': 0.9084881544113159, 'beta_l2': 0.04359787702560425, 'beta_min': -0.0010794783011078835, 'beta_max': 0.006288362666964531, 'beta_neg_frac': 0.08125, 'offline_data_id': 89, 'benchmark_id': 3, 'benchmark_point_source': 'fixed_config', 'target_set_size': 100, 'benchmark_z_path': 'data/Z_true.pt', 'projected_bellman_test_risk': 0.008129283785820007, 'oracle_embedding_risk': 0.7441176176071167, 'benchmark_embedding_risk': 0.7441176176071167, 'risk_bellman_final': 1.0753797559587497, 'risk_obj_final': 16.79532432556152, 'B_num_rows': 3086, 'B_num_cols': 800, 'B_min_dim': 800, 'B_numerical_rank': 800, 'B_rank_fraction': 1.0, 'B_rank_tolerance': 2.983469068595923e-05, 'B_stable_rank': 345.8725891113281, 'B_effective_rank': 770.4682180670509, 'B_entropy_rank': 6.646998405456543, 'B_spectral_norm': 0.0810990035533905, 'B_frobenius_norm': 1.5082509517669678, 'B_nuclear_norm': 41.158843994140625, 'B_condition_number': 3.1197699064062494, 'B_condition_number_tol': 3.1197699064062494, 'B_smallest_singular_value': 0.02599518746137619, 'B_rank_rel_1em2': 800, 'B_rank_rel_1em3': 800, 'B_rank_rel_1em4': 800}
Benchmark 4 evaluation grid shape: (800, 3)
Replicate 89, benchmark 4 metrics: {'run_id': '89_b4', 'RMSE': 0.12644266412276864, 'MAE': 0.10830203201021504, 'SupNorm': 0.239984393119812, 'Bias': -0.09479085747017962, 'Corr': 0.5819769482196432, 'deming_slope': 0.889001415039265, 'deming_intercept': -0.06519811484383042, 'beta_sum': 0.9037264585494995, 'beta_l1': 1.062469720840454, 'beta_l2': 0.0648597925901413, 'beta_min': -0.0012827245518565178, 'beta_max': 0.012295789085328579, 'beta_neg_frac': 0.2825, 'offline_data_id': 89, 'benchmark_id': 4, 'benchmark_point_source': 'support_safe_target_policy_draw', 'target_set_size': 100, 'benchmark_z_path': 'data/Z_true.pt', 'projected_bellman_test_risk': 0.015466192737221718, 'oracle_embedding_risk': 0.8391696810722351, 'benchmark_embedding_risk': 0.8391696810722351, 'risk_bellman_final': 1.0753797559587497, 'risk_obj_final': 16.79532432556152, 'B_num_rows': 3086, 'B_num_cols': 800, 'B_min_dim': 800, 'B_numerical_rank': 800, 'B_rank_fraction': 1.0, 'B_rank_tolerance': 2.983469068595923e-05, 'B_stable_rank': 345.8725891113281, 'B_effective_rank': 770.4682180670509, 'B_entropy_rank': 6.646998405456543, 'B_spectral_norm': 0.0810990035533905, 'B_frobenius_norm': 1.5082509517669678, 'B_nuclear_norm': 41.158843994140625, 'B_condition_number': 3.1197699064062494, 'B_condition_number_tol': 3.1197699064062494, 'B_smallest_singular_value': 0.02599518746137619, 'B_rank_rel_1em2': 800, 'B_rank_rel_1em3': 800, 'B_rank_rel_1em4': 800}
Benchmark 5 evaluation grid shape: (800, 3)
Replicate 89, benchmark 5 metrics: {'run_id': '89_b5', 'RMSE': 0.2451352981940915, 'MAE': 0.2278087156610627, 'SupNorm': 0.3937157168984413, 'Bias': -0.22750815852033612, 'Corr': 0.20428293096003744, 'deming_slope': 0.0498639167424639, 'deming_intercept': 0.016662186977585064, 'beta_sum': 0.2750902473926544, 'beta_l1': 0.3155219554901123, 'beta_l2': 0.014506272971630096, 'beta_min': -0.0005156482802703977, 'beta_max': 0.0017101799603551626, 'beta_neg_frac': 0.16125, 'offline_data_id': 89, 'benchmark_id': 5, 'benchmark_point_source': 'support_safe_target_policy_draw', 'target_set_size': 100, 'benchmark_z_path': 'data/Z_true.pt', 'projected_bellman_test_risk': 0.00806419551372528, 'oracle_embedding_risk': 0.9570705890655518, 'benchmark_embedding_risk': 0.9570705890655518, 'risk_bellman_final': 1.0753797559587497, 'risk_obj_final': 16.79532432556152, 'B_num_rows': 3086, 'B_num_cols': 800, 'B_min_dim': 800, 'B_numerical_rank': 800, 'B_rank_fraction': 1.0, 'B_rank_tolerance': 2.983469068595923e-05, 'B_stable_rank': 345.8725891113281, 'B_effective_rank': 770.4682180670509, 'B_entropy_rank': 6.646998405456543, 'B_spectral_norm': 0.0810990035533905, 'B_frobenius_norm': 1.5082509517669678, 'B_nuclear_norm': 41.158843994140625, 'B_condition_number': 3.1197699064062494, 'B_condition_number_tol': 3.1197699064062494, 'B_smallest_singular_value': 0.02599518746137619, 'B_rank_rel_1em2': 800, 'B_rank_rel_1em3': 800, 'B_rank_rel_1em4': 800}
Benchmark 6 evaluation grid shape: (800, 3)
Replicate 89, benchmark 6 metrics: {'run_id': '89_b6', 'RMSE': 0.06790048963893199, 'MAE': 0.05868373835488455, 'SupNorm': 0.12397274374961853, 'Bias': -0.05712717591115506, 'Corr': 0.9356804366074509, 'deming_slope': 0.7697725365268158, 'deming_intercept': 0.0036508458945841427, 'beta_sum': 0.8720287680625916, 'beta_l1': 1.00925874710083, 'beta_l2': 0.05119228735566139, 'beta_min': -0.0012914775870740414, 'beta_max': 0.008104939013719559, 'beta_neg_frac': 0.1975, 'offline_data_id': 89, 'benchmark_id': 6, 'benchmark_point_source': 'support_safe_target_policy_draw', 'target_set_size': 100, 'benchmark_z_path': 'data/Z_true.pt', 'projected_bellman_test_risk': 0.0076942360028624535, 'oracle_embedding_risk': 0.7620466947555542, 'benchmark_embedding_risk': 0.7620466947555542, 'risk_bellman_final': 1.0753797559587497, 'risk_obj_final': 16.79532432556152, 'B_num_rows': 3086, 'B_num_cols': 800, 'B_min_dim': 800, 'B_numerical_rank': 800, 'B_rank_fraction': 1.0, 'B_rank_tolerance': 2.983469068595923e-05, 'B_stable_rank': 345.8725891113281, 'B_effective_rank': 770.4682180670509, 'B_entropy_rank': 6.646998405456543, 'B_spectral_norm': 0.0810990035533905, 'B_frobenius_norm': 1.5082509517669678, 'B_nuclear_norm': 41.158843994140625, 'B_condition_number': 3.1197699064062494, 'B_condition_number_tol': 3.1197699064062494, 'B_smallest_singular_value': 0.02599518746137619, 'B_rank_rel_1em2': 800, 'B_rank_rel_1em3': 800, 'B_rank_rel_1em4': 800}
Benchmark 7 evaluation grid shape: (800, 3)
Replicate 89, benchmark 7 metrics: {'run_id': '89_b7', 'RMSE': 0.04991620834230606, 'MAE': 0.04047985506360419, 'SupNorm': 0.11384035646915436, 'Bias': -0.026222779360832647, 'Corr': 0.8962366838345155, 'deming_slope': 1.0018879441073234, 'deming_intercept': -0.02671644878740015, 'beta_sum': 0.931092381477356, 'beta_l1': 1.03255033493042, 'beta_l2': 0.05799080803990364, 'beta_min': -0.0017916453070938587, 'beta_max': 0.009714299812912941, 'beta_neg_frac': 0.18375, 'offline_data_id': 89, 'benchmark_id': 7, 'benchmark_point_source': 'support_safe_target_policy_draw', 'target_set_size': 100, 'benchmark_z_path': 'data/Z_true.pt', 'projected_bellman_test_risk': 0.01577344909310341, 'oracle_embedding_risk': 0.7621673345565796, 'benchmark_embedding_risk': 0.7621673345565796, 'risk_bellman_final': 1.0753797559587497, 'risk_obj_final': 16.79532432556152, 'B_num_rows': 3086, 'B_num_cols': 800, 'B_min_dim': 800, 'B_numerical_rank': 800, 'B_rank_fraction': 1.0, 'B_rank_tolerance': 2.983469068595923e-05, 'B_stable_rank': 345.8725891113281, 'B_effective_rank': 770.4682180670509, 'B_entropy_rank': 6.646998405456543, 'B_spectral_norm': 0.0810990035533905, 'B_frobenius_norm': 1.5082509517669678, 'B_nuclear_norm': 41.158843994140625, 'B_condition_number': 3.1197699064062494, 'B_condition_number_tol': 3.1197699064062494, 'B_smallest_singular_value': 0.02599518746137619, 'B_rank_rel_1em2': 800, 'B_rank_rel_1em3': 800, 'B_rank_rel_1em4': 800}
Benchmark 8 evaluation grid shape: (800, 3)
Replicate 89, benchmark 8 metrics: {'run_id': '89_b8', 'RMSE': 0.10545298318884216, 'MAE': 0.09154160691105062, 'SupNorm': 0.19199606776237488, 'Bias': -0.08881002074718708, 'Corr': 0.812481274633785, 'deming_slope': 0.7368491903627953, 'deming_intercept': -0.02026076583375469, 'beta_sum': 0.7015663385391235, 'beta_l1': 0.7884411811828613, 'beta_l2': 0.03808025270700455, 'beta_min': -0.0012763554695993662, 'beta_max': 0.006625126115977764, 'beta_neg_frac': 0.16375, 'offline_data_id': 89, 'benchmark_id': 8, 'benchmark_point_source': 'support_safe_target_policy_draw', 'target_set_size': 100, 'benchmark_z_path': 'data/Z_true.pt', 'projected_bellman_test_risk': 0.02331305667757988, 'oracle_embedding_risk': 0.7927207946777344, 'benchmark_embedding_risk': 0.7927207946777344, 'risk_bellman_final': 1.0753797559587497, 'risk_obj_final': 16.79532432556152, 'B_num_rows': 3086, 'B_num_cols': 800, 'B_min_dim': 800, 'B_numerical_rank': 800, 'B_rank_fraction': 1.0, 'B_rank_tolerance': 2.983469068595923e-05, 'B_stable_rank': 345.8725891113281, 'B_effective_rank': 770.4682180670509, 'B_entropy_rank': 6.646998405456543, 'B_spectral_norm': 0.0810990035533905, 'B_frobenius_norm': 1.5082509517669678, 'B_nuclear_norm': 41.158843994140625, 'B_condition_number': 3.1197699064062494, 'B_condition_number_tol': 3.1197699064062494, 'B_smallest_singular_value': 0.02599518746137619, 'B_rank_rel_1em2': 800, 'B_rank_rel_1em3': 800, 'B_rank_rel_1em4': 800}
Benchmark 9 evaluation grid shape: (800, 3)
Replicate 89, benchmark 9 metrics: {'run_id': '89_b9', 'RMSE': 0.05341642483368227, 'MAE': 0.04829715199128259, 'SupNorm': 0.08934439718723297, 'Bias': -0.04811802387994248, 'Corr': 0.9799172191061627, 'deming_slope': 0.8380470870061172, 'deming_intercept': -0.005076575856188509, 'beta_sum': 0.8599283695220947, 'beta_l1': 1.0299670696258545, 'beta_l2': 0.059761643409729004, 'beta_min': -0.0014059068635106087, 'beta_max': 0.011576587334275246, 'beta_neg_frac': 0.25625, 'offline_data_id': 89, 'benchmark_id': 9, 'benchmark_point_source': 'support_safe_target_policy_draw', 'target_set_size': 100, 'benchmark_z_path': 'data/Z_true.pt', 'projected_bellman_test_risk': 0.01518669631332159, 'oracle_embedding_risk': 0.7515047192573547, 'benchmark_embedding_risk': 0.7515047192573547, 'risk_bellman_final': 1.0753797559587497, 'risk_obj_final': 16.79532432556152, 'B_num_rows': 3086, 'B_num_cols': 800, 'B_min_dim': 800, 'B_numerical_rank': 800, 'B_rank_fraction': 1.0, 'B_rank_tolerance': 2.983469068595923e-05, 'B_stable_rank': 345.8725891113281, 'B_effective_rank': 770.4682180670509, 'B_entropy_rank': 6.646998405456543, 'B_spectral_norm': 0.0810990035533905, 'B_frobenius_norm': 1.5082509517669678, 'B_nuclear_norm': 41.158843994140625, 'B_condition_number': 3.1197699064062494, 'B_condition_number_tol': 3.1197699064062494, 'B_smallest_singular_value': 0.02599518746137619, 'B_rank_rel_1em2': 800, 'B_rank_rel_1em3': 800, 'B_rank_rel_1em4': 800}
Replicate 89 finished in 23.9s
Finished combo 6, offline replicate 89.
