Job ID:    2359000
Array idx: 216
CPUs/node: 64
Mem/node:  131072
Using CC = cc 
Using CXX = CC 
Using FC = ftn 
Using F77 = ftn 
Using F90 = ftn 
cuda/12.6.1 is deprecated; loading cudatoolkit/25.5_12.9 instead.
Using CC = /opt/nvidia/hpc_sdk/Linux_aarch64/25.5/compilers/bin/nvc 
Using CXX = /opt/nvidia/hpc_sdk/Linux_aarch64/25.5/compilers/bin/nvc++ 
Using FC = /opt/nvidia/hpc_sdk/Linux_aarch64/25.5/compilers/bin/nvfortran 
Using F77 = /opt/nvidia/hpc_sdk/Linux_aarch64/25.5/compilers/bin/nvfortran 
Using F90 = /opt/nvidia/hpc_sdk/Linux_aarch64/25.5/compilers/bin/nvfortran 
Using CC = /opt/nvidia/hpc_sdk/Linux_aarch64/25.5/compilers/bin/nvc 
Using CXX = /opt/nvidia/hpc_sdk/Linux_aarch64/25.5/compilers/bin/nvc++ 
Using FC = /opt/nvidia/hpc_sdk/Linux_aarch64/25.5/compilers/bin/nvfortran 
Using F77 = /opt/nvidia/hpc_sdk/Linux_aarch64/25.5/compilers/bin/nvfortran 
Using F90 = /opt/nvidia/hpc_sdk/Linux_aarch64/25.5/compilers/bin/nvfortran 

Lmod is automatically replacing "gcc-native/14" with "gcc/14.2.0".

ghx4
0
Tuning combo id: 2 / 6
Offline replicate id: 16 / 99
Installing ke_drl from git: https://github.com/mehrdadmhmdi/ke-drl.git@main
Collecting git+https://github.com/mehrdadmhmdi/ke-drl.git@main
  Cloning https://github.com/mehrdadmhmdi/ke-drl.git (to revision main) to /tmp/pip-req-build-vfvhme3i
  Running command git clone --filter=blob:none --quiet https://github.com/mehrdadmhmdi/ke-drl.git /tmp/pip-req-build-vfvhme3i
  Resolved https://github.com/mehrdadmhmdi/ke-drl.git to commit 3c5d570e40ea15b1fbe4817b5f43b64c7b333e82
  Installing build dependencies: started
  Installing build dependencies: finished with status 'done'
  Getting requirements to build wheel: started
  Getting requirements to build wheel: finished with status 'done'
  Preparing metadata (pyproject.toml): started
  Preparing metadata (pyproject.toml): finished with status 'done'
Building wheels for collected packages: ke_drl
  Building wheel for ke_drl (pyproject.toml): started
  Building wheel for ke_drl (pyproject.toml): finished with status 'done'
  Created wheel for ke_drl: filename=ke_drl-0.1.0-py3-none-any.whl size=47219 sha256=7bf45bbde55311a98a8e1b9e09452ce467cc97516aeb586ff6397ad452763160
  Stored in directory: /tmp/pip-ephem-wheel-cache-ri7zkwbl/wheels/24/47/ad/9a4ffd3b05d3e90e35ffc6e7324b735b8bfcf5f51aaf29a333
Successfully built ke_drl
Installing collected packages: ke_drl
Successfully installed ke_drl-0.1.0
Installed ke_drl source: /work/nvme/bfez/mehrdad3/DistRL/simulation_3/runs/sim3_global_2358722_2/.kedrl_site_216/ke_drl/__init__.py
Tuning combo 2: lambda_B_0.00002
Overrides: {'lambda_B': 2e-05}
RUN: /sw/user/python/miniforge3-pytorch-24.11.3/bin/python3 validate_sim_config.py --params params.yaml
ke_drl import source: /work/nvme/bfez/mehrdad3/DistRL/simulation_3/runs/sim3_global_2358722_2/.kedrl_site_216/ke_drl/__init__.py
ke_drl package API OK: prediction weights, RFF operators, rank diagnostics, and best-checkpoint optimizer available
Policy config OK: behavior=uniform, target=logistic, state_dim=5, action_dim=1
Note: policy.logistic.theta_scale/theta_std are log-scale coefficients in Probability_Densities.
Behavior-policy linearized state-process diagnostic: spectral_radius=0.653, offline_burn_in=50
Replicate config OK: num_replicates=100, benchmark points=10 independent of D_i, loss target points=100
Transition reduction OK: method=kmeans, raw rows N(T-1)=12000, target rows about 3000, B rows reduced from 12000 to about 3000
Return-operator approximation OK: method=rff, features=512, exact G avoided for estimated N=12000, m=800, L=100
Fixed benchmark config rows=4 (benchmark.num_points=10; additional points are support-safe target-policy draws if needed)
Fixed benchmark point 0: s_star=[0.6, -0.8, 0.7, -0.5, 0.9], a_star=[0.5]
Fixed benchmark behavior-support interval for configured rows: min_lower=-0.12, max_upper=1.11
Fixed benchmark target-policy location range: [-0.02, 0.14]
Reusing shared data from /work/nvme/bfez/mehrdad3/DistRL/simulation_3/runs/sim3_shared_data/data for offline replicate 16.
RUN: /sw/user/python/miniforge3-pytorch-24.11.3/bin/python3 validate_sim_config.py --params params.yaml --data data/offline_data_16.pt
ke_drl import source: /work/nvme/bfez/mehrdad3/DistRL/simulation_3/runs/sim3_global_2358722_2/.kedrl_site_216/ke_drl/__init__.py
ke_drl package API OK: prediction weights, RFF operators, rank diagnostics, and best-checkpoint optimizer available
Policy config OK: behavior=uniform, target=logistic, state_dim=5, action_dim=1
Note: policy.logistic.theta_scale/theta_std are log-scale coefficients in Probability_Densities.
Behavior-policy linearized state-process diagnostic: spectral_radius=0.653, offline_burn_in=50
Replicate config OK: num_replicates=100, benchmark points=10 independent of D_i, loss target points=100
Transition reduction OK: method=kmeans, raw rows N(T-1)=12000, target rows about 3000, B rows reduced from 12000 to about 3000
Return-operator approximation OK: method=rff, features=512, exact G avoided for estimated N=12000, m=800, L=100
Fixed benchmark config rows=4 (benchmark.num_points=10; additional points are support-safe target-policy draws if needed)
Fixed benchmark point 0: s_star=[0.6, -0.8, 0.7, -0.5, 0.9], a_star=[0.5]
Fixed benchmark behavior-support interval for configured rows: min_lower=-0.12, max_upper=1.11
Fixed benchmark target-policy location range: [-0.02, 0.14]
Full benchmark support check OK: 10 points, min_lower=-2.177, max_upper=2.05
observed behavior actions: mean=0.4086, sd=0.6688, q0/q10/q50/q90/q100=[-1.8335762023925781, -0.41186804771423335, 0.3538036048412323, 1.317699146270752, 2.913630485534668]
target-policy sampled actions: mean=-0.01969, sd=0.661, q0/q10/q50/q90/q100=[-2.6288161765881912, -0.8757779306384292, -0.01634877143921039, 0.8317352903850461, 2.389487670738365]
behavior uniform lower: mean=-0.1189, sd=0.6551, q0/q10/q50/q90/q100=[-2.5808852910995483, -0.9678555473685264, -0.11453653573989872, 0.7245985531806948, 2.255778193473816]
behavior uniform upper: mean=0.9224, sd=0.6464, q0/q10/q50/q90/q100=[-0.8890199840068818, 0.06649135559797292, 0.9362714573740959, 1.7555252462625504, 3.255778193473816]
target location inside behavior uniform support: 0.972
RUN: /sw/user/python/miniforge3-pytorch-24.11.3/bin/python3 main_est.py
# ================================================================ #
#   Global KE-DRL estimation for one offline replicate              #
# ================================================================ #
Slurm Job ID: 2359000
Slurm Array ID: 16 -- used as the offline-replicate id
Offline data id: 16
ke_drl import source: /work/nvme/bfez/mehrdad3/DistRL/simulation_3/runs/sim3_global_2358722_2/.kedrl_site_216/ke_drl/__init__.py
Estimator device: cuda (NVIDIA GH200 120GB, capability 9.0); torch CUDA=13.0
Random seed: 20460528
Number of offline replicates: 100
[transition reduction] enabled: original rows=12000, target basis=3000, method=kmeans, device=cuda
[transition reduction] kmeans iter 1/20, mean center shift=2.7814e-01
[transition reduction] kmeans iter 5/20, mean center shift=4.4076e-03
[transition reduction] selected 3088 rows from 12000 transitions (ratio 0.2573); indices saved to data/reduced_transition_indices_16.pt
Data and parameters loaded.
offline path: data/offline_data_16.pt
benchmark true-Z path: data/Z_true.pt
offline shapes after reduction: s0=(3088, 5), a0=(3088, 1), r0=(3088, 3)
transition reduction: {'enabled': True, 'method': 'kmeans', 'original_rows': 12000, 'reduced_rows': 3088, 'selected_indices_path': 'data/reduced_transition_indices_16.pt', 'target_basis': 3000, 'compression_ratio': 0.25733333333333336}
fixed benchmark point source: fixed_config_plus_support_safe_target_policy_draws
benchmark row excluded from this offline data: None
global loss target set shape: s_star=(100, 5), a_star=(100, 1)
benchmark true-Z count=10, shape each=(50000, 3)
target policy: logistic
behavior policy: uniform
lambda_Gamma=0.005, lambda_B=2e-05, d_r_method=song
dtype=torch.float32, operator_method=rff, operator_num_features=512
ridge_mode=rkhs, diagnostic_interval=50
mass_anchor_lambda=1.0, target_mass=1.0
uLSIF basis: source=numerator, n_basis=512, lambda_reg=0.005
optimizer stabilizers: lambda_neg=0.0, max_B_norm=None, eta_clip_min=0.0, eta_clip_max=5.0, normalize_eta=True
========================================
Estimating the global KE-DRL mean embedding
torch device=cuda, dtype=torch.float32
Data dims: N=3088, L=100, Ds=5, Da=1, Dr=3
lambda_Gamma=0.005, lambda_B=2e-05
return-operator construction: method=rff, rff_features=512
[uLSIF] basis=512/3088 (numerator); eta_hat min=-6.073e-01 max=5.121e+00 neg%=3.76
ESS for eta_plus: 2171.2 / 3088
eta_plus diagnostics: raw_mean=0.997, raw_min=-0.607, raw_max=5.12; used_mean=1, used_min=0, used_max=4.98
[timing] Z-grid: 0.03s
[timing] K_X: 0.00s
[timing] K_plus: 0.00s
[timing] k_star: 0.00s
[timing] Gamma_stack: 0.01s
[timing] Phi_stack: 0.00s
[timing] RFF feature sample: 0.00s
[timing] K_Z RFF: 0.00s
[timing] G_stack RFF: 0.01s
[timing] H_stack RFF: 0.01s
findfont: Font family 'Nimbus Roman' not found.
findfont: Font family 'Nimbus Roman' not found.
findfont: Font family 'Nimbus Roman' not found.
findfont: Font family 'Nimbus Roman' not found.
findfont: Font family 'Nimbus Roman' not found.
findfont: Font family 'Nimbus Roman' not found.
findfont: Font family 'Nimbus Roman' not found.
findfont: Font family 'Nimbus Roman' not found.
findfont: Font family 'Nimbus Roman' not found.
findfont: Font family 'Nimbus Roman' not found.
findfont: Font family 'Nimbus Roman' not found.
findfont: Font family 'Nimbus Roman' not found.
findfont: Font family 'Nimbus Roman' not found.
findfont: Font family 'Nimbus Roman' not found.
findfont: Font family 'Nimbus Roman' not found.
findfont: Font family 'Nimbus Roman' not found.
findfont: Font family 'Nimbus Roman' not found.
findfont: Font family 'Nimbus Roman' not found.
findfont: Font family 'Nimbus Roman' not found.
findfont: Font family 'Nimbus Roman' not found.
findfont: Font family 'Nimbus Roman' not found.
findfont: Font family 'Nimbus Roman' not found.
findfont: Font family 'Nimbus Roman' not found.
findfont: Font family 'Nimbus Roman' not found.
findfont: Font family 'Nimbus Roman' not found.
findfont: Font family 'Nimbus Roman' not found.
findfont: Font family 'Nimbus Roman' not found.
findfont: Font family 'Nimbus Roman' not found.
findfont: Font family 'Nimbus Roman' not found.
findfont: Font family 'Nimbus Roman' not found.
findfont: Font family 'Nimbus Roman' not found.
findfont: Font family 'Nimbus Roman' not found.
findfont: Font family 'Nimbus Roman' not found.
findfont: Font family 'Nimbus Roman' not found.
findfont: Font family 'Nimbus Roman' not found.
findfont: Font family 'Nimbus Roman' not found.
findfont: Font family 'Nimbus Roman' not found.
findfont: Font family 'Nimbus Roman' not found.
findfont: Font family 'Nimbus Roman' not found.
findfont: Font family 'Nimbus Roman' not found.
findfont: Font family 'Nimbus Roman' not found.
findfont: Font family ['Nimbus Roman'] not found. Falling back to DejaVu Sans.
findfont: Font family 'Nimbus Roman' not found.
findfont: Font family ['Nimbus Roman'] not found. Falling back to DejaVu Sans.
findfont: Font family 'Nimbus Roman' not found.
findfont: Font family 'Nimbus Roman' not found.
findfont: Font family 'Nimbus Roman' not found.
findfont: Font family 'Nimbus Roman' not found.
findfont: Font family 'Nimbus Roman' not found.
findfont: Font family 'Nimbus Roman' not found.
findfont: Font family 'Nimbus Roman' not found.
findfont: Font family 'Nimbus Roman' not found.
findfont: Font family 'Nimbus Roman' not found.
findfont: Font family ['Nimbus Roman'] not found. Falling back to DejaVu Sans.
findfont: Font family 'Nimbus Roman' not found.
findfont: Font family 'Nimbus Roman' not found.
findfont: Font family 'Nimbus Roman' not found.
findfont: Font family 'Nimbus Roman' not found.
findfont: Font family 'Nimbus Roman' not found.
findfont: Font family 'Nimbus Roman' not found.
findfont: Font family 'Nimbus Roman' not found.
findfont: Font family 'Nimbus Roman' not found.
findfont: Font family 'Nimbus Roman' not found.
findfont: Font family 'Nimbus Roman' not found.
findfont: Font family 'Nimbus Roman' not found.
findfont: Font family 'Nimbus Roman' not found.
findfont: Font family 'Nimbus Roman' not found.
findfont: Font family 'Nimbus Roman' not found.
findfont: Font family 'Nimbus Roman' not found.
findfont: Font family 'Nimbus Roman' not found.
findfont: Font family 'Nimbus Roman' not found.
findfont: Font family 'Nimbus Roman' not found.
findfont: Font family 'Nimbus Roman' not found.
findfont: Font family 'Nimbus Roman' not found.
findfont: Font family 'Nimbus Roman' not found.
findfont: Font family 'Nimbus Roman' not found.
findfont: Font family 'Nimbus Roman' not found.
findfont: Font family 'Nimbus Roman' not found.
findfont: Font family 'Nimbus Roman' not found.
findfont: Font family 'Nimbus Roman' not found.
findfont: Font family 'Nimbus Roman' not found.
findfont: Font family 'Nimbus Roman' not found.
findfont: Font family 'Nimbus Roman' not found.
findfont: Font family 'Nimbus Roman' not found.
findfont: Font family 'Nimbus Roman' not found.
findfont: Font family 'Nimbus Roman' not found.
findfont: Font family 'Nimbus Roman' not found.
findfont: Font family 'Nimbus Roman' not found.
findfont: Font family 'Nimbus Roman' not found.
findfont: Font family 'Nimbus Roman' not found.
findfont: Font family 'Nimbus Roman' not found.
findfont: Font family 'Nimbus Roman' not found.
findfont: Font family 'Nimbus Roman' not found.
findfont: Font family 'Nimbus Roman' not found.
findfont: Font family 'Nimbus Roman' not found.
findfont: Font family 'Nimbus Roman' not found.
findfont: Font family 'Nimbus Roman' not found.
findfont: Font family 'Nimbus Roman' not found.
findfont: Font family 'Nimbus Roman' not found.
findfont: Font family 'Nimbus Roman' not found.
findfont: Font family 'Nimbus Roman' not found.
findfont: Font family 'Nimbus Roman' not found.
findfont: Font family 'Nimbus Roman' not found.
findfont: Font family 'Nimbus Roman' not found.
findfont: Font family 'Nimbus Roman' not found.
findfont: Font family 'Nimbus Roman' not found.
findfont: Font family 'Nimbus Roman' not found.
findfont: Font family 'Nimbus Roman' not found.
findfont: Font family 'Nimbus Roman' not found.
findfont: Font family 'Nimbus Roman' not found.
findfont: Font family 'Nimbus Roman' not found.
findfont: Font family 'Nimbus Roman' not found.
findfont: Font family 'Nimbus Roman' not found.
findfont: Font family 'Nimbus Roman' not found.
findfont: Font family 'Nimbus Roman' not found.
findfont: Font family 'Nimbus Roman' not found.
findfont: Font family 'Nimbus Roman' not found.
findfont: Font family 'Nimbus Roman' not found.
findfont: Font family 'Nimbus Roman' not found.
findfont: Font family 'Nimbus Roman' not found.
findfont: Font family 'Nimbus Roman' not found.
findfont: Font family 'Nimbus Roman' not found.
findfont: Font family 'Nimbus Roman' not found.
findfont: Font family 'Nimbus Roman' not found.
findfont: Font family 'Nimbus Roman' not found.
findfont: Font family 'Nimbus Roman' not found.
findfont: Font family 'Nimbus Roman' not found.
findfont: Font family 'Nimbus Roman' not found.
findfont: Font family 'Nimbus Roman' not found.
Ridge mode: rkhs; diagnostic interval: 50
Iter 1/4000 | log_obj=9.813e+00 | log_Bellman_root=3.467e+00 | mass=1.72e+04 | neg=0.00e+00 | grad=7.43e+02
Iter 400/4000 | log_obj=3.814e+00 | log_Bellman_root=4.717e-01 | mass=4.28e+01 | neg=0.00e+00 | grad=4.75e+03
Iter 800/4000 | log_obj=3.818e+00 | log_Bellman_root=4.714e-01 | mass=4.29e+01 | neg=0.00e+00 | grad=4.76e+03
Iter 1200/4000 | log_obj=2.166e+00 | log_Bellman_root=-3.394e-01 | mass=8.22e+00 | neg=0.00e+00 | grad=5.04e+01
Iter 1600/4000 | log_obj=2.753e+00 | log_Bellman_root=1.345e-01 | mass=1.44e+01 | neg=0.00e+00 | grad=2.80e+03
Iter 2000/4000 | log_obj=1.215e+00 | log_Bellman_root=-7.496e-01 | mass=3.15e+00 | neg=0.00e+00 | grad=1.58e+03
Iter 2400/4000 | log_obj=2.518e+00 | log_Bellman_root=-9.378e-02 | mass=1.16e+01 | neg=0.00e+00 | grad=2.27e+03
Iter 2800/4000 | log_obj=3.394e+00 | log_Bellman_root=3.490e-01 | mass=2.78e+01 | neg=0.00e+00 | grad=3.53e+03
Iter 3200/4000 | log_obj=8.990e-01 | log_Bellman_root=-9.466e-01 | mass=2.31e+00 | neg=0.00e+00 | grad=9.83e+02
Iter 3600/4000 | log_obj=1.736e+00 | log_Bellman_root=-5.028e-01 | mass=5.31e+00 | neg=0.00e+00 | grad=1.54e+03
Iter 4000/4000 | log_obj=-1.159e-01 | log_Bellman_root=-1.347e+00 | mass=8.23e-01 | neg=0.00e+00 | grad=8.07e+02
Returning best diagnostic checkpoint from step 3700 (objective=5.431e-01, Bellman=4.209e-02).
Done in 12.15s.
KE-DRL global estimation is done.
B_hat shape: (3088, 800)
B_hat rank diagnostics: {'B_num_rows': 3088, 'B_num_cols': 800, 'B_min_dim': 800, 'B_numerical_rank': 800, 'B_rank_fraction': 1.0, 'B_rank_tolerance': 4.976941997369977e-05, 'B_stable_rank': 135.88047790527344, 'B_effective_rank': 771.2140087856727, 'B_entropy_rank': 6.647965908050537, 'B_spectral_norm': 0.13519953191280365, 'B_frobenius_norm': 1.575990915298462, 'B_nuclear_norm': 43.0294303894043, 'B_condition_number': 4.949024257104608, 'B_condition_number_tol': 4.949024257104608, 'B_smallest_singular_value': 0.027318421751260757, 'B_rank_rel_1em2': 800, 'B_rank_rel_1em3': 800, 'B_rank_rel_1em4': 800}
Global-loss target mass diagnostics: {'target_mass_mean': 1.6280534267425537, 'target_mass_min': 0.9259644150733948, 'target_mass_max': 2.1827802658081055, 'target_mass_sd': 0.32805773615837097, 'target_mass_rmse_to_target': 0.7078112363815308, 'target_beta_min': -0.05906039476394653, 'target_beta_max': 0.06962686032056808, 'target_neg_frac_mean': 0.43307500000000004}
Return dictionary Z_grid shape: (800, 3)
Replicate 16 risk metrics: {'risk_n_steps_recorded': 81.0, 'risk_n_diagnostics_recorded': 81.0, 'risk_log_obj_initial': 9.81283058247401, 'risk_log_obj_final': -0.11591152579739858, 'risk_log_obj_min': -0.6103960775455571, 'risk_obj_initial': 18266.619140625, 'risk_obj_final': 0.8905540108680725, 'risk_obj_min': 0.5431357026100159, 'risk_log_obj_drop': 9.92874210827141, 'risk_log_bellman_root_initial': 3.467482104695487, 'risk_log_bellman_root_final': -1.3473407949852987, 'risk_log_bellman_root_min': -1.584015999180981, 'risk_bellman_root_initial': 32.055927276611335, 'risk_bellman_root_final': 0.2599305510520935, 'risk_bellman_root_min': 0.20514956116676328, 'risk_bellman_initial': 1027.5824735633946, 'risk_bellman_final': 0.06756389137024497, 'risk_bellman_min': 0.04208634244691555, 'risk_log_bellman_root_drop': 4.814822899680785, 'risk_bellman_returned': 0.042086344212293625, 'risk_obj_returned': 0.5431357026100159, 'risk_returned_step': 3700.0, 'offline_data_id': 16, 'benchmark_point_source': 'fixed_config_plus_support_safe_target_policy_draws', 'target_set_size': 100, 'lambda_reg': 0.005, 'lambda_B': 2e-05, 'num_steps': 4000, 'transition_reduction_enabled': 1, 'transition_reduction_method': 'kmeans', 'transition_original_rows': 12000, 'transition_reduced_rows': 3088, 'transition_compression_ratio': 0.25733333333333336, 'target_mass_mean': 1.6280534267425537, 'target_mass_min': 0.9259644150733948, 'target_mass_max': 2.1827802658081055, 'target_mass_sd': 0.32805773615837097, 'target_mass_rmse_to_target': 0.7078112363815308, 'target_beta_min': -0.05906039476394653, 'target_beta_max': 0.06962686032056808, 'target_neg_frac_mean': 0.43307500000000004, 'B_num_rows': 3088, 'B_num_cols': 800, 'B_min_dim': 800, 'B_numerical_rank': 800, 'B_rank_fraction': 1.0, 'B_rank_tolerance': 4.976941997369977e-05, 'B_stable_rank': 135.88047790527344, 'B_effective_rank': 771.2140087856727, 'B_entropy_rank': 6.647965908050537, 'B_spectral_norm': 0.13519953191280365, 'B_frobenius_norm': 1.575990915298462, 'B_nuclear_norm': 43.0294303894043, 'B_condition_number': 4.949024257104608, 'B_condition_number_tol': 4.949024257104608, 'B_smallest_singular_value': 0.027318421751260757, 'B_rank_rel_1em2': 800, 'B_rank_rel_1em3': 800, 'B_rank_rel_1em4': 800, 'risk_objective_final_raw': 0.8905540108680725, 'risk_objective_min_raw': 0.5431357026100159, 'risk_objective_max_raw': 18266.619140625, 'risk_bellman_final_raw': 0.06756388396024704, 'risk_bellman_min_raw': 0.042086344212293625, 'risk_bellman_max_raw': 1027.5823974609375, 'risk_rkhs_ridge_final_raw': 5.288904139888473e-05, 'risk_rkhs_ridge_min_raw': 5.018226511310786e-05, 'risk_rkhs_ridge_max_raw': 0.0023362087085843086, 'risk_mass_final_raw': 0.8229372501373291, 'risk_mass_min_raw': 0.5009967684745789, 'risk_mass_max_raw': 17239.03515625, 'risk_negativity_final_raw': 0.0, 'risk_negativity_min_raw': 0.0, 'risk_negativity_max_raw': 0.0, 'risk_B_norm_final_raw': 1.5762165784835815, 'risk_B_norm_min_raw': 1.5705814361572266, 'risk_B_norm_max_raw': 1.6393771171569824, 'risk_diagnostic_step_final_raw': 4000.0, 'risk_diagnostic_step_min_raw': 1.0, 'risk_diagnostic_step_max_raw': 4000.0, 'risk_best_step_final_raw': 3700.0, 'risk_best_step_min_raw': 3700.0, 'risk_best_step_max_raw': 3700.0, 'risk_best_objective_final_raw': 0.5431357026100159, 'risk_best_objective_min_raw': 0.5431357026100159, 'risk_best_objective_max_raw': 0.5431357026100159, 'risk_best_bellman_final_raw': 0.042086344212293625, 'risk_best_bellman_min_raw': 0.042086344212293625, 'risk_best_bellman_max_raw': 0.042086344212293625, 'risk_returned_step_final_raw': 3700.0, 'risk_returned_step_min_raw': 3700.0, 'risk_returned_step_max_raw': 3700.0, 'risk_returned_objective_final_raw': 0.5431357026100159, 'risk_returned_objective_min_raw': 0.5431357026100159, 'risk_returned_objective_max_raw': 0.5431357026100159, 'risk_returned_bellman_final_raw': 0.042086344212293625, 'risk_returned_bellman_min_raw': 0.042086344212293625, 'risk_returned_bellman_max_raw': 0.042086344212293625, 'risk_returned_best_checkpoint_final_raw': 1.0, 'risk_returned_best_checkpoint_min_raw': 1.0, 'risk_returned_best_checkpoint_max_raw': 1.0}
Benchmark 0 evaluation grid shape: (800, 3)
Replicate 16, benchmark 0 metrics: {'run_id': '16_b0', 'RMSE': 0.09529107433273476, 'MAE': 0.0782130795806006, 'SupNorm': 0.23428870737552643, 'Bias': 0.019767517226719065, 'Corr': 0.6741018060365633, 'deming_slope': 1.494857949875296, 'deming_intercept': -0.10999378635551016, 'beta_sum': 1.3141810894012451, 'beta_l1': 6.639915466308594, 'beta_l2': 0.2966578006744385, 'beta_min': -0.036820683628320694, 'beta_max': 0.033696338534355164, 'beta_neg_frac': 0.4, 'offline_data_id': 16, 'benchmark_id': 0, 'benchmark_point_source': 'fixed_config', 'target_set_size': 100, 'benchmark_z_path': 'data/Z_true.pt', 'projected_bellman_test_risk': 0.033554695546627045, 'oracle_embedding_risk': 0.846832275390625, 'benchmark_embedding_risk': 0.846832275390625, 'risk_bellman_final': 0.06756389137024497, 'risk_obj_final': 0.8905540108680725, 'B_num_rows': 3088, 'B_num_cols': 800, 'B_min_dim': 800, 'B_numerical_rank': 800, 'B_rank_fraction': 1.0, 'B_rank_tolerance': 4.976941997369977e-05, 'B_stable_rank': 135.88047790527344, 'B_effective_rank': 771.2140087856727, 'B_entropy_rank': 6.647965908050537, 'B_spectral_norm': 0.13519953191280365, 'B_frobenius_norm': 1.575990915298462, 'B_nuclear_norm': 43.0294303894043, 'B_condition_number': 4.949024257104608, 'B_condition_number_tol': 4.949024257104608, 'B_smallest_singular_value': 0.027318421751260757, 'B_rank_rel_1em2': 800, 'B_rank_rel_1em3': 800, 'B_rank_rel_1em4': 800}
Saved ./mu/mu_hat.csv shape=(800,)
Saved ./mu/mu2D_hat_dims01.csv shape=(120, 120)
Saved ./mu/mu2D_hat_dims01.csv shape=(120, 120)
Saved plots/replicate_16/mu_3D.png
Benchmark 1 evaluation grid shape: (800, 3)
Replicate 16, benchmark 1 metrics: {'run_id': '16_b1', 'RMSE': 0.4425051582257586, 'MAE': 0.40316870063921667, 'SupNorm': 0.742851048707962, 'Bias': 0.40316870063921667, 'Corr': 0.9883049447864779, 'deming_slope': 2.9135477254914357, 'deming_intercept': -0.09537607900328193, 'beta_sum': 2.192671298980713, 'beta_l1': 12.695539474487305, 'beta_l2': 0.5644144415855408, 'beta_min': -0.050161562860012054, 'beta_max': 0.06195152923464775, 'beta_neg_frac': 0.43375, 'offline_data_id': 16, 'benchmark_id': 1, 'benchmark_point_source': 'fixed_config', 'target_set_size': 100, 'benchmark_z_path': 'data/Z_true.pt', 'projected_bellman_test_risk': 0.08957865089178085, 'oracle_embedding_risk': 1.413535475730896, 'benchmark_embedding_risk': 1.413535475730896, 'risk_bellman_final': 0.06756389137024497, 'risk_obj_final': 0.8905540108680725, 'B_num_rows': 3088, 'B_num_cols': 800, 'B_min_dim': 800, 'B_numerical_rank': 800, 'B_rank_fraction': 1.0, 'B_rank_tolerance': 4.976941997369977e-05, 'B_stable_rank': 135.88047790527344, 'B_effective_rank': 771.2140087856727, 'B_entropy_rank': 6.647965908050537, 'B_spectral_norm': 0.13519953191280365, 'B_frobenius_norm': 1.575990915298462, 'B_nuclear_norm': 43.0294303894043, 'B_condition_number': 4.949024257104608, 'B_condition_number_tol': 4.949024257104608, 'B_smallest_singular_value': 0.027318421751260757, 'B_rank_rel_1em2': 800, 'B_rank_rel_1em3': 800, 'B_rank_rel_1em4': 800}
Benchmark 2 evaluation grid shape: (800, 3)
Replicate 16, benchmark 2 metrics: {'run_id': '16_b2', 'RMSE': 0.4348938561864427, 'MAE': 0.3948918798184604, 'SupNorm': 0.7325823605060577, 'Bias': 0.3948918798184604, 'Corr': 0.9437184954326666, 'deming_slope': 3.0140723587709246, 'deming_intercept': -0.14494715533056834, 'beta_sum': 2.2111518383026123, 'beta_l1': 12.318758010864258, 'beta_l2': 0.5495507717132568, 'beta_min': -0.055388517677783966, 'beta_max': 0.06234314665198326, 'beta_neg_frac': 0.42625, 'offline_data_id': 16, 'benchmark_id': 2, 'benchmark_point_source': 'fixed_config', 'target_set_size': 100, 'benchmark_z_path': 'data/Z_true.pt', 'projected_bellman_test_risk': 0.07965639233589172, 'oracle_embedding_risk': 1.403576374053955, 'benchmark_embedding_risk': 1.403576374053955, 'risk_bellman_final': 0.06756389137024497, 'risk_obj_final': 0.8905540108680725, 'B_num_rows': 3088, 'B_num_cols': 800, 'B_min_dim': 800, 'B_numerical_rank': 800, 'B_rank_fraction': 1.0, 'B_rank_tolerance': 4.976941997369977e-05, 'B_stable_rank': 135.88047790527344, 'B_effective_rank': 771.2140087856727, 'B_entropy_rank': 6.647965908050537, 'B_spectral_norm': 0.13519953191280365, 'B_frobenius_norm': 1.575990915298462, 'B_nuclear_norm': 43.0294303894043, 'B_condition_number': 4.949024257104608, 'B_condition_number_tol': 4.949024257104608, 'B_smallest_singular_value': 0.027318421751260757, 'B_rank_rel_1em2': 800, 'B_rank_rel_1em3': 800, 'B_rank_rel_1em4': 800}
Benchmark 3 evaluation grid shape: (800, 3)
Replicate 16, benchmark 3 metrics: {'run_id': '16_b3', 'RMSE': 0.43629282454518964, 'MAE': 0.3940220668795519, 'SupNorm': 0.7517317533493042, 'Bias': 0.3940220668795519, 'Corr': 0.9541433350125302, 'deming_slope': 3.0081200211949253, 'deming_intercept': -0.12658313854042014, 'beta_sum': 2.233445167541504, 'beta_l1': 12.118694305419922, 'beta_l2': 0.5382289290428162, 'beta_min': -0.05050650238990784, 'beta_max': 0.060498517006635666, 'beta_neg_frac': 0.43375, 'offline_data_id': 16, 'benchmark_id': 3, 'benchmark_point_source': 'fixed_config', 'target_set_size': 100, 'benchmark_z_path': 'data/Z_true.pt', 'projected_bellman_test_risk': 0.09612280130386353, 'oracle_embedding_risk': 1.4385501146316528, 'benchmark_embedding_risk': 1.4385501146316528, 'risk_bellman_final': 0.06756389137024497, 'risk_obj_final': 0.8905540108680725, 'B_num_rows': 3088, 'B_num_cols': 800, 'B_min_dim': 800, 'B_numerical_rank': 800, 'B_rank_fraction': 1.0, 'B_rank_tolerance': 4.976941997369977e-05, 'B_stable_rank': 135.88047790527344, 'B_effective_rank': 771.2140087856727, 'B_entropy_rank': 6.647965908050537, 'B_spectral_norm': 0.13519953191280365, 'B_frobenius_norm': 1.575990915298462, 'B_nuclear_norm': 43.0294303894043, 'B_condition_number': 4.949024257104608, 'B_condition_number_tol': 4.949024257104608, 'B_smallest_singular_value': 0.027318421751260757, 'B_rank_rel_1em2': 800, 'B_rank_rel_1em3': 800, 'B_rank_rel_1em4': 800}
Benchmark 4 evaluation grid shape: (800, 3)
Replicate 16, benchmark 4 metrics: {'run_id': '16_b4', 'RMSE': 0.12619193721722266, 'MAE': 0.0967589479356684, 'SupNorm': 0.39494872093200684, 'Bias': 0.027564004203522927, 'Corr': 0.5304543673706156, 'deming_slope': 2.1036539582390725, 'deming_intercept': -0.26667531016497725, 'beta_sum': 1.6246243715286255, 'beta_l1': 6.571896553039551, 'beta_l2': 0.317823588848114, 'beta_min': -0.030451003462076187, 'beta_max': 0.07164895534515381, 'beta_neg_frac': 0.44375, 'offline_data_id': 16, 'benchmark_id': 4, 'benchmark_point_source': 'support_safe_target_policy_draw', 'target_set_size': 100, 'benchmark_z_path': 'data/Z_true.pt', 'projected_bellman_test_risk': 0.025830253958702087, 'oracle_embedding_risk': 0.9954111576080322, 'benchmark_embedding_risk': 0.9954111576080322, 'risk_bellman_final': 0.06756389137024497, 'risk_obj_final': 0.8905540108680725, 'B_num_rows': 3088, 'B_num_cols': 800, 'B_min_dim': 800, 'B_numerical_rank': 800, 'B_rank_fraction': 1.0, 'B_rank_tolerance': 4.976941997369977e-05, 'B_stable_rank': 135.88047790527344, 'B_effective_rank': 771.2140087856727, 'B_entropy_rank': 6.647965908050537, 'B_spectral_norm': 0.13519953191280365, 'B_frobenius_norm': 1.575990915298462, 'B_nuclear_norm': 43.0294303894043, 'B_condition_number': 4.949024257104608, 'B_condition_number_tol': 4.949024257104608, 'B_smallest_singular_value': 0.027318421751260757, 'B_rank_rel_1em2': 800, 'B_rank_rel_1em3': 800, 'B_rank_rel_1em4': 800}
Benchmark 5 evaluation grid shape: (800, 3)
Replicate 16, benchmark 5 metrics: {'run_id': '16_b5', 'RMSE': 0.2102471052831677, 'MAE': 0.18954209289984192, 'SupNorm': 0.35963328927755356, 'Bias': -0.1852094651037396, 'Corr': 0.18737120034202578, 'deming_slope': 0.17372394021420912, 'deming_intercept': 0.027130761259258396, 'beta_sum': 0.6159529089927673, 'beta_l1': 0.9333491325378418, 'beta_l2': 0.043122559785842896, 'beta_min': -0.0033135470002889633, 'beta_max': 0.0072553339414298534, 'beta_neg_frac': 0.2975, 'offline_data_id': 16, 'benchmark_id': 5, 'benchmark_point_source': 'support_safe_target_policy_draw', 'target_set_size': 100, 'benchmark_z_path': 'data/Z_true.pt', 'projected_bellman_test_risk': 0.05866953358054161, 'oracle_embedding_risk': 0.9564799070358276, 'benchmark_embedding_risk': 0.9564799070358276, 'risk_bellman_final': 0.06756389137024497, 'risk_obj_final': 0.8905540108680725, 'B_num_rows': 3088, 'B_num_cols': 800, 'B_min_dim': 800, 'B_numerical_rank': 800, 'B_rank_fraction': 1.0, 'B_rank_tolerance': 4.976941997369977e-05, 'B_stable_rank': 135.88047790527344, 'B_effective_rank': 771.2140087856727, 'B_entropy_rank': 6.647965908050537, 'B_spectral_norm': 0.13519953191280365, 'B_frobenius_norm': 1.575990915298462, 'B_nuclear_norm': 43.0294303894043, 'B_condition_number': 4.949024257104608, 'B_condition_number_tol': 4.949024257104608, 'B_smallest_singular_value': 0.027318421751260757, 'B_rank_rel_1em2': 800, 'B_rank_rel_1em3': 800, 'B_rank_rel_1em4': 800}
Benchmark 6 evaluation grid shape: (800, 3)
Replicate 16, benchmark 6 metrics: {'run_id': '16_b6', 'RMSE': 0.20539851777967533, 'MAE': 0.1666215112019563, 'SupNorm': 0.4339362382888794, 'Bias': 0.16057489157363306, 'Corr': 0.765160275959344, 'deming_slope': 2.301217388639826, 'deming_intercept': -0.18293503390478333, 'beta_sum': 1.726330280303955, 'beta_l1': 8.393213272094727, 'beta_l2': 0.3724239468574524, 'beta_min': -0.041367895901203156, 'beta_max': 0.043338797986507416, 'beta_neg_frac': 0.41375, 'offline_data_id': 16, 'benchmark_id': 6, 'benchmark_point_source': 'support_safe_target_policy_draw', 'target_set_size': 100, 'benchmark_z_path': 'data/Z_true.pt', 'projected_bellman_test_risk': 0.026499994099140167, 'oracle_embedding_risk': 0.9935153126716614, 'benchmark_embedding_risk': 0.9935153126716614, 'risk_bellman_final': 0.06756389137024497, 'risk_obj_final': 0.8905540108680725, 'B_num_rows': 3088, 'B_num_cols': 800, 'B_min_dim': 800, 'B_numerical_rank': 800, 'B_rank_fraction': 1.0, 'B_rank_tolerance': 4.976941997369977e-05, 'B_stable_rank': 135.88047790527344, 'B_effective_rank': 771.2140087856727, 'B_entropy_rank': 6.647965908050537, 'B_spectral_norm': 0.13519953191280365, 'B_frobenius_norm': 1.575990915298462, 'B_nuclear_norm': 43.0294303894043, 'B_condition_number': 4.949024257104608, 'B_condition_number_tol': 4.949024257104608, 'B_smallest_singular_value': 0.027318421751260757, 'B_rank_rel_1em2': 800, 'B_rank_rel_1em3': 800, 'B_rank_rel_1em4': 800}
Benchmark 7 evaluation grid shape: (800, 3)
Replicate 16, benchmark 7 metrics: {'run_id': '16_b7', 'RMSE': 0.2639750965947125, 'MAE': 0.210078522793483, 'SupNorm': 0.6047247648239136, 'Bias': 0.2083054078114219, 'Corr': 0.7250635362782014, 'deming_slope': 2.9501382769872544, 'deming_intercept': -0.30162687312484304, 'beta_sum': 1.907754898071289, 'beta_l1': 9.020303726196289, 'beta_l2': 0.4062660038471222, 'beta_min': -0.044771768152713776, 'beta_max': 0.048679009079933167, 'beta_neg_frac': 0.4375, 'offline_data_id': 16, 'benchmark_id': 7, 'benchmark_point_source': 'support_safe_target_policy_draw', 'target_set_size': 100, 'benchmark_z_path': 'data/Z_true.pt', 'projected_bellman_test_risk': 0.04005187377333641, 'oracle_embedding_risk': 1.1796238422393799, 'benchmark_embedding_risk': 1.1796238422393799, 'risk_bellman_final': 0.06756389137024497, 'risk_obj_final': 0.8905540108680725, 'B_num_rows': 3088, 'B_num_cols': 800, 'B_min_dim': 800, 'B_numerical_rank': 800, 'B_rank_fraction': 1.0, 'B_rank_tolerance': 4.976941997369977e-05, 'B_stable_rank': 135.88047790527344, 'B_effective_rank': 771.2140087856727, 'B_entropy_rank': 6.647965908050537, 'B_spectral_norm': 0.13519953191280365, 'B_frobenius_norm': 1.575990915298462, 'B_nuclear_norm': 43.0294303894043, 'B_condition_number': 4.949024257104608, 'B_condition_number_tol': 4.949024257104608, 'B_smallest_singular_value': 0.027318421751260757, 'B_rank_rel_1em2': 800, 'B_rank_rel_1em3': 800, 'B_rank_rel_1em4': 800}
Benchmark 8 evaluation grid shape: (800, 3)
Replicate 16, benchmark 8 metrics: {'run_id': '16_b8', 'RMSE': 0.06118867809744109, 'MAE': 0.05130604108708212, 'SupNorm': 0.15699975192546844, 'Bias': -0.0072529824069351885, 'Corr': 0.8244121826220084, 'deming_slope': 1.1064669239044986, 'deming_intercept': -0.034986996665300085, 'beta_sum': 1.0870075225830078, 'beta_l1': 4.547703742980957, 'beta_l2': 0.20506934821605682, 'beta_min': -0.022181741893291473, 'beta_max': 0.028417866677045822, 'beta_neg_frac': 0.43375, 'offline_data_id': 16, 'benchmark_id': 8, 'benchmark_point_source': 'support_safe_target_policy_draw', 'target_set_size': 100, 'benchmark_z_path': 'data/Z_true.pt', 'projected_bellman_test_risk': 0.02432738058269024, 'oracle_embedding_risk': 0.7896305322647095, 'benchmark_embedding_risk': 0.7896305322647095, 'risk_bellman_final': 0.06756389137024497, 'risk_obj_final': 0.8905540108680725, 'B_num_rows': 3088, 'B_num_cols': 800, 'B_min_dim': 800, 'B_numerical_rank': 800, 'B_rank_fraction': 1.0, 'B_rank_tolerance': 4.976941997369977e-05, 'B_stable_rank': 135.88047790527344, 'B_effective_rank': 771.2140087856727, 'B_entropy_rank': 6.647965908050537, 'B_spectral_norm': 0.13519953191280365, 'B_frobenius_norm': 1.575990915298462, 'B_nuclear_norm': 43.0294303894043, 'B_condition_number': 4.949024257104608, 'B_condition_number_tol': 4.949024257104608, 'B_smallest_singular_value': 0.027318421751260757, 'B_rank_rel_1em2': 800, 'B_rank_rel_1em3': 800, 'B_rank_rel_1em4': 800}
Benchmark 9 evaluation grid shape: (800, 3)
Replicate 16, benchmark 9 metrics: {'run_id': '16_b9', 'RMSE': 0.24613975398428073, 'MAE': 0.2081401610642206, 'SupNorm': 0.4868984520435333, 'Bias': 0.2078680675465148, 'Corr': 0.8226678134649812, 'deming_slope': 2.368280257048284, 'deming_intercept': -0.15577320618529455, 'beta_sum': 1.8679707050323486, 'beta_l1': 9.00869083404541, 'beta_l2': 0.4034588634967804, 'beta_min': -0.03883039206266403, 'beta_max': 0.0462803989648819, 'beta_neg_frac': 0.43375, 'offline_data_id': 16, 'benchmark_id': 9, 'benchmark_point_source': 'support_safe_target_policy_draw', 'target_set_size': 100, 'benchmark_z_path': 'data/Z_true.pt', 'projected_bellman_test_risk': 0.031336572021245956, 'oracle_embedding_risk': 1.0368355512619019, 'benchmark_embedding_risk': 1.0368355512619019, 'risk_bellman_final': 0.06756389137024497, 'risk_obj_final': 0.8905540108680725, 'B_num_rows': 3088, 'B_num_cols': 800, 'B_min_dim': 800, 'B_numerical_rank': 800, 'B_rank_fraction': 1.0, 'B_rank_tolerance': 4.976941997369977e-05, 'B_stable_rank': 135.88047790527344, 'B_effective_rank': 771.2140087856727, 'B_entropy_rank': 6.647965908050537, 'B_spectral_norm': 0.13519953191280365, 'B_frobenius_norm': 1.575990915298462, 'B_nuclear_norm': 43.0294303894043, 'B_condition_number': 4.949024257104608, 'B_condition_number_tol': 4.949024257104608, 'B_smallest_singular_value': 0.027318421751260757, 'B_rank_rel_1em2': 800, 'B_rank_rel_1em3': 800, 'B_rank_rel_1em4': 800}
Replicate 16 finished in 21.1s
Finished combo 2, offline replicate 16.
