Job ID:    2359481
Array idx: 661
CPUs/node: 64
Mem/node:  131072
Using CC = cc 
Using CXX = CC 
Using FC = ftn 
Using F77 = ftn 
Using F90 = ftn 
cuda/12.6.1 is deprecated; loading cudatoolkit/25.5_12.9 instead.
Using CC = /opt/nvidia/hpc_sdk/Linux_aarch64/25.5/compilers/bin/nvc 
Using CXX = /opt/nvidia/hpc_sdk/Linux_aarch64/25.5/compilers/bin/nvc++ 
Using FC = /opt/nvidia/hpc_sdk/Linux_aarch64/25.5/compilers/bin/nvfortran 
Using F77 = /opt/nvidia/hpc_sdk/Linux_aarch64/25.5/compilers/bin/nvfortran 
Using F90 = /opt/nvidia/hpc_sdk/Linux_aarch64/25.5/compilers/bin/nvfortran 
Using CC = /opt/nvidia/hpc_sdk/Linux_aarch64/25.5/compilers/bin/nvc 
Using CXX = /opt/nvidia/hpc_sdk/Linux_aarch64/25.5/compilers/bin/nvc++ 
Using FC = /opt/nvidia/hpc_sdk/Linux_aarch64/25.5/compilers/bin/nvfortran 
Using F77 = /opt/nvidia/hpc_sdk/Linux_aarch64/25.5/compilers/bin/nvfortran 
Using F90 = /opt/nvidia/hpc_sdk/Linux_aarch64/25.5/compilers/bin/nvfortran 

Lmod is automatically replacing "gcc-native/14" with "gcc/14.2.0".

ghx4
0
Tuning combo id: 6 / 6
Offline replicate id: 61 / 99
Installing ke_drl from git: https://github.com/mehrdadmhmdi/ke-drl.git@main
Collecting git+https://github.com/mehrdadmhmdi/ke-drl.git@main
  Cloning https://github.com/mehrdadmhmdi/ke-drl.git (to revision main) to /tmp/pip-req-build-2jeydayo
  Running command git clone --filter=blob:none --quiet https://github.com/mehrdadmhmdi/ke-drl.git /tmp/pip-req-build-2jeydayo
  Resolved https://github.com/mehrdadmhmdi/ke-drl.git to commit 3c5d570e40ea15b1fbe4817b5f43b64c7b333e82
  Installing build dependencies: started
  Installing build dependencies: finished with status 'done'
  Getting requirements to build wheel: started
  Getting requirements to build wheel: finished with status 'done'
  Preparing metadata (pyproject.toml): started
  Preparing metadata (pyproject.toml): finished with status 'done'
Building wheels for collected packages: ke_drl
  Building wheel for ke_drl (pyproject.toml): started
  Building wheel for ke_drl (pyproject.toml): finished with status 'done'
  Created wheel for ke_drl: filename=ke_drl-0.1.0-py3-none-any.whl size=47219 sha256=7d9b1515f73eeaf6e356f18243ed0d8e1d51b4a3ca54291c047700282b70c63f
  Stored in directory: /tmp/pip-ephem-wheel-cache-npaxl1z7/wheels/24/47/ad/9a4ffd3b05d3e90e35ffc6e7324b735b8bfcf5f51aaf29a333
Successfully built ke_drl
Installing collected packages: ke_drl
Successfully installed ke_drl-0.1.0
Installed ke_drl source: /work/nvme/bfez/mehrdad3/DistRL/simulation_3/runs/sim3_global_2358722_6/.kedrl_site_661/ke_drl/__init__.py
Tuning combo 6: lambda_B_0.2
Overrides: {'lambda_B': 0.2}
RUN: /sw/user/python/miniforge3-pytorch-24.11.3/bin/python3 validate_sim_config.py --params params.yaml
ke_drl import source: /work/nvme/bfez/mehrdad3/DistRL/simulation_3/runs/sim3_global_2358722_6/.kedrl_site_661/ke_drl/__init__.py
ke_drl package API OK: prediction weights, RFF operators, rank diagnostics, and best-checkpoint optimizer available
Policy config OK: behavior=uniform, target=logistic, state_dim=5, action_dim=1
Note: policy.logistic.theta_scale/theta_std are log-scale coefficients in Probability_Densities.
Behavior-policy linearized state-process diagnostic: spectral_radius=0.653, offline_burn_in=50
Replicate config OK: num_replicates=100, benchmark points=10 independent of D_i, loss target points=100
Transition reduction OK: method=kmeans, raw rows N(T-1)=12000, target rows about 3000, B rows reduced from 12000 to about 3000
Return-operator approximation OK: method=rff, features=512, exact G avoided for estimated N=12000, m=800, L=100
Fixed benchmark config rows=4 (benchmark.num_points=10; additional points are support-safe target-policy draws if needed)
Fixed benchmark point 0: s_star=[0.6, -0.8, 0.7, -0.5, 0.9], a_star=[0.5]
Fixed benchmark behavior-support interval for configured rows: min_lower=-0.12, max_upper=1.11
Fixed benchmark target-policy location range: [-0.02, 0.14]
Reusing shared data from /work/nvme/bfez/mehrdad3/DistRL/simulation_3/runs/sim3_shared_data/data for offline replicate 61.
RUN: /sw/user/python/miniforge3-pytorch-24.11.3/bin/python3 validate_sim_config.py --params params.yaml --data data/offline_data_61.pt
ke_drl import source: /work/nvme/bfez/mehrdad3/DistRL/simulation_3/runs/sim3_global_2358722_6/.kedrl_site_661/ke_drl/__init__.py
ke_drl package API OK: prediction weights, RFF operators, rank diagnostics, and best-checkpoint optimizer available
Policy config OK: behavior=uniform, target=logistic, state_dim=5, action_dim=1
Note: policy.logistic.theta_scale/theta_std are log-scale coefficients in Probability_Densities.
Behavior-policy linearized state-process diagnostic: spectral_radius=0.653, offline_burn_in=50
Replicate config OK: num_replicates=100, benchmark points=10 independent of D_i, loss target points=100
Transition reduction OK: method=kmeans, raw rows N(T-1)=12000, target rows about 3000, B rows reduced from 12000 to about 3000
Return-operator approximation OK: method=rff, features=512, exact G avoided for estimated N=12000, m=800, L=100
Fixed benchmark config rows=4 (benchmark.num_points=10; additional points are support-safe target-policy draws if needed)
Fixed benchmark point 0: s_star=[0.6, -0.8, 0.7, -0.5, 0.9], a_star=[0.5]
Fixed benchmark behavior-support interval for configured rows: min_lower=-0.12, max_upper=1.11
Fixed benchmark target-policy location range: [-0.02, 0.14]
Full benchmark support check OK: 10 points, min_lower=-2.177, max_upper=2.05
observed behavior actions: mean=0.3939, sd=0.6733, q0/q10/q50/q90/q100=[-2.0253453254699707, -0.41351550817489624, 0.3335120528936386, 1.2928709030151369, 2.9328441619873047]
target-policy sampled actions: mean=-0.02074, sd=0.6602, q0/q10/q50/q90/q100=[-2.620716512554801, -0.8553623339013611, -0.014837582939979152, 0.819226005967837, 2.678098749588169]
behavior uniform lower: mean=-0.1201, sd=0.6555, q0/q10/q50/q90/q100=[-2.6992284655570984, -0.9537968015670776, -0.11668783351778987, 0.7145527988672258, 2.526077687740326]
behavior uniform upper: mean=0.9166, sd=0.6464, q0/q10/q50/q90/q100=[-0.9191033601760864, 0.0712927880883217, 0.9210564523935318, 1.7456170892715452, 3.526077687740326]
target location inside behavior uniform support: 0.968
RUN: /sw/user/python/miniforge3-pytorch-24.11.3/bin/python3 main_est.py
# ================================================================ #
#   Global KE-DRL estimation for one offline replicate              #
# ================================================================ #
Slurm Job ID: 2359481
Slurm Array ID: 61 -- used as the offline-replicate id
Offline data id: 61
ke_drl import source: /work/nvme/bfez/mehrdad3/DistRL/simulation_3/runs/sim3_global_2358722_6/.kedrl_site_661/ke_drl/__init__.py
Estimator device: cuda (NVIDIA GH200 120GB, capability 9.0); torch CUDA=13.0
Random seed: 20460573
Number of offline replicates: 100
[transition reduction] enabled: original rows=12000, target basis=3000, method=kmeans, device=cuda
[transition reduction] kmeans iter 1/20, mean center shift=2.7399e-01
[transition reduction] kmeans iter 5/20, mean center shift=4.2132e-03
[transition reduction] selected 3082 rows from 12000 transitions (ratio 0.2568); indices saved to data/reduced_transition_indices_61.pt
Data and parameters loaded.
offline path: data/offline_data_61.pt
benchmark true-Z path: data/Z_true.pt
offline shapes after reduction: s0=(3082, 5), a0=(3082, 1), r0=(3082, 3)
transition reduction: {'enabled': True, 'method': 'kmeans', 'original_rows': 12000, 'reduced_rows': 3082, 'selected_indices_path': 'data/reduced_transition_indices_61.pt', 'target_basis': 3000, 'compression_ratio': 0.25683333333333336}
fixed benchmark point source: fixed_config_plus_support_safe_target_policy_draws
benchmark row excluded from this offline data: None
global loss target set shape: s_star=(100, 5), a_star=(100, 1)
benchmark true-Z count=10, shape each=(50000, 3)
target policy: logistic
behavior policy: uniform
lambda_Gamma=0.005, lambda_B=0.2, d_r_method=song
dtype=torch.float32, operator_method=rff, operator_num_features=512
ridge_mode=rkhs, diagnostic_interval=50
mass_anchor_lambda=1.0, target_mass=1.0
uLSIF basis: source=numerator, n_basis=512, lambda_reg=0.005
optimizer stabilizers: lambda_neg=0.0, max_B_norm=None, eta_clip_min=0.0, eta_clip_max=5.0, normalize_eta=True
========================================
Estimating the global KE-DRL mean embedding
torch device=cuda, dtype=torch.float32
Data dims: N=3082, L=100, Ds=5, Da=1, Dr=3
lambda_Gamma=0.005, lambda_B=0.2
return-operator construction: method=rff, rff_features=512
[uLSIF] basis=512/3082 (numerator); eta_hat min=-5.661e-01 max=4.963e+00 neg%=2.66
ESS for eta_plus: 2245.1 / 3082
eta_plus diagnostics: raw_mean=1, raw_min=-0.566, raw_max=4.96; used_mean=1, used_min=0, used_max=4.92
[timing] Z-grid: 0.03s
[timing] K_X: 0.00s
[timing] K_plus: 0.00s
[timing] k_star: 0.00s
[timing] Gamma_stack: 0.01s
[timing] Phi_stack: 0.00s
[timing] RFF feature sample: 0.00s
[timing] K_Z RFF: 0.00s
[timing] G_stack RFF: 0.01s
[timing] H_stack RFF: 0.01s
findfont: Font family 'Nimbus Roman' not found.
findfont: Font family 'Nimbus Roman' not found.
findfont: Font family 'Nimbus Roman' not found.
findfont: Font family 'Nimbus Roman' not found.
findfont: Font family 'Nimbus Roman' not found.
findfont: Font family 'Nimbus Roman' not found.
findfont: Font family 'Nimbus Roman' not found.
findfont: Font family 'Nimbus Roman' not found.
findfont: Font family 'Nimbus Roman' not found.
findfont: Font family 'Nimbus Roman' not found.
findfont: Font family 'Nimbus Roman' not found.
findfont: Font family 'Nimbus Roman' not found.
findfont: Font family 'Nimbus Roman' not found.
findfont: Font family 'Nimbus Roman' not found.
findfont: Font family 'Nimbus Roman' not found.
findfont: Font family 'Nimbus Roman' not found.
findfont: Font family 'Nimbus Roman' not found.
findfont: Font family 'Nimbus Roman' not found.
findfont: Font family 'Nimbus Roman' not found.
findfont: Font family 'Nimbus Roman' not found.
findfont: Font family 'Nimbus Roman' not found.
findfont: Font family 'Nimbus Roman' not found.
findfont: Font family 'Nimbus Roman' not found.
findfont: Font family 'Nimbus Roman' not found.
findfont: Font family 'Nimbus Roman' not found.
findfont: Font family 'Nimbus Roman' not found.
findfont: Font family 'Nimbus Roman' not found.
findfont: Font family 'Nimbus Roman' not found.
findfont: Font family 'Nimbus Roman' not found.
findfont: Font family 'Nimbus Roman' not found.
findfont: Font family 'Nimbus Roman' not found.
findfont: Font family 'Nimbus Roman' not found.
findfont: Font family 'Nimbus Roman' not found.
findfont: Font family 'Nimbus Roman' not found.
findfont: Font family 'Nimbus Roman' not found.
findfont: Font family 'Nimbus Roman' not found.
findfont: Font family 'Nimbus Roman' not found.
findfont: Font family 'Nimbus Roman' not found.
findfont: Font family 'Nimbus Roman' not found.
findfont: Font family 'Nimbus Roman' not found.
findfont: Font family 'Nimbus Roman' not found.
findfont: Font family 'Nimbus Roman' not found.
findfont: Font family 'Nimbus Roman' not found.
findfont: Font family 'Nimbus Roman' not found.
findfont: Font family 'Nimbus Roman' not found.
findfont: Font family 'Nimbus Roman' not found.
findfont: Font family ['Nimbus Roman'] not found. Falling back to DejaVu Sans.
findfont: Font family 'Nimbus Roman' not found.
findfont: Font family ['Nimbus Roman'] not found. Falling back to DejaVu Sans.
findfont: Font family 'Nimbus Roman' not found.
findfont: Font family 'Nimbus Roman' not found.
findfont: Font family 'Nimbus Roman' not found.
findfont: Font family 'Nimbus Roman' not found.
findfont: Font family 'Nimbus Roman' not found.
findfont: Font family 'Nimbus Roman' not found.
findfont: Font family 'Nimbus Roman' not found.
findfont: Font family 'Nimbus Roman' not found.
findfont: Font family 'Nimbus Roman' not found.
findfont: Font family 'Nimbus Roman' not found.
findfont: Font family ['Nimbus Roman'] not found. Falling back to DejaVu Sans.
findfont: Font family 'Nimbus Roman' not found.
findfont: Font family 'Nimbus Roman' not found.
findfont: Font family 'Nimbus Roman' not found.
findfont: Font family 'Nimbus Roman' not found.
findfont: Font family 'Nimbus Roman' not found.
findfont: Font family 'Nimbus Roman' not found.
findfont: Font family 'Nimbus Roman' not found.
findfont: Font family 'Nimbus Roman' not found.
findfont: Font family 'Nimbus Roman' not found.
findfont: Font family 'Nimbus Roman' not found.
findfont: Font family 'Nimbus Roman' not found.
findfont: Font family 'Nimbus Roman' not found.
findfont: Font family 'Nimbus Roman' not found.
findfont: Font family 'Nimbus Roman' not found.
findfont: Font family 'Nimbus Roman' not found.
findfont: Font family 'Nimbus Roman' not found.
findfont: Font family 'Nimbus Roman' not found.
findfont: Font family 'Nimbus Roman' not found.
findfont: Font family 'Nimbus Roman' not found.
findfont: Font family 'Nimbus Roman' not found.
findfont: Font family 'Nimbus Roman' not found.
findfont: Font family 'Nimbus Roman' not found.
findfont: Font family 'Nimbus Roman' not found.
findfont: Font family 'Nimbus Roman' not found.
findfont: Font family 'Nimbus Roman' not found.
findfont: Font family 'Nimbus Roman' not found.
findfont: Font family 'Nimbus Roman' not found.
findfont: Font family 'Nimbus Roman' not found.
findfont: Font family 'Nimbus Roman' not found.
findfont: Font family 'Nimbus Roman' not found.
findfont: Font family 'Nimbus Roman' not found.
findfont: Font family 'Nimbus Roman' not found.
findfont: Font family 'Nimbus Roman' not found.
findfont: Font family 'Nimbus Roman' not found.
findfont: Font family 'Nimbus Roman' not found.
findfont: Font family 'Nimbus Roman' not found.
findfont: Font family 'Nimbus Roman' not found.
findfont: Font family 'Nimbus Roman' not found.
findfont: Font family 'Nimbus Roman' not found.
findfont: Font family 'Nimbus Roman' not found.
findfont: Font family 'Nimbus Roman' not found.
findfont: Font family 'Nimbus Roman' not found.
findfont: Font family 'Nimbus Roman' not found.
findfont: Font family 'Nimbus Roman' not found.
findfont: Font family 'Nimbus Roman' not found.
findfont: Font family 'Nimbus Roman' not found.
findfont: Font family 'Nimbus Roman' not found.
findfont: Font family 'Nimbus Roman' not found.
findfont: Font family 'Nimbus Roman' not found.
findfont: Font family 'Nimbus Roman' not found.
findfont: Font family 'Nimbus Roman' not found.
findfont: Font family 'Nimbus Roman' not found.
findfont: Font family 'Nimbus Roman' not found.
findfont: Font family 'Nimbus Roman' not found.
findfont: Font family 'Nimbus Roman' not found.
findfont: Font family 'Nimbus Roman' not found.
findfont: Font family 'Nimbus Roman' not found.
findfont: Font family 'Nimbus Roman' not found.
findfont: Font family 'Nimbus Roman' not found.
findfont: Font family 'Nimbus Roman' not found.
findfont: Font family 'Nimbus Roman' not found.
findfont: Font family 'Nimbus Roman' not found.
findfont: Font family 'Nimbus Roman' not found.
findfont: Font family 'Nimbus Roman' not found.
findfont: Font family 'Nimbus Roman' not found.
findfont: Font family 'Nimbus Roman' not found.
findfont: Font family 'Nimbus Roman' not found.
findfont: Font family 'Nimbus Roman' not found.
findfont: Font family 'Nimbus Roman' not found.
findfont: Font family 'Nimbus Roman' not found.
findfont: Font family 'Nimbus Roman' not found.
findfont: Font family 'Nimbus Roman' not found.
findfont: Font family 'Nimbus Roman' not found.
findfont: Font family 'Nimbus Roman' not found.
findfont: Font family 'Nimbus Roman' not found.
findfont: Font family 'Nimbus Roman' not found.
findfont: Font family 'Nimbus Roman' not found.
findfont: Font family 'Nimbus Roman' not found.
findfont: Font family 'Nimbus Roman' not found.
findfont: Font family 'Nimbus Roman' not found.
findfont: Font family 'Nimbus Roman' not found.
Ridge mode: rkhs; diagnostic interval: 50
Iter 1/4000 | log_obj=9.792e+00 | log_Bellman_root=3.460e+00 | mass=1.69e+04 | neg=0.00e+00 | grad=7.19e+02
Iter 400/4000 | log_obj=4.539e+00 | log_Bellman_root=8.131e-01 | mass=8.83e+01 | neg=0.00e+00 | grad=1.14e+04
Iter 800/4000 | log_obj=5.072e+00 | log_Bellman_root=1.083e+00 | mass=1.50e+02 | neg=0.00e+00 | grad=5.35e+03
Iter 1200/4000 | log_obj=5.669e+00 | log_Bellman_root=1.398e+00 | mass=2.73e+02 | neg=0.00e+00 | grad=7.22e+03
Iter 1600/4000 | log_obj=4.536e+00 | log_Bellman_root=8.123e-01 | mass=8.80e+01 | neg=0.00e+00 | grad=1.14e+04
Iter 2000/4000 | log_obj=5.070e+00 | log_Bellman_root=1.082e+00 | mass=1.50e+02 | neg=0.00e+00 | grad=5.36e+03
Iter 2400/4000 | log_obj=5.670e+00 | log_Bellman_root=1.398e+00 | mass=2.73e+02 | neg=0.00e+00 | grad=7.23e+03
Iter 2800/4000 | log_obj=4.534e+00 | log_Bellman_root=8.121e-01 | mass=8.79e+01 | neg=0.00e+00 | grad=1.14e+04
Iter 3200/4000 | log_obj=5.070e+00 | log_Bellman_root=1.082e+00 | mass=1.50e+02 | neg=0.00e+00 | grad=5.36e+03
Iter 3600/4000 | log_obj=5.671e+00 | log_Bellman_root=1.398e+00 | mass=2.73e+02 | neg=0.00e+00 | grad=7.23e+03
Iter 4000/4000 | log_obj=4.534e+00 | log_Bellman_root=8.121e-01 | mass=8.79e+01 | neg=0.00e+00 | grad=1.14e+04
Done in 10.61s.
KE-DRL global estimation is done.
B_hat shape: (3082, 800)
B_hat rank diagnostics: {'B_num_rows': 3082, 'B_num_cols': 800, 'B_min_dim': 800, 'B_numerical_rank': 800, 'B_rank_fraction': 1.0, 'B_rank_tolerance': 3.2387117148147126e-05, 'B_stable_rank': 293.0403747558594, 'B_effective_rank': 770.2544279902586, 'B_entropy_rank': 6.646720886230469, 'B_spectral_norm': 0.0881514698266983, 'B_frobenius_norm': 1.5090140104293823, 'B_nuclear_norm': 41.167091369628906, 'B_condition_number': 3.43844055698047, 'B_condition_number_tol': 3.43844055698047, 'B_smallest_singular_value': 0.025637049227952957, 'B_rank_rel_1em2': 800, 'B_rank_rel_1em3': 800, 'B_rank_rel_1em4': 800}
Global-loss target mass diagnostics: {'target_mass_mean': -7.552436351776123, 'target_mass_min': -15.26583480834961, 'target_mass_max': 0.3867834210395813, 'target_mass_sd': 3.8626911640167236, 'target_mass_rmse_to_target': 9.37631893157959, 'target_beta_min': -0.021193882450461388, 'target_beta_max': 0.009981696493923664, 'target_neg_frac_mean': 0.9744125}
Return dictionary Z_grid shape: (800, 3)
Replicate 61 risk metrics: {'risk_n_steps_recorded': 81.0, 'risk_n_diagnostics_recorded': 81.0, 'risk_log_obj_initial': 9.791984184698137, 'risk_log_obj_final': 4.53417851494789, 'risk_log_obj_min': 4.53417851494789, 'risk_obj_initial': 17889.767578125, 'risk_obj_final': 93.14696502685545, 'risk_obj_min': 93.14696502685545, 'risk_log_obj_drop': 5.257805669750247, 'risk_log_bellman_root_initial': 3.4599486846355125, 'risk_log_bellman_root_final': 0.8121295369251279, 'risk_log_bellman_root_min': 0.8120681496943511, 'risk_bellman_root_initial': 31.815343856811527, 'risk_bellman_root_final': 2.252700090408325, 'risk_bellman_root_min': 2.2525618076324463, 'risk_bellman_initial': 1012.216104727155, 'risk_bellman_final': 5.0746576973256765, 'risk_bellman_min': 5.074034697204353, 'risk_log_bellman_root_drop': 2.6478191477103845, 'risk_bellman_returned': 5.074657440185547, 'risk_obj_returned': 93.14696502685547, 'risk_returned_step': 4000.0, 'offline_data_id': 61, 'benchmark_point_source': 'fixed_config_plus_support_safe_target_policy_draws', 'target_set_size': 100, 'lambda_reg': 0.005, 'lambda_B': 0.2, 'num_steps': 4000, 'transition_reduction_enabled': 1, 'transition_reduction_method': 'kmeans', 'transition_original_rows': 12000, 'transition_reduced_rows': 3082, 'transition_compression_ratio': 0.25683333333333336, 'target_mass_mean': -7.552436351776123, 'target_mass_min': -15.26583480834961, 'target_mass_max': 0.3867834210395813, 'target_mass_sd': 3.8626911640167236, 'target_mass_rmse_to_target': 9.37631893157959, 'target_beta_min': -0.021193882450461388, 'target_beta_max': 0.009981696493923664, 'target_neg_frac_mean': 0.9744125, 'B_num_rows': 3082, 'B_num_cols': 800, 'B_min_dim': 800, 'B_numerical_rank': 800, 'B_rank_fraction': 1.0, 'B_rank_tolerance': 3.2387117148147126e-05, 'B_stable_rank': 293.0403747558594, 'B_effective_rank': 770.2544279902586, 'B_entropy_rank': 6.646720886230469, 'B_spectral_norm': 0.0881514698266983, 'B_frobenius_norm': 1.5090140104293823, 'B_nuclear_norm': 41.167091369628906, 'B_condition_number': 3.43844055698047, 'B_condition_number_tol': 3.43844055698047, 'B_smallest_singular_value': 0.025637049227952957, 'B_rank_rel_1em2': 800, 'B_rank_rel_1em3': 800, 'B_rank_rel_1em4': 800, 'risk_objective_final_raw': 93.14696502685547, 'risk_objective_min_raw': 93.14696502685547, 'risk_objective_max_raw': 17889.767578125, 'risk_bellman_final_raw': 5.074657440185547, 'risk_bellman_min_raw': 5.074034214019775, 'risk_bellman_max_raw': 1012.2161254882812, 'risk_rkhs_ridge_final_raw': 0.15695102512836456, 'risk_rkhs_ridge_min_raw': 0.15695102512836456, 'risk_rkhs_ridge_max_raw': 23.342025756835938, 'risk_mass_final_raw': 87.91535949707031, 'risk_mass_min_raw': 87.91535949707031, 'risk_mass_max_raw': 16854.208984375, 'risk_negativity_final_raw': 0.0, 'risk_negativity_min_raw': 0.0, 'risk_negativity_max_raw': 0.0, 'risk_B_norm_final_raw': 1.5088481903076172, 'risk_B_norm_min_raw': 1.5088481903076172, 'risk_B_norm_max_raw': 1.6394764184951782, 'risk_diagnostic_step_final_raw': 4000.0, 'risk_diagnostic_step_min_raw': 1.0, 'risk_diagnostic_step_max_raw': 4000.0, 'risk_best_step_final_raw': 4000.0, 'risk_best_step_min_raw': 4000.0, 'risk_best_step_max_raw': 4000.0, 'risk_best_objective_final_raw': 93.14696502685547, 'risk_best_objective_min_raw': 93.14696502685547, 'risk_best_objective_max_raw': 93.14696502685547, 'risk_best_bellman_final_raw': 5.074657440185547, 'risk_best_bellman_min_raw': 5.074657440185547, 'risk_best_bellman_max_raw': 5.074657440185547, 'risk_returned_step_final_raw': 4000.0, 'risk_returned_step_min_raw': 4000.0, 'risk_returned_step_max_raw': 4000.0, 'risk_returned_objective_final_raw': 93.14696502685547, 'risk_returned_objective_min_raw': 93.14696502685547, 'risk_returned_objective_max_raw': 93.14696502685547, 'risk_returned_bellman_final_raw': 5.074657440185547, 'risk_returned_bellman_min_raw': 5.074657440185547, 'risk_returned_bellman_max_raw': 5.074657440185547, 'risk_returned_best_checkpoint_final_raw': 1.0, 'risk_returned_best_checkpoint_min_raw': 1.0, 'risk_returned_best_checkpoint_max_raw': 1.0}
Benchmark 0 evaluation grid shape: (800, 3)
Replicate 61, benchmark 0 metrics: {'run_id': '61_b0', 'RMSE': 1.7976626125441224, 'MAE': 1.5591846971686756, 'SupNorm': 3.7449295222759247, 'Bias': -1.5591846971686756, 'Corr': -0.40903728168375775, 'deming_slope': -21.632939104036904, 'deming_intercept': 4.375608676924095, 'beta_sum': -5.950968265533447, 'beta_l1': 5.950968265533447, 'beta_l2': 0.2138860672712326, 'beta_min': -0.010106022469699383, 'beta_max': -0.0015212397556751966, 'beta_neg_frac': 1.0, 'offline_data_id': 61, 'benchmark_id': 0, 'benchmark_point_source': 'fixed_config', 'target_set_size': 100, 'benchmark_z_path': 'data/Z_true.pt', 'projected_bellman_test_risk': 0.027005940675735474, 'oracle_embedding_risk': 18.073450088500977, 'benchmark_embedding_risk': 18.073450088500977, 'risk_bellman_final': 5.0746576973256765, 'risk_obj_final': 93.14696502685545, 'B_num_rows': 3082, 'B_num_cols': 800, 'B_min_dim': 800, 'B_numerical_rank': 800, 'B_rank_fraction': 1.0, 'B_rank_tolerance': 3.2387117148147126e-05, 'B_stable_rank': 293.0403747558594, 'B_effective_rank': 770.2544279902586, 'B_entropy_rank': 6.646720886230469, 'B_spectral_norm': 0.0881514698266983, 'B_frobenius_norm': 1.5090140104293823, 'B_nuclear_norm': 41.167091369628906, 'B_condition_number': 3.43844055698047, 'B_condition_number_tol': 3.43844055698047, 'B_smallest_singular_value': 0.025637049227952957, 'B_rank_rel_1em2': 800, 'B_rank_rel_1em3': 800, 'B_rank_rel_1em4': 800}
Saved ./mu/mu_hat.csv shape=(800,)
Saved ./mu/mu2D_hat_dims01.csv shape=(120, 120)
Saved ./mu/mu2D_hat_dims01.csv shape=(120, 120)
Saved plots/replicate_61/mu_3D.png
Benchmark 1 evaluation grid shape: (800, 3)
Replicate 61, benchmark 1 metrics: {'run_id': '61_b1', 'RMSE': 5.613910206011473, 'MAE': 5.169047049400105, 'SupNorm': 9.340443074703217, 'Bias': -5.169047049400105, 'Corr': -0.9914965900110607, 'deming_slope': -22.06477619814617, 'deming_intercept': 0.8401178196157506, 'beta_sum': -15.82400131225586, 'beta_l1': 15.82400131225586, 'beta_l2': 0.5599228739738464, 'beta_min': -0.021264277398586273, 'beta_max': -0.014853226952254772, 'beta_neg_frac': 1.0, 'offline_data_id': 61, 'benchmark_id': 1, 'benchmark_point_source': 'fixed_config', 'target_set_size': 100, 'benchmark_z_path': 'data/Z_true.pt', 'projected_bellman_test_risk': 9.098104476928711, 'oracle_embedding_risk': 107.11956024169922, 'benchmark_embedding_risk': 107.11956024169922, 'risk_bellman_final': 5.0746576973256765, 'risk_obj_final': 93.14696502685545, 'B_num_rows': 3082, 'B_num_cols': 800, 'B_min_dim': 800, 'B_numerical_rank': 800, 'B_rank_fraction': 1.0, 'B_rank_tolerance': 3.2387117148147126e-05, 'B_stable_rank': 293.0403747558594, 'B_effective_rank': 770.2544279902586, 'B_entropy_rank': 6.646720886230469, 'B_spectral_norm': 0.0881514698266983, 'B_frobenius_norm': 1.5090140104293823, 'B_nuclear_norm': 41.167091369628906, 'B_condition_number': 3.43844055698047, 'B_condition_number_tol': 3.43844055698047, 'B_smallest_singular_value': 0.025637049227952957, 'B_rank_rel_1em2': 800, 'B_rank_rel_1em3': 800, 'B_rank_rel_1em4': 800}
Benchmark 2 evaluation grid shape: (800, 3)
Replicate 61, benchmark 2 metrics: {'run_id': '61_b2', 'RMSE': 5.293468313736175, 'MAE': 4.874926252097648, 'SupNorm': 8.815784364938736, 'Bias': -4.874926252097648, 'Corr': -0.9075633550035856, 'deming_slope': -23.47872096101664, 'deming_intercept': 1.6861930878954992, 'beta_sum': -14.878995895385742, 'beta_l1': 14.878995895385742, 'beta_l2': 0.5267091393470764, 'beta_min': -0.020619235932826996, 'beta_max': -0.013541823253035545, 'beta_neg_frac': 1.0, 'offline_data_id': 61, 'benchmark_id': 2, 'benchmark_point_source': 'fixed_config', 'target_set_size': 100, 'benchmark_z_path': 'data/Z_true.pt', 'projected_bellman_test_risk': 7.330599784851074, 'oracle_embedding_risk': 95.48954010009766, 'benchmark_embedding_risk': 95.48954010009766, 'risk_bellman_final': 5.0746576973256765, 'risk_obj_final': 93.14696502685545, 'B_num_rows': 3082, 'B_num_cols': 800, 'B_min_dim': 800, 'B_numerical_rank': 800, 'B_rank_fraction': 1.0, 'B_rank_tolerance': 3.2387117148147126e-05, 'B_stable_rank': 293.0403747558594, 'B_effective_rank': 770.2544279902586, 'B_entropy_rank': 6.646720886230469, 'B_spectral_norm': 0.0881514698266983, 'B_frobenius_norm': 1.5090140104293823, 'B_nuclear_norm': 41.167091369628906, 'B_condition_number': 3.43844055698047, 'B_condition_number_tol': 3.43844055698047, 'B_smallest_singular_value': 0.025637049227952957, 'B_rank_rel_1em2': 800, 'B_rank_rel_1em3': 800, 'B_rank_rel_1em4': 800}
Benchmark 3 evaluation grid shape: (800, 3)
Replicate 61, benchmark 3 metrics: {'run_id': '61_b3', 'RMSE': 5.176058328557397, 'MAE': 4.733699371549301, 'SupNorm': 8.743337988853455, 'Bias': -4.733699371549301, 'Corr': -0.9355122055841872, 'deming_slope': -22.486555220037065, 'deming_intercept': 1.3551911209916483, 'beta_sum': -14.826069831848145, 'beta_l1': 14.826069831848145, 'beta_l2': 0.5248521566390991, 'beta_min': -0.020360808819532394, 'beta_max': -0.013480880297720432, 'beta_neg_frac': 1.0, 'offline_data_id': 61, 'benchmark_id': 3, 'benchmark_point_source': 'fixed_config', 'target_set_size': 100, 'benchmark_z_path': 'data/Z_true.pt', 'projected_bellman_test_risk': 7.3403706550598145, 'oracle_embedding_risk': 95.00343322753906, 'benchmark_embedding_risk': 95.00343322753906, 'risk_bellman_final': 5.0746576973256765, 'risk_obj_final': 93.14696502685545, 'B_num_rows': 3082, 'B_num_cols': 800, 'B_min_dim': 800, 'B_numerical_rank': 800, 'B_rank_fraction': 1.0, 'B_rank_tolerance': 3.2387117148147126e-05, 'B_stable_rank': 293.0403747558594, 'B_effective_rank': 770.2544279902586, 'B_entropy_rank': 6.646720886230469, 'B_spectral_norm': 0.0881514698266983, 'B_frobenius_norm': 1.5090140104293823, 'B_nuclear_norm': 41.167091369628906, 'B_condition_number': 3.43844055698047, 'B_condition_number_tol': 3.43844055698047, 'B_smallest_singular_value': 0.025637049227952957, 'B_rank_rel_1em2': 800, 'B_rank_rel_1em3': 800, 'B_rank_rel_1em4': 800}
Benchmark 4 evaluation grid shape: (800, 3)
Replicate 61, benchmark 4 metrics: {'run_id': '61_b4', 'RMSE': 1.0701542200485181, 'MAE': 0.8813773026381932, 'SupNorm': 2.830291748046875, 'Bias': -0.8813773026381932, 'Corr': -0.07377961154397326, 'deming_slope': -82.9019484596722, 'deming_intercept': 21.487275122026478, 'beta_sum': -4.572850227355957, 'beta_l1': 4.63960075378418, 'beta_l2': 0.16930413246154785, 'beta_min': -0.008252814412117004, 'beta_max': 0.0053064883686602116, 'beta_neg_frac': 0.975, 'offline_data_id': 61, 'benchmark_id': 4, 'benchmark_point_source': 'support_safe_target_policy_draw', 'target_set_size': 100, 'benchmark_z_path': 'data/Z_true.pt', 'projected_bellman_test_risk': 0.017508435994386673, 'oracle_embedding_risk': 11.269588470458984, 'benchmark_embedding_risk': 11.269588470458984, 'risk_bellman_final': 5.0746576973256765, 'risk_obj_final': 93.14696502685545, 'B_num_rows': 3082, 'B_num_cols': 800, 'B_min_dim': 800, 'B_numerical_rank': 800, 'B_rank_fraction': 1.0, 'B_rank_tolerance': 3.2387117148147126e-05, 'B_stable_rank': 293.0403747558594, 'B_effective_rank': 770.2544279902586, 'B_entropy_rank': 6.646720886230469, 'B_spectral_norm': 0.0881514698266983, 'B_frobenius_norm': 1.5090140104293823, 'B_nuclear_norm': 41.167091369628906, 'B_condition_number': 3.43844055698047, 'B_condition_number_tol': 3.43844055698047, 'B_smallest_singular_value': 0.025637049227952957, 'B_rank_rel_1em2': 800, 'B_rank_rel_1em3': 800, 'B_rank_rel_1em4': 800}
Benchmark 5 evaluation grid shape: (800, 3)
Replicate 61, benchmark 5 metrics: {'run_id': '61_b5', 'RMSE': 0.29327753552426356, 'MAE': 0.27671664476538693, 'SupNorm': 0.44830888509750366, 'Bias': -0.27671664476538693, 'Corr': -0.0527771872686801, 'deming_slope': -0.013827635822078492, 'deming_intercept': -0.01617855082698471, 'beta_sum': -0.1574786752462387, 'beta_l1': 0.2507775127887726, 'beta_l2': 0.010587272234261036, 'beta_min': -0.0008845353731885552, 'beta_max': 0.001255358918569982, 'beta_neg_frac': 0.77625, 'offline_data_id': 61, 'benchmark_id': 5, 'benchmark_point_source': 'support_safe_target_policy_draw', 'target_set_size': 100, 'benchmark_z_path': 'data/Z_true.pt', 'projected_bellman_test_risk': 0.02626514807343483, 'oracle_embedding_risk': 1.057630181312561, 'benchmark_embedding_risk': 1.057630181312561, 'risk_bellman_final': 5.0746576973256765, 'risk_obj_final': 93.14696502685545, 'B_num_rows': 3082, 'B_num_cols': 800, 'B_min_dim': 800, 'B_numerical_rank': 800, 'B_rank_fraction': 1.0, 'B_rank_tolerance': 3.2387117148147126e-05, 'B_stable_rank': 293.0403747558594, 'B_effective_rank': 770.2544279902586, 'B_entropy_rank': 6.646720886230469, 'B_spectral_norm': 0.0881514698266983, 'B_frobenius_norm': 1.5090140104293823, 'B_nuclear_norm': 41.167091369628906, 'B_condition_number': 3.43844055698047, 'B_condition_number_tol': 3.43844055698047, 'B_smallest_singular_value': 0.025637049227952957, 'B_rank_rel_1em2': 800, 'B_rank_rel_1em3': 800, 'B_rank_rel_1em4': 800}
Benchmark 6 evaluation grid shape: (800, 3)
Replicate 61, benchmark 6 metrics: {'run_id': '61_b6', 'RMSE': 2.8279971467451483, 'MAE': 2.5098385141964537, 'SupNorm': 5.323412656784058, 'Bias': -2.5098385141964537, 'Corr': -0.6182898143700262, 'deming_slope': -20.976222181498827, 'deming_intercept': 3.2916905076027967, 'beta_sum': -8.634224891662598, 'beta_l1': 8.634224891662598, 'beta_l2': 0.30763599276542664, 'beta_min': -0.013557171449065208, 'beta_max': -0.0049176448956131935, 'beta_neg_frac': 1.0, 'offline_data_id': 61, 'benchmark_id': 6, 'benchmark_point_source': 'support_safe_target_policy_draw', 'target_set_size': 100, 'benchmark_z_path': 'data/Z_true.pt', 'projected_bellman_test_risk': 0.07654169946908951, 'oracle_embedding_risk': 35.32199478149414, 'benchmark_embedding_risk': 35.32199478149414, 'risk_bellman_final': 5.0746576973256765, 'risk_obj_final': 93.14696502685545, 'B_num_rows': 3082, 'B_num_cols': 800, 'B_min_dim': 800, 'B_numerical_rank': 800, 'B_rank_fraction': 1.0, 'B_rank_tolerance': 3.2387117148147126e-05, 'B_stable_rank': 293.0403747558594, 'B_effective_rank': 770.2544279902586, 'B_entropy_rank': 6.646720886230469, 'B_spectral_norm': 0.0881514698266983, 'B_frobenius_norm': 1.5090140104293823, 'B_nuclear_norm': 41.167091369628906, 'B_condition_number': 3.43844055698047, 'B_condition_number_tol': 3.43844055698047, 'B_smallest_singular_value': 0.025637049227952957, 'B_rank_rel_1em2': 800, 'B_rank_rel_1em3': 800, 'B_rank_rel_1em4': 800}
Benchmark 7 evaluation grid shape: (800, 3)
Replicate 61, benchmark 7 metrics: {'run_id': '61_b7', 'RMSE': 2.84333544665101, 'MAE': 2.4775381150201428, 'SupNorm': 5.7076157331466675, 'Bias': -2.4775381150201428, 'Corr': -0.5219822872037136, 'deming_slope': -27.547949019199937, 'deming_intercept': 4.9873278030534065, 'beta_sum': -9.45132827758789, 'beta_l1': 9.45132827758789, 'beta_l2': 0.33709120750427246, 'beta_min': -0.014349524863064289, 'beta_max': -0.00356069253757596, 'beta_neg_frac': 1.0, 'offline_data_id': 61, 'benchmark_id': 7, 'benchmark_point_source': 'support_safe_target_policy_draw', 'target_set_size': 100, 'benchmark_z_path': 'data/Z_true.pt', 'projected_bellman_test_risk': 1.5862871408462524, 'oracle_embedding_risk': 41.03703689575195, 'benchmark_embedding_risk': 41.03703689575195, 'risk_bellman_final': 5.0746576973256765, 'risk_obj_final': 93.14696502685545, 'B_num_rows': 3082, 'B_num_cols': 800, 'B_min_dim': 800, 'B_numerical_rank': 800, 'B_rank_fraction': 1.0, 'B_rank_tolerance': 3.2387117148147126e-05, 'B_stable_rank': 293.0403747558594, 'B_effective_rank': 770.2544279902586, 'B_entropy_rank': 6.646720886230469, 'B_spectral_norm': 0.0881514698266983, 'B_frobenius_norm': 1.5090140104293823, 'B_nuclear_norm': 41.167091369628906, 'B_condition_number': 3.43844055698047, 'B_condition_number_tol': 3.43844055698047, 'B_smallest_singular_value': 0.025637049227952957, 'B_rank_rel_1em2': 800, 'B_rank_rel_1em3': 800, 'B_rank_rel_1em4': 800}
Benchmark 8 evaluation grid shape: (800, 3)
Replicate 61, benchmark 8 metrics: {'run_id': '61_b8', 'RMSE': 1.2226639126848264, 'MAE': 1.0799235718222917, 'SupNorm': 2.4642419517040253, 'Bias': -1.0799235718222917, 'Corr': -0.5121279679623629, 'deming_slope': -10.104627705763004, 'deming_intercept': 1.8127673394105752, 'beta_sum': -3.5725131034851074, 'beta_l1': 3.596259832382202, 'beta_l2': 0.13176943361759186, 'beta_min': -0.006972495000809431, 'beta_max': 0.003305041929706931, 'beta_neg_frac': 0.98875, 'offline_data_id': 61, 'benchmark_id': 8, 'benchmark_point_source': 'support_safe_target_policy_draw', 'target_set_size': 100, 'benchmark_z_path': 'data/Z_true.pt', 'projected_bellman_test_risk': 1.4715062379837036, 'oracle_embedding_risk': 8.120454788208008, 'benchmark_embedding_risk': 8.120454788208008, 'risk_bellman_final': 5.0746576973256765, 'risk_obj_final': 93.14696502685545, 'B_num_rows': 3082, 'B_num_cols': 800, 'B_min_dim': 800, 'B_numerical_rank': 800, 'B_rank_fraction': 1.0, 'B_rank_tolerance': 3.2387117148147126e-05, 'B_stable_rank': 293.0403747558594, 'B_effective_rank': 770.2544279902586, 'B_entropy_rank': 6.646720886230469, 'B_spectral_norm': 0.0881514698266983, 'B_frobenius_norm': 1.5090140104293823, 'B_nuclear_norm': 41.167091369628906, 'B_condition_number': 3.43844055698047, 'B_condition_number_tol': 3.43844055698047, 'B_smallest_singular_value': 0.025637049227952957, 'B_rank_rel_1em2': 800, 'B_rank_rel_1em3': 800, 'B_rank_rel_1em4': 800}
Benchmark 9 evaluation grid shape: (800, 3)
Replicate 61, benchmark 9 metrics: {'run_id': '61_b9', 'RMSE': 3.041704999933828, 'MAE': 2.692208765890682, 'SupNorm': 5.624931216239929, 'Bias': -2.692208765890682, 'Corr': -0.6350104701609879, 'deming_slope': -22.26028939412706, 'deming_intercept': 3.4895666555406746, 'beta_sum': -9.22848892211914, 'beta_l1': 9.22848892211914, 'beta_l2': 0.32833388447761536, 'beta_min': -0.013831879012286663, 'beta_max': -0.004573848098516464, 'beta_neg_frac': 1.0, 'offline_data_id': 61, 'benchmark_id': 9, 'benchmark_point_source': 'support_safe_target_policy_draw', 'target_set_size': 100, 'benchmark_z_path': 'data/Z_true.pt', 'projected_bellman_test_risk': 0.08329261839389801, 'oracle_embedding_risk': 39.56968688964844, 'benchmark_embedding_risk': 39.56968688964844, 'risk_bellman_final': 5.0746576973256765, 'risk_obj_final': 93.14696502685545, 'B_num_rows': 3082, 'B_num_cols': 800, 'B_min_dim': 800, 'B_numerical_rank': 800, 'B_rank_fraction': 1.0, 'B_rank_tolerance': 3.2387117148147126e-05, 'B_stable_rank': 293.0403747558594, 'B_effective_rank': 770.2544279902586, 'B_entropy_rank': 6.646720886230469, 'B_spectral_norm': 0.0881514698266983, 'B_frobenius_norm': 1.5090140104293823, 'B_nuclear_norm': 41.167091369628906, 'B_condition_number': 3.43844055698047, 'B_condition_number_tol': 3.43844055698047, 'B_smallest_singular_value': 0.025637049227952957, 'B_rank_rel_1em2': 800, 'B_rank_rel_1em3': 800, 'B_rank_rel_1em4': 800}
Replicate 61 finished in 19.6s
Finished combo 6, offline replicate 61.
