Job ID:    2359100
Array idx: 312
CPUs/node: 64
Mem/node:  131072
Using CC = cc 
Using CXX = CC 
Using FC = ftn 
Using F77 = ftn 
Using F90 = ftn 
cuda/12.6.1 is deprecated; loading cudatoolkit/25.5_12.9 instead.
Using CC = /opt/nvidia/hpc_sdk/Linux_aarch64/25.5/compilers/bin/nvc 
Using CXX = /opt/nvidia/hpc_sdk/Linux_aarch64/25.5/compilers/bin/nvc++ 
Using FC = /opt/nvidia/hpc_sdk/Linux_aarch64/25.5/compilers/bin/nvfortran 
Using F77 = /opt/nvidia/hpc_sdk/Linux_aarch64/25.5/compilers/bin/nvfortran 
Using F90 = /opt/nvidia/hpc_sdk/Linux_aarch64/25.5/compilers/bin/nvfortran 
Using CC = /opt/nvidia/hpc_sdk/Linux_aarch64/25.5/compilers/bin/nvc 
Using CXX = /opt/nvidia/hpc_sdk/Linux_aarch64/25.5/compilers/bin/nvc++ 
Using FC = /opt/nvidia/hpc_sdk/Linux_aarch64/25.5/compilers/bin/nvfortran 
Using F77 = /opt/nvidia/hpc_sdk/Linux_aarch64/25.5/compilers/bin/nvfortran 
Using F90 = /opt/nvidia/hpc_sdk/Linux_aarch64/25.5/compilers/bin/nvfortran 

Lmod is automatically replacing "gcc-native/14" with "gcc/14.2.0".

ghx4
0
Tuning combo id: 3 / 6
Offline replicate id: 12 / 99
Installing ke_drl from git: https://github.com/mehrdadmhmdi/ke-drl.git@main
Collecting git+https://github.com/mehrdadmhmdi/ke-drl.git@main
  Cloning https://github.com/mehrdadmhmdi/ke-drl.git (to revision main) to /tmp/pip-req-build-ycz8s6fp
  Running command git clone --filter=blob:none --quiet https://github.com/mehrdadmhmdi/ke-drl.git /tmp/pip-req-build-ycz8s6fp
  Resolved https://github.com/mehrdadmhmdi/ke-drl.git to commit 3c5d570e40ea15b1fbe4817b5f43b64c7b333e82
  Installing build dependencies: started
  Installing build dependencies: finished with status 'done'
  Getting requirements to build wheel: started
  Getting requirements to build wheel: finished with status 'done'
  Preparing metadata (pyproject.toml): started
  Preparing metadata (pyproject.toml): finished with status 'done'
Building wheels for collected packages: ke_drl
  Building wheel for ke_drl (pyproject.toml): started
  Building wheel for ke_drl (pyproject.toml): finished with status 'done'
  Created wheel for ke_drl: filename=ke_drl-0.1.0-py3-none-any.whl size=47219 sha256=da8b2fa2c8105748641f77d663a9544e393b58683f699ce330b5d4ac2de54f53
  Stored in directory: /tmp/pip-ephem-wheel-cache-_l57xnd6/wheels/24/47/ad/9a4ffd3b05d3e90e35ffc6e7324b735b8bfcf5f51aaf29a333
Successfully built ke_drl
Installing collected packages: ke_drl
Successfully installed ke_drl-0.1.0
Installed ke_drl source: /work/nvme/bfez/mehrdad3/DistRL/simulation_3/runs/sim3_global_2358722_3/.kedrl_site_312/ke_drl/__init__.py
Tuning combo 3: kernel_nu_7.5
Overrides: {'kernel': {'nu': 7.5}}
RUN: /sw/user/python/miniforge3-pytorch-24.11.3/bin/python3 validate_sim_config.py --params params.yaml
ke_drl import source: /work/nvme/bfez/mehrdad3/DistRL/simulation_3/runs/sim3_global_2358722_3/.kedrl_site_312/ke_drl/__init__.py
ke_drl package API OK: prediction weights, RFF operators, rank diagnostics, and best-checkpoint optimizer available
Policy config OK: behavior=uniform, target=logistic, state_dim=5, action_dim=1
Note: policy.logistic.theta_scale/theta_std are log-scale coefficients in Probability_Densities.
Behavior-policy linearized state-process diagnostic: spectral_radius=0.653, offline_burn_in=50
Replicate config OK: num_replicates=100, benchmark points=10 independent of D_i, loss target points=100
Transition reduction OK: method=kmeans, raw rows N(T-1)=12000, target rows about 3000, B rows reduced from 12000 to about 3000
Return-operator approximation OK: method=rff, features=512, exact G avoided for estimated N=12000, m=800, L=100
Fixed benchmark config rows=4 (benchmark.num_points=10; additional points are support-safe target-policy draws if needed)
Fixed benchmark point 0: s_star=[0.6, -0.8, 0.7, -0.5, 0.9], a_star=[0.5]
Fixed benchmark behavior-support interval for configured rows: min_lower=-0.12, max_upper=1.11
Fixed benchmark target-policy location range: [-0.02, 0.14]
Reusing shared data from /work/nvme/bfez/mehrdad3/DistRL/simulation_3/runs/sim3_shared_data/data for offline replicate 12.
RUN: /sw/user/python/miniforge3-pytorch-24.11.3/bin/python3 validate_sim_config.py --params params.yaml --data data/offline_data_12.pt
ke_drl import source: /work/nvme/bfez/mehrdad3/DistRL/simulation_3/runs/sim3_global_2358722_3/.kedrl_site_312/ke_drl/__init__.py
ke_drl package API OK: prediction weights, RFF operators, rank diagnostics, and best-checkpoint optimizer available
Policy config OK: behavior=uniform, target=logistic, state_dim=5, action_dim=1
Note: policy.logistic.theta_scale/theta_std are log-scale coefficients in Probability_Densities.
Behavior-policy linearized state-process diagnostic: spectral_radius=0.653, offline_burn_in=50
Replicate config OK: num_replicates=100, benchmark points=10 independent of D_i, loss target points=100
Transition reduction OK: method=kmeans, raw rows N(T-1)=12000, target rows about 3000, B rows reduced from 12000 to about 3000
Return-operator approximation OK: method=rff, features=512, exact G avoided for estimated N=12000, m=800, L=100
Fixed benchmark config rows=4 (benchmark.num_points=10; additional points are support-safe target-policy draws if needed)
Fixed benchmark point 0: s_star=[0.6, -0.8, 0.7, -0.5, 0.9], a_star=[0.5]
Fixed benchmark behavior-support interval for configured rows: min_lower=-0.12, max_upper=1.11
Fixed benchmark target-policy location range: [-0.02, 0.14]
Full benchmark support check OK: 10 points, min_lower=-2.177, max_upper=2.05
observed behavior actions: mean=0.3916, sd=0.6659, q0/q10/q50/q90/q100=[-1.9966546297073364, -0.41271717548370357, 0.3350885659456253, 1.2952340483665468, 2.83158016204834]
target-policy sampled actions: mean=-0.02014, sd=0.6599, q0/q10/q50/q90/q100=[-2.5409089036561334, -0.8706624293973272, -0.019503171787674668, 0.8272749023487926, 2.4898436496460374]
behavior uniform lower: mean=-0.1213, sd=0.6529, q0/q10/q50/q90/q100=[-2.70717031955719, -0.9562030142545699, -0.11689965575933457, 0.7151460063457491, 2.3457272052764893]
behavior uniform upper: mean=0.915, sd=0.6415, q0/q10/q50/q90/q100=[-0.9899859011173247, 0.07730842884629967, 0.9175057005137206, 1.7539132383465765, 3.3457272052764893]
target location inside behavior uniform support: 0.968
RUN: /sw/user/python/miniforge3-pytorch-24.11.3/bin/python3 main_est.py
# ================================================================ #
#   Global KE-DRL estimation for one offline replicate              #
# ================================================================ #
Slurm Job ID: 2359100
Slurm Array ID: 12 -- used as the offline-replicate id
Offline data id: 12
ke_drl import source: /work/nvme/bfez/mehrdad3/DistRL/simulation_3/runs/sim3_global_2358722_3/.kedrl_site_312/ke_drl/__init__.py
Estimator device: cuda (NVIDIA GH200 120GB, capability 9.0); torch CUDA=13.0
Random seed: 20460524
Number of offline replicates: 100
[transition reduction] enabled: original rows=12000, target basis=3000, method=kmeans, device=cuda
[transition reduction] kmeans iter 1/20, mean center shift=2.7731e-01
[transition reduction] kmeans iter 5/20, mean center shift=5.7123e-03
[transition reduction] selected 3078 rows from 12000 transitions (ratio 0.2565); indices saved to data/reduced_transition_indices_12.pt
Data and parameters loaded.
offline path: data/offline_data_12.pt
benchmark true-Z path: data/Z_true.pt
offline shapes after reduction: s0=(3078, 5), a0=(3078, 1), r0=(3078, 3)
transition reduction: {'enabled': True, 'method': 'kmeans', 'original_rows': 12000, 'reduced_rows': 3078, 'selected_indices_path': 'data/reduced_transition_indices_12.pt', 'target_basis': 3000, 'compression_ratio': 0.2565}
fixed benchmark point source: fixed_config_plus_support_safe_target_policy_draws
benchmark row excluded from this offline data: None
global loss target set shape: s_star=(100, 5), a_star=(100, 1)
benchmark true-Z count=10, shape each=(50000, 3)
target policy: logistic
behavior policy: uniform
lambda_Gamma=0.005, lambda_B=0.02, d_r_method=song
dtype=torch.float32, operator_method=rff, operator_num_features=512
ridge_mode=rkhs, diagnostic_interval=50
mass_anchor_lambda=1.0, target_mass=1.0
uLSIF basis: source=numerator, n_basis=512, lambda_reg=0.005
optimizer stabilizers: lambda_neg=0.0, max_B_norm=None, eta_clip_min=0.0, eta_clip_max=5.0, normalize_eta=True
========================================
Estimating the global KE-DRL mean embedding
torch device=cuda, dtype=torch.float32
Data dims: N=3078, L=100, Ds=5, Da=1, Dr=3
lambda_Gamma=0.005, lambda_B=0.02
return-operator construction: method=rff, rff_features=512
[uLSIF] basis=512/3078 (numerator); eta_hat min=-9.989e-01 max=5.331e+00 neg%=4.68
ESS for eta_plus: 2162.2 / 3078
eta_plus diagnostics: raw_mean=0.994, raw_min=-0.999, raw_max=5.33; used_mean=1, used_min=0, used_max=4.97
[timing] Z-grid: 0.03s
[timing] K_X: 0.00s
[timing] K_plus: 0.00s
[timing] k_star: 0.00s
[timing] Gamma_stack: 0.01s
[timing] Phi_stack: 0.00s
[timing] RFF feature sample: 0.00s
[timing] K_Z RFF: 0.00s
[timing] G_stack RFF: 0.01s
[timing] H_stack RFF: 0.01s
findfont: Font family 'Nimbus Roman' not found.
findfont: Font family 'Nimbus Roman' not found.
findfont: Font family 'Nimbus Roman' not found.
findfont: Font family 'Nimbus Roman' not found.
findfont: Font family 'Nimbus Roman' not found.
findfont: Font family 'Nimbus Roman' not found.
findfont: Font family 'Nimbus Roman' not found.
findfont: Font family 'Nimbus Roman' not found.
findfont: Font family 'Nimbus Roman' not found.
findfont: Font family 'Nimbus Roman' not found.
findfont: Font family 'Nimbus Roman' not found.
findfont: Font family 'Nimbus Roman' not found.
findfont: Font family 'Nimbus Roman' not found.
findfont: Font family 'Nimbus Roman' not found.
findfont: Font family 'Nimbus Roman' not found.
findfont: Font family 'Nimbus Roman' not found.
findfont: Font family 'Nimbus Roman' not found.
findfont: Font family 'Nimbus Roman' not found.
findfont: Font family 'Nimbus Roman' not found.
findfont: Font family 'Nimbus Roman' not found.
findfont: Font family 'Nimbus Roman' not found.
findfont: Font family 'Nimbus Roman' not found.
findfont: Font family 'Nimbus Roman' not found.
findfont: Font family 'Nimbus Roman' not found.
findfont: Font family 'Nimbus Roman' not found.
findfont: Font family 'Nimbus Roman' not found.
findfont: Font family 'Nimbus Roman' not found.
findfont: Font family 'Nimbus Roman' not found.
findfont: Font family 'Nimbus Roman' not found.
findfont: Font family 'Nimbus Roman' not found.
findfont: Font family 'Nimbus Roman' not found.
findfont: Font family 'Nimbus Roman' not found.
findfont: Font family 'Nimbus Roman' not found.
findfont: Font family 'Nimbus Roman' not found.
findfont: Font family 'Nimbus Roman' not found.
findfont: Font family 'Nimbus Roman' not found.
findfont: Font family 'Nimbus Roman' not found.
findfont: Font family 'Nimbus Roman' not found.
findfont: Font family 'Nimbus Roman' not found.
findfont: Font family 'Nimbus Roman' not found.
findfont: Font family 'Nimbus Roman' not found.
findfont: Font family 'Nimbus Roman' not found.
findfont: Font family 'Nimbus Roman' not found.
findfont: Font family 'Nimbus Roman' not found.
findfont: Font family 'Nimbus Roman' not found.
findfont: Font family 'Nimbus Roman' not found.
findfont: Font family 'Nimbus Roman' not found.
findfont: Font family 'Nimbus Roman' not found.
findfont: Font family 'Nimbus Roman' not found.
findfont: Font family 'Nimbus Roman' not found.
findfont: Font family 'Nimbus Roman' not found.
findfont: Font family 'Nimbus Roman' not found.
findfont: Font family ['Nimbus Roman'] not found. Falling back to DejaVu Sans.
findfont: Font family 'Nimbus Roman' not found.
findfont: Font family ['Nimbus Roman'] not found. Falling back to DejaVu Sans.
findfont: Font family 'Nimbus Roman' not found.
findfont: Font family 'Nimbus Roman' not found.
findfont: Font family 'Nimbus Roman' not found.
findfont: Font family 'Nimbus Roman' not found.
findfont: Font family 'Nimbus Roman' not found.
findfont: Font family 'Nimbus Roman' not found.
findfont: Font family 'Nimbus Roman' not found.
findfont: Font family 'Nimbus Roman' not found.
findfont: Font family 'Nimbus Roman' not found.
findfont: Font family 'Nimbus Roman' not found.
findfont: Font family 'Nimbus Roman' not found.
findfont: Font family 'Nimbus Roman' not found.
findfont: Font family ['Nimbus Roman'] not found. Falling back to DejaVu Sans.
findfont: Font family 'Nimbus Roman' not found.
findfont: Font family 'Nimbus Roman' not found.
findfont: Font family 'Nimbus Roman' not found.
findfont: Font family 'Nimbus Roman' not found.
findfont: Font family 'Nimbus Roman' not found.
findfont: Font family 'Nimbus Roman' not found.
findfont: Font family 'Nimbus Roman' not found.
findfont: Font family 'Nimbus Roman' not found.
findfont: Font family 'Nimbus Roman' not found.
findfont: Font family 'Nimbus Roman' not found.
findfont: Font family 'Nimbus Roman' not found.
findfont: Font family 'Nimbus Roman' not found.
findfont: Font family 'Nimbus Roman' not found.
findfont: Font family 'Nimbus Roman' not found.
findfont: Font family 'Nimbus Roman' not found.
findfont: Font family 'Nimbus Roman' not found.
findfont: Font family 'Nimbus Roman' not found.
findfont: Font family 'Nimbus Roman' not found.
findfont: Font family 'Nimbus Roman' not found.
findfont: Font family 'Nimbus Roman' not found.
findfont: Font family 'Nimbus Roman' not found.
findfont: Font family 'Nimbus Roman' not found.
findfont: Font family 'Nimbus Roman' not found.
findfont: Font family 'Nimbus Roman' not found.
findfont: Font family 'Nimbus Roman' not found.
findfont: Font family 'Nimbus Roman' not found.
findfont: Font family 'Nimbus Roman' not found.
findfont: Font family 'Nimbus Roman' not found.
findfont: Font family 'Nimbus Roman' not found.
findfont: Font family 'Nimbus Roman' not found.
findfont: Font family 'Nimbus Roman' not found.
findfont: Font family 'Nimbus Roman' not found.
findfont: Font family 'Nimbus Roman' not found.
findfont: Font family 'Nimbus Roman' not found.
findfont: Font family 'Nimbus Roman' not found.
findfont: Font family 'Nimbus Roman' not found.
findfont: Font family 'Nimbus Roman' not found.
findfont: Font family 'Nimbus Roman' not found.
findfont: Font family 'Nimbus Roman' not found.
findfont: Font family 'Nimbus Roman' not found.
findfont: Font family 'Nimbus Roman' not found.
findfont: Font family 'Nimbus Roman' not found.
findfont: Font family 'Nimbus Roman' not found.
findfont: Font family 'Nimbus Roman' not found.
findfont: Font family 'Nimbus Roman' not found.
findfont: Font family 'Nimbus Roman' not found.
findfont: Font family 'Nimbus Roman' not found.
findfont: Font family 'Nimbus Roman' not found.
findfont: Font family 'Nimbus Roman' not found.
findfont: Font family 'Nimbus Roman' not found.
findfont: Font family 'Nimbus Roman' not found.
findfont: Font family 'Nimbus Roman' not found.
findfont: Font family 'Nimbus Roman' not found.
findfont: Font family 'Nimbus Roman' not found.
findfont: Font family 'Nimbus Roman' not found.
findfont: Font family 'Nimbus Roman' not found.
findfont: Font family 'Nimbus Roman' not found.
findfont: Font family 'Nimbus Roman' not found.
findfont: Font family 'Nimbus Roman' not found.
findfont: Font family 'Nimbus Roman' not found.
findfont: Font family 'Nimbus Roman' not found.
findfont: Font family 'Nimbus Roman' not found.
findfont: Font family 'Nimbus Roman' not found.
findfont: Font family 'Nimbus Roman' not found.
findfont: Font family 'Nimbus Roman' not found.
findfont: Font family 'Nimbus Roman' not found.
findfont: Font family 'Nimbus Roman' not found.
findfont: Font family 'Nimbus Roman' not found.
findfont: Font family 'Nimbus Roman' not found.
findfont: Font family 'Nimbus Roman' not found.
findfont: Font family 'Nimbus Roman' not found.
findfont: Font family 'Nimbus Roman' not found.
findfont: Font family 'Nimbus Roman' not found.
findfont: Font family 'Nimbus Roman' not found.
findfont: Font family 'Nimbus Roman' not found.
findfont: Font family 'Nimbus Roman' not found.
findfont: Font family 'Nimbus Roman' not found.
findfont: Font family 'Nimbus Roman' not found.
findfont: Font family 'Nimbus Roman' not found.
findfont: Font family 'Nimbus Roman' not found.
findfont: Font family 'Nimbus Roman' not found.
findfont: Font family 'Nimbus Roman' not found.
findfont: Font family 'Nimbus Roman' not found.
findfont: Font family 'Nimbus Roman' not found.
findfont: Font family 'Nimbus Roman' not found.
findfont: Font family 'Nimbus Roman' not found.
findfont: Font family 'Nimbus Roman' not found.
findfont: Font family 'Nimbus Roman' not found.
findfont: Font family 'Nimbus Roman' not found.
Ridge mode: rkhs; diagnostic interval: 50
Iter 1/4000 | log_obj=9.913e+00 | log_Bellman_root=3.506e+00 | mass=1.91e+04 | neg=0.00e+00 | grad=2.99e+02
Iter 400/4000 | log_obj=5.543e+00 | log_Bellman_root=1.319e+00 | mass=2.41e+02 | neg=0.00e+00 | grad=9.06e+03
Iter 800/4000 | log_obj=5.546e+00 | log_Bellman_root=1.319e+00 | mass=2.42e+02 | neg=0.00e+00 | grad=9.05e+03
Iter 1200/4000 | log_obj=5.547e+00 | log_Bellman_root=1.320e+00 | mass=2.42e+02 | neg=0.00e+00 | grad=9.05e+03
Iter 1600/4000 | log_obj=4.605e+00 | log_Bellman_root=8.414e-01 | mass=9.46e+01 | neg=0.00e+00 | grad=4.72e+03
Iter 2000/4000 | log_obj=2.821e+00 | log_Bellman_root=-3.284e-02 | mass=1.58e+01 | neg=0.00e+00 | grad=5.72e+03
Iter 2400/4000 | log_obj=3.469e+00 | log_Bellman_root=2.862e-01 | mass=3.03e+01 | neg=0.00e+00 | grad=3.67e+03
Iter 2800/4000 | log_obj=3.084e+00 | log_Bellman_root=7.912e-02 | mass=2.06e+01 | neg=0.00e+00 | grad=2.14e+03
Iter 3200/4000 | log_obj=1.738e+00 | log_Bellman_root=-5.616e-01 | mass=5.34e+00 | neg=0.00e+00 | grad=3.08e+03
Iter 3600/4000 | log_obj=2.306e+00 | log_Bellman_root=-2.865e-01 | mass=9.45e+00 | neg=0.00e+00 | grad=1.61e+03
Iter 4000/4000 | log_obj=-1.166e+00 | log_Bellman_root=-1.923e+00 | mass=2.71e-01 | neg=0.00e+00 | grad=4.68e+02
Done in 11.68s.
KE-DRL global estimation is done.
B_hat shape: (3078, 800)
B_hat rank diagnostics: {'B_num_rows': 3078, 'B_num_cols': 800, 'B_min_dim': 800, 'B_numerical_rank': 800, 'B_rank_fraction': 1.0, 'B_rank_tolerance': 3.57375458346354e-05, 'B_stable_rank': 255.98031616210938, 'B_effective_rank': 771.4703686015423, 'B_entropy_rank': 6.648298263549805, 'B_spectral_norm': 0.0973970964550972, 'B_frobenius_norm': 1.5582937002182007, 'B_nuclear_norm': 42.57331848144531, 'B_condition_number': 3.598042745899984, 'B_condition_number_tol': 3.598042745899984, 'B_smallest_singular_value': 0.027069466188549995, 'B_rank_rel_1em2': 800, 'B_rank_rel_1em3': 800, 'B_rank_rel_1em4': 800}
Global-loss target mass diagnostics: {'target_mass_mean': 0.5059098601341248, 'target_mass_min': 0.09349189698696136, 'target_mass_max': 0.8231763243675232, 'target_mass_sd': 0.16557185351848602, 'target_mass_rmse_to_target': 0.5208310484886169, 'target_beta_min': -0.012574800290167332, 'target_beta_max': 0.044821254909038544, 'target_neg_frac_mean': 0.4453750000000001}
Return dictionary Z_grid shape: (800, 3)
Replicate 12 risk metrics: {'risk_n_steps_recorded': 81.0, 'risk_n_diagnostics_recorded': 81.0, 'risk_log_obj_initial': 9.912783469121338, 'risk_log_obj_final': -1.1661209527055287, 'risk_log_obj_min': -1.1661209527055287, 'risk_obj_initial': 20186.785156250015, 'risk_obj_final': 0.31157320737838745, 'risk_obj_min': 0.31157320737838745, 'risk_log_obj_drop': 11.078904421826866, 'risk_log_bellman_root_initial': 3.5061788734731505, 'risk_log_bellman_root_final': -1.9231577255727377, 'risk_log_bellman_root_min': -1.9231577255727377, 'risk_bellman_root_initial': 33.320701599121094, 'risk_bellman_root_final': 0.14614474773406982, 'risk_bellman_root_min': 0.14614474773406982, 'risk_bellman_initial': 1110.2691550576712, 'risk_bellman_final': 0.021358287290254907, 'risk_bellman_min': 0.021358287290254907, 'risk_log_bellman_root_drop': 5.429336599045888, 'risk_bellman_returned': 0.02135828696191311, 'risk_obj_returned': 0.31157320737838745, 'risk_returned_step': 4000.0, 'offline_data_id': 12, 'benchmark_point_source': 'fixed_config_plus_support_safe_target_policy_draws', 'target_set_size': 100, 'lambda_reg': 0.005, 'lambda_B': 0.02, 'num_steps': 4000, 'transition_reduction_enabled': 1, 'transition_reduction_method': 'kmeans', 'transition_original_rows': 12000, 'transition_reduced_rows': 3078, 'transition_compression_ratio': 0.2565, 'target_mass_mean': 0.5059098601341248, 'target_mass_min': 0.09349189698696136, 'target_mass_max': 0.8231763243675232, 'target_mass_sd': 0.16557185351848602, 'target_mass_rmse_to_target': 0.5208310484886169, 'target_beta_min': -0.012574800290167332, 'target_beta_max': 0.044821254909038544, 'target_neg_frac_mean': 0.4453750000000001, 'B_num_rows': 3078, 'B_num_cols': 800, 'B_min_dim': 800, 'B_numerical_rank': 800, 'B_rank_fraction': 1.0, 'B_rank_tolerance': 3.57375458346354e-05, 'B_stable_rank': 255.98031616210938, 'B_effective_rank': 771.4703686015423, 'B_entropy_rank': 6.648298263549805, 'B_spectral_norm': 0.0973970964550972, 'B_frobenius_norm': 1.5582937002182007, 'B_nuclear_norm': 42.57331848144531, 'B_condition_number': 3.598042745899984, 'B_condition_number_tol': 3.598042745899984, 'B_smallest_singular_value': 0.027069466188549995, 'B_rank_rel_1em2': 800, 'B_rank_rel_1em3': 800, 'B_rank_rel_1em4': 800, 'risk_objective_final_raw': 0.31157320737838745, 'risk_objective_min_raw': 0.31157320737838745, 'risk_objective_max_raw': 20186.78515625, 'risk_bellman_final_raw': 0.02135828696191311, 'risk_bellman_min_raw': 0.02135828696191311, 'risk_bellman_max_raw': 1110.26904296875, 'risk_rkhs_ridge_final_raw': 0.01894994080066681, 'risk_rkhs_ridge_min_raw': 0.01894994080066681, 'risk_rkhs_ridge_max_raw': 2.3660542964935303, 'risk_mass_final_raw': 0.2712649703025818, 'risk_mass_min_raw': 0.2712649703025818, 'risk_mass_max_raw': 19074.150390625, 'risk_negativity_final_raw': 0.0, 'risk_negativity_min_raw': 0.0, 'risk_negativity_max_raw': 0.0, 'risk_B_norm_final_raw': 1.5581252574920654, 'risk_B_norm_min_raw': 1.5581252574920654, 'risk_B_norm_max_raw': 1.6398123502731323, 'risk_diagnostic_step_final_raw': 4000.0, 'risk_diagnostic_step_min_raw': 1.0, 'risk_diagnostic_step_max_raw': 4000.0, 'risk_best_step_final_raw': 4000.0, 'risk_best_step_min_raw': 4000.0, 'risk_best_step_max_raw': 4000.0, 'risk_best_objective_final_raw': 0.31157320737838745, 'risk_best_objective_min_raw': 0.31157320737838745, 'risk_best_objective_max_raw': 0.31157320737838745, 'risk_best_bellman_final_raw': 0.02135828696191311, 'risk_best_bellman_min_raw': 0.02135828696191311, 'risk_best_bellman_max_raw': 0.02135828696191311, 'risk_returned_step_final_raw': 4000.0, 'risk_returned_step_min_raw': 4000.0, 'risk_returned_step_max_raw': 4000.0, 'risk_returned_objective_final_raw': 0.31157320737838745, 'risk_returned_objective_min_raw': 0.31157320737838745, 'risk_returned_objective_max_raw': 0.31157320737838745, 'risk_returned_bellman_final_raw': 0.02135828696191311, 'risk_returned_bellman_min_raw': 0.02135828696191311, 'risk_returned_bellman_max_raw': 0.02135828696191311, 'risk_returned_best_checkpoint_final_raw': 1.0, 'risk_returned_best_checkpoint_min_raw': 1.0, 'risk_returned_best_checkpoint_max_raw': 1.0}
Benchmark 0 evaluation grid shape: (800, 3)
Replicate 12, benchmark 0 metrics: {'run_id': '12_b0', 'RMSE': 0.1591132869450952, 'MAE': 0.14745829609797512, 'SupNorm': 0.2508922219276428, 'Bias': -0.1474223406623787, 'Corr': 0.8730875206654618, 'deming_slope': 0.45446887230606414, 'deming_intercept': -0.00289505231360368, 'beta_sum': 0.5099870562553406, 'beta_l1': 1.9629108905792236, 'beta_l2': 0.0869125947356224, 'beta_min': -0.007572362199425697, 'beta_max': 0.011234204284846783, 'beta_neg_frac': 0.4125, 'offline_data_id': 12, 'benchmark_id': 0, 'benchmark_point_source': 'fixed_config', 'target_set_size': 100, 'benchmark_z_path': 'data/Z_true.pt', 'projected_bellman_test_risk': 0.018473569303750992, 'oracle_embedding_risk': 0.8313584923744202, 'benchmark_embedding_risk': 0.8313584923744202, 'risk_bellman_final': 0.021358287290254907, 'risk_obj_final': 0.31157320737838745, 'B_num_rows': 3078, 'B_num_cols': 800, 'B_min_dim': 800, 'B_numerical_rank': 800, 'B_rank_fraction': 1.0, 'B_rank_tolerance': 3.57375458346354e-05, 'B_stable_rank': 255.98031616210938, 'B_effective_rank': 771.4703686015423, 'B_entropy_rank': 6.648298263549805, 'B_spectral_norm': 0.0973970964550972, 'B_frobenius_norm': 1.5582937002182007, 'B_nuclear_norm': 42.57331848144531, 'B_condition_number': 3.598042745899984, 'B_condition_number_tol': 3.598042745899984, 'B_smallest_singular_value': 0.027069466188549995, 'B_rank_rel_1em2': 800, 'B_rank_rel_1em3': 800, 'B_rank_rel_1em4': 800}
Saved ./mu/mu_hat.csv shape=(800,)
Saved ./mu/mu2D_hat_dims01.csv shape=(120, 120)
Saved ./mu/mu2D_hat_dims01.csv shape=(120, 120)
Saved plots/replicate_12/mu_3D.png
Benchmark 1 evaluation grid shape: (800, 3)
Replicate 12, benchmark 1 metrics: {'run_id': '12_b1', 'RMSE': 0.2723058226190203, 'MAE': 0.2530469869943772, 'SupNorm': 0.43675376288592815, 'Bias': -0.2530469869943772, 'Corr': -0.10269428067344129, 'deming_slope': -0.017716356555158567, 'deming_intercept': 0.014833440726594047, 'beta_sum': 0.07890225201845169, 'beta_l1': 1.6547377109527588, 'beta_l2': 0.07345779240131378, 'beta_min': -0.007948511280119419, 'beta_max': 0.01062578335404396, 'beta_neg_frac': 0.49125, 'offline_data_id': 12, 'benchmark_id': 1, 'benchmark_point_source': 'fixed_config', 'target_set_size': 100, 'benchmark_z_path': 'data/Z_true.pt', 'projected_bellman_test_risk': 0.019750822335481644, 'oracle_embedding_risk': 0.9859940409660339, 'benchmark_embedding_risk': 0.9859940409660339, 'risk_bellman_final': 0.021358287290254907, 'risk_obj_final': 0.31157320737838745, 'B_num_rows': 3078, 'B_num_cols': 800, 'B_min_dim': 800, 'B_numerical_rank': 800, 'B_rank_fraction': 1.0, 'B_rank_tolerance': 3.57375458346354e-05, 'B_stable_rank': 255.98031616210938, 'B_effective_rank': 771.4703686015423, 'B_entropy_rank': 6.648298263549805, 'B_spectral_norm': 0.0973970964550972, 'B_frobenius_norm': 1.5582937002182007, 'B_nuclear_norm': 42.57331848144531, 'B_condition_number': 3.598042745899984, 'B_condition_number_tol': 3.598042745899984, 'B_smallest_singular_value': 0.027069466188549995, 'B_rank_rel_1em2': 800, 'B_rank_rel_1em3': 800, 'B_rank_rel_1em4': 800}
Benchmark 2 evaluation grid shape: (800, 3)
Replicate 12, benchmark 2 metrics: {'run_id': '12_b2', 'RMSE': 0.2526242555933907, 'MAE': 0.23659881794083049, 'SupNorm': 0.402698902413249, 'Bias': -0.23659881794083049, 'Corr': 0.35939796941663427, 'deming_slope': 0.10999448470390502, 'deming_intercept': 0.004462736673502395, 'beta_sum': 0.14742706716060638, 'beta_l1': 1.6360607147216797, 'beta_l2': 0.07315543293952942, 'beta_min': -0.008999291807413101, 'beta_max': 0.009045125916600227, 'beta_neg_frac': 0.485, 'offline_data_id': 12, 'benchmark_id': 2, 'benchmark_point_source': 'fixed_config', 'target_set_size': 100, 'benchmark_z_path': 'data/Z_true.pt', 'projected_bellman_test_risk': 0.01359337754547596, 'oracle_embedding_risk': 0.9429553747177124, 'benchmark_embedding_risk': 0.9429553747177124, 'risk_bellman_final': 0.021358287290254907, 'risk_obj_final': 0.31157320737838745, 'B_num_rows': 3078, 'B_num_cols': 800, 'B_min_dim': 800, 'B_numerical_rank': 800, 'B_rank_fraction': 1.0, 'B_rank_tolerance': 3.57375458346354e-05, 'B_stable_rank': 255.98031616210938, 'B_effective_rank': 771.4703686015423, 'B_entropy_rank': 6.648298263549805, 'B_spectral_norm': 0.0973970964550972, 'B_frobenius_norm': 1.5582937002182007, 'B_nuclear_norm': 42.57331848144531, 'B_condition_number': 3.598042745899984, 'B_condition_number_tol': 3.598042745899984, 'B_smallest_singular_value': 0.027069466188549995, 'B_rank_rel_1em2': 800, 'B_rank_rel_1em3': 800, 'B_rank_rel_1em4': 800}
Benchmark 3 evaluation grid shape: (800, 3)
Replicate 12, benchmark 3 metrics: {'run_id': '12_b3', 'RMSE': 0.2440512127070974, 'MAE': 0.22711712291056757, 'SupNorm': 0.39290786534547806, 'Bias': -0.22711712291056757, 'Corr': 0.4895576071459237, 'deming_slope': 0.09849618001599048, 'deming_intercept': 0.008990069480629734, 'beta_sum': 0.16281497478485107, 'beta_l1': 1.765738606452942, 'beta_l2': 0.07834137231111526, 'beta_min': -0.007733703590929508, 'beta_max': 0.00931587629020214, 'beta_neg_frac': 0.48875, 'offline_data_id': 12, 'benchmark_id': 3, 'benchmark_point_source': 'fixed_config', 'target_set_size': 100, 'benchmark_z_path': 'data/Z_true.pt', 'projected_bellman_test_risk': 0.013635754585266113, 'oracle_embedding_risk': 0.9388717412948608, 'benchmark_embedding_risk': 0.9388717412948608, 'risk_bellman_final': 0.021358287290254907, 'risk_obj_final': 0.31157320737838745, 'B_num_rows': 3078, 'B_num_cols': 800, 'B_min_dim': 800, 'B_numerical_rank': 800, 'B_rank_fraction': 1.0, 'B_rank_tolerance': 3.57375458346354e-05, 'B_stable_rank': 255.98031616210938, 'B_effective_rank': 771.4703686015423, 'B_entropy_rank': 6.648298263549805, 'B_spectral_norm': 0.0973970964550972, 'B_frobenius_norm': 1.5582937002182007, 'B_nuclear_norm': 42.57331848144531, 'B_condition_number': 3.598042745899984, 'B_condition_number_tol': 3.598042745899984, 'B_smallest_singular_value': 0.027069466188549995, 'B_rank_rel_1em2': 800, 'B_rank_rel_1em3': 800, 'B_rank_rel_1em4': 800}
Benchmark 4 evaluation grid shape: (800, 3)
Replicate 12, benchmark 4 metrics: {'run_id': '12_b4', 'RMSE': 0.11462636823484101, 'MAE': 0.10567371692086454, 'SupNorm': 0.19262248277664185, 'Bias': -0.10552237601528759, 'Corr': 0.8968081877966235, 'deming_slope': 0.7296450290953689, 'deming_intercept': -0.0326882093674328, 'beta_sum': 0.6766789555549622, 'beta_l1': 2.237133026123047, 'beta_l2': 0.13094346225261688, 'beta_min': -0.007376172114163637, 'beta_max': 0.03862029314041138, 'beta_neg_frac': 0.49625, 'offline_data_id': 12, 'benchmark_id': 4, 'benchmark_point_source': 'support_safe_target_policy_draw', 'target_set_size': 100, 'benchmark_z_path': 'data/Z_true.pt', 'projected_bellman_test_risk': 0.03127383068203926, 'oracle_embedding_risk': 0.8062244653701782, 'benchmark_embedding_risk': 0.8062244653701782, 'risk_bellman_final': 0.021358287290254907, 'risk_obj_final': 0.31157320737838745, 'B_num_rows': 3078, 'B_num_cols': 800, 'B_min_dim': 800, 'B_numerical_rank': 800, 'B_rank_fraction': 1.0, 'B_rank_tolerance': 3.57375458346354e-05, 'B_stable_rank': 255.98031616210938, 'B_effective_rank': 771.4703686015423, 'B_entropy_rank': 6.648298263549805, 'B_spectral_norm': 0.0973970964550972, 'B_frobenius_norm': 1.5582937002182007, 'B_nuclear_norm': 42.57331848144531, 'B_condition_number': 3.598042745899984, 'B_condition_number_tol': 3.598042745899984, 'B_smallest_singular_value': 0.027069466188549995, 'B_rank_rel_1em2': 800, 'B_rank_rel_1em3': 800, 'B_rank_rel_1em4': 800}
Benchmark 5 evaluation grid shape: (800, 3)
Replicate 12, benchmark 5 metrics: {'run_id': '12_b5', 'RMSE': 0.25272753689053534, 'MAE': 0.2353044935632147, 'SupNorm': 0.4045239966362715, 'Bias': -0.23516677827012017, 'Corr': 0.22872507545843343, 'deming_slope': 0.043365289251667154, 'deming_intercept': 0.013170722539660158, 'beta_sum': 0.20961152017116547, 'beta_l1': 0.4291767179965973, 'beta_l2': 0.01917286589741707, 'beta_min': -0.0017480393871665, 'beta_max': 0.0026947734877467155, 'beta_neg_frac': 0.32, 'offline_data_id': 12, 'benchmark_id': 5, 'benchmark_point_source': 'support_safe_target_policy_draw', 'target_set_size': 100, 'benchmark_z_path': 'data/Z_true.pt', 'projected_bellman_test_risk': 0.006174515932798386, 'oracle_embedding_risk': 0.9605788588523865, 'benchmark_embedding_risk': 0.9605788588523865, 'risk_bellman_final': 0.021358287290254907, 'risk_obj_final': 0.31157320737838745, 'B_num_rows': 3078, 'B_num_cols': 800, 'B_min_dim': 800, 'B_numerical_rank': 800, 'B_rank_fraction': 1.0, 'B_rank_tolerance': 3.57375458346354e-05, 'B_stable_rank': 255.98031616210938, 'B_effective_rank': 771.4703686015423, 'B_entropy_rank': 6.648298263549805, 'B_spectral_norm': 0.0973970964550972, 'B_frobenius_norm': 1.5582937002182007, 'B_nuclear_norm': 42.57331848144531, 'B_condition_number': 3.598042745899984, 'B_condition_number_tol': 3.598042745899984, 'B_smallest_singular_value': 0.027069466188549995, 'B_rank_rel_1em2': 800, 'B_rank_rel_1em3': 800, 'B_rank_rel_1em4': 800}
Benchmark 6 evaluation grid shape: (800, 3)
Replicate 12, benchmark 6 metrics: {'run_id': '12_b6', 'RMSE': 0.17306173314293433, 'MAE': 0.1619414079657872, 'SupNorm': 0.27303028106689453, 'Bias': -0.1619414079657872, 'Corr': 0.901837906981322, 'deming_slope': 0.4158365532513331, 'deming_intercept': -0.0061230471295065925, 'beta_sum': 0.41565442085266113, 'beta_l1': 1.984556794166565, 'beta_l2': 0.08820245414972305, 'beta_min': -0.009399265050888062, 'beta_max': 0.009729772806167603, 'beta_neg_frac': 0.44875, 'offline_data_id': 12, 'benchmark_id': 6, 'benchmark_point_source': 'support_safe_target_policy_draw', 'target_set_size': 100, 'benchmark_z_path': 'data/Z_true.pt', 'projected_bellman_test_risk': 0.00591508811339736, 'oracle_embedding_risk': 0.8438038229942322, 'benchmark_embedding_risk': 0.8438038229942322, 'risk_bellman_final': 0.021358287290254907, 'risk_obj_final': 0.31157320737838745, 'B_num_rows': 3078, 'B_num_cols': 800, 'B_min_dim': 800, 'B_numerical_rank': 800, 'B_rank_fraction': 1.0, 'B_rank_tolerance': 3.57375458346354e-05, 'B_stable_rank': 255.98031616210938, 'B_effective_rank': 771.4703686015423, 'B_entropy_rank': 6.648298263549805, 'B_spectral_norm': 0.0973970964550972, 'B_frobenius_norm': 1.5582937002182007, 'B_nuclear_norm': 42.57331848144531, 'B_condition_number': 3.598042745899984, 'B_condition_number_tol': 3.598042745899984, 'B_smallest_singular_value': 0.027069466188549995, 'B_rank_rel_1em2': 800, 'B_rank_rel_1em3': 800, 'B_rank_rel_1em4': 800}
Benchmark 7 evaluation grid shape: (800, 3)
Replicate 12, benchmark 7 metrics: {'run_id': '12_b7', 'RMSE': 0.13280909921990017, 'MAE': 0.12301549340889323, 'SupNorm': 0.21920658648014069, 'Bias': -0.12301549340889323, 'Corr': 0.870354688248215, 'deming_slope': 0.6460610023591683, 'deming_intercept': -0.02951059684640331, 'beta_sum': 0.46259215474128723, 'beta_l1': 1.9695969820022583, 'beta_l2': 0.09774002432823181, 'beta_min': -0.007143739610910416, 'beta_max': 0.023387210443615913, 'beta_neg_frac': 0.465, 'offline_data_id': 12, 'benchmark_id': 7, 'benchmark_point_source': 'support_safe_target_policy_draw', 'target_set_size': 100, 'benchmark_z_path': 'data/Z_true.pt', 'projected_bellman_test_risk': 0.021038945764303207, 'oracle_embedding_risk': 0.8127812743186951, 'benchmark_embedding_risk': 0.8127812743186951, 'risk_bellman_final': 0.021358287290254907, 'risk_obj_final': 0.31157320737838745, 'B_num_rows': 3078, 'B_num_cols': 800, 'B_min_dim': 800, 'B_numerical_rank': 800, 'B_rank_fraction': 1.0, 'B_rank_tolerance': 3.57375458346354e-05, 'B_stable_rank': 255.98031616210938, 'B_effective_rank': 771.4703686015423, 'B_entropy_rank': 6.648298263549805, 'B_spectral_norm': 0.0973970964550972, 'B_frobenius_norm': 1.5582937002182007, 'B_nuclear_norm': 42.57331848144531, 'B_condition_number': 3.598042745899984, 'B_condition_number_tol': 3.598042745899984, 'B_smallest_singular_value': 0.027069466188549995, 'B_rank_rel_1em2': 800, 'B_rank_rel_1em3': 800, 'B_rank_rel_1em4': 800}
Benchmark 8 evaluation grid shape: (800, 3)
Replicate 12, benchmark 8 metrics: {'run_id': '12_b8', 'RMSE': 0.13706497464827141, 'MAE': 0.12567128026377758, 'SupNorm': 0.22369857132434845, 'Bias': -0.12560201778178454, 'Corr': 0.9525195179305459, 'deming_slope': 0.47628203817009374, 'deming_intercept': 0.012224654851559796, 'beta_sum': 0.6213631629943848, 'beta_l1': 1.8135271072387695, 'beta_l2': 0.08645232021808624, 'beta_min': -0.008069097995758057, 'beta_max': 0.01647484302520752, 'beta_neg_frac': 0.395, 'offline_data_id': 12, 'benchmark_id': 8, 'benchmark_point_source': 'support_safe_target_policy_draw', 'target_set_size': 100, 'benchmark_z_path': 'data/Z_true.pt', 'projected_bellman_test_risk': 0.029327580705285072, 'oracle_embedding_risk': 0.8038749694824219, 'benchmark_embedding_risk': 0.8038749694824219, 'risk_bellman_final': 0.021358287290254907, 'risk_obj_final': 0.31157320737838745, 'B_num_rows': 3078, 'B_num_cols': 800, 'B_min_dim': 800, 'B_numerical_rank': 800, 'B_rank_fraction': 1.0, 'B_rank_tolerance': 3.57375458346354e-05, 'B_stable_rank': 255.98031616210938, 'B_effective_rank': 771.4703686015423, 'B_entropy_rank': 6.648298263549805, 'B_spectral_norm': 0.0973970964550972, 'B_frobenius_norm': 1.5582937002182007, 'B_nuclear_norm': 42.57331848144531, 'B_condition_number': 3.598042745899984, 'B_condition_number_tol': 3.598042745899984, 'B_smallest_singular_value': 0.027069466188549995, 'B_rank_rel_1em2': 800, 'B_rank_rel_1em3': 800, 'B_rank_rel_1em4': 800}
Benchmark 9 evaluation grid shape: (800, 3)
Replicate 12, benchmark 9 metrics: {'run_id': '12_b9', 'RMSE': 0.17144439885138085, 'MAE': 0.15574175008368912, 'SupNorm': 0.2939753010869026, 'Bias': -0.15574175008368912, 'Corr': 0.684030533775778, 'deming_slope': 0.4661387498323075, 'deming_intercept': -0.012376261729019913, 'beta_sum': 0.47865790128707886, 'beta_l1': 2.233316421508789, 'beta_l2': 0.10695230215787888, 'beta_min': -0.009546415880322456, 'beta_max': 0.019953731447458267, 'beta_neg_frac': 0.46875, 'offline_data_id': 12, 'benchmark_id': 9, 'benchmark_point_source': 'support_safe_target_policy_draw', 'target_set_size': 100, 'benchmark_z_path': 'data/Z_true.pt', 'projected_bellman_test_risk': 0.004805854521691799, 'oracle_embedding_risk': 0.8440099954605103, 'benchmark_embedding_risk': 0.8440099954605103, 'risk_bellman_final': 0.021358287290254907, 'risk_obj_final': 0.31157320737838745, 'B_num_rows': 3078, 'B_num_cols': 800, 'B_min_dim': 800, 'B_numerical_rank': 800, 'B_rank_fraction': 1.0, 'B_rank_tolerance': 3.57375458346354e-05, 'B_stable_rank': 255.98031616210938, 'B_effective_rank': 771.4703686015423, 'B_entropy_rank': 6.648298263549805, 'B_spectral_norm': 0.0973970964550972, 'B_frobenius_norm': 1.5582937002182007, 'B_nuclear_norm': 42.57331848144531, 'B_condition_number': 3.598042745899984, 'B_condition_number_tol': 3.598042745899984, 'B_smallest_singular_value': 0.027069466188549995, 'B_rank_rel_1em2': 800, 'B_rank_rel_1em3': 800, 'B_rank_rel_1em4': 800}
Replicate 12 finished in 20.7s
Finished combo 3, offline replicate 12.
