Job ID:    2359155
Array idx: 364
CPUs/node: 64
Mem/node:  131072
Using CC = cc 
Using CXX = CC 
Using FC = ftn 
Using F77 = ftn 
Using F90 = ftn 
cuda/12.6.1 is deprecated; loading cudatoolkit/25.5_12.9 instead.
Using CC = /opt/nvidia/hpc_sdk/Linux_aarch64/25.5/compilers/bin/nvc 
Using CXX = /opt/nvidia/hpc_sdk/Linux_aarch64/25.5/compilers/bin/nvc++ 
Using FC = /opt/nvidia/hpc_sdk/Linux_aarch64/25.5/compilers/bin/nvfortran 
Using F77 = /opt/nvidia/hpc_sdk/Linux_aarch64/25.5/compilers/bin/nvfortran 
Using F90 = /opt/nvidia/hpc_sdk/Linux_aarch64/25.5/compilers/bin/nvfortran 
Using CC = /opt/nvidia/hpc_sdk/Linux_aarch64/25.5/compilers/bin/nvc 
Using CXX = /opt/nvidia/hpc_sdk/Linux_aarch64/25.5/compilers/bin/nvc++ 
Using FC = /opt/nvidia/hpc_sdk/Linux_aarch64/25.5/compilers/bin/nvfortran 
Using F77 = /opt/nvidia/hpc_sdk/Linux_aarch64/25.5/compilers/bin/nvfortran 
Using F90 = /opt/nvidia/hpc_sdk/Linux_aarch64/25.5/compilers/bin/nvfortran 

Lmod is automatically replacing "gcc-native/14" with "gcc/14.2.0".

ghx4
0
Tuning combo id: 3 / 6
Offline replicate id: 64 / 99
Installing ke_drl from git: https://github.com/mehrdadmhmdi/ke-drl.git@main
Collecting git+https://github.com/mehrdadmhmdi/ke-drl.git@main
  Cloning https://github.com/mehrdadmhmdi/ke-drl.git (to revision main) to /tmp/pip-req-build-51hnhhcn
  Running command git clone --filter=blob:none --quiet https://github.com/mehrdadmhmdi/ke-drl.git /tmp/pip-req-build-51hnhhcn
  Resolved https://github.com/mehrdadmhmdi/ke-drl.git to commit 3c5d570e40ea15b1fbe4817b5f43b64c7b333e82
  Installing build dependencies: started
  Installing build dependencies: finished with status 'done'
  Getting requirements to build wheel: started
  Getting requirements to build wheel: finished with status 'done'
  Preparing metadata (pyproject.toml): started
  Preparing metadata (pyproject.toml): finished with status 'done'
Building wheels for collected packages: ke_drl
  Building wheel for ke_drl (pyproject.toml): started
  Building wheel for ke_drl (pyproject.toml): finished with status 'done'
  Created wheel for ke_drl: filename=ke_drl-0.1.0-py3-none-any.whl size=47219 sha256=cce46492b204a790ad7584ffb6a013ee9d7f3f644f26bab934c6da4dd211635d
  Stored in directory: /tmp/pip-ephem-wheel-cache-px59ijtq/wheels/24/47/ad/9a4ffd3b05d3e90e35ffc6e7324b735b8bfcf5f51aaf29a333
Successfully built ke_drl
Installing collected packages: ke_drl
Successfully installed ke_drl-0.1.0
Installed ke_drl source: /work/nvme/bfez/mehrdad3/DistRL/simulation_3/runs/sim3_global_2358722_3/.kedrl_site_364/ke_drl/__init__.py
Tuning combo 3: kernel_nu_7.5
Overrides: {'kernel': {'nu': 7.5}}
RUN: /sw/user/python/miniforge3-pytorch-24.11.3/bin/python3 validate_sim_config.py --params params.yaml
ke_drl import source: /work/nvme/bfez/mehrdad3/DistRL/simulation_3/runs/sim3_global_2358722_3/.kedrl_site_364/ke_drl/__init__.py
ke_drl package API OK: prediction weights, RFF operators, rank diagnostics, and best-checkpoint optimizer available
Policy config OK: behavior=uniform, target=logistic, state_dim=5, action_dim=1
Note: policy.logistic.theta_scale/theta_std are log-scale coefficients in Probability_Densities.
Behavior-policy linearized state-process diagnostic: spectral_radius=0.653, offline_burn_in=50
Replicate config OK: num_replicates=100, benchmark points=10 independent of D_i, loss target points=100
Transition reduction OK: method=kmeans, raw rows N(T-1)=12000, target rows about 3000, B rows reduced from 12000 to about 3000
Return-operator approximation OK: method=rff, features=512, exact G avoided for estimated N=12000, m=800, L=100
Fixed benchmark config rows=4 (benchmark.num_points=10; additional points are support-safe target-policy draws if needed)
Fixed benchmark point 0: s_star=[0.6, -0.8, 0.7, -0.5, 0.9], a_star=[0.5]
Fixed benchmark behavior-support interval for configured rows: min_lower=-0.12, max_upper=1.11
Fixed benchmark target-policy location range: [-0.02, 0.14]
Reusing shared data from /work/nvme/bfez/mehrdad3/DistRL/simulation_3/runs/sim3_shared_data/data for offline replicate 64.
RUN: /sw/user/python/miniforge3-pytorch-24.11.3/bin/python3 validate_sim_config.py --params params.yaml --data data/offline_data_64.pt
ke_drl import source: /work/nvme/bfez/mehrdad3/DistRL/simulation_3/runs/sim3_global_2358722_3/.kedrl_site_364/ke_drl/__init__.py
ke_drl package API OK: prediction weights, RFF operators, rank diagnostics, and best-checkpoint optimizer available
Policy config OK: behavior=uniform, target=logistic, state_dim=5, action_dim=1
Note: policy.logistic.theta_scale/theta_std are log-scale coefficients in Probability_Densities.
Behavior-policy linearized state-process diagnostic: spectral_radius=0.653, offline_burn_in=50
Replicate config OK: num_replicates=100, benchmark points=10 independent of D_i, loss target points=100
Transition reduction OK: method=kmeans, raw rows N(T-1)=12000, target rows about 3000, B rows reduced from 12000 to about 3000
Return-operator approximation OK: method=rff, features=512, exact G avoided for estimated N=12000, m=800, L=100
Fixed benchmark config rows=4 (benchmark.num_points=10; additional points are support-safe target-policy draws if needed)
Fixed benchmark point 0: s_star=[0.6, -0.8, 0.7, -0.5, 0.9], a_star=[0.5]
Fixed benchmark behavior-support interval for configured rows: min_lower=-0.12, max_upper=1.11
Fixed benchmark target-policy location range: [-0.02, 0.14]
Full benchmark support check OK: 10 points, min_lower=-2.177, max_upper=2.05
observed behavior actions: mean=0.4044, sd=0.6734, q0/q10/q50/q90/q100=[-2.3544325828552246, -0.39820144474506375, 0.34063655138015747, 1.3135068893432618, 2.9882335662841797]
target-policy sampled actions: mean=-0.02086, sd=0.6654, q0/q10/q50/q90/q100=[-2.741393418203248, -0.874630214876925, -0.01375321287394668, 0.8286319964005449, 2.4153113715287167]
behavior uniform lower: mean=-0.1202, sd=0.659, q0/q10/q50/q90/q100=[-2.841729664802551, -0.9666234815120697, -0.11388267874717711, 0.7227945536375048, 2.264028310775757]
behavior uniform upper: mean=0.9213, sd=0.6453, q0/q10/q50/q90/q100=[-0.8955679833889008, 0.07655180811882022, 0.9364508114755153, 1.7542799097299577, 3.264028310775757]
target location inside behavior uniform support: 0.969
RUN: /sw/user/python/miniforge3-pytorch-24.11.3/bin/python3 main_est.py
# ================================================================ #
#   Global KE-DRL estimation for one offline replicate              #
# ================================================================ #
Slurm Job ID: 2359155
Slurm Array ID: 64 -- used as the offline-replicate id
Offline data id: 64
ke_drl import source: /work/nvme/bfez/mehrdad3/DistRL/simulation_3/runs/sim3_global_2358722_3/.kedrl_site_364/ke_drl/__init__.py
Estimator device: cuda (NVIDIA GH200 120GB, capability 9.0); torch CUDA=13.0
Random seed: 20460576
Number of offline replicates: 100
[transition reduction] enabled: original rows=12000, target basis=3000, method=kmeans, device=cuda
[transition reduction] kmeans iter 1/20, mean center shift=2.7377e-01
[transition reduction] kmeans iter 5/20, mean center shift=4.7023e-03
[transition reduction] kmeans iter 10/20, mean center shift=5.4690e-08
[transition reduction] selected 3082 rows from 12000 transitions (ratio 0.2568); indices saved to data/reduced_transition_indices_64.pt
Data and parameters loaded.
offline path: data/offline_data_64.pt
benchmark true-Z path: data/Z_true.pt
offline shapes after reduction: s0=(3082, 5), a0=(3082, 1), r0=(3082, 3)
transition reduction: {'enabled': True, 'method': 'kmeans', 'original_rows': 12000, 'reduced_rows': 3082, 'selected_indices_path': 'data/reduced_transition_indices_64.pt', 'target_basis': 3000, 'compression_ratio': 0.25683333333333336}
fixed benchmark point source: fixed_config_plus_support_safe_target_policy_draws
benchmark row excluded from this offline data: None
global loss target set shape: s_star=(100, 5), a_star=(100, 1)
benchmark true-Z count=10, shape each=(50000, 3)
target policy: logistic
behavior policy: uniform
lambda_Gamma=0.005, lambda_B=0.02, d_r_method=song
dtype=torch.float32, operator_method=rff, operator_num_features=512
ridge_mode=rkhs, diagnostic_interval=50
mass_anchor_lambda=1.0, target_mass=1.0
uLSIF basis: source=numerator, n_basis=512, lambda_reg=0.005
optimizer stabilizers: lambda_neg=0.0, max_B_norm=None, eta_clip_min=0.0, eta_clip_max=5.0, normalize_eta=True
========================================
Estimating the global KE-DRL mean embedding
torch device=cuda, dtype=torch.float32
Data dims: N=3082, L=100, Ds=5, Da=1, Dr=3
lambda_Gamma=0.005, lambda_B=0.02
return-operator construction: method=rff, rff_features=512
[uLSIF] basis=512/3082 (numerator); eta_hat min=-8.918e-01 max=5.613e+00 neg%=4.02
ESS for eta_plus: 2119.6 / 3082
eta_plus diagnostics: raw_mean=0.998, raw_min=-0.892, raw_max=5.61; used_mean=1, used_min=0, used_max=4.96
[timing] Z-grid: 0.03s
[timing] K_X: 0.00s
[timing] K_plus: 0.00s
[timing] k_star: 0.00s
[timing] Gamma_stack: 0.01s
[timing] Phi_stack: 0.00s
[timing] RFF feature sample: 0.00s
[timing] K_Z RFF: 0.00s
[timing] G_stack RFF: 0.01s
[timing] H_stack RFF: 0.01s
findfont: Font family 'Nimbus Roman' not found.
findfont: Font family 'Nimbus Roman' not found.
findfont: Font family 'Nimbus Roman' not found.
findfont: Font family 'Nimbus Roman' not found.
findfont: Font family 'Nimbus Roman' not found.
findfont: Font family 'Nimbus Roman' not found.
findfont: Font family 'Nimbus Roman' not found.
findfont: Font family 'Nimbus Roman' not found.
findfont: Font family 'Nimbus Roman' not found.
findfont: Font family 'Nimbus Roman' not found.
findfont: Font family 'Nimbus Roman' not found.
findfont: Font family 'Nimbus Roman' not found.
findfont: Font family 'Nimbus Roman' not found.
findfont: Font family 'Nimbus Roman' not found.
findfont: Font family 'Nimbus Roman' not found.
findfont: Font family 'Nimbus Roman' not found.
findfont: Font family 'Nimbus Roman' not found.
findfont: Font family 'Nimbus Roman' not found.
findfont: Font family 'Nimbus Roman' not found.
findfont: Font family 'Nimbus Roman' not found.
findfont: Font family 'Nimbus Roman' not found.
findfont: Font family 'Nimbus Roman' not found.
findfont: Font family 'Nimbus Roman' not found.
findfont: Font family 'Nimbus Roman' not found.
findfont: Font family 'Nimbus Roman' not found.
findfont: Font family 'Nimbus Roman' not found.
findfont: Font family 'Nimbus Roman' not found.
findfont: Font family 'Nimbus Roman' not found.
findfont: Font family 'Nimbus Roman' not found.
findfont: Font family 'Nimbus Roman' not found.
findfont: Font family 'Nimbus Roman' not found.
findfont: Font family 'Nimbus Roman' not found.
findfont: Font family 'Nimbus Roman' not found.
findfont: Font family 'Nimbus Roman' not found.
findfont: Font family 'Nimbus Roman' not found.
findfont: Font family 'Nimbus Roman' not found.
findfont: Font family 'Nimbus Roman' not found.
findfont: Font family 'Nimbus Roman' not found.
findfont: Font family 'Nimbus Roman' not found.
findfont: Font family 'Nimbus Roman' not found.
findfont: Font family 'Nimbus Roman' not found.
findfont: Font family 'Nimbus Roman' not found.
findfont: Font family 'Nimbus Roman' not found.
findfont: Font family 'Nimbus Roman' not found.
findfont: Font family ['Nimbus Roman'] not found. Falling back to DejaVu Sans.
findfont: Font family 'Nimbus Roman' not found.
findfont: Font family ['Nimbus Roman'] not found. Falling back to DejaVu Sans.
findfont: Font family 'Nimbus Roman' not found.
findfont: Font family 'Nimbus Roman' not found.
findfont: Font family 'Nimbus Roman' not found.
findfont: Font family 'Nimbus Roman' not found.
findfont: Font family 'Nimbus Roman' not found.
findfont: Font family 'Nimbus Roman' not found.
findfont: Font family 'Nimbus Roman' not found.
findfont: Font family 'Nimbus Roman' not found.
findfont: Font family 'Nimbus Roman' not found.
findfont: Font family ['Nimbus Roman'] not found. Falling back to DejaVu Sans.
findfont: Font family 'Nimbus Roman' not found.
findfont: Font family 'Nimbus Roman' not found.
findfont: Font family 'Nimbus Roman' not found.
findfont: Font family 'Nimbus Roman' not found.
findfont: Font family 'Nimbus Roman' not found.
findfont: Font family 'Nimbus Roman' not found.
findfont: Font family 'Nimbus Roman' not found.
findfont: Font family 'Nimbus Roman' not found.
findfont: Font family 'Nimbus Roman' not found.
findfont: Font family 'Nimbus Roman' not found.
findfont: Font family 'Nimbus Roman' not found.
findfont: Font family 'Nimbus Roman' not found.
findfont: Font family 'Nimbus Roman' not found.
findfont: Font family 'Nimbus Roman' not found.
findfont: Font family 'Nimbus Roman' not found.
findfont: Font family 'Nimbus Roman' not found.
findfont: Font family 'Nimbus Roman' not found.
findfont: Font family 'Nimbus Roman' not found.
findfont: Font family 'Nimbus Roman' not found.
findfont: Font family 'Nimbus Roman' not found.
findfont: Font family 'Nimbus Roman' not found.
findfont: Font family 'Nimbus Roman' not found.
findfont: Font family 'Nimbus Roman' not found.
findfont: Font family 'Nimbus Roman' not found.
findfont: Font family 'Nimbus Roman' not found.
findfont: Font family 'Nimbus Roman' not found.
findfont: Font family 'Nimbus Roman' not found.
findfont: Font family 'Nimbus Roman' not found.
findfont: Font family 'Nimbus Roman' not found.
findfont: Font family 'Nimbus Roman' not found.
findfont: Font family 'Nimbus Roman' not found.
findfont: Font family 'Nimbus Roman' not found.
findfont: Font family 'Nimbus Roman' not found.
findfont: Font family 'Nimbus Roman' not found.
findfont: Font family 'Nimbus Roman' not found.
findfont: Font family 'Nimbus Roman' not found.
findfont: Font family 'Nimbus Roman' not found.
findfont: Font family 'Nimbus Roman' not found.
findfont: Font family 'Nimbus Roman' not found.
findfont: Font family 'Nimbus Roman' not found.
findfont: Font family 'Nimbus Roman' not found.
findfont: Font family 'Nimbus Roman' not found.
findfont: Font family 'Nimbus Roman' not found.
findfont: Font family 'Nimbus Roman' not found.
findfont: Font family 'Nimbus Roman' not found.
findfont: Font family 'Nimbus Roman' not found.
findfont: Font family 'Nimbus Roman' not found.
findfont: Font family 'Nimbus Roman' not found.
findfont: Font family 'Nimbus Roman' not found.
findfont: Font family 'Nimbus Roman' not found.
findfont: Font family 'Nimbus Roman' not found.
findfont: Font family 'Nimbus Roman' not found.
findfont: Font family 'Nimbus Roman' not found.
findfont: Font family 'Nimbus Roman' not found.
findfont: Font family 'Nimbus Roman' not found.
findfont: Font family 'Nimbus Roman' not found.
findfont: Font family 'Nimbus Roman' not found.
findfont: Font family 'Nimbus Roman' not found.
findfont: Font family 'Nimbus Roman' not found.
findfont: Font family 'Nimbus Roman' not found.
findfont: Font family 'Nimbus Roman' not found.
findfont: Font family 'Nimbus Roman' not found.
findfont: Font family 'Nimbus Roman' not found.
findfont: Font family 'Nimbus Roman' not found.
findfont: Font family 'Nimbus Roman' not found.
findfont: Font family 'Nimbus Roman' not found.
findfont: Font family 'Nimbus Roman' not found.
findfont: Font family 'Nimbus Roman' not found.
findfont: Font family 'Nimbus Roman' not found.
findfont: Font family 'Nimbus Roman' not found.
findfont: Font family 'Nimbus Roman' not found.
findfont: Font family 'Nimbus Roman' not found.
findfont: Font family 'Nimbus Roman' not found.
findfont: Font family 'Nimbus Roman' not found.
findfont: Font family 'Nimbus Roman' not found.
findfont: Font family 'Nimbus Roman' not found.
findfont: Font family 'Nimbus Roman' not found.
findfont: Font family 'Nimbus Roman' not found.
Ridge mode: rkhs; diagnostic interval: 50
Iter 1/4000 | log_obj=9.898e+00 | log_Bellman_root=3.538e+00 | mass=1.87e+04 | neg=0.00e+00 | grad=7.32e+02
Iter 400/4000 | log_obj=3.740e+00 | log_Bellman_root=4.633e-01 | mass=3.95e+01 | neg=0.00e+00 | grad=4.83e+03
Iter 800/4000 | log_obj=3.748e+00 | log_Bellman_root=4.659e-01 | mass=3.99e+01 | neg=0.00e+00 | grad=4.84e+03
Iter 1200/4000 | log_obj=3.753e+00 | log_Bellman_root=4.677e-01 | mass=4.01e+01 | neg=0.00e+00 | grad=4.60e+03
Iter 1600/4000 | log_obj=2.882e+00 | log_Bellman_root=3.704e-02 | mass=1.68e+01 | neg=0.00e+00 | grad=3.06e+03
Iter 2000/4000 | log_obj=2.886e+00 | log_Bellman_root=3.818e-02 | mass=1.68e+01 | neg=0.00e+00 | grad=3.07e+03
Iter 2400/4000 | log_obj=3.986e+00 | log_Bellman_root=5.802e-01 | mass=5.06e+01 | neg=0.00e+00 | grad=5.39e+03
Iter 2800/4000 | log_obj=3.971e+00 | log_Bellman_root=5.748e-01 | mass=4.99e+01 | neg=0.00e+00 | grad=5.35e+03
Iter 3200/4000 | log_obj=3.972e+00 | log_Bellman_root=5.750e-01 | mass=4.99e+01 | neg=0.00e+00 | grad=5.35e+03
Iter 3600/4000 | log_obj=1.451e-01 | log_Bellman_root=-1.331e+00 | mass=1.07e+00 | neg=0.00e+00 | grad=2.12e+03
Iter 4000/4000 | log_obj=1.483e-01 | log_Bellman_root=-1.328e+00 | mass=1.07e+00 | neg=0.00e+00 | grad=2.12e+03
Returning best diagnostic checkpoint from step 3400 (objective=2.710e-01, Bellman=2.494e-02).
Done in 14.09s.
KE-DRL global estimation is done.
B_hat shape: (3082, 800)
B_hat rank diagnostics: {'B_num_rows': 3082, 'B_num_cols': 800, 'B_min_dim': 800, 'B_numerical_rank': 800, 'B_rank_fraction': 1.0, 'B_rank_tolerance': 3.6298703509629604e-05, 'B_stable_rank': 247.62681579589844, 'B_effective_rank': 771.3482468432583, 'B_entropy_rank': 6.648139953613281, 'B_spectral_norm': 0.09879805147647858, 'B_frobenius_norm': 1.5547021627426147, 'B_nuclear_norm': 42.46897888183594, 'B_condition_number': 3.6726022231783464, 'B_condition_number_tol': 3.6726022231783464, 'B_smallest_singular_value': 0.026901375502347946, 'B_rank_rel_1em2': 800, 'B_rank_rel_1em3': 800, 'B_rank_rel_1em4': 800}
Global-loss target mass diagnostics: {'target_mass_mean': 1.4349061250686646, 'target_mass_min': 0.9110779762268066, 'target_mass_max': 1.8044400215148926, 'target_mass_sd': 0.2004525363445282, 'target_mass_rmse_to_target': 0.4784587323665619, 'target_beta_min': -0.008476425893604755, 'target_beta_max': 0.0429215244948864, 'target_neg_frac_mean': 0.264325}
Return dictionary Z_grid shape: (800, 3)
Replicate 64 risk metrics: {'risk_n_steps_recorded': 81.0, 'risk_n_diagnostics_recorded': 81.0, 'risk_log_obj_initial': 9.898476777356752, 'risk_log_obj_final': 0.1482992182601937, 'risk_log_obj_min': -1.3055635574609488, 'risk_obj_initial': 19900.03515625, 'risk_obj_final': 1.1598598957061768, 'risk_obj_min': 0.27101975679397583, 'risk_log_obj_drop': 9.750177559096558, 'risk_log_bellman_root_initial': 3.537641674353696, 'risk_log_bellman_root_final': -1.32781500102024, 'risk_log_bellman_root_min': -1.8631791015408867, 'risk_bellman_root_initial': 34.3857307434082, 'risk_bellman_root_final': 0.265055775642395, 'risk_bellman_root_min': 0.1551785171031952, 'risk_bellman_initial': 1182.3784787581683, 'risk_bellman_final': 0.07025456420139164, 'risk_bellman_min': 0.024080372170346642, 'risk_log_bellman_root_drop': 4.865456675373936, 'risk_bellman_returned': 0.02493535913527012, 'risk_obj_returned': 0.27101975679397583, 'risk_returned_step': 3400.0, 'offline_data_id': 64, 'benchmark_point_source': 'fixed_config_plus_support_safe_target_policy_draws', 'target_set_size': 100, 'lambda_reg': 0.005, 'lambda_B': 0.02, 'num_steps': 4000, 'transition_reduction_enabled': 1, 'transition_reduction_method': 'kmeans', 'transition_original_rows': 12000, 'transition_reduced_rows': 3082, 'transition_compression_ratio': 0.25683333333333336, 'target_mass_mean': 1.4349061250686646, 'target_mass_min': 0.9110779762268066, 'target_mass_max': 1.8044400215148926, 'target_mass_sd': 0.2004525363445282, 'target_mass_rmse_to_target': 0.4784587323665619, 'target_beta_min': -0.008476425893604755, 'target_beta_max': 0.0429215244948864, 'target_neg_frac_mean': 0.264325, 'B_num_rows': 3082, 'B_num_cols': 800, 'B_min_dim': 800, 'B_numerical_rank': 800, 'B_rank_fraction': 1.0, 'B_rank_tolerance': 3.6298703509629604e-05, 'B_stable_rank': 247.62681579589844, 'B_effective_rank': 771.3482468432583, 'B_entropy_rank': 6.648139953613281, 'B_spectral_norm': 0.09879805147647858, 'B_frobenius_norm': 1.5547021627426147, 'B_nuclear_norm': 42.46897888183594, 'B_condition_number': 3.6726022231783464, 'B_condition_number_tol': 3.6726022231783464, 'B_smallest_singular_value': 0.026901375502347946, 'B_rank_rel_1em2': 800, 'B_rank_rel_1em3': 800, 'B_rank_rel_1em4': 800, 'risk_objective_final_raw': 1.1598598957061768, 'risk_objective_min_raw': 0.27101975679397583, 'risk_objective_max_raw': 19900.03515625, 'risk_bellman_final_raw': 0.07025456428527832, 'risk_bellman_min_raw': 0.024080373346805573, 'risk_bellman_max_raw': 1182.37841796875, 'risk_rkhs_ridge_final_raw': 0.016255808994174004, 'risk_rkhs_ridge_min_raw': 0.016255808994174004, 'risk_rkhs_ridge_max_raw': 2.3679144382476807, 'risk_mass_final_raw': 1.0733494758605957, 'risk_mass_min_raw': 0.2289227694272995, 'risk_mass_max_raw': 18715.2890625, 'risk_negativity_final_raw': 0.0, 'risk_negativity_min_raw': 0.0, 'risk_negativity_max_raw': 0.0, 'risk_B_norm_final_raw': 1.5534526109695435, 'risk_B_norm_min_raw': 1.5534526109695435, 'risk_B_norm_max_raw': 1.6383658647537231, 'risk_diagnostic_step_final_raw': 4000.0, 'risk_diagnostic_step_min_raw': 1.0, 'risk_diagnostic_step_max_raw': 4000.0, 'risk_best_step_final_raw': 3400.0, 'risk_best_step_min_raw': 3400.0, 'risk_best_step_max_raw': 3400.0, 'risk_best_objective_final_raw': 0.27101975679397583, 'risk_best_objective_min_raw': 0.27101975679397583, 'risk_best_objective_max_raw': 0.27101975679397583, 'risk_best_bellman_final_raw': 0.02493535913527012, 'risk_best_bellman_min_raw': 0.02493535913527012, 'risk_best_bellman_max_raw': 0.02493535913527012, 'risk_returned_step_final_raw': 3400.0, 'risk_returned_step_min_raw': 3400.0, 'risk_returned_step_max_raw': 3400.0, 'risk_returned_objective_final_raw': 0.27101975679397583, 'risk_returned_objective_min_raw': 0.27101975679397583, 'risk_returned_objective_max_raw': 0.27101975679397583, 'risk_returned_bellman_final_raw': 0.02493535913527012, 'risk_returned_bellman_min_raw': 0.02493535913527012, 'risk_returned_bellman_max_raw': 0.02493535913527012, 'risk_returned_best_checkpoint_final_raw': 1.0, 'risk_returned_best_checkpoint_min_raw': 1.0, 'risk_returned_best_checkpoint_max_raw': 1.0}
Benchmark 0 evaluation grid shape: (800, 3)
Replicate 64, benchmark 0 metrics: {'run_id': '64_b0', 'RMSE': 0.12015375073118742, 'MAE': 0.09649403481918853, 'SupNorm': 0.3196996599435806, 'Bias': 0.02848903695179615, 'Corr': 0.6086711242778355, 'deming_slope': 1.920026432757378, 'deming_intercept': -0.2152531049452308, 'beta_sum': 1.2844529151916504, 'beta_l1': 1.8170419931411743, 'beta_l2': 0.08181852847337723, 'beta_min': -0.005323266610503197, 'beta_max': 0.012281370349228382, 'beta_neg_frac': 0.26125, 'offline_data_id': 64, 'benchmark_id': 0, 'benchmark_point_source': 'fixed_config', 'target_set_size': 100, 'benchmark_z_path': 'data/Z_true.pt', 'projected_bellman_test_risk': 0.023677639663219452, 'oracle_embedding_risk': 0.8992956876754761, 'benchmark_embedding_risk': 0.8992956876754761, 'risk_bellman_final': 0.07025456420139164, 'risk_obj_final': 1.1598598957061768, 'B_num_rows': 3082, 'B_num_cols': 800, 'B_min_dim': 800, 'B_numerical_rank': 800, 'B_rank_fraction': 1.0, 'B_rank_tolerance': 3.6298703509629604e-05, 'B_stable_rank': 247.62681579589844, 'B_effective_rank': 771.3482468432583, 'B_entropy_rank': 6.648139953613281, 'B_spectral_norm': 0.09879805147647858, 'B_frobenius_norm': 1.5547021627426147, 'B_nuclear_norm': 42.46897888183594, 'B_condition_number': 3.6726022231783464, 'B_condition_number_tol': 3.6726022231783464, 'B_smallest_singular_value': 0.026901375502347946, 'B_rank_rel_1em2': 800, 'B_rank_rel_1em3': 800, 'B_rank_rel_1em4': 800}
Saved ./mu/mu_hat.csv shape=(800,)
Saved ./mu/mu2D_hat_dims01.csv shape=(120, 120)
Saved ./mu/mu2D_hat_dims01.csv shape=(120, 120)
Saved plots/replicate_64/mu_3D.png
Benchmark 1 evaluation grid shape: (800, 3)
Replicate 64, benchmark 1 metrics: {'run_id': '64_b1', 'RMSE': 0.29377423253020873, 'MAE': 0.2657469100141316, 'SupNorm': 0.5096785128116608, 'Bias': 0.2657469100141316, 'Corr': 0.9856834364490771, 'deming_slope': 2.279963388498307, 'deming_intercept': -0.0711614414824544, 'beta_sum': 1.7693243026733398, 'beta_l1': 2.0067269802093506, 'beta_l2': 0.086042121052742, 'beta_min': -0.0038762628100812435, 'beta_max': 0.01063992828130722, 'beta_neg_frac': 0.14, 'offline_data_id': 64, 'benchmark_id': 1, 'benchmark_point_source': 'fixed_config', 'target_set_size': 100, 'benchmark_z_path': 'data/Z_true.pt', 'projected_bellman_test_risk': 0.0482928603887558, 'oracle_embedding_risk': 1.032183051109314, 'benchmark_embedding_risk': 1.032183051109314, 'risk_bellman_final': 0.07025456420139164, 'risk_obj_final': 1.1598598957061768, 'B_num_rows': 3082, 'B_num_cols': 800, 'B_min_dim': 800, 'B_numerical_rank': 800, 'B_rank_fraction': 1.0, 'B_rank_tolerance': 3.6298703509629604e-05, 'B_stable_rank': 247.62681579589844, 'B_effective_rank': 771.3482468432583, 'B_entropy_rank': 6.648139953613281, 'B_spectral_norm': 0.09879805147647858, 'B_frobenius_norm': 1.5547021627426147, 'B_nuclear_norm': 42.46897888183594, 'B_condition_number': 3.6726022231783464, 'B_condition_number_tol': 3.6726022231783464, 'B_smallest_singular_value': 0.026901375502347946, 'B_rank_rel_1em2': 800, 'B_rank_rel_1em3': 800, 'B_rank_rel_1em4': 800}
Benchmark 2 evaluation grid shape: (800, 3)
Replicate 64, benchmark 2 metrics: {'run_id': '64_b2', 'RMSE': 0.2922688917187932, 'MAE': 0.2624521332938457, 'SupNorm': 0.5031551718711853, 'Bias': 0.262434515322675, 'Corr': 0.944695127471023, 'deming_slope': 2.3545888139192312, 'deming_intercept': -0.10446128446112646, 'beta_sum': 1.7833521366119385, 'beta_l1': 2.032592296600342, 'beta_l2': 0.08795495331287384, 'beta_min': -0.004538118373602629, 'beta_max': 0.009178807958960533, 'beta_neg_frac': 0.15125, 'offline_data_id': 64, 'benchmark_id': 2, 'benchmark_point_source': 'fixed_config', 'target_set_size': 100, 'benchmark_z_path': 'data/Z_true.pt', 'projected_bellman_test_risk': 0.04346374794840813, 'oracle_embedding_risk': 1.0363571643829346, 'benchmark_embedding_risk': 1.0363571643829346, 'risk_bellman_final': 0.07025456420139164, 'risk_obj_final': 1.1598598957061768, 'B_num_rows': 3082, 'B_num_cols': 800, 'B_min_dim': 800, 'B_numerical_rank': 800, 'B_rank_fraction': 1.0, 'B_rank_tolerance': 3.6298703509629604e-05, 'B_stable_rank': 247.62681579589844, 'B_effective_rank': 771.3482468432583, 'B_entropy_rank': 6.648139953613281, 'B_spectral_norm': 0.09879805147647858, 'B_frobenius_norm': 1.5547021627426147, 'B_nuclear_norm': 42.46897888183594, 'B_condition_number': 3.6726022231783464, 'B_condition_number_tol': 3.6726022231783464, 'B_smallest_singular_value': 0.026901375502347946, 'B_rank_rel_1em2': 800, 'B_rank_rel_1em3': 800, 'B_rank_rel_1em4': 800}
Benchmark 3 evaluation grid shape: (800, 3)
Replicate 64, benchmark 3 metrics: {'run_id': '64_b3', 'RMSE': 0.25944581300810043, 'MAE': 0.23148584544775075, 'SupNorm': 0.4598756730556488, 'Bias': 0.231478048885474, 'Corr': 0.9544079343649443, 'deming_slope': 2.1890995866039695, 'deming_intercept': -0.07995154092100798, 'beta_sum': 1.7343833446502686, 'beta_l1': 2.0597238540649414, 'beta_l2': 0.08999907225370407, 'beta_min': -0.004115434363484383, 'beta_max': 0.010402827523648739, 'beta_neg_frac': 0.17875, 'offline_data_id': 64, 'benchmark_id': 3, 'benchmark_point_source': 'fixed_config', 'target_set_size': 100, 'benchmark_z_path': 'data/Z_true.pt', 'projected_bellman_test_risk': 0.04834270849823952, 'oracle_embedding_risk': 0.9855638742446899, 'benchmark_embedding_risk': 0.9855638742446899, 'risk_bellman_final': 0.07025456420139164, 'risk_obj_final': 1.1598598957061768, 'B_num_rows': 3082, 'B_num_cols': 800, 'B_min_dim': 800, 'B_numerical_rank': 800, 'B_rank_fraction': 1.0, 'B_rank_tolerance': 3.6298703509629604e-05, 'B_stable_rank': 247.62681579589844, 'B_effective_rank': 771.3482468432583, 'B_entropy_rank': 6.648139953613281, 'B_spectral_norm': 0.09879805147647858, 'B_frobenius_norm': 1.5547021627426147, 'B_nuclear_norm': 42.46897888183594, 'B_condition_number': 3.6726022231783464, 'B_condition_number_tol': 3.6726022231783464, 'B_smallest_singular_value': 0.026901375502347946, 'B_rank_rel_1em2': 800, 'B_rank_rel_1em3': 800, 'B_rank_rel_1em4': 800}
Benchmark 4 evaluation grid shape: (800, 3)
Replicate 64, benchmark 4 metrics: {'run_id': '64_b4', 'RMSE': 0.10301267471497196, 'MAE': 0.08804909377591684, 'SupNorm': 0.2333797886967659, 'Bias': -0.027757661447394638, 'Corr': 0.602271803198576, 'deming_slope': 1.4491253063312544, 'deming_intercept': -0.1487529118681409, 'beta_sum': 1.2076929807662964, 'beta_l1': 1.9985716342926025, 'beta_l2': 0.11811117082834244, 'beta_min': -0.0063423411920666695, 'beta_max': 0.032165274024009705, 'beta_neg_frac': 0.33625, 'offline_data_id': 64, 'benchmark_id': 4, 'benchmark_point_source': 'support_safe_target_policy_draw', 'target_set_size': 100, 'benchmark_z_path': 'data/Z_true.pt', 'projected_bellman_test_risk': 0.018277253955602646, 'oracle_embedding_risk': 0.8669344186782837, 'benchmark_embedding_risk': 0.8669344186782837, 'risk_bellman_final': 0.07025456420139164, 'risk_obj_final': 1.1598598957061768, 'B_num_rows': 3082, 'B_num_cols': 800, 'B_min_dim': 800, 'B_numerical_rank': 800, 'B_rank_fraction': 1.0, 'B_rank_tolerance': 3.6298703509629604e-05, 'B_stable_rank': 247.62681579589844, 'B_effective_rank': 771.3482468432583, 'B_entropy_rank': 6.648139953613281, 'B_spectral_norm': 0.09879805147647858, 'B_frobenius_norm': 1.5547021627426147, 'B_nuclear_norm': 42.46897888183594, 'B_condition_number': 3.6726022231783464, 'B_condition_number_tol': 3.6726022231783464, 'B_smallest_singular_value': 0.026901375502347946, 'B_rank_rel_1em2': 800, 'B_rank_rel_1em3': 800, 'B_rank_rel_1em4': 800}
Benchmark 5 evaluation grid shape: (800, 3)
Replicate 64, benchmark 5 metrics: {'run_id': '64_b5', 'RMSE': 0.2329279741704298, 'MAE': 0.2141362336337488, 'SupNorm': 0.3842390403151512, 'Bias': -0.21353820494040066, 'Corr': 0.234842577126752, 'deming_slope': 0.09497558955403568, 'deming_intercept': 0.02140152465208144, 'beta_sum': 0.3586353063583374, 'beta_l1': 0.5027934908866882, 'beta_l2': 0.023987367749214172, 'beta_min': -0.0014338744804263115, 'beta_max': 0.004232201725244522, 'beta_neg_frac': 0.24875, 'offline_data_id': 64, 'benchmark_id': 5, 'benchmark_point_source': 'support_safe_target_policy_draw', 'target_set_size': 100, 'benchmark_z_path': 'data/Z_true.pt', 'projected_bellman_test_risk': 0.018082456663250923, 'oracle_embedding_risk': 0.9397009611129761, 'benchmark_embedding_risk': 0.9397009611129761, 'risk_bellman_final': 0.07025456420139164, 'risk_obj_final': 1.1598598957061768, 'B_num_rows': 3082, 'B_num_cols': 800, 'B_min_dim': 800, 'B_numerical_rank': 800, 'B_rank_fraction': 1.0, 'B_rank_tolerance': 3.6298703509629604e-05, 'B_stable_rank': 247.62681579589844, 'B_effective_rank': 771.3482468432583, 'B_entropy_rank': 6.648139953613281, 'B_spectral_norm': 0.09879805147647858, 'B_frobenius_norm': 1.5547021627426147, 'B_nuclear_norm': 42.46897888183594, 'B_condition_number': 3.6726022231783464, 'B_condition_number_tol': 3.6726022231783464, 'B_smallest_singular_value': 0.026901375502347946, 'B_rank_rel_1em2': 800, 'B_rank_rel_1em3': 800, 'B_rank_rel_1em4': 800}
Benchmark 6 evaluation grid shape: (800, 3)
Replicate 64, benchmark 6 metrics: {'run_id': '64_b6', 'RMSE': 0.12365888963445562, 'MAE': 0.09765738298388897, 'SupNorm': 0.28831684589385986, 'Bias': 0.07990901450655656, 'Corr': 0.7790665945691807, 'deming_slope': 1.696288641327462, 'deming_intercept': -0.10581735259913, 'beta_sum': 1.4226810932159424, 'beta_l1': 2.0941851139068604, 'beta_l2': 0.09577728807926178, 'beta_min': -0.0076208035461604595, 'beta_max': 0.012147444300353527, 'beta_neg_frac': 0.27, 'offline_data_id': 64, 'benchmark_id': 6, 'benchmark_point_source': 'support_safe_target_policy_draw', 'target_set_size': 100, 'benchmark_z_path': 'data/Z_true.pt', 'projected_bellman_test_risk': 0.022534333169460297, 'oracle_embedding_risk': 0.8539723753929138, 'benchmark_embedding_risk': 0.8539723753929138, 'risk_bellman_final': 0.07025456420139164, 'risk_obj_final': 1.1598598957061768, 'B_num_rows': 3082, 'B_num_cols': 800, 'B_min_dim': 800, 'B_numerical_rank': 800, 'B_rank_fraction': 1.0, 'B_rank_tolerance': 3.6298703509629604e-05, 'B_stable_rank': 247.62681579589844, 'B_effective_rank': 771.3482468432583, 'B_entropy_rank': 6.648139953613281, 'B_spectral_norm': 0.09879805147647858, 'B_frobenius_norm': 1.5547021627426147, 'B_nuclear_norm': 42.46897888183594, 'B_condition_number': 3.6726022231783464, 'B_condition_number_tol': 3.6726022231783464, 'B_smallest_singular_value': 0.026901375502347946, 'B_rank_rel_1em2': 800, 'B_rank_rel_1em3': 800, 'B_rank_rel_1em4': 800}
Benchmark 7 evaluation grid shape: (800, 3)
Replicate 64, benchmark 7 metrics: {'run_id': '64_b7', 'RMSE': 0.1497077194987742, 'MAE': 0.11773603028734214, 'SupNorm': 0.3336636424064636, 'Bias': 0.11018397350679152, 'Corr': 0.815667445323107, 'deming_slope': 1.9084084676345987, 'deming_intercept': -0.1298026919040055, 'beta_sum': 1.4513664245605469, 'beta_l1': 2.0565013885498047, 'beta_l2': 0.10642097890377045, 'beta_min': -0.006970418617129326, 'beta_max': 0.02536209486424923, 'beta_neg_frac': 0.25875, 'offline_data_id': 64, 'benchmark_id': 7, 'benchmark_point_source': 'support_safe_target_policy_draw', 'target_set_size': 100, 'benchmark_z_path': 'data/Z_true.pt', 'projected_bellman_test_risk': 0.028070032596588135, 'oracle_embedding_risk': 0.8829415440559387, 'benchmark_embedding_risk': 0.8829415440559387, 'risk_bellman_final': 0.07025456420139164, 'risk_obj_final': 1.1598598957061768, 'B_num_rows': 3082, 'B_num_cols': 800, 'B_min_dim': 800, 'B_numerical_rank': 800, 'B_rank_fraction': 1.0, 'B_rank_tolerance': 3.6298703509629604e-05, 'B_stable_rank': 247.62681579589844, 'B_effective_rank': 771.3482468432583, 'B_entropy_rank': 6.648139953613281, 'B_spectral_norm': 0.09879805147647858, 'B_frobenius_norm': 1.5547021627426147, 'B_nuclear_norm': 42.46897888183594, 'B_condition_number': 3.6726022231783464, 'B_condition_number_tol': 3.6726022231783464, 'B_smallest_singular_value': 0.026901375502347946, 'B_rank_rel_1em2': 800, 'B_rank_rel_1em3': 800, 'B_rank_rel_1em4': 800}
Benchmark 8 evaluation grid shape: (800, 3)
Replicate 64, benchmark 8 metrics: {'run_id': '64_b8', 'RMSE': 0.06021260389454359, 'MAE': 0.05143053844323731, 'SupNorm': 0.12026555836200714, 'Bias': -0.03408406524671591, 'Corr': 0.8672730798854479, 'deming_slope': 0.9041838344171513, 'deming_intercept': -0.008868158500598494, 'beta_sum': 1.0025861263275146, 'beta_l1': 1.7328433990478516, 'beta_l2': 0.08364750444889069, 'beta_min': -0.0061119855381548405, 'beta_max': 0.01560753770172596, 'beta_neg_frac': 0.32375, 'offline_data_id': 64, 'benchmark_id': 8, 'benchmark_point_source': 'support_safe_target_policy_draw', 'target_set_size': 100, 'benchmark_z_path': 'data/Z_true.pt', 'projected_bellman_test_risk': 0.027833815664052963, 'oracle_embedding_risk': 0.7724230289459229, 'benchmark_embedding_risk': 0.7724230289459229, 'risk_bellman_final': 0.07025456420139164, 'risk_obj_final': 1.1598598957061768, 'B_num_rows': 3082, 'B_num_cols': 800, 'B_min_dim': 800, 'B_numerical_rank': 800, 'B_rank_fraction': 1.0, 'B_rank_tolerance': 3.6298703509629604e-05, 'B_stable_rank': 247.62681579589844, 'B_effective_rank': 771.3482468432583, 'B_entropy_rank': 6.648139953613281, 'B_spectral_norm': 0.09879805147647858, 'B_frobenius_norm': 1.5547021627426147, 'B_nuclear_norm': 42.46897888183594, 'B_condition_number': 3.6726022231783464, 'B_condition_number_tol': 3.6726022231783464, 'B_smallest_singular_value': 0.026901375502347946, 'B_rank_rel_1em2': 800, 'B_rank_rel_1em3': 800, 'B_rank_rel_1em4': 800}
Benchmark 9 evaluation grid shape: (800, 3)
Replicate 64, benchmark 9 metrics: {'run_id': '64_b9', 'RMSE': 0.15251345138653397, 'MAE': 0.12752217547153122, 'SupNorm': 0.29775071144104004, 'Bias': 0.1254395025561098, 'Corr': 0.8857682920323331, 'deming_slope': 1.7470329356134382, 'deming_intercept': -0.07517206383422426, 'beta_sum': 1.5134763717651367, 'beta_l1': 2.1478824615478516, 'beta_l2': 0.10892340540885925, 'beta_min': -0.006483494304120541, 'beta_max': 0.024455472826957703, 'beta_neg_frac': 0.26, 'offline_data_id': 64, 'benchmark_id': 9, 'benchmark_point_source': 'support_safe_target_policy_draw', 'target_set_size': 100, 'benchmark_z_path': 'data/Z_true.pt', 'projected_bellman_test_risk': 0.013103554956614971, 'oracle_embedding_risk': 0.8511804342269897, 'benchmark_embedding_risk': 0.8511804342269897, 'risk_bellman_final': 0.07025456420139164, 'risk_obj_final': 1.1598598957061768, 'B_num_rows': 3082, 'B_num_cols': 800, 'B_min_dim': 800, 'B_numerical_rank': 800, 'B_rank_fraction': 1.0, 'B_rank_tolerance': 3.6298703509629604e-05, 'B_stable_rank': 247.62681579589844, 'B_effective_rank': 771.3482468432583, 'B_entropy_rank': 6.648139953613281, 'B_spectral_norm': 0.09879805147647858, 'B_frobenius_norm': 1.5547021627426147, 'B_nuclear_norm': 42.46897888183594, 'B_condition_number': 3.6726022231783464, 'B_condition_number_tol': 3.6726022231783464, 'B_smallest_singular_value': 0.026901375502347946, 'B_rank_rel_1em2': 800, 'B_rank_rel_1em3': 800, 'B_rank_rel_1em4': 800}
Replicate 64 finished in 25.1s
Finished combo 3, offline replicate 64.
