Job ID:    2358943
Array idx: 164
CPUs/node: 64
Mem/node:  131072
Using CC = cc 
Using CXX = CC 
Using FC = ftn 
Using F77 = ftn 
Using F90 = ftn 
cuda/12.6.1 is deprecated; loading cudatoolkit/25.5_12.9 instead.
Using CC = /opt/nvidia/hpc_sdk/Linux_aarch64/25.5/compilers/bin/nvc 
Using CXX = /opt/nvidia/hpc_sdk/Linux_aarch64/25.5/compilers/bin/nvc++ 
Using FC = /opt/nvidia/hpc_sdk/Linux_aarch64/25.5/compilers/bin/nvfortran 
Using F77 = /opt/nvidia/hpc_sdk/Linux_aarch64/25.5/compilers/bin/nvfortran 
Using F90 = /opt/nvidia/hpc_sdk/Linux_aarch64/25.5/compilers/bin/nvfortran 
Using CC = /opt/nvidia/hpc_sdk/Linux_aarch64/25.5/compilers/bin/nvc 
Using CXX = /opt/nvidia/hpc_sdk/Linux_aarch64/25.5/compilers/bin/nvc++ 
Using FC = /opt/nvidia/hpc_sdk/Linux_aarch64/25.5/compilers/bin/nvfortran 
Using F77 = /opt/nvidia/hpc_sdk/Linux_aarch64/25.5/compilers/bin/nvfortran 
Using F90 = /opt/nvidia/hpc_sdk/Linux_aarch64/25.5/compilers/bin/nvfortran 

Lmod is automatically replacing "gcc-native/14" with "gcc/14.2.0".

ghx4
0
Tuning combo id: 1 / 6
Offline replicate id: 64 / 99
Installing ke_drl from git: https://github.com/mehrdadmhmdi/ke-drl.git@main
Collecting git+https://github.com/mehrdadmhmdi/ke-drl.git@main
  Cloning https://github.com/mehrdadmhmdi/ke-drl.git (to revision main) to /tmp/pip-req-build-gejdrco_
  Running command git clone --filter=blob:none --quiet https://github.com/mehrdadmhmdi/ke-drl.git /tmp/pip-req-build-gejdrco_
  Resolved https://github.com/mehrdadmhmdi/ke-drl.git to commit 3c5d570e40ea15b1fbe4817b5f43b64c7b333e82
  Installing build dependencies: started
  Installing build dependencies: finished with status 'done'
  Getting requirements to build wheel: started
  Getting requirements to build wheel: finished with status 'done'
  Preparing metadata (pyproject.toml): started
  Preparing metadata (pyproject.toml): finished with status 'done'
Building wheels for collected packages: ke_drl
  Building wheel for ke_drl (pyproject.toml): started
  Building wheel for ke_drl (pyproject.toml): finished with status 'done'
  Created wheel for ke_drl: filename=ke_drl-0.1.0-py3-none-any.whl size=47219 sha256=41891c9cf95dd5340bdf8d93b8585ed4a958fea079ebda2a0da5232bc68c50f5
  Stored in directory: /tmp/pip-ephem-wheel-cache-vdd_2pxm/wheels/24/47/ad/9a4ffd3b05d3e90e35ffc6e7324b735b8bfcf5f51aaf29a333
Successfully built ke_drl
Installing collected packages: ke_drl
Successfully installed ke_drl-0.1.0
Installed ke_drl source: /work/nvme/bfez/mehrdad3/DistRL/simulation_3/runs/sim3_global_2358722_1/.kedrl_site_164/ke_drl/__init__.py
Tuning combo 1: lambda_B_0.002
Overrides: {'lambda_B': 0.002}
RUN: /sw/user/python/miniforge3-pytorch-24.11.3/bin/python3 validate_sim_config.py --params params.yaml
ke_drl import source: /work/nvme/bfez/mehrdad3/DistRL/simulation_3/runs/sim3_global_2358722_1/.kedrl_site_164/ke_drl/__init__.py
ke_drl package API OK: prediction weights, RFF operators, rank diagnostics, and best-checkpoint optimizer available
Policy config OK: behavior=uniform, target=logistic, state_dim=5, action_dim=1
Note: policy.logistic.theta_scale/theta_std are log-scale coefficients in Probability_Densities.
Behavior-policy linearized state-process diagnostic: spectral_radius=0.653, offline_burn_in=50
Replicate config OK: num_replicates=100, benchmark points=10 independent of D_i, loss target points=100
Transition reduction OK: method=kmeans, raw rows N(T-1)=12000, target rows about 3000, B rows reduced from 12000 to about 3000
Return-operator approximation OK: method=rff, features=512, exact G avoided for estimated N=12000, m=800, L=100
Fixed benchmark config rows=4 (benchmark.num_points=10; additional points are support-safe target-policy draws if needed)
Fixed benchmark point 0: s_star=[0.6, -0.8, 0.7, -0.5, 0.9], a_star=[0.5]
Fixed benchmark behavior-support interval for configured rows: min_lower=-0.12, max_upper=1.11
Fixed benchmark target-policy location range: [-0.02, 0.14]
Reusing shared data from /work/nvme/bfez/mehrdad3/DistRL/simulation_3/runs/sim3_shared_data/data for offline replicate 64.
RUN: /sw/user/python/miniforge3-pytorch-24.11.3/bin/python3 validate_sim_config.py --params params.yaml --data data/offline_data_64.pt
ke_drl import source: /work/nvme/bfez/mehrdad3/DistRL/simulation_3/runs/sim3_global_2358722_1/.kedrl_site_164/ke_drl/__init__.py
ke_drl package API OK: prediction weights, RFF operators, rank diagnostics, and best-checkpoint optimizer available
Policy config OK: behavior=uniform, target=logistic, state_dim=5, action_dim=1
Note: policy.logistic.theta_scale/theta_std are log-scale coefficients in Probability_Densities.
Behavior-policy linearized state-process diagnostic: spectral_radius=0.653, offline_burn_in=50
Replicate config OK: num_replicates=100, benchmark points=10 independent of D_i, loss target points=100
Transition reduction OK: method=kmeans, raw rows N(T-1)=12000, target rows about 3000, B rows reduced from 12000 to about 3000
Return-operator approximation OK: method=rff, features=512, exact G avoided for estimated N=12000, m=800, L=100
Fixed benchmark config rows=4 (benchmark.num_points=10; additional points are support-safe target-policy draws if needed)
Fixed benchmark point 0: s_star=[0.6, -0.8, 0.7, -0.5, 0.9], a_star=[0.5]
Fixed benchmark behavior-support interval for configured rows: min_lower=-0.12, max_upper=1.11
Fixed benchmark target-policy location range: [-0.02, 0.14]
Full benchmark support check OK: 10 points, min_lower=-2.177, max_upper=2.05
observed behavior actions: mean=0.4044, sd=0.6734, q0/q10/q50/q90/q100=[-2.3544325828552246, -0.39820144474506375, 0.34063655138015747, 1.3135068893432618, 2.9882335662841797]
target-policy sampled actions: mean=-0.02038, sd=0.6638, q0/q10/q50/q90/q100=[-2.605852834621318, -0.8779508253865963, -0.013179828024028298, 0.8222186391870754, 2.5339910925953304]
behavior uniform lower: mean=-0.1202, sd=0.659, q0/q10/q50/q90/q100=[-2.841729664802551, -0.9666234815120697, -0.11388267874717711, 0.7227945536375048, 2.264028310775757]
behavior uniform upper: mean=0.9213, sd=0.6453, q0/q10/q50/q90/q100=[-0.8955679833889008, 0.07655180811882022, 0.9364508114755153, 1.7542799097299577, 3.264028310775757]
target location inside behavior uniform support: 0.969
RUN: /sw/user/python/miniforge3-pytorch-24.11.3/bin/python3 main_est.py
# ================================================================ #
#   Global KE-DRL estimation for one offline replicate              #
# ================================================================ #
Slurm Job ID: 2358943
Slurm Array ID: 64 -- used as the offline-replicate id
Offline data id: 64
ke_drl import source: /work/nvme/bfez/mehrdad3/DistRL/simulation_3/runs/sim3_global_2358722_1/.kedrl_site_164/ke_drl/__init__.py
Estimator device: cuda (NVIDIA GH200 120GB, capability 9.0); torch CUDA=13.0
Random seed: 20460576
Number of offline replicates: 100
[transition reduction] enabled: original rows=12000, target basis=3000, method=kmeans, device=cuda
[transition reduction] kmeans iter 1/20, mean center shift=2.7377e-01
[transition reduction] kmeans iter 5/20, mean center shift=4.7023e-03
[transition reduction] kmeans iter 10/20, mean center shift=5.3234e-08
[transition reduction] selected 3082 rows from 12000 transitions (ratio 0.2568); indices saved to data/reduced_transition_indices_64.pt
Data and parameters loaded.
offline path: data/offline_data_64.pt
benchmark true-Z path: data/Z_true.pt
offline shapes after reduction: s0=(3082, 5), a0=(3082, 1), r0=(3082, 3)
transition reduction: {'enabled': True, 'method': 'kmeans', 'original_rows': 12000, 'reduced_rows': 3082, 'selected_indices_path': 'data/reduced_transition_indices_64.pt', 'target_basis': 3000, 'compression_ratio': 0.25683333333333336}
fixed benchmark point source: fixed_config_plus_support_safe_target_policy_draws
benchmark row excluded from this offline data: None
global loss target set shape: s_star=(100, 5), a_star=(100, 1)
benchmark true-Z count=10, shape each=(50000, 3)
target policy: logistic
behavior policy: uniform
lambda_Gamma=0.005, lambda_B=0.002, d_r_method=song
dtype=torch.float32, operator_method=rff, operator_num_features=512
ridge_mode=rkhs, diagnostic_interval=50
mass_anchor_lambda=1.0, target_mass=1.0
uLSIF basis: source=numerator, n_basis=512, lambda_reg=0.005
optimizer stabilizers: lambda_neg=0.0, max_B_norm=None, eta_clip_min=0.0, eta_clip_max=5.0, normalize_eta=True
========================================
Estimating the global KE-DRL mean embedding
torch device=cuda, dtype=torch.float32
Data dims: N=3082, L=100, Ds=5, Da=1, Dr=3
lambda_Gamma=0.005, lambda_B=0.002
return-operator construction: method=rff, rff_features=512
[uLSIF] basis=512/3082 (numerator); eta_hat min=-8.227e-01 max=5.568e+00 neg%=3.67
ESS for eta_plus: 2131.1 / 3082
eta_plus diagnostics: raw_mean=0.999, raw_min=-0.823, raw_max=5.57; used_mean=1, used_min=0, used_max=4.96
[timing] Z-grid: 0.03s
[timing] K_X: 0.00s
[timing] K_plus: 0.00s
[timing] k_star: 0.00s
[timing] Gamma_stack: 0.01s
[timing] Phi_stack: 0.00s
[timing] RFF feature sample: 0.00s
[timing] K_Z RFF: 0.00s
[timing] G_stack RFF: 0.01s
[timing] H_stack RFF: 0.01s
findfont: Font family 'Nimbus Roman' not found.
findfont: Font family 'Nimbus Roman' not found.
findfont: Font family 'Nimbus Roman' not found.
findfont: Font family 'Nimbus Roman' not found.
findfont: Font family 'Nimbus Roman' not found.
findfont: Font family 'Nimbus Roman' not found.
findfont: Font family 'Nimbus Roman' not found.
findfont: Font family 'Nimbus Roman' not found.
findfont: Font family 'Nimbus Roman' not found.
findfont: Font family 'Nimbus Roman' not found.
findfont: Font family 'Nimbus Roman' not found.
findfont: Font family 'Nimbus Roman' not found.
findfont: Font family 'Nimbus Roman' not found.
findfont: Font family 'Nimbus Roman' not found.
findfont: Font family 'Nimbus Roman' not found.
findfont: Font family 'Nimbus Roman' not found.
findfont: Font family 'Nimbus Roman' not found.
findfont: Font family 'Nimbus Roman' not found.
findfont: Font family 'Nimbus Roman' not found.
findfont: Font family 'Nimbus Roman' not found.
findfont: Font family 'Nimbus Roman' not found.
findfont: Font family 'Nimbus Roman' not found.
findfont: Font family 'Nimbus Roman' not found.
findfont: Font family 'Nimbus Roman' not found.
findfont: Font family 'Nimbus Roman' not found.
findfont: Font family 'Nimbus Roman' not found.
findfont: Font family 'Nimbus Roman' not found.
findfont: Font family 'Nimbus Roman' not found.
findfont: Font family 'Nimbus Roman' not found.
findfont: Font family 'Nimbus Roman' not found.
findfont: Font family 'Nimbus Roman' not found.
findfont: Font family 'Nimbus Roman' not found.
findfont: Font family 'Nimbus Roman' not found.
findfont: Font family 'Nimbus Roman' not found.
findfont: Font family 'Nimbus Roman' not found.
findfont: Font family 'Nimbus Roman' not found.
findfont: Font family 'Nimbus Roman' not found.
findfont: Font family 'Nimbus Roman' not found.
findfont: Font family 'Nimbus Roman' not found.
findfont: Font family 'Nimbus Roman' not found.
findfont: Font family 'Nimbus Roman' not found.
findfont: Font family 'Nimbus Roman' not found.
findfont: Font family ['Nimbus Roman'] not found. Falling back to DejaVu Sans.
findfont: Font family 'Nimbus Roman' not found.
findfont: Font family ['Nimbus Roman'] not found. Falling back to DejaVu Sans.
findfont: Font family 'Nimbus Roman' not found.
findfont: Font family 'Nimbus Roman' not found.
findfont: Font family 'Nimbus Roman' not found.
findfont: Font family 'Nimbus Roman' not found.
findfont: Font family 'Nimbus Roman' not found.
findfont: Font family 'Nimbus Roman' not found.
findfont: Font family 'Nimbus Roman' not found.
findfont: Font family 'Nimbus Roman' not found.
findfont: Font family 'Nimbus Roman' not found.
findfont: Font family ['Nimbus Roman'] not found. Falling back to DejaVu Sans.
findfont: Font family 'Nimbus Roman' not found.
findfont: Font family 'Nimbus Roman' not found.
findfont: Font family 'Nimbus Roman' not found.
findfont: Font family 'Nimbus Roman' not found.
findfont: Font family 'Nimbus Roman' not found.
findfont: Font family 'Nimbus Roman' not found.
findfont: Font family 'Nimbus Roman' not found.
findfont: Font family 'Nimbus Roman' not found.
findfont: Font family 'Nimbus Roman' not found.
findfont: Font family 'Nimbus Roman' not found.
findfont: Font family 'Nimbus Roman' not found.
findfont: Font family 'Nimbus Roman' not found.
findfont: Font family 'Nimbus Roman' not found.
findfont: Font family 'Nimbus Roman' not found.
findfont: Font family 'Nimbus Roman' not found.
findfont: Font family 'Nimbus Roman' not found.
findfont: Font family 'Nimbus Roman' not found.
findfont: Font family 'Nimbus Roman' not found.
findfont: Font family 'Nimbus Roman' not found.
findfont: Font family 'Nimbus Roman' not found.
findfont: Font family 'Nimbus Roman' not found.
findfont: Font family 'Nimbus Roman' not found.
findfont: Font family 'Nimbus Roman' not found.
findfont: Font family 'Nimbus Roman' not found.
findfont: Font family 'Nimbus Roman' not found.
findfont: Font family 'Nimbus Roman' not found.
findfont: Font family 'Nimbus Roman' not found.
findfont: Font family 'Nimbus Roman' not found.
findfont: Font family 'Nimbus Roman' not found.
findfont: Font family 'Nimbus Roman' not found.
findfont: Font family 'Nimbus Roman' not found.
findfont: Font family 'Nimbus Roman' not found.
findfont: Font family 'Nimbus Roman' not found.
findfont: Font family 'Nimbus Roman' not found.
findfont: Font family 'Nimbus Roman' not found.
findfont: Font family 'Nimbus Roman' not found.
findfont: Font family 'Nimbus Roman' not found.
findfont: Font family 'Nimbus Roman' not found.
findfont: Font family 'Nimbus Roman' not found.
findfont: Font family 'Nimbus Roman' not found.
findfont: Font family 'Nimbus Roman' not found.
findfont: Font family 'Nimbus Roman' not found.
findfont: Font family 'Nimbus Roman' not found.
findfont: Font family 'Nimbus Roman' not found.
findfont: Font family 'Nimbus Roman' not found.
findfont: Font family 'Nimbus Roman' not found.
findfont: Font family 'Nimbus Roman' not found.
findfont: Font family 'Nimbus Roman' not found.
findfont: Font family 'Nimbus Roman' not found.
findfont: Font family 'Nimbus Roman' not found.
findfont: Font family 'Nimbus Roman' not found.
findfont: Font family 'Nimbus Roman' not found.
findfont: Font family 'Nimbus Roman' not found.
findfont: Font family 'Nimbus Roman' not found.
findfont: Font family 'Nimbus Roman' not found.
findfont: Font family 'Nimbus Roman' not found.
findfont: Font family 'Nimbus Roman' not found.
findfont: Font family 'Nimbus Roman' not found.
findfont: Font family 'Nimbus Roman' not found.
findfont: Font family 'Nimbus Roman' not found.
findfont: Font family 'Nimbus Roman' not found.
findfont: Font family 'Nimbus Roman' not found.
findfont: Font family 'Nimbus Roman' not found.
findfont: Font family 'Nimbus Roman' not found.
findfont: Font family 'Nimbus Roman' not found.
findfont: Font family 'Nimbus Roman' not found.
findfont: Font family 'Nimbus Roman' not found.
findfont: Font family 'Nimbus Roman' not found.
findfont: Font family 'Nimbus Roman' not found.
findfont: Font family 'Nimbus Roman' not found.
findfont: Font family 'Nimbus Roman' not found.
findfont: Font family 'Nimbus Roman' not found.
findfont: Font family 'Nimbus Roman' not found.
findfont: Font family 'Nimbus Roman' not found.
findfont: Font family 'Nimbus Roman' not found.
findfont: Font family 'Nimbus Roman' not found.
Ridge mode: rkhs; diagnostic interval: 50
Iter 1/4000 | log_obj=9.881e+00 | log_Bellman_root=3.527e+00 | mass=1.84e+04 | neg=0.00e+00 | grad=7.24e+02
Iter 400/4000 | log_obj=5.764e+00 | log_Bellman_root=1.468e+00 | mass=3.00e+02 | neg=0.00e+00 | grad=7.95e+03
Iter 800/4000 | log_obj=4.576e+00 | log_Bellman_root=8.663e-01 | mass=9.15e+01 | neg=0.00e+00 | grad=1.23e+04
Iter 1200/4000 | log_obj=-3.723e-01 | log_Bellman_root=-1.541e+00 | mass=6.39e-01 | neg=0.00e+00 | grad=6.46e+03
Iter 1600/4000 | log_obj=3.881e+00 | log_Bellman_root=5.282e-01 | mass=4.56e+01 | neg=0.00e+00 | grad=7.48e+03
Iter 2000/4000 | log_obj=4.285e+00 | log_Bellman_root=7.283e-01 | mass=6.83e+01 | neg=0.00e+00 | grad=1.65e+03
Iter 2400/4000 | log_obj=-9.979e-01 | log_Bellman_root=-1.796e+00 | mass=3.37e-01 | neg=0.00e+00 | grad=1.27e+03
Iter 2800/4000 | log_obj=2.821e+00 | log_Bellman_root=-1.074e-02 | mass=1.58e+01 | neg=0.00e+00 | grad=1.32e+03
Iter 3200/4000 | log_obj=1.239e+00 | log_Bellman_root=-7.701e-01 | mass=3.23e+00 | neg=0.00e+00 | grad=5.18e+02
Iter 3600/4000 | log_obj=1.189e+00 | log_Bellman_root=-7.958e-01 | mass=3.08e+00 | neg=0.00e+00 | grad=7.12e+02
Iter 4000/4000 | log_obj=1.035e+00 | log_Bellman_root=-8.933e-01 | mass=2.64e+00 | neg=0.00e+00 | grad=1.83e+03
Returning best diagnostic checkpoint from step 3450 (objective=2.139e-01, Bellman=1.838e-02).
Done in 12.37s.
KE-DRL global estimation is done.
B_hat shape: (3082, 800)
B_hat rank diagnostics: {'B_num_rows': 3082, 'B_num_cols': 800, 'B_min_dim': 800, 'B_numerical_rank': 800, 'B_rank_fraction': 1.0, 'B_rank_tolerance': 3.9587905938276435e-05, 'B_stable_rank': 212.1792449951172, 'B_effective_rank': 771.4902336071582, 'B_entropy_rank': 6.648324012756348, 'B_spectral_norm': 0.10775062441825867, 'B_frobenius_norm': 1.5695358514785767, 'B_nuclear_norm': 42.87960433959961, 'B_condition_number': 3.956540021476106, 'B_condition_number_tol': 3.956540021476106, 'B_smallest_singular_value': 0.0272335484623909, 'B_rank_rel_1em2': 800, 'B_rank_rel_1em3': 800, 'B_rank_rel_1em4': 800}
Global-loss target mass diagnostics: {'target_mass_mean': 0.5834348797798157, 'target_mass_min': 0.25545230507850647, 'target_mass_max': 0.840339183807373, 'target_mass_sd': 0.13602328300476074, 'target_mass_rmse_to_target': 0.43799978494644165, 'target_beta_min': -0.04116002470254898, 'target_beta_max': 0.0631360188126564, 'target_neg_frac_mean': 0.46537500000000004}
Return dictionary Z_grid shape: (800, 3)
Replicate 64 risk metrics: {'risk_n_steps_recorded': 81.0, 'risk_n_diagnostics_recorded': 81.0, 'risk_log_obj_initial': 9.88134838123956, 'risk_log_obj_final': 1.0350416387002048, 'risk_log_obj_min': -1.5422176140348827, 'risk_obj_initial': 19562.082031249993, 'risk_obj_final': 2.815223455429077, 'risk_obj_min': 0.2139062136411667, 'risk_log_obj_drop': 8.846306742539355, 'risk_log_bellman_root_initial': 3.5270476072105295, 'risk_log_bellman_root_final': -0.8933008533123505, 'risk_log_bellman_root_min': -1.998364082716095, 'risk_bellman_root_initial': 34.023368835449226, 'risk_bellman_root_final': 0.4093024730682373, 'risk_bellman_root_min': 0.13555686175823212, 'risk_bellman_initial': 1157.5896269130174, 'risk_bellman_final': 0.16752851445977512, 'risk_bellman_min': 0.018375662769740453, 'risk_log_bellman_root_drop': 4.42034846052288, 'risk_bellman_returned': 0.018375663086771965, 'risk_obj_returned': 0.2139062136411667, 'risk_returned_step': 3450.0, 'offline_data_id': 64, 'benchmark_point_source': 'fixed_config_plus_support_safe_target_policy_draws', 'target_set_size': 100, 'lambda_reg': 0.005, 'lambda_B': 0.002, 'num_steps': 4000, 'transition_reduction_enabled': 1, 'transition_reduction_method': 'kmeans', 'transition_original_rows': 12000, 'transition_reduced_rows': 3082, 'transition_compression_ratio': 0.25683333333333336, 'target_mass_mean': 0.5834348797798157, 'target_mass_min': 0.25545230507850647, 'target_mass_max': 0.840339183807373, 'target_mass_sd': 0.13602328300476074, 'target_mass_rmse_to_target': 0.43799978494644165, 'target_beta_min': -0.04116002470254898, 'target_beta_max': 0.0631360188126564, 'target_neg_frac_mean': 0.46537500000000004, 'B_num_rows': 3082, 'B_num_cols': 800, 'B_min_dim': 800, 'B_numerical_rank': 800, 'B_rank_fraction': 1.0, 'B_rank_tolerance': 3.9587905938276435e-05, 'B_stable_rank': 212.1792449951172, 'B_effective_rank': 771.4902336071582, 'B_entropy_rank': 6.648324012756348, 'B_spectral_norm': 0.10775062441825867, 'B_frobenius_norm': 1.5695358514785767, 'B_nuclear_norm': 42.87960433959961, 'B_condition_number': 3.956540021476106, 'B_condition_number_tol': 3.956540021476106, 'B_smallest_singular_value': 0.0272335484623909, 'B_rank_rel_1em2': 800, 'B_rank_rel_1em3': 800, 'B_rank_rel_1em4': 800, 'risk_objective_final_raw': 2.815223455429077, 'risk_objective_min_raw': 0.2139062136411667, 'risk_objective_max_raw': 19562.08203125, 'risk_bellman_final_raw': 0.16752851009368896, 'risk_bellman_min_raw': 0.018375663086771965, 'risk_bellman_max_raw': 1157.5897216796875, 'risk_rkhs_ridge_final_raw': 0.0036026379093527794, 'risk_rkhs_ridge_min_raw': 0.0036026379093527794, 'risk_rkhs_ridge_max_raw': 0.23533369600772858, 'risk_mass_final_raw': 2.644092321395874, 'risk_mass_min_raw': 0.19184379279613495, 'risk_mass_max_raw': 18404.2578125, 'risk_negativity_final_raw': 0.0, 'risk_negativity_min_raw': 0.0, 'risk_negativity_max_raw': 0.0, 'risk_B_norm_final_raw': 1.5692955255508423, 'risk_B_norm_min_raw': 1.5692933797836304, 'risk_B_norm_max_raw': 1.6383658647537231, 'risk_diagnostic_step_final_raw': 4000.0, 'risk_diagnostic_step_min_raw': 1.0, 'risk_diagnostic_step_max_raw': 4000.0, 'risk_best_step_final_raw': 3450.0, 'risk_best_step_min_raw': 3450.0, 'risk_best_step_max_raw': 3450.0, 'risk_best_objective_final_raw': 0.2139062136411667, 'risk_best_objective_min_raw': 0.2139062136411667, 'risk_best_objective_max_raw': 0.2139062136411667, 'risk_best_bellman_final_raw': 0.018375663086771965, 'risk_best_bellman_min_raw': 0.018375663086771965, 'risk_best_bellman_max_raw': 0.018375663086771965, 'risk_returned_step_final_raw': 3450.0, 'risk_returned_step_min_raw': 3450.0, 'risk_returned_step_max_raw': 3450.0, 'risk_returned_objective_final_raw': 0.2139062136411667, 'risk_returned_objective_min_raw': 0.2139062136411667, 'risk_returned_objective_max_raw': 0.2139062136411667, 'risk_returned_bellman_final_raw': 0.018375663086771965, 'risk_returned_bellman_min_raw': 0.018375663086771965, 'risk_returned_bellman_max_raw': 0.018375663086771965, 'risk_returned_best_checkpoint_final_raw': 1.0, 'risk_returned_best_checkpoint_min_raw': 1.0, 'risk_returned_best_checkpoint_max_raw': 1.0}
Benchmark 0 evaluation grid shape: (800, 3)
Replicate 64, benchmark 0 metrics: {'run_id': '64_b0', 'RMSE': 0.12254107238702784, 'MAE': 0.10991002951283008, 'SupNorm': 0.20766207575798035, 'Bias': -0.10930514436447993, 'Corr': 0.8385364086006964, 'deming_slope': 0.5857392712411184, 'deming_intercept': -0.0006779874192940072, 'beta_sum': 0.6569278240203857, 'beta_l1': 4.015822410583496, 'beta_l2': 0.17968352138996124, 'beta_min': -0.021102841943502426, 'beta_max': 0.021961543709039688, 'beta_neg_frac': 0.45625, 'offline_data_id': 64, 'benchmark_id': 0, 'benchmark_point_source': 'fixed_config', 'target_set_size': 100, 'benchmark_z_path': 'data/Z_true.pt', 'projected_bellman_test_risk': 0.0318833589553833, 'oracle_embedding_risk': 0.8004186153411865, 'benchmark_embedding_risk': 0.8004186153411865, 'risk_bellman_final': 0.16752851445977512, 'risk_obj_final': 2.815223455429077, 'B_num_rows': 3082, 'B_num_cols': 800, 'B_min_dim': 800, 'B_numerical_rank': 800, 'B_rank_fraction': 1.0, 'B_rank_tolerance': 3.9587905938276435e-05, 'B_stable_rank': 212.1792449951172, 'B_effective_rank': 771.4902336071582, 'B_entropy_rank': 6.648324012756348, 'B_spectral_norm': 0.10775062441825867, 'B_frobenius_norm': 1.5695358514785767, 'B_nuclear_norm': 42.87960433959961, 'B_condition_number': 3.956540021476106, 'B_condition_number_tol': 3.956540021476106, 'B_smallest_singular_value': 0.0272335484623909, 'B_rank_rel_1em2': 800, 'B_rank_rel_1em3': 800, 'B_rank_rel_1em4': 800}
Saved ./mu/mu_hat.csv shape=(800,)
Saved ./mu/mu2D_hat_dims01.csv shape=(120, 120)
Saved ./mu/mu2D_hat_dims01.csv shape=(120, 120)
Saved plots/replicate_64/mu_3D.png
Benchmark 1 evaluation grid shape: (800, 3)
Replicate 64, benchmark 1 metrics: {'run_id': '64_b1', 'RMSE': 0.2512950067117548, 'MAE': 0.23338437719430657, 'SupNorm': 0.41032555885612965, 'Bias': -0.23338437719430657, 'Corr': 0.26553343242714955, 'deming_slope': 0.03648587137345407, 'deming_intercept': 0.017644082947805194, 'beta_sum': 0.1730310618877411, 'beta_l1': 6.866272449493408, 'beta_l2': 0.304416686296463, 'beta_min': -0.03492371737957001, 'beta_max': 0.03389591723680496, 'beta_neg_frac': 0.485, 'offline_data_id': 64, 'benchmark_id': 1, 'benchmark_point_source': 'fixed_config', 'target_set_size': 100, 'benchmark_z_path': 'data/Z_true.pt', 'projected_bellman_test_risk': 0.014597494155168533, 'oracle_embedding_risk': 0.9541709423065186, 'benchmark_embedding_risk': 0.9541709423065186, 'risk_bellman_final': 0.16752851445977512, 'risk_obj_final': 2.815223455429077, 'B_num_rows': 3082, 'B_num_cols': 800, 'B_min_dim': 800, 'B_numerical_rank': 800, 'B_rank_fraction': 1.0, 'B_rank_tolerance': 3.9587905938276435e-05, 'B_stable_rank': 212.1792449951172, 'B_effective_rank': 771.4902336071582, 'B_entropy_rank': 6.648324012756348, 'B_spectral_norm': 0.10775062441825867, 'B_frobenius_norm': 1.5695358514785767, 'B_nuclear_norm': 42.87960433959961, 'B_condition_number': 3.956540021476106, 'B_condition_number_tol': 3.956540021476106, 'B_smallest_singular_value': 0.0272335484623909, 'B_rank_rel_1em2': 800, 'B_rank_rel_1em3': 800, 'B_rank_rel_1em4': 800}
Benchmark 2 evaluation grid shape: (800, 3)
Replicate 64, benchmark 2 metrics: {'run_id': '64_b2', 'RMSE': 0.22261549497270622, 'MAE': 0.20766150514013135, 'SupNorm': 0.36207785829901695, 'Bias': -0.20766150514013135, 'Corr': 0.5714083191334113, 'deming_slope': 0.18231744288388163, 'deming_intercept': 0.011504882189233533, 'beta_sum': 0.2722923159599304, 'beta_l1': 6.622344970703125, 'beta_l2': 0.295741468667984, 'beta_min': -0.03590915724635124, 'beta_max': 0.032696548849344254, 'beta_neg_frac': 0.485, 'offline_data_id': 64, 'benchmark_id': 2, 'benchmark_point_source': 'fixed_config', 'target_set_size': 100, 'benchmark_z_path': 'data/Z_true.pt', 'projected_bellman_test_risk': 0.010299776680767536, 'oracle_embedding_risk': 0.902773380279541, 'benchmark_embedding_risk': 0.902773380279541, 'risk_bellman_final': 0.16752851445977512, 'risk_obj_final': 2.815223455429077, 'B_num_rows': 3082, 'B_num_cols': 800, 'B_min_dim': 800, 'B_numerical_rank': 800, 'B_rank_fraction': 1.0, 'B_rank_tolerance': 3.9587905938276435e-05, 'B_stable_rank': 212.1792449951172, 'B_effective_rank': 771.4902336071582, 'B_entropy_rank': 6.648324012756348, 'B_spectral_norm': 0.10775062441825867, 'B_frobenius_norm': 1.5695358514785767, 'B_nuclear_norm': 42.87960433959961, 'B_condition_number': 3.956540021476106, 'B_condition_number_tol': 3.956540021476106, 'B_smallest_singular_value': 0.0272335484623909, 'B_rank_rel_1em2': 800, 'B_rank_rel_1em3': 800, 'B_rank_rel_1em4': 800}
Benchmark 3 evaluation grid shape: (800, 3)
Replicate 64, benchmark 3 metrics: {'run_id': '64_b3', 'RMSE': 0.24121418714081683, 'MAE': 0.2225586659876717, 'SupNorm': 0.4020184278488159, 'Bias': -0.2225586659876717, 'Corr': 0.2157701742627379, 'deming_slope': 0.05165486792823544, 'deming_intercept': 0.02329985196957117, 'beta_sum': 0.23127412796020508, 'beta_l1': 6.562659740447998, 'beta_l2': 0.2934853136539459, 'beta_min': -0.03393774479627609, 'beta_max': 0.0344039648771286, 'beta_neg_frac': 0.4925, 'offline_data_id': 64, 'benchmark_id': 3, 'benchmark_point_source': 'fixed_config', 'target_set_size': 100, 'benchmark_z_path': 'data/Z_true.pt', 'projected_bellman_test_risk': 0.013874076306819916, 'oracle_embedding_risk': 0.9417697191238403, 'benchmark_embedding_risk': 0.9417697191238403, 'risk_bellman_final': 0.16752851445977512, 'risk_obj_final': 2.815223455429077, 'B_num_rows': 3082, 'B_num_cols': 800, 'B_min_dim': 800, 'B_numerical_rank': 800, 'B_rank_fraction': 1.0, 'B_rank_tolerance': 3.9587905938276435e-05, 'B_stable_rank': 212.1792449951172, 'B_effective_rank': 771.4902336071582, 'B_entropy_rank': 6.648324012756348, 'B_spectral_norm': 0.10775062441825867, 'B_frobenius_norm': 1.5695358514785767, 'B_nuclear_norm': 42.87960433959961, 'B_condition_number': 3.956540021476106, 'B_condition_number_tol': 3.956540021476106, 'B_smallest_singular_value': 0.0272335484623909, 'B_rank_rel_1em2': 800, 'B_rank_rel_1em3': 800, 'B_rank_rel_1em4': 800}
Benchmark 4 evaluation grid shape: (800, 3)
Replicate 64, benchmark 4 metrics: {'run_id': '64_b4', 'RMSE': 0.10267412548023176, 'MAE': 0.09153467787968111, 'SupNorm': 0.18761298060417175, 'Bias': -0.09110555633975309, 'Corr': 0.8683746814403857, 'deming_slope': 0.768331844398522, 'deming_intercept': -0.02934174100948822, 'beta_sum': 0.7453581690788269, 'beta_l1': 4.646493434906006, 'beta_l2': 0.22228139638900757, 'beta_min': -0.018703890964388847, 'beta_max': 0.048345908522605896, 'beta_neg_frac': 0.465, 'offline_data_id': 64, 'benchmark_id': 4, 'benchmark_point_source': 'support_safe_target_policy_draw', 'target_set_size': 100, 'benchmark_z_path': 'data/Z_true.pt', 'projected_bellman_test_risk': 0.019729644060134888, 'oracle_embedding_risk': 0.7922631502151489, 'benchmark_embedding_risk': 0.7922631502151489, 'risk_bellman_final': 0.16752851445977512, 'risk_obj_final': 2.815223455429077, 'B_num_rows': 3082, 'B_num_cols': 800, 'B_min_dim': 800, 'B_numerical_rank': 800, 'B_rank_fraction': 1.0, 'B_rank_tolerance': 3.9587905938276435e-05, 'B_stable_rank': 212.1792449951172, 'B_effective_rank': 771.4902336071582, 'B_entropy_rank': 6.648324012756348, 'B_spectral_norm': 0.10775062441825867, 'B_frobenius_norm': 1.5695358514785767, 'B_nuclear_norm': 42.87960433959961, 'B_condition_number': 3.956540021476106, 'B_condition_number_tol': 3.956540021476106, 'B_smallest_singular_value': 0.0272335484623909, 'B_rank_rel_1em2': 800, 'B_rank_rel_1em3': 800, 'B_rank_rel_1em4': 800}
Benchmark 5 evaluation grid shape: (800, 3)
Replicate 64, benchmark 5 metrics: {'run_id': '64_b5', 'RMSE': 0.22794145412826705, 'MAE': 0.21010038728423752, 'SupNorm': 0.37412484362721443, 'Bias': -0.20965102016290985, 'Corr': 0.2852940203808324, 'deming_slope': 0.107303551960416, 'deming_intercept': 0.01975822340068935, 'beta_sum': 0.36231350898742676, 'beta_l1': 0.7443276643753052, 'beta_l2': 0.03573336452245712, 'beta_min': -0.0025014744605869055, 'beta_max': 0.006396994926035404, 'beta_neg_frac': 0.3575, 'offline_data_id': 64, 'benchmark_id': 5, 'benchmark_point_source': 'support_safe_target_policy_draw', 'target_set_size': 100, 'benchmark_z_path': 'data/Z_true.pt', 'projected_bellman_test_risk': 0.02335105836391449, 'oracle_embedding_risk': 0.9335717558860779, 'benchmark_embedding_risk': 0.9335717558860779, 'risk_bellman_final': 0.16752851445977512, 'risk_obj_final': 2.815223455429077, 'B_num_rows': 3082, 'B_num_cols': 800, 'B_min_dim': 800, 'B_numerical_rank': 800, 'B_rank_fraction': 1.0, 'B_rank_tolerance': 3.9587905938276435e-05, 'B_stable_rank': 212.1792449951172, 'B_effective_rank': 771.4902336071582, 'B_entropy_rank': 6.648324012756348, 'B_spectral_norm': 0.10775062441825867, 'B_frobenius_norm': 1.5695358514785767, 'B_nuclear_norm': 42.87960433959961, 'B_condition_number': 3.956540021476106, 'B_condition_number_tol': 3.956540021476106, 'B_smallest_singular_value': 0.0272335484623909, 'B_rank_rel_1em2': 800, 'B_rank_rel_1em3': 800, 'B_rank_rel_1em4': 800}
Benchmark 6 evaluation grid shape: (800, 3)
Replicate 64, benchmark 6 metrics: {'run_id': '64_b6', 'RMSE': 0.1711738744911998, 'MAE': 0.1576772773754783, 'SupNorm': 0.2836615592241287, 'Bias': -0.15767501175636425, 'Corr': 0.8316826157310214, 'deming_slope': 0.3558810220470336, 'deming_intercept': 0.012366723043340216, 'beta_sum': 0.5107598900794983, 'beta_l1': 5.02717924118042, 'beta_l2': 0.22653624415397644, 'beta_min': -0.027445530518889427, 'beta_max': 0.025201676413416862, 'beta_neg_frac': 0.48375, 'offline_data_id': 64, 'benchmark_id': 6, 'benchmark_point_source': 'support_safe_target_policy_draw', 'target_set_size': 100, 'benchmark_z_path': 'data/Z_true.pt', 'projected_bellman_test_risk': 0.011924441903829575, 'oracle_embedding_risk': 0.8444115519523621, 'benchmark_embedding_risk': 0.8444115519523621, 'risk_bellman_final': 0.16752851445977512, 'risk_obj_final': 2.815223455429077, 'B_num_rows': 3082, 'B_num_cols': 800, 'B_min_dim': 800, 'B_numerical_rank': 800, 'B_rank_fraction': 1.0, 'B_rank_tolerance': 3.9587905938276435e-05, 'B_stable_rank': 212.1792449951172, 'B_effective_rank': 771.4902336071582, 'B_entropy_rank': 6.648324012756348, 'B_spectral_norm': 0.10775062441825867, 'B_frobenius_norm': 1.5695358514785767, 'B_nuclear_norm': 42.87960433959961, 'B_condition_number': 3.956540021476106, 'B_condition_number_tol': 3.956540021476106, 'B_smallest_singular_value': 0.0272335484623909, 'B_rank_rel_1em2': 800, 'B_rank_rel_1em3': 800, 'B_rank_rel_1em4': 800}
Benchmark 7 evaluation grid shape: (800, 3)
Replicate 64, benchmark 7 metrics: {'run_id': '64_b7', 'RMSE': 0.12429250078148128, 'MAE': 0.1137789423466893, 'SupNorm': 0.20580464601516724, 'Bias': -0.11376835152332206, 'Corr': 0.8548903566862324, 'deming_slope': 0.6772523498188712, 'deming_intercept': -0.029374620388553735, 'beta_sum': 0.5131096839904785, 'beta_l1': 5.779338836669922, 'beta_l2': 0.25919705629348755, 'beta_min': -0.026462877169251442, 'beta_max': 0.04298073798418045, 'beta_neg_frac': 0.465, 'offline_data_id': 64, 'benchmark_id': 7, 'benchmark_point_source': 'support_safe_target_policy_draw', 'target_set_size': 100, 'benchmark_z_path': 'data/Z_true.pt', 'projected_bellman_test_risk': 0.02014654129743576, 'oracle_embedding_risk': 0.8108941316604614, 'benchmark_embedding_risk': 0.8108941316604614, 'risk_bellman_final': 0.16752851445977512, 'risk_obj_final': 2.815223455429077, 'B_num_rows': 3082, 'B_num_cols': 800, 'B_min_dim': 800, 'B_numerical_rank': 800, 'B_rank_fraction': 1.0, 'B_rank_tolerance': 3.9587905938276435e-05, 'B_stable_rank': 212.1792449951172, 'B_effective_rank': 771.4902336071582, 'B_entropy_rank': 6.648324012756348, 'B_spectral_norm': 0.10775062441825867, 'B_frobenius_norm': 1.5695358514785767, 'B_nuclear_norm': 42.87960433959961, 'B_condition_number': 3.956540021476106, 'B_condition_number_tol': 3.956540021476106, 'B_smallest_singular_value': 0.0272335484623909, 'B_rank_rel_1em2': 800, 'B_rank_rel_1em3': 800, 'B_rank_rel_1em4': 800}
Benchmark 8 evaluation grid shape: (800, 3)
Replicate 64, benchmark 8 metrics: {'run_id': '64_b8', 'RMSE': 0.139947689015768, 'MAE': 0.12838984349757085, 'SupNorm': 0.2308667004108429, 'Bias': -0.1283887004108692, 'Corr': 0.9317102800155692, 'deming_slope': 0.46866249346436023, 'deming_intercept': 0.010021628749028677, 'beta_sum': 0.6084128618240356, 'beta_l1': 3.3856356143951416, 'beta_l2': 0.15409722924232483, 'beta_min': -0.017034707590937614, 'beta_max': 0.02121393382549286, 'beta_neg_frac': 0.46375, 'offline_data_id': 64, 'benchmark_id': 8, 'benchmark_point_source': 'support_safe_target_policy_draw', 'target_set_size': 100, 'benchmark_z_path': 'data/Z_true.pt', 'projected_bellman_test_risk': 0.029268663376569748, 'oracle_embedding_risk': 0.8127249479293823, 'benchmark_embedding_risk': 0.8127249479293823, 'risk_bellman_final': 0.16752851445977512, 'risk_obj_final': 2.815223455429077, 'B_num_rows': 3082, 'B_num_cols': 800, 'B_min_dim': 800, 'B_numerical_rank': 800, 'B_rank_fraction': 1.0, 'B_rank_tolerance': 3.9587905938276435e-05, 'B_stable_rank': 212.1792449951172, 'B_effective_rank': 771.4902336071582, 'B_entropy_rank': 6.648324012756348, 'B_spectral_norm': 0.10775062441825867, 'B_frobenius_norm': 1.5695358514785767, 'B_nuclear_norm': 42.87960433959961, 'B_condition_number': 3.956540021476106, 'B_condition_number_tol': 3.956540021476106, 'B_smallest_singular_value': 0.0272335484623909, 'B_rank_rel_1em2': 800, 'B_rank_rel_1em3': 800, 'B_rank_rel_1em4': 800}
Benchmark 9 evaluation grid shape: (800, 3)
Replicate 64, benchmark 9 metrics: {'run_id': '64_b9', 'RMSE': 0.13808201770700754, 'MAE': 0.12381429790286347, 'SupNorm': 0.2427503764629364, 'Bias': -0.12381410646950826, 'Corr': 0.7791695891122243, 'deming_slope': 0.5782319428180962, 'deming_intercept': -0.011722835150663302, 'beta_sum': 0.5916568636894226, 'beta_l1': 5.536001205444336, 'beta_l2': 0.2538009583950043, 'beta_min': -0.027986280620098114, 'beta_max': 0.03603116050362587, 'beta_neg_frac': 0.45625, 'offline_data_id': 64, 'benchmark_id': 9, 'benchmark_point_source': 'support_safe_target_policy_draw', 'target_set_size': 100, 'benchmark_z_path': 'data/Z_true.pt', 'projected_bellman_test_risk': 0.010046353563666344, 'oracle_embedding_risk': 0.8141189813613892, 'benchmark_embedding_risk': 0.8141189813613892, 'risk_bellman_final': 0.16752851445977512, 'risk_obj_final': 2.815223455429077, 'B_num_rows': 3082, 'B_num_cols': 800, 'B_min_dim': 800, 'B_numerical_rank': 800, 'B_rank_fraction': 1.0, 'B_rank_tolerance': 3.9587905938276435e-05, 'B_stable_rank': 212.1792449951172, 'B_effective_rank': 771.4902336071582, 'B_entropy_rank': 6.648324012756348, 'B_spectral_norm': 0.10775062441825867, 'B_frobenius_norm': 1.5695358514785767, 'B_nuclear_norm': 42.87960433959961, 'B_condition_number': 3.956540021476106, 'B_condition_number_tol': 3.956540021476106, 'B_smallest_singular_value': 0.0272335484623909, 'B_rank_rel_1em2': 800, 'B_rank_rel_1em3': 800, 'B_rank_rel_1em4': 800}
Replicate 64 finished in 21.6s
Finished combo 1, offline replicate 64.
