Job ID:    2359480
Array idx: 660
CPUs/node: 64
Mem/node:  131072
Using CC = cc 
Using CXX = CC 
Using FC = ftn 
Using F77 = ftn 
Using F90 = ftn 
cuda/12.6.1 is deprecated; loading cudatoolkit/25.5_12.9 instead.
Using CC = /opt/nvidia/hpc_sdk/Linux_aarch64/25.5/compilers/bin/nvc 
Using CXX = /opt/nvidia/hpc_sdk/Linux_aarch64/25.5/compilers/bin/nvc++ 
Using FC = /opt/nvidia/hpc_sdk/Linux_aarch64/25.5/compilers/bin/nvfortran 
Using F77 = /opt/nvidia/hpc_sdk/Linux_aarch64/25.5/compilers/bin/nvfortran 
Using F90 = /opt/nvidia/hpc_sdk/Linux_aarch64/25.5/compilers/bin/nvfortran 
Using CC = /opt/nvidia/hpc_sdk/Linux_aarch64/25.5/compilers/bin/nvc 
Using CXX = /opt/nvidia/hpc_sdk/Linux_aarch64/25.5/compilers/bin/nvc++ 
Using FC = /opt/nvidia/hpc_sdk/Linux_aarch64/25.5/compilers/bin/nvfortran 
Using F77 = /opt/nvidia/hpc_sdk/Linux_aarch64/25.5/compilers/bin/nvfortran 
Using F90 = /opt/nvidia/hpc_sdk/Linux_aarch64/25.5/compilers/bin/nvfortran 

Lmod is automatically replacing "gcc-native/14" with "gcc/14.2.0".

ghx4
0
Tuning combo id: 6 / 6
Offline replicate id: 60 / 99
Installing ke_drl from git: https://github.com/mehrdadmhmdi/ke-drl.git@main
Collecting git+https://github.com/mehrdadmhmdi/ke-drl.git@main
  Cloning https://github.com/mehrdadmhmdi/ke-drl.git (to revision main) to /tmp/pip-req-build-e9lgcrcj
  Running command git clone --filter=blob:none --quiet https://github.com/mehrdadmhmdi/ke-drl.git /tmp/pip-req-build-e9lgcrcj
  Resolved https://github.com/mehrdadmhmdi/ke-drl.git to commit 3c5d570e40ea15b1fbe4817b5f43b64c7b333e82
  Installing build dependencies: started
  Installing build dependencies: finished with status 'done'
  Getting requirements to build wheel: started
  Getting requirements to build wheel: finished with status 'done'
  Preparing metadata (pyproject.toml): started
  Preparing metadata (pyproject.toml): finished with status 'done'
Building wheels for collected packages: ke_drl
  Building wheel for ke_drl (pyproject.toml): started
  Building wheel for ke_drl (pyproject.toml): finished with status 'done'
  Created wheel for ke_drl: filename=ke_drl-0.1.0-py3-none-any.whl size=47219 sha256=7d9b1515f73eeaf6e356f18243ed0d8e1d51b4a3ca54291c047700282b70c63f
  Stored in directory: /tmp/pip-ephem-wheel-cache-95378tbm/wheels/24/47/ad/9a4ffd3b05d3e90e35ffc6e7324b735b8bfcf5f51aaf29a333
Successfully built ke_drl
Installing collected packages: ke_drl
Successfully installed ke_drl-0.1.0
Installed ke_drl source: /work/nvme/bfez/mehrdad3/DistRL/simulation_3/runs/sim3_global_2358722_6/.kedrl_site_660/ke_drl/__init__.py
Tuning combo 6: lambda_B_0.2
Overrides: {'lambda_B': 0.2}
RUN: /sw/user/python/miniforge3-pytorch-24.11.3/bin/python3 validate_sim_config.py --params params.yaml
ke_drl import source: /work/nvme/bfez/mehrdad3/DistRL/simulation_3/runs/sim3_global_2358722_6/.kedrl_site_660/ke_drl/__init__.py
ke_drl package API OK: prediction weights, RFF operators, rank diagnostics, and best-checkpoint optimizer available
Policy config OK: behavior=uniform, target=logistic, state_dim=5, action_dim=1
Note: policy.logistic.theta_scale/theta_std are log-scale coefficients in Probability_Densities.
Behavior-policy linearized state-process diagnostic: spectral_radius=0.653, offline_burn_in=50
Replicate config OK: num_replicates=100, benchmark points=10 independent of D_i, loss target points=100
Transition reduction OK: method=kmeans, raw rows N(T-1)=12000, target rows about 3000, B rows reduced from 12000 to about 3000
Return-operator approximation OK: method=rff, features=512, exact G avoided for estimated N=12000, m=800, L=100
Fixed benchmark config rows=4 (benchmark.num_points=10; additional points are support-safe target-policy draws if needed)
Fixed benchmark point 0: s_star=[0.6, -0.8, 0.7, -0.5, 0.9], a_star=[0.5]
Fixed benchmark behavior-support interval for configured rows: min_lower=-0.12, max_upper=1.11
Fixed benchmark target-policy location range: [-0.02, 0.14]
Reusing shared data from /work/nvme/bfez/mehrdad3/DistRL/simulation_3/runs/sim3_shared_data/data for offline replicate 60.
RUN: /sw/user/python/miniforge3-pytorch-24.11.3/bin/python3 validate_sim_config.py --params params.yaml --data data/offline_data_60.pt
ke_drl import source: /work/nvme/bfez/mehrdad3/DistRL/simulation_3/runs/sim3_global_2358722_6/.kedrl_site_660/ke_drl/__init__.py
ke_drl package API OK: prediction weights, RFF operators, rank diagnostics, and best-checkpoint optimizer available
Policy config OK: behavior=uniform, target=logistic, state_dim=5, action_dim=1
Note: policy.logistic.theta_scale/theta_std are log-scale coefficients in Probability_Densities.
Behavior-policy linearized state-process diagnostic: spectral_radius=0.653, offline_burn_in=50
Replicate config OK: num_replicates=100, benchmark points=10 independent of D_i, loss target points=100
Transition reduction OK: method=kmeans, raw rows N(T-1)=12000, target rows about 3000, B rows reduced from 12000 to about 3000
Return-operator approximation OK: method=rff, features=512, exact G avoided for estimated N=12000, m=800, L=100
Fixed benchmark config rows=4 (benchmark.num_points=10; additional points are support-safe target-policy draws if needed)
Fixed benchmark point 0: s_star=[0.6, -0.8, 0.7, -0.5, 0.9], a_star=[0.5]
Fixed benchmark behavior-support interval for configured rows: min_lower=-0.12, max_upper=1.11
Fixed benchmark target-policy location range: [-0.02, 0.14]
Full benchmark support check OK: 10 points, min_lower=-2.177, max_upper=2.05
observed behavior actions: mean=0.4018, sd=0.6821, q0/q10/q50/q90/q100=[-2.362156867980957, -0.41249033212661745, 0.3324101120233536, 1.3375676631927491, 2.995539426803589]
target-policy sampled actions: mean=-0.01664, sd=0.6693, q0/q10/q50/q90/q100=[-3.2177810594403122, -0.8707666974801711, -0.008822197051866473, 0.8318535537720686, 2.8148986195552395]
behavior uniform lower: mean=-0.1185, sd=0.6629, q0/q10/q50/q90/q100=[-3.21138858795166, -0.9664686627686023, -0.11272381395101547, 0.7236498236656189, 2.675943338871002]
behavior uniform upper: mean=0.925, sd=0.6497, q0/q10/q50/q90/q100=[-0.9288348913192748, 0.07151946723461156, 0.9322895508259534, 1.7633351242542268, 3.675943338871002]
target location inside behavior uniform support: 0.968
RUN: /sw/user/python/miniforge3-pytorch-24.11.3/bin/python3 main_est.py
# ================================================================ #
#   Global KE-DRL estimation for one offline replicate              #
# ================================================================ #
Slurm Job ID: 2359480
Slurm Array ID: 60 -- used as the offline-replicate id
Offline data id: 60
ke_drl import source: /work/nvme/bfez/mehrdad3/DistRL/simulation_3/runs/sim3_global_2358722_6/.kedrl_site_660/ke_drl/__init__.py
Estimator device: cuda (NVIDIA GH200 120GB, capability 9.0); torch CUDA=13.0
Random seed: 20460572
Number of offline replicates: 100
[transition reduction] enabled: original rows=12000, target basis=3000, method=kmeans, device=cuda
[transition reduction] kmeans iter 1/20, mean center shift=2.6907e-01
[transition reduction] kmeans iter 5/20, mean center shift=5.9911e-03
[transition reduction] kmeans iter 10/20, mean center shift=5.4931e-05
[transition reduction] selected 3081 rows from 12000 transitions (ratio 0.2567); indices saved to data/reduced_transition_indices_60.pt
Data and parameters loaded.
offline path: data/offline_data_60.pt
benchmark true-Z path: data/Z_true.pt
offline shapes after reduction: s0=(3081, 5), a0=(3081, 1), r0=(3081, 3)
transition reduction: {'enabled': True, 'method': 'kmeans', 'original_rows': 12000, 'reduced_rows': 3081, 'selected_indices_path': 'data/reduced_transition_indices_60.pt', 'target_basis': 3000, 'compression_ratio': 0.25675}
fixed benchmark point source: fixed_config_plus_support_safe_target_policy_draws
benchmark row excluded from this offline data: None
global loss target set shape: s_star=(100, 5), a_star=(100, 1)
benchmark true-Z count=10, shape each=(50000, 3)
target policy: logistic
behavior policy: uniform
lambda_Gamma=0.005, lambda_B=0.2, d_r_method=song
dtype=torch.float32, operator_method=rff, operator_num_features=512
ridge_mode=rkhs, diagnostic_interval=50
mass_anchor_lambda=1.0, target_mass=1.0
uLSIF basis: source=numerator, n_basis=512, lambda_reg=0.005
optimizer stabilizers: lambda_neg=0.0, max_B_norm=None, eta_clip_min=0.0, eta_clip_max=5.0, normalize_eta=True
========================================
Estimating the global KE-DRL mean embedding
torch device=cuda, dtype=torch.float32
Data dims: N=3081, L=100, Ds=5, Da=1, Dr=3
lambda_Gamma=0.005, lambda_B=0.2
return-operator construction: method=rff, rff_features=512
[uLSIF] basis=512/3081 (numerator); eta_hat min=-8.432e-01 max=4.922e+00 neg%=3.38
ESS for eta_plus: 2181.9 / 3081
eta_plus diagnostics: raw_mean=0.999, raw_min=-0.843, raw_max=4.92; used_mean=1, used_min=0, used_max=4.89
[timing] Z-grid: 0.03s
[timing] K_X: 0.00s
[timing] K_plus: 0.00s
[timing] k_star: 0.00s
[timing] Gamma_stack: 0.01s
[timing] Phi_stack: 0.00s
[timing] RFF feature sample: 0.00s
[timing] K_Z RFF: 0.00s
[timing] G_stack RFF: 0.01s
[timing] H_stack RFF: 0.01s
findfont: Font family 'Nimbus Roman' not found.
findfont: Font family 'Nimbus Roman' not found.
findfont: Font family 'Nimbus Roman' not found.
findfont: Font family 'Nimbus Roman' not found.
findfont: Font family 'Nimbus Roman' not found.
findfont: Font family 'Nimbus Roman' not found.
findfont: Font family 'Nimbus Roman' not found.
findfont: Font family 'Nimbus Roman' not found.
findfont: Font family 'Nimbus Roman' not found.
findfont: Font family 'Nimbus Roman' not found.
findfont: Font family 'Nimbus Roman' not found.
findfont: Font family 'Nimbus Roman' not found.
findfont: Font family 'Nimbus Roman' not found.
findfont: Font family 'Nimbus Roman' not found.
findfont: Font family 'Nimbus Roman' not found.
findfont: Font family 'Nimbus Roman' not found.
findfont: Font family 'Nimbus Roman' not found.
findfont: Font family 'Nimbus Roman' not found.
findfont: Font family 'Nimbus Roman' not found.
findfont: Font family 'Nimbus Roman' not found.
findfont: Font family 'Nimbus Roman' not found.
findfont: Font family 'Nimbus Roman' not found.
findfont: Font family 'Nimbus Roman' not found.
findfont: Font family 'Nimbus Roman' not found.
findfont: Font family 'Nimbus Roman' not found.
findfont: Font family 'Nimbus Roman' not found.
findfont: Font family 'Nimbus Roman' not found.
findfont: Font family 'Nimbus Roman' not found.
findfont: Font family 'Nimbus Roman' not found.
findfont: Font family 'Nimbus Roman' not found.
findfont: Font family 'Nimbus Roman' not found.
findfont: Font family 'Nimbus Roman' not found.
findfont: Font family 'Nimbus Roman' not found.
findfont: Font family 'Nimbus Roman' not found.
findfont: Font family 'Nimbus Roman' not found.
findfont: Font family 'Nimbus Roman' not found.
findfont: Font family 'Nimbus Roman' not found.
findfont: Font family 'Nimbus Roman' not found.
findfont: Font family 'Nimbus Roman' not found.
findfont: Font family 'Nimbus Roman' not found.
findfont: Font family 'Nimbus Roman' not found.
findfont: Font family 'Nimbus Roman' not found.
findfont: Font family 'Nimbus Roman' not found.
findfont: Font family ['Nimbus Roman'] not found. Falling back to DejaVu Sans.
findfont: Font family 'Nimbus Roman' not found.
findfont: Font family ['Nimbus Roman'] not found. Falling back to DejaVu Sans.
findfont: Font family 'Nimbus Roman' not found.
findfont: Font family 'Nimbus Roman' not found.
findfont: Font family 'Nimbus Roman' not found.
findfont: Font family 'Nimbus Roman' not found.
findfont: Font family 'Nimbus Roman' not found.
findfont: Font family 'Nimbus Roman' not found.
findfont: Font family 'Nimbus Roman' not found.
findfont: Font family 'Nimbus Roman' not found.
findfont: Font family 'Nimbus Roman' not found.
findfont: Font family 'Nimbus Roman' not found.
findfont: Font family ['Nimbus Roman'] not found. Falling back to DejaVu Sans.
findfont: Font family 'Nimbus Roman' not found.
findfont: Font family 'Nimbus Roman' not found.
findfont: Font family 'Nimbus Roman' not found.
findfont: Font family 'Nimbus Roman' not found.
findfont: Font family 'Nimbus Roman' not found.
findfont: Font family 'Nimbus Roman' not found.
findfont: Font family 'Nimbus Roman' not found.
findfont: Font family 'Nimbus Roman' not found.
findfont: Font family 'Nimbus Roman' not found.
findfont: Font family 'Nimbus Roman' not found.
findfont: Font family 'Nimbus Roman' not found.
findfont: Font family 'Nimbus Roman' not found.
findfont: Font family 'Nimbus Roman' not found.
findfont: Font family 'Nimbus Roman' not found.
findfont: Font family 'Nimbus Roman' not found.
findfont: Font family 'Nimbus Roman' not found.
findfont: Font family 'Nimbus Roman' not found.
findfont: Font family 'Nimbus Roman' not found.
findfont: Font family 'Nimbus Roman' not found.
findfont: Font family 'Nimbus Roman' not found.
findfont: Font family 'Nimbus Roman' not found.
findfont: Font family 'Nimbus Roman' not found.
findfont: Font family 'Nimbus Roman' not found.
findfont: Font family 'Nimbus Roman' not found.
findfont: Font family 'Nimbus Roman' not found.
findfont: Font family 'Nimbus Roman' not found.
findfont: Font family 'Nimbus Roman' not found.
findfont: Font family 'Nimbus Roman' not found.
findfont: Font family 'Nimbus Roman' not found.
findfont: Font family 'Nimbus Roman' not found.
findfont: Font family 'Nimbus Roman' not found.
findfont: Font family 'Nimbus Roman' not found.
findfont: Font family 'Nimbus Roman' not found.
findfont: Font family 'Nimbus Roman' not found.
findfont: Font family 'Nimbus Roman' not found.
findfont: Font family 'Nimbus Roman' not found.
findfont: Font family 'Nimbus Roman' not found.
findfont: Font family 'Nimbus Roman' not found.
findfont: Font family 'Nimbus Roman' not found.
findfont: Font family 'Nimbus Roman' not found.
findfont: Font family 'Nimbus Roman' not found.
findfont: Font family 'Nimbus Roman' not found.
findfont: Font family 'Nimbus Roman' not found.
findfont: Font family 'Nimbus Roman' not found.
findfont: Font family 'Nimbus Roman' not found.
findfont: Font family 'Nimbus Roman' not found.
findfont: Font family 'Nimbus Roman' not found.
findfont: Font family 'Nimbus Roman' not found.
findfont: Font family 'Nimbus Roman' not found.
findfont: Font family 'Nimbus Roman' not found.
findfont: Font family 'Nimbus Roman' not found.
findfont: Font family 'Nimbus Roman' not found.
findfont: Font family 'Nimbus Roman' not found.
findfont: Font family 'Nimbus Roman' not found.
findfont: Font family 'Nimbus Roman' not found.
findfont: Font family 'Nimbus Roman' not found.
findfont: Font family 'Nimbus Roman' not found.
findfont: Font family 'Nimbus Roman' not found.
findfont: Font family 'Nimbus Roman' not found.
findfont: Font family 'Nimbus Roman' not found.
findfont: Font family 'Nimbus Roman' not found.
findfont: Font family 'Nimbus Roman' not found.
findfont: Font family 'Nimbus Roman' not found.
findfont: Font family 'Nimbus Roman' not found.
findfont: Font family 'Nimbus Roman' not found.
findfont: Font family 'Nimbus Roman' not found.
findfont: Font family 'Nimbus Roman' not found.
findfont: Font family 'Nimbus Roman' not found.
findfont: Font family 'Nimbus Roman' not found.
findfont: Font family 'Nimbus Roman' not found.
findfont: Font family 'Nimbus Roman' not found.
findfont: Font family 'Nimbus Roman' not found.
findfont: Font family 'Nimbus Roman' not found.
findfont: Font family 'Nimbus Roman' not found.
findfont: Font family 'Nimbus Roman' not found.
findfont: Font family 'Nimbus Roman' not found.
findfont: Font family 'Nimbus Roman' not found.
findfont: Font family 'Nimbus Roman' not found.
Ridge mode: rkhs; diagnostic interval: 50
Iter 1/4000 | log_obj=9.812e+00 | log_Bellman_root=3.486e+00 | mass=1.72e+04 | neg=0.00e+00 | grad=7.40e+02
Iter 400/4000 | log_obj=4.317e+00 | log_Bellman_root=7.140e-01 | mass=7.06e+01 | neg=0.00e+00 | grad=1.09e+04
Iter 800/4000 | log_obj=4.911e+00 | log_Bellman_root=1.015e+00 | mass=1.28e+02 | neg=0.00e+00 | grad=6.13e+03
Iter 1200/4000 | log_obj=5.811e+00 | log_Bellman_root=1.484e+00 | mass=3.14e+02 | neg=0.00e+00 | grad=8.04e+03
Iter 1600/4000 | log_obj=5.361e+00 | log_Bellman_root=1.243e+00 | mass=2.01e+02 | neg=0.00e+00 | grad=5.51e+03
Iter 2000/4000 | log_obj=5.363e+00 | log_Bellman_root=1.244e+00 | mass=2.01e+02 | neg=0.00e+00 | grad=5.51e+03
Iter 2400/4000 | log_obj=5.363e+00 | log_Bellman_root=1.244e+00 | mass=2.01e+02 | neg=0.00e+00 | grad=5.51e+03
Iter 2800/4000 | log_obj=3.333e+00 | log_Bellman_root=2.647e-01 | mass=2.62e+01 | neg=0.00e+00 | grad=2.46e+03
Iter 3200/4000 | log_obj=7.799e-01 | log_Bellman_root=-1.088e+00 | mass=2.00e+00 | neg=0.00e+00 | grad=2.28e+03
Iter 3600/4000 | log_obj=1.513e+00 | log_Bellman_root=-6.005e-01 | mass=4.16e+00 | neg=0.00e+00 | grad=1.72e+02
Iter 4000/4000 | log_obj=1.395e+00 | log_Bellman_root=-6.545e-01 | mass=3.69e+00 | neg=0.00e+00 | grad=8.17e+02
Returning best diagnostic checkpoint from step 2500 (objective=2.251e-01, Bellman=1.676e-02).
Done in 14.18s.
KE-DRL global estimation is done.
B_hat shape: (3081, 800)
B_hat rank diagnostics: {'B_num_rows': 3081, 'B_num_cols': 800, 'B_min_dim': 800, 'B_numerical_rank': 800, 'B_rank_fraction': 1.0, 'B_rank_tolerance': 2.9999838221606012e-05, 'B_stable_rank': 346.3458251953125, 'B_effective_rank': 770.9044309132095, 'B_entropy_rank': 6.64756441116333, 'B_spectral_norm': 0.08168026059865952, 'B_frobenius_norm': 1.5200997591018677, 'B_nuclear_norm': 41.50339126586914, 'B_condition_number': 3.1415803787541097, 'B_condition_number_tol': 3.1415803787541097, 'B_smallest_singular_value': 0.025999736040830612, 'B_rank_rel_1em2': 800, 'B_rank_rel_1em3': 800, 'B_rank_rel_1em4': 800}
Global-loss target mass diagnostics: {'target_mass_mean': 0.6473047733306885, 'target_mass_min': 0.39128583669662476, 'target_mass_max': 0.8145878314971924, 'target_mass_sd': 0.08800364285707474, 'target_mass_rmse_to_target': 0.3634020984172821, 'target_beta_min': -0.0031032089609652758, 'target_beta_max': 0.018259169533848763, 'target_neg_frac_mean': 0.300275}
Return dictionary Z_grid shape: (800, 3)
Replicate 60 risk metrics: {'risk_n_steps_recorded': 81.0, 'risk_n_diagnostics_recorded': 81.0, 'risk_log_obj_initial': 9.812232382244133, 'risk_log_obj_final': 1.3945734124350888, 'risk_log_obj_min': -1.4910798175974342, 'risk_obj_initial': 18255.695312499996, 'risk_obj_final': 4.0332536697387695, 'risk_obj_min': 0.22512942552566528, 'risk_log_obj_drop': 8.417658969809045, 'risk_log_bellman_root_initial': 3.4860817010946064, 'risk_log_bellman_root_final': -0.6544528828575259, 'risk_log_bellman_root_min': -2.0444239041453107, 'risk_bellman_root_initial': 32.65773391723633, 'risk_bellman_root_final': 0.5197263360023499, 'risk_bellman_root_min': 0.12945474684238434, 'risk_bellman_initial': 1066.527584609008, 'risk_bellman_final': 0.27011546433442746, 'risk_bellman_min': 0.01675853148002582, 'risk_log_bellman_root_drop': 4.140534583952133, 'risk_bellman_returned': 0.01675853133201599, 'risk_obj_returned': 0.22512942552566528, 'risk_returned_step': 2500.0, 'offline_data_id': 60, 'benchmark_point_source': 'fixed_config_plus_support_safe_target_policy_draws', 'target_set_size': 100, 'lambda_reg': 0.005, 'lambda_B': 0.2, 'num_steps': 4000, 'transition_reduction_enabled': 1, 'transition_reduction_method': 'kmeans', 'transition_original_rows': 12000, 'transition_reduced_rows': 3081, 'transition_compression_ratio': 0.25675, 'target_mass_mean': 0.6473047733306885, 'target_mass_min': 0.39128583669662476, 'target_mass_max': 0.8145878314971924, 'target_mass_sd': 0.08800364285707474, 'target_mass_rmse_to_target': 0.3634020984172821, 'target_beta_min': -0.0031032089609652758, 'target_beta_max': 0.018259169533848763, 'target_neg_frac_mean': 0.300275, 'B_num_rows': 3081, 'B_num_cols': 800, 'B_min_dim': 800, 'B_numerical_rank': 800, 'B_rank_fraction': 1.0, 'B_rank_tolerance': 2.9999838221606012e-05, 'B_stable_rank': 346.3458251953125, 'B_effective_rank': 770.9044309132095, 'B_entropy_rank': 6.64756441116333, 'B_spectral_norm': 0.08168026059865952, 'B_frobenius_norm': 1.5200997591018677, 'B_nuclear_norm': 41.50339126586914, 'B_condition_number': 3.1415803787541097, 'B_condition_number_tol': 3.1415803787541097, 'B_smallest_singular_value': 0.025999736040830612, 'B_rank_rel_1em2': 800, 'B_rank_rel_1em3': 800, 'B_rank_rel_1em4': 800, 'risk_objective_final_raw': 4.0332536697387695, 'risk_objective_min_raw': 0.22512942552566528, 'risk_objective_max_raw': 18255.6953125, 'risk_bellman_final_raw': 0.270115464925766, 'risk_bellman_min_raw': 0.01675853133201599, 'risk_bellman_max_raw': 1066.5274658203125, 'risk_rkhs_ridge_final_raw': 0.07111351937055588, 'risk_rkhs_ridge_min_raw': 0.06009833887219429, 'risk_rkhs_ridge_max_raw': 23.14383888244629, 'risk_mass_final_raw': 3.6920247077941895, 'risk_mass_min_raw': 0.13206109404563904, 'risk_mass_max_raw': 17166.0234375, 'risk_negativity_final_raw': 0.0, 'risk_negativity_min_raw': 0.0, 'risk_negativity_max_raw': 0.0, 'risk_B_norm_final_raw': 1.5045194625854492, 'risk_B_norm_min_raw': 1.5045194625854492, 'risk_B_norm_max_raw': 1.6390384435653687, 'risk_diagnostic_step_final_raw': 4000.0, 'risk_diagnostic_step_min_raw': 1.0, 'risk_diagnostic_step_max_raw': 4000.0, 'risk_best_step_final_raw': 2500.0, 'risk_best_step_min_raw': 2500.0, 'risk_best_step_max_raw': 2500.0, 'risk_best_objective_final_raw': 0.22512942552566528, 'risk_best_objective_min_raw': 0.22512942552566528, 'risk_best_objective_max_raw': 0.22512942552566528, 'risk_best_bellman_final_raw': 0.01675853133201599, 'risk_best_bellman_min_raw': 0.01675853133201599, 'risk_best_bellman_max_raw': 0.01675853133201599, 'risk_returned_step_final_raw': 2500.0, 'risk_returned_step_min_raw': 2500.0, 'risk_returned_step_max_raw': 2500.0, 'risk_returned_objective_final_raw': 0.22512942552566528, 'risk_returned_objective_min_raw': 0.22512942552566528, 'risk_returned_objective_max_raw': 0.22512942552566528, 'risk_returned_bellman_final_raw': 0.01675853133201599, 'risk_returned_bellman_min_raw': 0.01675853133201599, 'risk_returned_bellman_max_raw': 0.01675853133201599, 'risk_returned_best_checkpoint_final_raw': 1.0, 'risk_returned_best_checkpoint_min_raw': 1.0, 'risk_returned_best_checkpoint_max_raw': 1.0}
Benchmark 0 evaluation grid shape: (800, 3)
Replicate 60, benchmark 0 metrics: {'run_id': '60_b0', 'RMSE': 0.10829242877780976, 'MAE': 0.09210584321896022, 'SupNorm': 0.20488665997982025, 'Bias': -0.0879985252921324, 'Corr': 0.7534126052263456, 'deming_slope': 0.789393724296989, 'deming_intercept': -0.03277349579688463, 'beta_sum': 0.7194026112556458, 'beta_l1': 0.9170160293579102, 'beta_l2': 0.04383375868201256, 'beta_min': -0.001971849240362644, 'beta_max': 0.00647254753857851, 'beta_neg_frac': 0.24875, 'offline_data_id': 60, 'benchmark_id': 0, 'benchmark_point_source': 'fixed_config', 'target_set_size': 100, 'benchmark_z_path': 'data/Z_true.pt', 'projected_bellman_test_risk': 0.019288107752799988, 'oracle_embedding_risk': 0.7991684675216675, 'benchmark_embedding_risk': 0.7991684675216675, 'risk_bellman_final': 0.27011546433442746, 'risk_obj_final': 4.0332536697387695, 'B_num_rows': 3081, 'B_num_cols': 800, 'B_min_dim': 800, 'B_numerical_rank': 800, 'B_rank_fraction': 1.0, 'B_rank_tolerance': 2.9999838221606012e-05, 'B_stable_rank': 346.3458251953125, 'B_effective_rank': 770.9044309132095, 'B_entropy_rank': 6.64756441116333, 'B_spectral_norm': 0.08168026059865952, 'B_frobenius_norm': 1.5200997591018677, 'B_nuclear_norm': 41.50339126586914, 'B_condition_number': 3.1415803787541097, 'B_condition_number_tol': 3.1415803787541097, 'B_smallest_singular_value': 0.025999736040830612, 'B_rank_rel_1em2': 800, 'B_rank_rel_1em3': 800, 'B_rank_rel_1em4': 800}
Saved ./mu/mu_hat.csv shape=(800,)
Saved ./mu/mu2D_hat_dims01.csv shape=(120, 120)
Saved ./mu/mu2D_hat_dims01.csv shape=(120, 120)
Saved plots/replicate_60/mu_3D.png
Benchmark 1 evaluation grid shape: (800, 3)
Replicate 60, benchmark 1 metrics: {'run_id': '60_b1', 'RMSE': 0.1929158935001553, 'MAE': 0.18018203097194146, 'SupNorm': 0.30451158434152603, 'Bias': -0.18018203097194146, 'Corr': 0.8597385290882744, 'deming_slope': 0.31242016040881054, 'deming_intercept': -0.0010439122570924109, 'beta_sum': 0.31842178106307983, 'beta_l1': 0.5444797277450562, 'beta_l2': 0.027416283264756203, 'beta_min': -0.0018621273338794708, 'beta_max': 0.005738592240959406, 'beta_neg_frac': 0.32125, 'offline_data_id': 60, 'benchmark_id': 1, 'benchmark_point_source': 'fixed_config', 'target_set_size': 100, 'benchmark_z_path': 'data/Z_true.pt', 'projected_bellman_test_risk': 0.01759573630988598, 'oracle_embedding_risk': 0.8667899370193481, 'benchmark_embedding_risk': 0.8667899370193481, 'risk_bellman_final': 0.27011546433442746, 'risk_obj_final': 4.0332536697387695, 'B_num_rows': 3081, 'B_num_cols': 800, 'B_min_dim': 800, 'B_numerical_rank': 800, 'B_rank_fraction': 1.0, 'B_rank_tolerance': 2.9999838221606012e-05, 'B_stable_rank': 346.3458251953125, 'B_effective_rank': 770.9044309132095, 'B_entropy_rank': 6.64756441116333, 'B_spectral_norm': 0.08168026059865952, 'B_frobenius_norm': 1.5200997591018677, 'B_nuclear_norm': 41.50339126586914, 'B_condition_number': 3.1415803787541097, 'B_condition_number_tol': 3.1415803787541097, 'B_smallest_singular_value': 0.025999736040830612, 'B_rank_rel_1em2': 800, 'B_rank_rel_1em3': 800, 'B_rank_rel_1em4': 800}
Benchmark 2 evaluation grid shape: (800, 3)
Replicate 60, benchmark 2 metrics: {'run_id': '60_b2', 'RMSE': 0.1539808713835605, 'MAE': 0.1457411976838921, 'SupNorm': 0.23367375135421753, 'Bias': -0.1457411976838921, 'Corr': 0.9380062333548158, 'deming_slope': 0.5107709835298577, 'deming_intercept': -0.014611390421496437, 'beta_sum': 0.4241398870944977, 'beta_l1': 0.5984533429145813, 'beta_l2': 0.030122924596071243, 'beta_min': -0.001373319886624813, 'beta_max': 0.005871301516890526, 'beta_neg_frac': 0.26, 'offline_data_id': 60, 'benchmark_id': 2, 'benchmark_point_source': 'fixed_config', 'target_set_size': 100, 'benchmark_z_path': 'data/Z_true.pt', 'projected_bellman_test_risk': 0.01250159926712513, 'oracle_embedding_risk': 0.8183454275131226, 'benchmark_embedding_risk': 0.8183454275131226, 'risk_bellman_final': 0.27011546433442746, 'risk_obj_final': 4.0332536697387695, 'B_num_rows': 3081, 'B_num_cols': 800, 'B_min_dim': 800, 'B_numerical_rank': 800, 'B_rank_fraction': 1.0, 'B_rank_tolerance': 2.9999838221606012e-05, 'B_stable_rank': 346.3458251953125, 'B_effective_rank': 770.9044309132095, 'B_entropy_rank': 6.64756441116333, 'B_spectral_norm': 0.08168026059865952, 'B_frobenius_norm': 1.5200997591018677, 'B_nuclear_norm': 41.50339126586914, 'B_condition_number': 3.1415803787541097, 'B_condition_number_tol': 3.1415803787541097, 'B_smallest_singular_value': 0.025999736040830612, 'B_rank_rel_1em2': 800, 'B_rank_rel_1em3': 800, 'B_rank_rel_1em4': 800}
Benchmark 3 evaluation grid shape: (800, 3)
Replicate 60, benchmark 3 metrics: {'run_id': '60_b3', 'RMSE': 0.17053894846629958, 'MAE': 0.15964192144587286, 'SupNorm': 0.2670329511165619, 'Bias': -0.15964192144587286, 'Corr': 0.8695070034387329, 'deming_slope': 0.43706424740934635, 'deming_intercept': -0.013700802378041929, 'beta_sum': 0.358333945274353, 'beta_l1': 0.5913107395172119, 'beta_l2': 0.029052723199129105, 'beta_min': -0.0016528181731700897, 'beta_max': 0.00557089876383543, 'beta_neg_frac': 0.32, 'offline_data_id': 60, 'benchmark_id': 3, 'benchmark_point_source': 'fixed_config', 'target_set_size': 100, 'benchmark_z_path': 'data/Z_true.pt', 'projected_bellman_test_risk': 0.01739749312400818, 'oracle_embedding_risk': 0.8434860706329346, 'benchmark_embedding_risk': 0.8434860706329346, 'risk_bellman_final': 0.27011546433442746, 'risk_obj_final': 4.0332536697387695, 'B_num_rows': 3081, 'B_num_cols': 800, 'B_min_dim': 800, 'B_numerical_rank': 800, 'B_rank_fraction': 1.0, 'B_rank_tolerance': 2.9999838221606012e-05, 'B_stable_rank': 346.3458251953125, 'B_effective_rank': 770.9044309132095, 'B_entropy_rank': 6.64756441116333, 'B_spectral_norm': 0.08168026059865952, 'B_frobenius_norm': 1.5200997591018677, 'B_nuclear_norm': 41.50339126586914, 'B_condition_number': 3.1415803787541097, 'B_condition_number_tol': 3.1415803787541097, 'B_smallest_singular_value': 0.025999736040830612, 'B_rank_rel_1em2': 800, 'B_rank_rel_1em3': 800, 'B_rank_rel_1em4': 800}
Benchmark 4 evaluation grid shape: (800, 3)
Replicate 60, benchmark 4 metrics: {'run_id': '60_b4', 'RMSE': 0.1493234119422926, 'MAE': 0.13200807982542756, 'SupNorm': 0.26218248903751373, 'Bias': -0.13091093840030227, 'Corr': 0.6517290946059977, 'deming_slope': 0.596664677441413, 'deming_intercept': -0.023379852334529466, 'beta_sum': 0.6971656084060669, 'beta_l1': 1.0749622583389282, 'beta_l2': 0.06715301424264908, 'beta_min': -0.00244586868211627, 'beta_max': 0.014272412285208702, 'beta_neg_frac': 0.3925, 'offline_data_id': 60, 'benchmark_id': 4, 'benchmark_point_source': 'support_safe_target_policy_draw', 'target_set_size': 100, 'benchmark_z_path': 'data/Z_true.pt', 'projected_bellman_test_risk': 0.01445754524320364, 'oracle_embedding_risk': 0.8388620615005493, 'benchmark_embedding_risk': 0.8388620615005493, 'risk_bellman_final': 0.27011546433442746, 'risk_obj_final': 4.0332536697387695, 'B_num_rows': 3081, 'B_num_cols': 800, 'B_min_dim': 800, 'B_numerical_rank': 800, 'B_rank_fraction': 1.0, 'B_rank_tolerance': 2.9999838221606012e-05, 'B_stable_rank': 346.3458251953125, 'B_effective_rank': 770.9044309132095, 'B_entropy_rank': 6.64756441116333, 'B_spectral_norm': 0.08168026059865952, 'B_frobenius_norm': 1.5200997591018677, 'B_nuclear_norm': 41.50339126586914, 'B_condition_number': 3.1415803787541097, 'B_condition_number_tol': 3.1415803787541097, 'B_smallest_singular_value': 0.025999736040830612, 'B_rank_rel_1em2': 800, 'B_rank_rel_1em3': 800, 'B_rank_rel_1em4': 800}
Benchmark 5 evaluation grid shape: (800, 3)
Replicate 60, benchmark 5 metrics: {'run_id': '60_b5', 'RMSE': 0.26169847454259487, 'MAE': 0.244824705223225, 'SupNorm': 0.4156914446502924, 'Bias': -0.24480467801135775, 'Corr': 0.12344010508282029, 'deming_slope': 0.013663394720698219, 'deming_intercept': 0.008668644318003042, 'beta_sum': 0.12060913443565369, 'beta_l1': 0.19341249763965607, 'beta_l2': 0.008681652136147022, 'beta_min': -0.0006836362881585956, 'beta_max': 0.0011679688468575478, 'beta_neg_frac': 0.29625, 'offline_data_id': 60, 'benchmark_id': 5, 'benchmark_point_source': 'support_safe_target_policy_draw', 'target_set_size': 100, 'benchmark_z_path': 'data/Z_true.pt', 'projected_bellman_test_risk': 0.0007679224945604801, 'oracle_embedding_risk': 0.9791855216026306, 'benchmark_embedding_risk': 0.9791855216026306, 'risk_bellman_final': 0.27011546433442746, 'risk_obj_final': 4.0332536697387695, 'B_num_rows': 3081, 'B_num_cols': 800, 'B_min_dim': 800, 'B_numerical_rank': 800, 'B_rank_fraction': 1.0, 'B_rank_tolerance': 2.9999838221606012e-05, 'B_stable_rank': 346.3458251953125, 'B_effective_rank': 770.9044309132095, 'B_entropy_rank': 6.64756441116333, 'B_spectral_norm': 0.08168026059865952, 'B_frobenius_norm': 1.5200997591018677, 'B_nuclear_norm': 41.50339126586914, 'B_condition_number': 3.1415803787541097, 'B_condition_number_tol': 3.1415803787541097, 'B_smallest_singular_value': 0.025999736040830612, 'B_rank_rel_1em2': 800, 'B_rank_rel_1em3': 800, 'B_rank_rel_1em4': 800}
Benchmark 6 evaluation grid shape: (800, 3)
Replicate 60, benchmark 6 metrics: {'run_id': '60_b6', 'RMSE': 0.10325467534233528, 'MAE': 0.09510987397559802, 'SupNorm': 0.17303051054477692, 'Bias': -0.09510987397559802, 'Corr': 0.9270027028888671, 'deming_slope': 0.7181920993328074, 'deming_intercept': -0.02071507122968158, 'beta_sum': 0.612675130367279, 'beta_l1': 0.8129297494888306, 'beta_l2': 0.03915336728096008, 'beta_min': -0.0021285582333803177, 'beta_max': 0.006382478401064873, 'beta_neg_frac': 0.245, 'offline_data_id': 60, 'benchmark_id': 6, 'benchmark_point_source': 'support_safe_target_policy_draw', 'target_set_size': 100, 'benchmark_z_path': 'data/Z_true.pt', 'projected_bellman_test_risk': 0.0069798072800040245, 'oracle_embedding_risk': 0.781105101108551, 'benchmark_embedding_risk': 0.781105101108551, 'risk_bellman_final': 0.27011546433442746, 'risk_obj_final': 4.0332536697387695, 'B_num_rows': 3081, 'B_num_cols': 800, 'B_min_dim': 800, 'B_numerical_rank': 800, 'B_rank_fraction': 1.0, 'B_rank_tolerance': 2.9999838221606012e-05, 'B_stable_rank': 346.3458251953125, 'B_effective_rank': 770.9044309132095, 'B_entropy_rank': 6.64756441116333, 'B_spectral_norm': 0.08168026059865952, 'B_frobenius_norm': 1.5200997591018677, 'B_nuclear_norm': 41.50339126586914, 'B_condition_number': 3.1415803787541097, 'B_condition_number_tol': 3.1415803787541097, 'B_smallest_singular_value': 0.025999736040830612, 'B_rank_rel_1em2': 800, 'B_rank_rel_1em3': 800, 'B_rank_rel_1em4': 800}
Benchmark 7 evaluation grid shape: (800, 3)
Replicate 60, benchmark 7 metrics: {'run_id': '60_b7', 'RMSE': 0.12388898475035799, 'MAE': 0.11529473633752786, 'SupNorm': 0.19743141531944275, 'Bias': -0.11529473633752786, 'Corr': 0.9145775514154212, 'deming_slope': 0.6195662177879322, 'deming_intercept': -0.015816935918005176, 'beta_sum': 0.5498027801513672, 'beta_l1': 0.8383817672729492, 'beta_l2': 0.044196538627147675, 'beta_min': -0.0023916298523545265, 'beta_max': 0.009033028036355972, 'beta_neg_frac': 0.33125, 'offline_data_id': 60, 'benchmark_id': 7, 'benchmark_point_source': 'support_safe_target_policy_draw', 'target_set_size': 100, 'benchmark_z_path': 'data/Z_true.pt', 'projected_bellman_test_risk': 0.008148182183504105, 'oracle_embedding_risk': 0.7978035807609558, 'benchmark_embedding_risk': 0.7978035807609558, 'risk_bellman_final': 0.27011546433442746, 'risk_obj_final': 4.0332536697387695, 'B_num_rows': 3081, 'B_num_cols': 800, 'B_min_dim': 800, 'B_numerical_rank': 800, 'B_rank_fraction': 1.0, 'B_rank_tolerance': 2.9999838221606012e-05, 'B_stable_rank': 346.3458251953125, 'B_effective_rank': 770.9044309132095, 'B_entropy_rank': 6.64756441116333, 'B_spectral_norm': 0.08168026059865952, 'B_frobenius_norm': 1.5200997591018677, 'B_nuclear_norm': 41.50339126586914, 'B_condition_number': 3.1415803787541097, 'B_condition_number_tol': 3.1415803787541097, 'B_smallest_singular_value': 0.025999736040830612, 'B_rank_rel_1em2': 800, 'B_rank_rel_1em3': 800, 'B_rank_rel_1em4': 800}
Benchmark 8 evaluation grid shape: (800, 3)
Replicate 60, benchmark 8 metrics: {'run_id': '60_b8', 'RMSE': 0.1226577512921739, 'MAE': 0.1118046098650666, 'SupNorm': 0.20050010085105896, 'Bias': -0.11167264464136678, 'Corr': 0.9178137007641318, 'deming_slope': 0.5554372322890615, 'deming_intercept': 0.0041333699053945905, 'beta_sum': 0.6469181180000305, 'beta_l1': 0.9887442588806152, 'beta_l2': 0.05387784168124199, 'beta_min': -0.0027507799677550793, 'beta_max': 0.011566665023565292, 'beta_neg_frac': 0.33625, 'offline_data_id': 60, 'benchmark_id': 8, 'benchmark_point_source': 'support_safe_target_policy_draw', 'target_set_size': 100, 'benchmark_z_path': 'data/Z_true.pt', 'projected_bellman_test_risk': 0.029084734618663788, 'oracle_embedding_risk': 0.7955542206764221, 'benchmark_embedding_risk': 0.7955542206764221, 'risk_bellman_final': 0.27011546433442746, 'risk_obj_final': 4.0332536697387695, 'B_num_rows': 3081, 'B_num_cols': 800, 'B_min_dim': 800, 'B_numerical_rank': 800, 'B_rank_fraction': 1.0, 'B_rank_tolerance': 2.9999838221606012e-05, 'B_stable_rank': 346.3458251953125, 'B_effective_rank': 770.9044309132095, 'B_entropy_rank': 6.64756441116333, 'B_spectral_norm': 0.08168026059865952, 'B_frobenius_norm': 1.5200997591018677, 'B_nuclear_norm': 41.50339126586914, 'B_condition_number': 3.1415803787541097, 'B_condition_number_tol': 3.1415803787541097, 'B_smallest_singular_value': 0.025999736040830612, 'B_rank_rel_1em2': 800, 'B_rank_rel_1em3': 800, 'B_rank_rel_1em4': 800}
Benchmark 9 evaluation grid shape: (800, 3)
Replicate 60, benchmark 9 metrics: {'run_id': '60_b9', 'RMSE': 0.1322922886511421, 'MAE': 0.12255032153974753, 'SupNorm': 0.20947372913360596, 'Bias': -0.12251175734389108, 'Corr': 0.9341917818660075, 'deming_slope': 0.5315420317467097, 'deming_intercept': 0.0019880674456079217, 'beta_sum': 0.6109581589698792, 'beta_l1': 0.8799290060997009, 'beta_l2': 0.049216583371162415, 'beta_min': -0.0016426201909780502, 'beta_max': 0.008490165695548058, 'beta_neg_frac': 0.32, 'offline_data_id': 60, 'benchmark_id': 9, 'benchmark_point_source': 'support_safe_target_policy_draw', 'target_set_size': 100, 'benchmark_z_path': 'data/Z_true.pt', 'projected_bellman_test_risk': 0.0016392739489674568, 'oracle_embedding_risk': 0.8001980185508728, 'benchmark_embedding_risk': 0.8001980185508728, 'risk_bellman_final': 0.27011546433442746, 'risk_obj_final': 4.0332536697387695, 'B_num_rows': 3081, 'B_num_cols': 800, 'B_min_dim': 800, 'B_numerical_rank': 800, 'B_rank_fraction': 1.0, 'B_rank_tolerance': 2.9999838221606012e-05, 'B_stable_rank': 346.3458251953125, 'B_effective_rank': 770.9044309132095, 'B_entropy_rank': 6.64756441116333, 'B_spectral_norm': 0.08168026059865952, 'B_frobenius_norm': 1.5200997591018677, 'B_nuclear_norm': 41.50339126586914, 'B_condition_number': 3.1415803787541097, 'B_condition_number_tol': 3.1415803787541097, 'B_smallest_singular_value': 0.025999736040830612, 'B_rank_rel_1em2': 800, 'B_rank_rel_1em3': 800, 'B_rank_rel_1em4': 800}
Replicate 60 finished in 24.0s
Finished combo 6, offline replicate 60.
