Job ID:    2359132
Array idx: 341
CPUs/node: 64
Mem/node:  131072
Using CC = cc 
Using CXX = CC 
Using FC = ftn 
Using F77 = ftn 
Using F90 = ftn 
cuda/12.6.1 is deprecated; loading cudatoolkit/25.5_12.9 instead.
Using CC = /opt/nvidia/hpc_sdk/Linux_aarch64/25.5/compilers/bin/nvc 
Using CXX = /opt/nvidia/hpc_sdk/Linux_aarch64/25.5/compilers/bin/nvc++ 
Using FC = /opt/nvidia/hpc_sdk/Linux_aarch64/25.5/compilers/bin/nvfortran 
Using F77 = /opt/nvidia/hpc_sdk/Linux_aarch64/25.5/compilers/bin/nvfortran 
Using F90 = /opt/nvidia/hpc_sdk/Linux_aarch64/25.5/compilers/bin/nvfortran 
Using CC = /opt/nvidia/hpc_sdk/Linux_aarch64/25.5/compilers/bin/nvc 
Using CXX = /opt/nvidia/hpc_sdk/Linux_aarch64/25.5/compilers/bin/nvc++ 
Using FC = /opt/nvidia/hpc_sdk/Linux_aarch64/25.5/compilers/bin/nvfortran 
Using F77 = /opt/nvidia/hpc_sdk/Linux_aarch64/25.5/compilers/bin/nvfortran 
Using F90 = /opt/nvidia/hpc_sdk/Linux_aarch64/25.5/compilers/bin/nvfortran 

Lmod is automatically replacing "gcc-native/14" with "gcc/14.2.0".

ghx4
0
Tuning combo id: 3 / 6
Offline replicate id: 41 / 99
Installing ke_drl from git: https://github.com/mehrdadmhmdi/ke-drl.git@main
Collecting git+https://github.com/mehrdadmhmdi/ke-drl.git@main
  Cloning https://github.com/mehrdadmhmdi/ke-drl.git (to revision main) to /tmp/pip-req-build-kppy90ib
  Running command git clone --filter=blob:none --quiet https://github.com/mehrdadmhmdi/ke-drl.git /tmp/pip-req-build-kppy90ib
  Resolved https://github.com/mehrdadmhmdi/ke-drl.git to commit 3c5d570e40ea15b1fbe4817b5f43b64c7b333e82
  Installing build dependencies: started
  Installing build dependencies: finished with status 'done'
  Getting requirements to build wheel: started
  Getting requirements to build wheel: finished with status 'done'
  Preparing metadata (pyproject.toml): started
  Preparing metadata (pyproject.toml): finished with status 'done'
Building wheels for collected packages: ke_drl
  Building wheel for ke_drl (pyproject.toml): started
  Building wheel for ke_drl (pyproject.toml): finished with status 'done'
  Created wheel for ke_drl: filename=ke_drl-0.1.0-py3-none-any.whl size=47219 sha256=902ca477afbc43a4d8f43a6ddba7fe8639071c17508a67c93d965a1f36295e56
  Stored in directory: /tmp/pip-ephem-wheel-cache-vl5hn_16/wheels/24/47/ad/9a4ffd3b05d3e90e35ffc6e7324b735b8bfcf5f51aaf29a333
Successfully built ke_drl
Installing collected packages: ke_drl
Successfully installed ke_drl-0.1.0
Installed ke_drl source: /work/nvme/bfez/mehrdad3/DistRL/simulation_3/runs/sim3_global_2358722_3/.kedrl_site_341/ke_drl/__init__.py
Tuning combo 3: kernel_nu_7.5
Overrides: {'kernel': {'nu': 7.5}}
RUN: /sw/user/python/miniforge3-pytorch-24.11.3/bin/python3 validate_sim_config.py --params params.yaml
ke_drl import source: /work/nvme/bfez/mehrdad3/DistRL/simulation_3/runs/sim3_global_2358722_3/.kedrl_site_341/ke_drl/__init__.py
ke_drl package API OK: prediction weights, RFF operators, rank diagnostics, and best-checkpoint optimizer available
Policy config OK: behavior=uniform, target=logistic, state_dim=5, action_dim=1
Note: policy.logistic.theta_scale/theta_std are log-scale coefficients in Probability_Densities.
Behavior-policy linearized state-process diagnostic: spectral_radius=0.653, offline_burn_in=50
Replicate config OK: num_replicates=100, benchmark points=10 independent of D_i, loss target points=100
Transition reduction OK: method=kmeans, raw rows N(T-1)=12000, target rows about 3000, B rows reduced from 12000 to about 3000
Return-operator approximation OK: method=rff, features=512, exact G avoided for estimated N=12000, m=800, L=100
Fixed benchmark config rows=4 (benchmark.num_points=10; additional points are support-safe target-policy draws if needed)
Fixed benchmark point 0: s_star=[0.6, -0.8, 0.7, -0.5, 0.9], a_star=[0.5]
Fixed benchmark behavior-support interval for configured rows: min_lower=-0.12, max_upper=1.11
Fixed benchmark target-policy location range: [-0.02, 0.14]
Reusing shared data from /work/nvme/bfez/mehrdad3/DistRL/simulation_3/runs/sim3_shared_data/data for offline replicate 41.
RUN: /sw/user/python/miniforge3-pytorch-24.11.3/bin/python3 validate_sim_config.py --params params.yaml --data data/offline_data_41.pt
ke_drl import source: /work/nvme/bfez/mehrdad3/DistRL/simulation_3/runs/sim3_global_2358722_3/.kedrl_site_341/ke_drl/__init__.py
ke_drl package API OK: prediction weights, RFF operators, rank diagnostics, and best-checkpoint optimizer available
Policy config OK: behavior=uniform, target=logistic, state_dim=5, action_dim=1
Note: policy.logistic.theta_scale/theta_std are log-scale coefficients in Probability_Densities.
Behavior-policy linearized state-process diagnostic: spectral_radius=0.653, offline_burn_in=50
Replicate config OK: num_replicates=100, benchmark points=10 independent of D_i, loss target points=100
Transition reduction OK: method=kmeans, raw rows N(T-1)=12000, target rows about 3000, B rows reduced from 12000 to about 3000
Return-operator approximation OK: method=rff, features=512, exact G avoided for estimated N=12000, m=800, L=100
Fixed benchmark config rows=4 (benchmark.num_points=10; additional points are support-safe target-policy draws if needed)
Fixed benchmark point 0: s_star=[0.6, -0.8, 0.7, -0.5, 0.9], a_star=[0.5]
Fixed benchmark behavior-support interval for configured rows: min_lower=-0.12, max_upper=1.11
Fixed benchmark target-policy location range: [-0.02, 0.14]
Full benchmark support check OK: 10 points, min_lower=-2.177, max_upper=2.05
observed behavior actions: mean=0.3969, sd=0.6806, q0/q10/q50/q90/q100=[-2.0273220539093018, -0.41653892695903777, 0.33007287979125977, 1.3165213465690613, 3.175818681716919]
target-policy sampled actions: mean=-0.02562, sd=0.6699, q0/q10/q50/q90/q100=[-2.956344696131345, -0.8920637813571075, -0.019602602443183015, 0.8384937053316809, 2.4643111691424133]
behavior uniform lower: mean=-0.1258, sd=0.6638, q0/q10/q50/q90/q100=[-2.9083345413208006, -0.9798942685127258, -0.1276458829641342, 0.7300261563062668, 2.4172945618629456]
behavior uniform upper: mean=0.9302, sd=0.6444, q0/q10/q50/q90/q100=[-0.9028897404670715, 0.08827610552310944, 0.9416802801191808, 1.7621208256483079, 3.4172945618629456]
target location inside behavior uniform support: 0.973
RUN: /sw/user/python/miniforge3-pytorch-24.11.3/bin/python3 main_est.py
# ================================================================ #
#   Global KE-DRL estimation for one offline replicate              #
# ================================================================ #
Slurm Job ID: 2359132
Slurm Array ID: 41 -- used as the offline-replicate id
Offline data id: 41
ke_drl import source: /work/nvme/bfez/mehrdad3/DistRL/simulation_3/runs/sim3_global_2358722_3/.kedrl_site_341/ke_drl/__init__.py
Estimator device: cuda (NVIDIA GH200 120GB, capability 9.0); torch CUDA=13.0
Random seed: 20460553
Number of offline replicates: 100
[transition reduction] enabled: original rows=12000, target basis=3000, method=kmeans, device=cuda
[transition reduction] kmeans iter 1/20, mean center shift=2.7203e-01
[transition reduction] kmeans iter 5/20, mean center shift=4.5019e-03
[transition reduction] kmeans iter 10/20, mean center shift=4.9005e-08
[transition reduction] selected 3076 rows from 12000 transitions (ratio 0.2563); indices saved to data/reduced_transition_indices_41.pt
Data and parameters loaded.
offline path: data/offline_data_41.pt
benchmark true-Z path: data/Z_true.pt
offline shapes after reduction: s0=(3076, 5), a0=(3076, 1), r0=(3076, 3)
transition reduction: {'enabled': True, 'method': 'kmeans', 'original_rows': 12000, 'reduced_rows': 3076, 'selected_indices_path': 'data/reduced_transition_indices_41.pt', 'target_basis': 3000, 'compression_ratio': 0.25633333333333336}
fixed benchmark point source: fixed_config_plus_support_safe_target_policy_draws
benchmark row excluded from this offline data: None
global loss target set shape: s_star=(100, 5), a_star=(100, 1)
benchmark true-Z count=10, shape each=(50000, 3)
target policy: logistic
behavior policy: uniform
lambda_Gamma=0.005, lambda_B=0.02, d_r_method=song
dtype=torch.float32, operator_method=rff, operator_num_features=512
ridge_mode=rkhs, diagnostic_interval=50
mass_anchor_lambda=1.0, target_mass=1.0
uLSIF basis: source=numerator, n_basis=512, lambda_reg=0.005
optimizer stabilizers: lambda_neg=0.0, max_B_norm=None, eta_clip_min=0.0, eta_clip_max=5.0, normalize_eta=True
========================================
Estimating the global KE-DRL mean embedding
torch device=cuda, dtype=torch.float32
Data dims: N=3076, L=100, Ds=5, Da=1, Dr=3
lambda_Gamma=0.005, lambda_B=0.02
return-operator construction: method=rff, rff_features=512
[uLSIF] basis=512/3076 (numerator); eta_hat min=-1.001e+00 max=5.304e+00 neg%=5.40
ESS for eta_plus: 2075.2 / 3076
eta_plus diagnostics: raw_mean=0.999, raw_min=-1, raw_max=5.3; used_mean=1, used_min=0, used_max=4.92
[timing] Z-grid: 0.03s
[timing] K_X: 0.00s
[timing] K_plus: 0.00s
[timing] k_star: 0.00s
[timing] Gamma_stack: 0.01s
[timing] Phi_stack: 0.00s
[timing] RFF feature sample: 0.00s
[timing] K_Z RFF: 0.00s
[timing] G_stack RFF: 0.01s
[timing] H_stack RFF: 0.01s
findfont: Font family 'Nimbus Roman' not found.
findfont: Font family 'Nimbus Roman' not found.
findfont: Font family 'Nimbus Roman' not found.
findfont: Font family 'Nimbus Roman' not found.
findfont: Font family 'Nimbus Roman' not found.
findfont: Font family 'Nimbus Roman' not found.
findfont: Font family 'Nimbus Roman' not found.
findfont: Font family 'Nimbus Roman' not found.
findfont: Font family 'Nimbus Roman' not found.
findfont: Font family 'Nimbus Roman' not found.
findfont: Font family 'Nimbus Roman' not found.
findfont: Font family 'Nimbus Roman' not found.
findfont: Font family 'Nimbus Roman' not found.
findfont: Font family 'Nimbus Roman' not found.
findfont: Font family 'Nimbus Roman' not found.
findfont: Font family 'Nimbus Roman' not found.
findfont: Font family 'Nimbus Roman' not found.
findfont: Font family 'Nimbus Roman' not found.
findfont: Font family 'Nimbus Roman' not found.
findfont: Font family 'Nimbus Roman' not found.
findfont: Font family 'Nimbus Roman' not found.
findfont: Font family 'Nimbus Roman' not found.
findfont: Font family 'Nimbus Roman' not found.
findfont: Font family 'Nimbus Roman' not found.
findfont: Font family 'Nimbus Roman' not found.
findfont: Font family 'Nimbus Roman' not found.
findfont: Font family 'Nimbus Roman' not found.
findfont: Font family 'Nimbus Roman' not found.
findfont: Font family 'Nimbus Roman' not found.
findfont: Font family 'Nimbus Roman' not found.
findfont: Font family 'Nimbus Roman' not found.
findfont: Font family 'Nimbus Roman' not found.
findfont: Font family 'Nimbus Roman' not found.
findfont: Font family 'Nimbus Roman' not found.
findfont: Font family 'Nimbus Roman' not found.
findfont: Font family 'Nimbus Roman' not found.
findfont: Font family 'Nimbus Roman' not found.
findfont: Font family 'Nimbus Roman' not found.
findfont: Font family 'Nimbus Roman' not found.
findfont: Font family 'Nimbus Roman' not found.
findfont: Font family 'Nimbus Roman' not found.
findfont: Font family 'Nimbus Roman' not found.
findfont: Font family ['Nimbus Roman'] not found. Falling back to DejaVu Sans.
findfont: Font family 'Nimbus Roman' not found.
findfont: Font family ['Nimbus Roman'] not found. Falling back to DejaVu Sans.
findfont: Font family 'Nimbus Roman' not found.
findfont: Font family 'Nimbus Roman' not found.
findfont: Font family 'Nimbus Roman' not found.
findfont: Font family 'Nimbus Roman' not found.
findfont: Font family 'Nimbus Roman' not found.
findfont: Font family 'Nimbus Roman' not found.
findfont: Font family 'Nimbus Roman' not found.
findfont: Font family 'Nimbus Roman' not found.
findfont: Font family 'Nimbus Roman' not found.
findfont: Font family ['Nimbus Roman'] not found. Falling back to DejaVu Sans.
findfont: Font family 'Nimbus Roman' not found.
findfont: Font family 'Nimbus Roman' not found.
findfont: Font family 'Nimbus Roman' not found.
findfont: Font family 'Nimbus Roman' not found.
findfont: Font family 'Nimbus Roman' not found.
findfont: Font family 'Nimbus Roman' not found.
findfont: Font family 'Nimbus Roman' not found.
findfont: Font family 'Nimbus Roman' not found.
findfont: Font family 'Nimbus Roman' not found.
findfont: Font family 'Nimbus Roman' not found.
findfont: Font family 'Nimbus Roman' not found.
findfont: Font family 'Nimbus Roman' not found.
findfont: Font family 'Nimbus Roman' not found.
findfont: Font family 'Nimbus Roman' not found.
findfont: Font family 'Nimbus Roman' not found.
findfont: Font family 'Nimbus Roman' not found.
findfont: Font family 'Nimbus Roman' not found.
findfont: Font family 'Nimbus Roman' not found.
findfont: Font family 'Nimbus Roman' not found.
findfont: Font family 'Nimbus Roman' not found.
findfont: Font family 'Nimbus Roman' not found.
findfont: Font family 'Nimbus Roman' not found.
findfont: Font family 'Nimbus Roman' not found.
findfont: Font family 'Nimbus Roman' not found.
findfont: Font family 'Nimbus Roman' not found.
findfont: Font family 'Nimbus Roman' not found.
findfont: Font family 'Nimbus Roman' not found.
findfont: Font family 'Nimbus Roman' not found.
findfont: Font family 'Nimbus Roman' not found.
findfont: Font family 'Nimbus Roman' not found.
findfont: Font family 'Nimbus Roman' not found.
findfont: Font family 'Nimbus Roman' not found.
findfont: Font family 'Nimbus Roman' not found.
findfont: Font family 'Nimbus Roman' not found.
findfont: Font family 'Nimbus Roman' not found.
findfont: Font family 'Nimbus Roman' not found.
findfont: Font family 'Nimbus Roman' not found.
findfont: Font family 'Nimbus Roman' not found.
findfont: Font family 'Nimbus Roman' not found.
findfont: Font family 'Nimbus Roman' not found.
findfont: Font family 'Nimbus Roman' not found.
findfont: Font family 'Nimbus Roman' not found.
findfont: Font family 'Nimbus Roman' not found.
findfont: Font family 'Nimbus Roman' not found.
findfont: Font family 'Nimbus Roman' not found.
findfont: Font family 'Nimbus Roman' not found.
findfont: Font family 'Nimbus Roman' not found.
findfont: Font family 'Nimbus Roman' not found.
findfont: Font family 'Nimbus Roman' not found.
findfont: Font family 'Nimbus Roman' not found.
findfont: Font family 'Nimbus Roman' not found.
findfont: Font family 'Nimbus Roman' not found.
findfont: Font family 'Nimbus Roman' not found.
findfont: Font family 'Nimbus Roman' not found.
findfont: Font family 'Nimbus Roman' not found.
findfont: Font family 'Nimbus Roman' not found.
findfont: Font family 'Nimbus Roman' not found.
findfont: Font family 'Nimbus Roman' not found.
findfont: Font family 'Nimbus Roman' not found.
findfont: Font family 'Nimbus Roman' not found.
findfont: Font family 'Nimbus Roman' not found.
findfont: Font family 'Nimbus Roman' not found.
findfont: Font family 'Nimbus Roman' not found.
findfont: Font family 'Nimbus Roman' not found.
findfont: Font family 'Nimbus Roman' not found.
findfont: Font family 'Nimbus Roman' not found.
findfont: Font family 'Nimbus Roman' not found.
findfont: Font family 'Nimbus Roman' not found.
findfont: Font family 'Nimbus Roman' not found.
findfont: Font family 'Nimbus Roman' not found.
findfont: Font family 'Nimbus Roman' not found.
findfont: Font family 'Nimbus Roman' not found.
findfont: Font family 'Nimbus Roman' not found.
findfont: Font family 'Nimbus Roman' not found.
findfont: Font family 'Nimbus Roman' not found.
findfont: Font family 'Nimbus Roman' not found.
Ridge mode: rkhs; diagnostic interval: 50
Iter 1/4000 | log_obj=9.863e+00 | log_Bellman_root=3.501e+00 | mass=1.81e+04 | neg=0.00e+00 | grad=6.65e+02
Iter 400/4000 | log_obj=3.646e+00 | log_Bellman_root=3.957e-01 | mass=3.61e+01 | neg=0.00e+00 | grad=4.53e+03
Iter 800/4000 | log_obj=3.663e+00 | log_Bellman_root=4.040e-01 | mass=3.67e+01 | neg=0.00e+00 | grad=4.56e+03
Iter 1200/4000 | log_obj=3.667e+00 | log_Bellman_root=4.053e-01 | mass=3.69e+01 | neg=0.00e+00 | grad=4.57e+03
Iter 1600/4000 | log_obj=2.890e+00 | log_Bellman_root=2.143e-02 | mass=1.69e+01 | neg=0.00e+00 | grad=3.01e+03
Iter 2000/4000 | log_obj=2.893e+00 | log_Bellman_root=2.253e-02 | mass=1.70e+01 | neg=0.00e+00 | grad=3.01e+03
Iter 2400/4000 | log_obj=3.760e+00 | log_Bellman_root=4.380e-01 | mass=4.05e+01 | neg=0.00e+00 | grad=4.75e+03
Iter 2800/4000 | log_obj=3.779e+00 | log_Bellman_root=4.478e-01 | mass=4.13e+01 | neg=0.00e+00 | grad=4.80e+03
Iter 3200/4000 | log_obj=3.778e+00 | log_Bellman_root=4.476e-01 | mass=4.13e+01 | neg=0.00e+00 | grad=4.80e+03
Iter 3600/4000 | log_obj=1.882e-01 | log_Bellman_root=-1.326e+00 | mass=1.12e+00 | neg=0.00e+00 | grad=4.88e+02
Iter 4000/4000 | log_obj=1.499e-01 | log_Bellman_root=-1.345e+00 | mass=1.08e+00 | neg=0.00e+00 | grad=5.00e+02
Returning best diagnostic checkpoint from step 3500 (objective=4.317e-01, Bellman=2.855e-02).
Done in 12.38s.
KE-DRL global estimation is done.
B_hat shape: (3076, 800)
B_hat rank diagnostics: {'B_num_rows': 3076, 'B_num_cols': 800, 'B_min_dim': 800, 'B_numerical_rank': 800, 'B_rank_fraction': 1.0, 'B_rank_tolerance': 3.558262399039336e-05, 'B_stable_rank': 256.1800842285156, 'B_effective_rank': 771.3710512457228, 'B_entropy_rank': 6.64816951751709, 'B_spectral_norm': 0.09703793376684189, 'B_frobenius_norm': 1.5531529188156128, 'B_nuclear_norm': 42.427276611328125, 'B_condition_number': 3.6075765913786992, 'B_condition_number_tol': 3.6075765913786992, 'B_smallest_singular_value': 0.026898371055722237, 'B_rank_rel_1em2': 800, 'B_rank_rel_1em3': 800, 'B_rank_rel_1em4': 800}
Global-loss target mass diagnostics: {'target_mass_mean': 0.41356682777404785, 'target_mass_min': -0.1423206776380539, 'target_mass_max': 0.8035296201705933, 'target_mass_sd': 0.20705270767211914, 'target_mass_rmse_to_target': 0.6215673685073853, 'target_beta_min': -0.010912985540926456, 'target_beta_max': 0.03516856208443642, 'target_neg_frac_mean': 0.4578}
Return dictionary Z_grid shape: (800, 3)
Replicate 41 risk metrics: {'risk_n_steps_recorded': 81.0, 'risk_n_diagnostics_recorded': 81.0, 'risk_log_obj_initial': 9.862853935454021, 'risk_log_obj_final': 0.14992991636537456, 'risk_log_obj_min': -0.8399968522388574, 'risk_obj_initial': 19203.617187500007, 'risk_obj_final': 1.1617528200149536, 'risk_obj_min': 0.431711882352829, 'risk_log_obj_drop': 9.712924019088646, 'risk_log_bellman_root_initial': 3.501423699509474, 'risk_log_bellman_root_final': -1.3446111500286952, 'risk_log_bellman_root_min': -1.7780438615081613, 'risk_bellman_root_initial': 33.1626319885254, 'risk_bellman_root_final': 0.26064103841781616, 'risk_bellman_root_min': 0.1689683496952057, 'risk_bellman_initial': 1099.7601604063677, 'risk_bellman_final': 0.06793375090751752, 'risk_bellman_min': 0.028550303198721316, 'risk_log_bellman_root_drop': 4.846034849538169, 'risk_bellman_returned': 0.028550300747156143, 'risk_obj_returned': 0.431711882352829, 'risk_returned_step': 3500.0, 'offline_data_id': 41, 'benchmark_point_source': 'fixed_config_plus_support_safe_target_policy_draws', 'target_set_size': 100, 'lambda_reg': 0.005, 'lambda_B': 0.02, 'num_steps': 4000, 'transition_reduction_enabled': 1, 'transition_reduction_method': 'kmeans', 'transition_original_rows': 12000, 'transition_reduced_rows': 3076, 'transition_compression_ratio': 0.25633333333333336, 'target_mass_mean': 0.41356682777404785, 'target_mass_min': -0.1423206776380539, 'target_mass_max': 0.8035296201705933, 'target_mass_sd': 0.20705270767211914, 'target_mass_rmse_to_target': 0.6215673685073853, 'target_beta_min': -0.010912985540926456, 'target_beta_max': 0.03516856208443642, 'target_neg_frac_mean': 0.4578, 'B_num_rows': 3076, 'B_num_cols': 800, 'B_min_dim': 800, 'B_numerical_rank': 800, 'B_rank_fraction': 1.0, 'B_rank_tolerance': 3.558262399039336e-05, 'B_stable_rank': 256.1800842285156, 'B_effective_rank': 771.3710512457228, 'B_entropy_rank': 6.64816951751709, 'B_spectral_norm': 0.09703793376684189, 'B_frobenius_norm': 1.5531529188156128, 'B_nuclear_norm': 42.427276611328125, 'B_condition_number': 3.6075765913786992, 'B_condition_number_tol': 3.6075765913786992, 'B_smallest_singular_value': 0.026898371055722237, 'B_rank_rel_1em2': 800, 'B_rank_rel_1em3': 800, 'B_rank_rel_1em4': 800, 'risk_objective_final_raw': 1.1617528200149536, 'risk_objective_min_raw': 0.431711882352829, 'risk_objective_max_raw': 19203.6171875, 'risk_bellman_final_raw': 0.06793374568223953, 'risk_bellman_min_raw': 0.028550300747156143, 'risk_bellman_max_raw': 1099.76025390625, 'risk_rkhs_ridge_final_raw': 0.015870651230216026, 'risk_rkhs_ridge_min_raw': 0.015870651230216026, 'risk_rkhs_ridge_max_raw': 2.3582003116607666, 'risk_mass_final_raw': 1.0779484510421753, 'risk_mass_min_raw': 0.3863460123538971, 'risk_mass_max_raw': 18101.498046875, 'risk_negativity_final_raw': 0.0, 'risk_negativity_min_raw': 0.0, 'risk_negativity_max_raw': 0.0, 'risk_B_norm_final_raw': 1.5513144731521606, 'risk_B_norm_min_raw': 1.5513144731521606, 'risk_B_norm_max_raw': 1.6370357275009155, 'risk_diagnostic_step_final_raw': 4000.0, 'risk_diagnostic_step_min_raw': 1.0, 'risk_diagnostic_step_max_raw': 4000.0, 'risk_best_step_final_raw': 3500.0, 'risk_best_step_min_raw': 3500.0, 'risk_best_step_max_raw': 3500.0, 'risk_best_objective_final_raw': 0.431711882352829, 'risk_best_objective_min_raw': 0.431711882352829, 'risk_best_objective_max_raw': 0.431711882352829, 'risk_best_bellman_final_raw': 0.028550300747156143, 'risk_best_bellman_min_raw': 0.028550300747156143, 'risk_best_bellman_max_raw': 0.028550300747156143, 'risk_returned_step_final_raw': 3500.0, 'risk_returned_step_min_raw': 3500.0, 'risk_returned_step_max_raw': 3500.0, 'risk_returned_objective_final_raw': 0.431711882352829, 'risk_returned_objective_min_raw': 0.431711882352829, 'risk_returned_objective_max_raw': 0.431711882352829, 'risk_returned_bellman_final_raw': 0.028550300747156143, 'risk_returned_bellman_min_raw': 0.028550300747156143, 'risk_returned_bellman_max_raw': 0.028550300747156143, 'risk_returned_best_checkpoint_final_raw': 1.0, 'risk_returned_best_checkpoint_min_raw': 1.0, 'risk_returned_best_checkpoint_max_raw': 1.0}
Benchmark 0 evaluation grid shape: (800, 3)
Replicate 41, benchmark 0 metrics: {'run_id': '41_b0', 'RMSE': 0.1542117151355441, 'MAE': 0.14356667736181408, 'SupNorm': 0.24619000405073166, 'Bias': -0.14354584288652406, 'Corr': 0.8832536062451638, 'deming_slope': 0.5036372760510921, 'deming_intercept': -0.01204471510854141, 'beta_sum': 0.5165157318115234, 'beta_l1': 1.808610439300537, 'beta_l2': 0.08539587259292603, 'beta_min': -0.00710220355540514, 'beta_max': 0.016119491308927536, 'beta_neg_frac': 0.44, 'offline_data_id': 41, 'benchmark_id': 0, 'benchmark_point_source': 'fixed_config', 'target_set_size': 100, 'benchmark_z_path': 'data/Z_true.pt', 'projected_bellman_test_risk': 0.01969662867486477, 'oracle_embedding_risk': 0.8338661789894104, 'benchmark_embedding_risk': 0.8338661789894104, 'risk_bellman_final': 0.06793375090751752, 'risk_obj_final': 1.1617528200149536, 'B_num_rows': 3076, 'B_num_cols': 800, 'B_min_dim': 800, 'B_numerical_rank': 800, 'B_rank_fraction': 1.0, 'B_rank_tolerance': 3.558262399039336e-05, 'B_stable_rank': 256.1800842285156, 'B_effective_rank': 771.3710512457228, 'B_entropy_rank': 6.64816951751709, 'B_spectral_norm': 0.09703793376684189, 'B_frobenius_norm': 1.5531529188156128, 'B_nuclear_norm': 42.427276611328125, 'B_condition_number': 3.6075765913786992, 'B_condition_number_tol': 3.6075765913786992, 'B_smallest_singular_value': 0.026898371055722237, 'B_rank_rel_1em2': 800, 'B_rank_rel_1em3': 800, 'B_rank_rel_1em4': 800}
Saved ./mu/mu_hat.csv shape=(800,)
Saved ./mu/mu2D_hat_dims01.csv shape=(120, 120)
Saved ./mu/mu2D_hat_dims01.csv shape=(120, 120)
Saved plots/replicate_41/mu_3D.png
Benchmark 1 evaluation grid shape: (800, 3)
Replicate 41, benchmark 1 metrics: {'run_id': '41_b1', 'RMSE': 0.34607417018239345, 'MAE': 0.32101699878072393, 'SupNorm': 0.5623742938041687, 'Bias': -0.32101699878072393, 'Corr': -0.898202631447466, 'deming_slope': -0.32289800577768824, 'deming_intercept': 0.027192481529166597, 'beta_sum': -0.13743595778942108, 'beta_l1': 1.299904227256775, 'beta_l2': 0.0587509386241436, 'beta_min': -0.0070037273690104485, 'beta_max': 0.006405411288142204, 'beta_neg_frac': 0.53625, 'offline_data_id': 41, 'benchmark_id': 1, 'benchmark_point_source': 'fixed_config', 'target_set_size': 100, 'benchmark_z_path': 'data/Z_true.pt', 'projected_bellman_test_risk': 0.028995543718338013, 'oracle_embedding_risk': 1.136803150177002, 'benchmark_embedding_risk': 1.136803150177002, 'risk_bellman_final': 0.06793375090751752, 'risk_obj_final': 1.1617528200149536, 'B_num_rows': 3076, 'B_num_cols': 800, 'B_min_dim': 800, 'B_numerical_rank': 800, 'B_rank_fraction': 1.0, 'B_rank_tolerance': 3.558262399039336e-05, 'B_stable_rank': 256.1800842285156, 'B_effective_rank': 771.3710512457228, 'B_entropy_rank': 6.64816951751709, 'B_spectral_norm': 0.09703793376684189, 'B_frobenius_norm': 1.5531529188156128, 'B_nuclear_norm': 42.427276611328125, 'B_condition_number': 3.6075765913786992, 'B_condition_number_tol': 3.6075765913786992, 'B_smallest_singular_value': 0.026898371055722237, 'B_rank_rel_1em2': 800, 'B_rank_rel_1em3': 800, 'B_rank_rel_1em4': 800}
Benchmark 2 evaluation grid shape: (800, 3)
Replicate 41, benchmark 2 metrics: {'run_id': '41_b2', 'RMSE': 0.3166180022462556, 'MAE': 0.29437233728094725, 'SupNorm': 0.5162231624126434, 'Bias': -0.29437233728094725, 'Corr': -0.36863167042068096, 'deming_slope': -0.19412454599194393, 'deming_intercept': 0.02906107353806935, 'beta_sum': -0.018014591187238693, 'beta_l1': 1.3491724729537964, 'beta_l2': 0.05995919555425644, 'beta_min': -0.006095762364566326, 'beta_max': 0.007824506610631943, 'beta_neg_frac': 0.52, 'offline_data_id': 41, 'benchmark_id': 2, 'benchmark_point_source': 'fixed_config', 'target_set_size': 100, 'benchmark_z_path': 'data/Z_true.pt', 'projected_bellman_test_risk': 0.018870677798986435, 'oracle_embedding_risk': 1.0646426677703857, 'benchmark_embedding_risk': 1.0646426677703857, 'risk_bellman_final': 0.06793375090751752, 'risk_obj_final': 1.1617528200149536, 'B_num_rows': 3076, 'B_num_cols': 800, 'B_min_dim': 800, 'B_numerical_rank': 800, 'B_rank_fraction': 1.0, 'B_rank_tolerance': 3.558262399039336e-05, 'B_stable_rank': 256.1800842285156, 'B_effective_rank': 771.3710512457228, 'B_entropy_rank': 6.64816951751709, 'B_spectral_norm': 0.09703793376684189, 'B_frobenius_norm': 1.5531529188156128, 'B_nuclear_norm': 42.427276611328125, 'B_condition_number': 3.6075765913786992, 'B_condition_number_tol': 3.6075765913786992, 'B_smallest_singular_value': 0.026898371055722237, 'B_rank_rel_1em2': 800, 'B_rank_rel_1em3': 800, 'B_rank_rel_1em4': 800}
Benchmark 3 evaluation grid shape: (800, 3)
Replicate 41, benchmark 3 metrics: {'run_id': '41_b3', 'RMSE': 0.3231880501816715, 'MAE': 0.29756514907756354, 'SupNorm': 0.5381916537880898, 'Bias': -0.29756514907756354, 'Corr': -0.5483927549444876, 'deming_slope': -0.281217929033976, 'deming_intercept': 0.03799057610044184, 'beta_sum': -0.05533163249492645, 'beta_l1': 1.3797123432159424, 'beta_l2': 0.062056876718997955, 'beta_min': -0.006275696214288473, 'beta_max': 0.00720607303082943, 'beta_neg_frac': 0.515, 'offline_data_id': 41, 'benchmark_id': 3, 'benchmark_point_source': 'fixed_config', 'target_set_size': 100, 'benchmark_z_path': 'data/Z_true.pt', 'projected_bellman_test_risk': 0.025842459872364998, 'oracle_embedding_risk': 1.0959941148757935, 'benchmark_embedding_risk': 1.0959941148757935, 'risk_bellman_final': 0.06793375090751752, 'risk_obj_final': 1.1617528200149536, 'B_num_rows': 3076, 'B_num_cols': 800, 'B_min_dim': 800, 'B_numerical_rank': 800, 'B_rank_fraction': 1.0, 'B_rank_tolerance': 3.558262399039336e-05, 'B_stable_rank': 256.1800842285156, 'B_effective_rank': 771.3710512457228, 'B_entropy_rank': 6.64816951751709, 'B_spectral_norm': 0.09703793376684189, 'B_frobenius_norm': 1.5531529188156128, 'B_nuclear_norm': 42.427276611328125, 'B_condition_number': 3.6075765913786992, 'B_condition_number_tol': 3.6075765913786992, 'B_smallest_singular_value': 0.026898371055722237, 'B_rank_rel_1em2': 800, 'B_rank_rel_1em3': 800, 'B_rank_rel_1em4': 800}
Benchmark 4 evaluation grid shape: (800, 3)
Replicate 41, benchmark 4 metrics: {'run_id': '41_b4', 'RMSE': 0.1454086102371402, 'MAE': 0.13328687820288906, 'SupNorm': 0.24687539041042328, 'Bias': -0.1331841315206475, 'Corr': 0.806402627105691, 'deming_slope': 0.6150770377688365, 'deming_intercept': -0.029485120239585688, 'beta_sum': 0.5790566205978394, 'beta_l1': 1.6565550565719604, 'beta_l2': 0.0958380252122879, 'beta_min': -0.005586748942732811, 'beta_max': 0.02481088414788246, 'beta_neg_frac': 0.4875, 'offline_data_id': 41, 'benchmark_id': 4, 'benchmark_point_source': 'support_safe_target_policy_draw', 'target_set_size': 100, 'benchmark_z_path': 'data/Z_true.pt', 'projected_bellman_test_risk': 0.01790044829249382, 'oracle_embedding_risk': 0.8240045309066772, 'benchmark_embedding_risk': 0.8240045309066772, 'risk_bellman_final': 0.06793375090751752, 'risk_obj_final': 1.1617528200149536, 'B_num_rows': 3076, 'B_num_cols': 800, 'B_min_dim': 800, 'B_numerical_rank': 800, 'B_rank_fraction': 1.0, 'B_rank_tolerance': 3.558262399039336e-05, 'B_stable_rank': 256.1800842285156, 'B_effective_rank': 771.3710512457228, 'B_entropy_rank': 6.64816951751709, 'B_spectral_norm': 0.09703793376684189, 'B_frobenius_norm': 1.5531529188156128, 'B_nuclear_norm': 42.427276611328125, 'B_condition_number': 3.6075765913786992, 'B_condition_number_tol': 3.6075765913786992, 'B_smallest_singular_value': 0.026898371055722237, 'B_rank_rel_1em2': 800, 'B_rank_rel_1em3': 800, 'B_rank_rel_1em4': 800}
Benchmark 5 evaluation grid shape: (800, 3)
Replicate 41, benchmark 5 metrics: {'run_id': '41_b5', 'RMSE': 0.24988836970281708, 'MAE': 0.2333572434045709, 'SupNorm': 0.39790190011262894, 'Bias': -0.2333572434045709, 'Corr': 0.43569656475674207, 'deming_slope': 0.0717326124707358, 'deming_intercept': 0.007616244711820923, 'beta_sum': 0.17235910892486572, 'beta_l1': 0.43321412801742554, 'beta_l2': 0.02089519239962101, 'beta_min': -0.001745542511343956, 'beta_max': 0.00474887527525425, 'beta_neg_frac': 0.37125, 'offline_data_id': 41, 'benchmark_id': 5, 'benchmark_point_source': 'support_safe_target_policy_draw', 'target_set_size': 100, 'benchmark_z_path': 'data/Z_true.pt', 'projected_bellman_test_risk': 0.0014693259727209806, 'oracle_embedding_risk': 0.952652096748352, 'benchmark_embedding_risk': 0.952652096748352, 'risk_bellman_final': 0.06793375090751752, 'risk_obj_final': 1.1617528200149536, 'B_num_rows': 3076, 'B_num_cols': 800, 'B_min_dim': 800, 'B_numerical_rank': 800, 'B_rank_fraction': 1.0, 'B_rank_tolerance': 3.558262399039336e-05, 'B_stable_rank': 256.1800842285156, 'B_effective_rank': 771.3710512457228, 'B_entropy_rank': 6.64816951751709, 'B_spectral_norm': 0.09703793376684189, 'B_frobenius_norm': 1.5531529188156128, 'B_nuclear_norm': 42.427276611328125, 'B_condition_number': 3.6075765913786992, 'B_condition_number_tol': 3.6075765913786992, 'B_smallest_singular_value': 0.026898371055722237, 'B_rank_rel_1em2': 800, 'B_rank_rel_1em3': 800, 'B_rank_rel_1em4': 800}
Benchmark 6 evaluation grid shape: (800, 3)
Replicate 41, benchmark 6 metrics: {'run_id': '41_b6', 'RMSE': 0.19782133706792798, 'MAE': 0.1810066593340889, 'SupNorm': 0.34800364822149277, 'Bias': -0.1810066593340889, 'Corr': 0.5753835265331674, 'deming_slope': 0.34399036501646235, 'deming_intercept': -0.006024218058675632, 'beta_sum': 0.4134548306465149, 'beta_l1': 1.781432867050171, 'beta_l2': 0.0809871107339859, 'beta_min': -0.0066117411479353905, 'beta_max': 0.013491964899003506, 'beta_neg_frac': 0.42375, 'offline_data_id': 41, 'benchmark_id': 6, 'benchmark_point_source': 'support_safe_target_policy_draw', 'target_set_size': 100, 'benchmark_z_path': 'data/Z_true.pt', 'projected_bellman_test_risk': 0.00928952544927597, 'oracle_embedding_risk': 0.8849237561225891, 'benchmark_embedding_risk': 0.8849237561225891, 'risk_bellman_final': 0.06793375090751752, 'risk_obj_final': 1.1617528200149536, 'B_num_rows': 3076, 'B_num_cols': 800, 'B_min_dim': 800, 'B_numerical_rank': 800, 'B_rank_fraction': 1.0, 'B_rank_tolerance': 3.558262399039336e-05, 'B_stable_rank': 256.1800842285156, 'B_effective_rank': 771.3710512457228, 'B_entropy_rank': 6.64816951751709, 'B_spectral_norm': 0.09703793376684189, 'B_frobenius_norm': 1.5531529188156128, 'B_nuclear_norm': 42.427276611328125, 'B_condition_number': 3.6075765913786992, 'B_condition_number_tol': 3.6075765913786992, 'B_smallest_singular_value': 0.026898371055722237, 'B_rank_rel_1em2': 800, 'B_rank_rel_1em3': 800, 'B_rank_rel_1em4': 800}
Benchmark 7 evaluation grid shape: (800, 3)
Replicate 41, benchmark 7 metrics: {'run_id': '41_b7', 'RMSE': 0.15244952553760144, 'MAE': 0.14287381095666205, 'SupNorm': 0.24634014070034027, 'Bias': -0.14287381095666205, 'Corr': 0.8581488959556467, 'deming_slope': 0.5914883092907308, 'deming_intercept': -0.03495170110455614, 'beta_sum': 0.38768675923347473, 'beta_l1': 1.6847420930862427, 'beta_l2': 0.08486323058605194, 'beta_min': -0.006318472791463137, 'beta_max': 0.022103657945990562, 'beta_neg_frac': 0.47375, 'offline_data_id': 41, 'benchmark_id': 7, 'benchmark_point_source': 'support_safe_target_policy_draw', 'target_set_size': 100, 'benchmark_z_path': 'data/Z_true.pt', 'projected_bellman_test_risk': 0.02362389862537384, 'oracle_embedding_risk': 0.8355199098587036, 'benchmark_embedding_risk': 0.8355199098587036, 'risk_bellman_final': 0.06793375090751752, 'risk_obj_final': 1.1617528200149536, 'B_num_rows': 3076, 'B_num_cols': 800, 'B_min_dim': 800, 'B_numerical_rank': 800, 'B_rank_fraction': 1.0, 'B_rank_tolerance': 3.558262399039336e-05, 'B_stable_rank': 256.1800842285156, 'B_effective_rank': 771.3710512457228, 'B_entropy_rank': 6.64816951751709, 'B_spectral_norm': 0.09703793376684189, 'B_frobenius_norm': 1.5531529188156128, 'B_nuclear_norm': 42.427276611328125, 'B_condition_number': 3.6075765913786992, 'B_condition_number_tol': 3.6075765913786992, 'B_smallest_singular_value': 0.026898371055722237, 'B_rank_rel_1em2': 800, 'B_rank_rel_1em3': 800, 'B_rank_rel_1em4': 800}
Benchmark 8 evaluation grid shape: (800, 3)
Replicate 41, benchmark 8 metrics: {'run_id': '41_b8', 'RMSE': 0.14539694532216516, 'MAE': 0.13423393376753665, 'SupNorm': 0.23290908336639404, 'Bias': -0.13422878410317934, 'Corr': 0.950085168923614, 'deming_slope': 0.46584659990151694, 'deming_intercept': 0.006344179165305969, 'beta_sum': 0.5670861601829529, 'beta_l1': 1.5055553913116455, 'beta_l2': 0.07175317406654358, 'beta_min': -0.006025208160281181, 'beta_max': 0.014049877412617207, 'beta_neg_frac': 0.3925, 'offline_data_id': 41, 'benchmark_id': 8, 'benchmark_point_source': 'support_safe_target_policy_draw', 'target_set_size': 100, 'benchmark_z_path': 'data/Z_true.pt', 'projected_bellman_test_risk': 0.03456369787454605, 'oracle_embedding_risk': 0.8089717626571655, 'benchmark_embedding_risk': 0.8089717626571655, 'risk_bellman_final': 0.06793375090751752, 'risk_obj_final': 1.1617528200149536, 'B_num_rows': 3076, 'B_num_cols': 800, 'B_min_dim': 800, 'B_numerical_rank': 800, 'B_rank_fraction': 1.0, 'B_rank_tolerance': 3.558262399039336e-05, 'B_stable_rank': 256.1800842285156, 'B_effective_rank': 771.3710512457228, 'B_entropy_rank': 6.64816951751709, 'B_spectral_norm': 0.09703793376684189, 'B_frobenius_norm': 1.5531529188156128, 'B_nuclear_norm': 42.427276611328125, 'B_condition_number': 3.6075765913786992, 'B_condition_number_tol': 3.6075765913786992, 'B_smallest_singular_value': 0.026898371055722237, 'B_rank_rel_1em2': 800, 'B_rank_rel_1em3': 800, 'B_rank_rel_1em4': 800}
Benchmark 9 evaluation grid shape: (800, 3)
Replicate 41, benchmark 9 metrics: {'run_id': '41_b9', 'RMSE': 0.17653510981055295, 'MAE': 0.16130486254696735, 'SupNorm': 0.2992407754063606, 'Bias': -0.16130486254696735, 'Corr': 0.690948521784756, 'deming_slope': 0.4342525450812376, 'deming_intercept': -0.009376510125130522, 'beta_sum': 0.4700448513031006, 'beta_l1': 1.752306580543518, 'beta_l2': 0.08860882371664047, 'beta_min': -0.007438205182552338, 'beta_max': 0.02273501828312874, 'beta_neg_frac': 0.4325, 'offline_data_id': 41, 'benchmark_id': 9, 'benchmark_point_source': 'support_safe_target_policy_draw', 'target_set_size': 100, 'benchmark_z_path': 'data/Z_true.pt', 'projected_bellman_test_risk': 0.004517825320363045, 'oracle_embedding_risk': 0.849541962146759, 'benchmark_embedding_risk': 0.849541962146759, 'risk_bellman_final': 0.06793375090751752, 'risk_obj_final': 1.1617528200149536, 'B_num_rows': 3076, 'B_num_cols': 800, 'B_min_dim': 800, 'B_numerical_rank': 800, 'B_rank_fraction': 1.0, 'B_rank_tolerance': 3.558262399039336e-05, 'B_stable_rank': 256.1800842285156, 'B_effective_rank': 771.3710512457228, 'B_entropy_rank': 6.64816951751709, 'B_spectral_norm': 0.09703793376684189, 'B_frobenius_norm': 1.5531529188156128, 'B_nuclear_norm': 42.427276611328125, 'B_condition_number': 3.6075765913786992, 'B_condition_number_tol': 3.6075765913786992, 'B_smallest_singular_value': 0.026898371055722237, 'B_rank_rel_1em2': 800, 'B_rank_rel_1em3': 800, 'B_rank_rel_1em4': 800}
Replicate 41 finished in 22.9s
Finished combo 3, offline replicate 41.
