Job ID:    2359221
Array idx: 430
CPUs/node: 64
Mem/node:  131072
Using CC = cc 
Using CXX = CC 
Using FC = ftn 
Using F77 = ftn 
Using F90 = ftn 
cuda/12.6.1 is deprecated; loading cudatoolkit/25.5_12.9 instead.
Using CC = /opt/nvidia/hpc_sdk/Linux_aarch64/25.5/compilers/bin/nvc 
Using CXX = /opt/nvidia/hpc_sdk/Linux_aarch64/25.5/compilers/bin/nvc++ 
Using FC = /opt/nvidia/hpc_sdk/Linux_aarch64/25.5/compilers/bin/nvfortran 
Using F77 = /opt/nvidia/hpc_sdk/Linux_aarch64/25.5/compilers/bin/nvfortran 
Using F90 = /opt/nvidia/hpc_sdk/Linux_aarch64/25.5/compilers/bin/nvfortran 
Using CC = /opt/nvidia/hpc_sdk/Linux_aarch64/25.5/compilers/bin/nvc 
Using CXX = /opt/nvidia/hpc_sdk/Linux_aarch64/25.5/compilers/bin/nvc++ 
Using FC = /opt/nvidia/hpc_sdk/Linux_aarch64/25.5/compilers/bin/nvfortran 
Using F77 = /opt/nvidia/hpc_sdk/Linux_aarch64/25.5/compilers/bin/nvfortran 
Using F90 = /opt/nvidia/hpc_sdk/Linux_aarch64/25.5/compilers/bin/nvfortran 

Lmod is automatically replacing "gcc-native/14" with "gcc/14.2.0".

ghx4
0
Tuning combo id: 4 / 6
Offline replicate id: 30 / 99
Installing ke_drl from git: https://github.com/mehrdadmhmdi/ke-drl.git@main
Collecting git+https://github.com/mehrdadmhmdi/ke-drl.git@main
  Cloning https://github.com/mehrdadmhmdi/ke-drl.git (to revision main) to /tmp/pip-req-build-j_qp56d5
  Running command git clone --filter=blob:none --quiet https://github.com/mehrdadmhmdi/ke-drl.git /tmp/pip-req-build-j_qp56d5
  Resolved https://github.com/mehrdadmhmdi/ke-drl.git to commit 3c5d570e40ea15b1fbe4817b5f43b64c7b333e82
  Installing build dependencies: started
  Installing build dependencies: finished with status 'done'
  Getting requirements to build wheel: started
  Getting requirements to build wheel: finished with status 'done'
  Preparing metadata (pyproject.toml): started
  Preparing metadata (pyproject.toml): finished with status 'done'
Building wheels for collected packages: ke_drl
  Building wheel for ke_drl (pyproject.toml): started
  Building wheel for ke_drl (pyproject.toml): finished with status 'done'
  Created wheel for ke_drl: filename=ke_drl-0.1.0-py3-none-any.whl size=47219 sha256=5526f732230dd224b419c7b6c5787fbf9e410b71fa5a54fa5dc1c0542e71412b
  Stored in directory: /tmp/pip-ephem-wheel-cache-93od6tmb/wheels/24/47/ad/9a4ffd3b05d3e90e35ffc6e7324b735b8bfcf5f51aaf29a333
Successfully built ke_drl
Installing collected packages: ke_drl
Successfully installed ke_drl-0.1.0
Installed ke_drl source: /work/nvme/bfez/mehrdad3/DistRL/simulation_3/runs/sim3_global_2358722_4/.kedrl_site_430/ke_drl/__init__.py
Tuning combo 4: kernel_length_1.5
Overrides: {'kernel': {'length_scale': 1.5}}
RUN: /sw/user/python/miniforge3-pytorch-24.11.3/bin/python3 validate_sim_config.py --params params.yaml
ke_drl import source: /work/nvme/bfez/mehrdad3/DistRL/simulation_3/runs/sim3_global_2358722_4/.kedrl_site_430/ke_drl/__init__.py
ke_drl package API OK: prediction weights, RFF operators, rank diagnostics, and best-checkpoint optimizer available
Policy config OK: behavior=uniform, target=logistic, state_dim=5, action_dim=1
Note: policy.logistic.theta_scale/theta_std are log-scale coefficients in Probability_Densities.
Behavior-policy linearized state-process diagnostic: spectral_radius=0.653, offline_burn_in=50
Replicate config OK: num_replicates=100, benchmark points=10 independent of D_i, loss target points=100
Transition reduction OK: method=kmeans, raw rows N(T-1)=12000, target rows about 3000, B rows reduced from 12000 to about 3000
Return-operator approximation OK: method=rff, features=512, exact G avoided for estimated N=12000, m=800, L=100
Fixed benchmark config rows=4 (benchmark.num_points=10; additional points are support-safe target-policy draws if needed)
Fixed benchmark point 0: s_star=[0.6, -0.8, 0.7, -0.5, 0.9], a_star=[0.5]
Fixed benchmark behavior-support interval for configured rows: min_lower=-0.12, max_upper=1.11
Fixed benchmark target-policy location range: [-0.02, 0.14]
Reusing shared data from /work/nvme/bfez/mehrdad3/DistRL/simulation_3/runs/sim3_shared_data/data for offline replicate 30.
RUN: /sw/user/python/miniforge3-pytorch-24.11.3/bin/python3 validate_sim_config.py --params params.yaml --data data/offline_data_30.pt
ke_drl import source: /work/nvme/bfez/mehrdad3/DistRL/simulation_3/runs/sim3_global_2358722_4/.kedrl_site_430/ke_drl/__init__.py
ke_drl package API OK: prediction weights, RFF operators, rank diagnostics, and best-checkpoint optimizer available
Policy config OK: behavior=uniform, target=logistic, state_dim=5, action_dim=1
Note: policy.logistic.theta_scale/theta_std are log-scale coefficients in Probability_Densities.
Behavior-policy linearized state-process diagnostic: spectral_radius=0.653, offline_burn_in=50
Replicate config OK: num_replicates=100, benchmark points=10 independent of D_i, loss target points=100
Transition reduction OK: method=kmeans, raw rows N(T-1)=12000, target rows about 3000, B rows reduced from 12000 to about 3000
Return-operator approximation OK: method=rff, features=512, exact G avoided for estimated N=12000, m=800, L=100
Fixed benchmark config rows=4 (benchmark.num_points=10; additional points are support-safe target-policy draws if needed)
Fixed benchmark point 0: s_star=[0.6, -0.8, 0.7, -0.5, 0.9], a_star=[0.5]
Fixed benchmark behavior-support interval for configured rows: min_lower=-0.12, max_upper=1.11
Fixed benchmark target-policy location range: [-0.02, 0.14]
Full benchmark support check OK: 10 points, min_lower=-2.177, max_upper=2.05
observed behavior actions: mean=0.4067, sd=0.6771, q0/q10/q50/q90/q100=[-1.9735522270202637, -0.4145223468542099, 0.3526611924171448, 1.3106937766075135, 2.923598527908325]
target-policy sampled actions: mean=-0.01793, sd=0.6709, q0/q10/q50/q90/q100=[-2.761788674870388, -0.8876780465236727, -0.004933610817239434, 0.8367258795717771, 2.210013426497816]
behavior uniform lower: mean=-0.1194, sd=0.6636, q0/q10/q50/q90/q100=[-2.696922755241394, -0.9816420094668865, -0.10406794399023056, 0.7317500093579292, 2.1078558564186096]
behavior uniform upper: mean=0.9281, sd=0.6456, q0/q10/q50/q90/q100=[-0.9199099957942961, 0.06922446414828302, 0.9432349361479282, 1.7689336135983467, 3.1078558564186096]
target location inside behavior uniform support: 0.967
RUN: /sw/user/python/miniforge3-pytorch-24.11.3/bin/python3 main_est.py
# ================================================================ #
#   Global KE-DRL estimation for one offline replicate              #
# ================================================================ #
Slurm Job ID: 2359221
Slurm Array ID: 30 -- used as the offline-replicate id
Offline data id: 30
ke_drl import source: /work/nvme/bfez/mehrdad3/DistRL/simulation_3/runs/sim3_global_2358722_4/.kedrl_site_430/ke_drl/__init__.py
Estimator device: cuda (NVIDIA GH200 120GB, capability 9.0); torch CUDA=13.0
Random seed: 20460542
Number of offline replicates: 100
[transition reduction] enabled: original rows=12000, target basis=3000, method=kmeans, device=cuda
[transition reduction] kmeans iter 1/20, mean center shift=2.7492e-01
[transition reduction] kmeans iter 5/20, mean center shift=4.1315e-03
[transition reduction] kmeans iter 10/20, mean center shift=5.6939e-05
[transition reduction] selected 3079 rows from 12000 transitions (ratio 0.2566); indices saved to data/reduced_transition_indices_30.pt
Data and parameters loaded.
offline path: data/offline_data_30.pt
benchmark true-Z path: data/Z_true.pt
offline shapes after reduction: s0=(3079, 5), a0=(3079, 1), r0=(3079, 3)
transition reduction: {'enabled': True, 'method': 'kmeans', 'original_rows': 12000, 'reduced_rows': 3079, 'selected_indices_path': 'data/reduced_transition_indices_30.pt', 'target_basis': 3000, 'compression_ratio': 0.25658333333333333}
fixed benchmark point source: fixed_config_plus_support_safe_target_policy_draws
benchmark row excluded from this offline data: None
global loss target set shape: s_star=(100, 5), a_star=(100, 1)
benchmark true-Z count=10, shape each=(50000, 3)
target policy: logistic
behavior policy: uniform
lambda_Gamma=0.005, lambda_B=0.02, d_r_method=song
dtype=torch.float32, operator_method=rff, operator_num_features=512
ridge_mode=rkhs, diagnostic_interval=50
mass_anchor_lambda=1.0, target_mass=1.0
uLSIF basis: source=numerator, n_basis=512, lambda_reg=0.005
optimizer stabilizers: lambda_neg=0.0, max_B_norm=None, eta_clip_min=0.0, eta_clip_max=5.0, normalize_eta=True
========================================
Estimating the global KE-DRL mean embedding
torch device=cuda, dtype=torch.float32
Data dims: N=3079, L=100, Ds=5, Da=1, Dr=3
lambda_Gamma=0.005, lambda_B=0.02
return-operator construction: method=rff, rff_features=512
[uLSIF] basis=512/3079 (numerator); eta_hat min=-1.005e+00 max=5.037e+00 neg%=4.68
ESS for eta_plus: 2162.1 / 3079
eta_plus diagnostics: raw_mean=1, raw_min=-1.01, raw_max=5.04; used_mean=1, used_min=0, used_max=4.93
[timing] Z-grid: 0.03s
[timing] K_X: 0.00s
[timing] K_plus: 0.00s
[timing] k_star: 0.00s
[timing] Gamma_stack: 0.01s
[timing] Phi_stack: 0.00s
[timing] RFF feature sample: 0.00s
[timing] K_Z RFF: 0.00s
[timing] G_stack RFF: 0.01s
[timing] H_stack RFF: 0.01s
findfont: Font family 'Nimbus Roman' not found.
findfont: Font family 'Nimbus Roman' not found.
findfont: Font family 'Nimbus Roman' not found.
findfont: Font family 'Nimbus Roman' not found.
findfont: Font family 'Nimbus Roman' not found.
findfont: Font family 'Nimbus Roman' not found.
findfont: Font family 'Nimbus Roman' not found.
findfont: Font family 'Nimbus Roman' not found.
findfont: Font family 'Nimbus Roman' not found.
findfont: Font family 'Nimbus Roman' not found.
findfont: Font family 'Nimbus Roman' not found.
findfont: Font family 'Nimbus Roman' not found.
findfont: Font family 'Nimbus Roman' not found.
findfont: Font family 'Nimbus Roman' not found.
findfont: Font family 'Nimbus Roman' not found.
findfont: Font family 'Nimbus Roman' not found.
findfont: Font family 'Nimbus Roman' not found.
findfont: Font family 'Nimbus Roman' not found.
findfont: Font family 'Nimbus Roman' not found.
findfont: Font family 'Nimbus Roman' not found.
findfont: Font family 'Nimbus Roman' not found.
findfont: Font family 'Nimbus Roman' not found.
findfont: Font family 'Nimbus Roman' not found.
findfont: Font family 'Nimbus Roman' not found.
findfont: Font family 'Nimbus Roman' not found.
findfont: Font family 'Nimbus Roman' not found.
findfont: Font family 'Nimbus Roman' not found.
findfont: Font family 'Nimbus Roman' not found.
findfont: Font family 'Nimbus Roman' not found.
findfont: Font family 'Nimbus Roman' not found.
findfont: Font family 'Nimbus Roman' not found.
findfont: Font family 'Nimbus Roman' not found.
findfont: Font family 'Nimbus Roman' not found.
findfont: Font family 'Nimbus Roman' not found.
findfont: Font family 'Nimbus Roman' not found.
findfont: Font family 'Nimbus Roman' not found.
findfont: Font family 'Nimbus Roman' not found.
findfont: Font family 'Nimbus Roman' not found.
findfont: Font family 'Nimbus Roman' not found.
findfont: Font family 'Nimbus Roman' not found.
findfont: Font family ['Nimbus Roman'] not found. Falling back to DejaVu Sans.
findfont: Font family 'Nimbus Roman' not found.
findfont: Font family ['Nimbus Roman'] not found. Falling back to DejaVu Sans.
findfont: Font family 'Nimbus Roman' not found.
findfont: Font family 'Nimbus Roman' not found.
findfont: Font family 'Nimbus Roman' not found.
findfont: Font family 'Nimbus Roman' not found.
findfont: Font family 'Nimbus Roman' not found.
findfont: Font family 'Nimbus Roman' not found.
findfont: Font family 'Nimbus Roman' not found.
findfont: Font family 'Nimbus Roman' not found.
findfont: Font family 'Nimbus Roman' not found.
findfont: Font family ['Nimbus Roman'] not found. Falling back to DejaVu Sans.
findfont: Font family 'Nimbus Roman' not found.
findfont: Font family 'Nimbus Roman' not found.
findfont: Font family 'Nimbus Roman' not found.
findfont: Font family 'Nimbus Roman' not found.
findfont: Font family 'Nimbus Roman' not found.
findfont: Font family 'Nimbus Roman' not found.
findfont: Font family 'Nimbus Roman' not found.
findfont: Font family 'Nimbus Roman' not found.
findfont: Font family 'Nimbus Roman' not found.
findfont: Font family 'Nimbus Roman' not found.
findfont: Font family 'Nimbus Roman' not found.
findfont: Font family 'Nimbus Roman' not found.
findfont: Font family 'Nimbus Roman' not found.
findfont: Font family 'Nimbus Roman' not found.
findfont: Font family 'Nimbus Roman' not found.
findfont: Font family 'Nimbus Roman' not found.
findfont: Font family 'Nimbus Roman' not found.
findfont: Font family 'Nimbus Roman' not found.
findfont: Font family 'Nimbus Roman' not found.
findfont: Font family 'Nimbus Roman' not found.
findfont: Font family 'Nimbus Roman' not found.
findfont: Font family 'Nimbus Roman' not found.
findfont: Font family 'Nimbus Roman' not found.
findfont: Font family 'Nimbus Roman' not found.
findfont: Font family 'Nimbus Roman' not found.
findfont: Font family 'Nimbus Roman' not found.
findfont: Font family 'Nimbus Roman' not found.
findfont: Font family 'Nimbus Roman' not found.
findfont: Font family 'Nimbus Roman' not found.
findfont: Font family 'Nimbus Roman' not found.
findfont: Font family 'Nimbus Roman' not found.
findfont: Font family 'Nimbus Roman' not found.
findfont: Font family 'Nimbus Roman' not found.
findfont: Font family 'Nimbus Roman' not found.
findfont: Font family 'Nimbus Roman' not found.
findfont: Font family 'Nimbus Roman' not found.
findfont: Font family 'Nimbus Roman' not found.
findfont: Font family 'Nimbus Roman' not found.
findfont: Font family 'Nimbus Roman' not found.
findfont: Font family 'Nimbus Roman' not found.
findfont: Font family 'Nimbus Roman' not found.
findfont: Font family 'Nimbus Roman' not found.
findfont: Font family 'Nimbus Roman' not found.
findfont: Font family 'Nimbus Roman' not found.
findfont: Font family 'Nimbus Roman' not found.
findfont: Font family 'Nimbus Roman' not found.
findfont: Font family 'Nimbus Roman' not found.
findfont: Font family 'Nimbus Roman' not found.
findfont: Font family 'Nimbus Roman' not found.
findfont: Font family 'Nimbus Roman' not found.
findfont: Font family 'Nimbus Roman' not found.
findfont: Font family 'Nimbus Roman' not found.
findfont: Font family 'Nimbus Roman' not found.
findfont: Font family 'Nimbus Roman' not found.
findfont: Font family 'Nimbus Roman' not found.
findfont: Font family 'Nimbus Roman' not found.
findfont: Font family 'Nimbus Roman' not found.
findfont: Font family 'Nimbus Roman' not found.
findfont: Font family 'Nimbus Roman' not found.
findfont: Font family 'Nimbus Roman' not found.
findfont: Font family 'Nimbus Roman' not found.
findfont: Font family 'Nimbus Roman' not found.
findfont: Font family 'Nimbus Roman' not found.
findfont: Font family 'Nimbus Roman' not found.
findfont: Font family 'Nimbus Roman' not found.
findfont: Font family 'Nimbus Roman' not found.
findfont: Font family 'Nimbus Roman' not found.
findfont: Font family 'Nimbus Roman' not found.
findfont: Font family 'Nimbus Roman' not found.
findfont: Font family 'Nimbus Roman' not found.
findfont: Font family 'Nimbus Roman' not found.
findfont: Font family 'Nimbus Roman' not found.
findfont: Font family 'Nimbus Roman' not found.
findfont: Font family 'Nimbus Roman' not found.
Ridge mode: rkhs; diagnostic interval: 50
Iter 1/4000 | log_obj=1.128e+01 | log_Bellman_root=4.291e+00 | mass=7.42e+04 | neg=0.00e+00 | grad=7.85e+02
Iter 400/4000 | log_obj=5.179e+00 | log_Bellman_root=1.229e+00 | mass=1.66e+02 | neg=0.00e+00 | grad=5.29e+04
Iter 800/4000 | log_obj=5.168e+00 | log_Bellman_root=1.236e+00 | mass=1.64e+02 | neg=0.00e+00 | grad=1.14e+04
Iter 1200/4000 | log_obj=6.847e+00 | log_Bellman_root=2.072e+00 | mass=8.78e+02 | neg=0.00e+00 | grad=3.56e+04
Iter 1600/4000 | log_obj=7.998e+00 | log_Bellman_root=2.644e+00 | mass=2.78e+03 | neg=0.00e+00 | grad=8.24e+04
Iter 2000/4000 | log_obj=8.587e+00 | log_Bellman_root=2.940e+00 | mass=5.00e+03 | neg=0.00e+00 | grad=9.45e+04
Iter 2400/4000 | log_obj=6.565e+00 | log_Bellman_root=1.926e+00 | mass=6.63e+02 | neg=0.00e+00 | grad=4.38e+04
Iter 2800/4000 | log_obj=3.280e+00 | log_Bellman_root=2.759e-01 | mass=2.48e+01 | neg=0.00e+00 | grad=1.40e+04
Iter 3200/4000 | log_obj=7.725e+00 | log_Bellman_root=2.507e+00 | mass=2.11e+03 | neg=0.00e+00 | grad=5.48e+03
Iter 3600/4000 | log_obj=7.714e+00 | log_Bellman_root=2.504e+00 | mass=2.09e+03 | neg=0.00e+00 | grad=1.97e+04
Iter 4000/4000 | log_obj=5.154e+00 | log_Bellman_root=1.219e+00 | mass=1.62e+02 | neg=0.00e+00 | grad=5.32e+04
Returning best diagnostic checkpoint from step 3700 (objective=2.641e+01, Bellman=1.727e+00).
Done in 11.78s.
KE-DRL global estimation is done.
B_hat shape: (3079, 800)
B_hat rank diagnostics: {'B_num_rows': 3079, 'B_num_cols': 800, 'B_min_dim': 800, 'B_numerical_rank': 800, 'B_rank_fraction': 1.0, 'B_rank_tolerance': 3.056682083535378e-05, 'B_stable_rank': 353.4899597167969, 'B_effective_rank': 771.7102543508968, 'B_entropy_rank': 6.648609161376953, 'B_spectral_norm': 0.08327803760766983, 'B_frobenius_norm': 1.5657377243041992, 'B_nuclear_norm': 42.790611267089844, 'B_condition_number': 3.0657551000312817, 'B_condition_number_tol': 3.0657551000312817, 'B_smallest_singular_value': 0.027163956314325333, 'B_rank_rel_1em2': 800, 'B_rank_rel_1em3': 800, 'B_rank_rel_1em4': 800}
Global-loss target mass diagnostics: {'target_mass_mean': -3.785114049911499, 'target_mass_min': -6.072265148162842, 'target_mass_max': -0.4414641261100769, 'target_mass_sd': 1.3362441062927246, 'target_mass_rmse_to_target': 4.96638822555542, 'target_beta_min': -0.023805664852261543, 'target_beta_max': 0.05905500054359436, 'target_neg_frac_mean': 0.83745}
Return dictionary Z_grid shape: (800, 3)
Replicate 30 risk metrics: {'risk_n_steps_recorded': 81.0, 'risk_n_diagnostics_recorded': 81.0, 'risk_log_obj_initial': 11.284080731822101, 'risk_log_obj_final': 5.154102891763511, 'risk_log_obj_min': 3.2737279151786214, 'risk_obj_initial': 79545.20312500007, 'risk_obj_final': 173.14041137695315, 'risk_obj_min': 26.409608840942383, 'risk_log_obj_drop': 6.12997784005859, 'risk_log_bellman_root_initial': 4.2912218808459786, 'risk_log_bellman_root_final': 1.2188226912551319, 'risk_log_bellman_root_min': 0.233461441894519, 'risk_bellman_root_initial': 73.05567932128906, 'risk_bellman_root_final': 3.383202314376831, 'risk_bellman_root_min': 1.262964129447937, 'risk_bellman_initial': 5337.132281095021, 'risk_bellman_final': 11.446057900004744, 'risk_bellman_min': 1.5950783922721854, 'risk_log_bellman_root_drop': 3.072399189590847, 'risk_bellman_returned': 1.7267446517944336, 'risk_obj_returned': 26.409608840942383, 'risk_returned_step': 3700.0, 'offline_data_id': 30, 'benchmark_point_source': 'fixed_config_plus_support_safe_target_policy_draws', 'target_set_size': 100, 'lambda_reg': 0.005, 'lambda_B': 0.02, 'num_steps': 4000, 'transition_reduction_enabled': 1, 'transition_reduction_method': 'kmeans', 'transition_original_rows': 12000, 'transition_reduced_rows': 3079, 'transition_compression_ratio': 0.25658333333333333, 'target_mass_mean': -3.785114049911499, 'target_mass_min': -6.072265148162842, 'target_mass_max': -0.4414641261100769, 'target_mass_sd': 1.3362441062927246, 'target_mass_rmse_to_target': 4.96638822555542, 'target_beta_min': -0.023805664852261543, 'target_beta_max': 0.05905500054359436, 'target_neg_frac_mean': 0.83745, 'B_num_rows': 3079, 'B_num_cols': 800, 'B_min_dim': 800, 'B_numerical_rank': 800, 'B_rank_fraction': 1.0, 'B_rank_tolerance': 3.056682083535378e-05, 'B_stable_rank': 353.4899597167969, 'B_effective_rank': 771.7102543508968, 'B_entropy_rank': 6.648609161376953, 'B_spectral_norm': 0.08327803760766983, 'B_frobenius_norm': 1.5657377243041992, 'B_nuclear_norm': 42.790611267089844, 'B_condition_number': 3.0657551000312817, 'B_condition_number_tol': 3.0657551000312817, 'B_smallest_singular_value': 0.027163956314325333, 'B_rank_rel_1em2': 800, 'B_rank_rel_1em3': 800, 'B_rank_rel_1em4': 800, 'risk_objective_final_raw': 173.14041137695312, 'risk_objective_min_raw': 26.409608840942383, 'risk_objective_max_raw': 79545.203125, 'risk_bellman_final_raw': 11.446057319641113, 'risk_bellman_min_raw': 1.5950783491134644, 'risk_bellman_max_raw': 5337.13232421875, 'risk_rkhs_ridge_final_raw': 0.025365594774484634, 'risk_rkhs_ridge_min_raw': 0.017852239310741425, 'risk_rkhs_ridge_max_raw': 4.9655327796936035, 'risk_mass_final_raw': 161.6689910888672, 'risk_mass_min_raw': 24.66501235961914, 'risk_mass_max_raw': 74203.109375, 'risk_negativity_final_raw': 0.0, 'risk_negativity_min_raw': 0.0, 'risk_negativity_max_raw': 0.0, 'risk_B_norm_final_raw': 1.5654557943344116, 'risk_B_norm_min_raw': 1.5654557943344116, 'risk_B_norm_max_raw': 1.6383423805236816, 'risk_diagnostic_step_final_raw': 4000.0, 'risk_diagnostic_step_min_raw': 1.0, 'risk_diagnostic_step_max_raw': 4000.0, 'risk_best_step_final_raw': 3700.0, 'risk_best_step_min_raw': 3700.0, 'risk_best_step_max_raw': 3700.0, 'risk_best_objective_final_raw': 26.409608840942383, 'risk_best_objective_min_raw': 26.409608840942383, 'risk_best_objective_max_raw': 26.409608840942383, 'risk_best_bellman_final_raw': 1.7267446517944336, 'risk_best_bellman_min_raw': 1.7267446517944336, 'risk_best_bellman_max_raw': 1.7267446517944336, 'risk_returned_step_final_raw': 3700.0, 'risk_returned_step_min_raw': 3700.0, 'risk_returned_step_max_raw': 3700.0, 'risk_returned_objective_final_raw': 26.409608840942383, 'risk_returned_objective_min_raw': 26.409608840942383, 'risk_returned_objective_max_raw': 26.409608840942383, 'risk_returned_bellman_final_raw': 1.7267446517944336, 'risk_returned_bellman_min_raw': 1.7267446517944336, 'risk_returned_bellman_max_raw': 1.7267446517944336, 'risk_returned_best_checkpoint_final_raw': 1.0, 'risk_returned_best_checkpoint_min_raw': 1.0, 'risk_returned_best_checkpoint_max_raw': 1.0}
Benchmark 0 evaluation grid shape: (800, 3)
Replicate 30, benchmark 0 metrics: {'run_id': '30_b0', 'RMSE': 1.9357141737593648, 'MAE': 1.815040795833338, 'SupNorm': 3.137209951877594, 'Bias': -1.815040795833338, 'Corr': -0.41973694949665386, 'deming_slope': -12.859631261265816, 'deming_intercept': 4.604377541737573, 'beta_sum': -3.3846030235290527, 'beta_l1': 4.3661932945251465, 'beta_l2': 0.18603196740150452, 'beta_min': -0.0179141853004694, 'beta_max': 0.012490468099713326, 'beta_neg_frac': 0.8175, 'offline_data_id': 30, 'benchmark_id': 0, 'benchmark_point_source': 'fixed_config', 'target_set_size': 100, 'benchmark_z_path': 'data/Z_true.pt', 'projected_bellman_test_risk': 0.05015420913696289, 'oracle_embedding_risk': 11.25739860534668, 'benchmark_embedding_risk': 11.25739860534668, 'risk_bellman_final': 11.446057900004744, 'risk_obj_final': 173.14041137695315, 'B_num_rows': 3079, 'B_num_cols': 800, 'B_min_dim': 800, 'B_numerical_rank': 800, 'B_rank_fraction': 1.0, 'B_rank_tolerance': 3.056682083535378e-05, 'B_stable_rank': 353.4899597167969, 'B_effective_rank': 771.7102543508968, 'B_entropy_rank': 6.648609161376953, 'B_spectral_norm': 0.08327803760766983, 'B_frobenius_norm': 1.5657377243041992, 'B_nuclear_norm': 42.790611267089844, 'B_condition_number': 3.0657551000312817, 'B_condition_number_tol': 3.0657551000312817, 'B_smallest_singular_value': 0.027163956314325333, 'B_rank_rel_1em2': 800, 'B_rank_rel_1em3': 800, 'B_rank_rel_1em4': 800}
Saved ./mu/mu_hat.csv shape=(800,)
Saved ./mu/mu2D_hat_dims01.csv shape=(120, 120)
Saved ./mu/mu2D_hat_dims01.csv shape=(120, 120)
Saved plots/replicate_30/mu_3D.png
Benchmark 1 evaluation grid shape: (800, 3)
Replicate 30, benchmark 1 metrics: {'run_id': '30_b1', 'RMSE': 3.8689027377676353, 'MAE': 3.7319784140959382, 'SupNorm': 5.383499562740326, 'Bias': -3.7319784140959382, 'Corr': -0.9833848625448147, 'deming_slope': -8.135885120663154, 'deming_intercept': 0.47929056294607175, 'beta_sum': -6.219252109527588, 'beta_l1': 6.297156810760498, 'beta_l2': 0.23828153312206268, 'beta_min': -0.016496533527970314, 'beta_max': 0.006929319351911545, 'beta_neg_frac': 0.97875, 'offline_data_id': 30, 'benchmark_id': 1, 'benchmark_point_source': 'fixed_config', 'target_set_size': 100, 'benchmark_z_path': 'data/Z_true.pt', 'projected_bellman_test_risk': 1.4979524612426758, 'oracle_embedding_risk': 31.466135025024414, 'benchmark_embedding_risk': 31.466135025024414, 'risk_bellman_final': 11.446057900004744, 'risk_obj_final': 173.14041137695315, 'B_num_rows': 3079, 'B_num_cols': 800, 'B_min_dim': 800, 'B_numerical_rank': 800, 'B_rank_fraction': 1.0, 'B_rank_tolerance': 3.056682083535378e-05, 'B_stable_rank': 353.4899597167969, 'B_effective_rank': 771.7102543508968, 'B_entropy_rank': 6.648609161376953, 'B_spectral_norm': 0.08327803760766983, 'B_frobenius_norm': 1.5657377243041992, 'B_nuclear_norm': 42.790611267089844, 'B_condition_number': 3.0657551000312817, 'B_condition_number_tol': 3.0657551000312817, 'B_smallest_singular_value': 0.027163956314325333, 'B_rank_rel_1em2': 800, 'B_rank_rel_1em3': 800, 'B_rank_rel_1em4': 800}
Benchmark 2 evaluation grid shape: (800, 3)
Replicate 30, benchmark 2 metrics: {'run_id': '30_b2', 'RMSE': 3.7077600630253538, 'MAE': 3.5807322046370245, 'SupNorm': 5.160789787769318, 'Bias': -3.5807322046370245, 'Corr': -0.8836949502251524, 'deming_slope': -9.099581335025892, 'deming_intercept': 1.1703905652684927, 'beta_sum': -5.958222389221191, 'beta_l1': 6.053729057312012, 'beta_l2': 0.2336544245481491, 'beta_min': -0.017709976062178612, 'beta_max': 0.0070738401263952255, 'beta_neg_frac': 0.97375, 'offline_data_id': 30, 'benchmark_id': 2, 'benchmark_point_source': 'fixed_config', 'target_set_size': 100, 'benchmark_z_path': 'data/Z_true.pt', 'projected_bellman_test_risk': 1.2712222337722778, 'oracle_embedding_risk': 29.09654998779297, 'benchmark_embedding_risk': 29.09654998779297, 'risk_bellman_final': 11.446057900004744, 'risk_obj_final': 173.14041137695315, 'B_num_rows': 3079, 'B_num_cols': 800, 'B_min_dim': 800, 'B_numerical_rank': 800, 'B_rank_fraction': 1.0, 'B_rank_tolerance': 3.056682083535378e-05, 'B_stable_rank': 353.4899597167969, 'B_effective_rank': 771.7102543508968, 'B_entropy_rank': 6.648609161376953, 'B_spectral_norm': 0.08327803760766983, 'B_frobenius_norm': 1.5657377243041992, 'B_nuclear_norm': 42.790611267089844, 'B_condition_number': 3.0657551000312817, 'B_condition_number_tol': 3.0657551000312817, 'B_smallest_singular_value': 0.027163956314325333, 'B_rank_rel_1em2': 800, 'B_rank_rel_1em3': 800, 'B_rank_rel_1em4': 800}
Benchmark 3 evaluation grid shape: (800, 3)
Replicate 30, benchmark 3 metrics: {'run_id': '30_b3', 'RMSE': 3.667417039003322, 'MAE': 3.5276727578463034, 'SupNorm': 5.1896103620529175, 'Bias': -3.5276727578463034, 'Corr': -0.9109563095948472, 'deming_slope': -8.816366568216623, 'deming_intercept': 0.986126561976834, 'beta_sum': -5.99482536315918, 'beta_l1': 6.086357116699219, 'beta_l2': 0.2340405136346817, 'beta_min': -0.016948893666267395, 'beta_max': 0.006945937871932983, 'beta_neg_frac': 0.9725, 'offline_data_id': 30, 'benchmark_id': 3, 'benchmark_point_source': 'fixed_config', 'target_set_size': 100, 'benchmark_z_path': 'data/Z_true.pt', 'projected_bellman_test_risk': 1.2636972665786743, 'oracle_embedding_risk': 29.392513275146484, 'benchmark_embedding_risk': 29.392513275146484, 'risk_bellman_final': 11.446057900004744, 'risk_obj_final': 173.14041137695315, 'B_num_rows': 3079, 'B_num_cols': 800, 'B_min_dim': 800, 'B_numerical_rank': 800, 'B_rank_fraction': 1.0, 'B_rank_tolerance': 3.056682083535378e-05, 'B_stable_rank': 353.4899597167969, 'B_effective_rank': 771.7102543508968, 'B_entropy_rank': 6.648609161376953, 'B_spectral_norm': 0.08327803760766983, 'B_frobenius_norm': 1.5657377243041992, 'B_nuclear_norm': 42.790611267089844, 'B_condition_number': 3.0657551000312817, 'B_condition_number_tol': 3.0657551000312817, 'B_smallest_singular_value': 0.027163956314325333, 'B_rank_rel_1em2': 800, 'B_rank_rel_1em3': 800, 'B_rank_rel_1em4': 800}
Benchmark 4 evaluation grid shape: (800, 3)
Replicate 30, benchmark 4 metrics: {'run_id': '30_b4', 'RMSE': 1.3216270176801284, 'MAE': 1.20494252266275, 'SupNorm': 2.5874933898448944, 'Bias': -1.20494252266275, 'Corr': -0.10575840363188, 'deming_slope': -42.51251170898378, 'deming_intercept': 19.174397112784227, 'beta_sum': -2.569819927215576, 'beta_l1': 4.414623737335205, 'beta_l2': 0.20412182807922363, 'beta_min': -0.020531969144940376, 'beta_max': 0.053114451467990875, 'beta_neg_frac': 0.75125, 'offline_data_id': 30, 'benchmark_id': 4, 'benchmark_point_source': 'support_safe_target_policy_draw', 'target_set_size': 100, 'benchmark_z_path': 'data/Z_true.pt', 'projected_bellman_test_risk': 0.02840821072459221, 'oracle_embedding_risk': 7.871039390563965, 'benchmark_embedding_risk': 7.871039390563965, 'risk_bellman_final': 11.446057900004744, 'risk_obj_final': 173.14041137695315, 'B_num_rows': 3079, 'B_num_cols': 800, 'B_min_dim': 800, 'B_numerical_rank': 800, 'B_rank_fraction': 1.0, 'B_rank_tolerance': 3.056682083535378e-05, 'B_stable_rank': 353.4899597167969, 'B_effective_rank': 771.7102543508968, 'B_entropy_rank': 6.648609161376953, 'B_spectral_norm': 0.08327803760766983, 'B_frobenius_norm': 1.5657377243041992, 'B_nuclear_norm': 42.790611267089844, 'B_condition_number': 3.0657551000312817, 'B_condition_number_tol': 3.0657551000312817, 'B_smallest_singular_value': 0.027163956314325333, 'B_rank_rel_1em2': 800, 'B_rank_rel_1em3': 800, 'B_rank_rel_1em4': 800}
Benchmark 5 evaluation grid shape: (800, 3)
Replicate 30, benchmark 5 metrics: {'run_id': '30_b5', 'RMSE': 0.5242097067399502, 'MAE': 0.5091925537634233, 'SupNorm': 0.7151764929294586, 'Bias': -0.5091925537634233, 'Corr': -0.0030092757537813156, 'deming_slope': -0.0023028234431209976, 'deming_intercept': -0.05035912071972787, 'beta_sum': -0.21468998491764069, 'beta_l1': 1.5236579179763794, 'beta_l2': 0.06837646663188934, 'beta_min': -0.006788455881178379, 'beta_max': 0.008097873069345951, 'beta_neg_frac': 0.565, 'offline_data_id': 30, 'benchmark_id': 5, 'benchmark_point_source': 'support_safe_target_policy_draw', 'target_set_size': 100, 'benchmark_z_path': 'data/Z_true.pt', 'projected_bellman_test_risk': 0.15431302785873413, 'oracle_embedding_risk': 1.191398024559021, 'benchmark_embedding_risk': 1.191398024559021, 'risk_bellman_final': 11.446057900004744, 'risk_obj_final': 173.14041137695315, 'B_num_rows': 3079, 'B_num_cols': 800, 'B_min_dim': 800, 'B_numerical_rank': 800, 'B_rank_fraction': 1.0, 'B_rank_tolerance': 3.056682083535378e-05, 'B_stable_rank': 353.4899597167969, 'B_effective_rank': 771.7102543508968, 'B_entropy_rank': 6.648609161376953, 'B_spectral_norm': 0.08327803760766983, 'B_frobenius_norm': 1.5657377243041992, 'B_nuclear_norm': 42.790611267089844, 'B_condition_number': 3.0657551000312817, 'B_condition_number_tol': 3.0657551000312817, 'B_smallest_singular_value': 0.027163956314325333, 'B_rank_rel_1em2': 800, 'B_rank_rel_1em3': 800, 'B_rank_rel_1em4': 800}
Benchmark 6 evaluation grid shape: (800, 3)
Replicate 30, benchmark 6 metrics: {'run_id': '30_b6', 'RMSE': 2.5587644367630866, 'MAE': 2.427572019812651, 'SupNorm': 3.8902740478515625, 'Bias': -2.427572019812651, 'Corr': -0.5962757735027762, 'deming_slope': -10.895142967713058, 'deming_intercept': 3.105283542443193, 'beta_sum': -4.332968235015869, 'beta_l1': 4.850992679595947, 'beta_l2': 0.20272427797317505, 'beta_min': -0.017363442108035088, 'beta_max': 0.009642638266086578, 'beta_neg_frac': 0.8875, 'offline_data_id': 30, 'benchmark_id': 6, 'benchmark_point_source': 'support_safe_target_policy_draw', 'target_set_size': 100, 'benchmark_z_path': 'data/Z_true.pt', 'projected_bellman_test_risk': 0.23085446655750275, 'oracle_embedding_risk': 16.862186431884766, 'benchmark_embedding_risk': 16.862186431884766, 'risk_bellman_final': 11.446057900004744, 'risk_obj_final': 173.14041137695315, 'B_num_rows': 3079, 'B_num_cols': 800, 'B_min_dim': 800, 'B_numerical_rank': 800, 'B_rank_fraction': 1.0, 'B_rank_tolerance': 3.056682083535378e-05, 'B_stable_rank': 353.4899597167969, 'B_effective_rank': 771.7102543508968, 'B_entropy_rank': 6.648609161376953, 'B_spectral_norm': 0.08327803760766983, 'B_frobenius_norm': 1.5657377243041992, 'B_nuclear_norm': 42.790611267089844, 'B_condition_number': 3.0657551000312817, 'B_condition_number_tol': 3.0657551000312817, 'B_smallest_singular_value': 0.027163956314325333, 'B_rank_rel_1em2': 800, 'B_rank_rel_1em3': 800, 'B_rank_rel_1em4': 800}
Benchmark 7 evaluation grid shape: (800, 3)
Replicate 30, benchmark 7 metrics: {'run_id': '30_b7', 'RMSE': 2.531611219231254, 'MAE': 2.3842357438011095, 'SupNorm': 4.022436439990997, 'Bias': -2.3842357438011095, 'Corr': -0.5341385996683614, 'deming_slope': -13.279084379386328, 'deming_intercept': 4.222917746175454, 'beta_sum': -4.442018985748291, 'beta_l1': 5.082596778869629, 'beta_l2': 0.21095791459083557, 'beta_min': -0.019419625401496887, 'beta_max': 0.028822751715779305, 'beta_neg_frac': 0.88625, 'offline_data_id': 30, 'benchmark_id': 7, 'benchmark_point_source': 'support_safe_target_policy_draw', 'target_set_size': 100, 'benchmark_z_path': 'data/Z_true.pt', 'projected_bellman_test_risk': 0.3273489475250244, 'oracle_embedding_risk': 17.967958450317383, 'benchmark_embedding_risk': 17.967958450317383, 'risk_bellman_final': 11.446057900004744, 'risk_obj_final': 173.14041137695315, 'B_num_rows': 3079, 'B_num_cols': 800, 'B_min_dim': 800, 'B_numerical_rank': 800, 'B_rank_fraction': 1.0, 'B_rank_tolerance': 3.056682083535378e-05, 'B_stable_rank': 353.4899597167969, 'B_effective_rank': 771.7102543508968, 'B_entropy_rank': 6.648609161376953, 'B_spectral_norm': 0.08327803760766983, 'B_frobenius_norm': 1.5657377243041992, 'B_nuclear_norm': 42.790611267089844, 'B_condition_number': 3.0657551000312817, 'B_condition_number_tol': 3.0657551000312817, 'B_smallest_singular_value': 0.027163956314325333, 'B_rank_rel_1em2': 800, 'B_rank_rel_1em3': 800, 'B_rank_rel_1em4': 800}
Benchmark 8 evaluation grid shape: (800, 3)
Replicate 30, benchmark 8 metrics: {'run_id': '30_b8', 'RMSE': 1.643118138954633, 'MAE': 1.5576558435265906, 'SupNorm': 2.5596997141838074, 'Bias': -1.5576558435265906, 'Corr': -0.5608193283815547, 'deming_slope': -6.761245184071463, 'deming_intercept': 2.019961616614106, 'beta_sum': -2.551726818084717, 'beta_l1': 3.755875825881958, 'beta_l2': 0.16459040343761444, 'beta_min': -0.016583163291215897, 'beta_max': 0.028293710201978683, 'beta_neg_frac': 0.765, 'offline_data_id': 30, 'benchmark_id': 8, 'benchmark_point_source': 'support_safe_target_policy_draw', 'target_set_size': 100, 'benchmark_z_path': 'data/Z_true.pt', 'projected_bellman_test_risk': 0.2654380798339844, 'oracle_embedding_risk': 7.597779273986816, 'benchmark_embedding_risk': 7.597779273986816, 'risk_bellman_final': 11.446057900004744, 'risk_obj_final': 173.14041137695315, 'B_num_rows': 3079, 'B_num_cols': 800, 'B_min_dim': 800, 'B_numerical_rank': 800, 'B_rank_fraction': 1.0, 'B_rank_tolerance': 3.056682083535378e-05, 'B_stable_rank': 353.4899597167969, 'B_effective_rank': 771.7102543508968, 'B_entropy_rank': 6.648609161376953, 'B_spectral_norm': 0.08327803760766983, 'B_frobenius_norm': 1.5657377243041992, 'B_nuclear_norm': 42.790611267089844, 'B_condition_number': 3.0657551000312817, 'B_condition_number_tol': 3.0657551000312817, 'B_smallest_singular_value': 0.027163956314325333, 'B_rank_rel_1em2': 800, 'B_rank_rel_1em3': 800, 'B_rank_rel_1em4': 800}
Benchmark 9 evaluation grid shape: (800, 3)
Replicate 30, benchmark 9 metrics: {'run_id': '30_b9', 'RMSE': 2.6905657751363736, 'MAE': 2.54804772506468, 'SupNorm': 4.040171205997467, 'Bias': -2.54804772506468, 'Corr': -0.6383665526214374, 'deming_slope': -10.951390729094149, 'deming_intercept': 3.0373079224049824, 'beta_sum': -4.377058029174805, 'beta_l1': 5.108329772949219, 'beta_l2': 0.21474874019622803, 'beta_min': -0.018031472340226173, 'beta_max': 0.031139064580202103, 'beta_neg_frac': 0.8825, 'offline_data_id': 30, 'benchmark_id': 9, 'benchmark_point_source': 'support_safe_target_policy_draw', 'target_set_size': 100, 'benchmark_z_path': 'data/Z_true.pt', 'projected_bellman_test_risk': 0.031087029725313187, 'oracle_embedding_risk': 17.970970153808594, 'benchmark_embedding_risk': 17.970970153808594, 'risk_bellman_final': 11.446057900004744, 'risk_obj_final': 173.14041137695315, 'B_num_rows': 3079, 'B_num_cols': 800, 'B_min_dim': 800, 'B_numerical_rank': 800, 'B_rank_fraction': 1.0, 'B_rank_tolerance': 3.056682083535378e-05, 'B_stable_rank': 353.4899597167969, 'B_effective_rank': 771.7102543508968, 'B_entropy_rank': 6.648609161376953, 'B_spectral_norm': 0.08327803760766983, 'B_frobenius_norm': 1.5657377243041992, 'B_nuclear_norm': 42.790611267089844, 'B_condition_number': 3.0657551000312817, 'B_condition_number_tol': 3.0657551000312817, 'B_smallest_singular_value': 0.027163956314325333, 'B_rank_rel_1em2': 800, 'B_rank_rel_1em3': 800, 'B_rank_rel_1em4': 800}
Replicate 30 finished in 20.8s
Finished combo 4, offline replicate 30.
