Job ID:    2359042
Array idx: 257
CPUs/node: 64
Mem/node:  131072
Using CC = cc 
Using CXX = CC 
Using FC = ftn 
Using F77 = ftn 
Using F90 = ftn 
cuda/12.6.1 is deprecated; loading cudatoolkit/25.5_12.9 instead.
Using CC = /opt/nvidia/hpc_sdk/Linux_aarch64/25.5/compilers/bin/nvc 
Using CXX = /opt/nvidia/hpc_sdk/Linux_aarch64/25.5/compilers/bin/nvc++ 
Using FC = /opt/nvidia/hpc_sdk/Linux_aarch64/25.5/compilers/bin/nvfortran 
Using F77 = /opt/nvidia/hpc_sdk/Linux_aarch64/25.5/compilers/bin/nvfortran 
Using F90 = /opt/nvidia/hpc_sdk/Linux_aarch64/25.5/compilers/bin/nvfortran 
Using CC = /opt/nvidia/hpc_sdk/Linux_aarch64/25.5/compilers/bin/nvc 
Using CXX = /opt/nvidia/hpc_sdk/Linux_aarch64/25.5/compilers/bin/nvc++ 
Using FC = /opt/nvidia/hpc_sdk/Linux_aarch64/25.5/compilers/bin/nvfortran 
Using F77 = /opt/nvidia/hpc_sdk/Linux_aarch64/25.5/compilers/bin/nvfortran 
Using F90 = /opt/nvidia/hpc_sdk/Linux_aarch64/25.5/compilers/bin/nvfortran 

Lmod is automatically replacing "gcc-native/14" with "gcc/14.2.0".

ghx4
0
Tuning combo id: 2 / 6
Offline replicate id: 57 / 99
Installing ke_drl from git: https://github.com/mehrdadmhmdi/ke-drl.git@main
Collecting git+https://github.com/mehrdadmhmdi/ke-drl.git@main
  Cloning https://github.com/mehrdadmhmdi/ke-drl.git (to revision main) to /tmp/pip-req-build-_sfyurji
  Running command git clone --filter=blob:none --quiet https://github.com/mehrdadmhmdi/ke-drl.git /tmp/pip-req-build-_sfyurji
  Resolved https://github.com/mehrdadmhmdi/ke-drl.git to commit 3c5d570e40ea15b1fbe4817b5f43b64c7b333e82
  Installing build dependencies: started
  Installing build dependencies: finished with status 'done'
  Getting requirements to build wheel: started
  Getting requirements to build wheel: finished with status 'done'
  Preparing metadata (pyproject.toml): started
  Preparing metadata (pyproject.toml): finished with status 'done'
Building wheels for collected packages: ke_drl
  Building wheel for ke_drl (pyproject.toml): started
  Building wheel for ke_drl (pyproject.toml): finished with status 'done'
  Created wheel for ke_drl: filename=ke_drl-0.1.0-py3-none-any.whl size=47219 sha256=8c5f8fb2e2be81ad4790798f581a5054b641daa95f79bcb4d3f9dadc906ed78a
  Stored in directory: /tmp/pip-ephem-wheel-cache-opq3n5jc/wheels/24/47/ad/9a4ffd3b05d3e90e35ffc6e7324b735b8bfcf5f51aaf29a333
Successfully built ke_drl
Installing collected packages: ke_drl
Successfully installed ke_drl-0.1.0
Installed ke_drl source: /work/nvme/bfez/mehrdad3/DistRL/simulation_3/runs/sim3_global_2358722_2/.kedrl_site_257/ke_drl/__init__.py
Tuning combo 2: lambda_B_0.00002
Overrides: {'lambda_B': 2e-05}
RUN: /sw/user/python/miniforge3-pytorch-24.11.3/bin/python3 validate_sim_config.py --params params.yaml
ke_drl import source: /work/nvme/bfez/mehrdad3/DistRL/simulation_3/runs/sim3_global_2358722_2/.kedrl_site_257/ke_drl/__init__.py
ke_drl package API OK: prediction weights, RFF operators, rank diagnostics, and best-checkpoint optimizer available
Policy config OK: behavior=uniform, target=logistic, state_dim=5, action_dim=1
Note: policy.logistic.theta_scale/theta_std are log-scale coefficients in Probability_Densities.
Behavior-policy linearized state-process diagnostic: spectral_radius=0.653, offline_burn_in=50
Replicate config OK: num_replicates=100, benchmark points=10 independent of D_i, loss target points=100
Transition reduction OK: method=kmeans, raw rows N(T-1)=12000, target rows about 3000, B rows reduced from 12000 to about 3000
Return-operator approximation OK: method=rff, features=512, exact G avoided for estimated N=12000, m=800, L=100
Fixed benchmark config rows=4 (benchmark.num_points=10; additional points are support-safe target-policy draws if needed)
Fixed benchmark point 0: s_star=[0.6, -0.8, 0.7, -0.5, 0.9], a_star=[0.5]
Fixed benchmark behavior-support interval for configured rows: min_lower=-0.12, max_upper=1.11
Fixed benchmark target-policy location range: [-0.02, 0.14]
Reusing shared data from /work/nvme/bfez/mehrdad3/DistRL/simulation_3/runs/sim3_shared_data/data for offline replicate 57.
RUN: /sw/user/python/miniforge3-pytorch-24.11.3/bin/python3 validate_sim_config.py --params params.yaml --data data/offline_data_57.pt
ke_drl import source: /work/nvme/bfez/mehrdad3/DistRL/simulation_3/runs/sim3_global_2358722_2/.kedrl_site_257/ke_drl/__init__.py
ke_drl package API OK: prediction weights, RFF operators, rank diagnostics, and best-checkpoint optimizer available
Policy config OK: behavior=uniform, target=logistic, state_dim=5, action_dim=1
Note: policy.logistic.theta_scale/theta_std are log-scale coefficients in Probability_Densities.
Behavior-policy linearized state-process diagnostic: spectral_radius=0.653, offline_burn_in=50
Replicate config OK: num_replicates=100, benchmark points=10 independent of D_i, loss target points=100
Transition reduction OK: method=kmeans, raw rows N(T-1)=12000, target rows about 3000, B rows reduced from 12000 to about 3000
Return-operator approximation OK: method=rff, features=512, exact G avoided for estimated N=12000, m=800, L=100
Fixed benchmark config rows=4 (benchmark.num_points=10; additional points are support-safe target-policy draws if needed)
Fixed benchmark point 0: s_star=[0.6, -0.8, 0.7, -0.5, 0.9], a_star=[0.5]
Fixed benchmark behavior-support interval for configured rows: min_lower=-0.12, max_upper=1.11
Fixed benchmark target-policy location range: [-0.02, 0.14]
Full benchmark support check OK: 10 points, min_lower=-2.177, max_upper=2.05
observed behavior actions: mean=0.397, sd=0.6758, q0/q10/q50/q90/q100=[-2.5210723876953125, -0.42448165416717526, 0.33906519412994385, 1.31540904045105, 2.8640241622924805]
target-policy sampled actions: mean=-0.02948, sd=0.6699, q0/q10/q50/q90/q100=[-2.7367533018674752, -0.9024087123267531, -0.02294566178862535, 0.828668566708779, 2.34285115943619]
behavior uniform lower: mean=-0.1301, sd=0.6631, q0/q10/q50/q90/q100=[-2.784036394953728, -0.98785606443882, -0.12755379378795628, 0.72812865793705, 2.1466560482978823]
behavior uniform upper: mean=0.924, sd=0.642, q0/q10/q50/q90/q100=[-0.9389025151729583, 0.07267093509435657, 0.9307412713766099, 1.7584380084276199, 3.1466560482978823]
target location inside behavior uniform support: 0.970
RUN: /sw/user/python/miniforge3-pytorch-24.11.3/bin/python3 main_est.py
# ================================================================ #
#   Global KE-DRL estimation for one offline replicate              #
# ================================================================ #
Slurm Job ID: 2359042
Slurm Array ID: 57 -- used as the offline-replicate id
Offline data id: 57
ke_drl import source: /work/nvme/bfez/mehrdad3/DistRL/simulation_3/runs/sim3_global_2358722_2/.kedrl_site_257/ke_drl/__init__.py
Estimator device: cuda (NVIDIA GH200 120GB, capability 9.0); torch CUDA=13.0
Random seed: 20460569
Number of offline replicates: 100
[transition reduction] enabled: original rows=12000, target basis=3000, method=kmeans, device=cuda
[transition reduction] kmeans iter 1/20, mean center shift=2.7204e-01
[transition reduction] kmeans iter 5/20, mean center shift=3.9223e-03
[transition reduction] kmeans iter 10/20, mean center shift=4.7580e-08
[transition reduction] selected 3076 rows from 12000 transitions (ratio 0.2563); indices saved to data/reduced_transition_indices_57.pt
Data and parameters loaded.
offline path: data/offline_data_57.pt
benchmark true-Z path: data/Z_true.pt
offline shapes after reduction: s0=(3076, 5), a0=(3076, 1), r0=(3076, 3)
transition reduction: {'enabled': True, 'method': 'kmeans', 'original_rows': 12000, 'reduced_rows': 3076, 'selected_indices_path': 'data/reduced_transition_indices_57.pt', 'target_basis': 3000, 'compression_ratio': 0.25633333333333336}
fixed benchmark point source: fixed_config_plus_support_safe_target_policy_draws
benchmark row excluded from this offline data: None
global loss target set shape: s_star=(100, 5), a_star=(100, 1)
benchmark true-Z count=10, shape each=(50000, 3)
target policy: logistic
behavior policy: uniform
lambda_Gamma=0.005, lambda_B=2e-05, d_r_method=song
dtype=torch.float32, operator_method=rff, operator_num_features=512
ridge_mode=rkhs, diagnostic_interval=50
mass_anchor_lambda=1.0, target_mass=1.0
uLSIF basis: source=numerator, n_basis=512, lambda_reg=0.005
optimizer stabilizers: lambda_neg=0.0, max_B_norm=None, eta_clip_min=0.0, eta_clip_max=5.0, normalize_eta=True
========================================
Estimating the global KE-DRL mean embedding
torch device=cuda, dtype=torch.float32
Data dims: N=3076, L=100, Ds=5, Da=1, Dr=3
lambda_Gamma=0.005, lambda_B=2e-05
return-operator construction: method=rff, rff_features=512
[uLSIF] basis=512/3076 (numerator); eta_hat min=-7.703e-01 max=4.614e+00 neg%=3.84
ESS for eta_plus: 2170.3 / 3076
eta_plus diagnostics: raw_mean=0.998, raw_min=-0.77, raw_max=4.61; used_mean=1, used_min=0, used_max=4.59
[timing] Z-grid: 0.03s
[timing] K_X: 0.00s
[timing] K_plus: 0.00s
[timing] k_star: 0.00s
[timing] Gamma_stack: 0.01s
[timing] Phi_stack: 0.00s
[timing] RFF feature sample: 0.00s
[timing] K_Z RFF: 0.00s
[timing] G_stack RFF: 0.01s
[timing] H_stack RFF: 0.01s
findfont: Font family 'Nimbus Roman' not found.
findfont: Font family 'Nimbus Roman' not found.
findfont: Font family 'Nimbus Roman' not found.
findfont: Font family 'Nimbus Roman' not found.
findfont: Font family 'Nimbus Roman' not found.
findfont: Font family 'Nimbus Roman' not found.
findfont: Font family 'Nimbus Roman' not found.
findfont: Font family 'Nimbus Roman' not found.
findfont: Font family 'Nimbus Roman' not found.
findfont: Font family 'Nimbus Roman' not found.
findfont: Font family 'Nimbus Roman' not found.
findfont: Font family 'Nimbus Roman' not found.
findfont: Font family 'Nimbus Roman' not found.
findfont: Font family 'Nimbus Roman' not found.
findfont: Font family 'Nimbus Roman' not found.
findfont: Font family 'Nimbus Roman' not found.
findfont: Font family 'Nimbus Roman' not found.
findfont: Font family 'Nimbus Roman' not found.
findfont: Font family 'Nimbus Roman' not found.
findfont: Font family 'Nimbus Roman' not found.
findfont: Font family 'Nimbus Roman' not found.
findfont: Font family 'Nimbus Roman' not found.
findfont: Font family 'Nimbus Roman' not found.
findfont: Font family 'Nimbus Roman' not found.
findfont: Font family 'Nimbus Roman' not found.
findfont: Font family 'Nimbus Roman' not found.
findfont: Font family 'Nimbus Roman' not found.
findfont: Font family 'Nimbus Roman' not found.
findfont: Font family 'Nimbus Roman' not found.
findfont: Font family 'Nimbus Roman' not found.
findfont: Font family 'Nimbus Roman' not found.
findfont: Font family 'Nimbus Roman' not found.
findfont: Font family 'Nimbus Roman' not found.
findfont: Font family 'Nimbus Roman' not found.
findfont: Font family 'Nimbus Roman' not found.
findfont: Font family 'Nimbus Roman' not found.
findfont: Font family 'Nimbus Roman' not found.
findfont: Font family 'Nimbus Roman' not found.
findfont: Font family 'Nimbus Roman' not found.
findfont: Font family 'Nimbus Roman' not found.
findfont: Font family 'Nimbus Roman' not found.
findfont: Font family 'Nimbus Roman' not found.
findfont: Font family 'Nimbus Roman' not found.
findfont: Font family 'Nimbus Roman' not found.
findfont: Font family 'Nimbus Roman' not found.
findfont: Font family 'Nimbus Roman' not found.
findfont: Font family 'Nimbus Roman' not found.
findfont: Font family 'Nimbus Roman' not found.
findfont: Font family ['Nimbus Roman'] not found. Falling back to DejaVu Sans.
findfont: Font family 'Nimbus Roman' not found.
findfont: Font family ['Nimbus Roman'] not found. Falling back to DejaVu Sans.
findfont: Font family 'Nimbus Roman' not found.
findfont: Font family 'Nimbus Roman' not found.
findfont: Font family 'Nimbus Roman' not found.
findfont: Font family 'Nimbus Roman' not found.
findfont: Font family 'Nimbus Roman' not found.
findfont: Font family 'Nimbus Roman' not found.
findfont: Font family 'Nimbus Roman' not found.
findfont: Font family 'Nimbus Roman' not found.
findfont: Font family 'Nimbus Roman' not found.
findfont: Font family 'Nimbus Roman' not found.
findfont: Font family 'Nimbus Roman' not found.
findfont: Font family 'Nimbus Roman' not found.
findfont: Font family ['Nimbus Roman'] not found. Falling back to DejaVu Sans.
findfont: Font family 'Nimbus Roman' not found.
findfont: Font family 'Nimbus Roman' not found.
findfont: Font family 'Nimbus Roman' not found.
findfont: Font family 'Nimbus Roman' not found.
findfont: Font family 'Nimbus Roman' not found.
findfont: Font family 'Nimbus Roman' not found.
findfont: Font family 'Nimbus Roman' not found.
findfont: Font family 'Nimbus Roman' not found.
findfont: Font family 'Nimbus Roman' not found.
findfont: Font family 'Nimbus Roman' not found.
findfont: Font family 'Nimbus Roman' not found.
findfont: Font family 'Nimbus Roman' not found.
findfont: Font family 'Nimbus Roman' not found.
findfont: Font family 'Nimbus Roman' not found.
findfont: Font family 'Nimbus Roman' not found.
findfont: Font family 'Nimbus Roman' not found.
findfont: Font family 'Nimbus Roman' not found.
findfont: Font family 'Nimbus Roman' not found.
findfont: Font family 'Nimbus Roman' not found.
findfont: Font family 'Nimbus Roman' not found.
findfont: Font family 'Nimbus Roman' not found.
findfont: Font family 'Nimbus Roman' not found.
findfont: Font family 'Nimbus Roman' not found.
findfont: Font family 'Nimbus Roman' not found.
findfont: Font family 'Nimbus Roman' not found.
findfont: Font family 'Nimbus Roman' not found.
findfont: Font family 'Nimbus Roman' not found.
findfont: Font family 'Nimbus Roman' not found.
findfont: Font family 'Nimbus Roman' not found.
findfont: Font family 'Nimbus Roman' not found.
findfont: Font family 'Nimbus Roman' not found.
findfont: Font family 'Nimbus Roman' not found.
findfont: Font family 'Nimbus Roman' not found.
findfont: Font family 'Nimbus Roman' not found.
findfont: Font family 'Nimbus Roman' not found.
findfont: Font family 'Nimbus Roman' not found.
findfont: Font family 'Nimbus Roman' not found.
findfont: Font family 'Nimbus Roman' not found.
findfont: Font family 'Nimbus Roman' not found.
findfont: Font family 'Nimbus Roman' not found.
findfont: Font family 'Nimbus Roman' not found.
findfont: Font family 'Nimbus Roman' not found.
findfont: Font family 'Nimbus Roman' not found.
findfont: Font family 'Nimbus Roman' not found.
findfont: Font family 'Nimbus Roman' not found.
findfont: Font family 'Nimbus Roman' not found.
findfont: Font family 'Nimbus Roman' not found.
findfont: Font family 'Nimbus Roman' not found.
findfont: Font family 'Nimbus Roman' not found.
findfont: Font family 'Nimbus Roman' not found.
findfont: Font family 'Nimbus Roman' not found.
findfont: Font family 'Nimbus Roman' not found.
findfont: Font family 'Nimbus Roman' not found.
findfont: Font family 'Nimbus Roman' not found.
findfont: Font family 'Nimbus Roman' not found.
findfont: Font family 'Nimbus Roman' not found.
findfont: Font family 'Nimbus Roman' not found.
findfont: Font family 'Nimbus Roman' not found.
findfont: Font family 'Nimbus Roman' not found.
findfont: Font family 'Nimbus Roman' not found.
findfont: Font family 'Nimbus Roman' not found.
findfont: Font family 'Nimbus Roman' not found.
findfont: Font family 'Nimbus Roman' not found.
findfont: Font family 'Nimbus Roman' not found.
findfont: Font family 'Nimbus Roman' not found.
findfont: Font family 'Nimbus Roman' not found.
findfont: Font family 'Nimbus Roman' not found.
findfont: Font family 'Nimbus Roman' not found.
findfont: Font family 'Nimbus Roman' not found.
findfont: Font family 'Nimbus Roman' not found.
findfont: Font family 'Nimbus Roman' not found.
findfont: Font family 'Nimbus Roman' not found.
findfont: Font family 'Nimbus Roman' not found.
findfont: Font family 'Nimbus Roman' not found.
findfont: Font family 'Nimbus Roman' not found.
findfont: Font family 'Nimbus Roman' not found.
findfont: Font family 'Nimbus Roman' not found.
findfont: Font family 'Nimbus Roman' not found.
findfont: Font family 'Nimbus Roman' not found.
findfont: Font family 'Nimbus Roman' not found.
findfont: Font family 'Nimbus Roman' not found.
findfont: Font family 'Nimbus Roman' not found.
findfont: Font family 'Nimbus Roman' not found.
findfont: Font family 'Nimbus Roman' not found.
findfont: Font family 'Nimbus Roman' not found.
Ridge mode: rkhs; diagnostic interval: 50
Iter 1/4000 | log_obj=9.941e+00 | log_Bellman_root=3.494e+00 | mass=1.97e+04 | neg=0.00e+00 | grad=7.06e+02
Iter 400/4000 | log_obj=4.294e+00 | log_Bellman_root=6.606e-01 | mass=6.95e+01 | neg=0.00e+00 | grad=1.20e+04
Iter 800/4000 | log_obj=4.928e+00 | log_Bellman_root=9.787e-01 | mass=1.31e+02 | neg=0.00e+00 | grad=7.43e+03
Iter 1200/4000 | log_obj=4.431e+00 | log_Bellman_root=7.344e-01 | mass=7.97e+01 | neg=0.00e+00 | grad=1.47e+03
Iter 1600/4000 | log_obj=3.919e+00 | log_Bellman_root=4.750e-01 | mass=4.78e+01 | neg=0.00e+00 | grad=2.81e+03
Iter 2000/4000 | log_obj=3.952e+00 | log_Bellman_root=4.968e-01 | mass=4.94e+01 | neg=0.00e+00 | grad=8.02e+03
Iter 2400/4000 | log_obj=2.922e+00 | log_Bellman_root=-2.357e-02 | mass=1.76e+01 | neg=0.00e+00 | grad=2.19e+03
Iter 2800/4000 | log_obj=2.922e+00 | log_Bellman_root=-2.347e-02 | mass=1.76e+01 | neg=0.00e+00 | grad=2.19e+03
Iter 3200/4000 | log_obj=2.922e+00 | log_Bellman_root=-2.343e-02 | mass=1.76e+01 | neg=0.00e+00 | grad=2.20e+03
Iter 3600/4000 | log_obj=-1.979e+00 | log_Bellman_root=-2.210e+00 | mass=1.26e-01 | neg=0.00e+00 | grad=4.03e+02
Iter 4000/4000 | log_obj=-1.977e+00 | log_Bellman_root=-2.223e+00 | mass=1.27e-01 | neg=0.00e+00 | grad=4.02e+02
Returning best diagnostic checkpoint from step 3300 (objective=2.745e-02, Bellman=6.359e-03).
Done in 12.30s.
KE-DRL global estimation is done.
B_hat shape: (3076, 800)
B_hat rank diagnostics: {'B_num_rows': 3076, 'B_num_cols': 800, 'B_min_dim': 800, 'B_numerical_rank': 800, 'B_rank_fraction': 1.0, 'B_rank_tolerance': 3.311651817128336e-05, 'B_stable_rank': 302.0961608886719, 'B_effective_rank': 771.7529412259162, 'B_entropy_rank': 6.648664474487305, 'B_spectral_norm': 0.09031257778406143, 'B_frobenius_norm': 1.569715142250061, 'B_nuclear_norm': 42.90113067626953, 'B_condition_number': 3.304468770592787, 'B_condition_number_tol': 3.304468770592787, 'B_smallest_singular_value': 0.027330437675118446, 'B_rank_rel_1em2': 800, 'B_rank_rel_1em3': 800, 'B_rank_rel_1em4': 800}
Global-loss target mass diagnostics: {'target_mass_mean': 1.130455493927002, 'target_mass_min': 0.8897317051887512, 'target_mass_max': 1.2254421710968018, 'target_mass_sd': 0.06375095248222351, 'target_mass_rmse_to_target': 0.14505918323993683, 'target_beta_min': -0.06068147346377373, 'target_beta_max': 0.06668321043252945, 'target_neg_frac_mean': 0.44633749999999994}
Return dictionary Z_grid shape: (800, 3)
Replicate 57 risk metrics: {'risk_n_steps_recorded': 81.0, 'risk_n_diagnostics_recorded': 81.0, 'risk_log_obj_initial': 9.940561751586298, 'risk_log_obj_final': -1.9774985814006387, 'risk_log_obj_min': -3.5954028542801506, 'risk_obj_initial': 20755.400390625015, 'risk_obj_final': 0.13841503858566284, 'risk_obj_min': 0.02744962275028229, 'risk_log_obj_drop': 11.918060332986936, 'risk_log_bellman_root_initial': 3.494312975761924, 'risk_log_bellman_root_final': -2.2232195536679096, 'risk_log_bellman_root_min': -2.5289336352628373, 'risk_bellman_root_initial': 32.92765808105469, 'risk_bellman_root_final': 0.10825999826192854, 'risk_bellman_root_min': 0.07974401116371155, 'risk_bellman_initial': 1084.230666702846, 'risk_bellman_final': 0.011720227223672771, 'risk_bellman_min': 0.006359107316478151, 'risk_log_bellman_root_drop': 5.717532529429834, 'risk_bellman_returned': 0.006359107326716185, 'risk_obj_returned': 0.027449622750282288, 'risk_returned_step': 3300.0, 'offline_data_id': 57, 'benchmark_point_source': 'fixed_config_plus_support_safe_target_policy_draws', 'target_set_size': 100, 'lambda_reg': 0.005, 'lambda_B': 2e-05, 'num_steps': 4000, 'transition_reduction_enabled': 1, 'transition_reduction_method': 'kmeans', 'transition_original_rows': 12000, 'transition_reduced_rows': 3076, 'transition_compression_ratio': 0.25633333333333336, 'target_mass_mean': 1.130455493927002, 'target_mass_min': 0.8897317051887512, 'target_mass_max': 1.2254421710968018, 'target_mass_sd': 0.06375095248222351, 'target_mass_rmse_to_target': 0.14505918323993683, 'target_beta_min': -0.06068147346377373, 'target_beta_max': 0.06668321043252945, 'target_neg_frac_mean': 0.44633749999999994, 'B_num_rows': 3076, 'B_num_cols': 800, 'B_min_dim': 800, 'B_numerical_rank': 800, 'B_rank_fraction': 1.0, 'B_rank_tolerance': 3.311651817128336e-05, 'B_stable_rank': 302.0961608886719, 'B_effective_rank': 771.7529412259162, 'B_entropy_rank': 6.648664474487305, 'B_spectral_norm': 0.09031257778406143, 'B_frobenius_norm': 1.569715142250061, 'B_nuclear_norm': 42.90113067626953, 'B_condition_number': 3.304468770592787, 'B_condition_number_tol': 3.304468770592787, 'B_smallest_singular_value': 0.027330437675118446, 'B_rank_rel_1em2': 800, 'B_rank_rel_1em3': 800, 'B_rank_rel_1em4': 800, 'risk_objective_final_raw': 0.13841503858566284, 'risk_objective_min_raw': 0.027449622750282288, 'risk_objective_max_raw': 20755.400390625, 'risk_bellman_final_raw': 0.011720228008925915, 'risk_bellman_min_raw': 0.006359107326716185, 'risk_bellman_max_raw': 1084.2305908203125, 'risk_rkhs_ridge_final_raw': 4.8695048462832347e-05, 'risk_rkhs_ridge_min_raw': 4.8120673454832286e-05, 'risk_rkhs_ridge_max_raw': 0.002282251138240099, 'risk_mass_final_raw': 0.12664611637592316, 'risk_mass_min_raw': 0.02104216441512108, 'risk_mass_max_raw': 19671.16796875, 'risk_negativity_final_raw': 0.0, 'risk_negativity_min_raw': 0.0, 'risk_negativity_max_raw': 0.0, 'risk_B_norm_final_raw': 1.5700654983520508, 'risk_B_norm_min_raw': 1.5686228275299072, 'risk_B_norm_max_raw': 1.6373908519744873, 'risk_diagnostic_step_final_raw': 4000.0, 'risk_diagnostic_step_min_raw': 1.0, 'risk_diagnostic_step_max_raw': 4000.0, 'risk_best_step_final_raw': 3300.0, 'risk_best_step_min_raw': 3300.0, 'risk_best_step_max_raw': 3300.0, 'risk_best_objective_final_raw': 0.027449622750282288, 'risk_best_objective_min_raw': 0.027449622750282288, 'risk_best_objective_max_raw': 0.027449622750282288, 'risk_best_bellman_final_raw': 0.006359107326716185, 'risk_best_bellman_min_raw': 0.006359107326716185, 'risk_best_bellman_max_raw': 0.006359107326716185, 'risk_returned_step_final_raw': 3300.0, 'risk_returned_step_min_raw': 3300.0, 'risk_returned_step_max_raw': 3300.0, 'risk_returned_objective_final_raw': 0.027449622750282288, 'risk_returned_objective_min_raw': 0.027449622750282288, 'risk_returned_objective_max_raw': 0.027449622750282288, 'risk_returned_bellman_final_raw': 0.006359107326716185, 'risk_returned_bellman_min_raw': 0.006359107326716185, 'risk_returned_bellman_max_raw': 0.006359107326716185, 'risk_returned_best_checkpoint_final_raw': 1.0, 'risk_returned_best_checkpoint_min_raw': 1.0, 'risk_returned_best_checkpoint_max_raw': 1.0}
Benchmark 0 evaluation grid shape: (800, 3)
Replicate 57, benchmark 0 metrics: {'run_id': '57_b0', 'RMSE': 0.06635757167985647, 'MAE': 0.057310413618761234, 'SupNorm': 0.12883377075195312, 'Bias': -0.009048645999937434, 'Corr': 0.7933774617757797, 'deming_slope': 1.1518570853847625, 'deming_intercept': -0.04886850412829602, 'beta_sum': 1.0757725238800049, 'beta_l1': 6.53879976272583, 'beta_l2': 0.2902669608592987, 'beta_min': -0.029817983508110046, 'beta_max': 0.035701021552085876, 'beta_neg_frac': 0.43375, 'offline_data_id': 57, 'benchmark_id': 0, 'benchmark_point_source': 'fixed_config', 'target_set_size': 100, 'benchmark_z_path': 'data/Z_true.pt', 'projected_bellman_test_risk': 0.02409426122903824, 'oracle_embedding_risk': 0.7885748147964478, 'benchmark_embedding_risk': 0.7885748147964478, 'risk_bellman_final': 0.011720227223672771, 'risk_obj_final': 0.13841503858566284, 'B_num_rows': 3076, 'B_num_cols': 800, 'B_min_dim': 800, 'B_numerical_rank': 800, 'B_rank_fraction': 1.0, 'B_rank_tolerance': 3.311651817128336e-05, 'B_stable_rank': 302.0961608886719, 'B_effective_rank': 771.7529412259162, 'B_entropy_rank': 6.648664474487305, 'B_spectral_norm': 0.09031257778406143, 'B_frobenius_norm': 1.569715142250061, 'B_nuclear_norm': 42.90113067626953, 'B_condition_number': 3.304468770592787, 'B_condition_number_tol': 3.304468770592787, 'B_smallest_singular_value': 0.027330437675118446, 'B_rank_rel_1em2': 800, 'B_rank_rel_1em3': 800, 'B_rank_rel_1em4': 800}
Saved ./mu/mu_hat.csv shape=(800,)
Saved ./mu/mu2D_hat_dims01.csv shape=(120, 120)
Saved ./mu/mu2D_hat_dims01.csv shape=(120, 120)
Saved plots/replicate_57/mu_3D.png
Benchmark 1 evaluation grid shape: (800, 3)
Replicate 57, benchmark 1 metrics: {'run_id': '57_b1', 'RMSE': 0.09321942721800275, 'MAE': 0.08169958696642425, 'SupNorm': 0.1678723394870758, 'Bias': 0.08158968084084335, 'Corr': 0.9879338421229183, 'deming_slope': 1.438582328341785, 'deming_intercept': -0.032676050463085804, 'beta_sum': 1.180914282798767, 'beta_l1': 12.796340942382812, 'beta_l2': 0.560872495174408, 'beta_min': -0.05824614316225052, 'beta_max': 0.0677589476108551, 'beta_neg_frac': 0.46375, 'offline_data_id': 57, 'benchmark_id': 1, 'benchmark_point_source': 'fixed_config', 'target_set_size': 100, 'benchmark_z_path': 'data/Z_true.pt', 'projected_bellman_test_risk': 0.020328400656580925, 'oracle_embedding_risk': 0.7748426198959351, 'benchmark_embedding_risk': 0.7748426198959351, 'risk_bellman_final': 0.011720227223672771, 'risk_obj_final': 0.13841503858566284, 'B_num_rows': 3076, 'B_num_cols': 800, 'B_min_dim': 800, 'B_numerical_rank': 800, 'B_rank_fraction': 1.0, 'B_rank_tolerance': 3.311651817128336e-05, 'B_stable_rank': 302.0961608886719, 'B_effective_rank': 771.7529412259162, 'B_entropy_rank': 6.648664474487305, 'B_spectral_norm': 0.09031257778406143, 'B_frobenius_norm': 1.569715142250061, 'B_nuclear_norm': 42.90113067626953, 'B_condition_number': 3.304468770592787, 'B_condition_number_tol': 3.304468770592787, 'B_smallest_singular_value': 0.027330437675118446, 'B_rank_rel_1em2': 800, 'B_rank_rel_1em3': 800, 'B_rank_rel_1em4': 800}
Benchmark 2 evaluation grid shape: (800, 3)
Replicate 57, benchmark 2 metrics: {'run_id': '57_b2', 'RMSE': 0.09957938074800239, 'MAE': 0.08600452983053401, 'SupNorm': 0.18173354864120483, 'Bias': 0.08551269677700475, 'Corr': 0.9677249277297806, 'deming_slope': 1.4738712316209122, 'deming_intercept': -0.04150070835170877, 'beta_sum': 1.2132902145385742, 'beta_l1': 12.347375869750977, 'beta_l2': 0.5432562828063965, 'beta_min': -0.053101733326911926, 'beta_max': 0.06891028583049774, 'beta_neg_frac': 0.45, 'offline_data_id': 57, 'benchmark_id': 2, 'benchmark_point_source': 'fixed_config', 'target_set_size': 100, 'benchmark_z_path': 'data/Z_true.pt', 'projected_bellman_test_risk': 0.019763169810175896, 'oracle_embedding_risk': 0.779424786567688, 'benchmark_embedding_risk': 0.779424786567688, 'risk_bellman_final': 0.011720227223672771, 'risk_obj_final': 0.13841503858566284, 'B_num_rows': 3076, 'B_num_cols': 800, 'B_min_dim': 800, 'B_numerical_rank': 800, 'B_rank_fraction': 1.0, 'B_rank_tolerance': 3.311651817128336e-05, 'B_stable_rank': 302.0961608886719, 'B_effective_rank': 771.7529412259162, 'B_entropy_rank': 6.648664474487305, 'B_spectral_norm': 0.09031257778406143, 'B_frobenius_norm': 1.569715142250061, 'B_nuclear_norm': 42.90113067626953, 'B_condition_number': 3.304468770592787, 'B_condition_number_tol': 3.304468770592787, 'B_smallest_singular_value': 0.027330437675118446, 'B_rank_rel_1em2': 800, 'B_rank_rel_1em3': 800, 'B_rank_rel_1em4': 800}
Benchmark 3 evaluation grid shape: (800, 3)
Replicate 57, benchmark 3 metrics: {'run_id': '57_b3', 'RMSE': 0.09845565551266913, 'MAE': 0.08538441749522463, 'SupNorm': 0.1828186810016632, 'Bias': 0.08530300688464194, 'Corr': 0.9794378560279449, 'deming_slope': 1.4654575084255272, 'deming_intercept': -0.035366873018227774, 'beta_sum': 1.2144575119018555, 'beta_l1': 12.175193786621094, 'beta_l2': 0.5361810326576233, 'beta_min': -0.05221911147236824, 'beta_max': 0.0625673457980156, 'beta_neg_frac': 0.4575, 'offline_data_id': 57, 'benchmark_id': 3, 'benchmark_point_source': 'fixed_config', 'target_set_size': 100, 'benchmark_z_path': 'data/Z_true.pt', 'projected_bellman_test_risk': 0.020099081099033356, 'oracle_embedding_risk': 0.7810592651367188, 'benchmark_embedding_risk': 0.7810592651367188, 'risk_bellman_final': 0.011720227223672771, 'risk_obj_final': 0.13841503858566284, 'B_num_rows': 3076, 'B_num_cols': 800, 'B_min_dim': 800, 'B_numerical_rank': 800, 'B_rank_fraction': 1.0, 'B_rank_tolerance': 3.311651817128336e-05, 'B_stable_rank': 302.0961608886719, 'B_effective_rank': 771.7529412259162, 'B_entropy_rank': 6.648664474487305, 'B_spectral_norm': 0.09031257778406143, 'B_frobenius_norm': 1.569715142250061, 'B_nuclear_norm': 42.90113067626953, 'B_condition_number': 3.304468770592787, 'B_condition_number_tol': 3.304468770592787, 'B_smallest_singular_value': 0.027330437675118446, 'B_rank_rel_1em2': 800, 'B_rank_rel_1em3': 800, 'B_rank_rel_1em4': 800}
Benchmark 4 evaluation grid shape: (800, 3)
Replicate 57, benchmark 4 metrics: {'run_id': '57_b4', 'RMSE': 0.09715619007888056, 'MAE': 0.08295178612519521, 'SupNorm': 0.1935141235589981, 'Bias': -0.04893016163550783, 'Corr': 0.6207407439032869, 'deming_slope': 1.0639305954614304, 'deming_intercept': -0.06597435781250052, 'beta_sum': 1.2188090085983276, 'beta_l1': 5.985268592834473, 'beta_l2': 0.2736093997955322, 'beta_min': -0.02517477050423622, 'beta_max': 0.04324872046709061, 'beta_neg_frac': 0.44875, 'offline_data_id': 57, 'benchmark_id': 4, 'benchmark_point_source': 'support_safe_target_policy_draw', 'target_set_size': 100, 'benchmark_z_path': 'data/Z_true.pt', 'projected_bellman_test_risk': 0.020275939255952835, 'oracle_embedding_risk': 0.8407779335975647, 'benchmark_embedding_risk': 0.8407779335975647, 'risk_bellman_final': 0.011720227223672771, 'risk_obj_final': 0.13841503858566284, 'B_num_rows': 3076, 'B_num_cols': 800, 'B_min_dim': 800, 'B_numerical_rank': 800, 'B_rank_fraction': 1.0, 'B_rank_tolerance': 3.311651817128336e-05, 'B_stable_rank': 302.0961608886719, 'B_effective_rank': 771.7529412259162, 'B_entropy_rank': 6.648664474487305, 'B_spectral_norm': 0.09031257778406143, 'B_frobenius_norm': 1.569715142250061, 'B_nuclear_norm': 42.90113067626953, 'B_condition_number': 3.304468770592787, 'B_condition_number_tol': 3.304468770592787, 'B_smallest_singular_value': 0.027330437675118446, 'B_rank_rel_1em2': 800, 'B_rank_rel_1em3': 800, 'B_rank_rel_1em4': 800}
Benchmark 5 evaluation grid shape: (800, 3)
Replicate 57, benchmark 5 metrics: {'run_id': '57_b5', 'RMSE': 0.2618675426832169, 'MAE': 0.2457361027137904, 'SupNorm': 0.41333379596471786, 'Bias': -0.2457361027137904, 'Corr': 0.5061188940912065, 'deming_slope': 0.030625866195747826, 'deming_intercept': 0.0033781255936260936, 'beta_sum': 0.10271864384412766, 'beta_l1': 0.6792426109313965, 'beta_l2': 0.030375532805919647, 'beta_min': -0.004334917291998863, 'beta_max': 0.0033539235591888428, 'beta_neg_frac': 0.45625, 'offline_data_id': 57, 'benchmark_id': 5, 'benchmark_point_source': 'support_safe_target_policy_draw', 'target_set_size': 100, 'benchmark_z_path': 'data/Z_true.pt', 'projected_bellman_test_risk': 0.0018267302075400949, 'oracle_embedding_risk': 0.9790374040603638, 'benchmark_embedding_risk': 0.9790374040603638, 'risk_bellman_final': 0.011720227223672771, 'risk_obj_final': 0.13841503858566284, 'B_num_rows': 3076, 'B_num_cols': 800, 'B_min_dim': 800, 'B_numerical_rank': 800, 'B_rank_fraction': 1.0, 'B_rank_tolerance': 3.311651817128336e-05, 'B_stable_rank': 302.0961608886719, 'B_effective_rank': 771.7529412259162, 'B_entropy_rank': 6.648664474487305, 'B_spectral_norm': 0.09031257778406143, 'B_frobenius_norm': 1.569715142250061, 'B_nuclear_norm': 42.90113067626953, 'B_condition_number': 3.304468770592787, 'B_condition_number_tol': 3.304468770592787, 'B_smallest_singular_value': 0.027330437675118446, 'B_rank_rel_1em2': 800, 'B_rank_rel_1em3': 800, 'B_rank_rel_1em4': 800}
Benchmark 6 evaluation grid shape: (800, 3)
Replicate 57, benchmark 6 metrics: {'run_id': '57_b6', 'RMSE': 0.0645777575788891, 'MAE': 0.05275794747110922, 'SupNorm': 0.1461257040500641, 'Bias': 0.02774740786466282, 'Corr': 0.8680906403831152, 'deming_slope': 1.2621851471022092, 'deming_intercept': -0.041467160837628636, 'beta_sum': 1.1526763439178467, 'beta_l1': 8.343788146972656, 'beta_l2': 0.36792275309562683, 'beta_min': -0.032443318516016006, 'beta_max': 0.048177093267440796, 'beta_neg_frac': 0.43875, 'offline_data_id': 57, 'benchmark_id': 6, 'benchmark_point_source': 'support_safe_target_policy_draw', 'target_set_size': 100, 'benchmark_z_path': 'data/Z_true.pt', 'projected_bellman_test_risk': 0.012400142848491669, 'oracle_embedding_risk': 0.778825044631958, 'benchmark_embedding_risk': 0.778825044631958, 'risk_bellman_final': 0.011720227223672771, 'risk_obj_final': 0.13841503858566284, 'B_num_rows': 3076, 'B_num_cols': 800, 'B_min_dim': 800, 'B_numerical_rank': 800, 'B_rank_fraction': 1.0, 'B_rank_tolerance': 3.311651817128336e-05, 'B_stable_rank': 302.0961608886719, 'B_effective_rank': 771.7529412259162, 'B_entropy_rank': 6.648664474487305, 'B_spectral_norm': 0.09031257778406143, 'B_frobenius_norm': 1.569715142250061, 'B_nuclear_norm': 42.90113067626953, 'B_condition_number': 3.304468770592787, 'B_condition_number_tol': 3.304468770592787, 'B_smallest_singular_value': 0.027330437675118446, 'B_rank_rel_1em2': 800, 'B_rank_rel_1em3': 800, 'B_rank_rel_1em4': 800}
Benchmark 7 evaluation grid shape: (800, 3)
Replicate 57, benchmark 7 metrics: {'run_id': '57_b7', 'RMSE': 0.058943949359217845, 'MAE': 0.048184592523030007, 'SupNorm': 0.13956110179424286, 'Bias': 0.01679921832459513, 'Corr': 0.8583945234872494, 'deming_slope': 1.2146079060089048, 'deming_intercept': -0.03931757108950834, 'beta_sum': 1.1221764087677002, 'beta_l1': 8.391200065612793, 'beta_l2': 0.37197965383529663, 'beta_min': -0.03665255010128021, 'beta_max': 0.048234324902296066, 'beta_neg_frac': 0.44375, 'offline_data_id': 57, 'benchmark_id': 7, 'benchmark_point_source': 'support_safe_target_policy_draw', 'target_set_size': 100, 'benchmark_z_path': 'data/Z_true.pt', 'projected_bellman_test_risk': 0.012766541913151741, 'oracle_embedding_risk': 0.7793688178062439, 'benchmark_embedding_risk': 0.7793688178062439, 'risk_bellman_final': 0.011720227223672771, 'risk_obj_final': 0.13841503858566284, 'B_num_rows': 3076, 'B_num_cols': 800, 'B_min_dim': 800, 'B_numerical_rank': 800, 'B_rank_fraction': 1.0, 'B_rank_tolerance': 3.311651817128336e-05, 'B_stable_rank': 302.0961608886719, 'B_effective_rank': 771.7529412259162, 'B_entropy_rank': 6.648664474487305, 'B_spectral_norm': 0.09031257778406143, 'B_frobenius_norm': 1.569715142250061, 'B_nuclear_norm': 42.90113067626953, 'B_condition_number': 3.304468770592787, 'B_condition_number_tol': 3.304468770592787, 'B_smallest_singular_value': 0.027330437675118446, 'B_rank_rel_1em2': 800, 'B_rank_rel_1em3': 800, 'B_rank_rel_1em4': 800}
Benchmark 8 evaluation grid shape: (800, 3)
Replicate 57, benchmark 8 metrics: {'run_id': '57_b8', 'RMSE': 0.08762307283998064, 'MAE': 0.07818090172950179, 'SupNorm': 0.15086963772773743, 'Bias': -0.07791310512926429, 'Corr': 0.9397891349227459, 'deming_slope': 0.6953958916936793, 'deming_intercept': 0.0014344929144418372, 'beta_sum': 0.7726070880889893, 'beta_l1': 4.177645683288574, 'beta_l2': 0.18721584975719452, 'beta_min': -0.01992216892540455, 'beta_max': 0.02092103473842144, 'beta_neg_frac': 0.4475, 'offline_data_id': 57, 'benchmark_id': 8, 'benchmark_point_source': 'support_safe_target_policy_draw', 'target_set_size': 100, 'benchmark_z_path': 'data/Z_true.pt', 'projected_bellman_test_risk': 0.028698300942778587, 'oracle_embedding_risk': 0.7705017328262329, 'benchmark_embedding_risk': 0.7705017328262329, 'risk_bellman_final': 0.011720227223672771, 'risk_obj_final': 0.13841503858566284, 'B_num_rows': 3076, 'B_num_cols': 800, 'B_min_dim': 800, 'B_numerical_rank': 800, 'B_rank_fraction': 1.0, 'B_rank_tolerance': 3.311651817128336e-05, 'B_stable_rank': 302.0961608886719, 'B_effective_rank': 771.7529412259162, 'B_entropy_rank': 6.648664474487305, 'B_spectral_norm': 0.09031257778406143, 'B_frobenius_norm': 1.569715142250061, 'B_nuclear_norm': 42.90113067626953, 'B_condition_number': 3.304468770592787, 'B_condition_number_tol': 3.304468770592787, 'B_smallest_singular_value': 0.027330437675118446, 'B_rank_rel_1em2': 800, 'B_rank_rel_1em3': 800, 'B_rank_rel_1em4': 800}
Benchmark 9 evaluation grid shape: (800, 3)
Replicate 57, benchmark 9 metrics: {'run_id': '57_b9', 'RMSE': 0.04299850303554042, 'MAE': 0.036258147895568985, 'SupNorm': 0.0892382264137268, 'Bias': 0.022712818254949526, 'Corr': 0.9389551612612248, 'deming_slope': 1.113486987043936, 'deming_intercept': -0.007448073351912221, 'beta_sum': 1.1750233173370361, 'beta_l1': 8.352363586425781, 'beta_l2': 0.3718024790287018, 'beta_min': -0.035676851868629456, 'beta_max': 0.05076127499341965, 'beta_neg_frac': 0.455, 'offline_data_id': 57, 'benchmark_id': 9, 'benchmark_point_source': 'support_safe_target_policy_draw', 'target_set_size': 100, 'benchmark_z_path': 'data/Z_true.pt', 'projected_bellman_test_risk': 0.007762809284031391, 'oracle_embedding_risk': 0.7573153972625732, 'benchmark_embedding_risk': 0.7573153972625732, 'risk_bellman_final': 0.011720227223672771, 'risk_obj_final': 0.13841503858566284, 'B_num_rows': 3076, 'B_num_cols': 800, 'B_min_dim': 800, 'B_numerical_rank': 800, 'B_rank_fraction': 1.0, 'B_rank_tolerance': 3.311651817128336e-05, 'B_stable_rank': 302.0961608886719, 'B_effective_rank': 771.7529412259162, 'B_entropy_rank': 6.648664474487305, 'B_spectral_norm': 0.09031257778406143, 'B_frobenius_norm': 1.569715142250061, 'B_nuclear_norm': 42.90113067626953, 'B_condition_number': 3.304468770592787, 'B_condition_number_tol': 3.304468770592787, 'B_smallest_singular_value': 0.027330437675118446, 'B_rank_rel_1em2': 800, 'B_rank_rel_1em3': 800, 'B_rank_rel_1em4': 800}
Replicate 57 finished in 21.5s
Finished combo 2, offline replicate 57.
