Job ID:    2358935
Array idx: 157
CPUs/node: 64
Mem/node:  131072
Using CC = cc 
Using CXX = CC 
Using FC = ftn 
Using F77 = ftn 
Using F90 = ftn 
cuda/12.6.1 is deprecated; loading cudatoolkit/25.5_12.9 instead.
Using CC = /opt/nvidia/hpc_sdk/Linux_aarch64/25.5/compilers/bin/nvc 
Using CXX = /opt/nvidia/hpc_sdk/Linux_aarch64/25.5/compilers/bin/nvc++ 
Using FC = /opt/nvidia/hpc_sdk/Linux_aarch64/25.5/compilers/bin/nvfortran 
Using F77 = /opt/nvidia/hpc_sdk/Linux_aarch64/25.5/compilers/bin/nvfortran 
Using F90 = /opt/nvidia/hpc_sdk/Linux_aarch64/25.5/compilers/bin/nvfortran 
Using CC = /opt/nvidia/hpc_sdk/Linux_aarch64/25.5/compilers/bin/nvc 
Using CXX = /opt/nvidia/hpc_sdk/Linux_aarch64/25.5/compilers/bin/nvc++ 
Using FC = /opt/nvidia/hpc_sdk/Linux_aarch64/25.5/compilers/bin/nvfortran 
Using F77 = /opt/nvidia/hpc_sdk/Linux_aarch64/25.5/compilers/bin/nvfortran 
Using F90 = /opt/nvidia/hpc_sdk/Linux_aarch64/25.5/compilers/bin/nvfortran 

Lmod is automatically replacing "gcc-native/14" with "gcc/14.2.0".

ghx4
0
Tuning combo id: 1 / 6
Offline replicate id: 57 / 99
Installing ke_drl from git: https://github.com/mehrdadmhmdi/ke-drl.git@main
Collecting git+https://github.com/mehrdadmhmdi/ke-drl.git@main
  Cloning https://github.com/mehrdadmhmdi/ke-drl.git (to revision main) to /tmp/pip-req-build-o4fuyn9z
  Running command git clone --filter=blob:none --quiet https://github.com/mehrdadmhmdi/ke-drl.git /tmp/pip-req-build-o4fuyn9z
  Resolved https://github.com/mehrdadmhmdi/ke-drl.git to commit 3c5d570e40ea15b1fbe4817b5f43b64c7b333e82
  Installing build dependencies: started
  Installing build dependencies: finished with status 'done'
  Getting requirements to build wheel: started
  Getting requirements to build wheel: finished with status 'done'
  Preparing metadata (pyproject.toml): started
  Preparing metadata (pyproject.toml): finished with status 'done'
Building wheels for collected packages: ke_drl
  Building wheel for ke_drl (pyproject.toml): started
  Building wheel for ke_drl (pyproject.toml): finished with status 'done'
  Created wheel for ke_drl: filename=ke_drl-0.1.0-py3-none-any.whl size=47219 sha256=f19dc4b3d281ad744052ef56dee646a263f934f166201f5cde9ac8ab03bc45f7
  Stored in directory: /tmp/pip-ephem-wheel-cache-7ww4x10d/wheels/24/47/ad/9a4ffd3b05d3e90e35ffc6e7324b735b8bfcf5f51aaf29a333
Successfully built ke_drl
Installing collected packages: ke_drl
Successfully installed ke_drl-0.1.0
Installed ke_drl source: /work/nvme/bfez/mehrdad3/DistRL/simulation_3/runs/sim3_global_2358722_1/.kedrl_site_157/ke_drl/__init__.py
Tuning combo 1: lambda_B_0.002
Overrides: {'lambda_B': 0.002}
RUN: /sw/user/python/miniforge3-pytorch-24.11.3/bin/python3 validate_sim_config.py --params params.yaml
ke_drl import source: /work/nvme/bfez/mehrdad3/DistRL/simulation_3/runs/sim3_global_2358722_1/.kedrl_site_157/ke_drl/__init__.py
ke_drl package API OK: prediction weights, RFF operators, rank diagnostics, and best-checkpoint optimizer available
Policy config OK: behavior=uniform, target=logistic, state_dim=5, action_dim=1
Note: policy.logistic.theta_scale/theta_std are log-scale coefficients in Probability_Densities.
Behavior-policy linearized state-process diagnostic: spectral_radius=0.653, offline_burn_in=50
Replicate config OK: num_replicates=100, benchmark points=10 independent of D_i, loss target points=100
Transition reduction OK: method=kmeans, raw rows N(T-1)=12000, target rows about 3000, B rows reduced from 12000 to about 3000
Return-operator approximation OK: method=rff, features=512, exact G avoided for estimated N=12000, m=800, L=100
Fixed benchmark config rows=4 (benchmark.num_points=10; additional points are support-safe target-policy draws if needed)
Fixed benchmark point 0: s_star=[0.6, -0.8, 0.7, -0.5, 0.9], a_star=[0.5]
Fixed benchmark behavior-support interval for configured rows: min_lower=-0.12, max_upper=1.11
Fixed benchmark target-policy location range: [-0.02, 0.14]
Reusing shared data from /work/nvme/bfez/mehrdad3/DistRL/simulation_3/runs/sim3_shared_data/data for offline replicate 57.
RUN: /sw/user/python/miniforge3-pytorch-24.11.3/bin/python3 validate_sim_config.py --params params.yaml --data data/offline_data_57.pt
ke_drl import source: /work/nvme/bfez/mehrdad3/DistRL/simulation_3/runs/sim3_global_2358722_1/.kedrl_site_157/ke_drl/__init__.py
ke_drl package API OK: prediction weights, RFF operators, rank diagnostics, and best-checkpoint optimizer available
Policy config OK: behavior=uniform, target=logistic, state_dim=5, action_dim=1
Note: policy.logistic.theta_scale/theta_std are log-scale coefficients in Probability_Densities.
Behavior-policy linearized state-process diagnostic: spectral_radius=0.653, offline_burn_in=50
Replicate config OK: num_replicates=100, benchmark points=10 independent of D_i, loss target points=100
Transition reduction OK: method=kmeans, raw rows N(T-1)=12000, target rows about 3000, B rows reduced from 12000 to about 3000
Return-operator approximation OK: method=rff, features=512, exact G avoided for estimated N=12000, m=800, L=100
Fixed benchmark config rows=4 (benchmark.num_points=10; additional points are support-safe target-policy draws if needed)
Fixed benchmark point 0: s_star=[0.6, -0.8, 0.7, -0.5, 0.9], a_star=[0.5]
Fixed benchmark behavior-support interval for configured rows: min_lower=-0.12, max_upper=1.11
Fixed benchmark target-policy location range: [-0.02, 0.14]
Full benchmark support check OK: 10 points, min_lower=-2.177, max_upper=2.05
observed behavior actions: mean=0.397, sd=0.6758, q0/q10/q50/q90/q100=[-2.5210723876953125, -0.42448165416717526, 0.33906519412994385, 1.31540904045105, 2.8640241622924805]
target-policy sampled actions: mean=-0.03052, sd=0.669, q0/q10/q50/q90/q100=[-2.588184858760379, -0.8990760150065502, -0.02391186433621295, 0.8252954069057883, 2.2331065099946485]
behavior uniform lower: mean=-0.1301, sd=0.6631, q0/q10/q50/q90/q100=[-2.784036394953728, -0.98785606443882, -0.12755379378795628, 0.72812865793705, 2.1466560482978823]
behavior uniform upper: mean=0.924, sd=0.642, q0/q10/q50/q90/q100=[-0.9389025151729583, 0.07267093509435657, 0.9307412713766099, 1.7584380084276199, 3.1466560482978823]
target location inside behavior uniform support: 0.970
RUN: /sw/user/python/miniforge3-pytorch-24.11.3/bin/python3 main_est.py
# ================================================================ #
#   Global KE-DRL estimation for one offline replicate              #
# ================================================================ #
Slurm Job ID: 2358935
Slurm Array ID: 57 -- used as the offline-replicate id
Offline data id: 57
ke_drl import source: /work/nvme/bfez/mehrdad3/DistRL/simulation_3/runs/sim3_global_2358722_1/.kedrl_site_157/ke_drl/__init__.py
Estimator device: cuda (NVIDIA GH200 120GB, capability 9.0); torch CUDA=13.0
Random seed: 20460569
Number of offline replicates: 100
[transition reduction] enabled: original rows=12000, target basis=3000, method=kmeans, device=cuda
[transition reduction] kmeans iter 1/20, mean center shift=2.7204e-01
[transition reduction] kmeans iter 5/20, mean center shift=3.9223e-03
[transition reduction] kmeans iter 10/20, mean center shift=5.2055e-08
[transition reduction] selected 3076 rows from 12000 transitions (ratio 0.2563); indices saved to data/reduced_transition_indices_57.pt
Data and parameters loaded.
offline path: data/offline_data_57.pt
benchmark true-Z path: data/Z_true.pt
offline shapes after reduction: s0=(3076, 5), a0=(3076, 1), r0=(3076, 3)
transition reduction: {'enabled': True, 'method': 'kmeans', 'original_rows': 12000, 'reduced_rows': 3076, 'selected_indices_path': 'data/reduced_transition_indices_57.pt', 'target_basis': 3000, 'compression_ratio': 0.25633333333333336}
fixed benchmark point source: fixed_config_plus_support_safe_target_policy_draws
benchmark row excluded from this offline data: None
global loss target set shape: s_star=(100, 5), a_star=(100, 1)
benchmark true-Z count=10, shape each=(50000, 3)
target policy: logistic
behavior policy: uniform
lambda_Gamma=0.005, lambda_B=0.002, d_r_method=song
dtype=torch.float32, operator_method=rff, operator_num_features=512
ridge_mode=rkhs, diagnostic_interval=50
mass_anchor_lambda=1.0, target_mass=1.0
uLSIF basis: source=numerator, n_basis=512, lambda_reg=0.005
optimizer stabilizers: lambda_neg=0.0, max_B_norm=None, eta_clip_min=0.0, eta_clip_max=5.0, normalize_eta=True
========================================
Estimating the global KE-DRL mean embedding
torch device=cuda, dtype=torch.float32
Data dims: N=3076, L=100, Ds=5, Da=1, Dr=3
lambda_Gamma=0.005, lambda_B=0.002
return-operator construction: method=rff, rff_features=512
[uLSIF] basis=512/3076 (numerator); eta_hat min=-7.703e-01 max=4.614e+00 neg%=3.84
ESS for eta_plus: 2170.3 / 3076
eta_plus diagnostics: raw_mean=0.998, raw_min=-0.77, raw_max=4.61; used_mean=1, used_min=0, used_max=4.59
[timing] Z-grid: 0.03s
[timing] K_X: 0.00s
[timing] K_plus: 0.00s
[timing] k_star: 0.00s
[timing] Gamma_stack: 0.01s
[timing] Phi_stack: 0.00s
[timing] RFF feature sample: 0.00s
[timing] K_Z RFF: 0.00s
[timing] G_stack RFF: 0.01s
[timing] H_stack RFF: 0.01s
findfont: Font family 'Nimbus Roman' not found.
findfont: Font family 'Nimbus Roman' not found.
findfont: Font family 'Nimbus Roman' not found.
findfont: Font family 'Nimbus Roman' not found.
findfont: Font family 'Nimbus Roman' not found.
findfont: Font family 'Nimbus Roman' not found.
findfont: Font family 'Nimbus Roman' not found.
findfont: Font family 'Nimbus Roman' not found.
findfont: Font family 'Nimbus Roman' not found.
findfont: Font family 'Nimbus Roman' not found.
findfont: Font family 'Nimbus Roman' not found.
findfont: Font family 'Nimbus Roman' not found.
findfont: Font family 'Nimbus Roman' not found.
findfont: Font family 'Nimbus Roman' not found.
findfont: Font family 'Nimbus Roman' not found.
findfont: Font family 'Nimbus Roman' not found.
findfont: Font family 'Nimbus Roman' not found.
findfont: Font family 'Nimbus Roman' not found.
findfont: Font family 'Nimbus Roman' not found.
findfont: Font family 'Nimbus Roman' not found.
findfont: Font family 'Nimbus Roman' not found.
findfont: Font family 'Nimbus Roman' not found.
findfont: Font family 'Nimbus Roman' not found.
findfont: Font family 'Nimbus Roman' not found.
findfont: Font family 'Nimbus Roman' not found.
findfont: Font family 'Nimbus Roman' not found.
findfont: Font family 'Nimbus Roman' not found.
findfont: Font family 'Nimbus Roman' not found.
findfont: Font family 'Nimbus Roman' not found.
findfont: Font family 'Nimbus Roman' not found.
findfont: Font family 'Nimbus Roman' not found.
findfont: Font family 'Nimbus Roman' not found.
findfont: Font family 'Nimbus Roman' not found.
findfont: Font family 'Nimbus Roman' not found.
findfont: Font family 'Nimbus Roman' not found.
findfont: Font family 'Nimbus Roman' not found.
findfont: Font family 'Nimbus Roman' not found.
findfont: Font family 'Nimbus Roman' not found.
findfont: Font family ['Nimbus Roman'] not found. Falling back to DejaVu Sans.
findfont: Font family 'Nimbus Roman' not found.
findfont: Font family ['Nimbus Roman'] not found. Falling back to DejaVu Sans.
findfont: Font family 'Nimbus Roman' not found.
findfont: Font family 'Nimbus Roman' not found.
findfont: Font family 'Nimbus Roman' not found.
findfont: Font family 'Nimbus Roman' not found.
findfont: Font family 'Nimbus Roman' not found.
findfont: Font family 'Nimbus Roman' not found.
findfont: Font family 'Nimbus Roman' not found.
findfont: Font family 'Nimbus Roman' not found.
findfont: Font family ['Nimbus Roman'] not found. Falling back to DejaVu Sans.
findfont: Font family 'Nimbus Roman' not found.
findfont: Font family 'Nimbus Roman' not found.
findfont: Font family 'Nimbus Roman' not found.
findfont: Font family 'Nimbus Roman' not found.
findfont: Font family 'Nimbus Roman' not found.
findfont: Font family 'Nimbus Roman' not found.
findfont: Font family 'Nimbus Roman' not found.
findfont: Font family 'Nimbus Roman' not found.
findfont: Font family 'Nimbus Roman' not found.
findfont: Font family 'Nimbus Roman' not found.
findfont: Font family 'Nimbus Roman' not found.
findfont: Font family 'Nimbus Roman' not found.
findfont: Font family 'Nimbus Roman' not found.
findfont: Font family 'Nimbus Roman' not found.
findfont: Font family 'Nimbus Roman' not found.
findfont: Font family 'Nimbus Roman' not found.
findfont: Font family 'Nimbus Roman' not found.
findfont: Font family 'Nimbus Roman' not found.
findfont: Font family 'Nimbus Roman' not found.
findfont: Font family 'Nimbus Roman' not found.
findfont: Font family 'Nimbus Roman' not found.
findfont: Font family 'Nimbus Roman' not found.
findfont: Font family 'Nimbus Roman' not found.
findfont: Font family 'Nimbus Roman' not found.
findfont: Font family 'Nimbus Roman' not found.
findfont: Font family 'Nimbus Roman' not found.
findfont: Font family 'Nimbus Roman' not found.
findfont: Font family 'Nimbus Roman' not found.
findfont: Font family 'Nimbus Roman' not found.
findfont: Font family 'Nimbus Roman' not found.
findfont: Font family 'Nimbus Roman' not found.
findfont: Font family 'Nimbus Roman' not found.
findfont: Font family 'Nimbus Roman' not found.
findfont: Font family 'Nimbus Roman' not found.
findfont: Font family 'Nimbus Roman' not found.
findfont: Font family 'Nimbus Roman' not found.
findfont: Font family 'Nimbus Roman' not found.
findfont: Font family 'Nimbus Roman' not found.
findfont: Font family 'Nimbus Roman' not found.
findfont: Font family 'Nimbus Roman' not found.
findfont: Font family 'Nimbus Roman' not found.
findfont: Font family 'Nimbus Roman' not found.
findfont: Font family 'Nimbus Roman' not found.
findfont: Font family 'Nimbus Roman' not found.
findfont: Font family 'Nimbus Roman' not found.
findfont: Font family 'Nimbus Roman' not found.
findfont: Font family 'Nimbus Roman' not found.
findfont: Font family 'Nimbus Roman' not found.
findfont: Font family 'Nimbus Roman' not found.
findfont: Font family 'Nimbus Roman' not found.
findfont: Font family 'Nimbus Roman' not found.
findfont: Font family 'Nimbus Roman' not found.
findfont: Font family 'Nimbus Roman' not found.
findfont: Font family 'Nimbus Roman' not found.
findfont: Font family 'Nimbus Roman' not found.
findfont: Font family 'Nimbus Roman' not found.
findfont: Font family 'Nimbus Roman' not found.
findfont: Font family 'Nimbus Roman' not found.
findfont: Font family 'Nimbus Roman' not found.
findfont: Font family 'Nimbus Roman' not found.
findfont: Font family 'Nimbus Roman' not found.
findfont: Font family 'Nimbus Roman' not found.
findfont: Font family 'Nimbus Roman' not found.
findfont: Font family 'Nimbus Roman' not found.
findfont: Font family 'Nimbus Roman' not found.
findfont: Font family 'Nimbus Roman' not found.
findfont: Font family 'Nimbus Roman' not found.
findfont: Font family 'Nimbus Roman' not found.
findfont: Font family 'Nimbus Roman' not found.
findfont: Font family 'Nimbus Roman' not found.
findfont: Font family 'Nimbus Roman' not found.
Ridge mode: rkhs; diagnostic interval: 50
Iter 1/4000 | log_obj=9.941e+00 | log_Bellman_root=3.494e+00 | mass=1.97e+04 | neg=0.00e+00 | grad=7.06e+02
Iter 400/4000 | log_obj=2.677e+00 | log_Bellman_root=-1.479e-01 | mass=1.38e+01 | neg=0.00e+00 | grad=2.58e+03
Iter 800/4000 | log_obj=2.675e+00 | log_Bellman_root=-1.475e-01 | mass=1.38e+01 | neg=0.00e+00 | grad=2.60e+03
Iter 1200/4000 | log_obj=2.675e+00 | log_Bellman_root=-1.473e-01 | mass=1.38e+01 | neg=0.00e+00 | grad=2.60e+03
Iter 1600/4000 | log_obj=2.674e+00 | log_Bellman_root=-1.472e-01 | mass=1.38e+01 | neg=0.00e+00 | grad=2.61e+03
Iter 2000/4000 | log_obj=2.674e+00 | log_Bellman_root=-1.472e-01 | mass=1.37e+01 | neg=0.00e+00 | grad=2.61e+03
Iter 2400/4000 | log_obj=2.674e+00 | log_Bellman_root=-1.470e-01 | mass=1.37e+01 | neg=0.00e+00 | grad=2.61e+03
Iter 2800/4000 | log_obj=2.674e+00 | log_Bellman_root=-1.468e-01 | mass=1.37e+01 | neg=0.00e+00 | grad=2.61e+03
Iter 3200/4000 | log_obj=2.674e+00 | log_Bellman_root=-1.466e-01 | mass=1.38e+01 | neg=0.00e+00 | grad=2.61e+03
Iter 3600/4000 | log_obj=4.407e+00 | log_Bellman_root=7.423e-01 | mass=7.76e+01 | neg=0.00e+00 | grad=5.72e+03
Iter 4000/4000 | log_obj=1.167e+00 | log_Bellman_root=-8.843e-01 | mass=3.04e+00 | neg=0.00e+00 | grad=1.38e+03
Returning best diagnostic checkpoint from step 3400 (objective=7.039e-02, Bellman=7.422e-03).
Done in 10.70s.
KE-DRL global estimation is done.
B_hat shape: (3076, 800)
B_hat rank diagnostics: {'B_num_rows': 3076, 'B_num_cols': 800, 'B_min_dim': 800, 'B_numerical_rank': 800, 'B_rank_fraction': 1.0, 'B_rank_tolerance': 3.706008491377588e-05, 'B_stable_rank': 240.0139617919922, 'B_effective_rank': 771.5950851666001, 'B_entropy_rank': 6.6484599113464355, 'B_spectral_norm': 0.10106714069843292, 'B_frobenius_norm': 1.5657709836959839, 'B_nuclear_norm': 42.783348083496094, 'B_condition_number': 3.7126578418184932, 'B_condition_number_tol': 3.7126578418184932, 'B_smallest_singular_value': 0.027222314849495888, 'B_rank_rel_1em2': 800, 'B_rank_rel_1em3': 800, 'B_rank_rel_1em4': 800}
Global-loss target mass diagnostics: {'target_mass_mean': 1.2276870012283325, 'target_mass_min': 0.9185391664505005, 'target_mass_max': 1.3668361902236938, 'target_mass_sd': 0.09010057896375656, 'target_mass_rmse_to_target': 0.24470044672489166, 'target_beta_min': -0.024000728502869606, 'target_beta_max': 0.05137842893600464, 'target_neg_frac_mean': 0.4073375}
Return dictionary Z_grid shape: (800, 3)
Replicate 57 risk metrics: {'risk_n_steps_recorded': 81.0, 'risk_n_diagnostics_recorded': 81.0, 'risk_log_obj_initial': 9.940572667360467, 'risk_log_obj_final': 1.166774323722168, 'risk_log_obj_min': -2.6537021527701037, 'risk_obj_initial': 20755.626953125015, 'risk_obj_final': 3.211616277694702, 'risk_obj_min': 0.07039013504981995, 'risk_log_obj_drop': 8.7737983436383, 'risk_log_bellman_root_initial': 3.494312975761924, 'risk_log_bellman_root_final': -0.8843146434804534, 'risk_log_bellman_root_min': -2.4516305732268857, 'risk_bellman_root_initial': 32.92765808105469, 'risk_bellman_root_final': 0.41299712657928467, 'risk_bellman_root_min': 0.08615299314260484, 'risk_bellman_initial': 1084.230666702846, 'risk_bellman_final': 0.17056662656274568, 'risk_bellman_min': 0.007422338227429716, 'risk_log_bellman_root_drop': 4.378627619242377, 'risk_bellman_returned': 0.007422338705509901, 'risk_obj_returned': 0.07039013504981995, 'risk_returned_step': 3400.0, 'offline_data_id': 57, 'benchmark_point_source': 'fixed_config_plus_support_safe_target_policy_draws', 'target_set_size': 100, 'lambda_reg': 0.005, 'lambda_B': 0.002, 'num_steps': 4000, 'transition_reduction_enabled': 1, 'transition_reduction_method': 'kmeans', 'transition_original_rows': 12000, 'transition_reduced_rows': 3076, 'transition_compression_ratio': 0.25633333333333336, 'target_mass_mean': 1.2276870012283325, 'target_mass_min': 0.9185391664505005, 'target_mass_max': 1.3668361902236938, 'target_mass_sd': 0.09010057896375656, 'target_mass_rmse_to_target': 0.24470044672489166, 'target_beta_min': -0.024000728502869606, 'target_beta_max': 0.05137842893600464, 'target_neg_frac_mean': 0.4073375, 'B_num_rows': 3076, 'B_num_cols': 800, 'B_min_dim': 800, 'B_numerical_rank': 800, 'B_rank_fraction': 1.0, 'B_rank_tolerance': 3.706008491377588e-05, 'B_stable_rank': 240.0139617919922, 'B_effective_rank': 771.5950851666001, 'B_entropy_rank': 6.6484599113464355, 'B_spectral_norm': 0.10106714069843292, 'B_frobenius_norm': 1.5657709836959839, 'B_nuclear_norm': 42.783348083496094, 'B_condition_number': 3.7126578418184932, 'B_condition_number_tol': 3.7126578418184932, 'B_smallest_singular_value': 0.027222314849495888, 'B_rank_rel_1em2': 800, 'B_rank_rel_1em3': 800, 'B_rank_rel_1em4': 800, 'risk_objective_final_raw': 3.211616277694702, 'risk_objective_min_raw': 0.07039013504981995, 'risk_objective_max_raw': 20755.626953125, 'risk_bellman_final_raw': 0.1705666184425354, 'risk_bellman_min_raw': 0.007422338705509901, 'risk_bellman_max_raw': 1084.2305908203125, 'risk_rkhs_ridge_final_raw': 0.003050480969250202, 'risk_rkhs_ridge_min_raw': 0.003050480969250202, 'risk_rkhs_ridge_max_raw': 0.22822514176368713, 'risk_mass_final_raw': 3.037999153137207, 'risk_mass_min_raw': 0.059878308326005936, 'risk_mass_max_raw': 19671.16796875, 'risk_negativity_final_raw': 0.0, 'risk_negativity_min_raw': 0.0, 'risk_negativity_max_raw': 0.0, 'risk_B_norm_final_raw': 1.5652716159820557, 'risk_B_norm_min_raw': 1.5652716159820557, 'risk_B_norm_max_raw': 1.6373908519744873, 'risk_diagnostic_step_final_raw': 4000.0, 'risk_diagnostic_step_min_raw': 1.0, 'risk_diagnostic_step_max_raw': 4000.0, 'risk_best_step_final_raw': 3400.0, 'risk_best_step_min_raw': 3400.0, 'risk_best_step_max_raw': 3400.0, 'risk_best_objective_final_raw': 0.07039013504981995, 'risk_best_objective_min_raw': 0.07039013504981995, 'risk_best_objective_max_raw': 0.07039013504981995, 'risk_best_bellman_final_raw': 0.007422338705509901, 'risk_best_bellman_min_raw': 0.007422338705509901, 'risk_best_bellman_max_raw': 0.007422338705509901, 'risk_returned_step_final_raw': 3400.0, 'risk_returned_step_min_raw': 3400.0, 'risk_returned_step_max_raw': 3400.0, 'risk_returned_objective_final_raw': 0.07039013504981995, 'risk_returned_objective_min_raw': 0.07039013504981995, 'risk_returned_objective_max_raw': 0.07039013504981995, 'risk_returned_bellman_final_raw': 0.007422338705509901, 'risk_returned_bellman_min_raw': 0.007422338705509901, 'risk_returned_bellman_max_raw': 0.007422338705509901, 'risk_returned_best_checkpoint_final_raw': 1.0, 'risk_returned_best_checkpoint_min_raw': 1.0, 'risk_returned_best_checkpoint_max_raw': 1.0}
Benchmark 0 evaluation grid shape: (800, 3)
Replicate 57, benchmark 0 metrics: {'run_id': '57_b0', 'RMSE': 0.06758635700596906, 'MAE': 0.05757472510216757, 'SupNorm': 0.148013636469841, 'Bias': 0.0027627970790490507, 'Corr': 0.7941763114632197, 'deming_slope': 1.2044927835095967, 'deming_intercept': -0.05085915679286657, 'beta_sum': 1.1339225769042969, 'beta_l1': 3.8270459175109863, 'beta_l2': 0.16972993314266205, 'beta_min': -0.01585724763572216, 'beta_max': 0.01951088011264801, 'beta_neg_frac': 0.40875, 'offline_data_id': 57, 'benchmark_id': 0, 'benchmark_point_source': 'fixed_config', 'target_set_size': 100, 'benchmark_z_path': 'data/Z_true.pt', 'projected_bellman_test_risk': 0.024045037105679512, 'oracle_embedding_risk': 0.791989803314209, 'benchmark_embedding_risk': 0.791989803314209, 'risk_bellman_final': 0.17056662656274568, 'risk_obj_final': 3.211616277694702, 'B_num_rows': 3076, 'B_num_cols': 800, 'B_min_dim': 800, 'B_numerical_rank': 800, 'B_rank_fraction': 1.0, 'B_rank_tolerance': 3.706008491377588e-05, 'B_stable_rank': 240.0139617919922, 'B_effective_rank': 771.5950851666001, 'B_entropy_rank': 6.6484599113464355, 'B_spectral_norm': 0.10106714069843292, 'B_frobenius_norm': 1.5657709836959839, 'B_nuclear_norm': 42.783348083496094, 'B_condition_number': 3.7126578418184932, 'B_condition_number_tol': 3.7126578418184932, 'B_smallest_singular_value': 0.027222314849495888, 'B_rank_rel_1em2': 800, 'B_rank_rel_1em3': 800, 'B_rank_rel_1em4': 800}
Saved ./mu/mu_hat.csv shape=(800,)
Saved ./mu/mu2D_hat_dims01.csv shape=(120, 120)
Saved ./mu/mu2D_hat_dims01.csv shape=(120, 120)
Saved plots/replicate_57/mu_3D.png
Benchmark 1 evaluation grid shape: (800, 3)
Replicate 57, benchmark 1 metrics: {'run_id': '57_b1', 'RMSE': 0.15059458734001374, 'MAE': 0.13589561317232438, 'SupNorm': 0.257112056016922, 'Bias': 0.1358851895935368, 'Corr': 0.9910088864805201, 'deming_slope': 1.6625058545075506, 'deming_intercept': -0.0367202964611722, 'beta_sum': 1.3513374328613281, 'beta_l1': 4.831195831298828, 'beta_l2': 0.21140412986278534, 'beta_min': -0.023158032447099686, 'beta_max': 0.022706255316734314, 'beta_neg_frac': 0.39625, 'offline_data_id': 57, 'benchmark_id': 1, 'benchmark_point_source': 'fixed_config', 'target_set_size': 100, 'benchmark_z_path': 'data/Z_true.pt', 'projected_bellman_test_risk': 0.027160460129380226, 'oracle_embedding_risk': 0.8189178109169006, 'benchmark_embedding_risk': 0.8189178109169006, 'risk_bellman_final': 0.17056662656274568, 'risk_obj_final': 3.211616277694702, 'B_num_rows': 3076, 'B_num_cols': 800, 'B_min_dim': 800, 'B_numerical_rank': 800, 'B_rank_fraction': 1.0, 'B_rank_tolerance': 3.706008491377588e-05, 'B_stable_rank': 240.0139617919922, 'B_effective_rank': 771.5950851666001, 'B_entropy_rank': 6.6484599113464355, 'B_spectral_norm': 0.10106714069843292, 'B_frobenius_norm': 1.5657709836959839, 'B_nuclear_norm': 42.783348083496094, 'B_condition_number': 3.7126578418184932, 'B_condition_number_tol': 3.7126578418184932, 'B_smallest_singular_value': 0.027222314849495888, 'B_rank_rel_1em2': 800, 'B_rank_rel_1em3': 800, 'B_rank_rel_1em4': 800}
Benchmark 2 evaluation grid shape: (800, 3)
Replicate 57, benchmark 2 metrics: {'run_id': '57_b2', 'RMSE': 0.15225630566596834, 'MAE': 0.13589979229524032, 'SupNorm': 0.2643631100654602, 'Bias': 0.13579248070687755, 'Corr': 0.9667225579483343, 'deming_slope': 1.690196538914049, 'deming_intercept': -0.049203372102468945, 'beta_sum': 1.3715214729309082, 'beta_l1': 4.9155683517456055, 'beta_l2': 0.2152186930179596, 'beta_min': -0.020578943192958832, 'beta_max': 0.026167452335357666, 'beta_neg_frac': 0.415, 'offline_data_id': 57, 'benchmark_id': 2, 'benchmark_point_source': 'fixed_config', 'target_set_size': 100, 'benchmark_z_path': 'data/Z_true.pt', 'projected_bellman_test_risk': 0.023878270760178566, 'oracle_embedding_risk': 0.8225582838058472, 'benchmark_embedding_risk': 0.8225582838058472, 'risk_bellman_final': 0.17056662656274568, 'risk_obj_final': 3.211616277694702, 'B_num_rows': 3076, 'B_num_cols': 800, 'B_min_dim': 800, 'B_numerical_rank': 800, 'B_rank_fraction': 1.0, 'B_rank_tolerance': 3.706008491377588e-05, 'B_stable_rank': 240.0139617919922, 'B_effective_rank': 771.5950851666001, 'B_entropy_rank': 6.6484599113464355, 'B_spectral_norm': 0.10106714069843292, 'B_frobenius_norm': 1.5657709836959839, 'B_nuclear_norm': 42.783348083496094, 'B_condition_number': 3.7126578418184932, 'B_condition_number_tol': 3.7126578418184932, 'B_smallest_singular_value': 0.027222314849495888, 'B_rank_rel_1em2': 800, 'B_rank_rel_1em3': 800, 'B_rank_rel_1em4': 800}
Benchmark 3 evaluation grid shape: (800, 3)
Replicate 57, benchmark 3 metrics: {'run_id': '57_b3', 'RMSE': 0.15151657857888526, 'MAE': 0.13564403889584356, 'SupNorm': 0.26572197675704956, 'Bias': 0.13563848344027066, 'Corr': 0.9806717047960298, 'deming_slope': 1.6774089136219639, 'deming_intercept': -0.03997980775112525, 'beta_sum': 1.3804912567138672, 'beta_l1': 4.824799537658691, 'beta_l2': 0.21152040362358093, 'beta_min': -0.021795082837343216, 'beta_max': 0.023283623158931732, 'beta_neg_frac': 0.40625, 'offline_data_id': 57, 'benchmark_id': 3, 'benchmark_point_source': 'fixed_config', 'target_set_size': 100, 'benchmark_z_path': 'data/Z_true.pt', 'projected_bellman_test_risk': 0.02473967894911766, 'oracle_embedding_risk': 0.8252532482147217, 'benchmark_embedding_risk': 0.8252532482147217, 'risk_bellman_final': 0.17056662656274568, 'risk_obj_final': 3.211616277694702, 'B_num_rows': 3076, 'B_num_cols': 800, 'B_min_dim': 800, 'B_numerical_rank': 800, 'B_rank_fraction': 1.0, 'B_rank_tolerance': 3.706008491377588e-05, 'B_stable_rank': 240.0139617919922, 'B_effective_rank': 771.5950851666001, 'B_entropy_rank': 6.6484599113464355, 'B_spectral_norm': 0.10106714069843292, 'B_frobenius_norm': 1.5657709836959839, 'B_nuclear_norm': 42.783348083496094, 'B_condition_number': 3.7126578418184932, 'B_condition_number_tol': 3.7126578418184932, 'B_smallest_singular_value': 0.027222314849495888, 'B_rank_rel_1em2': 800, 'B_rank_rel_1em3': 800, 'B_rank_rel_1em4': 800}
Benchmark 4 evaluation grid shape: (800, 3)
Replicate 57, benchmark 4 metrics: {'run_id': '57_b4', 'RMSE': 0.09923899938559973, 'MAE': 0.08448518964461982, 'SupNorm': 0.23639121651649475, 'Bias': -0.02777285741176456, 'Corr': 0.5787914055210415, 'deming_slope': 1.3137133852366139, 'deming_intercept': -0.11141031523189682, 'beta_sum': 1.3662729263305664, 'beta_l1': 3.434382915496826, 'beta_l2': 0.18115870654582977, 'beta_min': -0.013420941308140755, 'beta_max': 0.04096608608961105, 'beta_neg_frac': 0.39875, 'offline_data_id': 57, 'benchmark_id': 4, 'benchmark_point_source': 'support_safe_target_policy_draw', 'target_set_size': 100, 'benchmark_z_path': 'data/Z_true.pt', 'projected_bellman_test_risk': 0.024972327053546906, 'oracle_embedding_risk': 0.8753932118415833, 'benchmark_embedding_risk': 0.8753932118415833, 'risk_bellman_final': 0.17056662656274568, 'risk_obj_final': 3.211616277694702, 'B_num_rows': 3076, 'B_num_cols': 800, 'B_min_dim': 800, 'B_numerical_rank': 800, 'B_rank_fraction': 1.0, 'B_rank_tolerance': 3.706008491377588e-05, 'B_stable_rank': 240.0139617919922, 'B_effective_rank': 771.5950851666001, 'B_entropy_rank': 6.6484599113464355, 'B_spectral_norm': 0.10106714069843292, 'B_frobenius_norm': 1.5657709836959839, 'B_nuclear_norm': 42.783348083496094, 'B_condition_number': 3.7126578418184932, 'B_condition_number_tol': 3.7126578418184932, 'B_smallest_singular_value': 0.027222314849495888, 'B_rank_rel_1em2': 800, 'B_rank_rel_1em3': 800, 'B_rank_rel_1em4': 800}
Benchmark 5 evaluation grid shape: (800, 3)
Replicate 57, benchmark 5 metrics: {'run_id': '57_b5', 'RMSE': 0.2611955870144752, 'MAE': 0.24478121283917062, 'SupNorm': 0.4135248474776745, 'Bias': -0.24478121283917062, 'Corr': 0.3153516108200005, 'deming_slope': 0.025326546433319292, 'deming_intercept': 0.005694859061070881, 'beta_sum': 0.12803028523921967, 'beta_l1': 0.5389706492424011, 'beta_l2': 0.024271128699183464, 'beta_min': -0.003164874389767647, 'beta_max': 0.003412459045648575, 'beta_neg_frac': 0.4275, 'offline_data_id': 57, 'benchmark_id': 5, 'benchmark_point_source': 'support_safe_target_policy_draw', 'target_set_size': 100, 'benchmark_z_path': 'data/Z_true.pt', 'projected_bellman_test_risk': 0.0024393205530941486, 'oracle_embedding_risk': 0.9788063764572144, 'benchmark_embedding_risk': 0.9788063764572144, 'risk_bellman_final': 0.17056662656274568, 'risk_obj_final': 3.211616277694702, 'B_num_rows': 3076, 'B_num_cols': 800, 'B_min_dim': 800, 'B_numerical_rank': 800, 'B_rank_fraction': 1.0, 'B_rank_tolerance': 3.706008491377588e-05, 'B_stable_rank': 240.0139617919922, 'B_effective_rank': 771.5950851666001, 'B_entropy_rank': 6.6484599113464355, 'B_spectral_norm': 0.10106714069843292, 'B_frobenius_norm': 1.5657709836959839, 'B_nuclear_norm': 42.783348083496094, 'B_condition_number': 3.7126578418184932, 'B_condition_number_tol': 3.7126578418184932, 'B_smallest_singular_value': 0.027222314849495888, 'B_rank_rel_1em2': 800, 'B_rank_rel_1em3': 800, 'B_rank_rel_1em4': 800}
Benchmark 6 evaluation grid shape: (800, 3)
Replicate 57, benchmark 6 metrics: {'run_id': '57_b6', 'RMSE': 0.083295934945453, 'MAE': 0.0665712893102318, 'SupNorm': 0.18922197818756104, 'Bias': 0.049903159306850284, 'Corr': 0.8555601655581833, 'deming_slope': 1.3875442495503711, 'deming_intercept': -0.05240510789344732, 'beta_sum': 1.2488186359405518, 'beta_l1': 4.163064956665039, 'beta_l2': 0.18446768820285797, 'beta_min': -0.01605546474456787, 'beta_max': 0.023471388965845108, 'beta_neg_frac': 0.4125, 'offline_data_id': 57, 'benchmark_id': 6, 'benchmark_point_source': 'support_safe_target_policy_draw', 'target_set_size': 100, 'benchmark_z_path': 'data/Z_true.pt', 'projected_bellman_test_risk': 0.010425963439047337, 'oracle_embedding_risk': 0.7939728498458862, 'benchmark_embedding_risk': 0.7939728498458862, 'risk_bellman_final': 0.17056662656274568, 'risk_obj_final': 3.211616277694702, 'B_num_rows': 3076, 'B_num_cols': 800, 'B_min_dim': 800, 'B_numerical_rank': 800, 'B_rank_fraction': 1.0, 'B_rank_tolerance': 3.706008491377588e-05, 'B_stable_rank': 240.0139617919922, 'B_effective_rank': 771.5950851666001, 'B_entropy_rank': 6.6484599113464355, 'B_spectral_norm': 0.10106714069843292, 'B_frobenius_norm': 1.5657709836959839, 'B_nuclear_norm': 42.783348083496094, 'B_condition_number': 3.7126578418184932, 'B_condition_number_tol': 3.7126578418184932, 'B_smallest_singular_value': 0.027222314849495888, 'B_rank_rel_1em2': 800, 'B_rank_rel_1em3': 800, 'B_rank_rel_1em4': 800}
Benchmark 7 evaluation grid shape: (800, 3)
Replicate 57, benchmark 7 metrics: {'run_id': '57_b7', 'RMSE': 0.09272151374607161, 'MAE': 0.07190006538119632, 'SupNorm': 0.22807002067565918, 'Bias': 0.05368146579887252, 'Corr': 0.8275529890223361, 'deming_slope': 1.5139127243672899, 'deming_intercept': -0.08069910138000291, 'beta_sum': 1.2264370918273926, 'beta_l1': 3.6832642555236816, 'beta_l2': 0.1671416163444519, 'beta_min': -0.01728985458612442, 'beta_max': 0.032676003873348236, 'beta_neg_frac': 0.40125, 'offline_data_id': 57, 'benchmark_id': 7, 'benchmark_point_source': 'support_safe_target_policy_draw', 'target_set_size': 100, 'benchmark_z_path': 'data/Z_true.pt', 'projected_bellman_test_risk': 0.015592891722917557, 'oracle_embedding_risk': 0.8136751651763916, 'benchmark_embedding_risk': 0.8136751651763916, 'risk_bellman_final': 0.17056662656274568, 'risk_obj_final': 3.211616277694702, 'B_num_rows': 3076, 'B_num_cols': 800, 'B_min_dim': 800, 'B_numerical_rank': 800, 'B_rank_fraction': 1.0, 'B_rank_tolerance': 3.706008491377588e-05, 'B_stable_rank': 240.0139617919922, 'B_effective_rank': 771.5950851666001, 'B_entropy_rank': 6.6484599113464355, 'B_spectral_norm': 0.10106714069843292, 'B_frobenius_norm': 1.5657709836959839, 'B_nuclear_norm': 42.783348083496094, 'B_condition_number': 3.7126578418184932, 'B_condition_number_tol': 3.7126578418184932, 'B_smallest_singular_value': 0.027222314849495888, 'B_rank_rel_1em2': 800, 'B_rank_rel_1em3': 800, 'B_rank_rel_1em4': 800}
Benchmark 8 evaluation grid shape: (800, 3)
Replicate 57, benchmark 8 metrics: {'run_id': '57_b8', 'RMSE': 0.0639406931484039, 'MAE': 0.05498492719692877, 'SupNorm': 0.12116412818431854, 'Bias': -0.0506482508321642, 'Corr': 0.9212112121464067, 'deming_slope': 0.8116501916888806, 'deming_intercept': -0.0015842215760306089, 'beta_sum': 0.8867831230163574, 'beta_l1': 2.634155750274658, 'beta_l2': 0.12078264355659485, 'beta_min': -0.011354679241776466, 'beta_max': 0.021893732249736786, 'beta_neg_frac': 0.3975, 'offline_data_id': 57, 'benchmark_id': 8, 'benchmark_point_source': 'support_safe_target_policy_draw', 'target_set_size': 100, 'benchmark_z_path': 'data/Z_true.pt', 'projected_bellman_test_risk': 0.029752099886536598, 'oracle_embedding_risk': 0.7621661424636841, 'benchmark_embedding_risk': 0.7621661424636841, 'risk_bellman_final': 0.17056662656274568, 'risk_obj_final': 3.211616277694702, 'B_num_rows': 3076, 'B_num_cols': 800, 'B_min_dim': 800, 'B_numerical_rank': 800, 'B_rank_fraction': 1.0, 'B_rank_tolerance': 3.706008491377588e-05, 'B_stable_rank': 240.0139617919922, 'B_effective_rank': 771.5950851666001, 'B_entropy_rank': 6.6484599113464355, 'B_spectral_norm': 0.10106714069843292, 'B_frobenius_norm': 1.5657709836959839, 'B_nuclear_norm': 42.783348083496094, 'B_condition_number': 3.7126578418184932, 'B_condition_number_tol': 3.7126578418184932, 'B_smallest_singular_value': 0.027222314849495888, 'B_rank_rel_1em2': 800, 'B_rank_rel_1em3': 800, 'B_rank_rel_1em4': 800}
Benchmark 9 evaluation grid shape: (800, 3)
Replicate 57, benchmark 9 metrics: {'run_id': '57_b9', 'RMSE': 0.09596725207257133, 'MAE': 0.07856039418780711, 'SupNorm': 0.1967962086200714, 'Bias': 0.07412867618550081, 'Corr': 0.9042130640539173, 'deming_slope': 1.424894853532975, 'deming_intercept': -0.038793588785373034, 'beta_sum': 1.3446612358093262, 'beta_l1': 3.864969253540039, 'beta_l2': 0.18147237598896027, 'beta_min': -0.015213706530630589, 'beta_max': 0.03512166067957878, 'beta_neg_frac': 0.41375, 'offline_data_id': 57, 'benchmark_id': 9, 'benchmark_point_source': 'support_safe_target_policy_draw', 'target_set_size': 100, 'benchmark_z_path': 'data/Z_true.pt', 'projected_bellman_test_risk': 0.012032901868224144, 'oracle_embedding_risk': 0.7926454544067383, 'benchmark_embedding_risk': 0.7926454544067383, 'risk_bellman_final': 0.17056662656274568, 'risk_obj_final': 3.211616277694702, 'B_num_rows': 3076, 'B_num_cols': 800, 'B_min_dim': 800, 'B_numerical_rank': 800, 'B_rank_fraction': 1.0, 'B_rank_tolerance': 3.706008491377588e-05, 'B_stable_rank': 240.0139617919922, 'B_effective_rank': 771.5950851666001, 'B_entropy_rank': 6.6484599113464355, 'B_spectral_norm': 0.10106714069843292, 'B_frobenius_norm': 1.5657709836959839, 'B_nuclear_norm': 42.783348083496094, 'B_condition_number': 3.7126578418184932, 'B_condition_number_tol': 3.7126578418184932, 'B_smallest_singular_value': 0.027222314849495888, 'B_rank_rel_1em2': 800, 'B_rank_rel_1em3': 800, 'B_rank_rel_1em4': 800}
Replicate 57 finished in 19.9s
Finished combo 1, offline replicate 57.
