Job ID:    2359412
Array idx: 593
CPUs/node: 64
Mem/node:  131072
Using CC = cc 
Using CXX = CC 
Using FC = ftn 
Using F77 = ftn 
Using F90 = ftn 
cuda/12.6.1 is deprecated; loading cudatoolkit/25.5_12.9 instead.
Using CC = /opt/nvidia/hpc_sdk/Linux_aarch64/25.5/compilers/bin/nvc 
Using CXX = /opt/nvidia/hpc_sdk/Linux_aarch64/25.5/compilers/bin/nvc++ 
Using FC = /opt/nvidia/hpc_sdk/Linux_aarch64/25.5/compilers/bin/nvfortran 
Using F77 = /opt/nvidia/hpc_sdk/Linux_aarch64/25.5/compilers/bin/nvfortran 
Using F90 = /opt/nvidia/hpc_sdk/Linux_aarch64/25.5/compilers/bin/nvfortran 
Using CC = /opt/nvidia/hpc_sdk/Linux_aarch64/25.5/compilers/bin/nvc 
Using CXX = /opt/nvidia/hpc_sdk/Linux_aarch64/25.5/compilers/bin/nvc++ 
Using FC = /opt/nvidia/hpc_sdk/Linux_aarch64/25.5/compilers/bin/nvfortran 
Using F77 = /opt/nvidia/hpc_sdk/Linux_aarch64/25.5/compilers/bin/nvfortran 
Using F90 = /opt/nvidia/hpc_sdk/Linux_aarch64/25.5/compilers/bin/nvfortran 

Lmod is automatically replacing "gcc-native/14" with "gcc/14.2.0".

ghx4
0
Tuning combo id: 5 / 6
Offline replicate id: 93 / 99
Installing ke_drl from git: https://github.com/mehrdadmhmdi/ke-drl.git@main
Collecting git+https://github.com/mehrdadmhmdi/ke-drl.git@main
  Cloning https://github.com/mehrdadmhmdi/ke-drl.git (to revision main) to /tmp/pip-req-build-solbr20t
  Running command git clone --filter=blob:none --quiet https://github.com/mehrdadmhmdi/ke-drl.git /tmp/pip-req-build-solbr20t
  Resolved https://github.com/mehrdadmhmdi/ke-drl.git to commit 3c5d570e40ea15b1fbe4817b5f43b64c7b333e82
  Installing build dependencies: started
  Installing build dependencies: finished with status 'done'
  Getting requirements to build wheel: started
  Getting requirements to build wheel: finished with status 'done'
  Preparing metadata (pyproject.toml): started
  Preparing metadata (pyproject.toml): finished with status 'done'
Building wheels for collected packages: ke_drl
  Building wheel for ke_drl (pyproject.toml): started
  Building wheel for ke_drl (pyproject.toml): finished with status 'done'
  Created wheel for ke_drl: filename=ke_drl-0.1.0-py3-none-any.whl size=47219 sha256=7b0342e5e9e13a28c766026b68703a861892833c21c7d8fc043c06d8f3dc34c1
  Stored in directory: /tmp/pip-ephem-wheel-cache-1fld1lc_/wheels/24/47/ad/9a4ffd3b05d3e90e35ffc6e7324b735b8bfcf5f51aaf29a333
Successfully built ke_drl
Installing collected packages: ke_drl
Successfully installed ke_drl-0.1.0
Installed ke_drl source: /work/nvme/bfez/mehrdad3/DistRL/simulation_3/runs/sim3_global_2358722_5/.kedrl_site_593/ke_drl/__init__.py
Tuning combo 5: kernel_sigma_0.7
Overrides: {'kernel': {'sigma': 0.7}}
RUN: /sw/user/python/miniforge3-pytorch-24.11.3/bin/python3 validate_sim_config.py --params params.yaml
ke_drl import source: /work/nvme/bfez/mehrdad3/DistRL/simulation_3/runs/sim3_global_2358722_5/.kedrl_site_593/ke_drl/__init__.py
ke_drl package API OK: prediction weights, RFF operators, rank diagnostics, and best-checkpoint optimizer available
Policy config OK: behavior=uniform, target=logistic, state_dim=5, action_dim=1
Note: policy.logistic.theta_scale/theta_std are log-scale coefficients in Probability_Densities.
Behavior-policy linearized state-process diagnostic: spectral_radius=0.653, offline_burn_in=50
Replicate config OK: num_replicates=100, benchmark points=10 independent of D_i, loss target points=100
Transition reduction OK: method=kmeans, raw rows N(T-1)=12000, target rows about 3000, B rows reduced from 12000 to about 3000
Return-operator approximation OK: method=rff, features=512, exact G avoided for estimated N=12000, m=800, L=100
Fixed benchmark config rows=4 (benchmark.num_points=10; additional points are support-safe target-policy draws if needed)
Fixed benchmark point 0: s_star=[0.6, -0.8, 0.7, -0.5, 0.9], a_star=[0.5]
Fixed benchmark behavior-support interval for configured rows: min_lower=-0.12, max_upper=1.11
Fixed benchmark target-policy location range: [-0.02, 0.14]
Reusing shared data from /work/nvme/bfez/mehrdad3/DistRL/simulation_3/runs/sim3_shared_data/data for offline replicate 93.
RUN: /sw/user/python/miniforge3-pytorch-24.11.3/bin/python3 validate_sim_config.py --params params.yaml --data data/offline_data_93.pt
ke_drl import source: /work/nvme/bfez/mehrdad3/DistRL/simulation_3/runs/sim3_global_2358722_5/.kedrl_site_593/ke_drl/__init__.py
ke_drl package API OK: prediction weights, RFF operators, rank diagnostics, and best-checkpoint optimizer available
Policy config OK: behavior=uniform, target=logistic, state_dim=5, action_dim=1
Note: policy.logistic.theta_scale/theta_std are log-scale coefficients in Probability_Densities.
Behavior-policy linearized state-process diagnostic: spectral_radius=0.653, offline_burn_in=50
Replicate config OK: num_replicates=100, benchmark points=10 independent of D_i, loss target points=100
Transition reduction OK: method=kmeans, raw rows N(T-1)=12000, target rows about 3000, B rows reduced from 12000 to about 3000
Return-operator approximation OK: method=rff, features=512, exact G avoided for estimated N=12000, m=800, L=100
Fixed benchmark config rows=4 (benchmark.num_points=10; additional points are support-safe target-policy draws if needed)
Fixed benchmark point 0: s_star=[0.6, -0.8, 0.7, -0.5, 0.9], a_star=[0.5]
Fixed benchmark behavior-support interval for configured rows: min_lower=-0.12, max_upper=1.11
Fixed benchmark target-policy location range: [-0.02, 0.14]
Full benchmark support check OK: 10 points, min_lower=-2.177, max_upper=2.05
observed behavior actions: mean=0.3949, sd=0.6748, q0/q10/q50/q90/q100=[-2.150975227355957, -0.4227300643920898, 0.32415470480918884, 1.3094727158546453, 3.341336488723755]
target-policy sampled actions: mean=-0.02629, sd=0.6644, q0/q10/q50/q90/q100=[-2.7226742986235055, -0.8893549851588336, -0.019243683349077223, 0.816945920921332, 2.517562922246866]
behavior uniform lower: mean=-0.1267, sd=0.6598, q0/q10/q50/q90/q100=[-2.767871677875519, -0.9857633298635483, -0.12030786275863647, 0.7108649514615536, 2.460712891817093]
behavior uniform upper: mean=0.9181, sd=0.6427, q0/q10/q50/q90/q100=[-1.1788792967796324, 0.08018420189619072, 0.928332781791687, 1.7474094992876053, 3.460712891817093]
target location inside behavior uniform support: 0.969
RUN: /sw/user/python/miniforge3-pytorch-24.11.3/bin/python3 main_est.py
# ================================================================ #
#   Global KE-DRL estimation for one offline replicate              #
# ================================================================ #
Slurm Job ID: 2359412
Slurm Array ID: 93 -- used as the offline-replicate id
Offline data id: 93
ke_drl import source: /work/nvme/bfez/mehrdad3/DistRL/simulation_3/runs/sim3_global_2358722_5/.kedrl_site_593/ke_drl/__init__.py
Estimator device: cuda (NVIDIA GH200 120GB, capability 9.0); torch CUDA=13.0
Random seed: 20460605
Number of offline replicates: 100
[transition reduction] enabled: original rows=12000, target basis=3000, method=kmeans, device=cuda
[transition reduction] kmeans iter 1/20, mean center shift=2.6606e-01
[transition reduction] kmeans iter 5/20, mean center shift=4.1048e-03
[transition reduction] kmeans iter 10/20, mean center shift=4.6482e-05
[transition reduction] selected 3086 rows from 12000 transitions (ratio 0.2572); indices saved to data/reduced_transition_indices_93.pt
Data and parameters loaded.
offline path: data/offline_data_93.pt
benchmark true-Z path: data/Z_true.pt
offline shapes after reduction: s0=(3086, 5), a0=(3086, 1), r0=(3086, 3)
transition reduction: {'enabled': True, 'method': 'kmeans', 'original_rows': 12000, 'reduced_rows': 3086, 'selected_indices_path': 'data/reduced_transition_indices_93.pt', 'target_basis': 3000, 'compression_ratio': 0.25716666666666665}
fixed benchmark point source: fixed_config_plus_support_safe_target_policy_draws
benchmark row excluded from this offline data: None
global loss target set shape: s_star=(100, 5), a_star=(100, 1)
benchmark true-Z count=10, shape each=(50000, 3)
target policy: logistic
behavior policy: uniform
lambda_Gamma=0.005, lambda_B=0.02, d_r_method=song
dtype=torch.float32, operator_method=rff, operator_num_features=512
ridge_mode=rkhs, diagnostic_interval=50
mass_anchor_lambda=1.0, target_mass=1.0
uLSIF basis: source=numerator, n_basis=512, lambda_reg=0.005
optimizer stabilizers: lambda_neg=0.0, max_B_norm=None, eta_clip_min=0.0, eta_clip_max=5.0, normalize_eta=True
========================================
Estimating the global KE-DRL mean embedding
torch device=cuda, dtype=torch.float32
Data dims: N=3086, L=100, Ds=5, Da=1, Dr=3
lambda_Gamma=0.005, lambda_B=0.02
return-operator construction: method=rff, rff_features=512
[uLSIF] basis=512/3086 (numerator); eta_hat min=2.931e-02 max=4.506e+00 neg%=0.00
ESS for eta_plus: 2410.0 / 3086
eta_plus diagnostics: raw_mean=0.996, raw_min=0.0293, raw_max=4.51; used_mean=1, used_min=0.0294, used_max=4.52
[timing] Z-grid: 0.03s
[timing] K_X: 0.00s
[timing] K_plus: 0.00s
[timing] k_star: 0.00s
[timing] Gamma_stack: 0.01s
[timing] Phi_stack: 0.00s
[timing] RFF feature sample: 0.00s
[timing] K_Z RFF: 0.00s
[timing] G_stack RFF: 0.01s
[timing] H_stack RFF: 0.01s
findfont: Font family 'Nimbus Roman' not found.
findfont: Font family 'Nimbus Roman' not found.
findfont: Font family 'Nimbus Roman' not found.
findfont: Font family 'Nimbus Roman' not found.
findfont: Font family 'Nimbus Roman' not found.
findfont: Font family 'Nimbus Roman' not found.
findfont: Font family 'Nimbus Roman' not found.
findfont: Font family 'Nimbus Roman' not found.
findfont: Font family 'Nimbus Roman' not found.
findfont: Font family 'Nimbus Roman' not found.
findfont: Font family 'Nimbus Roman' not found.
findfont: Font family 'Nimbus Roman' not found.
findfont: Font family 'Nimbus Roman' not found.
findfont: Font family 'Nimbus Roman' not found.
findfont: Font family 'Nimbus Roman' not found.
findfont: Font family 'Nimbus Roman' not found.
findfont: Font family 'Nimbus Roman' not found.
findfont: Font family 'Nimbus Roman' not found.
findfont: Font family 'Nimbus Roman' not found.
findfont: Font family 'Nimbus Roman' not found.
findfont: Font family 'Nimbus Roman' not found.
findfont: Font family 'Nimbus Roman' not found.
findfont: Font family 'Nimbus Roman' not found.
findfont: Font family 'Nimbus Roman' not found.
findfont: Font family 'Nimbus Roman' not found.
findfont: Font family 'Nimbus Roman' not found.
findfont: Font family 'Nimbus Roman' not found.
findfont: Font family 'Nimbus Roman' not found.
findfont: Font family 'Nimbus Roman' not found.
findfont: Font family 'Nimbus Roman' not found.
findfont: Font family 'Nimbus Roman' not found.
findfont: Font family 'Nimbus Roman' not found.
findfont: Font family 'Nimbus Roman' not found.
findfont: Font family 'Nimbus Roman' not found.
findfont: Font family 'Nimbus Roman' not found.
findfont: Font family 'Nimbus Roman' not found.
findfont: Font family 'Nimbus Roman' not found.
findfont: Font family 'Nimbus Roman' not found.
findfont: Font family 'Nimbus Roman' not found.
findfont: Font family 'Nimbus Roman' not found.
findfont: Font family 'Nimbus Roman' not found.
findfont: Font family 'Nimbus Roman' not found.
findfont: Font family 'Nimbus Roman' not found.
findfont: Font family ['Nimbus Roman'] not found. Falling back to DejaVu Sans.
findfont: Font family 'Nimbus Roman' not found.
findfont: Font family ['Nimbus Roman'] not found. Falling back to DejaVu Sans.
findfont: Font family 'Nimbus Roman' not found.
findfont: Font family 'Nimbus Roman' not found.
findfont: Font family 'Nimbus Roman' not found.
findfont: Font family 'Nimbus Roman' not found.
findfont: Font family 'Nimbus Roman' not found.
findfont: Font family 'Nimbus Roman' not found.
findfont: Font family 'Nimbus Roman' not found.
findfont: Font family 'Nimbus Roman' not found.
findfont: Font family 'Nimbus Roman' not found.
findfont: Font family 'Nimbus Roman' not found.
findfont: Font family ['Nimbus Roman'] not found. Falling back to DejaVu Sans.
findfont: Font family 'Nimbus Roman' not found.
findfont: Font family 'Nimbus Roman' not found.
findfont: Font family 'Nimbus Roman' not found.
findfont: Font family 'Nimbus Roman' not found.
findfont: Font family 'Nimbus Roman' not found.
findfont: Font family 'Nimbus Roman' not found.
findfont: Font family 'Nimbus Roman' not found.
findfont: Font family 'Nimbus Roman' not found.
findfont: Font family 'Nimbus Roman' not found.
findfont: Font family 'Nimbus Roman' not found.
findfont: Font family 'Nimbus Roman' not found.
findfont: Font family 'Nimbus Roman' not found.
findfont: Font family 'Nimbus Roman' not found.
findfont: Font family 'Nimbus Roman' not found.
findfont: Font family 'Nimbus Roman' not found.
findfont: Font family 'Nimbus Roman' not found.
findfont: Font family 'Nimbus Roman' not found.
findfont: Font family 'Nimbus Roman' not found.
findfont: Font family 'Nimbus Roman' not found.
findfont: Font family 'Nimbus Roman' not found.
findfont: Font family 'Nimbus Roman' not found.
findfont: Font family 'Nimbus Roman' not found.
findfont: Font family 'Nimbus Roman' not found.
findfont: Font family 'Nimbus Roman' not found.
findfont: Font family 'Nimbus Roman' not found.
findfont: Font family 'Nimbus Roman' not found.
findfont: Font family 'Nimbus Roman' not found.
findfont: Font family 'Nimbus Roman' not found.
findfont: Font family 'Nimbus Roman' not found.
findfont: Font family 'Nimbus Roman' not found.
findfont: Font family 'Nimbus Roman' not found.
findfont: Font family 'Nimbus Roman' not found.
findfont: Font family 'Nimbus Roman' not found.
findfont: Font family 'Nimbus Roman' not found.
findfont: Font family 'Nimbus Roman' not found.
findfont: Font family 'Nimbus Roman' not found.
findfont: Font family 'Nimbus Roman' not found.
findfont: Font family 'Nimbus Roman' not found.
findfont: Font family 'Nimbus Roman' not found.
findfont: Font family 'Nimbus Roman' not found.
findfont: Font family 'Nimbus Roman' not found.
findfont: Font family 'Nimbus Roman' not found.
findfont: Font family 'Nimbus Roman' not found.
findfont: Font family 'Nimbus Roman' not found.
findfont: Font family 'Nimbus Roman' not found.
findfont: Font family 'Nimbus Roman' not found.
findfont: Font family 'Nimbus Roman' not found.
findfont: Font family 'Nimbus Roman' not found.
findfont: Font family 'Nimbus Roman' not found.
findfont: Font family 'Nimbus Roman' not found.
findfont: Font family 'Nimbus Roman' not found.
findfont: Font family 'Nimbus Roman' not found.
findfont: Font family 'Nimbus Roman' not found.
findfont: Font family 'Nimbus Roman' not found.
findfont: Font family 'Nimbus Roman' not found.
findfont: Font family 'Nimbus Roman' not found.
findfont: Font family 'Nimbus Roman' not found.
findfont: Font family 'Nimbus Roman' not found.
findfont: Font family 'Nimbus Roman' not found.
findfont: Font family 'Nimbus Roman' not found.
findfont: Font family 'Nimbus Roman' not found.
findfont: Font family 'Nimbus Roman' not found.
findfont: Font family 'Nimbus Roman' not found.
findfont: Font family 'Nimbus Roman' not found.
findfont: Font family 'Nimbus Roman' not found.
findfont: Font family 'Nimbus Roman' not found.
findfont: Font family 'Nimbus Roman' not found.
findfont: Font family 'Nimbus Roman' not found.
findfont: Font family 'Nimbus Roman' not found.
findfont: Font family 'Nimbus Roman' not found.
findfont: Font family 'Nimbus Roman' not found.
findfont: Font family 'Nimbus Roman' not found.
findfont: Font family 'Nimbus Roman' not found.
findfont: Font family 'Nimbus Roman' not found.
findfont: Font family 'Nimbus Roman' not found.
findfont: Font family 'Nimbus Roman' not found.
findfont: Font family 'Nimbus Roman' not found.
findfont: Font family 'Nimbus Roman' not found.
Ridge mode: rkhs; diagnostic interval: 50
Iter 1/4000 | log_obj=8.367e+00 | log_Bellman_root=2.376e+00 | mass=4.19e+03 | neg=0.00e+00 | grad=2.83e+02
Iter 400/4000 | log_obj=2.705e+00 | log_Bellman_root=-4.935e-01 | mass=1.46e+01 | neg=0.00e+00 | grad=2.03e+03
Iter 800/4000 | log_obj=4.754e+00 | log_Bellman_root=5.707e-01 | mass=1.13e+02 | neg=0.00e+00 | grad=2.49e+03
Iter 1200/4000 | log_obj=1.735e+00 | log_Bellman_root=-9.806e-01 | mass=5.52e+00 | neg=0.00e+00 | grad=2.03e+03
Iter 1600/4000 | log_obj=2.688e+00 | log_Bellman_root=-4.988e-01 | mass=1.43e+01 | neg=0.00e+00 | grad=2.04e+03
Iter 2000/4000 | log_obj=4.758e+00 | log_Bellman_root=5.716e-01 | mass=1.13e+02 | neg=0.00e+00 | grad=2.49e+03
Iter 2400/4000 | log_obj=1.722e+00 | log_Bellman_root=-9.862e-01 | mass=5.44e+00 | neg=0.00e+00 | grad=2.03e+03
Iter 2800/4000 | log_obj=2.682e+00 | log_Bellman_root=-5.011e-01 | mass=1.42e+01 | neg=0.00e+00 | grad=2.04e+03
Iter 3200/4000 | log_obj=4.760e+00 | log_Bellman_root=5.720e-01 | mass=1.14e+02 | neg=0.00e+00 | grad=2.50e+03
Iter 3600/4000 | log_obj=1.714e+00 | log_Bellman_root=-9.893e-01 | mass=5.41e+00 | neg=0.00e+00 | grad=2.02e+03
Iter 4000/4000 | log_obj=2.678e+00 | log_Bellman_root=-5.025e-01 | mass=1.42e+01 | neg=0.00e+00 | grad=2.04e+03
Returning best diagnostic checkpoint from step 3900 (objective=5.547e+00, Bellman=1.381e-01).
Done in 13.23s.
KE-DRL global estimation is done.
B_hat shape: (3086, 800)
B_hat rank diagnostics: {'B_num_rows': 3086, 'B_num_cols': 800, 'B_min_dim': 800, 'B_numerical_rank': 800, 'B_rank_fraction': 1.0, 'B_rank_tolerance': 4.3623643694701286e-05, 'B_stable_rank': 170.54563903808594, 'B_effective_rank': 770.9886149654754, 'B_entropy_rank': 6.647673606872559, 'B_spectral_norm': 0.11858122050762177, 'B_frobenius_norm': 1.5485892295837402, 'B_nuclear_norm': 42.276527404785156, 'B_condition_number': 4.391170205589576, 'B_condition_number_tol': 4.391170205589576, 'B_smallest_singular_value': 0.02700446918606758, 'B_rank_rel_1em2': 800, 'B_rank_rel_1em3': 800, 'B_rank_rel_1em4': 800}
Global-loss target mass diagnostics: {'target_mass_mean': -1.201551914215088, 'target_mass_min': -2.6845240592956543, 'target_mass_max': 0.3885950446128845, 'target_mass_sd': 0.7472649812698364, 'target_mass_rmse_to_target': 2.3237152099609375, 'target_beta_min': -0.006584435701370239, 'target_beta_max': 0.01945209503173828, 'target_neg_frac_mean': 0.8511500000000001}
Return dictionary Z_grid shape: (800, 3)
Replicate 93 risk metrics: {'risk_n_steps_recorded': 81.0, 'risk_n_diagnostics_recorded': 81.0, 'risk_log_obj_initial': 8.367301122875311, 'risk_log_obj_final': 2.678123415055752, 'risk_log_obj_min': 1.7131765920812054, 'risk_obj_initial': 4304.004394531249, 'risk_obj_final': 14.557748794555666, 'risk_obj_min': 5.546552658081055, 'risk_log_obj_drop': 5.689177707819559, 'risk_log_bellman_root_initial': 2.3757874479750423, 'risk_log_bellman_root_final': -0.5025363459174131, 'risk_log_bellman_root_min': -0.9897847377464192, 'risk_bellman_root_initial': 10.759482383728026, 'risk_bellman_root_final': 0.6049942374229431, 'risk_bellman_root_min': 0.3716566860675812, 'risk_bellman_initial': 115.76646116575374, 'risk_bellman_final': 0.36601802731496846, 'risk_bellman_min': 0.1381286922987366, 'risk_log_bellman_root_drop': 2.8783237938924553, 'risk_bellman_returned': 0.13812868297100067, 'risk_obj_returned': 5.546552658081055, 'risk_returned_step': 3900.0, 'offline_data_id': 93, 'benchmark_point_source': 'fixed_config_plus_support_safe_target_policy_draws', 'target_set_size': 100, 'lambda_reg': 0.005, 'lambda_B': 0.02, 'num_steps': 4000, 'transition_reduction_enabled': 1, 'transition_reduction_method': 'kmeans', 'transition_original_rows': 12000, 'transition_reduced_rows': 3086, 'transition_compression_ratio': 0.25716666666666665, 'target_mass_mean': -1.201551914215088, 'target_mass_min': -2.6845240592956543, 'target_mass_max': 0.3885950446128845, 'target_mass_sd': 0.7472649812698364, 'target_mass_rmse_to_target': 2.3237152099609375, 'target_beta_min': -0.006584435701370239, 'target_beta_max': 0.01945209503173828, 'target_neg_frac_mean': 0.8511500000000001, 'B_num_rows': 3086, 'B_num_cols': 800, 'B_min_dim': 800, 'B_numerical_rank': 800, 'B_rank_fraction': 1.0, 'B_rank_tolerance': 4.3623643694701286e-05, 'B_stable_rank': 170.54563903808594, 'B_effective_rank': 770.9886149654754, 'B_entropy_rank': 6.647673606872559, 'B_spectral_norm': 0.11858122050762177, 'B_frobenius_norm': 1.5485892295837402, 'B_nuclear_norm': 42.276527404785156, 'B_condition_number': 4.391170205589576, 'B_condition_number_tol': 4.391170205589576, 'B_smallest_singular_value': 0.02700446918606758, 'B_rank_rel_1em2': 800, 'B_rank_rel_1em3': 800, 'B_rank_rel_1em4': 800, 'risk_objective_final_raw': 14.557748794555664, 'risk_objective_min_raw': 5.546552658081055, 'risk_objective_max_raw': 4304.00439453125, 'risk_bellman_final_raw': 0.36601805686950684, 'risk_bellman_min_raw': 0.13812868297100067, 'risk_bellman_max_raw': 115.76646423339844, 'risk_rkhs_ridge_final_raw': 0.01017583254724741, 'risk_rkhs_ridge_min_raw': 0.008771725930273533, 'risk_rkhs_ridge_max_raw': 1.128600001335144, 'risk_mass_final_raw': 14.181554794311523, 'risk_mass_min_raw': 5.399652004241943, 'risk_mass_max_raw': 4187.109375, 'risk_negativity_final_raw': 0.0, 'risk_negativity_min_raw': 0.0, 'risk_negativity_max_raw': 0.0, 'risk_B_norm_final_raw': 1.5480138063430786, 'risk_B_norm_min_raw': 1.5480138063430786, 'risk_B_norm_max_raw': 1.6403917074203491, 'risk_diagnostic_step_final_raw': 4000.0, 'risk_diagnostic_step_min_raw': 1.0, 'risk_diagnostic_step_max_raw': 4000.0, 'risk_best_step_final_raw': 3900.0, 'risk_best_step_min_raw': 3900.0, 'risk_best_step_max_raw': 3900.0, 'risk_best_objective_final_raw': 5.546552658081055, 'risk_best_objective_min_raw': 5.546552658081055, 'risk_best_objective_max_raw': 5.546552658081055, 'risk_best_bellman_final_raw': 0.13812868297100067, 'risk_best_bellman_min_raw': 0.13812868297100067, 'risk_best_bellman_max_raw': 0.13812868297100067, 'risk_returned_step_final_raw': 3900.0, 'risk_returned_step_min_raw': 3900.0, 'risk_returned_step_max_raw': 3900.0, 'risk_returned_objective_final_raw': 5.546552658081055, 'risk_returned_objective_min_raw': 5.546552658081055, 'risk_returned_objective_max_raw': 5.546552658081055, 'risk_returned_bellman_final_raw': 0.13812868297100067, 'risk_returned_bellman_min_raw': 0.13812868297100067, 'risk_returned_bellman_max_raw': 0.13812868297100067, 'risk_returned_best_checkpoint_final_raw': 1.0, 'risk_returned_best_checkpoint_min_raw': 1.0, 'risk_returned_best_checkpoint_max_raw': 1.0}
Benchmark 0 evaluation grid shape: (800, 3)
Replicate 93, benchmark 0 metrics: {'run_id': '93_b0', 'RMSE': 0.22530022202342848, 'MAE': 0.20497930299008657, 'SupNorm': 0.4189692884683609, 'Bias': -0.20497930299008657, 'Corr': -0.23312311718607898, 'deming_slope': -3.9449621444783314, 'deming_intercept': 0.4303862731937537, 'beta_sum': -0.7679301500320435, 'beta_l1': 1.1673591136932373, 'beta_l2': 0.048981375992298126, 'beta_min': -0.004008851945400238, 'beta_max': 0.007268313318490982, 'beta_neg_frac': 0.8, 'offline_data_id': 93, 'benchmark_id': 0, 'benchmark_point_source': 'fixed_config', 'target_set_size': 100, 'benchmark_z_path': 'data/Z_true.pt', 'projected_bellman_test_risk': 0.006274532526731491, 'oracle_embedding_risk': 0.8345768451690674, 'benchmark_embedding_risk': 0.8345768451690674, 'risk_bellman_final': 0.36601802731496846, 'risk_obj_final': 14.557748794555666, 'B_num_rows': 3086, 'B_num_cols': 800, 'B_min_dim': 800, 'B_numerical_rank': 800, 'B_rank_fraction': 1.0, 'B_rank_tolerance': 4.3623643694701286e-05, 'B_stable_rank': 170.54563903808594, 'B_effective_rank': 770.9886149654754, 'B_entropy_rank': 6.647673606872559, 'B_spectral_norm': 0.11858122050762177, 'B_frobenius_norm': 1.5485892295837402, 'B_nuclear_norm': 42.276527404785156, 'B_condition_number': 4.391170205589576, 'B_condition_number_tol': 4.391170205589576, 'B_smallest_singular_value': 0.02700446918606758, 'B_rank_rel_1em2': 800, 'B_rank_rel_1em3': 800, 'B_rank_rel_1em4': 800}
Saved ./mu/mu_hat.csv shape=(800,)
Saved ./mu/mu2D_hat_dims01.csv shape=(120, 120)
Saved ./mu/mu2D_hat_dims01.csv shape=(120, 120)
Saved plots/replicate_93/mu_3D.png
Benchmark 1 evaluation grid shape: (800, 3)
Replicate 93, benchmark 1 metrics: {'run_id': '93_b1', 'RMSE': 0.634757682138764, 'MAE': 0.5875801661823061, 'SupNorm': 1.034226894378662, 'Bias': -0.5875801661823061, 'Corr': -0.9889187433622285, 'deming_slope': -4.167430442518048, 'deming_intercept': 0.07210325396937156, 'beta_sum': -3.0767178535461426, 'beta_l1': 3.0873196125030518, 'beta_l2': 0.11273893713951111, 'beta_min': -0.007209427654743195, 'beta_max': 0.0012871400685980916, 'beta_neg_frac': 0.99125, 'offline_data_id': 93, 'benchmark_id': 1, 'benchmark_point_source': 'fixed_config', 'target_set_size': 100, 'benchmark_z_path': 'data/Z_true.pt', 'projected_bellman_test_risk': 0.23784556984901428, 'oracle_embedding_risk': 3.1362152099609375, 'benchmark_embedding_risk': 3.1362152099609375, 'risk_bellman_final': 0.36601802731496846, 'risk_obj_final': 14.557748794555666, 'B_num_rows': 3086, 'B_num_cols': 800, 'B_min_dim': 800, 'B_numerical_rank': 800, 'B_rank_fraction': 1.0, 'B_rank_tolerance': 4.3623643694701286e-05, 'B_stable_rank': 170.54563903808594, 'B_effective_rank': 770.9886149654754, 'B_entropy_rank': 6.647673606872559, 'B_spectral_norm': 0.11858122050762177, 'B_frobenius_norm': 1.5485892295837402, 'B_nuclear_norm': 42.276527404785156, 'B_condition_number': 4.391170205589576, 'B_condition_number_tol': 4.391170205589576, 'B_smallest_singular_value': 0.02700446918606758, 'B_rank_rel_1em2': 800, 'B_rank_rel_1em3': 800, 'B_rank_rel_1em4': 800}
Benchmark 2 evaluation grid shape: (800, 3)
Replicate 93, benchmark 2 metrics: {'run_id': '93_b2', 'RMSE': 0.5947244135940972, 'MAE': 0.5508823571279936, 'SupNorm': 0.9698091149330139, 'Bias': -0.5508823571279936, 'Corr': -0.881294357040893, 'deming_slope': -4.506021504007825, 'deming_intercept': 0.17225896331636742, 'beta_sum': -2.8191304206848145, 'beta_l1': 2.8393912315368652, 'beta_l2': 0.10405457764863968, 'beta_min': -0.006889235228300095, 'beta_max': 0.0026914032641798258, 'beta_neg_frac': 0.9875, 'offline_data_id': 93, 'benchmark_id': 2, 'benchmark_point_source': 'fixed_config', 'target_set_size': 100, 'benchmark_z_path': 'data/Z_true.pt', 'projected_bellman_test_risk': 0.1830936223268509, 'oracle_embedding_risk': 2.7963757514953613, 'benchmark_embedding_risk': 2.7963757514953613, 'risk_bellman_final': 0.36601802731496846, 'risk_obj_final': 14.557748794555666, 'B_num_rows': 3086, 'B_num_cols': 800, 'B_min_dim': 800, 'B_numerical_rank': 800, 'B_rank_fraction': 1.0, 'B_rank_tolerance': 4.3623643694701286e-05, 'B_stable_rank': 170.54563903808594, 'B_effective_rank': 770.9886149654754, 'B_entropy_rank': 6.647673606872559, 'B_spectral_norm': 0.11858122050762177, 'B_frobenius_norm': 1.5485892295837402, 'B_nuclear_norm': 42.276527404785156, 'B_condition_number': 4.391170205589576, 'B_condition_number_tol': 4.391170205589576, 'B_smallest_singular_value': 0.02700446918606758, 'B_rank_rel_1em2': 800, 'B_rank_rel_1em3': 800, 'B_rank_rel_1em4': 800}
Benchmark 3 evaluation grid shape: (800, 3)
Replicate 93, benchmark 3 metrics: {'run_id': '93_b3', 'RMSE': 0.5796251147572448, 'MAE': 0.5330842454606318, 'SupNorm': 0.9595710039138794, 'Bias': -0.5330842454606318, 'Corr': -0.9116904799513776, 'deming_slope': -4.284411102196514, 'deming_intercept': 0.1382077884404292, 'beta_sum': -2.784825563430786, 'beta_l1': 2.807751417160034, 'beta_l2': 0.10291057080030441, 'beta_min': -0.00637364387512207, 'beta_max': 0.0023184670135378838, 'beta_neg_frac': 0.985, 'offline_data_id': 93, 'benchmark_id': 3, 'benchmark_point_source': 'fixed_config', 'target_set_size': 100, 'benchmark_z_path': 'data/Z_true.pt', 'projected_bellman_test_risk': 0.1689479798078537, 'oracle_embedding_risk': 2.769984722137451, 'benchmark_embedding_risk': 2.769984722137451, 'risk_bellman_final': 0.36601802731496846, 'risk_obj_final': 14.557748794555666, 'B_num_rows': 3086, 'B_num_cols': 800, 'B_min_dim': 800, 'B_numerical_rank': 800, 'B_rank_fraction': 1.0, 'B_rank_tolerance': 4.3623643694701286e-05, 'B_stable_rank': 170.54563903808594, 'B_effective_rank': 770.9886149654754, 'B_entropy_rank': 6.647673606872559, 'B_spectral_norm': 0.11858122050762177, 'B_frobenius_norm': 1.5485892295837402, 'B_nuclear_norm': 42.276527404785156, 'B_condition_number': 4.391170205589576, 'B_condition_number_tol': 4.391170205589576, 'B_smallest_singular_value': 0.02700446918606758, 'B_rank_rel_1em2': 800, 'B_rank_rel_1em3': 800, 'B_rank_rel_1em4': 800}
Benchmark 4 evaluation grid shape: (800, 3)
Replicate 93, benchmark 4 metrics: {'run_id': '93_b4', 'RMSE': 0.15010199449102435, 'MAE': 0.1381029436052995, 'SupNorm': 0.30954471975564957, 'Bias': -0.1381029436052995, 'Corr': 0.27023287191025236, 'deming_slope': 1.4116380936762454, 'deming_intercept': -0.19187781662695438, 'beta_sum': -0.3349464237689972, 'beta_l1': 1.4244530200958252, 'beta_l2': 0.07043680548667908, 'beta_min': -0.0037360128480941057, 'beta_max': 0.013465729542076588, 'beta_neg_frac': 0.78875, 'offline_data_id': 93, 'benchmark_id': 4, 'benchmark_point_source': 'support_safe_target_policy_draw', 'target_set_size': 100, 'benchmark_z_path': 'data/Z_true.pt', 'projected_bellman_test_risk': 0.007928593084216118, 'oracle_embedding_risk': 0.6370798349380493, 'benchmark_embedding_risk': 0.6370798349380493, 'risk_bellman_final': 0.36601802731496846, 'risk_obj_final': 14.557748794555666, 'B_num_rows': 3086, 'B_num_cols': 800, 'B_min_dim': 800, 'B_numerical_rank': 800, 'B_rank_fraction': 1.0, 'B_rank_tolerance': 4.3623643694701286e-05, 'B_stable_rank': 170.54563903808594, 'B_effective_rank': 770.9886149654754, 'B_entropy_rank': 6.647673606872559, 'B_spectral_norm': 0.11858122050762177, 'B_frobenius_norm': 1.5485892295837402, 'B_nuclear_norm': 42.276527404785156, 'B_condition_number': 4.391170205589576, 'B_condition_number_tol': 4.391170205589576, 'B_smallest_singular_value': 0.02700446918606758, 'B_rank_rel_1em2': 800, 'B_rank_rel_1em3': 800, 'B_rank_rel_1em4': 800}
Benchmark 5 evaluation grid shape: (800, 3)
Replicate 93, benchmark 5 metrics: {'run_id': '93_b5', 'RMSE': 0.12428759998264378, 'MAE': 0.11640238782871165, 'SupNorm': 0.19699747674167156, 'Bias': -0.11639785590596148, 'Corr': 0.48313704029542726, 'deming_slope': 0.05061855284740561, 'deming_intercept': 0.0031505813984654546, 'beta_sum': 0.16298344731330872, 'beta_l1': 0.2965637743473053, 'beta_l2': 0.01648988388478756, 'beta_min': -0.0007484909729100764, 'beta_max': 0.003619611728936434, 'beta_neg_frac': 0.3975, 'offline_data_id': 93, 'benchmark_id': 5, 'benchmark_point_source': 'support_safe_target_policy_draw', 'target_set_size': 100, 'benchmark_z_path': 'data/Z_true.pt', 'projected_bellman_test_risk': 0.003942912444472313, 'oracle_embedding_risk': 0.47260865569114685, 'benchmark_embedding_risk': 0.47260865569114685, 'risk_bellman_final': 0.36601802731496846, 'risk_obj_final': 14.557748794555666, 'B_num_rows': 3086, 'B_num_cols': 800, 'B_min_dim': 800, 'B_numerical_rank': 800, 'B_rank_fraction': 1.0, 'B_rank_tolerance': 4.3623643694701286e-05, 'B_stable_rank': 170.54563903808594, 'B_effective_rank': 770.9886149654754, 'B_entropy_rank': 6.647673606872559, 'B_spectral_norm': 0.11858122050762177, 'B_frobenius_norm': 1.5485892295837402, 'B_nuclear_norm': 42.276527404785156, 'B_condition_number': 4.391170205589576, 'B_condition_number_tol': 4.391170205589576, 'B_smallest_singular_value': 0.02700446918606758, 'B_rank_rel_1em2': 800, 'B_rank_rel_1em3': 800, 'B_rank_rel_1em4': 800}
Benchmark 6 evaluation grid shape: (800, 3)
Replicate 93, benchmark 6 metrics: {'run_id': '93_b6', 'RMSE': 0.33202309024927024, 'MAE': 0.30046688225345863, 'SupNorm': 0.6008253693580627, 'Bias': -0.30046688225345863, 'Corr': -0.5140319598891318, 'deming_slope': -4.066185623216594, 'deming_intercept': 0.35487298060385375, 'beta_sum': -1.348841667175293, 'beta_l1': 1.5652260780334473, 'beta_l2': 0.06291159987449646, 'beta_min': -0.005002169869840145, 'beta_max': 0.005215393844991922, 'beta_neg_frac': 0.90125, 'offline_data_id': 93, 'benchmark_id': 6, 'benchmark_point_source': 'support_safe_target_policy_draw', 'target_set_size': 100, 'benchmark_z_path': 'data/Z_true.pt', 'projected_bellman_test_risk': 0.007690953556448221, 'oracle_embedding_risk': 1.2805018424987793, 'benchmark_embedding_risk': 1.2805018424987793, 'risk_bellman_final': 0.36601802731496846, 'risk_obj_final': 14.557748794555666, 'B_num_rows': 3086, 'B_num_cols': 800, 'B_min_dim': 800, 'B_numerical_rank': 800, 'B_rank_fraction': 1.0, 'B_rank_tolerance': 4.3623643694701286e-05, 'B_stable_rank': 170.54563903808594, 'B_effective_rank': 770.9886149654754, 'B_entropy_rank': 6.647673606872559, 'B_spectral_norm': 0.11858122050762177, 'B_frobenius_norm': 1.5485892295837402, 'B_nuclear_norm': 42.276527404785156, 'B_condition_number': 4.391170205589576, 'B_condition_number_tol': 4.391170205589576, 'B_smallest_singular_value': 0.02700446918606758, 'B_rank_rel_1em2': 800, 'B_rank_rel_1em3': 800, 'B_rank_rel_1em4': 800}
Benchmark 7 evaluation grid shape: (800, 3)
Replicate 93, benchmark 7 metrics: {'run_id': '93_b7', 'RMSE': 0.3317735531098357, 'MAE': 0.2952540823922027, 'SupNorm': 0.6346473544836044, 'Bias': -0.2952540823922027, 'Corr': -0.40341614310228513, 'deming_slope': -6.169743174467117, 'deming_intercept': 0.623388884782041, 'beta_sum': -1.4805493354797363, 'beta_l1': 1.9676094055175781, 'beta_l2': 0.07708743959665298, 'beta_min': -0.00508001446723938, 'beta_max': 0.009574864991009235, 'beta_neg_frac': 0.89, 'offline_data_id': 93, 'benchmark_id': 7, 'benchmark_point_source': 'support_safe_target_policy_draw', 'target_set_size': 100, 'benchmark_z_path': 'data/Z_true.pt', 'projected_bellman_test_risk': 0.03797510266304016, 'oracle_embedding_risk': 1.407158374786377, 'benchmark_embedding_risk': 1.407158374786377, 'risk_bellman_final': 0.36601802731496846, 'risk_obj_final': 14.557748794555666, 'B_num_rows': 3086, 'B_num_cols': 800, 'B_min_dim': 800, 'B_numerical_rank': 800, 'B_rank_fraction': 1.0, 'B_rank_tolerance': 4.3623643694701286e-05, 'B_stable_rank': 170.54563903808594, 'B_effective_rank': 770.9886149654754, 'B_entropy_rank': 6.647673606872559, 'B_spectral_norm': 0.11858122050762177, 'B_frobenius_norm': 1.5485892295837402, 'B_nuclear_norm': 42.276527404785156, 'B_condition_number': 4.391170205589576, 'B_condition_number_tol': 4.391170205589576, 'B_smallest_singular_value': 0.02700446918606758, 'B_rank_rel_1em2': 800, 'B_rank_rel_1em3': 800, 'B_rank_rel_1em4': 800}
Benchmark 8 evaluation grid shape: (800, 3)
Replicate 93, benchmark 8 metrics: {'run_id': '93_b8', 'RMSE': 0.180175307621545, 'MAE': 0.16257830102404114, 'SupNorm': 0.3386984020471573, 'Bias': -0.16257830102404114, 'Corr': -0.26801464961102944, 'deming_slope': -1.1731621953651659, 'deming_intercept': 0.11480877861565267, 'beta_sum': -0.17679326236248016, 'beta_l1': 1.2682551145553589, 'beta_l2': 0.061306215822696686, 'beta_min': -0.003717622021213174, 'beta_max': 0.011319955810904503, 'beta_neg_frac': 0.70125, 'offline_data_id': 93, 'benchmark_id': 8, 'benchmark_point_source': 'support_safe_target_policy_draw', 'target_set_size': 100, 'benchmark_z_path': 'data/Z_true.pt', 'projected_bellman_test_risk': 0.02891504019498825, 'oracle_embedding_risk': 0.6454220414161682, 'benchmark_embedding_risk': 0.6454220414161682, 'risk_bellman_final': 0.36601802731496846, 'risk_obj_final': 14.557748794555666, 'B_num_rows': 3086, 'B_num_cols': 800, 'B_min_dim': 800, 'B_numerical_rank': 800, 'B_rank_fraction': 1.0, 'B_rank_tolerance': 4.3623643694701286e-05, 'B_stable_rank': 170.54563903808594, 'B_effective_rank': 770.9886149654754, 'B_entropy_rank': 6.647673606872559, 'B_spectral_norm': 0.11858122050762177, 'B_frobenius_norm': 1.5485892295837402, 'B_nuclear_norm': 42.276527404785156, 'B_condition_number': 4.391170205589576, 'B_condition_number_tol': 4.391170205589576, 'B_smallest_singular_value': 0.02700446918606758, 'B_rank_rel_1em2': 800, 'B_rank_rel_1em3': 800, 'B_rank_rel_1em4': 800}
Benchmark 9 evaluation grid shape: (800, 3)
Replicate 93, benchmark 9 metrics: {'run_id': '93_b9', 'RMSE': 0.3662828579953676, 'MAE': 0.3275349745292988, 'SupNorm': 0.6624042093753815, 'Bias': -0.3275349745292988, 'Corr': -0.5207419576873108, 'deming_slope': -5.060994096244242, 'deming_intercept': 0.4617576112580817, 'beta_sum': -1.4862109422683716, 'beta_l1': 2.018785238265991, 'beta_l2': 0.07940714061260223, 'beta_min': -0.005297990515828133, 'beta_max': 0.01055518165230751, 'beta_neg_frac': 0.88125, 'offline_data_id': 93, 'benchmark_id': 9, 'benchmark_point_source': 'support_safe_target_policy_draw', 'target_set_size': 100, 'benchmark_z_path': 'data/Z_true.pt', 'projected_bellman_test_risk': 0.018136635422706604, 'oracle_embedding_risk': 1.4743828773498535, 'benchmark_embedding_risk': 1.4743828773498535, 'risk_bellman_final': 0.36601802731496846, 'risk_obj_final': 14.557748794555666, 'B_num_rows': 3086, 'B_num_cols': 800, 'B_min_dim': 800, 'B_numerical_rank': 800, 'B_rank_fraction': 1.0, 'B_rank_tolerance': 4.3623643694701286e-05, 'B_stable_rank': 170.54563903808594, 'B_effective_rank': 770.9886149654754, 'B_entropy_rank': 6.647673606872559, 'B_spectral_norm': 0.11858122050762177, 'B_frobenius_norm': 1.5485892295837402, 'B_nuclear_norm': 42.276527404785156, 'B_condition_number': 4.391170205589576, 'B_condition_number_tol': 4.391170205589576, 'B_smallest_singular_value': 0.02700446918606758, 'B_rank_rel_1em2': 800, 'B_rank_rel_1em3': 800, 'B_rank_rel_1em4': 800}
Replicate 93 finished in 23.6s
Finished combo 5, offline replicate 93.
