Job ID:    2359195
Array idx: 404
CPUs/node: 64
Mem/node:  131072
Using CC = cc 
Using CXX = CC 
Using FC = ftn 
Using F77 = ftn 
Using F90 = ftn 
cuda/12.6.1 is deprecated; loading cudatoolkit/25.5_12.9 instead.
Using CC = /opt/nvidia/hpc_sdk/Linux_aarch64/25.5/compilers/bin/nvc 
Using CXX = /opt/nvidia/hpc_sdk/Linux_aarch64/25.5/compilers/bin/nvc++ 
Using FC = /opt/nvidia/hpc_sdk/Linux_aarch64/25.5/compilers/bin/nvfortran 
Using F77 = /opt/nvidia/hpc_sdk/Linux_aarch64/25.5/compilers/bin/nvfortran 
Using F90 = /opt/nvidia/hpc_sdk/Linux_aarch64/25.5/compilers/bin/nvfortran 
Using CC = /opt/nvidia/hpc_sdk/Linux_aarch64/25.5/compilers/bin/nvc 
Using CXX = /opt/nvidia/hpc_sdk/Linux_aarch64/25.5/compilers/bin/nvc++ 
Using FC = /opt/nvidia/hpc_sdk/Linux_aarch64/25.5/compilers/bin/nvfortran 
Using F77 = /opt/nvidia/hpc_sdk/Linux_aarch64/25.5/compilers/bin/nvfortran 
Using F90 = /opt/nvidia/hpc_sdk/Linux_aarch64/25.5/compilers/bin/nvfortran 

Lmod is automatically replacing "gcc-native/14" with "gcc/14.2.0".

ghx4
0
Tuning combo id: 4 / 6
Offline replicate id: 4 / 99
Installing ke_drl from git: https://github.com/mehrdadmhmdi/ke-drl.git@main
Collecting git+https://github.com/mehrdadmhmdi/ke-drl.git@main
  Cloning https://github.com/mehrdadmhmdi/ke-drl.git (to revision main) to /tmp/pip-req-build-azw1tye_
  Running command git clone --filter=blob:none --quiet https://github.com/mehrdadmhmdi/ke-drl.git /tmp/pip-req-build-azw1tye_
  Resolved https://github.com/mehrdadmhmdi/ke-drl.git to commit 3c5d570e40ea15b1fbe4817b5f43b64c7b333e82
  Installing build dependencies: started
  Installing build dependencies: finished with status 'done'
  Getting requirements to build wheel: started
  Getting requirements to build wheel: finished with status 'done'
  Preparing metadata (pyproject.toml): started
  Preparing metadata (pyproject.toml): finished with status 'done'
Building wheels for collected packages: ke_drl
  Building wheel for ke_drl (pyproject.toml): started
  Building wheel for ke_drl (pyproject.toml): finished with status 'done'
  Created wheel for ke_drl: filename=ke_drl-0.1.0-py3-none-any.whl size=47219 sha256=981e3d483af6c32897de94a60e5309f07685508f977bb85a9d1de9853431b203
  Stored in directory: /tmp/pip-ephem-wheel-cache-ay3r2mrp/wheels/24/47/ad/9a4ffd3b05d3e90e35ffc6e7324b735b8bfcf5f51aaf29a333
Successfully built ke_drl
Installing collected packages: ke_drl
Successfully installed ke_drl-0.1.0
Installed ke_drl source: /work/nvme/bfez/mehrdad3/DistRL/simulation_3/runs/sim3_global_2358722_4/.kedrl_site_404/ke_drl/__init__.py
Tuning combo 4: kernel_length_1.5
Overrides: {'kernel': {'length_scale': 1.5}}
RUN: /sw/user/python/miniforge3-pytorch-24.11.3/bin/python3 validate_sim_config.py --params params.yaml
ke_drl import source: /work/nvme/bfez/mehrdad3/DistRL/simulation_3/runs/sim3_global_2358722_4/.kedrl_site_404/ke_drl/__init__.py
ke_drl package API OK: prediction weights, RFF operators, rank diagnostics, and best-checkpoint optimizer available
Policy config OK: behavior=uniform, target=logistic, state_dim=5, action_dim=1
Note: policy.logistic.theta_scale/theta_std are log-scale coefficients in Probability_Densities.
Behavior-policy linearized state-process diagnostic: spectral_radius=0.653, offline_burn_in=50
Replicate config OK: num_replicates=100, benchmark points=10 independent of D_i, loss target points=100
Transition reduction OK: method=kmeans, raw rows N(T-1)=12000, target rows about 3000, B rows reduced from 12000 to about 3000
Return-operator approximation OK: method=rff, features=512, exact G avoided for estimated N=12000, m=800, L=100
Fixed benchmark config rows=4 (benchmark.num_points=10; additional points are support-safe target-policy draws if needed)
Fixed benchmark point 0: s_star=[0.6, -0.8, 0.7, -0.5, 0.9], a_star=[0.5]
Fixed benchmark behavior-support interval for configured rows: min_lower=-0.12, max_upper=1.11
Fixed benchmark target-policy location range: [-0.02, 0.14]
Reusing shared data from /work/nvme/bfez/mehrdad3/DistRL/simulation_3/runs/sim3_shared_data/data for offline replicate 4.
RUN: /sw/user/python/miniforge3-pytorch-24.11.3/bin/python3 validate_sim_config.py --params params.yaml --data data/offline_data_4.pt
ke_drl import source: /work/nvme/bfez/mehrdad3/DistRL/simulation_3/runs/sim3_global_2358722_4/.kedrl_site_404/ke_drl/__init__.py
ke_drl package API OK: prediction weights, RFF operators, rank diagnostics, and best-checkpoint optimizer available
Policy config OK: behavior=uniform, target=logistic, state_dim=5, action_dim=1
Note: policy.logistic.theta_scale/theta_std are log-scale coefficients in Probability_Densities.
Behavior-policy linearized state-process diagnostic: spectral_radius=0.653, offline_burn_in=50
Replicate config OK: num_replicates=100, benchmark points=10 independent of D_i, loss target points=100
Transition reduction OK: method=kmeans, raw rows N(T-1)=12000, target rows about 3000, B rows reduced from 12000 to about 3000
Return-operator approximation OK: method=rff, features=512, exact G avoided for estimated N=12000, m=800, L=100
Fixed benchmark config rows=4 (benchmark.num_points=10; additional points are support-safe target-policy draws if needed)
Fixed benchmark point 0: s_star=[0.6, -0.8, 0.7, -0.5, 0.9], a_star=[0.5]
Fixed benchmark behavior-support interval for configured rows: min_lower=-0.12, max_upper=1.11
Fixed benchmark target-policy location range: [-0.02, 0.14]
Full benchmark support check OK: 10 points, min_lower=-2.177, max_upper=2.05
observed behavior actions: mean=0.401, sd=0.6827, q0/q10/q50/q90/q100=[-2.1534204483032227, -0.42451479136943815, 0.3412277102470398, 1.3133296370506287, 2.8399415016174316]
target-policy sampled actions: mean=-0.02155, sd=0.672, q0/q10/q50/q90/q100=[-2.5738196618265676, -0.8836609057589053, -0.014731699922947192, 0.8356614221107901, 2.592961956734972]
behavior uniform lower: mean=-0.1213, sd=0.666, q0/q10/q50/q90/q100=[-2.691244900226593, -0.9700013197958469, -0.11177228167653086, 0.7282895770668983, 2.397842463850975]
behavior uniform upper: mean=0.9253, sd=0.6509, q0/q10/q50/q90/q100=[-0.8736334025859832, 0.07330524519085888, 0.9334782585501671, 1.7597300562262537, 3.397842463850975]
target location inside behavior uniform support: 0.967
RUN: /sw/user/python/miniforge3-pytorch-24.11.3/bin/python3 main_est.py
# ================================================================ #
#   Global KE-DRL estimation for one offline replicate              #
# ================================================================ #
Slurm Job ID: 2359195
Slurm Array ID: 4 -- used as the offline-replicate id
Offline data id: 4
ke_drl import source: /work/nvme/bfez/mehrdad3/DistRL/simulation_3/runs/sim3_global_2358722_4/.kedrl_site_404/ke_drl/__init__.py
Estimator device: cuda (NVIDIA GH200 120GB, capability 9.0); torch CUDA=13.0
Random seed: 20460516
Number of offline replicates: 100
[transition reduction] enabled: original rows=12000, target basis=3000, method=kmeans, device=cuda
[transition reduction] kmeans iter 1/20, mean center shift=2.7023e-01
[transition reduction] kmeans iter 5/20, mean center shift=5.2030e-03
[transition reduction] kmeans iter 10/20, mean center shift=8.8887e-05
[transition reduction] selected 3079 rows from 12000 transitions (ratio 0.2566); indices saved to data/reduced_transition_indices_4.pt
Data and parameters loaded.
offline path: data/offline_data_4.pt
benchmark true-Z path: data/Z_true.pt
offline shapes after reduction: s0=(3079, 5), a0=(3079, 1), r0=(3079, 3)
transition reduction: {'enabled': True, 'method': 'kmeans', 'original_rows': 12000, 'reduced_rows': 3079, 'selected_indices_path': 'data/reduced_transition_indices_4.pt', 'target_basis': 3000, 'compression_ratio': 0.25658333333333333}
fixed benchmark point source: fixed_config_plus_support_safe_target_policy_draws
benchmark row excluded from this offline data: None
global loss target set shape: s_star=(100, 5), a_star=(100, 1)
benchmark true-Z count=10, shape each=(50000, 3)
target policy: logistic
behavior policy: uniform
lambda_Gamma=0.005, lambda_B=0.02, d_r_method=song
dtype=torch.float32, operator_method=rff, operator_num_features=512
ridge_mode=rkhs, diagnostic_interval=50
mass_anchor_lambda=1.0, target_mass=1.0
uLSIF basis: source=numerator, n_basis=512, lambda_reg=0.005
optimizer stabilizers: lambda_neg=0.0, max_B_norm=None, eta_clip_min=0.0, eta_clip_max=5.0, normalize_eta=True
========================================
Estimating the global KE-DRL mean embedding
torch device=cuda, dtype=torch.float32
Data dims: N=3079, L=100, Ds=5, Da=1, Dr=3
lambda_Gamma=0.005, lambda_B=0.02
return-operator construction: method=rff, rff_features=512
[uLSIF] basis=512/3079 (numerator); eta_hat min=-9.506e-01 max=4.597e+00 neg%=4.48
ESS for eta_plus: 2199.3 / 3079
eta_plus diagnostics: raw_mean=1, raw_min=-0.951, raw_max=4.6; used_mean=1, used_min=0, used_max=4.53
[timing] Z-grid: 0.03s
[timing] K_X: 0.00s
[timing] K_plus: 0.00s
[timing] k_star: 0.00s
[timing] Gamma_stack: 0.01s
[timing] Phi_stack: 0.00s
[timing] RFF feature sample: 0.00s
[timing] K_Z RFF: 0.00s
[timing] G_stack RFF: 0.01s
[timing] H_stack RFF: 0.01s
findfont: Font family 'Nimbus Roman' not found.
findfont: Font family 'Nimbus Roman' not found.
findfont: Font family 'Nimbus Roman' not found.
findfont: Font family 'Nimbus Roman' not found.
findfont: Font family 'Nimbus Roman' not found.
findfont: Font family 'Nimbus Roman' not found.
findfont: Font family 'Nimbus Roman' not found.
findfont: Font family 'Nimbus Roman' not found.
findfont: Font family 'Nimbus Roman' not found.
findfont: Font family 'Nimbus Roman' not found.
findfont: Font family 'Nimbus Roman' not found.
findfont: Font family 'Nimbus Roman' not found.
findfont: Font family 'Nimbus Roman' not found.
findfont: Font family 'Nimbus Roman' not found.
findfont: Font family 'Nimbus Roman' not found.
findfont: Font family 'Nimbus Roman' not found.
findfont: Font family 'Nimbus Roman' not found.
findfont: Font family 'Nimbus Roman' not found.
findfont: Font family 'Nimbus Roman' not found.
findfont: Font family 'Nimbus Roman' not found.
findfont: Font family 'Nimbus Roman' not found.
findfont: Font family 'Nimbus Roman' not found.
findfont: Font family 'Nimbus Roman' not found.
findfont: Font family 'Nimbus Roman' not found.
findfont: Font family 'Nimbus Roman' not found.
findfont: Font family 'Nimbus Roman' not found.
findfont: Font family 'Nimbus Roman' not found.
findfont: Font family 'Nimbus Roman' not found.
findfont: Font family 'Nimbus Roman' not found.
findfont: Font family 'Nimbus Roman' not found.
findfont: Font family 'Nimbus Roman' not found.
findfont: Font family 'Nimbus Roman' not found.
findfont: Font family 'Nimbus Roman' not found.
findfont: Font family 'Nimbus Roman' not found.
findfont: Font family 'Nimbus Roman' not found.
findfont: Font family 'Nimbus Roman' not found.
findfont: Font family 'Nimbus Roman' not found.
findfont: Font family 'Nimbus Roman' not found.
findfont: Font family 'Nimbus Roman' not found.
findfont: Font family 'Nimbus Roman' not found.
findfont: Font family 'Nimbus Roman' not found.
findfont: Font family 'Nimbus Roman' not found.
findfont: Font family 'Nimbus Roman' not found.
findfont: Font family 'Nimbus Roman' not found.
findfont: Font family 'Nimbus Roman' not found.
findfont: Font family 'Nimbus Roman' not found.
findfont: Font family ['Nimbus Roman'] not found. Falling back to DejaVu Sans.
findfont: Font family 'Nimbus Roman' not found.
findfont: Font family ['Nimbus Roman'] not found. Falling back to DejaVu Sans.
findfont: Font family 'Nimbus Roman' not found.
findfont: Font family 'Nimbus Roman' not found.
findfont: Font family 'Nimbus Roman' not found.
findfont: Font family 'Nimbus Roman' not found.
findfont: Font family 'Nimbus Roman' not found.
findfont: Font family 'Nimbus Roman' not found.
findfont: Font family 'Nimbus Roman' not found.
findfont: Font family 'Nimbus Roman' not found.
findfont: Font family 'Nimbus Roman' not found.
findfont: Font family 'Nimbus Roman' not found.
findfont: Font family 'Nimbus Roman' not found.
findfont: Font family ['Nimbus Roman'] not found. Falling back to DejaVu Sans.
findfont: Font family 'Nimbus Roman' not found.
findfont: Font family 'Nimbus Roman' not found.
findfont: Font family 'Nimbus Roman' not found.
findfont: Font family 'Nimbus Roman' not found.
findfont: Font family 'Nimbus Roman' not found.
findfont: Font family 'Nimbus Roman' not found.
findfont: Font family 'Nimbus Roman' not found.
findfont: Font family 'Nimbus Roman' not found.
findfont: Font family 'Nimbus Roman' not found.
findfont: Font family 'Nimbus Roman' not found.
findfont: Font family 'Nimbus Roman' not found.
findfont: Font family 'Nimbus Roman' not found.
findfont: Font family 'Nimbus Roman' not found.
findfont: Font family 'Nimbus Roman' not found.
findfont: Font family 'Nimbus Roman' not found.
findfont: Font family 'Nimbus Roman' not found.
findfont: Font family 'Nimbus Roman' not found.
findfont: Font family 'Nimbus Roman' not found.
findfont: Font family 'Nimbus Roman' not found.
findfont: Font family 'Nimbus Roman' not found.
findfont: Font family 'Nimbus Roman' not found.
findfont: Font family 'Nimbus Roman' not found.
findfont: Font family 'Nimbus Roman' not found.
findfont: Font family 'Nimbus Roman' not found.
findfont: Font family 'Nimbus Roman' not found.
findfont: Font family 'Nimbus Roman' not found.
findfont: Font family 'Nimbus Roman' not found.
findfont: Font family 'Nimbus Roman' not found.
findfont: Font family 'Nimbus Roman' not found.
findfont: Font family 'Nimbus Roman' not found.
findfont: Font family 'Nimbus Roman' not found.
findfont: Font family 'Nimbus Roman' not found.
findfont: Font family 'Nimbus Roman' not found.
findfont: Font family 'Nimbus Roman' not found.
findfont: Font family 'Nimbus Roman' not found.
findfont: Font family 'Nimbus Roman' not found.
findfont: Font family 'Nimbus Roman' not found.
findfont: Font family 'Nimbus Roman' not found.
findfont: Font family 'Nimbus Roman' not found.
findfont: Font family 'Nimbus Roman' not found.
findfont: Font family 'Nimbus Roman' not found.
findfont: Font family 'Nimbus Roman' not found.
findfont: Font family 'Nimbus Roman' not found.
findfont: Font family 'Nimbus Roman' not found.
findfont: Font family 'Nimbus Roman' not found.
findfont: Font family 'Nimbus Roman' not found.
findfont: Font family 'Nimbus Roman' not found.
findfont: Font family 'Nimbus Roman' not found.
findfont: Font family 'Nimbus Roman' not found.
findfont: Font family 'Nimbus Roman' not found.
findfont: Font family 'Nimbus Roman' not found.
findfont: Font family 'Nimbus Roman' not found.
findfont: Font family 'Nimbus Roman' not found.
findfont: Font family 'Nimbus Roman' not found.
findfont: Font family 'Nimbus Roman' not found.
findfont: Font family 'Nimbus Roman' not found.
findfont: Font family 'Nimbus Roman' not found.
findfont: Font family 'Nimbus Roman' not found.
findfont: Font family 'Nimbus Roman' not found.
findfont: Font family 'Nimbus Roman' not found.
findfont: Font family 'Nimbus Roman' not found.
findfont: Font family 'Nimbus Roman' not found.
findfont: Font family 'Nimbus Roman' not found.
findfont: Font family 'Nimbus Roman' not found.
findfont: Font family 'Nimbus Roman' not found.
findfont: Font family 'Nimbus Roman' not found.
findfont: Font family 'Nimbus Roman' not found.
findfont: Font family 'Nimbus Roman' not found.
findfont: Font family 'Nimbus Roman' not found.
findfont: Font family 'Nimbus Roman' not found.
findfont: Font family 'Nimbus Roman' not found.
findfont: Font family 'Nimbus Roman' not found.
findfont: Font family 'Nimbus Roman' not found.
findfont: Font family 'Nimbus Roman' not found.
findfont: Font family 'Nimbus Roman' not found.
findfont: Font family 'Nimbus Roman' not found.
findfont: Font family 'Nimbus Roman' not found.
findfont: Font family 'Nimbus Roman' not found.
findfont: Font family 'Nimbus Roman' not found.
findfont: Font family 'Nimbus Roman' not found.
findfont: Font family 'Nimbus Roman' not found.
findfont: Font family 'Nimbus Roman' not found.
Ridge mode: rkhs; diagnostic interval: 50
Iter 1/4000 | log_obj=1.118e+01 | log_Bellman_root=4.260e+00 | mass=6.69e+04 | neg=0.00e+00 | grad=7.48e+02
Iter 400/4000 | log_obj=5.503e+00 | log_Bellman_root=1.425e+00 | mass=2.28e+02 | neg=0.00e+00 | grad=3.85e+04
Iter 800/4000 | log_obj=6.147e+00 | log_Bellman_root=1.745e+00 | mass=4.35e+02 | neg=0.00e+00 | grad=2.42e+04
Iter 1200/4000 | log_obj=2.117e+00 | log_Bellman_root=-2.916e-01 | mass=7.72e+00 | neg=0.00e+00 | grad=2.77e+04
Iter 1600/4000 | log_obj=3.739e+00 | log_Bellman_root=5.482e-01 | mass=3.90e+01 | neg=0.00e+00 | grad=9.01e+03
Iter 2000/4000 | log_obj=3.742e+00 | log_Bellman_root=5.493e-01 | mass=3.92e+01 | neg=0.00e+00 | grad=9.00e+03
Iter 2400/4000 | log_obj=2.491e+00 | log_Bellman_root=-3.593e-02 | mass=1.11e+01 | neg=0.00e+00 | grad=1.34e+04
Iter 2800/4000 | log_obj=2.821e+00 | log_Bellman_root=9.536e-02 | mass=1.56e+01 | neg=0.00e+00 | grad=1.43e+04
Iter 3200/4000 | log_obj=2.822e+00 | log_Bellman_root=9.582e-02 | mass=1.56e+01 | neg=0.00e+00 | grad=1.44e+04
Iter 3600/4000 | log_obj=3.203e+00 | log_Bellman_root=2.825e-01 | mass=2.28e+01 | neg=0.00e+00 | grad=4.23e+03
Iter 4000/4000 | log_obj=1.057e+00 | log_Bellman_root=-8.225e-01 | mass=2.67e+00 | neg=0.00e+00 | grad=4.50e+03
Returning best diagnostic checkpoint from step 3350 (objective=1.001e+00, Bellman=6.828e-02).
Done in 12.60s.
KE-DRL global estimation is done.
B_hat shape: (3079, 800)
B_hat rank diagnostics: {'B_num_rows': 3079, 'B_num_cols': 800, 'B_min_dim': 800, 'B_numerical_rank': 800, 'B_rank_fraction': 1.0, 'B_rank_tolerance': 3.076258169709689e-05, 'B_stable_rank': 349.68109130859375, 'B_effective_rank': 771.7382213471232, 'B_entropy_rank': 6.648645401000977, 'B_spectral_norm': 0.08381137996912003, 'B_frobenius_norm': 1.5672528743743896, 'B_nuclear_norm': 42.83351135253906, 'B_condition_number': 3.0655195399066253, 'B_condition_number_tol': 3.0655195399066253, 'B_smallest_singular_value': 0.027340024709701538, 'B_rank_rel_1em2': 800, 'B_rank_rel_1em3': 800, 'B_rank_rel_1em4': 800}
Global-loss target mass diagnostics: {'target_mass_mean': 0.07259100675582886, 'target_mass_min': -0.38051289319992065, 'target_mass_max': 0.5832562446594238, 'target_mass_sd': 0.23601828515529633, 'target_mass_rmse_to_target': 0.9566791653633118, 'target_beta_min': -0.021413931623101234, 'target_beta_max': 0.055467117577791214, 'target_neg_frac_mean': 0.513975}
Return dictionary Z_grid shape: (800, 3)
Replicate 4 risk metrics: {'risk_n_steps_recorded': 81.0, 'risk_n_diagnostics_recorded': 81.0, 'risk_log_obj_initial': 11.182656929913156, 'risk_log_obj_final': 1.0568687692961896, 'risk_log_obj_min': 0.0009288049391664554, 'risk_obj_initial': 71873.07031250004, 'risk_obj_final': 2.877347230911255, 'risk_obj_min': 1.0009292364120483, 'risk_log_obj_drop': 10.125788160616967, 'risk_log_bellman_root_initial': 4.260275879601488, 'risk_log_bellman_root_final': -0.8224799928461359, 'risk_log_bellman_root_min': -1.342071745055629, 'risk_bellman_root_initial': 70.82952117919925, 'risk_bellman_root_final': 0.439340740442276, 'risk_bellman_root_min': 0.26130375266075134, 'risk_bellman_initial': 5016.821070474635, 'risk_bellman_final': 0.19302028621236733, 'risk_bellman_min': 0.0682796511545911, 'risk_log_bellman_root_drop': 5.082755872447624, 'risk_bellman_returned': 0.06827965378761292, 'risk_obj_returned': 1.0009292364120483, 'risk_returned_step': 3350.0, 'offline_data_id': 4, 'benchmark_point_source': 'fixed_config_plus_support_safe_target_policy_draws', 'target_set_size': 100, 'lambda_reg': 0.005, 'lambda_B': 0.02, 'num_steps': 4000, 'transition_reduction_enabled': 1, 'transition_reduction_method': 'kmeans', 'transition_original_rows': 12000, 'transition_reduced_rows': 3079, 'transition_compression_ratio': 0.25658333333333333, 'target_mass_mean': 0.07259100675582886, 'target_mass_min': -0.38051289319992065, 'target_mass_max': 0.5832562446594238, 'target_mass_sd': 0.23601828515529633, 'target_mass_rmse_to_target': 0.9566791653633118, 'target_beta_min': -0.021413931623101234, 'target_beta_max': 0.055467117577791214, 'target_neg_frac_mean': 0.513975, 'B_num_rows': 3079, 'B_num_cols': 800, 'B_min_dim': 800, 'B_numerical_rank': 800, 'B_rank_fraction': 1.0, 'B_rank_tolerance': 3.076258169709689e-05, 'B_stable_rank': 349.68109130859375, 'B_effective_rank': 771.7382213471232, 'B_entropy_rank': 6.648645401000977, 'B_spectral_norm': 0.08381137996912003, 'B_frobenius_norm': 1.5672528743743896, 'B_nuclear_norm': 42.83351135253906, 'B_condition_number': 3.0655195399066253, 'B_condition_number_tol': 3.0655195399066253, 'B_smallest_singular_value': 0.027340024709701538, 'B_rank_rel_1em2': 800, 'B_rank_rel_1em3': 800, 'B_rank_rel_1em4': 800, 'risk_objective_final_raw': 2.877347230911255, 'risk_objective_min_raw': 1.0009292364120483, 'risk_objective_max_raw': 71873.0703125, 'risk_bellman_final_raw': 0.1930202841758728, 'risk_bellman_min_raw': 0.06827965378761292, 'risk_bellman_max_raw': 5016.8212890625, 'risk_rkhs_ridge_final_raw': 0.01631881669163704, 'risk_rkhs_ridge_min_raw': 0.01631881669163704, 'risk_rkhs_ridge_max_raw': 4.946995735168457, 'risk_mass_final_raw': 2.6680080890655518, 'risk_mass_min_raw': 0.9152349829673767, 'risk_mass_max_raw': 66851.3046875, 'risk_negativity_final_raw': 0.0, 'risk_negativity_min_raw': 0.0, 'risk_negativity_max_raw': 0.0, 'risk_B_norm_final_raw': 1.56671142578125, 'risk_B_norm_min_raw': 1.56671142578125, 'risk_B_norm_max_raw': 1.6391880512237549, 'risk_diagnostic_step_final_raw': 4000.0, 'risk_diagnostic_step_min_raw': 1.0, 'risk_diagnostic_step_max_raw': 4000.0, 'risk_best_step_final_raw': 3350.0, 'risk_best_step_min_raw': 3350.0, 'risk_best_step_max_raw': 3350.0, 'risk_best_objective_final_raw': 1.0009292364120483, 'risk_best_objective_min_raw': 1.0009292364120483, 'risk_best_objective_max_raw': 1.0009292364120483, 'risk_best_bellman_final_raw': 0.06827965378761292, 'risk_best_bellman_min_raw': 0.06827965378761292, 'risk_best_bellman_max_raw': 0.06827965378761292, 'risk_returned_step_final_raw': 3350.0, 'risk_returned_step_min_raw': 3350.0, 'risk_returned_step_max_raw': 3350.0, 'risk_returned_objective_final_raw': 1.0009292364120483, 'risk_returned_objective_min_raw': 1.0009292364120483, 'risk_returned_objective_max_raw': 1.0009292364120483, 'risk_returned_bellman_final_raw': 0.06827965378761292, 'risk_returned_bellman_min_raw': 0.06827965378761292, 'risk_returned_bellman_max_raw': 0.06827965378761292, 'risk_returned_best_checkpoint_final_raw': 1.0, 'risk_returned_best_checkpoint_min_raw': 1.0, 'risk_returned_best_checkpoint_max_raw': 1.0}
Benchmark 0 evaluation grid shape: (800, 3)
Replicate 4, benchmark 0 metrics: {'run_id': '4_b0', 'RMSE': 0.40029720085768156, 'MAE': 0.38709158362587914, 'SupNorm': 0.5702839158475399, 'Bias': -0.38709158362587914, 'Corr': 0.4410474471712745, 'deming_slope': 0.3767343818270587, 'deming_intercept': -0.09841126716907364, 'beta_sum': 0.07030516862869263, 'beta_l1': 3.2163166999816895, 'beta_l2': 0.14091087877750397, 'beta_min': -0.01590925082564354, 'beta_max': 0.013770537450909615, 'beta_neg_frac': 0.495, 'offline_data_id': 4, 'benchmark_id': 0, 'benchmark_point_source': 'fixed_config', 'target_set_size': 100, 'benchmark_z_path': 'data/Z_true.pt', 'projected_bellman_test_risk': 0.035748474299907684, 'oracle_embedding_risk': 0.9311130046844482, 'benchmark_embedding_risk': 0.9311130046844482, 'risk_bellman_final': 0.19302028621236733, 'risk_obj_final': 2.877347230911255, 'B_num_rows': 3079, 'B_num_cols': 800, 'B_min_dim': 800, 'B_numerical_rank': 800, 'B_rank_fraction': 1.0, 'B_rank_tolerance': 3.076258169709689e-05, 'B_stable_rank': 349.68109130859375, 'B_effective_rank': 771.7382213471232, 'B_entropy_rank': 6.648645401000977, 'B_spectral_norm': 0.08381137996912003, 'B_frobenius_norm': 1.5672528743743896, 'B_nuclear_norm': 42.83351135253906, 'B_condition_number': 3.0655195399066253, 'B_condition_number_tol': 3.0655195399066253, 'B_smallest_singular_value': 0.027340024709701538, 'B_rank_rel_1em2': 800, 'B_rank_rel_1em3': 800, 'B_rank_rel_1em4': 800}
Saved ./mu/mu_hat.csv shape=(800,)
Saved ./mu/mu2D_hat_dims01.csv shape=(120, 120)
Saved ./mu/mu2D_hat_dims01.csv shape=(120, 120)
Saved plots/replicate_4/mu_3D.png
Benchmark 1 evaluation grid shape: (800, 3)
Replicate 4, benchmark 1 metrics: {'run_id': '4_b1', 'RMSE': 0.7889350325680259, 'MAE': 0.7620728705392685, 'SupNorm': 1.0871823132038116, 'Bias': -0.7620728705392685, 'Corr': -0.9965073034831198, 'deming_slope': -0.7996602741419306, 'deming_intercept': 0.06749682978098898, 'beta_sum': -0.469559907913208, 'beta_l1': 2.205367088317871, 'beta_l2': 0.10151896625757217, 'beta_min': -0.010296492837369442, 'beta_max': 0.0150834321975708, 'beta_neg_frac': 0.595, 'offline_data_id': 4, 'benchmark_id': 1, 'benchmark_point_source': 'fixed_config', 'target_set_size': 100, 'benchmark_z_path': 'data/Z_true.pt', 'projected_bellman_test_risk': 0.036401476711034775, 'oracle_embedding_risk': 1.817189335823059, 'benchmark_embedding_risk': 1.817189335823059, 'risk_bellman_final': 0.19302028621236733, 'risk_obj_final': 2.877347230911255, 'B_num_rows': 3079, 'B_num_cols': 800, 'B_min_dim': 800, 'B_numerical_rank': 800, 'B_rank_fraction': 1.0, 'B_rank_tolerance': 3.076258169709689e-05, 'B_stable_rank': 349.68109130859375, 'B_effective_rank': 771.7382213471232, 'B_entropy_rank': 6.648645401000977, 'B_spectral_norm': 0.08381137996912003, 'B_frobenius_norm': 1.5672528743743896, 'B_nuclear_norm': 42.83351135253906, 'B_condition_number': 3.0655195399066253, 'B_condition_number_tol': 3.0655195399066253, 'B_smallest_singular_value': 0.027340024709701538, 'B_rank_rel_1em2': 800, 'B_rank_rel_1em3': 800, 'B_rank_rel_1em4': 800}
Benchmark 2 evaluation grid shape: (800, 3)
Replicate 4, benchmark 2 metrics: {'run_id': '4_b2', 'RMSE': 0.7517239840355648, 'MAE': 0.7279740303184371, 'SupNorm': 1.0290985703468323, 'Bias': -0.7279740303184371, 'Corr': -0.8049898988347082, 'deming_slope': -0.8028712396071194, 'deming_intercept': 0.12014653166951295, 'beta_sum': -0.39784079790115356, 'beta_l1': 2.4030017852783203, 'beta_l2': 0.10833229869604111, 'beta_min': -0.010665647685527802, 'beta_max': 0.015213839709758759, 'beta_neg_frac': 0.5725, 'offline_data_id': 4, 'benchmark_id': 2, 'benchmark_point_source': 'fixed_config', 'target_set_size': 100, 'benchmark_z_path': 'data/Z_true.pt', 'projected_bellman_test_risk': 0.027770021930336952, 'oracle_embedding_risk': 1.682970404624939, 'benchmark_embedding_risk': 1.682970404624939, 'risk_bellman_final': 0.19302028621236733, 'risk_obj_final': 2.877347230911255, 'B_num_rows': 3079, 'B_num_cols': 800, 'B_min_dim': 800, 'B_numerical_rank': 800, 'B_rank_fraction': 1.0, 'B_rank_tolerance': 3.076258169709689e-05, 'B_stable_rank': 349.68109130859375, 'B_effective_rank': 771.7382213471232, 'B_entropy_rank': 6.648645401000977, 'B_spectral_norm': 0.08381137996912003, 'B_frobenius_norm': 1.5672528743743896, 'B_nuclear_norm': 42.83351135253906, 'B_condition_number': 3.0655195399066253, 'B_condition_number_tol': 3.0655195399066253, 'B_smallest_singular_value': 0.027340024709701538, 'B_rank_rel_1em2': 800, 'B_rank_rel_1em3': 800, 'B_rank_rel_1em4': 800}
Benchmark 3 evaluation grid shape: (800, 3)
Replicate 4, benchmark 3 metrics: {'run_id': '4_b3', 'RMSE': 0.7475282192535844, 'MAE': 0.7217748915054836, 'SupNorm': 1.0397246479988098, 'Bias': -0.7217748915054836, 'Corr': -0.8445373276887795, 'deming_slope': -0.7816416145189793, 'deming_intercept': 0.09746638803501573, 'beta_sum': -0.4284122586250305, 'beta_l1': 2.316986083984375, 'beta_l2': 0.1048760712146759, 'beta_min': -0.011831989511847496, 'beta_max': 0.015603024512529373, 'beta_neg_frac': 0.5925, 'offline_data_id': 4, 'benchmark_id': 3, 'benchmark_point_source': 'fixed_config', 'target_set_size': 100, 'benchmark_z_path': 'data/Z_true.pt', 'projected_bellman_test_risk': 0.029811739921569824, 'oracle_embedding_risk': 1.7111475467681885, 'benchmark_embedding_risk': 1.7111475467681885, 'risk_bellman_final': 0.19302028621236733, 'risk_obj_final': 2.877347230911255, 'B_num_rows': 3079, 'B_num_cols': 800, 'B_min_dim': 800, 'B_numerical_rank': 800, 'B_rank_fraction': 1.0, 'B_rank_tolerance': 3.076258169709689e-05, 'B_stable_rank': 349.68109130859375, 'B_effective_rank': 771.7382213471232, 'B_entropy_rank': 6.648645401000977, 'B_spectral_norm': 0.08381137996912003, 'B_frobenius_norm': 1.5672528743743896, 'B_nuclear_norm': 42.83351135253906, 'B_condition_number': 3.0655195399066253, 'B_condition_number_tol': 3.0655195399066253, 'B_smallest_singular_value': 0.027340024709701538, 'B_rank_rel_1em2': 800, 'B_rank_rel_1em3': 800, 'B_rank_rel_1em4': 800}
Benchmark 4 evaluation grid shape: (800, 3)
Replicate 4, benchmark 4 metrics: {'run_id': '4_b4', 'RMSE': 0.3166436870554956, 'MAE': 0.30336128786904737, 'SupNorm': 0.5158902406692505, 'Bias': -0.30336128786904737, 'Corr': 0.6198960259835865, 'deming_slope': 0.788186218916913, 'deming_intercept': -0.20415706327657887, 'beta_sum': 0.2558216452598572, 'beta_l1': 3.6943087577819824, 'beta_l2': 0.18773414194583893, 'beta_min': -0.01670967973768711, 'beta_max': 0.047238219529390335, 'beta_neg_frac': 0.52875, 'offline_data_id': 4, 'benchmark_id': 4, 'benchmark_point_source': 'support_safe_target_policy_draw', 'target_set_size': 100, 'benchmark_z_path': 'data/Z_true.pt', 'projected_bellman_test_risk': 0.03469277173280716, 'oracle_embedding_risk': 0.8569993376731873, 'benchmark_embedding_risk': 0.8569993376731873, 'risk_bellman_final': 0.19302028621236733, 'risk_obj_final': 2.877347230911255, 'B_num_rows': 3079, 'B_num_cols': 800, 'B_min_dim': 800, 'B_numerical_rank': 800, 'B_rank_fraction': 1.0, 'B_rank_tolerance': 3.076258169709689e-05, 'B_stable_rank': 349.68109130859375, 'B_effective_rank': 771.7382213471232, 'B_entropy_rank': 6.648645401000977, 'B_spectral_norm': 0.08381137996912003, 'B_frobenius_norm': 1.5672528743743896, 'B_nuclear_norm': 42.83351135253906, 'B_condition_number': 3.0655195399066253, 'B_condition_number_tol': 3.0655195399066253, 'B_smallest_singular_value': 0.027340024709701538, 'B_rank_rel_1em2': 800, 'B_rank_rel_1em3': 800, 'B_rank_rel_1em4': 800}
Benchmark 5 evaluation grid shape: (800, 3)
Replicate 4, benchmark 5 metrics: {'run_id': '4_b5', 'RMSE': 0.3682568959685208, 'MAE': 0.3556991514682886, 'SupNorm': 0.5133995786309242, 'Bias': -0.3556991514682886, 'Corr': 0.5216412410397498, 'deming_slope': 0.19603584790216588, 'deming_intercept': 0.012338953706266573, 'beta_sum': 0.32341504096984863, 'beta_l1': 1.430843472480774, 'beta_l2': 0.06498827785253525, 'beta_min': -0.006007061339914799, 'beta_max': 0.00885835662484169, 'beta_neg_frac': 0.45, 'offline_data_id': 4, 'benchmark_id': 5, 'benchmark_point_source': 'support_safe_target_policy_draw', 'target_set_size': 100, 'benchmark_z_path': 'data/Z_true.pt', 'projected_bellman_test_risk': 0.027181651443243027, 'oracle_embedding_risk': 0.8308911323547363, 'benchmark_embedding_risk': 0.8308911323547363, 'risk_bellman_final': 0.19302028621236733, 'risk_obj_final': 2.877347230911255, 'B_num_rows': 3079, 'B_num_cols': 800, 'B_min_dim': 800, 'B_numerical_rank': 800, 'B_rank_fraction': 1.0, 'B_rank_tolerance': 3.076258169709689e-05, 'B_stable_rank': 349.68109130859375, 'B_effective_rank': 771.7382213471232, 'B_entropy_rank': 6.648645401000977, 'B_spectral_norm': 0.08381137996912003, 'B_frobenius_norm': 1.5672528743743896, 'B_nuclear_norm': 42.83351135253906, 'B_condition_number': 3.0655195399066253, 'B_condition_number_tol': 3.0655195399066253, 'B_smallest_singular_value': 0.027340024709701538, 'B_rank_rel_1em2': 800, 'B_rank_rel_1em3': 800, 'B_rank_rel_1em4': 800}
Benchmark 6 evaluation grid shape: (800, 3)
Replicate 4, benchmark 6 metrics: {'run_id': '4_b6', 'RMSE': 0.539877136950104, 'MAE': 0.5200848000793485, 'SupNorm': 0.7678424417972565, 'Bias': -0.5200848000793485, 'Corr': -0.11638654339507568, 'deming_slope': -0.16590040938189704, 'deming_intercept': 0.022217094281590626, 'beta_sum': -0.11821195483207703, 'beta_l1': 2.9732508659362793, 'beta_l2': 0.1314605474472046, 'beta_min': -0.0164312943816185, 'beta_max': 0.013618133962154388, 'beta_neg_frac': 0.5175, 'offline_data_id': 4, 'benchmark_id': 6, 'benchmark_point_source': 'support_safe_target_policy_draw', 'target_set_size': 100, 'benchmark_z_path': 'data/Z_true.pt', 'projected_bellman_test_risk': 0.012515280395746231, 'oracle_embedding_risk': 1.1937490701675415, 'benchmark_embedding_risk': 1.1937490701675415, 'risk_bellman_final': 0.19302028621236733, 'risk_obj_final': 2.877347230911255, 'B_num_rows': 3079, 'B_num_cols': 800, 'B_min_dim': 800, 'B_numerical_rank': 800, 'B_rank_fraction': 1.0, 'B_rank_tolerance': 3.076258169709689e-05, 'B_stable_rank': 349.68109130859375, 'B_effective_rank': 771.7382213471232, 'B_entropy_rank': 6.648645401000977, 'B_spectral_norm': 0.08381137996912003, 'B_frobenius_norm': 1.5672528743743896, 'B_nuclear_norm': 42.83351135253906, 'B_condition_number': 3.0655195399066253, 'B_condition_number_tol': 3.0655195399066253, 'B_smallest_singular_value': 0.027340024709701538, 'B_rank_rel_1em2': 800, 'B_rank_rel_1em3': 800, 'B_rank_rel_1em4': 800}
Benchmark 7 evaluation grid shape: (800, 3)
Replicate 4, benchmark 7 metrics: {'run_id': '4_b7', 'RMSE': 0.5353273879469852, 'MAE': 0.5101149798516417, 'SupNorm': 0.8047700226306915, 'Bias': -0.5101149798516417, 'Corr': -0.04847830961801164, 'deming_slope': -2.323822687577573, 'deming_intercept': 1.0278692554677422, 'beta_sum': -0.13558529317378998, 'beta_l1': 2.9337122440338135, 'beta_l2': 0.14108797907829285, 'beta_min': -0.012054303660988808, 'beta_max': 0.03058711066842079, 'beta_neg_frac': 0.53875, 'offline_data_id': 4, 'benchmark_id': 7, 'benchmark_point_source': 'support_safe_target_policy_draw', 'target_set_size': 100, 'benchmark_z_path': 'data/Z_true.pt', 'projected_bellman_test_risk': 0.03583385795354843, 'oracle_embedding_risk': 1.2643747329711914, 'benchmark_embedding_risk': 1.2643747329711914, 'risk_bellman_final': 0.19302028621236733, 'risk_obj_final': 2.877347230911255, 'B_num_rows': 3079, 'B_num_cols': 800, 'B_min_dim': 800, 'B_numerical_rank': 800, 'B_rank_fraction': 1.0, 'B_rank_tolerance': 3.076258169709689e-05, 'B_stable_rank': 349.68109130859375, 'B_effective_rank': 771.7382213471232, 'B_entropy_rank': 6.648645401000977, 'B_spectral_norm': 0.08381137996912003, 'B_frobenius_norm': 1.5672528743743896, 'B_nuclear_norm': 42.83351135253906, 'B_condition_number': 3.0655195399066253, 'B_condition_number_tol': 3.0655195399066253, 'B_smallest_singular_value': 0.027340024709701538, 'B_rank_rel_1em2': 800, 'B_rank_rel_1em3': 800, 'B_rank_rel_1em4': 800}
Benchmark 8 evaluation grid shape: (800, 3)
Replicate 4, benchmark 8 metrics: {'run_id': '4_b8', 'RMSE': 0.39215508521081865, 'MAE': 0.37533382095396517, 'SupNorm': 0.5706463009119034, 'Bias': -0.37533382095396517, 'Corr': 0.30224453558795905, 'deming_slope': 0.26391216998316225, 'deming_intercept': -0.03602735525050156, 'beta_sum': 0.20783662796020508, 'beta_l1': 3.2344722747802734, 'beta_l2': 0.14876678586006165, 'beta_min': -0.013833887875080109, 'beta_max': 0.02413085289299488, 'beta_neg_frac': 0.4775, 'offline_data_id': 4, 'benchmark_id': 8, 'benchmark_point_source': 'support_safe_target_policy_draw', 'target_set_size': 100, 'benchmark_z_path': 'data/Z_true.pt', 'projected_bellman_test_risk': 0.053116828203201294, 'oracle_embedding_risk': 0.9007132649421692, 'benchmark_embedding_risk': 0.9007132649421692, 'risk_bellman_final': 0.19302028621236733, 'risk_obj_final': 2.877347230911255, 'B_num_rows': 3079, 'B_num_cols': 800, 'B_min_dim': 800, 'B_numerical_rank': 800, 'B_rank_fraction': 1.0, 'B_rank_tolerance': 3.076258169709689e-05, 'B_stable_rank': 349.68109130859375, 'B_effective_rank': 771.7382213471232, 'B_entropy_rank': 6.648645401000977, 'B_spectral_norm': 0.08381137996912003, 'B_frobenius_norm': 1.5672528743743896, 'B_nuclear_norm': 42.83351135253906, 'B_condition_number': 3.0655195399066253, 'B_condition_number_tol': 3.0655195399066253, 'B_smallest_singular_value': 0.027340024709701538, 'B_rank_rel_1em2': 800, 'B_rank_rel_1em3': 800, 'B_rank_rel_1em4': 800}
Benchmark 9 evaluation grid shape: (800, 3)
Replicate 4, benchmark 9 metrics: {'run_id': '4_b9', 'RMSE': 0.5812430301632209, 'MAE': 0.5532392306986731, 'SupNorm': 0.855995774269104, 'Bias': -0.5532392306986731, 'Corr': -0.20894954632108592, 'deming_slope': -1.29412722776043, 'deming_intercept': 0.518896787446291, 'beta_sum': -0.10782642662525177, 'beta_l1': 3.250372886657715, 'beta_l2': 0.15071815252304077, 'beta_min': -0.014842895790934563, 'beta_max': 0.026959974318742752, 'beta_neg_frac': 0.5425, 'offline_data_id': 4, 'benchmark_id': 9, 'benchmark_point_source': 'support_safe_target_policy_draw', 'target_set_size': 100, 'benchmark_z_path': 'data/Z_true.pt', 'projected_bellman_test_risk': 0.014157453551888466, 'oracle_embedding_risk': 1.3222556114196777, 'benchmark_embedding_risk': 1.3222556114196777, 'risk_bellman_final': 0.19302028621236733, 'risk_obj_final': 2.877347230911255, 'B_num_rows': 3079, 'B_num_cols': 800, 'B_min_dim': 800, 'B_numerical_rank': 800, 'B_rank_fraction': 1.0, 'B_rank_tolerance': 3.076258169709689e-05, 'B_stable_rank': 349.68109130859375, 'B_effective_rank': 771.7382213471232, 'B_entropy_rank': 6.648645401000977, 'B_spectral_norm': 0.08381137996912003, 'B_frobenius_norm': 1.5672528743743896, 'B_nuclear_norm': 42.83351135253906, 'B_condition_number': 3.0655195399066253, 'B_condition_number_tol': 3.0655195399066253, 'B_smallest_singular_value': 0.027340024709701538, 'B_rank_rel_1em2': 800, 'B_rank_rel_1em3': 800, 'B_rank_rel_1em4': 800}
Replicate 4 finished in 21.8s
Finished combo 4, offline replicate 4.
