Job ID:    2359282
Array idx: 472
CPUs/node: 64
Mem/node:  131072
Using CC = cc 
Using CXX = CC 
Using FC = ftn 
Using F77 = ftn 
Using F90 = ftn 
cuda/12.6.1 is deprecated; loading cudatoolkit/25.5_12.9 instead.
Using CC = /opt/nvidia/hpc_sdk/Linux_aarch64/25.5/compilers/bin/nvc 
Using CXX = /opt/nvidia/hpc_sdk/Linux_aarch64/25.5/compilers/bin/nvc++ 
Using FC = /opt/nvidia/hpc_sdk/Linux_aarch64/25.5/compilers/bin/nvfortran 
Using F77 = /opt/nvidia/hpc_sdk/Linux_aarch64/25.5/compilers/bin/nvfortran 
Using F90 = /opt/nvidia/hpc_sdk/Linux_aarch64/25.5/compilers/bin/nvfortran 
Using CC = /opt/nvidia/hpc_sdk/Linux_aarch64/25.5/compilers/bin/nvc 
Using CXX = /opt/nvidia/hpc_sdk/Linux_aarch64/25.5/compilers/bin/nvc++ 
Using FC = /opt/nvidia/hpc_sdk/Linux_aarch64/25.5/compilers/bin/nvfortran 
Using F77 = /opt/nvidia/hpc_sdk/Linux_aarch64/25.5/compilers/bin/nvfortran 
Using F90 = /opt/nvidia/hpc_sdk/Linux_aarch64/25.5/compilers/bin/nvfortran 

Lmod is automatically replacing "gcc-native/14" with "gcc/14.2.0".

ghx4
0
Tuning combo id: 4 / 6
Offline replicate id: 72 / 99
Installing ke_drl from git: https://github.com/mehrdadmhmdi/ke-drl.git@main
Collecting git+https://github.com/mehrdadmhmdi/ke-drl.git@main
  Cloning https://github.com/mehrdadmhmdi/ke-drl.git (to revision main) to /tmp/pip-req-build-gdyd72h_
  Running command git clone --filter=blob:none --quiet https://github.com/mehrdadmhmdi/ke-drl.git /tmp/pip-req-build-gdyd72h_
  Resolved https://github.com/mehrdadmhmdi/ke-drl.git to commit 3c5d570e40ea15b1fbe4817b5f43b64c7b333e82
  Installing build dependencies: started
  Installing build dependencies: finished with status 'done'
  Getting requirements to build wheel: started
  Getting requirements to build wheel: finished with status 'done'
  Preparing metadata (pyproject.toml): started
  Preparing metadata (pyproject.toml): finished with status 'done'
Building wheels for collected packages: ke_drl
  Building wheel for ke_drl (pyproject.toml): started
  Building wheel for ke_drl (pyproject.toml): finished with status 'done'
  Created wheel for ke_drl: filename=ke_drl-0.1.0-py3-none-any.whl size=47219 sha256=4693acc570f584e8b9576d3be44694c948f91c947dbe11044ff5ccf0d04fa6f7
  Stored in directory: /tmp/pip-ephem-wheel-cache-nhe390kl/wheels/24/47/ad/9a4ffd3b05d3e90e35ffc6e7324b735b8bfcf5f51aaf29a333
Successfully built ke_drl
Installing collected packages: ke_drl
Successfully installed ke_drl-0.1.0
Installed ke_drl source: /work/nvme/bfez/mehrdad3/DistRL/simulation_3/runs/sim3_global_2358722_4/.kedrl_site_472/ke_drl/__init__.py
Tuning combo 4: kernel_length_1.5
Overrides: {'kernel': {'length_scale': 1.5}}
RUN: /sw/user/python/miniforge3-pytorch-24.11.3/bin/python3 validate_sim_config.py --params params.yaml
ke_drl import source: /work/nvme/bfez/mehrdad3/DistRL/simulation_3/runs/sim3_global_2358722_4/.kedrl_site_472/ke_drl/__init__.py
ke_drl package API OK: prediction weights, RFF operators, rank diagnostics, and best-checkpoint optimizer available
Policy config OK: behavior=uniform, target=logistic, state_dim=5, action_dim=1
Note: policy.logistic.theta_scale/theta_std are log-scale coefficients in Probability_Densities.
Behavior-policy linearized state-process diagnostic: spectral_radius=0.653, offline_burn_in=50
Replicate config OK: num_replicates=100, benchmark points=10 independent of D_i, loss target points=100
Transition reduction OK: method=kmeans, raw rows N(T-1)=12000, target rows about 3000, B rows reduced from 12000 to about 3000
Return-operator approximation OK: method=rff, features=512, exact G avoided for estimated N=12000, m=800, L=100
Fixed benchmark config rows=4 (benchmark.num_points=10; additional points are support-safe target-policy draws if needed)
Fixed benchmark point 0: s_star=[0.6, -0.8, 0.7, -0.5, 0.9], a_star=[0.5]
Fixed benchmark behavior-support interval for configured rows: min_lower=-0.12, max_upper=1.11
Fixed benchmark target-policy location range: [-0.02, 0.14]
Reusing shared data from /work/nvme/bfez/mehrdad3/DistRL/simulation_3/runs/sim3_shared_data/data for offline replicate 72.
RUN: /sw/user/python/miniforge3-pytorch-24.11.3/bin/python3 validate_sim_config.py --params params.yaml --data data/offline_data_72.pt
ke_drl import source: /work/nvme/bfez/mehrdad3/DistRL/simulation_3/runs/sim3_global_2358722_4/.kedrl_site_472/ke_drl/__init__.py
ke_drl package API OK: prediction weights, RFF operators, rank diagnostics, and best-checkpoint optimizer available
Policy config OK: behavior=uniform, target=logistic, state_dim=5, action_dim=1
Note: policy.logistic.theta_scale/theta_std are log-scale coefficients in Probability_Densities.
Behavior-policy linearized state-process diagnostic: spectral_radius=0.653, offline_burn_in=50
Replicate config OK: num_replicates=100, benchmark points=10 independent of D_i, loss target points=100
Transition reduction OK: method=kmeans, raw rows N(T-1)=12000, target rows about 3000, B rows reduced from 12000 to about 3000
Return-operator approximation OK: method=rff, features=512, exact G avoided for estimated N=12000, m=800, L=100
Fixed benchmark config rows=4 (benchmark.num_points=10; additional points are support-safe target-policy draws if needed)
Fixed benchmark point 0: s_star=[0.6, -0.8, 0.7, -0.5, 0.9], a_star=[0.5]
Fixed benchmark behavior-support interval for configured rows: min_lower=-0.12, max_upper=1.11
Fixed benchmark target-policy location range: [-0.02, 0.14]
Full benchmark support check OK: 10 points, min_lower=-2.177, max_upper=2.05
observed behavior actions: mean=0.396, sd=0.6696, q0/q10/q50/q90/q100=[-1.9660261869430542, -0.4055534929037094, 0.3415401428937912, 1.2983854055404664, 3.1020116806030273]
target-policy sampled actions: mean=-0.02865, sd=0.6673, q0/q10/q50/q90/q100=[-2.590303360930998, -0.8887124538081439, -0.011069792479009626, 0.8260540632938973, 2.41731440995049]
behavior uniform lower: mean=-0.1287, sd=0.6604, q0/q10/q50/q90/q100=[-2.706077718734741, -0.983389818072319, -0.11364335864782335, 0.711784520149231, 2.379829525947571]
behavior uniform upper: mean=0.9234, sd=0.6431, q0/q10/q50/q90/q100=[-1.080053037405014, 0.07440868318080904, 0.9441052794456481, 1.7625851690769196, 3.379829525947571]
target location inside behavior uniform support: 0.965
RUN: /sw/user/python/miniforge3-pytorch-24.11.3/bin/python3 main_est.py
# ================================================================ #
#   Global KE-DRL estimation for one offline replicate              #
# ================================================================ #
Slurm Job ID: 2359282
Slurm Array ID: 72 -- used as the offline-replicate id
Offline data id: 72
ke_drl import source: /work/nvme/bfez/mehrdad3/DistRL/simulation_3/runs/sim3_global_2358722_4/.kedrl_site_472/ke_drl/__init__.py
Estimator device: cuda (NVIDIA GH200 120GB, capability 9.0); torch CUDA=13.0
Random seed: 20460584
Number of offline replicates: 100
[transition reduction] enabled: original rows=12000, target basis=3000, method=kmeans, device=cuda
[transition reduction] kmeans iter 1/20, mean center shift=2.7239e-01
[transition reduction] kmeans iter 5/20, mean center shift=5.4148e-03
[transition reduction] kmeans iter 10/20, mean center shift=4.8776e-08
[transition reduction] selected 3078 rows from 12000 transitions (ratio 0.2565); indices saved to data/reduced_transition_indices_72.pt
Data and parameters loaded.
offline path: data/offline_data_72.pt
benchmark true-Z path: data/Z_true.pt
offline shapes after reduction: s0=(3078, 5), a0=(3078, 1), r0=(3078, 3)
transition reduction: {'enabled': True, 'method': 'kmeans', 'original_rows': 12000, 'reduced_rows': 3078, 'selected_indices_path': 'data/reduced_transition_indices_72.pt', 'target_basis': 3000, 'compression_ratio': 0.2565}
fixed benchmark point source: fixed_config_plus_support_safe_target_policy_draws
benchmark row excluded from this offline data: None
global loss target set shape: s_star=(100, 5), a_star=(100, 1)
benchmark true-Z count=10, shape each=(50000, 3)
target policy: logistic
behavior policy: uniform
lambda_Gamma=0.005, lambda_B=0.02, d_r_method=song
dtype=torch.float32, operator_method=rff, operator_num_features=512
ridge_mode=rkhs, diagnostic_interval=50
mass_anchor_lambda=1.0, target_mass=1.0
uLSIF basis: source=numerator, n_basis=512, lambda_reg=0.005
optimizer stabilizers: lambda_neg=0.0, max_B_norm=None, eta_clip_min=0.0, eta_clip_max=5.0, normalize_eta=True
========================================
Estimating the global KE-DRL mean embedding
torch device=cuda, dtype=torch.float32
Data dims: N=3078, L=100, Ds=5, Da=1, Dr=3
lambda_Gamma=0.005, lambda_B=0.02
return-operator construction: method=rff, rff_features=512
[uLSIF] basis=512/3078 (numerator); eta_hat min=-9.787e-01 max=5.548e+00 neg%=5.30
ESS for eta_plus: 2140.1 / 3078
eta_plus diagnostics: raw_mean=1, raw_min=-0.979, raw_max=5.55; used_mean=1, used_min=0, used_max=4.92
[timing] Z-grid: 0.04s
[timing] K_X: 0.00s
[timing] K_plus: 0.00s
[timing] k_star: 0.00s
[timing] Gamma_stack: 0.01s
[timing] Phi_stack: 0.00s
[timing] RFF feature sample: 0.00s
[timing] K_Z RFF: 0.00s
[timing] G_stack RFF: 0.01s
[timing] H_stack RFF: 0.01s
findfont: Font family 'Nimbus Roman' not found.
findfont: Font family 'Nimbus Roman' not found.
findfont: Font family 'Nimbus Roman' not found.
findfont: Font family 'Nimbus Roman' not found.
findfont: Font family 'Nimbus Roman' not found.
findfont: Font family 'Nimbus Roman' not found.
findfont: Font family 'Nimbus Roman' not found.
findfont: Font family 'Nimbus Roman' not found.
findfont: Font family 'Nimbus Roman' not found.
findfont: Font family 'Nimbus Roman' not found.
findfont: Font family 'Nimbus Roman' not found.
findfont: Font family 'Nimbus Roman' not found.
findfont: Font family 'Nimbus Roman' not found.
findfont: Font family 'Nimbus Roman' not found.
findfont: Font family 'Nimbus Roman' not found.
findfont: Font family 'Nimbus Roman' not found.
findfont: Font family 'Nimbus Roman' not found.
findfont: Font family 'Nimbus Roman' not found.
findfont: Font family 'Nimbus Roman' not found.
findfont: Font family 'Nimbus Roman' not found.
findfont: Font family 'Nimbus Roman' not found.
findfont: Font family 'Nimbus Roman' not found.
findfont: Font family 'Nimbus Roman' not found.
findfont: Font family 'Nimbus Roman' not found.
findfont: Font family 'Nimbus Roman' not found.
findfont: Font family 'Nimbus Roman' not found.
findfont: Font family 'Nimbus Roman' not found.
findfont: Font family 'Nimbus Roman' not found.
findfont: Font family 'Nimbus Roman' not found.
findfont: Font family 'Nimbus Roman' not found.
findfont: Font family 'Nimbus Roman' not found.
findfont: Font family 'Nimbus Roman' not found.
findfont: Font family 'Nimbus Roman' not found.
findfont: Font family 'Nimbus Roman' not found.
findfont: Font family 'Nimbus Roman' not found.
findfont: Font family 'Nimbus Roman' not found.
findfont: Font family 'Nimbus Roman' not found.
findfont: Font family 'Nimbus Roman' not found.
findfont: Font family 'Nimbus Roman' not found.
findfont: Font family 'Nimbus Roman' not found.
findfont: Font family 'Nimbus Roman' not found.
findfont: Font family 'Nimbus Roman' not found.
findfont: Font family 'Nimbus Roman' not found.
findfont: Font family 'Nimbus Roman' not found.
findfont: Font family 'Nimbus Roman' not found.
findfont: Font family ['Nimbus Roman'] not found. Falling back to DejaVu Sans.
findfont: Font family 'Nimbus Roman' not found.
findfont: Font family ['Nimbus Roman'] not found. Falling back to DejaVu Sans.
findfont: Font family 'Nimbus Roman' not found.
findfont: Font family 'Nimbus Roman' not found.
findfont: Font family 'Nimbus Roman' not found.
findfont: Font family 'Nimbus Roman' not found.
findfont: Font family 'Nimbus Roman' not found.
findfont: Font family 'Nimbus Roman' not found.
findfont: Font family 'Nimbus Roman' not found.
findfont: Font family 'Nimbus Roman' not found.
findfont: Font family 'Nimbus Roman' not found.
findfont: Font family 'Nimbus Roman' not found.
findfont: Font family ['Nimbus Roman'] not found. Falling back to DejaVu Sans.
findfont: Font family 'Nimbus Roman' not found.
findfont: Font family 'Nimbus Roman' not found.
findfont: Font family 'Nimbus Roman' not found.
findfont: Font family 'Nimbus Roman' not found.
findfont: Font family 'Nimbus Roman' not found.
findfont: Font family 'Nimbus Roman' not found.
findfont: Font family 'Nimbus Roman' not found.
findfont: Font family 'Nimbus Roman' not found.
findfont: Font family 'Nimbus Roman' not found.
findfont: Font family 'Nimbus Roman' not found.
findfont: Font family 'Nimbus Roman' not found.
findfont: Font family 'Nimbus Roman' not found.
findfont: Font family 'Nimbus Roman' not found.
findfont: Font family 'Nimbus Roman' not found.
findfont: Font family 'Nimbus Roman' not found.
findfont: Font family 'Nimbus Roman' not found.
findfont: Font family 'Nimbus Roman' not found.
findfont: Font family 'Nimbus Roman' not found.
findfont: Font family 'Nimbus Roman' not found.
findfont: Font family 'Nimbus Roman' not found.
findfont: Font family 'Nimbus Roman' not found.
findfont: Font family 'Nimbus Roman' not found.
findfont: Font family 'Nimbus Roman' not found.
findfont: Font family 'Nimbus Roman' not found.
findfont: Font family 'Nimbus Roman' not found.
findfont: Font family 'Nimbus Roman' not found.
findfont: Font family 'Nimbus Roman' not found.
findfont: Font family 'Nimbus Roman' not found.
findfont: Font family 'Nimbus Roman' not found.
findfont: Font family 'Nimbus Roman' not found.
findfont: Font family 'Nimbus Roman' not found.
findfont: Font family 'Nimbus Roman' not found.
findfont: Font family 'Nimbus Roman' not found.
findfont: Font family 'Nimbus Roman' not found.
findfont: Font family 'Nimbus Roman' not found.
findfont: Font family 'Nimbus Roman' not found.
findfont: Font family 'Nimbus Roman' not found.
findfont: Font family 'Nimbus Roman' not found.
findfont: Font family 'Nimbus Roman' not found.
findfont: Font family 'Nimbus Roman' not found.
findfont: Font family 'Nimbus Roman' not found.
findfont: Font family 'Nimbus Roman' not found.
findfont: Font family 'Nimbus Roman' not found.
findfont: Font family 'Nimbus Roman' not found.
findfont: Font family 'Nimbus Roman' not found.
findfont: Font family 'Nimbus Roman' not found.
findfont: Font family 'Nimbus Roman' not found.
findfont: Font family 'Nimbus Roman' not found.
findfont: Font family 'Nimbus Roman' not found.
findfont: Font family 'Nimbus Roman' not found.
findfont: Font family 'Nimbus Roman' not found.
findfont: Font family 'Nimbus Roman' not found.
findfont: Font family 'Nimbus Roman' not found.
findfont: Font family 'Nimbus Roman' not found.
findfont: Font family 'Nimbus Roman' not found.
findfont: Font family 'Nimbus Roman' not found.
findfont: Font family 'Nimbus Roman' not found.
findfont: Font family 'Nimbus Roman' not found.
findfont: Font family 'Nimbus Roman' not found.
findfont: Font family 'Nimbus Roman' not found.
findfont: Font family 'Nimbus Roman' not found.
findfont: Font family 'Nimbus Roman' not found.
findfont: Font family 'Nimbus Roman' not found.
findfont: Font family 'Nimbus Roman' not found.
findfont: Font family 'Nimbus Roman' not found.
findfont: Font family 'Nimbus Roman' not found.
findfont: Font family 'Nimbus Roman' not found.
findfont: Font family 'Nimbus Roman' not found.
findfont: Font family 'Nimbus Roman' not found.
findfont: Font family 'Nimbus Roman' not found.
findfont: Font family 'Nimbus Roman' not found.
findfont: Font family 'Nimbus Roman' not found.
findfont: Font family 'Nimbus Roman' not found.
findfont: Font family 'Nimbus Roman' not found.
findfont: Font family 'Nimbus Roman' not found.
findfont: Font family 'Nimbus Roman' not found.
findfont: Font family 'Nimbus Roman' not found.
findfont: Font family 'Nimbus Roman' not found.
findfont: Font family 'Nimbus Roman' not found.
findfont: Font family 'Nimbus Roman' not found.
Ridge mode: rkhs; diagnostic interval: 50
Iter 1/4000 | log_obj=1.133e+01 | log_Bellman_root=4.211e+00 | mass=7.88e+04 | neg=0.00e+00 | grad=1.28e+03
Iter 400/4000 | log_obj=5.300e+00 | log_Bellman_root=1.187e+00 | mass=1.90e+02 | neg=0.00e+00 | grad=5.51e+04
Iter 800/4000 | log_obj=5.143e+00 | log_Bellman_root=1.120e+00 | mass=1.62e+02 | neg=0.00e+00 | grad=1.14e+04
Iter 1200/4000 | log_obj=6.865e+00 | log_Bellman_root=1.977e+00 | mass=9.06e+02 | neg=0.00e+00 | grad=3.69e+04
Iter 1600/4000 | log_obj=8.066e+00 | log_Bellman_root=2.574e+00 | mass=3.01e+03 | neg=0.00e+00 | grad=8.75e+04
Iter 2000/4000 | log_obj=8.622e+00 | log_Bellman_root=2.854e+00 | mass=5.25e+03 | neg=0.00e+00 | grad=9.89e+04
Iter 2400/4000 | log_obj=6.652e+00 | log_Bellman_root=1.867e+00 | mass=7.33e+02 | neg=0.00e+00 | grad=4.68e+04
Iter 2800/4000 | log_obj=3.518e+00 | log_Bellman_root=2.935e-01 | mass=3.19e+01 | neg=0.00e+00 | grad=1.55e+04
Iter 3200/4000 | log_obj=7.796e+00 | log_Bellman_root=2.439e+00 | mass=2.30e+03 | neg=0.00e+00 | grad=5.10e+03
Iter 3600/4000 | log_obj=7.741e+00 | log_Bellman_root=2.414e+00 | mass=2.18e+03 | neg=0.00e+00 | grad=2.14e+04
Iter 4000/4000 | log_obj=5.282e+00 | log_Bellman_root=1.180e+00 | mass=1.86e+02 | neg=0.00e+00 | grad=5.53e+04
Returning best diagnostic checkpoint from step 3700 (objective=3.366e+01, Bellman=1.797e+00).
Done in 12.90s.
KE-DRL global estimation is done.
B_hat shape: (3078, 800)
B_hat rank diagnostics: {'B_num_rows': 3078, 'B_num_cols': 800, 'B_min_dim': 800, 'B_numerical_rank': 800, 'B_rank_fraction': 1.0, 'B_rank_tolerance': 3.0511019934564843e-05, 'B_stable_rank': 354.6023254394531, 'B_effective_rank': 771.7109903114971, 'B_entropy_rank': 6.6486101150512695, 'B_spectral_norm': 0.08315301686525345, 'B_frobenius_norm': 1.5658451318740845, 'B_nuclear_norm': 42.79307556152344, 'B_condition_number': 3.0434060509073237, 'B_condition_number_tol': 3.0434060509073237, 'B_smallest_singular_value': 0.027322353795170784, 'B_rank_rel_1em2': 800, 'B_rank_rel_1em3': 800, 'B_rank_rel_1em4': 800}
Global-loss target mass diagnostics: {'target_mass_mean': -4.468425750732422, 'target_mass_min': -6.737908363342285, 'target_mass_max': -0.2920764088630676, 'target_mass_sd': 1.399741530418396, 'target_mass_rmse_to_target': 5.6429924964904785, 'target_beta_min': -0.024416519328951836, 'target_beta_max': 0.029629619792103767, 'target_neg_frac_mean': 0.8740749999999999}
Return dictionary Z_grid shape: (800, 3)
Replicate 72 risk metrics: {'risk_n_steps_recorded': 81.0, 'risk_n_diagnostics_recorded': 81.0, 'risk_log_obj_initial': 11.330889461152141, 'risk_log_obj_final': 5.281622381112961, 'risk_log_obj_min': 3.516258164277122, 'risk_obj_initial': 83357.13281249996, 'risk_obj_final': 196.68872070312503, 'risk_obj_min': 33.65824890136718, 'risk_log_obj_drop': 6.04926708003918, 'risk_log_bellman_root_initial': 4.210963749030253, 'risk_log_bellman_root_final': 1.179847258524802, 'risk_log_bellman_root_min': 0.29286960580006793, 'risk_bellman_root_initial': 67.4214859008789, 'risk_bellman_root_final': 3.25387716293335, 'risk_bellman_root_min': 1.3402680158615112, 'risk_bellman_initial': 4545.656761082413, 'risk_bellman_final': 10.587716591459186, 'risk_bellman_min': 1.7963183543413521, 'risk_log_bellman_root_drop': 3.0311164905054513, 'risk_bellman_returned': 1.7969640493392944, 'risk_obj_returned': 33.65824890136719, 'risk_returned_step': 3700.0, 'offline_data_id': 72, 'benchmark_point_source': 'fixed_config_plus_support_safe_target_policy_draws', 'target_set_size': 100, 'lambda_reg': 0.005, 'lambda_B': 0.02, 'num_steps': 4000, 'transition_reduction_enabled': 1, 'transition_reduction_method': 'kmeans', 'transition_original_rows': 12000, 'transition_reduced_rows': 3078, 'transition_compression_ratio': 0.2565, 'target_mass_mean': -4.468425750732422, 'target_mass_min': -6.737908363342285, 'target_mass_max': -0.2920764088630676, 'target_mass_sd': 1.399741530418396, 'target_mass_rmse_to_target': 5.6429924964904785, 'target_beta_min': -0.024416519328951836, 'target_beta_max': 0.029629619792103767, 'target_neg_frac_mean': 0.8740749999999999, 'B_num_rows': 3078, 'B_num_cols': 800, 'B_min_dim': 800, 'B_numerical_rank': 800, 'B_rank_fraction': 1.0, 'B_rank_tolerance': 3.0511019934564843e-05, 'B_stable_rank': 354.6023254394531, 'B_effective_rank': 771.7109903114971, 'B_entropy_rank': 6.6486101150512695, 'B_spectral_norm': 0.08315301686525345, 'B_frobenius_norm': 1.5658451318740845, 'B_nuclear_norm': 42.79307556152344, 'B_condition_number': 3.0434060509073237, 'B_condition_number_tol': 3.0434060509073237, 'B_smallest_singular_value': 0.027322353795170784, 'B_rank_rel_1em2': 800, 'B_rank_rel_1em3': 800, 'B_rank_rel_1em4': 800, 'risk_objective_final_raw': 196.688720703125, 'risk_objective_min_raw': 33.65824890136719, 'risk_objective_max_raw': 83357.1328125, 'risk_bellman_final_raw': 10.587717056274414, 'risk_bellman_min_raw': 1.7963182926177979, 'risk_bellman_max_raw': 4545.65625, 'risk_rkhs_ridge_final_raw': 0.025998715311288834, 'risk_rkhs_ridge_min_raw': 0.017920639365911484, 'risk_rkhs_ridge_max_raw': 4.982694149017334, 'risk_mass_final_raw': 186.07501220703125, 'risk_mass_min_raw': 31.84336280822754, 'risk_mass_max_raw': 78806.4921875, 'risk_negativity_final_raw': 0.0, 'risk_negativity_min_raw': 0.0, 'risk_negativity_max_raw': 0.0, 'risk_B_norm_final_raw': 1.565564513206482, 'risk_B_norm_min_raw': 1.565564513206482, 'risk_B_norm_max_raw': 1.6380983591079712, 'risk_diagnostic_step_final_raw': 4000.0, 'risk_diagnostic_step_min_raw': 1.0, 'risk_diagnostic_step_max_raw': 4000.0, 'risk_best_step_final_raw': 3700.0, 'risk_best_step_min_raw': 3700.0, 'risk_best_step_max_raw': 3700.0, 'risk_best_objective_final_raw': 33.65824890136719, 'risk_best_objective_min_raw': 33.65824890136719, 'risk_best_objective_max_raw': 33.65824890136719, 'risk_best_bellman_final_raw': 1.7969640493392944, 'risk_best_bellman_min_raw': 1.7969640493392944, 'risk_best_bellman_max_raw': 1.7969640493392944, 'risk_returned_step_final_raw': 3700.0, 'risk_returned_step_min_raw': 3700.0, 'risk_returned_step_max_raw': 3700.0, 'risk_returned_objective_final_raw': 33.65824890136719, 'risk_returned_objective_min_raw': 33.65824890136719, 'risk_returned_objective_max_raw': 33.65824890136719, 'risk_returned_bellman_final_raw': 1.7969640493392944, 'risk_returned_bellman_min_raw': 1.7969640493392944, 'risk_returned_bellman_max_raw': 1.7969640493392944, 'risk_returned_best_checkpoint_final_raw': 1.0, 'risk_returned_best_checkpoint_min_raw': 1.0, 'risk_returned_best_checkpoint_max_raw': 1.0}
Benchmark 0 evaluation grid shape: (800, 3)
Replicate 72, benchmark 0 metrics: {'run_id': '72_b0', 'RMSE': 2.174742079932036, 'MAE': 2.0394947894336655, 'SupNorm': 3.5215744972229004, 'Bias': -2.0394947894336655, 'Corr': -0.44142265591978413, 'deming_slope': -13.914054651540862, 'deming_intercept': 4.868304856376837, 'beta_sum': -3.932107925415039, 'beta_l1': 4.60269021987915, 'beta_l2': 0.1965245008468628, 'beta_min': -0.019702035933732986, 'beta_max': 0.013215282931923866, 'beta_neg_frac': 0.8425, 'offline_data_id': 72, 'benchmark_id': 0, 'benchmark_point_source': 'fixed_config', 'target_set_size': 100, 'benchmark_z_path': 'data/Z_true.pt', 'projected_bellman_test_risk': 0.0500139445066452, 'oracle_embedding_risk': 13.99514389038086, 'benchmark_embedding_risk': 13.99514389038086, 'risk_bellman_final': 10.587716591459186, 'risk_obj_final': 196.68872070312503, 'B_num_rows': 3078, 'B_num_cols': 800, 'B_min_dim': 800, 'B_numerical_rank': 800, 'B_rank_fraction': 1.0, 'B_rank_tolerance': 3.0511019934564843e-05, 'B_stable_rank': 354.6023254394531, 'B_effective_rank': 771.7109903114971, 'B_entropy_rank': 6.6486101150512695, 'B_spectral_norm': 0.08315301686525345, 'B_frobenius_norm': 1.5658451318740845, 'B_nuclear_norm': 42.79307556152344, 'B_condition_number': 3.0434060509073237, 'B_condition_number_tol': 3.0434060509073237, 'B_smallest_singular_value': 0.027322353795170784, 'B_rank_rel_1em2': 800, 'B_rank_rel_1em3': 800, 'B_rank_rel_1em4': 800}
Saved ./mu/mu_hat.csv shape=(800,)
Saved ./mu/mu2D_hat_dims01.csv shape=(120, 120)
Saved ./mu/mu2D_hat_dims01.csv shape=(120, 120)
Saved plots/replicate_72/mu_3D.png
Benchmark 1 evaluation grid shape: (800, 3)
Replicate 72, benchmark 1 metrics: {'run_id': '72_b1', 'RMSE': 4.279106829877351, 'MAE': 4.129883026741445, 'SupNorm': 5.934019029140472, 'Bias': -4.129883026741445, 'Corr': -0.9927621021752028, 'deming_slope': -8.940986116522906, 'deming_intercept': 0.45250454499275516, 'beta_sum': -7.024670600891113, 'beta_l1': 7.063333511352539, 'beta_l2': 0.2658272981643677, 'beta_min': -0.0209658145904541, 'beta_max': 0.002534125931560993, 'beta_neg_frac': 0.985, 'offline_data_id': 72, 'benchmark_id': 1, 'benchmark_point_source': 'fixed_config', 'target_set_size': 100, 'benchmark_z_path': 'data/Z_true.pt', 'projected_bellman_test_risk': 2.0307698249816895, 'oracle_embedding_risk': 38.26001739501953, 'benchmark_embedding_risk': 38.26001739501953, 'risk_bellman_final': 10.587716591459186, 'risk_obj_final': 196.68872070312503, 'B_num_rows': 3078, 'B_num_cols': 800, 'B_min_dim': 800, 'B_numerical_rank': 800, 'B_rank_fraction': 1.0, 'B_rank_tolerance': 3.0511019934564843e-05, 'B_stable_rank': 354.6023254394531, 'B_effective_rank': 771.7109903114971, 'B_entropy_rank': 6.6486101150512695, 'B_spectral_norm': 0.08315301686525345, 'B_frobenius_norm': 1.5658451318740845, 'B_nuclear_norm': 42.79307556152344, 'B_condition_number': 3.0434060509073237, 'B_condition_number_tol': 3.0434060509073237, 'B_smallest_singular_value': 0.027322353795170784, 'B_rank_rel_1em2': 800, 'B_rank_rel_1em3': 800, 'B_rank_rel_1em4': 800}
Benchmark 2 evaluation grid shape: (800, 3)
Replicate 72, benchmark 2 metrics: {'run_id': '72_b2', 'RMSE': 4.1375750849263735, 'MAE': 3.9976172239542938, 'SupNorm': 5.73641711473465, 'Bias': -3.9976172239542938, 'Corr': -0.9034424530897992, 'deming_slope': -9.970576915428845, 'deming_intercept': 1.163245989368221, 'beta_sum': -6.783447265625, 'beta_l1': 6.834125518798828, 'beta_l2': 0.2605848014354706, 'beta_min': -0.018728584051132202, 'beta_max': 0.00588966254144907, 'beta_neg_frac': 0.98375, 'offline_data_id': 72, 'benchmark_id': 2, 'benchmark_point_source': 'fixed_config', 'target_set_size': 100, 'benchmark_z_path': 'data/Z_true.pt', 'projected_bellman_test_risk': 1.7625154256820679, 'oracle_embedding_risk': 35.86698532104492, 'benchmark_embedding_risk': 35.86698532104492, 'risk_bellman_final': 10.587716591459186, 'risk_obj_final': 196.68872070312503, 'B_num_rows': 3078, 'B_num_cols': 800, 'B_min_dim': 800, 'B_numerical_rank': 800, 'B_rank_fraction': 1.0, 'B_rank_tolerance': 3.0511019934564843e-05, 'B_stable_rank': 354.6023254394531, 'B_effective_rank': 771.7109903114971, 'B_entropy_rank': 6.6486101150512695, 'B_spectral_norm': 0.08315301686525345, 'B_frobenius_norm': 1.5658451318740845, 'B_nuclear_norm': 42.79307556152344, 'B_condition_number': 3.0434060509073237, 'B_condition_number_tol': 3.0434060509073237, 'B_smallest_singular_value': 0.027322353795170784, 'B_rank_rel_1em2': 800, 'B_rank_rel_1em3': 800, 'B_rank_rel_1em4': 800}
Benchmark 3 evaluation grid shape: (800, 3)
Replicate 72, benchmark 3 metrics: {'run_id': '72_b3', 'RMSE': 4.066405180803837, 'MAE': 3.915697344918735, 'SupNorm': 5.703586935997009, 'Bias': -3.915697344918735, 'Corr': -0.9306549844604981, 'deming_slope': -9.522270992561563, 'deming_intercept': 0.9226936543537985, 'beta_sum': -6.764949798583984, 'beta_l1': 6.815220355987549, 'beta_l2': 0.26063090562820435, 'beta_min': -0.020236928015947342, 'beta_max': 0.003900059498846531, 'beta_neg_frac': 0.98, 'offline_data_id': 72, 'benchmark_id': 3, 'benchmark_point_source': 'fixed_config', 'target_set_size': 100, 'benchmark_z_path': 'data/Z_true.pt', 'projected_bellman_test_risk': 1.4838857650756836, 'oracle_embedding_risk': 35.712425231933594, 'benchmark_embedding_risk': 35.712425231933594, 'risk_bellman_final': 10.587716591459186, 'risk_obj_final': 196.68872070312503, 'B_num_rows': 3078, 'B_num_cols': 800, 'B_min_dim': 800, 'B_numerical_rank': 800, 'B_rank_fraction': 1.0, 'B_rank_tolerance': 3.0511019934564843e-05, 'B_stable_rank': 354.6023254394531, 'B_effective_rank': 771.7109903114971, 'B_entropy_rank': 6.6486101150512695, 'B_spectral_norm': 0.08315301686525345, 'B_frobenius_norm': 1.5658451318740845, 'B_nuclear_norm': 42.79307556152344, 'B_condition_number': 3.0434060509073237, 'B_condition_number_tol': 3.0434060509073237, 'B_smallest_singular_value': 0.027322353795170784, 'B_rank_rel_1em2': 800, 'B_rank_rel_1em3': 800, 'B_rank_rel_1em4': 800}
Benchmark 4 evaluation grid shape: (800, 3)
Replicate 72, benchmark 4 metrics: {'run_id': '72_b4', 'RMSE': 1.4013752535839479, 'MAE': 1.2737045432941523, 'SupNorm': 2.7730450332164764, 'Bias': -1.2737045432941523, 'Corr': -0.0989057669453057, 'deming_slope': -49.5507571757184, 'deming_intercept': 22.402038567170237, 'beta_sum': -2.916675090789795, 'beta_l1': 4.334690093994141, 'beta_l2': 0.18934816122055054, 'beta_min': -0.016376197338104248, 'beta_max': 0.026574479416012764, 'beta_neg_frac': 0.78375, 'offline_data_id': 72, 'benchmark_id': 4, 'benchmark_point_source': 'support_safe_target_policy_draw', 'target_set_size': 100, 'benchmark_z_path': 'data/Z_true.pt', 'projected_bellman_test_risk': 0.02651798725128174, 'oracle_embedding_risk': 9.098775863647461, 'benchmark_embedding_risk': 9.098775863647461, 'risk_bellman_final': 10.587716591459186, 'risk_obj_final': 196.68872070312503, 'B_num_rows': 3078, 'B_num_cols': 800, 'B_min_dim': 800, 'B_numerical_rank': 800, 'B_rank_fraction': 1.0, 'B_rank_tolerance': 3.0511019934564843e-05, 'B_stable_rank': 354.6023254394531, 'B_effective_rank': 771.7109903114971, 'B_entropy_rank': 6.6486101150512695, 'B_spectral_norm': 0.08315301686525345, 'B_frobenius_norm': 1.5658451318740845, 'B_nuclear_norm': 42.79307556152344, 'B_condition_number': 3.0434060509073237, 'B_condition_number_tol': 3.0434060509073237, 'B_smallest_singular_value': 0.027322353795170784, 'B_rank_rel_1em2': 800, 'B_rank_rel_1em3': 800, 'B_rank_rel_1em4': 800}
Benchmark 5 evaluation grid shape: (800, 3)
Replicate 72, benchmark 5 metrics: {'run_id': '72_b5', 'RMSE': 0.5636903617249378, 'MAE': 0.546279721922474, 'SupNorm': 0.7877742052078247, 'Bias': -0.546279721922474, 'Corr': -0.0670697643495884, 'deming_slope': -0.09902080961171243, 'deming_intercept': -0.043170801877393424, 'beta_sum': -0.34320294857025146, 'beta_l1': 1.4648308753967285, 'beta_l2': 0.06564725935459137, 'beta_min': -0.008048739284276962, 'beta_max': 0.009182050824165344, 'beta_neg_frac': 0.59625, 'offline_data_id': 72, 'benchmark_id': 5, 'benchmark_point_source': 'support_safe_target_policy_draw', 'target_set_size': 100, 'benchmark_z_path': 'data/Z_true.pt', 'projected_bellman_test_risk': 0.2624660134315491, 'oracle_embedding_risk': 1.337138295173645, 'benchmark_embedding_risk': 1.337138295173645, 'risk_bellman_final': 10.587716591459186, 'risk_obj_final': 196.68872070312503, 'B_num_rows': 3078, 'B_num_cols': 800, 'B_min_dim': 800, 'B_numerical_rank': 800, 'B_rank_fraction': 1.0, 'B_rank_tolerance': 3.0511019934564843e-05, 'B_stable_rank': 354.6023254394531, 'B_effective_rank': 771.7109903114971, 'B_entropy_rank': 6.6486101150512695, 'B_spectral_norm': 0.08315301686525345, 'B_frobenius_norm': 1.5658451318740845, 'B_nuclear_norm': 42.79307556152344, 'B_condition_number': 3.0434060509073237, 'B_condition_number_tol': 3.0434060509073237, 'B_smallest_singular_value': 0.027322353795170784, 'B_rank_rel_1em2': 800, 'B_rank_rel_1em3': 800, 'B_rank_rel_1em4': 800}
Benchmark 6 evaluation grid shape: (800, 3)
Replicate 72, benchmark 6 metrics: {'run_id': '72_b6', 'RMSE': 2.8804211157663167, 'MAE': 2.7350152887171135, 'SupNorm': 4.351804614067078, 'Bias': -2.7350152887171135, 'Corr': -0.6209991181067918, 'deming_slope': -11.821468591449655, 'deming_intercept': 3.22870738406128, 'beta_sum': -4.979861736297607, 'beta_l1': 5.340299606323242, 'beta_l2': 0.22308726608753204, 'beta_min': -0.021692883223295212, 'beta_max': 0.010692272335290909, 'beta_neg_frac': 0.88875, 'offline_data_id': 72, 'benchmark_id': 6, 'benchmark_point_source': 'support_safe_target_policy_draw', 'target_set_size': 100, 'benchmark_z_path': 'data/Z_true.pt', 'projected_bellman_test_risk': 0.1908094435930252, 'oracle_embedding_risk': 20.89207649230957, 'benchmark_embedding_risk': 20.89207649230957, 'risk_bellman_final': 10.587716591459186, 'risk_obj_final': 196.68872070312503, 'B_num_rows': 3078, 'B_num_cols': 800, 'B_min_dim': 800, 'B_numerical_rank': 800, 'B_rank_fraction': 1.0, 'B_rank_tolerance': 3.0511019934564843e-05, 'B_stable_rank': 354.6023254394531, 'B_effective_rank': 771.7109903114971, 'B_entropy_rank': 6.6486101150512695, 'B_spectral_norm': 0.08315301686525345, 'B_frobenius_norm': 1.5658451318740845, 'B_nuclear_norm': 42.79307556152344, 'B_condition_number': 3.0434060509073237, 'B_condition_number_tol': 3.0434060509073237, 'B_smallest_singular_value': 0.027322353795170784, 'B_rank_rel_1em2': 800, 'B_rank_rel_1em3': 800, 'B_rank_rel_1em4': 800}
Benchmark 7 evaluation grid shape: (800, 3)
Replicate 72, benchmark 7 metrics: {'run_id': '72_b7', 'RMSE': 2.7084204754648016, 'MAE': 2.5487150464346633, 'SupNorm': 4.304074823856354, 'Bias': -2.5487150464346633, 'Corr': -0.5289651659199552, 'deming_slope': -14.561614241169023, 'deming_intercept': 4.651884873798297, 'beta_sum': -4.860963821411133, 'beta_l1': 5.339112281799316, 'beta_l2': 0.21630847454071045, 'beta_min': -0.020505839958786964, 'beta_max': 0.02458838000893593, 'beta_neg_frac': 0.9175, 'offline_data_id': 72, 'benchmark_id': 7, 'benchmark_point_source': 'support_safe_target_policy_draw', 'target_set_size': 100, 'benchmark_z_path': 'data/Z_true.pt', 'projected_bellman_test_risk': 0.2910275161266327, 'oracle_embedding_risk': 20.574138641357422, 'benchmark_embedding_risk': 20.574138641357422, 'risk_bellman_final': 10.587716591459186, 'risk_obj_final': 196.68872070312503, 'B_num_rows': 3078, 'B_num_cols': 800, 'B_min_dim': 800, 'B_numerical_rank': 800, 'B_rank_fraction': 1.0, 'B_rank_tolerance': 3.0511019934564843e-05, 'B_stable_rank': 354.6023254394531, 'B_effective_rank': 771.7109903114971, 'B_entropy_rank': 6.6486101150512695, 'B_spectral_norm': 0.08315301686525345, 'B_frobenius_norm': 1.5658451318740845, 'B_nuclear_norm': 42.79307556152344, 'B_condition_number': 3.0434060509073237, 'B_condition_number_tol': 3.0434060509073237, 'B_smallest_singular_value': 0.027322353795170784, 'B_rank_rel_1em2': 800, 'B_rank_rel_1em3': 800, 'B_rank_rel_1em4': 800}
Benchmark 8 evaluation grid shape: (800, 3)
Replicate 72, benchmark 8 metrics: {'run_id': '72_b8', 'RMSE': 1.7418626824027605, 'MAE': 1.6459055985300801, 'SupNorm': 2.7710315585136414, 'Bias': -1.6459055985300801, 'Corr': -0.5337493210842001, 'deming_slope': -7.955466841933088, 'deming_intercept': 2.482199335349029, 'beta_sum': -2.8077774047851562, 'beta_l1': 3.782512903213501, 'beta_l2': 0.16576996445655823, 'beta_min': -0.016814885661005974, 'beta_max': 0.016968701034784317, 'beta_neg_frac': 0.77625, 'offline_data_id': 72, 'benchmark_id': 8, 'benchmark_point_source': 'support_safe_target_policy_draw', 'target_set_size': 100, 'benchmark_z_path': 'data/Z_true.pt', 'projected_bellman_test_risk': 0.27581024169921875, 'oracle_embedding_risk': 8.753958702087402, 'benchmark_embedding_risk': 8.753958702087402, 'risk_bellman_final': 10.587716591459186, 'risk_obj_final': 196.68872070312503, 'B_num_rows': 3078, 'B_num_cols': 800, 'B_min_dim': 800, 'B_numerical_rank': 800, 'B_rank_fraction': 1.0, 'B_rank_tolerance': 3.0511019934564843e-05, 'B_stable_rank': 354.6023254394531, 'B_effective_rank': 771.7109903114971, 'B_entropy_rank': 6.6486101150512695, 'B_spectral_norm': 0.08315301686525345, 'B_frobenius_norm': 1.5658451318740845, 'B_nuclear_norm': 42.79307556152344, 'B_condition_number': 3.0434060509073237, 'B_condition_number_tol': 3.0434060509073237, 'B_smallest_singular_value': 0.027322353795170784, 'B_rank_rel_1em2': 800, 'B_rank_rel_1em3': 800, 'B_rank_rel_1em4': 800}
Benchmark 9 evaluation grid shape: (800, 3)
Replicate 72, benchmark 9 metrics: {'run_id': '72_b9', 'RMSE': 2.8914782144403723, 'MAE': 2.7327539950236677, 'SupNorm': 4.3885446190834045, 'Bias': -2.7327539950236677, 'Corr': -0.6113851267948665, 'deming_slope': -12.671806699531267, 'deming_intercept': 3.656619801822178, 'beta_sum': -4.8942718505859375, 'beta_l1': 5.42334508895874, 'beta_l2': 0.22221095860004425, 'beta_min': -0.02007990889251232, 'beta_max': 0.018660645931959152, 'beta_neg_frac': 0.88625, 'offline_data_id': 72, 'benchmark_id': 9, 'benchmark_point_source': 'support_safe_target_policy_draw', 'target_set_size': 100, 'benchmark_z_path': 'data/Z_true.pt', 'projected_bellman_test_risk': 0.01993906870484352, 'oracle_embedding_risk': 21.129194259643555, 'benchmark_embedding_risk': 21.129194259643555, 'risk_bellman_final': 10.587716591459186, 'risk_obj_final': 196.68872070312503, 'B_num_rows': 3078, 'B_num_cols': 800, 'B_min_dim': 800, 'B_numerical_rank': 800, 'B_rank_fraction': 1.0, 'B_rank_tolerance': 3.0511019934564843e-05, 'B_stable_rank': 354.6023254394531, 'B_effective_rank': 771.7109903114971, 'B_entropy_rank': 6.6486101150512695, 'B_spectral_norm': 0.08315301686525345, 'B_frobenius_norm': 1.5658451318740845, 'B_nuclear_norm': 42.79307556152344, 'B_condition_number': 3.0434060509073237, 'B_condition_number_tol': 3.0434060509073237, 'B_smallest_singular_value': 0.027322353795170784, 'B_rank_rel_1em2': 800, 'B_rank_rel_1em3': 800, 'B_rank_rel_1em4': 800}
Replicate 72 finished in 22.7s
Finished combo 4, offline replicate 72.
