Job ID:    2359174
Array idx: 383
CPUs/node: 64
Mem/node:  131072
Using CC = cc 
Using CXX = CC 
Using FC = ftn 
Using F77 = ftn 
Using F90 = ftn 
cuda/12.6.1 is deprecated; loading cudatoolkit/25.5_12.9 instead.
Using CC = /opt/nvidia/hpc_sdk/Linux_aarch64/25.5/compilers/bin/nvc 
Using CXX = /opt/nvidia/hpc_sdk/Linux_aarch64/25.5/compilers/bin/nvc++ 
Using FC = /opt/nvidia/hpc_sdk/Linux_aarch64/25.5/compilers/bin/nvfortran 
Using F77 = /opt/nvidia/hpc_sdk/Linux_aarch64/25.5/compilers/bin/nvfortran 
Using F90 = /opt/nvidia/hpc_sdk/Linux_aarch64/25.5/compilers/bin/nvfortran 
Using CC = /opt/nvidia/hpc_sdk/Linux_aarch64/25.5/compilers/bin/nvc 
Using CXX = /opt/nvidia/hpc_sdk/Linux_aarch64/25.5/compilers/bin/nvc++ 
Using FC = /opt/nvidia/hpc_sdk/Linux_aarch64/25.5/compilers/bin/nvfortran 
Using F77 = /opt/nvidia/hpc_sdk/Linux_aarch64/25.5/compilers/bin/nvfortran 
Using F90 = /opt/nvidia/hpc_sdk/Linux_aarch64/25.5/compilers/bin/nvfortran 

Lmod is automatically replacing "gcc-native/14" with "gcc/14.2.0".

ghx4
0
Tuning combo id: 3 / 6
Offline replicate id: 83 / 99
Installing ke_drl from git: https://github.com/mehrdadmhmdi/ke-drl.git@main
Collecting git+https://github.com/mehrdadmhmdi/ke-drl.git@main
  Cloning https://github.com/mehrdadmhmdi/ke-drl.git (to revision main) to /tmp/pip-req-build-udr476sl
  Running command git clone --filter=blob:none --quiet https://github.com/mehrdadmhmdi/ke-drl.git /tmp/pip-req-build-udr476sl
  Resolved https://github.com/mehrdadmhmdi/ke-drl.git to commit 3c5d570e40ea15b1fbe4817b5f43b64c7b333e82
  Installing build dependencies: started
  Installing build dependencies: finished with status 'done'
  Getting requirements to build wheel: started
  Getting requirements to build wheel: finished with status 'done'
  Preparing metadata (pyproject.toml): started
  Preparing metadata (pyproject.toml): finished with status 'done'
Building wheels for collected packages: ke_drl
  Building wheel for ke_drl (pyproject.toml): started
  Building wheel for ke_drl (pyproject.toml): finished with status 'done'
  Created wheel for ke_drl: filename=ke_drl-0.1.0-py3-none-any.whl size=47219 sha256=c823f161cf9125e02dc55fe6ff28f23d040c9092125c6cc36dd4e9f951508441
  Stored in directory: /tmp/pip-ephem-wheel-cache-gjjx2k0b/wheels/24/47/ad/9a4ffd3b05d3e90e35ffc6e7324b735b8bfcf5f51aaf29a333
Successfully built ke_drl
Installing collected packages: ke_drl
Successfully installed ke_drl-0.1.0
Installed ke_drl source: /work/nvme/bfez/mehrdad3/DistRL/simulation_3/runs/sim3_global_2358722_3/.kedrl_site_383/ke_drl/__init__.py
Tuning combo 3: kernel_nu_7.5
Overrides: {'kernel': {'nu': 7.5}}
RUN: /sw/user/python/miniforge3-pytorch-24.11.3/bin/python3 validate_sim_config.py --params params.yaml
ke_drl import source: /work/nvme/bfez/mehrdad3/DistRL/simulation_3/runs/sim3_global_2358722_3/.kedrl_site_383/ke_drl/__init__.py
ke_drl package API OK: prediction weights, RFF operators, rank diagnostics, and best-checkpoint optimizer available
Policy config OK: behavior=uniform, target=logistic, state_dim=5, action_dim=1
Note: policy.logistic.theta_scale/theta_std are log-scale coefficients in Probability_Densities.
Behavior-policy linearized state-process diagnostic: spectral_radius=0.653, offline_burn_in=50
Replicate config OK: num_replicates=100, benchmark points=10 independent of D_i, loss target points=100
Transition reduction OK: method=kmeans, raw rows N(T-1)=12000, target rows about 3000, B rows reduced from 12000 to about 3000
Return-operator approximation OK: method=rff, features=512, exact G avoided for estimated N=12000, m=800, L=100
Fixed benchmark config rows=4 (benchmark.num_points=10; additional points are support-safe target-policy draws if needed)
Fixed benchmark point 0: s_star=[0.6, -0.8, 0.7, -0.5, 0.9], a_star=[0.5]
Fixed benchmark behavior-support interval for configured rows: min_lower=-0.12, max_upper=1.11
Fixed benchmark target-policy location range: [-0.02, 0.14]
Reusing shared data from /work/nvme/bfez/mehrdad3/DistRL/simulation_3/runs/sim3_shared_data/data for offline replicate 83.
RUN: /sw/user/python/miniforge3-pytorch-24.11.3/bin/python3 validate_sim_config.py --params params.yaml --data data/offline_data_83.pt
ke_drl import source: /work/nvme/bfez/mehrdad3/DistRL/simulation_3/runs/sim3_global_2358722_3/.kedrl_site_383/ke_drl/__init__.py
ke_drl package API OK: prediction weights, RFF operators, rank diagnostics, and best-checkpoint optimizer available
Policy config OK: behavior=uniform, target=logistic, state_dim=5, action_dim=1
Note: policy.logistic.theta_scale/theta_std are log-scale coefficients in Probability_Densities.
Behavior-policy linearized state-process diagnostic: spectral_radius=0.653, offline_burn_in=50
Replicate config OK: num_replicates=100, benchmark points=10 independent of D_i, loss target points=100
Transition reduction OK: method=kmeans, raw rows N(T-1)=12000, target rows about 3000, B rows reduced from 12000 to about 3000
Return-operator approximation OK: method=rff, features=512, exact G avoided for estimated N=12000, m=800, L=100
Fixed benchmark config rows=4 (benchmark.num_points=10; additional points are support-safe target-policy draws if needed)
Fixed benchmark point 0: s_star=[0.6, -0.8, 0.7, -0.5, 0.9], a_star=[0.5]
Fixed benchmark behavior-support interval for configured rows: min_lower=-0.12, max_upper=1.11
Fixed benchmark target-policy location range: [-0.02, 0.14]
Full benchmark support check OK: 10 points, min_lower=-2.177, max_upper=2.05
observed behavior actions: mean=0.4028, sd=0.6766, q0/q10/q50/q90/q100=[-2.035499095916748, -0.4101735085248947, 0.34592926502227783, 1.3302773475646974, 2.9117846488952637]
target-policy sampled actions: mean=-0.02561, sd=0.667, q0/q10/q50/q90/q100=[-2.7546732833583434, -0.8824946488955197, -0.021402616779900425, 0.8290803292516301, 2.3369118957345076]
behavior uniform lower: mean=-0.1245, sd=0.662, q0/q10/q50/q90/q100=[-2.9892470598220826, -0.9792843067646027, -0.11899455040693283, 0.7234963992238046, 2.198680764436722]
behavior uniform upper: mean=0.9239, sd=0.6477, q0/q10/q50/q90/q100=[-0.9027053833007813, 0.07345171809196484, 0.9408640414476395, 1.7636497667431832, 3.198680764436722]
target location inside behavior uniform support: 0.970
RUN: /sw/user/python/miniforge3-pytorch-24.11.3/bin/python3 main_est.py
# ================================================================ #
#   Global KE-DRL estimation for one offline replicate              #
# ================================================================ #
Slurm Job ID: 2359174
Slurm Array ID: 83 -- used as the offline-replicate id
Offline data id: 83
ke_drl import source: /work/nvme/bfez/mehrdad3/DistRL/simulation_3/runs/sim3_global_2358722_3/.kedrl_site_383/ke_drl/__init__.py
Estimator device: cuda (NVIDIA GH200 120GB, capability 9.0); torch CUDA=13.0
Random seed: 20460595
Number of offline replicates: 100
[transition reduction] enabled: original rows=12000, target basis=3000, method=kmeans, device=cuda
[transition reduction] kmeans iter 1/20, mean center shift=2.7641e-01
[transition reduction] kmeans iter 5/20, mean center shift=3.9157e-03
[transition reduction] kmeans iter 10/20, mean center shift=1.6247e-04
[transition reduction] selected 3090 rows from 12000 transitions (ratio 0.2575); indices saved to data/reduced_transition_indices_83.pt
Data and parameters loaded.
offline path: data/offline_data_83.pt
benchmark true-Z path: data/Z_true.pt
offline shapes after reduction: s0=(3090, 5), a0=(3090, 1), r0=(3090, 3)
transition reduction: {'enabled': True, 'method': 'kmeans', 'original_rows': 12000, 'reduced_rows': 3090, 'selected_indices_path': 'data/reduced_transition_indices_83.pt', 'target_basis': 3000, 'compression_ratio': 0.2575}
fixed benchmark point source: fixed_config_plus_support_safe_target_policy_draws
benchmark row excluded from this offline data: None
global loss target set shape: s_star=(100, 5), a_star=(100, 1)
benchmark true-Z count=10, shape each=(50000, 3)
target policy: logistic
behavior policy: uniform
lambda_Gamma=0.005, lambda_B=0.02, d_r_method=song
dtype=torch.float32, operator_method=rff, operator_num_features=512
ridge_mode=rkhs, diagnostic_interval=50
mass_anchor_lambda=1.0, target_mass=1.0
uLSIF basis: source=numerator, n_basis=512, lambda_reg=0.005
optimizer stabilizers: lambda_neg=0.0, max_B_norm=None, eta_clip_min=0.0, eta_clip_max=5.0, normalize_eta=True
========================================
Estimating the global KE-DRL mean embedding
torch device=cuda, dtype=torch.float32
Data dims: N=3090, L=100, Ds=5, Da=1, Dr=3
lambda_Gamma=0.005, lambda_B=0.02
return-operator construction: method=rff, rff_features=512
[uLSIF] basis=512/3090 (numerator); eta_hat min=-6.982e-01 max=5.122e+00 neg%=4.40
ESS for eta_plus: 2158.2 / 3090
eta_plus diagnostics: raw_mean=0.998, raw_min=-0.698, raw_max=5.12; used_mean=1, used_min=0, used_max=4.96
[timing] Z-grid: 0.03s
[timing] K_X: 0.00s
[timing] K_plus: 0.00s
[timing] k_star: 0.00s
[timing] Gamma_stack: 0.01s
[timing] Phi_stack: 0.00s
[timing] RFF feature sample: 0.00s
[timing] K_Z RFF: 0.00s
[timing] G_stack RFF: 0.01s
[timing] H_stack RFF: 0.01s
findfont: Font family 'Nimbus Roman' not found.
findfont: Font family 'Nimbus Roman' not found.
findfont: Font family 'Nimbus Roman' not found.
findfont: Font family 'Nimbus Roman' not found.
findfont: Font family 'Nimbus Roman' not found.
findfont: Font family 'Nimbus Roman' not found.
findfont: Font family 'Nimbus Roman' not found.
findfont: Font family 'Nimbus Roman' not found.
findfont: Font family 'Nimbus Roman' not found.
findfont: Font family 'Nimbus Roman' not found.
findfont: Font family 'Nimbus Roman' not found.
findfont: Font family 'Nimbus Roman' not found.
findfont: Font family 'Nimbus Roman' not found.
findfont: Font family 'Nimbus Roman' not found.
findfont: Font family 'Nimbus Roman' not found.
findfont: Font family 'Nimbus Roman' not found.
findfont: Font family 'Nimbus Roman' not found.
findfont: Font family 'Nimbus Roman' not found.
findfont: Font family 'Nimbus Roman' not found.
findfont: Font family 'Nimbus Roman' not found.
findfont: Font family 'Nimbus Roman' not found.
findfont: Font family 'Nimbus Roman' not found.
findfont: Font family 'Nimbus Roman' not found.
findfont: Font family 'Nimbus Roman' not found.
findfont: Font family 'Nimbus Roman' not found.
findfont: Font family 'Nimbus Roman' not found.
findfont: Font family 'Nimbus Roman' not found.
findfont: Font family 'Nimbus Roman' not found.
findfont: Font family 'Nimbus Roman' not found.
findfont: Font family 'Nimbus Roman' not found.
findfont: Font family 'Nimbus Roman' not found.
findfont: Font family 'Nimbus Roman' not found.
findfont: Font family 'Nimbus Roman' not found.
findfont: Font family 'Nimbus Roman' not found.
findfont: Font family 'Nimbus Roman' not found.
findfont: Font family 'Nimbus Roman' not found.
findfont: Font family 'Nimbus Roman' not found.
findfont: Font family 'Nimbus Roman' not found.
findfont: Font family 'Nimbus Roman' not found.
findfont: Font family 'Nimbus Roman' not found.
findfont: Font family 'Nimbus Roman' not found.
findfont: Font family 'Nimbus Roman' not found.
findfont: Font family 'Nimbus Roman' not found.
findfont: Font family 'Nimbus Roman' not found.
findfont: Font family 'Nimbus Roman' not found.
findfont: Font family 'Nimbus Roman' not found.
findfont: Font family 'Nimbus Roman' not found.
findfont: Font family 'Nimbus Roman' not found.
findfont: Font family 'Nimbus Roman' not found.
findfont: Font family ['Nimbus Roman'] not found. Falling back to DejaVu Sans.
findfont: Font family 'Nimbus Roman' not found.
findfont: Font family ['Nimbus Roman'] not found. Falling back to DejaVu Sans.
findfont: Font family 'Nimbus Roman' not found.
findfont: Font family 'Nimbus Roman' not found.
findfont: Font family 'Nimbus Roman' not found.
findfont: Font family 'Nimbus Roman' not found.
findfont: Font family 'Nimbus Roman' not found.
findfont: Font family 'Nimbus Roman' not found.
findfont: Font family 'Nimbus Roman' not found.
findfont: Font family 'Nimbus Roman' not found.
findfont: Font family 'Nimbus Roman' not found.
findfont: Font family 'Nimbus Roman' not found.
findfont: Font family 'Nimbus Roman' not found.
findfont: Font family 'Nimbus Roman' not found.
findfont: Font family ['Nimbus Roman'] not found. Falling back to DejaVu Sans.
findfont: Font family 'Nimbus Roman' not found.
findfont: Font family 'Nimbus Roman' not found.
findfont: Font family 'Nimbus Roman' not found.
findfont: Font family 'Nimbus Roman' not found.
findfont: Font family 'Nimbus Roman' not found.
findfont: Font family 'Nimbus Roman' not found.
findfont: Font family 'Nimbus Roman' not found.
findfont: Font family 'Nimbus Roman' not found.
findfont: Font family 'Nimbus Roman' not found.
findfont: Font family 'Nimbus Roman' not found.
findfont: Font family 'Nimbus Roman' not found.
findfont: Font family 'Nimbus Roman' not found.
findfont: Font family 'Nimbus Roman' not found.
findfont: Font family 'Nimbus Roman' not found.
findfont: Font family 'Nimbus Roman' not found.
findfont: Font family 'Nimbus Roman' not found.
findfont: Font family 'Nimbus Roman' not found.
findfont: Font family 'Nimbus Roman' not found.
findfont: Font family 'Nimbus Roman' not found.
findfont: Font family 'Nimbus Roman' not found.
findfont: Font family 'Nimbus Roman' not found.
findfont: Font family 'Nimbus Roman' not found.
findfont: Font family 'Nimbus Roman' not found.
findfont: Font family 'Nimbus Roman' not found.
findfont: Font family 'Nimbus Roman' not found.
findfont: Font family 'Nimbus Roman' not found.
findfont: Font family 'Nimbus Roman' not found.
findfont: Font family 'Nimbus Roman' not found.
findfont: Font family 'Nimbus Roman' not found.
findfont: Font family 'Nimbus Roman' not found.
findfont: Font family 'Nimbus Roman' not found.
findfont: Font family 'Nimbus Roman' not found.
findfont: Font family 'Nimbus Roman' not found.
findfont: Font family 'Nimbus Roman' not found.
findfont: Font family 'Nimbus Roman' not found.
findfont: Font family 'Nimbus Roman' not found.
findfont: Font family 'Nimbus Roman' not found.
findfont: Font family 'Nimbus Roman' not found.
findfont: Font family 'Nimbus Roman' not found.
findfont: Font family 'Nimbus Roman' not found.
findfont: Font family 'Nimbus Roman' not found.
findfont: Font family 'Nimbus Roman' not found.
findfont: Font family 'Nimbus Roman' not found.
findfont: Font family 'Nimbus Roman' not found.
findfont: Font family 'Nimbus Roman' not found.
findfont: Font family 'Nimbus Roman' not found.
findfont: Font family 'Nimbus Roman' not found.
findfont: Font family 'Nimbus Roman' not found.
findfont: Font family 'Nimbus Roman' not found.
findfont: Font family 'Nimbus Roman' not found.
findfont: Font family 'Nimbus Roman' not found.
findfont: Font family 'Nimbus Roman' not found.
findfont: Font family 'Nimbus Roman' not found.
findfont: Font family 'Nimbus Roman' not found.
findfont: Font family 'Nimbus Roman' not found.
findfont: Font family 'Nimbus Roman' not found.
findfont: Font family 'Nimbus Roman' not found.
findfont: Font family 'Nimbus Roman' not found.
findfont: Font family 'Nimbus Roman' not found.
findfont: Font family 'Nimbus Roman' not found.
findfont: Font family 'Nimbus Roman' not found.
findfont: Font family 'Nimbus Roman' not found.
findfont: Font family 'Nimbus Roman' not found.
findfont: Font family 'Nimbus Roman' not found.
findfont: Font family 'Nimbus Roman' not found.
findfont: Font family 'Nimbus Roman' not found.
findfont: Font family 'Nimbus Roman' not found.
findfont: Font family 'Nimbus Roman' not found.
findfont: Font family 'Nimbus Roman' not found.
findfont: Font family 'Nimbus Roman' not found.
findfont: Font family 'Nimbus Roman' not found.
findfont: Font family 'Nimbus Roman' not found.
findfont: Font family 'Nimbus Roman' not found.
findfont: Font family 'Nimbus Roman' not found.
findfont: Font family 'Nimbus Roman' not found.
findfont: Font family 'Nimbus Roman' not found.
findfont: Font family 'Nimbus Roman' not found.
findfont: Font family 'Nimbus Roman' not found.
findfont: Font family 'Nimbus Roman' not found.
findfont: Font family 'Nimbus Roman' not found.
findfont: Font family 'Nimbus Roman' not found.
findfont: Font family 'Nimbus Roman' not found.
findfont: Font family 'Nimbus Roman' not found.
findfont: Font family 'Nimbus Roman' not found.
findfont: Font family 'Nimbus Roman' not found.
findfont: Font family 'Nimbus Roman' not found.
Ridge mode: rkhs; diagnostic interval: 50
Iter 1/4000 | log_obj=9.903e+00 | log_Bellman_root=3.505e+00 | mass=1.89e+04 | neg=0.00e+00 | grad=7.98e+02
Iter 400/4000 | log_obj=3.883e+00 | log_Bellman_root=4.829e-01 | mass=4.59e+01 | neg=0.00e+00 | grad=5.31e+03
Iter 800/4000 | log_obj=3.874e+00 | log_Bellman_root=4.797e-01 | mass=4.55e+01 | neg=0.00e+00 | grad=5.33e+03
Iter 1200/4000 | log_obj=3.869e+00 | log_Bellman_root=4.773e-01 | mass=4.52e+01 | neg=0.00e+00 | grad=5.35e+03
Iter 1600/4000 | log_obj=2.278e+00 | log_Bellman_root=-3.198e-01 | mass=9.21e+00 | neg=0.00e+00 | grad=7.73e+03
Iter 2000/4000 | log_obj=2.274e+00 | log_Bellman_root=-3.216e-01 | mass=9.17e+00 | neg=0.00e+00 | grad=7.73e+03
Iter 2400/4000 | log_obj=2.270e+00 | log_Bellman_root=-3.232e-01 | mass=9.14e+00 | neg=0.00e+00 | grad=7.73e+03
Iter 2800/4000 | log_obj=1.879e+00 | log_Bellman_root=-5.178e-01 | mass=6.17e+00 | neg=0.00e+00 | grad=2.01e+03
Iter 3200/4000 | log_obj=3.328e+00 | log_Bellman_root=2.219e-01 | mass=2.63e+01 | neg=0.00e+00 | grad=2.53e+03
Iter 3600/4000 | log_obj=1.141e+00 | log_Bellman_root=-8.828e-01 | mass=2.94e+00 | neg=0.00e+00 | grad=2.66e+03
Iter 4000/4000 | log_obj=1.869e+00 | log_Bellman_root=-5.231e-01 | mass=6.11e+00 | neg=0.00e+00 | grad=2.02e+03
Returning best diagnostic checkpoint from step 3900 (objective=3.119e+00, Bellman=1.704e-01).
Done in 13.08s.
KE-DRL global estimation is done.
B_hat shape: (3090, 800)
B_hat rank diagnostics: {'B_num_rows': 3090, 'B_num_cols': 800, 'B_min_dim': 800, 'B_numerical_rank': 800, 'B_rank_fraction': 1.0, 'B_rank_tolerance': 4.0014784259412295e-05, 'B_stable_rank': 205.90435791015625, 'B_effective_rank': 771.3990059491334, 'B_entropy_rank': 6.648205757141113, 'B_spectral_norm': 0.10863053053617477, 'B_frobenius_norm': 1.5587794780731201, 'B_nuclear_norm': 42.579345703125, 'B_condition_number': 3.987385163818253, 'B_condition_number_tol': 3.987385163818253, 'B_smallest_singular_value': 0.02724355086684227, 'B_rank_rel_1em2': 800, 'B_rank_rel_1em3': 800, 'B_rank_rel_1em4': 800}
Global-loss target mass diagnostics: {'target_mass_mean': -0.6104127764701843, 'target_mass_min': -1.6793406009674072, 'target_mass_max': 0.6941558122634888, 'target_mass_sd': 0.5830729007720947, 'target_mass_rmse_to_target': 1.7117252349853516, 'target_beta_min': -0.012143362313508987, 'target_beta_max': 0.04323241114616394, 'target_neg_frac_mean': 0.6505000000000001}
Return dictionary Z_grid shape: (800, 3)
Replicate 83 risk metrics: {'risk_n_steps_recorded': 81.0, 'risk_n_diagnostics_recorded': 81.0, 'risk_log_obj_initial': 9.90286558180868, 'risk_log_obj_final': 1.8685435233615508, 'risk_log_obj_min': 1.1373886589999591, 'risk_obj_initial': 19987.56445312499, 'risk_obj_final': 6.478853225708007, 'risk_obj_min': 3.118613958358764, 'risk_log_obj_drop': 8.03432205844713, 'risk_log_bellman_root_initial': 3.505085179492115, 'risk_log_bellman_root_final': -0.5230535274613054, 'risk_log_bellman_root_min': -0.8847807684122492, 'risk_bellman_root_initial': 33.28427886962891, 'risk_bellman_root_final': 0.5927079319953918, 'risk_bellman_root_min': 0.41280466318130493, 'risk_bellman_initial': 1107.8432198712255, 'risk_bellman_final': 0.35130269265025404, 'risk_bellman_min': 0.1704076899442306, 'risk_log_bellman_root_drop': 4.0281387069534205, 'risk_bellman_returned': 0.17040769755840302, 'risk_obj_returned': 3.1186139583587646, 'risk_returned_step': 3900.0, 'offline_data_id': 83, 'benchmark_point_source': 'fixed_config_plus_support_safe_target_policy_draws', 'target_set_size': 100, 'lambda_reg': 0.005, 'lambda_B': 0.02, 'num_steps': 4000, 'transition_reduction_enabled': 1, 'transition_reduction_method': 'kmeans', 'transition_original_rows': 12000, 'transition_reduced_rows': 3090, 'transition_compression_ratio': 0.2575, 'target_mass_mean': -0.6104127764701843, 'target_mass_min': -1.6793406009674072, 'target_mass_max': 0.6941558122634888, 'target_mass_sd': 0.5830729007720947, 'target_mass_rmse_to_target': 1.7117252349853516, 'target_beta_min': -0.012143362313508987, 'target_beta_max': 0.04323241114616394, 'target_neg_frac_mean': 0.6505000000000001, 'B_num_rows': 3090, 'B_num_cols': 800, 'B_min_dim': 800, 'B_numerical_rank': 800, 'B_rank_fraction': 1.0, 'B_rank_tolerance': 4.0014784259412295e-05, 'B_stable_rank': 205.90435791015625, 'B_effective_rank': 771.3990059491334, 'B_entropy_rank': 6.648205757141113, 'B_spectral_norm': 0.10863053053617477, 'B_frobenius_norm': 1.5587794780731201, 'B_nuclear_norm': 42.579345703125, 'B_condition_number': 3.987385163818253, 'B_condition_number_tol': 3.987385163818253, 'B_smallest_singular_value': 0.02724355086684227, 'B_rank_rel_1em2': 800, 'B_rank_rel_1em3': 800, 'B_rank_rel_1em4': 800, 'risk_objective_final_raw': 6.478853225708008, 'risk_objective_min_raw': 3.1186139583587646, 'risk_objective_max_raw': 19987.564453125, 'risk_bellman_final_raw': 0.3513026833534241, 'risk_bellman_min_raw': 0.17040769755840302, 'risk_bellman_max_raw': 1107.8431396484375, 'risk_rkhs_ridge_final_raw': 0.018242359161376953, 'risk_rkhs_ridge_min_raw': 0.018202658742666245, 'risk_rkhs_ridge_max_raw': 2.320209264755249, 'risk_mass_final_raw': 6.109308242797852, 'risk_mass_min_raw': 2.9300036430358887, 'risk_mass_max_raw': 18877.400390625, 'risk_negativity_final_raw': 0.0, 'risk_negativity_min_raw': 0.0, 'risk_negativity_max_raw': 0.0, 'risk_B_norm_final_raw': 1.5583810806274414, 'risk_B_norm_min_raw': 1.5583810806274414, 'risk_B_norm_max_raw': 1.6405030488967896, 'risk_diagnostic_step_final_raw': 4000.0, 'risk_diagnostic_step_min_raw': 1.0, 'risk_diagnostic_step_max_raw': 4000.0, 'risk_best_step_final_raw': 3900.0, 'risk_best_step_min_raw': 3900.0, 'risk_best_step_max_raw': 3900.0, 'risk_best_objective_final_raw': 3.1186139583587646, 'risk_best_objective_min_raw': 3.1186139583587646, 'risk_best_objective_max_raw': 3.1186139583587646, 'risk_best_bellman_final_raw': 0.17040769755840302, 'risk_best_bellman_min_raw': 0.17040769755840302, 'risk_best_bellman_max_raw': 0.17040769755840302, 'risk_returned_step_final_raw': 3900.0, 'risk_returned_step_min_raw': 3900.0, 'risk_returned_step_max_raw': 3900.0, 'risk_returned_objective_final_raw': 3.1186139583587646, 'risk_returned_objective_min_raw': 3.1186139583587646, 'risk_returned_objective_max_raw': 3.1186139583587646, 'risk_returned_bellman_final_raw': 0.17040769755840302, 'risk_returned_bellman_min_raw': 0.17040769755840302, 'risk_returned_bellman_max_raw': 0.17040769755840302, 'risk_returned_best_checkpoint_final_raw': 1.0, 'risk_returned_best_checkpoint_min_raw': 1.0, 'risk_returned_best_checkpoint_max_raw': 1.0}
Benchmark 0 evaluation grid shape: (800, 3)
Replicate 83, benchmark 0 metrics: {'run_id': '83_b0', 'RMSE': 0.3558077756374672, 'MAE': 0.3253824513201107, 'SupNorm': 0.657271534204483, 'Bias': -0.3253824513201107, 'Corr': -0.052590887841801257, 'deming_slope': -2.1252630050166035, 'deming_intercept': 0.5025919108416889, 'beta_sum': -0.33479994535446167, 'beta_l1': 1.8235844373703003, 'beta_l2': 0.08249557018280029, 'beta_min': -0.008268407545983791, 'beta_max': 0.009500091895461082, 'beta_neg_frac': 0.5825, 'offline_data_id': 83, 'benchmark_id': 0, 'benchmark_point_source': 'fixed_config', 'target_set_size': 100, 'benchmark_z_path': 'data/Z_true.pt', 'projected_bellman_test_risk': 0.013843836262822151, 'oracle_embedding_risk': 1.2902748584747314, 'benchmark_embedding_risk': 1.2902748584747314, 'risk_bellman_final': 0.35130269265025404, 'risk_obj_final': 6.478853225708007, 'B_num_rows': 3090, 'B_num_cols': 800, 'B_min_dim': 800, 'B_numerical_rank': 800, 'B_rank_fraction': 1.0, 'B_rank_tolerance': 4.0014784259412295e-05, 'B_stable_rank': 205.90435791015625, 'B_effective_rank': 771.3990059491334, 'B_entropy_rank': 6.648205757141113, 'B_spectral_norm': 0.10863053053617477, 'B_frobenius_norm': 1.5587794780731201, 'B_nuclear_norm': 42.579345703125, 'B_condition_number': 3.987385163818253, 'B_condition_number_tol': 3.987385163818253, 'B_smallest_singular_value': 0.02724355086684227, 'B_rank_rel_1em2': 800, 'B_rank_rel_1em3': 800, 'B_rank_rel_1em4': 800}
Saved ./mu/mu_hat.csv shape=(800,)
Saved ./mu/mu2D_hat_dims01.csv shape=(120, 120)
Saved ./mu/mu2D_hat_dims01.csv shape=(120, 120)
Saved plots/replicate_83/mu_3D.png
Benchmark 1 evaluation grid shape: (800, 3)
Replicate 83, benchmark 1 metrics: {'run_id': '83_b1', 'RMSE': 0.9483267210345788, 'MAE': 0.8758603972796117, 'SupNorm': 1.555358499288559, 'Bias': -0.8758603972796117, 'Corr': -0.986020114728084, 'deming_slope': -2.765936312309377, 'deming_intercept': 0.11539873264741785, 'beta_sum': -1.9270408153533936, 'beta_l1': 2.2029502391815186, 'beta_l2': 0.09564084559679031, 'beta_min': -0.010650653392076492, 'beta_max': 0.004977598786354065, 'beta_neg_frac': 0.8475, 'offline_data_id': 83, 'benchmark_id': 1, 'benchmark_point_source': 'fixed_config', 'target_set_size': 100, 'benchmark_z_path': 'data/Z_true.pt', 'projected_bellman_test_risk': 0.25138360261917114, 'oracle_embedding_risk': 3.731055736541748, 'benchmark_embedding_risk': 3.731055736541748, 'risk_bellman_final': 0.35130269265025404, 'risk_obj_final': 6.478853225708007, 'B_num_rows': 3090, 'B_num_cols': 800, 'B_min_dim': 800, 'B_numerical_rank': 800, 'B_rank_fraction': 1.0, 'B_rank_tolerance': 4.0014784259412295e-05, 'B_stable_rank': 205.90435791015625, 'B_effective_rank': 771.3990059491334, 'B_entropy_rank': 6.648205757141113, 'B_spectral_norm': 0.10863053053617477, 'B_frobenius_norm': 1.5587794780731201, 'B_nuclear_norm': 42.579345703125, 'B_condition_number': 3.987385163818253, 'B_condition_number_tol': 3.987385163818253, 'B_smallest_singular_value': 0.02724355086684227, 'B_rank_rel_1em2': 800, 'B_rank_rel_1em3': 800, 'B_rank_rel_1em4': 800}
Benchmark 2 evaluation grid shape: (800, 3)
Replicate 83, benchmark 2 metrics: {'run_id': '83_b2', 'RMSE': 0.879472836556682, 'MAE': 0.8121910832368303, 'SupNorm': 1.449030876159668, 'Bias': -0.8121910832368303, 'Corr': -0.8365352229692702, 'deming_slope': -3.0921053123498727, 'deming_intercept': 0.2961720125946037, 'beta_sum': -1.734479308128357, 'beta_l1': 2.1322338581085205, 'beta_l2': 0.09163900464773178, 'beta_min': -0.008925902657210827, 'beta_max': 0.006695335730910301, 'beta_neg_frac': 0.815, 'offline_data_id': 83, 'benchmark_id': 2, 'benchmark_point_source': 'fixed_config', 'target_set_size': 100, 'benchmark_z_path': 'data/Z_true.pt', 'projected_bellman_test_risk': 0.1547180414199829, 'oracle_embedding_risk': 3.3238046169281006, 'benchmark_embedding_risk': 3.3238046169281006, 'risk_bellman_final': 0.35130269265025404, 'risk_obj_final': 6.478853225708007, 'B_num_rows': 3090, 'B_num_cols': 800, 'B_min_dim': 800, 'B_numerical_rank': 800, 'B_rank_fraction': 1.0, 'B_rank_tolerance': 4.0014784259412295e-05, 'B_stable_rank': 205.90435791015625, 'B_effective_rank': 771.3990059491334, 'B_entropy_rank': 6.648205757141113, 'B_spectral_norm': 0.10863053053617477, 'B_frobenius_norm': 1.5587794780731201, 'B_nuclear_norm': 42.579345703125, 'B_condition_number': 3.987385163818253, 'B_condition_number_tol': 3.987385163818253, 'B_smallest_singular_value': 0.02724355086684227, 'B_rank_rel_1em2': 800, 'B_rank_rel_1em3': 800, 'B_rank_rel_1em4': 800}
Benchmark 3 evaluation grid shape: (800, 3)
Replicate 83, benchmark 3 metrics: {'run_id': '83_b3', 'RMSE': 0.8714530716646232, 'MAE': 0.7995707422803389, 'SupNorm': 1.4525083303451538, 'Bias': -0.7995707422803389, 'Corr': -0.8979712419498508, 'deming_slope': -2.8730534539242405, 'deming_intercept': 0.21479631498105145, 'beta_sum': -1.7410767078399658, 'beta_l1': 2.1512320041656494, 'beta_l2': 0.09388343244791031, 'beta_min': -0.009486204944550991, 'beta_max': 0.00782809592783451, 'beta_neg_frac': 0.80125, 'offline_data_id': 83, 'benchmark_id': 3, 'benchmark_point_source': 'fixed_config', 'target_set_size': 100, 'benchmark_z_path': 'data/Z_true.pt', 'projected_bellman_test_risk': 0.17498356103897095, 'oracle_embedding_risk': 3.3676962852478027, 'benchmark_embedding_risk': 3.3676962852478027, 'risk_bellman_final': 0.35130269265025404, 'risk_obj_final': 6.478853225708007, 'B_num_rows': 3090, 'B_num_cols': 800, 'B_min_dim': 800, 'B_numerical_rank': 800, 'B_rank_fraction': 1.0, 'B_rank_tolerance': 4.0014784259412295e-05, 'B_stable_rank': 205.90435791015625, 'B_effective_rank': 771.3990059491334, 'B_entropy_rank': 6.648205757141113, 'B_spectral_norm': 0.10863053053617477, 'B_frobenius_norm': 1.5587794780731201, 'B_nuclear_norm': 42.579345703125, 'B_condition_number': 3.987385163818253, 'B_condition_number_tol': 3.987385163818253, 'B_smallest_singular_value': 0.02724355086684227, 'B_rank_rel_1em2': 800, 'B_rank_rel_1em3': 800, 'B_rank_rel_1em4': 800}
Benchmark 4 evaluation grid shape: (800, 3)
Replicate 83, benchmark 4 metrics: {'run_id': '83_b4', 'RMSE': 0.1858516839565152, 'MAE': 0.17377319315641215, 'SupNorm': 0.37761640548706055, 'Bias': -0.17377319315641215, 'Corr': 0.7343519850868077, 'deming_slope': 0.7707651924784804, 'deming_intercept': -0.11201688027396507, 'beta_sum': 0.20812098681926727, 'beta_l1': 1.9599192142486572, 'beta_l2': 0.10934949666261673, 'beta_min': -0.007210826501250267, 'beta_max': 0.028495747596025467, 'beta_neg_frac': 0.55125, 'offline_data_id': 83, 'benchmark_id': 4, 'benchmark_point_source': 'support_safe_target_policy_draw', 'target_set_size': 100, 'benchmark_z_path': 'data/Z_true.pt', 'projected_bellman_test_risk': 0.038257718086242676, 'oracle_embedding_risk': 0.9535958766937256, 'benchmark_embedding_risk': 0.9535958766937256, 'risk_bellman_final': 0.35130269265025404, 'risk_obj_final': 6.478853225708007, 'B_num_rows': 3090, 'B_num_cols': 800, 'B_min_dim': 800, 'B_numerical_rank': 800, 'B_rank_fraction': 1.0, 'B_rank_tolerance': 4.0014784259412295e-05, 'B_stable_rank': 205.90435791015625, 'B_effective_rank': 771.3990059491334, 'B_entropy_rank': 6.648205757141113, 'B_spectral_norm': 0.10863053053617477, 'B_frobenius_norm': 1.5587794780731201, 'B_nuclear_norm': 42.579345703125, 'B_condition_number': 3.987385163818253, 'B_condition_number_tol': 3.987385163818253, 'B_smallest_singular_value': 0.02724355086684227, 'B_rank_rel_1em2': 800, 'B_rank_rel_1em3': 800, 'B_rank_rel_1em4': 800}
Benchmark 5 evaluation grid shape: (800, 3)
Replicate 83, benchmark 5 metrics: {'run_id': '83_b5', 'RMSE': 0.2536993014647875, 'MAE': 0.2364165746849062, 'SupNorm': 0.40650580637156963, 'Bias': -0.23635897285864074, 'Corr': 0.25231555872566874, 'deming_slope': 0.04609072837359693, 'deming_intercept': 0.011271017829935854, 'beta_sum': 0.18757718801498413, 'beta_l1': 0.4057210683822632, 'beta_l2': 0.018451426178216934, 'beta_min': -0.0015091442037373781, 'beta_max': 0.003000752069056034, 'beta_neg_frac': 0.37875, 'offline_data_id': 83, 'benchmark_id': 5, 'benchmark_point_source': 'support_safe_target_policy_draw', 'target_set_size': 100, 'benchmark_z_path': 'data/Z_true.pt', 'projected_bellman_test_risk': 0.019208606332540512, 'oracle_embedding_risk': 0.9609673023223877, 'benchmark_embedding_risk': 0.9609673023223877, 'risk_bellman_final': 0.35130269265025404, 'risk_obj_final': 6.478853225708007, 'B_num_rows': 3090, 'B_num_cols': 800, 'B_min_dim': 800, 'B_numerical_rank': 800, 'B_rank_fraction': 1.0, 'B_rank_tolerance': 4.0014784259412295e-05, 'B_stable_rank': 205.90435791015625, 'B_effective_rank': 771.3990059491334, 'B_entropy_rank': 6.648205757141113, 'B_spectral_norm': 0.10863053053617477, 'B_frobenius_norm': 1.5587794780731201, 'B_nuclear_norm': 42.579345703125, 'B_condition_number': 3.987385163818253, 'B_condition_number_tol': 3.987385163818253, 'B_smallest_singular_value': 0.02724355086684227, 'B_rank_rel_1em2': 800, 'B_rank_rel_1em3': 800, 'B_rank_rel_1em4': 800}
Benchmark 6 evaluation grid shape: (800, 3)
Replicate 83, benchmark 6 metrics: {'run_id': '83_b6', 'RMSE': 0.5113772775329302, 'MAE': 0.4628448784070497, 'SupNorm': 0.9262216985225677, 'Bias': -0.4628448784070497, 'Corr': -0.4050217652392319, 'deming_slope': -2.8777834850910446, 'deming_intercept': 0.5715058152008865, 'beta_sum': -0.7671912312507629, 'beta_l1': 1.8641853332519531, 'beta_l2': 0.08262420445680618, 'beta_min': -0.009699072688817978, 'beta_max': 0.01129286177456379, 'beta_neg_frac': 0.65875, 'offline_data_id': 83, 'benchmark_id': 6, 'benchmark_point_source': 'support_safe_target_policy_draw', 'target_set_size': 100, 'benchmark_z_path': 'data/Z_true.pt', 'projected_bellman_test_risk': 0.009217876940965652, 'oracle_embedding_risk': 1.7930766344070435, 'benchmark_embedding_risk': 1.7930766344070435, 'risk_bellman_final': 0.35130269265025404, 'risk_obj_final': 6.478853225708007, 'B_num_rows': 3090, 'B_num_cols': 800, 'B_min_dim': 800, 'B_numerical_rank': 800, 'B_rank_fraction': 1.0, 'B_rank_tolerance': 4.0014784259412295e-05, 'B_stable_rank': 205.90435791015625, 'B_effective_rank': 771.3990059491334, 'B_entropy_rank': 6.648205757141113, 'B_spectral_norm': 0.10863053053617477, 'B_frobenius_norm': 1.5587794780731201, 'B_nuclear_norm': 42.579345703125, 'B_condition_number': 3.987385163818253, 'B_condition_number_tol': 3.987385163818253, 'B_smallest_singular_value': 0.02724355086684227, 'B_rank_rel_1em2': 800, 'B_rank_rel_1em3': 800, 'B_rank_rel_1em4': 800}
Benchmark 7 evaluation grid shape: (800, 3)
Replicate 83, benchmark 7 metrics: {'run_id': '83_b7', 'RMSE': 0.48839197508784943, 'MAE': 0.435179984557908, 'SupNorm': 0.9343463182449341, 'Bias': -0.435179984557908, 'Corr': -0.26250287567663133, 'deming_slope': -5.2483463772898595, 'deming_intercept': 1.2155309729500299, 'beta_sum': -0.820796012878418, 'beta_l1': 1.9190049171447754, 'beta_l2': 0.09118742495775223, 'beta_min': -0.007947477512061596, 'beta_max': 0.022661326453089714, 'beta_neg_frac': 0.71375, 'offline_data_id': 83, 'benchmark_id': 7, 'benchmark_point_source': 'support_safe_target_policy_draw', 'target_set_size': 100, 'benchmark_z_path': 'data/Z_true.pt', 'projected_bellman_test_risk': 0.05287116393446922, 'oracle_embedding_risk': 1.834567666053772, 'benchmark_embedding_risk': 1.834567666053772, 'risk_bellman_final': 0.35130269265025404, 'risk_obj_final': 6.478853225708007, 'B_num_rows': 3090, 'B_num_cols': 800, 'B_min_dim': 800, 'B_numerical_rank': 800, 'B_rank_fraction': 1.0, 'B_rank_tolerance': 4.0014784259412295e-05, 'B_stable_rank': 205.90435791015625, 'B_effective_rank': 771.3990059491334, 'B_entropy_rank': 6.648205757141113, 'B_spectral_norm': 0.10863053053617477, 'B_frobenius_norm': 1.5587794780731201, 'B_nuclear_norm': 42.579345703125, 'B_condition_number': 3.987385163818253, 'B_condition_number_tol': 3.987385163818253, 'B_smallest_singular_value': 0.02724355086684227, 'B_rank_rel_1em2': 800, 'B_rank_rel_1em3': 800, 'B_rank_rel_1em4': 800}
Benchmark 8 evaluation grid shape: (800, 3)
Replicate 83, benchmark 8 metrics: {'run_id': '83_b8', 'RMSE': 0.25349652481967494, 'MAE': 0.23153500483123934, 'SupNorm': 0.4445895105600357, 'Bias': -0.23153500483123934, 'Corr': 0.20730227628520348, 'deming_slope': 0.16490156198010433, 'deming_intercept': -0.011762441309793294, 'beta_sum': 0.17192399501800537, 'beta_l1': 1.6498303413391113, 'beta_l2': 0.0769500806927681, 'beta_min': -0.00702467979863286, 'beta_max': 0.01648969203233719, 'beta_neg_frac': 0.50125, 'offline_data_id': 83, 'benchmark_id': 8, 'benchmark_point_source': 'support_safe_target_policy_draw', 'target_set_size': 100, 'benchmark_z_path': 'data/Z_true.pt', 'projected_bellman_test_risk': 0.10564170777797699, 'oracle_embedding_risk': 0.9881530404090881, 'benchmark_embedding_risk': 0.9881530404090881, 'risk_bellman_final': 0.35130269265025404, 'risk_obj_final': 6.478853225708007, 'B_num_rows': 3090, 'B_num_cols': 800, 'B_min_dim': 800, 'B_numerical_rank': 800, 'B_rank_fraction': 1.0, 'B_rank_tolerance': 4.0014784259412295e-05, 'B_stable_rank': 205.90435791015625, 'B_effective_rank': 771.3990059491334, 'B_entropy_rank': 6.648205757141113, 'B_spectral_norm': 0.10863053053617477, 'B_frobenius_norm': 1.5587794780731201, 'B_nuclear_norm': 42.579345703125, 'B_condition_number': 3.987385163818253, 'B_condition_number_tol': 3.987385163818253, 'B_smallest_singular_value': 0.02724355086684227, 'B_rank_rel_1em2': 800, 'B_rank_rel_1em3': 800, 'B_rank_rel_1em4': 800}
Benchmark 9 evaluation grid shape: (800, 3)
Replicate 83, benchmark 9 metrics: {'run_id': '83_b9', 'RMSE': 0.5069541857967111, 'MAE': 0.4526602145525976, 'SupNorm': 0.9249885976314545, 'Bias': -0.4526602145525976, 'Corr': -0.35925621372458566, 'deming_slope': -3.712074715013918, 'deming_intercept': 0.8127414089393882, 'beta_sum': -0.7036852836608887, 'beta_l1': 1.9904990196228027, 'beta_l2': 0.09225140511989594, 'beta_min': -0.010050667449831963, 'beta_max': 0.017645709216594696, 'beta_neg_frac': 0.64625, 'offline_data_id': 83, 'benchmark_id': 9, 'benchmark_point_source': 'support_safe_target_policy_draw', 'target_set_size': 100, 'benchmark_z_path': 'data/Z_true.pt', 'projected_bellman_test_risk': 0.007886753417551517, 'oracle_embedding_risk': 1.781793236732483, 'benchmark_embedding_risk': 1.781793236732483, 'risk_bellman_final': 0.35130269265025404, 'risk_obj_final': 6.478853225708007, 'B_num_rows': 3090, 'B_num_cols': 800, 'B_min_dim': 800, 'B_numerical_rank': 800, 'B_rank_fraction': 1.0, 'B_rank_tolerance': 4.0014784259412295e-05, 'B_stable_rank': 205.90435791015625, 'B_effective_rank': 771.3990059491334, 'B_entropy_rank': 6.648205757141113, 'B_spectral_norm': 0.10863053053617477, 'B_frobenius_norm': 1.5587794780731201, 'B_nuclear_norm': 42.579345703125, 'B_condition_number': 3.987385163818253, 'B_condition_number_tol': 3.987385163818253, 'B_smallest_singular_value': 0.02724355086684227, 'B_rank_rel_1em2': 800, 'B_rank_rel_1em3': 800, 'B_rank_rel_1em4': 800}
Replicate 83 finished in 23.6s
Finished combo 3, offline replicate 83.
