Job ID:    2359484
Array idx: 664
CPUs/node: 64
Mem/node:  131072
Using CC = cc 
Using CXX = CC 
Using FC = ftn 
Using F77 = ftn 
Using F90 = ftn 
cuda/12.6.1 is deprecated; loading cudatoolkit/25.5_12.9 instead.
Using CC = /opt/nvidia/hpc_sdk/Linux_aarch64/25.5/compilers/bin/nvc 
Using CXX = /opt/nvidia/hpc_sdk/Linux_aarch64/25.5/compilers/bin/nvc++ 
Using FC = /opt/nvidia/hpc_sdk/Linux_aarch64/25.5/compilers/bin/nvfortran 
Using F77 = /opt/nvidia/hpc_sdk/Linux_aarch64/25.5/compilers/bin/nvfortran 
Using F90 = /opt/nvidia/hpc_sdk/Linux_aarch64/25.5/compilers/bin/nvfortran 
Using CC = /opt/nvidia/hpc_sdk/Linux_aarch64/25.5/compilers/bin/nvc 
Using CXX = /opt/nvidia/hpc_sdk/Linux_aarch64/25.5/compilers/bin/nvc++ 
Using FC = /opt/nvidia/hpc_sdk/Linux_aarch64/25.5/compilers/bin/nvfortran 
Using F77 = /opt/nvidia/hpc_sdk/Linux_aarch64/25.5/compilers/bin/nvfortran 
Using F90 = /opt/nvidia/hpc_sdk/Linux_aarch64/25.5/compilers/bin/nvfortran 

Lmod is automatically replacing "gcc-native/14" with "gcc/14.2.0".

ghx4
0
Tuning combo id: 6 / 6
Offline replicate id: 64 / 99
Installing ke_drl from git: https://github.com/mehrdadmhmdi/ke-drl.git@main
Collecting git+https://github.com/mehrdadmhmdi/ke-drl.git@main
  Cloning https://github.com/mehrdadmhmdi/ke-drl.git (to revision main) to /tmp/pip-req-build-j6fjehu7
  Running command git clone --filter=blob:none --quiet https://github.com/mehrdadmhmdi/ke-drl.git /tmp/pip-req-build-j6fjehu7
  Resolved https://github.com/mehrdadmhmdi/ke-drl.git to commit 3c5d570e40ea15b1fbe4817b5f43b64c7b333e82
  Installing build dependencies: started
  Installing build dependencies: finished with status 'done'
  Getting requirements to build wheel: started
  Getting requirements to build wheel: finished with status 'done'
  Preparing metadata (pyproject.toml): started
  Preparing metadata (pyproject.toml): finished with status 'done'
Building wheels for collected packages: ke_drl
  Building wheel for ke_drl (pyproject.toml): started
  Building wheel for ke_drl (pyproject.toml): finished with status 'done'
  Created wheel for ke_drl: filename=ke_drl-0.1.0-py3-none-any.whl size=47219 sha256=e9e40dda2e37952114daf410dbda32956ef6a3fa09c16ed87e23bb7da0c7b2fe
  Stored in directory: /tmp/pip-ephem-wheel-cache-27517j38/wheels/24/47/ad/9a4ffd3b05d3e90e35ffc6e7324b735b8bfcf5f51aaf29a333
Successfully built ke_drl
Installing collected packages: ke_drl
Successfully installed ke_drl-0.1.0
Installed ke_drl source: /work/nvme/bfez/mehrdad3/DistRL/simulation_3/runs/sim3_global_2358722_6/.kedrl_site_664/ke_drl/__init__.py
Tuning combo 6: lambda_B_0.2
Overrides: {'lambda_B': 0.2}
RUN: /sw/user/python/miniforge3-pytorch-24.11.3/bin/python3 validate_sim_config.py --params params.yaml
ke_drl import source: /work/nvme/bfez/mehrdad3/DistRL/simulation_3/runs/sim3_global_2358722_6/.kedrl_site_664/ke_drl/__init__.py
ke_drl package API OK: prediction weights, RFF operators, rank diagnostics, and best-checkpoint optimizer available
Policy config OK: behavior=uniform, target=logistic, state_dim=5, action_dim=1
Note: policy.logistic.theta_scale/theta_std are log-scale coefficients in Probability_Densities.
Behavior-policy linearized state-process diagnostic: spectral_radius=0.653, offline_burn_in=50
Replicate config OK: num_replicates=100, benchmark points=10 independent of D_i, loss target points=100
Transition reduction OK: method=kmeans, raw rows N(T-1)=12000, target rows about 3000, B rows reduced from 12000 to about 3000
Return-operator approximation OK: method=rff, features=512, exact G avoided for estimated N=12000, m=800, L=100
Fixed benchmark config rows=4 (benchmark.num_points=10; additional points are support-safe target-policy draws if needed)
Fixed benchmark point 0: s_star=[0.6, -0.8, 0.7, -0.5, 0.9], a_star=[0.5]
Fixed benchmark behavior-support interval for configured rows: min_lower=-0.12, max_upper=1.11
Fixed benchmark target-policy location range: [-0.02, 0.14]
Reusing shared data from /work/nvme/bfez/mehrdad3/DistRL/simulation_3/runs/sim3_shared_data/data for offline replicate 64.
RUN: /sw/user/python/miniforge3-pytorch-24.11.3/bin/python3 validate_sim_config.py --params params.yaml --data data/offline_data_64.pt
ke_drl import source: /work/nvme/bfez/mehrdad3/DistRL/simulation_3/runs/sim3_global_2358722_6/.kedrl_site_664/ke_drl/__init__.py
ke_drl package API OK: prediction weights, RFF operators, rank diagnostics, and best-checkpoint optimizer available
Policy config OK: behavior=uniform, target=logistic, state_dim=5, action_dim=1
Note: policy.logistic.theta_scale/theta_std are log-scale coefficients in Probability_Densities.
Behavior-policy linearized state-process diagnostic: spectral_radius=0.653, offline_burn_in=50
Replicate config OK: num_replicates=100, benchmark points=10 independent of D_i, loss target points=100
Transition reduction OK: method=kmeans, raw rows N(T-1)=12000, target rows about 3000, B rows reduced from 12000 to about 3000
Return-operator approximation OK: method=rff, features=512, exact G avoided for estimated N=12000, m=800, L=100
Fixed benchmark config rows=4 (benchmark.num_points=10; additional points are support-safe target-policy draws if needed)
Fixed benchmark point 0: s_star=[0.6, -0.8, 0.7, -0.5, 0.9], a_star=[0.5]
Fixed benchmark behavior-support interval for configured rows: min_lower=-0.12, max_upper=1.11
Fixed benchmark target-policy location range: [-0.02, 0.14]
Full benchmark support check OK: 10 points, min_lower=-2.177, max_upper=2.05
observed behavior actions: mean=0.4044, sd=0.6734, q0/q10/q50/q90/q100=[-2.3544325828552246, -0.39820144474506375, 0.34063655138015747, 1.3135068893432618, 2.9882335662841797]
target-policy sampled actions: mean=-0.01963, sd=0.6659, q0/q10/q50/q90/q100=[-2.6707869237583117, -0.872645655934767, -0.008779506158743504, 0.8301183881582425, 2.4468334316026703]
behavior uniform lower: mean=-0.1202, sd=0.659, q0/q10/q50/q90/q100=[-2.841729664802551, -0.9666234815120697, -0.11388267874717711, 0.7227945536375048, 2.264028310775757]
behavior uniform upper: mean=0.9213, sd=0.6453, q0/q10/q50/q90/q100=[-0.8955679833889008, 0.07655180811882022, 0.9364508114755153, 1.7542799097299577, 3.264028310775757]
target location inside behavior uniform support: 0.969
RUN: /sw/user/python/miniforge3-pytorch-24.11.3/bin/python3 main_est.py
# ================================================================ #
#   Global KE-DRL estimation for one offline replicate              #
# ================================================================ #
Slurm Job ID: 2359484
Slurm Array ID: 64 -- used as the offline-replicate id
Offline data id: 64
ke_drl import source: /work/nvme/bfez/mehrdad3/DistRL/simulation_3/runs/sim3_global_2358722_6/.kedrl_site_664/ke_drl/__init__.py
Estimator device: cuda (NVIDIA GH200 120GB, capability 9.0); torch CUDA=13.0
Random seed: 20460576
Number of offline replicates: 100
[transition reduction] enabled: original rows=12000, target basis=3000, method=kmeans, device=cuda
[transition reduction] kmeans iter 1/20, mean center shift=2.7377e-01
[transition reduction] kmeans iter 5/20, mean center shift=4.6380e-03
[transition reduction] kmeans iter 10/20, mean center shift=5.6651e-08
[transition reduction] selected 3082 rows from 12000 transitions (ratio 0.2568); indices saved to data/reduced_transition_indices_64.pt
Data and parameters loaded.
offline path: data/offline_data_64.pt
benchmark true-Z path: data/Z_true.pt
offline shapes after reduction: s0=(3082, 5), a0=(3082, 1), r0=(3082, 3)
transition reduction: {'enabled': True, 'method': 'kmeans', 'original_rows': 12000, 'reduced_rows': 3082, 'selected_indices_path': 'data/reduced_transition_indices_64.pt', 'target_basis': 3000, 'compression_ratio': 0.25683333333333336}
fixed benchmark point source: fixed_config_plus_support_safe_target_policy_draws
benchmark row excluded from this offline data: None
global loss target set shape: s_star=(100, 5), a_star=(100, 1)
benchmark true-Z count=10, shape each=(50000, 3)
target policy: logistic
behavior policy: uniform
lambda_Gamma=0.005, lambda_B=0.2, d_r_method=song
dtype=torch.float32, operator_method=rff, operator_num_features=512
ridge_mode=rkhs, diagnostic_interval=50
mass_anchor_lambda=1.0, target_mass=1.0
uLSIF basis: source=numerator, n_basis=512, lambda_reg=0.005
optimizer stabilizers: lambda_neg=0.0, max_B_norm=None, eta_clip_min=0.0, eta_clip_max=5.0, normalize_eta=True
========================================
Estimating the global KE-DRL mean embedding
torch device=cuda, dtype=torch.float32
Data dims: N=3082, L=100, Ds=5, Da=1, Dr=3
lambda_Gamma=0.005, lambda_B=0.2
return-operator construction: method=rff, rff_features=512
[uLSIF] basis=512/3082 (numerator); eta_hat min=-9.108e-01 max=5.719e+00 neg%=3.89
ESS for eta_plus: 2120.0 / 3082
eta_plus diagnostics: raw_mean=0.999, raw_min=-0.911, raw_max=5.72; used_mean=1, used_min=0, used_max=4.95
[timing] Z-grid: 0.04s
[timing] K_X: 0.00s
[timing] K_plus: 0.00s
[timing] k_star: 0.00s
[timing] Gamma_stack: 0.01s
[timing] Phi_stack: 0.00s
[timing] RFF feature sample: 0.00s
[timing] K_Z RFF: 0.00s
[timing] G_stack RFF: 0.01s
[timing] H_stack RFF: 0.01s
findfont: Font family 'Nimbus Roman' not found.
findfont: Font family 'Nimbus Roman' not found.
findfont: Font family 'Nimbus Roman' not found.
findfont: Font family 'Nimbus Roman' not found.
findfont: Font family 'Nimbus Roman' not found.
findfont: Font family 'Nimbus Roman' not found.
findfont: Font family 'Nimbus Roman' not found.
findfont: Font family 'Nimbus Roman' not found.
findfont: Font family 'Nimbus Roman' not found.
findfont: Font family 'Nimbus Roman' not found.
findfont: Font family 'Nimbus Roman' not found.
findfont: Font family 'Nimbus Roman' not found.
findfont: Font family 'Nimbus Roman' not found.
findfont: Font family 'Nimbus Roman' not found.
findfont: Font family 'Nimbus Roman' not found.
findfont: Font family 'Nimbus Roman' not found.
findfont: Font family 'Nimbus Roman' not found.
findfont: Font family 'Nimbus Roman' not found.
findfont: Font family 'Nimbus Roman' not found.
findfont: Font family 'Nimbus Roman' not found.
findfont: Font family 'Nimbus Roman' not found.
findfont: Font family 'Nimbus Roman' not found.
findfont: Font family 'Nimbus Roman' not found.
findfont: Font family 'Nimbus Roman' not found.
findfont: Font family 'Nimbus Roman' not found.
findfont: Font family 'Nimbus Roman' not found.
findfont: Font family 'Nimbus Roman' not found.
findfont: Font family 'Nimbus Roman' not found.
findfont: Font family 'Nimbus Roman' not found.
findfont: Font family 'Nimbus Roman' not found.
findfont: Font family 'Nimbus Roman' not found.
findfont: Font family 'Nimbus Roman' not found.
findfont: Font family 'Nimbus Roman' not found.
findfont: Font family 'Nimbus Roman' not found.
findfont: Font family 'Nimbus Roman' not found.
findfont: Font family 'Nimbus Roman' not found.
findfont: Font family 'Nimbus Roman' not found.
findfont: Font family 'Nimbus Roman' not found.
findfont: Font family 'Nimbus Roman' not found.
findfont: Font family 'Nimbus Roman' not found.
findfont: Font family 'Nimbus Roman' not found.
findfont: Font family 'Nimbus Roman' not found.
findfont: Font family 'Nimbus Roman' not found.
findfont: Font family 'Nimbus Roman' not found.
findfont: Font family 'Nimbus Roman' not found.
findfont: Font family 'Nimbus Roman' not found.
findfont: Font family ['Nimbus Roman'] not found. Falling back to DejaVu Sans.
findfont: Font family 'Nimbus Roman' not found.
findfont: Font family ['Nimbus Roman'] not found. Falling back to DejaVu Sans.
findfont: Font family 'Nimbus Roman' not found.
findfont: Font family 'Nimbus Roman' not found.
findfont: Font family 'Nimbus Roman' not found.
findfont: Font family 'Nimbus Roman' not found.
findfont: Font family 'Nimbus Roman' not found.
findfont: Font family 'Nimbus Roman' not found.
findfont: Font family 'Nimbus Roman' not found.
findfont: Font family 'Nimbus Roman' not found.
findfont: Font family 'Nimbus Roman' not found.
findfont: Font family 'Nimbus Roman' not found.
findfont: Font family ['Nimbus Roman'] not found. Falling back to DejaVu Sans.
findfont: Font family 'Nimbus Roman' not found.
findfont: Font family 'Nimbus Roman' not found.
findfont: Font family 'Nimbus Roman' not found.
findfont: Font family 'Nimbus Roman' not found.
findfont: Font family 'Nimbus Roman' not found.
findfont: Font family 'Nimbus Roman' not found.
findfont: Font family 'Nimbus Roman' not found.
findfont: Font family 'Nimbus Roman' not found.
findfont: Font family 'Nimbus Roman' not found.
findfont: Font family 'Nimbus Roman' not found.
findfont: Font family 'Nimbus Roman' not found.
findfont: Font family 'Nimbus Roman' not found.
findfont: Font family 'Nimbus Roman' not found.
findfont: Font family 'Nimbus Roman' not found.
findfont: Font family 'Nimbus Roman' not found.
findfont: Font family 'Nimbus Roman' not found.
findfont: Font family 'Nimbus Roman' not found.
findfont: Font family 'Nimbus Roman' not found.
findfont: Font family 'Nimbus Roman' not found.
findfont: Font family 'Nimbus Roman' not found.
findfont: Font family 'Nimbus Roman' not found.
findfont: Font family 'Nimbus Roman' not found.
findfont: Font family 'Nimbus Roman' not found.
findfont: Font family 'Nimbus Roman' not found.
findfont: Font family 'Nimbus Roman' not found.
findfont: Font family 'Nimbus Roman' not found.
findfont: Font family 'Nimbus Roman' not found.
findfont: Font family 'Nimbus Roman' not found.
findfont: Font family 'Nimbus Roman' not found.
findfont: Font family 'Nimbus Roman' not found.
findfont: Font family 'Nimbus Roman' not found.
findfont: Font family 'Nimbus Roman' not found.
findfont: Font family 'Nimbus Roman' not found.
findfont: Font family 'Nimbus Roman' not found.
findfont: Font family 'Nimbus Roman' not found.
findfont: Font family 'Nimbus Roman' not found.
findfont: Font family 'Nimbus Roman' not found.
findfont: Font family 'Nimbus Roman' not found.
findfont: Font family 'Nimbus Roman' not found.
findfont: Font family 'Nimbus Roman' not found.
findfont: Font family 'Nimbus Roman' not found.
findfont: Font family 'Nimbus Roman' not found.
findfont: Font family 'Nimbus Roman' not found.
findfont: Font family 'Nimbus Roman' not found.
findfont: Font family 'Nimbus Roman' not found.
findfont: Font family 'Nimbus Roman' not found.
findfont: Font family 'Nimbus Roman' not found.
findfont: Font family 'Nimbus Roman' not found.
findfont: Font family 'Nimbus Roman' not found.
findfont: Font family 'Nimbus Roman' not found.
findfont: Font family 'Nimbus Roman' not found.
findfont: Font family 'Nimbus Roman' not found.
findfont: Font family 'Nimbus Roman' not found.
findfont: Font family 'Nimbus Roman' not found.
findfont: Font family 'Nimbus Roman' not found.
findfont: Font family 'Nimbus Roman' not found.
findfont: Font family 'Nimbus Roman' not found.
findfont: Font family 'Nimbus Roman' not found.
findfont: Font family 'Nimbus Roman' not found.
findfont: Font family 'Nimbus Roman' not found.
findfont: Font family 'Nimbus Roman' not found.
findfont: Font family 'Nimbus Roman' not found.
findfont: Font family 'Nimbus Roman' not found.
findfont: Font family 'Nimbus Roman' not found.
findfont: Font family 'Nimbus Roman' not found.
findfont: Font family 'Nimbus Roman' not found.
findfont: Font family 'Nimbus Roman' not found.
findfont: Font family 'Nimbus Roman' not found.
findfont: Font family 'Nimbus Roman' not found.
findfont: Font family 'Nimbus Roman' not found.
findfont: Font family 'Nimbus Roman' not found.
findfont: Font family 'Nimbus Roman' not found.
findfont: Font family 'Nimbus Roman' not found.
findfont: Font family 'Nimbus Roman' not found.
findfont: Font family 'Nimbus Roman' not found.
findfont: Font family 'Nimbus Roman' not found.
findfont: Font family 'Nimbus Roman' not found.
findfont: Font family 'Nimbus Roman' not found.
findfont: Font family 'Nimbus Roman' not found.
findfont: Font family 'Nimbus Roman' not found.
findfont: Font family 'Nimbus Roman' not found.
Ridge mode: rkhs; diagnostic interval: 50
Iter 1/4000 | log_obj=9.883e+00 | log_Bellman_root=3.545e+00 | mass=1.84e+04 | neg=0.00e+00 | grad=7.72e+02
Iter 400/4000 | log_obj=3.912e+00 | log_Bellman_root=5.685e-01 | mass=4.66e+01 | neg=0.00e+00 | grad=5.10e+03
Iter 800/4000 | log_obj=3.915e+00 | log_Bellman_root=5.699e-01 | mass=4.68e+01 | neg=0.00e+00 | grad=5.09e+03
Iter 1200/4000 | log_obj=4.599e+00 | log_Bellman_root=8.854e-01 | mass=9.33e+01 | neg=0.00e+00 | grad=1.21e+04
Iter 1600/4000 | log_obj=4.069e+00 | log_Bellman_root=6.175e-01 | mass=5.49e+01 | neg=0.00e+00 | grad=1.06e+04
Iter 2000/4000 | log_obj=4.069e+00 | log_Bellman_root=6.173e-01 | mass=5.49e+01 | neg=0.00e+00 | grad=1.06e+04
Iter 2400/4000 | log_obj=3.888e+00 | log_Bellman_root=5.564e-01 | mass=4.56e+01 | neg=0.00e+00 | grad=3.25e+03
Iter 2800/4000 | log_obj=5.616e-01 | log_Bellman_root=-1.025e+00 | mass=1.55e+00 | neg=0.00e+00 | grad=2.31e+03
Iter 3200/4000 | log_obj=1.474e+00 | log_Bellman_root=-6.077e-01 | mass=4.00e+00 | neg=0.00e+00 | grad=2.28e+03
Iter 3600/4000 | log_obj=1.587e+00 | log_Bellman_root=-6.478e-01 | mass=4.55e+00 | neg=0.00e+00 | grad=9.66e+02
Iter 4000/4000 | log_obj=5.657e-01 | log_Bellman_root=-1.022e+00 | mass=1.57e+00 | neg=0.00e+00 | grad=1.59e+03
Returning best diagnostic checkpoint from step 1300 (objective=7.217e-01, Bellman=5.925e-02).
Done in 15.13s.
KE-DRL global estimation is done.
B_hat shape: (3082, 800)
B_hat rank diagnostics: {'B_num_rows': 3082, 'B_num_cols': 800, 'B_min_dim': 800, 'B_numerical_rank': 800, 'B_rank_fraction': 1.0, 'B_rank_tolerance': 3.0229744343301945e-05, 'B_stable_rank': 344.8931579589844, 'B_effective_rank': 770.9342067543587, 'B_entropy_rank': 6.6476030349731445, 'B_spectral_norm': 0.0822795182466507, 'B_frobenius_norm': 1.528037667274475, 'B_nuclear_norm': 41.72222137451172, 'B_condition_number': 3.125533897413441, 'B_condition_number_tol': 3.125533897413441, 'B_smallest_singular_value': 0.02632494829595089, 'B_rank_rel_1em2': 800, 'B_rank_rel_1em3': 800, 'B_rank_rel_1em4': 800}
Global-loss target mass diagnostics: {'target_mass_mean': 1.6894569396972656, 'target_mass_min': 0.8862816095352173, 'target_mass_max': 2.2790684700012207, 'target_mass_sd': 0.3122100830078125, 'target_mass_rmse_to_target': 0.7562084794044495, 'target_beta_min': -0.0024209890980273485, 'target_beta_max': 0.01607450470328331, 'target_neg_frac_mean': 0.049675}
Return dictionary Z_grid shape: (800, 3)
Replicate 64 risk metrics: {'risk_n_steps_recorded': 81.0, 'risk_n_diagnostics_recorded': 81.0, 'risk_log_obj_initial': 9.883492193777808, 'risk_log_obj_final': 0.5656553882732749, 'risk_log_obj_min': -0.32613721467492246, 'risk_obj_initial': 19604.064453125004, 'risk_obj_final': 1.760601282119751, 'risk_obj_min': 0.7217061519622803, 'risk_log_obj_drop': 9.317836805504534, 'risk_log_bellman_root_initial': 3.5450815250786434, 'risk_log_bellman_root_final': -1.0218857630125027, 'risk_log_bellman_root_min': -1.4129629948268496, 'risk_bellman_root_initial': 34.642509460449226, 'risk_bellman_root_final': 0.3599155843257904, 'risk_bellman_root_min': 0.2434209585189819, 'risk_bellman_initial': 1200.103461717314, 'risk_bellman_final': 0.12953922784057514, 'risk_bellman_min': 0.059253763046299916, 'risk_log_bellman_root_drop': 4.566967288091146, 'risk_bellman_returned': 0.059253763407468796, 'risk_obj_returned': 0.7217061519622803, 'risk_returned_step': 1300.0, 'offline_data_id': 64, 'benchmark_point_source': 'fixed_config_plus_support_safe_target_policy_draws', 'target_set_size': 100, 'lambda_reg': 0.005, 'lambda_B': 0.2, 'num_steps': 4000, 'transition_reduction_enabled': 1, 'transition_reduction_method': 'kmeans', 'transition_original_rows': 12000, 'transition_reduced_rows': 3082, 'transition_compression_ratio': 0.25683333333333336, 'target_mass_mean': 1.6894569396972656, 'target_mass_min': 0.8862816095352173, 'target_mass_max': 2.2790684700012207, 'target_mass_sd': 0.3122100830078125, 'target_mass_rmse_to_target': 0.7562084794044495, 'target_beta_min': -0.0024209890980273485, 'target_beta_max': 0.01607450470328331, 'target_neg_frac_mean': 0.049675, 'B_num_rows': 3082, 'B_num_cols': 800, 'B_min_dim': 800, 'B_numerical_rank': 800, 'B_rank_fraction': 1.0, 'B_rank_tolerance': 3.0229744343301945e-05, 'B_stable_rank': 344.8931579589844, 'B_effective_rank': 770.9342067543587, 'B_entropy_rank': 6.6476030349731445, 'B_spectral_norm': 0.0822795182466507, 'B_frobenius_norm': 1.528037667274475, 'B_nuclear_norm': 41.72222137451172, 'B_condition_number': 3.125533897413441, 'B_condition_number_tol': 3.125533897413441, 'B_smallest_singular_value': 0.02632494829595089, 'B_rank_rel_1em2': 800, 'B_rank_rel_1em3': 800, 'B_rank_rel_1em4': 800, 'risk_objective_final_raw': 1.760601282119751, 'risk_objective_min_raw': 0.7217061519622803, 'risk_objective_max_raw': 19604.064453125, 'risk_bellman_final_raw': 0.12953923642635345, 'risk_bellman_min_raw': 0.059253763407468796, 'risk_bellman_max_raw': 1200.1033935546875, 'risk_rkhs_ridge_final_raw': 0.06448157876729965, 'risk_rkhs_ridge_min_raw': 0.05997517704963684, 'risk_rkhs_ridge_max_raw': 23.51039695739746, 'risk_mass_final_raw': 1.5665804147720337, 'risk_mass_min_raw': 0.5718511939048767, 'risk_mass_max_raw': 18380.451171875, 'risk_negativity_final_raw': 0.0, 'risk_negativity_min_raw': 0.0, 'risk_negativity_max_raw': 0.0, 'risk_B_norm_final_raw': 1.5039643049240112, 'risk_B_norm_min_raw': 1.5039643049240112, 'risk_B_norm_max_raw': 1.6383658647537231, 'risk_diagnostic_step_final_raw': 4000.0, 'risk_diagnostic_step_min_raw': 1.0, 'risk_diagnostic_step_max_raw': 4000.0, 'risk_best_step_final_raw': 1300.0, 'risk_best_step_min_raw': 1300.0, 'risk_best_step_max_raw': 1300.0, 'risk_best_objective_final_raw': 0.7217061519622803, 'risk_best_objective_min_raw': 0.7217061519622803, 'risk_best_objective_max_raw': 0.7217061519622803, 'risk_best_bellman_final_raw': 0.059253763407468796, 'risk_best_bellman_min_raw': 0.059253763407468796, 'risk_best_bellman_max_raw': 0.059253763407468796, 'risk_returned_step_final_raw': 1300.0, 'risk_returned_step_min_raw': 1300.0, 'risk_returned_step_max_raw': 1300.0, 'risk_returned_objective_final_raw': 0.7217061519622803, 'risk_returned_objective_min_raw': 0.7217061519622803, 'risk_returned_objective_max_raw': 0.7217061519622803, 'risk_returned_bellman_final_raw': 0.059253763407468796, 'risk_returned_bellman_min_raw': 0.059253763407468796, 'risk_returned_bellman_max_raw': 0.059253763407468796, 'risk_returned_best_checkpoint_final_raw': 1.0, 'risk_returned_best_checkpoint_min_raw': 1.0, 'risk_returned_best_checkpoint_max_raw': 1.0}
Benchmark 0 evaluation grid shape: (800, 3)
Replicate 64, benchmark 0 metrics: {'run_id': '64_b0', 'RMSE': 0.15015580289025776, 'MAE': 0.1177760672353179, 'SupNorm': 0.4039881229400635, 'Bias': 0.050061290958619796, 'Corr': 0.5529617654910696, 'deming_slope': 2.597541712946269, 'deming_intercept': -0.36884497345753137, 'beta_sum': 1.3774117231369019, 'beta_l1': 1.421461820602417, 'beta_l2': 0.05941148102283478, 'beta_min': -0.0015607024542987347, 'beta_max': 0.006247553043067455, 'beta_neg_frac': 0.05625, 'offline_data_id': 64, 'benchmark_id': 0, 'benchmark_point_source': 'fixed_config', 'target_set_size': 100, 'benchmark_z_path': 'data/Z_true.pt', 'projected_bellman_test_risk': 0.013540422543883324, 'oracle_embedding_risk': 0.9843131899833679, 'benchmark_embedding_risk': 0.9843131899833679, 'risk_bellman_final': 0.12953922784057514, 'risk_obj_final': 1.760601282119751, 'B_num_rows': 3082, 'B_num_cols': 800, 'B_min_dim': 800, 'B_numerical_rank': 800, 'B_rank_fraction': 1.0, 'B_rank_tolerance': 3.0229744343301945e-05, 'B_stable_rank': 344.8931579589844, 'B_effective_rank': 770.9342067543587, 'B_entropy_rank': 6.6476030349731445, 'B_spectral_norm': 0.0822795182466507, 'B_frobenius_norm': 1.528037667274475, 'B_nuclear_norm': 41.72222137451172, 'B_condition_number': 3.125533897413441, 'B_condition_number_tol': 3.125533897413441, 'B_smallest_singular_value': 0.02632494829595089, 'B_rank_rel_1em2': 800, 'B_rank_rel_1em3': 800, 'B_rank_rel_1em4': 800}
Saved ./mu/mu_hat.csv shape=(800,)
Saved ./mu/mu2D_hat_dims01.csv shape=(120, 120)
Saved ./mu/mu2D_hat_dims01.csv shape=(120, 120)
Saved plots/replicate_64/mu_3D.png
Benchmark 1 evaluation grid shape: (800, 3)
Replicate 64, benchmark 1 metrics: {'run_id': '64_b1', 'RMSE': 0.45162165592415837, 'MAE': 0.41194783737679247, 'SupNorm': 0.7723274827003479, 'Bias': 0.41194783737679247, 'Corr': 0.9887976550039392, 'deming_slope': 2.9419027270017706, 'deming_intercept': -0.0939843921795056, 'beta_sum': 2.2775492668151855, 'beta_l1': 2.2775492668151855, 'beta_l2': 0.0859169140458107, 'beta_min': 0.00028228573501110077, 'beta_max': 0.008191035129129887, 'beta_neg_frac': 0.0, 'offline_data_id': 64, 'benchmark_id': 1, 'benchmark_point_source': 'fixed_config', 'target_set_size': 100, 'benchmark_z_path': 'data/Z_true.pt', 'projected_bellman_test_risk': 0.09870713949203491, 'oracle_embedding_risk': 1.4358797073364258, 'benchmark_embedding_risk': 1.4358797073364258, 'risk_bellman_final': 0.12953922784057514, 'risk_obj_final': 1.760601282119751, 'B_num_rows': 3082, 'B_num_cols': 800, 'B_min_dim': 800, 'B_numerical_rank': 800, 'B_rank_fraction': 1.0, 'B_rank_tolerance': 3.0229744343301945e-05, 'B_stable_rank': 344.8931579589844, 'B_effective_rank': 770.9342067543587, 'B_entropy_rank': 6.6476030349731445, 'B_spectral_norm': 0.0822795182466507, 'B_frobenius_norm': 1.528037667274475, 'B_nuclear_norm': 41.72222137451172, 'B_condition_number': 3.125533897413441, 'B_condition_number_tol': 3.125533897413441, 'B_smallest_singular_value': 0.02632494829595089, 'B_rank_rel_1em2': 800, 'B_rank_rel_1em3': 800, 'B_rank_rel_1em4': 800}
Benchmark 2 evaluation grid shape: (800, 3)
Replicate 64, benchmark 2 metrics: {'run_id': '64_b2', 'RMSE': 0.4436710584617034, 'MAE': 0.4014609739088337, 'SupNorm': 0.7624171674251556, 'Bias': 0.4014609739088337, 'Corr': 0.9360299802831057, 'deming_slope': 3.100587354828971, 'deming_intercept': -0.16156698580614204, 'beta_sum': 2.258957624435425, 'beta_l1': 2.258957624435425, 'beta_l2': 0.08524279296398163, 'beta_min': 0.00015634670853614807, 'beta_max': 0.008919932879507542, 'beta_neg_frac': 0.0, 'offline_data_id': 64, 'benchmark_id': 2, 'benchmark_point_source': 'fixed_config', 'target_set_size': 100, 'benchmark_z_path': 'data/Z_true.pt', 'projected_bellman_test_risk': 0.0818682461977005, 'oracle_embedding_risk': 1.4304022789001465, 'benchmark_embedding_risk': 1.4304022789001465, 'risk_bellman_final': 0.12953922784057514, 'risk_obj_final': 1.760601282119751, 'B_num_rows': 3082, 'B_num_cols': 800, 'B_min_dim': 800, 'B_numerical_rank': 800, 'B_rank_fraction': 1.0, 'B_rank_tolerance': 3.0229744343301945e-05, 'B_stable_rank': 344.8931579589844, 'B_effective_rank': 770.9342067543587, 'B_entropy_rank': 6.6476030349731445, 'B_spectral_norm': 0.0822795182466507, 'B_frobenius_norm': 1.528037667274475, 'B_nuclear_norm': 41.72222137451172, 'B_condition_number': 3.125533897413441, 'B_condition_number_tol': 3.125533897413441, 'B_smallest_singular_value': 0.02632494829595089, 'B_rank_rel_1em2': 800, 'B_rank_rel_1em3': 800, 'B_rank_rel_1em4': 800}
Benchmark 3 evaluation grid shape: (800, 3)
Replicate 64, benchmark 3 metrics: {'run_id': '64_b3', 'RMSE': 0.4132190612069817, 'MAE': 0.3718799067661166, 'SupNorm': 0.7243902683258057, 'Bias': 0.3718799067661166, 'Corr': 0.9495989542241258, 'deming_slope': 2.931194146962543, 'deming_intercept': -0.12878226231430934, 'beta_sum': 2.2222375869750977, 'beta_l1': 2.2235429286956787, 'beta_l2': 0.08535432070493698, 'beta_min': -0.0005399826914072037, 'beta_max': 0.009600700810551643, 'beta_neg_frac': 0.0025, 'offline_data_id': 64, 'benchmark_id': 3, 'benchmark_point_source': 'fixed_config', 'target_set_size': 100, 'benchmark_z_path': 'data/Z_true.pt', 'projected_bellman_test_risk': 0.10830722749233246, 'oracle_embedding_risk': 1.3662351369857788, 'benchmark_embedding_risk': 1.3662351369857788, 'risk_bellman_final': 0.12953922784057514, 'risk_obj_final': 1.760601282119751, 'B_num_rows': 3082, 'B_num_cols': 800, 'B_min_dim': 800, 'B_numerical_rank': 800, 'B_rank_fraction': 1.0, 'B_rank_tolerance': 3.0229744343301945e-05, 'B_stable_rank': 344.8931579589844, 'B_effective_rank': 770.9342067543587, 'B_entropy_rank': 6.6476030349731445, 'B_spectral_norm': 0.0822795182466507, 'B_frobenius_norm': 1.528037667274475, 'B_nuclear_norm': 41.72222137451172, 'B_condition_number': 3.125533897413441, 'B_condition_number_tol': 3.125533897413441, 'B_smallest_singular_value': 0.02632494829595089, 'B_rank_rel_1em2': 800, 'B_rank_rel_1em3': 800, 'B_rank_rel_1em4': 800}
Benchmark 4 evaluation grid shape: (800, 3)
Replicate 64, benchmark 4 metrics: {'run_id': '64_b4', 'RMSE': 0.13172857200230872, 'MAE': 0.1116825792803138, 'SupNorm': 0.3410104736685753, 'Bias': -0.027782294406060826, 'Corr': 0.4442917221369294, 'deming_slope': 2.232114009703712, 'deming_intercept': -0.3562696601538232, 'beta_sum': 1.3084821701049805, 'beta_l1': 1.3698983192443848, 'beta_l2': 0.07082422822713852, 'beta_min': -0.0011606710031628609, 'beta_max': 0.012241901829838753, 'beta_neg_frac': 0.0975, 'offline_data_id': 64, 'benchmark_id': 4, 'benchmark_point_source': 'support_safe_target_policy_draw', 'target_set_size': 100, 'benchmark_z_path': 'data/Z_true.pt', 'projected_bellman_test_risk': 0.014223447069525719, 'oracle_embedding_risk': 0.971672534942627, 'benchmark_embedding_risk': 0.971672534942627, 'risk_bellman_final': 0.12953922784057514, 'risk_obj_final': 1.760601282119751, 'B_num_rows': 3082, 'B_num_cols': 800, 'B_min_dim': 800, 'B_numerical_rank': 800, 'B_rank_fraction': 1.0, 'B_rank_tolerance': 3.0229744343301945e-05, 'B_stable_rank': 344.8931579589844, 'B_effective_rank': 770.9342067543587, 'B_entropy_rank': 6.6476030349731445, 'B_spectral_norm': 0.0822795182466507, 'B_frobenius_norm': 1.528037667274475, 'B_nuclear_norm': 41.72222137451172, 'B_condition_number': 3.125533897413441, 'B_condition_number_tol': 3.125533897413441, 'B_smallest_singular_value': 0.02632494829595089, 'B_rank_rel_1em2': 800, 'B_rank_rel_1em3': 800, 'B_rank_rel_1em4': 800}
Benchmark 5 evaluation grid shape: (800, 3)
Replicate 64, benchmark 5 metrics: {'run_id': '64_b5', 'RMSE': 0.24635360703818077, 'MAE': 0.22931046619889459, 'SupNorm': 0.3949466496706009, 'Bias': -0.22920261308661793, 'Corr': 0.24863846803993206, 'deming_slope': 0.058024648340244706, 'deming_intercept': 0.012870550029897102, 'beta_sum': 0.20797407627105713, 'beta_l1': 0.27570414543151855, 'beta_l2': 0.012207076884806156, 'beta_min': -0.0007049725390970707, 'beta_max': 0.001494147232733667, 'beta_neg_frac': 0.24, 'offline_data_id': 64, 'benchmark_id': 5, 'benchmark_point_source': 'support_safe_target_policy_draw', 'target_set_size': 100, 'benchmark_z_path': 'data/Z_true.pt', 'projected_bellman_test_risk': 0.0023739971220493317, 'oracle_embedding_risk': 0.9549700021743774, 'benchmark_embedding_risk': 0.9549700021743774, 'risk_bellman_final': 0.12953922784057514, 'risk_obj_final': 1.760601282119751, 'B_num_rows': 3082, 'B_num_cols': 800, 'B_min_dim': 800, 'B_numerical_rank': 800, 'B_rank_fraction': 1.0, 'B_rank_tolerance': 3.0229744343301945e-05, 'B_stable_rank': 344.8931579589844, 'B_effective_rank': 770.9342067543587, 'B_entropy_rank': 6.6476030349731445, 'B_spectral_norm': 0.0822795182466507, 'B_frobenius_norm': 1.528037667274475, 'B_nuclear_norm': 41.72222137451172, 'B_condition_number': 3.125533897413441, 'B_condition_number_tol': 3.125533897413441, 'B_smallest_singular_value': 0.02632494829595089, 'B_rank_rel_1em2': 800, 'B_rank_rel_1em3': 800, 'B_rank_rel_1em4': 800}
Benchmark 6 evaluation grid shape: (800, 3)
Replicate 64, benchmark 6 metrics: {'run_id': '64_b6', 'RMSE': 0.20731801092472157, 'MAE': 0.16417949709983076, 'SupNorm': 0.46226298809051514, 'Bias': 0.15212561479129363, 'Corr': 0.7236835140849005, 'deming_slope': 2.518915152939795, 'deming_intercept': -0.24885460231123774, 'beta_sum': 1.68964421749115, 'beta_l1': 1.7188746929168701, 'beta_l2': 0.07265391945838928, 'beta_min': -0.0017004655674099922, 'beta_max': 0.008668242022395134, 'beta_neg_frac': 0.0425, 'offline_data_id': 64, 'benchmark_id': 6, 'benchmark_point_source': 'support_safe_target_policy_draw', 'target_set_size': 100, 'benchmark_z_path': 'data/Z_true.pt', 'projected_bellman_test_risk': 0.03447619825601578, 'oracle_embedding_risk': 1.0192601680755615, 'benchmark_embedding_risk': 1.0192601680755615, 'risk_bellman_final': 0.12953922784057514, 'risk_obj_final': 1.760601282119751, 'B_num_rows': 3082, 'B_num_cols': 800, 'B_min_dim': 800, 'B_numerical_rank': 800, 'B_rank_fraction': 1.0, 'B_rank_tolerance': 3.0229744343301945e-05, 'B_stable_rank': 344.8931579589844, 'B_effective_rank': 770.9342067543587, 'B_entropy_rank': 6.6476030349731445, 'B_spectral_norm': 0.0822795182466507, 'B_frobenius_norm': 1.528037667274475, 'B_nuclear_norm': 41.72222137451172, 'B_condition_number': 3.125533897413441, 'B_condition_number_tol': 3.125533897413441, 'B_smallest_singular_value': 0.02632494829595089, 'B_rank_rel_1em2': 800, 'B_rank_rel_1em3': 800, 'B_rank_rel_1em4': 800}
Benchmark 7 evaluation grid shape: (800, 3)
Replicate 64, benchmark 7 metrics: {'run_id': '64_b7', 'RMSE': 0.23212179040613326, 'MAE': 0.18248876399127767, 'SupNorm': 0.5237122774124146, 'Bias': 0.17666755718411878, 'Corr': 0.7297528591133514, 'deming_slope': 2.7464536566378177, 'deming_intercept': -0.280004211781228, 'beta_sum': 1.7972540855407715, 'beta_l1': 1.8171284198760986, 'beta_l2': 0.08277508616447449, 'beta_min': -0.00073291826993227, 'beta_max': 0.012970717623829842, 'beta_neg_frac': 0.0425, 'offline_data_id': 64, 'benchmark_id': 7, 'benchmark_point_source': 'support_safe_target_policy_draw', 'target_set_size': 100, 'benchmark_z_path': 'data/Z_true.pt', 'projected_bellman_test_risk': 0.03802863880991936, 'oracle_embedding_risk': 1.0918517112731934, 'benchmark_embedding_risk': 1.0918517112731934, 'risk_bellman_final': 0.12953922784057514, 'risk_obj_final': 1.760601282119751, 'B_num_rows': 3082, 'B_num_cols': 800, 'B_min_dim': 800, 'B_numerical_rank': 800, 'B_rank_fraction': 1.0, 'B_rank_tolerance': 3.0229744343301945e-05, 'B_stable_rank': 344.8931579589844, 'B_effective_rank': 770.9342067543587, 'B_entropy_rank': 6.6476030349731445, 'B_spectral_norm': 0.0822795182466507, 'B_frobenius_norm': 1.528037667274475, 'B_nuclear_norm': 41.72222137451172, 'B_condition_number': 3.125533897413441, 'B_condition_number_tol': 3.125533897413441, 'B_smallest_singular_value': 0.02632494829595089, 'B_rank_rel_1em2': 800, 'B_rank_rel_1em3': 800, 'B_rank_rel_1em4': 800}
Benchmark 8 evaluation grid shape: (800, 3)
Replicate 64, benchmark 8 metrics: {'run_id': '64_b8', 'RMSE': 0.06985117945432819, 'MAE': 0.058120463502418715, 'SupNorm': 0.17635895311832428, 'Bias': -0.0014616762593504973, 'Corr': 0.7961884666160353, 'deming_slope': 1.2320262026686715, 'deming_intercept': -0.061903152138745976, 'beta_sum': 1.093015193939209, 'beta_l1': 1.2118268013000488, 'beta_l2': 0.05612317472696304, 'beta_min': -0.0022047802340239286, 'beta_max': 0.007351935841143131, 'beta_neg_frac': 0.14, 'offline_data_id': 64, 'benchmark_id': 8, 'benchmark_point_source': 'support_safe_target_policy_draw', 'target_set_size': 100, 'benchmark_z_path': 'data/Z_true.pt', 'projected_bellman_test_risk': 0.022833067923784256, 'oracle_embedding_risk': 0.8040783405303955, 'benchmark_embedding_risk': 0.8040783405303955, 'risk_bellman_final': 0.12953922784057514, 'risk_obj_final': 1.760601282119751, 'B_num_rows': 3082, 'B_num_cols': 800, 'B_min_dim': 800, 'B_numerical_rank': 800, 'B_rank_fraction': 1.0, 'B_rank_tolerance': 3.0229744343301945e-05, 'B_stable_rank': 344.8931579589844, 'B_effective_rank': 770.9342067543587, 'B_entropy_rank': 6.6476030349731445, 'B_spectral_norm': 0.0822795182466507, 'B_frobenius_norm': 1.528037667274475, 'B_nuclear_norm': 41.72222137451172, 'B_condition_number': 3.125533897413441, 'B_condition_number_tol': 3.125533897413441, 'B_smallest_singular_value': 0.02632494829595089, 'B_rank_rel_1em2': 800, 'B_rank_rel_1em3': 800, 'B_rank_rel_1em4': 800}
Benchmark 9 evaluation grid shape: (800, 3)
Replicate 64, benchmark 9 metrics: {'run_id': '64_b9', 'RMSE': 0.23607030058312506, 'MAE': 0.19519861347740516, 'SupNorm': 0.4737362563610077, 'Bias': 0.1934194477275014, 'Corr': 0.8163094193838661, 'deming_slope': 2.419692928724909, 'deming_intercept': -0.18388552488334803, 'beta_sum': 1.7786898612976074, 'beta_l1': 1.8094924688339233, 'beta_l2': 0.08048238605260849, 'beta_min': -0.0012674960307776928, 'beta_max': 0.01165750902146101, 'beta_neg_frac': 0.04875, 'offline_data_id': 64, 'benchmark_id': 9, 'benchmark_point_source': 'support_safe_target_policy_draw', 'target_set_size': 100, 'benchmark_z_path': 'data/Z_true.pt', 'projected_bellman_test_risk': 0.013578416779637337, 'oracle_embedding_risk': 1.019600749015808, 'benchmark_embedding_risk': 1.019600749015808, 'risk_bellman_final': 0.12953922784057514, 'risk_obj_final': 1.760601282119751, 'B_num_rows': 3082, 'B_num_cols': 800, 'B_min_dim': 800, 'B_numerical_rank': 800, 'B_rank_fraction': 1.0, 'B_rank_tolerance': 3.0229744343301945e-05, 'B_stable_rank': 344.8931579589844, 'B_effective_rank': 770.9342067543587, 'B_entropy_rank': 6.6476030349731445, 'B_spectral_norm': 0.0822795182466507, 'B_frobenius_norm': 1.528037667274475, 'B_nuclear_norm': 41.72222137451172, 'B_condition_number': 3.125533897413441, 'B_condition_number_tol': 3.125533897413441, 'B_smallest_singular_value': 0.02632494829595089, 'B_rank_rel_1em2': 800, 'B_rank_rel_1em3': 800, 'B_rank_rel_1em4': 800}
Replicate 64 finished in 25.7s
Finished combo 6, offline replicate 64.
