Job ID:    2358822
Array idx: 71
CPUs/node: 64
Mem/node:  131072
Using CC = cc 
Using CXX = CC 
Using FC = ftn 
Using F77 = ftn 
Using F90 = ftn 
cuda/12.6.1 is deprecated; loading cudatoolkit/25.5_12.9 instead.
Using CC = /opt/nvidia/hpc_sdk/Linux_aarch64/25.5/compilers/bin/nvc 
Using CXX = /opt/nvidia/hpc_sdk/Linux_aarch64/25.5/compilers/bin/nvc++ 
Using FC = /opt/nvidia/hpc_sdk/Linux_aarch64/25.5/compilers/bin/nvfortran 
Using F77 = /opt/nvidia/hpc_sdk/Linux_aarch64/25.5/compilers/bin/nvfortran 
Using F90 = /opt/nvidia/hpc_sdk/Linux_aarch64/25.5/compilers/bin/nvfortran 
Using CC = /opt/nvidia/hpc_sdk/Linux_aarch64/25.5/compilers/bin/nvc 
Using CXX = /opt/nvidia/hpc_sdk/Linux_aarch64/25.5/compilers/bin/nvc++ 
Using FC = /opt/nvidia/hpc_sdk/Linux_aarch64/25.5/compilers/bin/nvfortran 
Using F77 = /opt/nvidia/hpc_sdk/Linux_aarch64/25.5/compilers/bin/nvfortran 
Using F90 = /opt/nvidia/hpc_sdk/Linux_aarch64/25.5/compilers/bin/nvfortran 

Lmod is automatically replacing "gcc-native/14" with "gcc/14.2.0".

ghx4
0
Tuning combo id: 0 / 6
Offline replicate id: 71 / 99
Installing ke_drl from git: https://github.com/mehrdadmhmdi/ke-drl.git@main
Collecting git+https://github.com/mehrdadmhmdi/ke-drl.git@main
  Cloning https://github.com/mehrdadmhmdi/ke-drl.git (to revision main) to /tmp/pip-req-build-l9qr4d1a
  Running command git clone --filter=blob:none --quiet https://github.com/mehrdadmhmdi/ke-drl.git /tmp/pip-req-build-l9qr4d1a
  Resolved https://github.com/mehrdadmhmdi/ke-drl.git to commit 3c5d570e40ea15b1fbe4817b5f43b64c7b333e82
  Installing build dependencies: started
  Installing build dependencies: finished with status 'done'
  Getting requirements to build wheel: started
  Getting requirements to build wheel: finished with status 'done'
  Preparing metadata (pyproject.toml): started
  Preparing metadata (pyproject.toml): finished with status 'done'
Building wheels for collected packages: ke_drl
  Building wheel for ke_drl (pyproject.toml): started
  Building wheel for ke_drl (pyproject.toml): finished with status 'done'
  Created wheel for ke_drl: filename=ke_drl-0.1.0-py3-none-any.whl size=47219 sha256=d64094ac757018babdb85af439a00e39fd36c0c375d5e7d280c374e988127fc2
  Stored in directory: /tmp/pip-ephem-wheel-cache-0ai35fsd/wheels/24/47/ad/9a4ffd3b05d3e90e35ffc6e7324b735b8bfcf5f51aaf29a333
Successfully built ke_drl
Installing collected packages: ke_drl
Successfully installed ke_drl-0.1.0
Installed ke_drl source: /work/nvme/bfez/mehrdad3/DistRL/simulation_3/runs/sim3_global_2358722_0/.kedrl_site_71/ke_drl/__init__.py
Tuning combo 0: base
Overrides: {}
RUN: /sw/user/python/miniforge3-pytorch-24.11.3/bin/python3 validate_sim_config.py --params params.yaml
ke_drl import source: /work/nvme/bfez/mehrdad3/DistRL/simulation_3/runs/sim3_global_2358722_0/.kedrl_site_71/ke_drl/__init__.py
ke_drl package API OK: prediction weights, RFF operators, rank diagnostics, and best-checkpoint optimizer available
Policy config OK: behavior=uniform, target=logistic, state_dim=5, action_dim=1
Note: policy.logistic.theta_scale/theta_std are log-scale coefficients in Probability_Densities.
Behavior-policy linearized state-process diagnostic: spectral_radius=0.653, offline_burn_in=50
Replicate config OK: num_replicates=100, benchmark points=10 independent of D_i, loss target points=100
Transition reduction OK: method=kmeans, raw rows N(T-1)=12000, target rows about 3000, B rows reduced from 12000 to about 3000
Return-operator approximation OK: method=rff, features=512, exact G avoided for estimated N=12000, m=800, L=100
Fixed benchmark config rows=4 (benchmark.num_points=10; additional points are support-safe target-policy draws if needed)
Fixed benchmark point 0: s_star=[0.6, -0.8, 0.7, -0.5, 0.9], a_star=[0.5]
Fixed benchmark behavior-support interval for configured rows: min_lower=-0.12, max_upper=1.11
Fixed benchmark target-policy location range: [-0.02, 0.14]
Reusing shared data from /work/nvme/bfez/mehrdad3/DistRL/simulation_3/runs/sim3_shared_data/data for offline replicate 71.
RUN: /sw/user/python/miniforge3-pytorch-24.11.3/bin/python3 validate_sim_config.py --params params.yaml --data data/offline_data_71.pt
ke_drl import source: /work/nvme/bfez/mehrdad3/DistRL/simulation_3/runs/sim3_global_2358722_0/.kedrl_site_71/ke_drl/__init__.py
ke_drl package API OK: prediction weights, RFF operators, rank diagnostics, and best-checkpoint optimizer available
Policy config OK: behavior=uniform, target=logistic, state_dim=5, action_dim=1
Note: policy.logistic.theta_scale/theta_std are log-scale coefficients in Probability_Densities.
Behavior-policy linearized state-process diagnostic: spectral_radius=0.653, offline_burn_in=50
Replicate config OK: num_replicates=100, benchmark points=10 independent of D_i, loss target points=100
Transition reduction OK: method=kmeans, raw rows N(T-1)=12000, target rows about 3000, B rows reduced from 12000 to about 3000
Return-operator approximation OK: method=rff, features=512, exact G avoided for estimated N=12000, m=800, L=100
Fixed benchmark config rows=4 (benchmark.num_points=10; additional points are support-safe target-policy draws if needed)
Fixed benchmark point 0: s_star=[0.6, -0.8, 0.7, -0.5, 0.9], a_star=[0.5]
Fixed benchmark behavior-support interval for configured rows: min_lower=-0.12, max_upper=1.11
Fixed benchmark target-policy location range: [-0.02, 0.14]
Full benchmark support check OK: 10 points, min_lower=-2.177, max_upper=2.05
observed behavior actions: mean=0.4021, sd=0.6821, q0/q10/q50/q90/q100=[-2.305020332336426, -0.4075336873531341, 0.3401194363832474, 1.315435576438904, 3.118201732635498]
target-policy sampled actions: mean=-0.02369, sd=0.6681, q0/q10/q50/q90/q100=[-2.592436161451258, -0.882612085059356, -0.020889639905217475, 0.8337407767362285, 2.8982126528265044]
behavior uniform lower: mean=-0.1239, sd=0.6625, q0/q10/q50/q90/q100=[-2.7605193138122557, -0.9777702814340591, -0.11946643292903901, 0.724095023572445, 2.646562910079956]
behavior uniform upper: mean=0.9212, sd=0.6486, q0/q10/q50/q90/q100=[-0.9515940964221954, 0.059713688641786625, 0.9277457237243651, 1.7606739452481273, 3.646562910079956]
target location inside behavior uniform support: 0.968
RUN: /sw/user/python/miniforge3-pytorch-24.11.3/bin/python3 main_est.py
# ================================================================ #
#   Global KE-DRL estimation for one offline replicate              #
# ================================================================ #
Slurm Job ID: 2358822
Slurm Array ID: 71 -- used as the offline-replicate id
Offline data id: 71
ke_drl import source: /work/nvme/bfez/mehrdad3/DistRL/simulation_3/runs/sim3_global_2358722_0/.kedrl_site_71/ke_drl/__init__.py
Estimator device: cuda (NVIDIA GH200 120GB, capability 9.0); torch CUDA=13.0
Random seed: 20460583
Number of offline replicates: 100
[transition reduction] enabled: original rows=12000, target basis=3000, method=kmeans, device=cuda
[transition reduction] kmeans iter 1/20, mean center shift=2.7164e-01
[transition reduction] kmeans iter 5/20, mean center shift=4.6163e-03
[transition reduction] kmeans iter 10/20, mean center shift=5.2472e-08
[transition reduction] selected 3085 rows from 12000 transitions (ratio 0.2571); indices saved to data/reduced_transition_indices_71.pt
Data and parameters loaded.
offline path: data/offline_data_71.pt
benchmark true-Z path: data/Z_true.pt
offline shapes after reduction: s0=(3085, 5), a0=(3085, 1), r0=(3085, 3)
transition reduction: {'enabled': True, 'method': 'kmeans', 'original_rows': 12000, 'reduced_rows': 3085, 'selected_indices_path': 'data/reduced_transition_indices_71.pt', 'target_basis': 3000, 'compression_ratio': 0.25708333333333333}
fixed benchmark point source: fixed_config_plus_support_safe_target_policy_draws
benchmark row excluded from this offline data: None
global loss target set shape: s_star=(100, 5), a_star=(100, 1)
benchmark true-Z count=10, shape each=(50000, 3)
target policy: logistic
behavior policy: uniform
lambda_Gamma=0.005, lambda_B=0.02, d_r_method=song
dtype=torch.float32, operator_method=rff, operator_num_features=512
ridge_mode=rkhs, diagnostic_interval=50
mass_anchor_lambda=1.0, target_mass=1.0
uLSIF basis: source=numerator, n_basis=512, lambda_reg=0.005
optimizer stabilizers: lambda_neg=0.0, max_B_norm=None, eta_clip_min=0.0, eta_clip_max=5.0, normalize_eta=True
========================================
Estimating the global KE-DRL mean embedding
torch device=cuda, dtype=torch.float32
Data dims: N=3085, L=100, Ds=5, Da=1, Dr=3
lambda_Gamma=0.005, lambda_B=0.02
return-operator construction: method=rff, rff_features=512
[uLSIF] basis=512/3085 (numerator); eta_hat min=-6.266e-01 max=5.341e+00 neg%=2.72
ESS for eta_plus: 2154.1 / 3085
eta_plus diagnostics: raw_mean=1, raw_min=-0.627, raw_max=5.34; used_mean=1, used_min=0, used_max=4.96
[timing] Z-grid: 0.03s
[timing] K_X: 0.00s
[timing] K_plus: 0.00s
[timing] k_star: 0.00s
[timing] Gamma_stack: 0.01s
[timing] Phi_stack: 0.00s
[timing] RFF feature sample: 0.00s
[timing] K_Z RFF: 0.00s
[timing] G_stack RFF: 0.01s
[timing] H_stack RFF: 0.01s
findfont: Font family 'Nimbus Roman' not found.
findfont: Font family 'Nimbus Roman' not found.
findfont: Font family 'Nimbus Roman' not found.
findfont: Font family 'Nimbus Roman' not found.
findfont: Font family 'Nimbus Roman' not found.
findfont: Font family 'Nimbus Roman' not found.
findfont: Font family 'Nimbus Roman' not found.
findfont: Font family 'Nimbus Roman' not found.
findfont: Font family 'Nimbus Roman' not found.
findfont: Font family 'Nimbus Roman' not found.
findfont: Font family 'Nimbus Roman' not found.
findfont: Font family 'Nimbus Roman' not found.
findfont: Font family 'Nimbus Roman' not found.
findfont: Font family 'Nimbus Roman' not found.
findfont: Font family 'Nimbus Roman' not found.
findfont: Font family 'Nimbus Roman' not found.
findfont: Font family 'Nimbus Roman' not found.
findfont: Font family 'Nimbus Roman' not found.
findfont: Font family 'Nimbus Roman' not found.
findfont: Font family 'Nimbus Roman' not found.
findfont: Font family 'Nimbus Roman' not found.
findfont: Font family 'Nimbus Roman' not found.
findfont: Font family 'Nimbus Roman' not found.
findfont: Font family 'Nimbus Roman' not found.
findfont: Font family 'Nimbus Roman' not found.
findfont: Font family 'Nimbus Roman' not found.
findfont: Font family 'Nimbus Roman' not found.
findfont: Font family 'Nimbus Roman' not found.
findfont: Font family 'Nimbus Roman' not found.
findfont: Font family 'Nimbus Roman' not found.
findfont: Font family 'Nimbus Roman' not found.
findfont: Font family 'Nimbus Roman' not found.
findfont: Font family 'Nimbus Roman' not found.
findfont: Font family 'Nimbus Roman' not found.
findfont: Font family 'Nimbus Roman' not found.
findfont: Font family 'Nimbus Roman' not found.
findfont: Font family 'Nimbus Roman' not found.
findfont: Font family 'Nimbus Roman' not found.
findfont: Font family 'Nimbus Roman' not found.
findfont: Font family 'Nimbus Roman' not found.
findfont: Font family 'Nimbus Roman' not found.
findfont: Font family 'Nimbus Roman' not found.
findfont: Font family 'Nimbus Roman' not found.
findfont: Font family 'Nimbus Roman' not found.
findfont: Font family 'Nimbus Roman' not found.
findfont: Font family 'Nimbus Roman' not found.
findfont: Font family ['Nimbus Roman'] not found. Falling back to DejaVu Sans.
findfont: Font family 'Nimbus Roman' not found.
findfont: Font family ['Nimbus Roman'] not found. Falling back to DejaVu Sans.
findfont: Font family 'Nimbus Roman' not found.
findfont: Font family 'Nimbus Roman' not found.
findfont: Font family 'Nimbus Roman' not found.
findfont: Font family 'Nimbus Roman' not found.
findfont: Font family 'Nimbus Roman' not found.
findfont: Font family 'Nimbus Roman' not found.
findfont: Font family 'Nimbus Roman' not found.
findfont: Font family 'Nimbus Roman' not found.
findfont: Font family 'Nimbus Roman' not found.
findfont: Font family 'Nimbus Roman' not found.
findfont: Font family ['Nimbus Roman'] not found. Falling back to DejaVu Sans.
findfont: Font family 'Nimbus Roman' not found.
findfont: Font family 'Nimbus Roman' not found.
findfont: Font family 'Nimbus Roman' not found.
findfont: Font family 'Nimbus Roman' not found.
findfont: Font family 'Nimbus Roman' not found.
findfont: Font family 'Nimbus Roman' not found.
findfont: Font family 'Nimbus Roman' not found.
findfont: Font family 'Nimbus Roman' not found.
findfont: Font family 'Nimbus Roman' not found.
findfont: Font family 'Nimbus Roman' not found.
findfont: Font family 'Nimbus Roman' not found.
findfont: Font family 'Nimbus Roman' not found.
findfont: Font family 'Nimbus Roman' not found.
findfont: Font family 'Nimbus Roman' not found.
findfont: Font family 'Nimbus Roman' not found.
findfont: Font family 'Nimbus Roman' not found.
findfont: Font family 'Nimbus Roman' not found.
findfont: Font family 'Nimbus Roman' not found.
findfont: Font family 'Nimbus Roman' not found.
findfont: Font family 'Nimbus Roman' not found.
findfont: Font family 'Nimbus Roman' not found.
findfont: Font family 'Nimbus Roman' not found.
findfont: Font family 'Nimbus Roman' not found.
findfont: Font family 'Nimbus Roman' not found.
findfont: Font family 'Nimbus Roman' not found.
findfont: Font family 'Nimbus Roman' not found.
findfont: Font family 'Nimbus Roman' not found.
findfont: Font family 'Nimbus Roman' not found.
findfont: Font family 'Nimbus Roman' not found.
findfont: Font family 'Nimbus Roman' not found.
findfont: Font family 'Nimbus Roman' not found.
findfont: Font family 'Nimbus Roman' not found.
findfont: Font family 'Nimbus Roman' not found.
findfont: Font family 'Nimbus Roman' not found.
findfont: Font family 'Nimbus Roman' not found.
findfont: Font family 'Nimbus Roman' not found.
findfont: Font family 'Nimbus Roman' not found.
findfont: Font family 'Nimbus Roman' not found.
findfont: Font family 'Nimbus Roman' not found.
findfont: Font family 'Nimbus Roman' not found.
findfont: Font family 'Nimbus Roman' not found.
findfont: Font family 'Nimbus Roman' not found.
findfont: Font family 'Nimbus Roman' not found.
findfont: Font family 'Nimbus Roman' not found.
findfont: Font family 'Nimbus Roman' not found.
findfont: Font family 'Nimbus Roman' not found.
findfont: Font family 'Nimbus Roman' not found.
findfont: Font family 'Nimbus Roman' not found.
findfont: Font family 'Nimbus Roman' not found.
findfont: Font family 'Nimbus Roman' not found.
findfont: Font family 'Nimbus Roman' not found.
findfont: Font family 'Nimbus Roman' not found.
findfont: Font family 'Nimbus Roman' not found.
findfont: Font family 'Nimbus Roman' not found.
findfont: Font family 'Nimbus Roman' not found.
findfont: Font family 'Nimbus Roman' not found.
findfont: Font family 'Nimbus Roman' not found.
findfont: Font family 'Nimbus Roman' not found.
findfont: Font family 'Nimbus Roman' not found.
findfont: Font family 'Nimbus Roman' not found.
findfont: Font family 'Nimbus Roman' not found.
findfont: Font family 'Nimbus Roman' not found.
findfont: Font family 'Nimbus Roman' not found.
findfont: Font family 'Nimbus Roman' not found.
findfont: Font family 'Nimbus Roman' not found.
findfont: Font family 'Nimbus Roman' not found.
findfont: Font family 'Nimbus Roman' not found.
findfont: Font family 'Nimbus Roman' not found.
findfont: Font family 'Nimbus Roman' not found.
findfont: Font family 'Nimbus Roman' not found.
findfont: Font family 'Nimbus Roman' not found.
findfont: Font family 'Nimbus Roman' not found.
findfont: Font family 'Nimbus Roman' not found.
findfont: Font family 'Nimbus Roman' not found.
findfont: Font family 'Nimbus Roman' not found.
findfont: Font family 'Nimbus Roman' not found.
findfont: Font family 'Nimbus Roman' not found.
findfont: Font family 'Nimbus Roman' not found.
findfont: Font family 'Nimbus Roman' not found.
findfont: Font family 'Nimbus Roman' not found.
findfont: Font family 'Nimbus Roman' not found.
Ridge mode: rkhs; diagnostic interval: 50
Iter 1/4000 | log_obj=9.775e+00 | log_Bellman_root=3.537e+00 | mass=1.64e+04 | neg=0.00e+00 | grad=4.13e+02
Iter 400/4000 | log_obj=5.737e+00 | log_Bellman_root=1.517e+00 | mass=2.89e+02 | neg=0.00e+00 | grad=7.53e+03
Iter 800/4000 | log_obj=4.315e+00 | log_Bellman_root=7.953e-01 | mass=6.99e+01 | neg=0.00e+00 | grad=1.06e+04
Iter 1200/4000 | log_obj=4.897e+00 | log_Bellman_root=1.088e+00 | mass=1.25e+02 | neg=0.00e+00 | grad=5.76e+03
Iter 1600/4000 | log_obj=5.748e+00 | log_Bellman_root=1.521e+00 | mass=2.93e+02 | neg=0.00e+00 | grad=7.58e+03
Iter 2000/4000 | log_obj=4.313e+00 | log_Bellman_root=7.950e-01 | mass=6.97e+01 | neg=0.00e+00 | grad=1.06e+04
Iter 2400/4000 | log_obj=4.897e+00 | log_Bellman_root=1.088e+00 | mass=1.25e+02 | neg=0.00e+00 | grad=5.77e+03
Iter 2800/4000 | log_obj=5.750e+00 | log_Bellman_root=1.522e+00 | mass=2.93e+02 | neg=0.00e+00 | grad=7.59e+03
Iter 3200/4000 | log_obj=4.312e+00 | log_Bellman_root=7.949e-01 | mass=6.97e+01 | neg=0.00e+00 | grad=1.06e+04
Iter 3600/4000 | log_obj=4.896e+00 | log_Bellman_root=1.088e+00 | mass=1.25e+02 | neg=0.00e+00 | grad=5.77e+03
Iter 4000/4000 | log_obj=5.750e+00 | log_Bellman_root=1.522e+00 | mass=2.93e+02 | neg=0.00e+00 | grad=7.59e+03
Returning best diagnostic checkpoint from step 3950 (objective=7.459e+01, Bellman=4.902e+00).
Done in 11.36s.
KE-DRL global estimation is done.
B_hat shape: (3085, 800)
B_hat rank diagnostics: {'B_num_rows': 3085, 'B_num_cols': 800, 'B_min_dim': 800, 'B_numerical_rank': 800, 'B_rank_fraction': 1.0, 'B_rank_tolerance': 3.195698854430162e-05, 'B_stable_rank': 320.6812744140625, 'B_effective_rank': 771.5270220053125, 'B_entropy_rank': 6.648371696472168, 'B_spectral_norm': 0.08689615875482559, 'B_frobenius_norm': 1.556099534034729, 'B_nuclear_norm': 42.5179328918457, 'B_condition_number': 3.207576565972146, 'B_condition_number_tol': 3.207576565972146, 'B_smallest_singular_value': 0.027090907096862793, 'B_rank_rel_1em2': 800, 'B_rank_rel_1em3': 800, 'B_rank_rel_1em4': 800}
Global-loss target mass diagnostics: {'target_mass_mean': -6.786614894866943, 'target_mass_min': -13.709086418151855, 'target_mass_max': -0.1638869345188141, 'target_mass_sd': 3.019718885421753, 'target_mass_rmse_to_target': 8.346190452575684, 'target_beta_min': -0.0247208084911108, 'target_beta_max': 0.044722624123096466, 'target_neg_frac_mean': 0.9598}
Return dictionary Z_grid shape: (800, 3)
Replicate 71 risk metrics: {'risk_n_steps_recorded': 81.0, 'risk_n_diagnostics_recorded': 81.0, 'risk_log_obj_initial': 9.774640039472697, 'risk_log_obj_final': 5.750104938818859, 'risk_log_obj_min': 4.311976021936305, 'risk_obj_initial': 17582.16015625001, 'risk_obj_final': 314.2236328125, 'risk_obj_min': 74.58773040771487, 'risk_log_obj_drop': 4.0245351006538375, 'risk_log_bellman_root_initial': 3.5372342256261797, 'risk_log_bellman_root_final': 1.5216258915283247, 'risk_log_bellman_root_min': 0.7948571468677227, 'risk_bellman_root_initial': 34.371723175048835, 'risk_bellman_root_final': 4.579665184020996, 'risk_bellman_root_min': 2.2141246795654297, 'risk_bellman_initial': 1181.4153540221891, 'risk_bellman_final': 20.973333197734064, 'risk_bellman_min': 4.902348096660717, 'risk_log_bellman_root_drop': 2.015608334097855, 'risk_bellman_returned': 4.902348041534424, 'risk_obj_returned': 74.58773040771484, 'risk_returned_step': 3950.0, 'offline_data_id': 71, 'benchmark_point_source': 'fixed_config_plus_support_safe_target_policy_draws', 'target_set_size': 100, 'lambda_reg': 0.005, 'lambda_B': 0.02, 'num_steps': 4000, 'transition_reduction_enabled': 1, 'transition_reduction_method': 'kmeans', 'transition_original_rows': 12000, 'transition_reduced_rows': 3085, 'transition_compression_ratio': 0.25708333333333333, 'target_mass_mean': -6.786614894866943, 'target_mass_min': -13.709086418151855, 'target_mass_max': -0.1638869345188141, 'target_mass_sd': 3.019718885421753, 'target_mass_rmse_to_target': 8.346190452575684, 'target_beta_min': -0.0247208084911108, 'target_beta_max': 0.044722624123096466, 'target_neg_frac_mean': 0.9598, 'B_num_rows': 3085, 'B_num_cols': 800, 'B_min_dim': 800, 'B_numerical_rank': 800, 'B_rank_fraction': 1.0, 'B_rank_tolerance': 3.195698854430162e-05, 'B_stable_rank': 320.6812744140625, 'B_effective_rank': 771.5270220053125, 'B_entropy_rank': 6.648371696472168, 'B_spectral_norm': 0.08689615875482559, 'B_frobenius_norm': 1.556099534034729, 'B_nuclear_norm': 42.5179328918457, 'B_condition_number': 3.207576565972146, 'B_condition_number_tol': 3.207576565972146, 'B_smallest_singular_value': 0.027090907096862793, 'B_rank_rel_1em2': 800, 'B_rank_rel_1em3': 800, 'B_rank_rel_1em4': 800, 'risk_objective_final_raw': 314.2236328125, 'risk_objective_min_raw': 74.58773040771484, 'risk_objective_max_raw': 17582.16015625, 'risk_bellman_final_raw': 20.97333526611328, 'risk_bellman_min_raw': 4.902348041534424, 'risk_bellman_max_raw': 1181.4154052734375, 'risk_rkhs_ridge_final_raw': 0.0642799660563469, 'risk_rkhs_ridge_min_raw': 0.02649708278477192, 'risk_rkhs_ridge_max_raw': 2.326646327972412, 'risk_mass_final_raw': 293.1860046386719, 'risk_mass_min_raw': 68.8687744140625, 'risk_mass_max_raw': 16398.41796875, 'risk_negativity_final_raw': 0.0, 'risk_negativity_min_raw': 0.0, 'risk_negativity_max_raw': 0.0, 'risk_B_norm_final_raw': 1.5575380325317383, 'risk_B_norm_min_raw': 1.5559271574020386, 'risk_B_norm_max_raw': 1.6394938230514526, 'risk_diagnostic_step_final_raw': 4000.0, 'risk_diagnostic_step_min_raw': 1.0, 'risk_diagnostic_step_max_raw': 4000.0, 'risk_best_step_final_raw': 3950.0, 'risk_best_step_min_raw': 3950.0, 'risk_best_step_max_raw': 3950.0, 'risk_best_objective_final_raw': 74.58773040771484, 'risk_best_objective_min_raw': 74.58773040771484, 'risk_best_objective_max_raw': 74.58773040771484, 'risk_best_bellman_final_raw': 4.902348041534424, 'risk_best_bellman_min_raw': 4.902348041534424, 'risk_best_bellman_max_raw': 4.902348041534424, 'risk_returned_step_final_raw': 3950.0, 'risk_returned_step_min_raw': 3950.0, 'risk_returned_step_max_raw': 3950.0, 'risk_returned_objective_final_raw': 74.58773040771484, 'risk_returned_objective_min_raw': 74.58773040771484, 'risk_returned_objective_max_raw': 74.58773040771484, 'risk_returned_bellman_final_raw': 4.902348041534424, 'risk_returned_bellman_min_raw': 4.902348041534424, 'risk_returned_bellman_max_raw': 4.902348041534424, 'risk_returned_best_checkpoint_final_raw': 1.0, 'risk_returned_best_checkpoint_min_raw': 1.0, 'risk_returned_best_checkpoint_max_raw': 1.0}
Benchmark 0 evaluation grid shape: (800, 3)
Replicate 71, benchmark 0 metrics: {'run_id': '71_b0', 'RMSE': 1.6263524113840968, 'MAE': 1.4065343827842298, 'SupNorm': 3.3661940693855286, 'Bias': -1.4065343827842298, 'Corr': -0.4009813346809558, 'deming_slope': -20.00246140462327, 'deming_intercept': 4.100716275684828, 'beta_sum': -5.184825897216797, 'beta_l1': 5.376819610595703, 'beta_l2': 0.20525602996349335, 'beta_min': -0.013650954701006413, 'beta_max': 0.01271070633083582, 'beta_neg_frac': 0.95875, 'offline_data_id': 71, 'benchmark_id': 0, 'benchmark_point_source': 'fixed_config', 'target_set_size': 100, 'benchmark_z_path': 'data/Z_true.pt', 'projected_bellman_test_risk': 0.02464243397116661, 'oracle_embedding_risk': 14.882523536682129, 'benchmark_embedding_risk': 14.882523536682129, 'risk_bellman_final': 20.973333197734064, 'risk_obj_final': 314.2236328125, 'B_num_rows': 3085, 'B_num_cols': 800, 'B_min_dim': 800, 'B_numerical_rank': 800, 'B_rank_fraction': 1.0, 'B_rank_tolerance': 3.195698854430162e-05, 'B_stable_rank': 320.6812744140625, 'B_effective_rank': 771.5270220053125, 'B_entropy_rank': 6.648371696472168, 'B_spectral_norm': 0.08689615875482559, 'B_frobenius_norm': 1.556099534034729, 'B_nuclear_norm': 42.5179328918457, 'B_condition_number': 3.207576565972146, 'B_condition_number_tol': 3.207576565972146, 'B_smallest_singular_value': 0.027090907096862793, 'B_rank_rel_1em2': 800, 'B_rank_rel_1em3': 800, 'B_rank_rel_1em4': 800}
Saved ./mu/mu_hat.csv shape=(800,)
Saved ./mu/mu2D_hat_dims01.csv shape=(120, 120)
Saved ./mu/mu2D_hat_dims01.csv shape=(120, 120)
Saved plots/replicate_71/mu_3D.png
Benchmark 1 evaluation grid shape: (800, 3)
Replicate 71, benchmark 1 metrics: {'run_id': '71_b1', 'RMSE': 4.974769676725389, 'MAE': 4.583062231619551, 'SupNorm': 8.24068683385849, 'Bias': -4.583062231619551, 'Corr': -0.9886954374197545, 'deming_slope': -19.433419079363738, 'deming_intercept': 0.7405439040194297, 'beta_sum': -14.049062728881836, 'beta_l1': 14.049062728881836, 'beta_l2': 0.5018043518066406, 'beta_min': -0.025482185184955597, 'beta_max': -0.00909003522247076, 'beta_neg_frac': 1.0, 'offline_data_id': 71, 'benchmark_id': 1, 'benchmark_point_source': 'fixed_config', 'target_set_size': 100, 'benchmark_z_path': 'data/Z_true.pt', 'projected_bellman_test_risk': 9.176687240600586, 'oracle_embedding_risk': 84.18233489990234, 'benchmark_embedding_risk': 84.18233489990234, 'risk_bellman_final': 20.973333197734064, 'risk_obj_final': 314.2236328125, 'B_num_rows': 3085, 'B_num_cols': 800, 'B_min_dim': 800, 'B_numerical_rank': 800, 'B_rank_fraction': 1.0, 'B_rank_tolerance': 3.195698854430162e-05, 'B_stable_rank': 320.6812744140625, 'B_effective_rank': 771.5270220053125, 'B_entropy_rank': 6.648371696472168, 'B_spectral_norm': 0.08689615875482559, 'B_frobenius_norm': 1.556099534034729, 'B_nuclear_norm': 42.5179328918457, 'B_condition_number': 3.207576565972146, 'B_condition_number_tol': 3.207576565972146, 'B_smallest_singular_value': 0.027090907096862793, 'B_rank_rel_1em2': 800, 'B_rank_rel_1em3': 800, 'B_rank_rel_1em4': 800}
Benchmark 2 evaluation grid shape: (800, 3)
Replicate 71, benchmark 2 metrics: {'run_id': '71_b2', 'RMSE': 4.669316302052336, 'MAE': 4.3029947898469985, 'SupNorm': 7.704240709543228, 'Bias': -4.3029947898469985, 'Corr': -0.9066364517147328, 'deming_slope': -20.530076440177638, 'deming_intercept': 1.467788787781295, 'beta_sum': -13.178421020507812, 'beta_l1': 13.178421020507812, 'beta_l2': 0.4716004729270935, 'beta_min': -0.026998484507203102, 'beta_max': -0.005577431991696358, 'beta_neg_frac': 1.0, 'offline_data_id': 71, 'benchmark_id': 2, 'benchmark_point_source': 'fixed_config', 'target_set_size': 100, 'benchmark_z_path': 'data/Z_true.pt', 'projected_bellman_test_risk': 6.182679653167725, 'oracle_embedding_risk': 74.58430480957031, 'benchmark_embedding_risk': 74.58430480957031, 'risk_bellman_final': 20.973333197734064, 'risk_obj_final': 314.2236328125, 'B_num_rows': 3085, 'B_num_cols': 800, 'B_min_dim': 800, 'B_numerical_rank': 800, 'B_rank_fraction': 1.0, 'B_rank_tolerance': 3.195698854430162e-05, 'B_stable_rank': 320.6812744140625, 'B_effective_rank': 771.5270220053125, 'B_entropy_rank': 6.648371696472168, 'B_spectral_norm': 0.08689615875482559, 'B_frobenius_norm': 1.556099534034729, 'B_nuclear_norm': 42.5179328918457, 'B_condition_number': 3.207576565972146, 'B_condition_number_tol': 3.207576565972146, 'B_smallest_singular_value': 0.027090907096862793, 'B_rank_rel_1em2': 800, 'B_rank_rel_1em3': 800, 'B_rank_rel_1em4': 800}
Benchmark 3 evaluation grid shape: (800, 3)
Replicate 71, benchmark 3 metrics: {'run_id': '71_b3', 'RMSE': 4.5445866908308234, 'MAE': 4.155014093383215, 'SupNorm': 7.65512216091156, 'Bias': -4.155014093383215, 'Corr': -0.9216413393385002, 'deming_slope': -19.957227461014, 'deming_intercept': 1.2781480643657268, 'beta_sum': -13.09241771697998, 'beta_l1': 13.09241771697998, 'beta_l2': 0.4694327414035797, 'beta_min': -0.024287711828947067, 'beta_max': -0.006099637597799301, 'beta_neg_frac': 1.0, 'offline_data_id': 71, 'benchmark_id': 3, 'benchmark_point_source': 'fixed_config', 'target_set_size': 100, 'benchmark_z_path': 'data/Z_true.pt', 'projected_bellman_test_risk': 6.940148830413818, 'oracle_embedding_risk': 73.99976348876953, 'benchmark_embedding_risk': 73.99976348876953, 'risk_bellman_final': 20.973333197734064, 'risk_obj_final': 314.2236328125, 'B_num_rows': 3085, 'B_num_cols': 800, 'B_min_dim': 800, 'B_numerical_rank': 800, 'B_rank_fraction': 1.0, 'B_rank_tolerance': 3.195698854430162e-05, 'B_stable_rank': 320.6812744140625, 'B_effective_rank': 771.5270220053125, 'B_entropy_rank': 6.648371696472168, 'B_spectral_norm': 0.08689615875482559, 'B_frobenius_norm': 1.556099534034729, 'B_nuclear_norm': 42.5179328918457, 'B_condition_number': 3.207576565972146, 'B_condition_number_tol': 3.207576565972146, 'B_smallest_singular_value': 0.027090907096862793, 'B_rank_rel_1em2': 800, 'B_rank_rel_1em3': 800, 'B_rank_rel_1em4': 800}
Benchmark 4 evaluation grid shape: (800, 3)
Replicate 71, benchmark 4 metrics: {'run_id': '71_b4', 'RMSE': 0.9340550547974575, 'MAE': 0.7579048653819336, 'SupNorm': 2.55892276763916, 'Bias': -0.7579048653819336, 'Corr': -0.023974154617152937, 'deming_slope': -229.12105330892587, 'deming_intercept': 60.59344574764057, 'beta_sum': -3.9270272254943848, 'beta_l1': 4.709676265716553, 'beta_l2': 0.1884150356054306, 'beta_min': -0.013537180610001087, 'beta_max': 0.036997418850660324, 'beta_neg_frac': 0.92625, 'offline_data_id': 71, 'benchmark_id': 4, 'benchmark_point_source': 'support_safe_target_policy_draw', 'target_set_size': 100, 'benchmark_z_path': 'data/Z_true.pt', 'projected_bellman_test_risk': 0.3724460303783417, 'oracle_embedding_risk': 9.242276191711426, 'benchmark_embedding_risk': 9.242276191711426, 'risk_bellman_final': 20.973333197734064, 'risk_obj_final': 314.2236328125, 'B_num_rows': 3085, 'B_num_cols': 800, 'B_min_dim': 800, 'B_numerical_rank': 800, 'B_rank_fraction': 1.0, 'B_rank_tolerance': 3.195698854430162e-05, 'B_stable_rank': 320.6812744140625, 'B_effective_rank': 771.5270220053125, 'B_entropy_rank': 6.648371696472168, 'B_spectral_norm': 0.08689615875482559, 'B_frobenius_norm': 1.556099534034729, 'B_nuclear_norm': 42.5179328918457, 'B_condition_number': 3.207576565972146, 'B_condition_number_tol': 3.207576565972146, 'B_smallest_singular_value': 0.027090907096862793, 'B_rank_rel_1em2': 800, 'B_rank_rel_1em3': 800, 'B_rank_rel_1em4': 800}
Benchmark 5 evaluation grid shape: (800, 3)
Replicate 71, benchmark 5 metrics: {'run_id': '71_b5', 'RMSE': 0.2707011293104808, 'MAE': 0.25527098510105134, 'SupNorm': 0.41916591115295887, 'Bias': -0.25527098510105134, 'Corr': 0.3178286186969793, 'deming_slope': 0.04200727259216236, 'deming_intercept': -0.009081603014122553, 'beta_sum': -0.03246569633483887, 'beta_l1': 0.47592902183532715, 'beta_l2': 0.022024011239409447, 'beta_min': -0.001819154596887529, 'beta_max': 0.003484142478555441, 'beta_neg_frac': 0.56625, 'offline_data_id': 71, 'benchmark_id': 5, 'benchmark_point_source': 'support_safe_target_policy_draw', 'target_set_size': 100, 'benchmark_z_path': 'data/Z_true.pt', 'projected_bellman_test_risk': 0.11685523390769958, 'oracle_embedding_risk': 1.0037981271743774, 'benchmark_embedding_risk': 1.0037981271743774, 'risk_bellman_final': 20.973333197734064, 'risk_obj_final': 314.2236328125, 'B_num_rows': 3085, 'B_num_cols': 800, 'B_min_dim': 800, 'B_numerical_rank': 800, 'B_rank_fraction': 1.0, 'B_rank_tolerance': 3.195698854430162e-05, 'B_stable_rank': 320.6812744140625, 'B_effective_rank': 771.5270220053125, 'B_entropy_rank': 6.648371696472168, 'B_spectral_norm': 0.08689615875482559, 'B_frobenius_norm': 1.556099534034729, 'B_nuclear_norm': 42.5179328918457, 'B_condition_number': 3.207576565972146, 'B_condition_number_tol': 3.207576565972146, 'B_smallest_singular_value': 0.027090907096862793, 'B_rank_rel_1em2': 800, 'B_rank_rel_1em3': 800, 'B_rank_rel_1em4': 800}
Benchmark 6 evaluation grid shape: (800, 3)
Replicate 71, benchmark 6 metrics: {'run_id': '71_b6', 'RMSE': 2.475953221641049, 'MAE': 2.1968159646051935, 'SupNorm': 4.645111799240112, 'Bias': -2.1968159646051935, 'Corr': -0.6044122466894952, 'deming_slope': -18.666896220711852, 'deming_intercept': 2.995071351187864, 'beta_sum': -7.553715705871582, 'beta_l1': 7.565932273864746, 'beta_l2': 0.2796066403388977, 'beta_min': -0.017597975209355354, 'beta_max': 0.0028441622853279114, 'beta_neg_frac': 0.99375, 'offline_data_id': 71, 'benchmark_id': 6, 'benchmark_point_source': 'support_safe_target_policy_draw', 'target_set_size': 100, 'benchmark_z_path': 'data/Z_true.pt', 'projected_bellman_test_risk': 0.015214687213301659, 'oracle_embedding_risk': 27.401878356933594, 'benchmark_embedding_risk': 27.401878356933594, 'risk_bellman_final': 20.973333197734064, 'risk_obj_final': 314.2236328125, 'B_num_rows': 3085, 'B_num_cols': 800, 'B_min_dim': 800, 'B_numerical_rank': 800, 'B_rank_fraction': 1.0, 'B_rank_tolerance': 3.195698854430162e-05, 'B_stable_rank': 320.6812744140625, 'B_effective_rank': 771.5270220053125, 'B_entropy_rank': 6.648371696472168, 'B_spectral_norm': 0.08689615875482559, 'B_frobenius_norm': 1.556099534034729, 'B_nuclear_norm': 42.5179328918457, 'B_condition_number': 3.207576565972146, 'B_condition_number_tol': 3.207576565972146, 'B_smallest_singular_value': 0.027090907096862793, 'B_rank_rel_1em2': 800, 'B_rank_rel_1em3': 800, 'B_rank_rel_1em4': 800}
Benchmark 7 evaluation grid shape: (800, 3)
Replicate 71, benchmark 7 metrics: {'run_id': '71_b7', 'RMSE': 2.5181746183372833, 'MAE': 2.1854373943747487, 'SupNorm': 5.101065665483475, 'Bias': -2.1854373943747487, 'Corr': -0.49615710919853406, 'deming_slope': -25.89260339744981, 'deming_intercept': 4.846580156689173, 'beta_sum': -8.373459815979004, 'beta_l1': 8.519250869750977, 'beta_l2': 0.31471678614616394, 'beta_min': -0.020774519070982933, 'beta_max': 0.01858014613389969, 'beta_neg_frac': 0.9825, 'offline_data_id': 71, 'benchmark_id': 7, 'benchmark_point_source': 'support_safe_target_policy_draw', 'target_set_size': 100, 'benchmark_z_path': 'data/Z_true.pt', 'projected_bellman_test_risk': 3.638094425201416, 'oracle_embedding_risk': 33.199039459228516, 'benchmark_embedding_risk': 33.199039459228516, 'risk_bellman_final': 20.973333197734064, 'risk_obj_final': 314.2236328125, 'B_num_rows': 3085, 'B_num_cols': 800, 'B_min_dim': 800, 'B_numerical_rank': 800, 'B_rank_fraction': 1.0, 'B_rank_tolerance': 3.195698854430162e-05, 'B_stable_rank': 320.6812744140625, 'B_effective_rank': 771.5270220053125, 'B_entropy_rank': 6.648371696472168, 'B_spectral_norm': 0.08689615875482559, 'B_frobenius_norm': 1.556099534034729, 'B_nuclear_norm': 42.5179328918457, 'B_condition_number': 3.207576565972146, 'B_condition_number_tol': 3.207576565972146, 'B_smallest_singular_value': 0.027090907096862793, 'B_rank_rel_1em2': 800, 'B_rank_rel_1em3': 800, 'B_rank_rel_1em4': 800}
Benchmark 8 evaluation grid shape: (800, 3)
Replicate 71, benchmark 8 metrics: {'run_id': '71_b8', 'RMSE': 1.128403147268739, 'MAE': 0.9965945678895514, 'SupNorm': 2.260563939809799, 'Bias': -0.9965945678895514, 'Corr': -0.5050017750174418, 'deming_slope': -9.325722332637374, 'deming_intercept': 1.693196025273072, 'beta_sum': -3.221123218536377, 'beta_l1': 3.4695663452148438, 'beta_l2': 0.13892458379268646, 'beta_min': -0.011755374260246754, 'beta_max': 0.010662994347512722, 'beta_neg_frac': 0.925, 'offline_data_id': 71, 'benchmark_id': 8, 'benchmark_point_source': 'support_safe_target_policy_draw', 'target_set_size': 100, 'benchmark_z_path': 'data/Z_true.pt', 'projected_bellman_test_risk': 0.3402858376502991, 'oracle_embedding_risk': 7.003193378448486, 'benchmark_embedding_risk': 7.003193378448486, 'risk_bellman_final': 20.973333197734064, 'risk_obj_final': 314.2236328125, 'B_num_rows': 3085, 'B_num_cols': 800, 'B_min_dim': 800, 'B_numerical_rank': 800, 'B_rank_fraction': 1.0, 'B_rank_tolerance': 3.195698854430162e-05, 'B_stable_rank': 320.6812744140625, 'B_effective_rank': 771.5270220053125, 'B_entropy_rank': 6.648371696472168, 'B_spectral_norm': 0.08689615875482559, 'B_frobenius_norm': 1.556099534034729, 'B_nuclear_norm': 42.5179328918457, 'B_condition_number': 3.207576565972146, 'B_condition_number_tol': 3.207576565972146, 'B_smallest_singular_value': 0.027090907096862793, 'B_rank_rel_1em2': 800, 'B_rank_rel_1em3': 800, 'B_rank_rel_1em4': 800}
Benchmark 9 evaluation grid shape: (800, 3)
Replicate 71, benchmark 9 metrics: {'run_id': '71_b9', 'RMSE': 2.7217164119820896, 'MAE': 2.401258139971178, 'SupNorm': 5.081060767173767, 'Bias': -2.401258139971178, 'Corr': -0.6127034526083642, 'deming_slope': -20.793812068320072, 'deming_intercept': 3.3907786442853145, 'beta_sum': -8.195236206054688, 'beta_l1': 8.301507949829102, 'beta_l2': 0.3078065514564514, 'beta_min': -0.020458217710256577, 'beta_max': 0.011521459557116032, 'beta_neg_frac': 0.98125, 'offline_data_id': 71, 'benchmark_id': 9, 'benchmark_point_source': 'support_safe_target_policy_draw', 'target_set_size': 100, 'benchmark_z_path': 'data/Z_true.pt', 'projected_bellman_test_risk': 0.3967590630054474, 'oracle_embedding_risk': 32.37184524536133, 'benchmark_embedding_risk': 32.37184524536133, 'risk_bellman_final': 20.973333197734064, 'risk_obj_final': 314.2236328125, 'B_num_rows': 3085, 'B_num_cols': 800, 'B_min_dim': 800, 'B_numerical_rank': 800, 'B_rank_fraction': 1.0, 'B_rank_tolerance': 3.195698854430162e-05, 'B_stable_rank': 320.6812744140625, 'B_effective_rank': 771.5270220053125, 'B_entropy_rank': 6.648371696472168, 'B_spectral_norm': 0.08689615875482559, 'B_frobenius_norm': 1.556099534034729, 'B_nuclear_norm': 42.5179328918457, 'B_condition_number': 3.207576565972146, 'B_condition_number_tol': 3.207576565972146, 'B_smallest_singular_value': 0.027090907096862793, 'B_rank_rel_1em2': 800, 'B_rank_rel_1em3': 800, 'B_rank_rel_1em4': 800}
Replicate 71 finished in 20.4s
Finished combo 0, offline replicate 71.
