Job ID:    2358795
Array idx: 49
CPUs/node: 64
Mem/node:  131072
Using CC = cc 
Using CXX = CC 
Using FC = ftn 
Using F77 = ftn 
Using F90 = ftn 
cuda/12.6.1 is deprecated; loading cudatoolkit/25.5_12.9 instead.
Using CC = /opt/nvidia/hpc_sdk/Linux_aarch64/25.5/compilers/bin/nvc 
Using CXX = /opt/nvidia/hpc_sdk/Linux_aarch64/25.5/compilers/bin/nvc++ 
Using FC = /opt/nvidia/hpc_sdk/Linux_aarch64/25.5/compilers/bin/nvfortran 
Using F77 = /opt/nvidia/hpc_sdk/Linux_aarch64/25.5/compilers/bin/nvfortran 
Using F90 = /opt/nvidia/hpc_sdk/Linux_aarch64/25.5/compilers/bin/nvfortran 
Using CC = /opt/nvidia/hpc_sdk/Linux_aarch64/25.5/compilers/bin/nvc 
Using CXX = /opt/nvidia/hpc_sdk/Linux_aarch64/25.5/compilers/bin/nvc++ 
Using FC = /opt/nvidia/hpc_sdk/Linux_aarch64/25.5/compilers/bin/nvfortran 
Using F77 = /opt/nvidia/hpc_sdk/Linux_aarch64/25.5/compilers/bin/nvfortran 
Using F90 = /opt/nvidia/hpc_sdk/Linux_aarch64/25.5/compilers/bin/nvfortran 

Lmod is automatically replacing "gcc-native/14" with "gcc/14.2.0".

ghx4
0
Tuning combo id: 0 / 6
Offline replicate id: 49 / 99
Installing ke_drl from git: https://github.com/mehrdadmhmdi/ke-drl.git@main
Collecting git+https://github.com/mehrdadmhmdi/ke-drl.git@main
  Cloning https://github.com/mehrdadmhmdi/ke-drl.git (to revision main) to /tmp/pip-req-build-uf9ez67h
  Running command git clone --filter=blob:none --quiet https://github.com/mehrdadmhmdi/ke-drl.git /tmp/pip-req-build-uf9ez67h
  Resolved https://github.com/mehrdadmhmdi/ke-drl.git to commit 3c5d570e40ea15b1fbe4817b5f43b64c7b333e82
  Installing build dependencies: started
  Installing build dependencies: finished with status 'done'
  Getting requirements to build wheel: started
  Getting requirements to build wheel: finished with status 'done'
  Preparing metadata (pyproject.toml): started
  Preparing metadata (pyproject.toml): finished with status 'done'
Building wheels for collected packages: ke_drl
  Building wheel for ke_drl (pyproject.toml): started
  Building wheel for ke_drl (pyproject.toml): finished with status 'done'
  Created wheel for ke_drl: filename=ke_drl-0.1.0-py3-none-any.whl size=47219 sha256=d9e3327e6e78e96df5da799310f7c5f33cc1c68fe26189c13d3ca7a92e9a28a2
  Stored in directory: /tmp/pip-ephem-wheel-cache-1xr5ef4e/wheels/24/47/ad/9a4ffd3b05d3e90e35ffc6e7324b735b8bfcf5f51aaf29a333
Successfully built ke_drl
Installing collected packages: ke_drl
Successfully installed ke_drl-0.1.0
Installed ke_drl source: /work/nvme/bfez/mehrdad3/DistRL/simulation_3/runs/sim3_global_2358722_0/.kedrl_site_49/ke_drl/__init__.py
Tuning combo 0: base
Overrides: {}
RUN: /sw/user/python/miniforge3-pytorch-24.11.3/bin/python3 validate_sim_config.py --params params.yaml
ke_drl import source: /work/nvme/bfez/mehrdad3/DistRL/simulation_3/runs/sim3_global_2358722_0/.kedrl_site_49/ke_drl/__init__.py
ke_drl package API OK: prediction weights, RFF operators, rank diagnostics, and best-checkpoint optimizer available
Policy config OK: behavior=uniform, target=logistic, state_dim=5, action_dim=1
Note: policy.logistic.theta_scale/theta_std are log-scale coefficients in Probability_Densities.
Behavior-policy linearized state-process diagnostic: spectral_radius=0.653, offline_burn_in=50
Replicate config OK: num_replicates=100, benchmark points=10 independent of D_i, loss target points=100
Transition reduction OK: method=kmeans, raw rows N(T-1)=12000, target rows about 3000, B rows reduced from 12000 to about 3000
Return-operator approximation OK: method=rff, features=512, exact G avoided for estimated N=12000, m=800, L=100
Fixed benchmark config rows=4 (benchmark.num_points=10; additional points are support-safe target-policy draws if needed)
Fixed benchmark point 0: s_star=[0.6, -0.8, 0.7, -0.5, 0.9], a_star=[0.5]
Fixed benchmark behavior-support interval for configured rows: min_lower=-0.12, max_upper=1.11
Fixed benchmark target-policy location range: [-0.02, 0.14]
Reusing shared data from /work/nvme/bfez/mehrdad3/DistRL/simulation_3/runs/sim3_shared_data/data for offline replicate 49.
RUN: /sw/user/python/miniforge3-pytorch-24.11.3/bin/python3 validate_sim_config.py --params params.yaml --data data/offline_data_49.pt
ke_drl import source: /work/nvme/bfez/mehrdad3/DistRL/simulation_3/runs/sim3_global_2358722_0/.kedrl_site_49/ke_drl/__init__.py
ke_drl package API OK: prediction weights, RFF operators, rank diagnostics, and best-checkpoint optimizer available
Policy config OK: behavior=uniform, target=logistic, state_dim=5, action_dim=1
Note: policy.logistic.theta_scale/theta_std are log-scale coefficients in Probability_Densities.
Behavior-policy linearized state-process diagnostic: spectral_radius=0.653, offline_burn_in=50
Replicate config OK: num_replicates=100, benchmark points=10 independent of D_i, loss target points=100
Transition reduction OK: method=kmeans, raw rows N(T-1)=12000, target rows about 3000, B rows reduced from 12000 to about 3000
Return-operator approximation OK: method=rff, features=512, exact G avoided for estimated N=12000, m=800, L=100
Fixed benchmark config rows=4 (benchmark.num_points=10; additional points are support-safe target-policy draws if needed)
Fixed benchmark point 0: s_star=[0.6, -0.8, 0.7, -0.5, 0.9], a_star=[0.5]
Fixed benchmark behavior-support interval for configured rows: min_lower=-0.12, max_upper=1.11
Fixed benchmark target-policy location range: [-0.02, 0.14]
Full benchmark support check OK: 10 points, min_lower=-2.177, max_upper=2.05
observed behavior actions: mean=0.3998, sd=0.681, q0/q10/q50/q90/q100=[-2.35852313041687, -0.4162394195795059, 0.341948539018631, 1.3313065767288208, 2.942483901977539]
target-policy sampled actions: mean=-0.02128, sd=0.6743, q0/q10/q50/q90/q100=[-2.913022433835649, -0.8753901875015565, -0.013821376083894703, 0.836698735780826, 2.593466285463945]
behavior uniform lower: mean=-0.1219, sd=0.6674, q0/q10/q50/q90/q100=[-2.92529239654541, -0.9702549493312836, -0.11173107326030729, 0.7257112976908686, 2.469494986534119]
behavior uniform upper: mean=0.932, sd=0.6479, q0/q10/q50/q90/q100=[-1.052087390422821, 0.07999099090695382, 0.9449338525533677, 1.764728958308697, 3.469494986534119]
target location inside behavior uniform support: 0.972
RUN: /sw/user/python/miniforge3-pytorch-24.11.3/bin/python3 main_est.py
# ================================================================ #
#   Global KE-DRL estimation for one offline replicate              #
# ================================================================ #
Slurm Job ID: 2358795
Slurm Array ID: 49 -- used as the offline-replicate id
Offline data id: 49
ke_drl import source: /work/nvme/bfez/mehrdad3/DistRL/simulation_3/runs/sim3_global_2358722_0/.kedrl_site_49/ke_drl/__init__.py
Estimator device: cuda (NVIDIA GH200 120GB, capability 9.0); torch CUDA=13.0
Random seed: 20460561
Number of offline replicates: 100
[transition reduction] enabled: original rows=12000, target basis=3000, method=kmeans, device=cuda
[transition reduction] kmeans iter 1/20, mean center shift=2.7504e-01
[transition reduction] kmeans iter 5/20, mean center shift=4.8441e-03
[transition reduction] kmeans iter 10/20, mean center shift=5.3276e-08
[transition reduction] selected 3074 rows from 12000 transitions (ratio 0.2562); indices saved to data/reduced_transition_indices_49.pt
Data and parameters loaded.
offline path: data/offline_data_49.pt
benchmark true-Z path: data/Z_true.pt
offline shapes after reduction: s0=(3074, 5), a0=(3074, 1), r0=(3074, 3)
transition reduction: {'enabled': True, 'method': 'kmeans', 'original_rows': 12000, 'reduced_rows': 3074, 'selected_indices_path': 'data/reduced_transition_indices_49.pt', 'target_basis': 3000, 'compression_ratio': 0.25616666666666665}
fixed benchmark point source: fixed_config_plus_support_safe_target_policy_draws
benchmark row excluded from this offline data: None
global loss target set shape: s_star=(100, 5), a_star=(100, 1)
benchmark true-Z count=10, shape each=(50000, 3)
target policy: logistic
behavior policy: uniform
lambda_Gamma=0.005, lambda_B=0.02, d_r_method=song
dtype=torch.float32, operator_method=rff, operator_num_features=512
ridge_mode=rkhs, diagnostic_interval=50
mass_anchor_lambda=1.0, target_mass=1.0
uLSIF basis: source=numerator, n_basis=512, lambda_reg=0.005
optimizer stabilizers: lambda_neg=0.0, max_B_norm=None, eta_clip_min=0.0, eta_clip_max=5.0, normalize_eta=True
========================================
Estimating the global KE-DRL mean embedding
torch device=cuda, dtype=torch.float32
Data dims: N=3074, L=100, Ds=5, Da=1, Dr=3
lambda_Gamma=0.005, lambda_B=0.02
return-operator construction: method=rff, rff_features=512
[uLSIF] basis=512/3074 (numerator); eta_hat min=-7.366e-01 max=5.502e+00 neg%=3.16
ESS for eta_plus: 2107.8 / 3074
eta_plus diagnostics: raw_mean=1, raw_min=-0.737, raw_max=5.5; used_mean=1, used_min=0, used_max=4.95
[timing] Z-grid: 0.03s
[timing] K_X: 0.00s
[timing] K_plus: 0.00s
[timing] k_star: 0.00s
[timing] Gamma_stack: 0.01s
[timing] Phi_stack: 0.00s
[timing] RFF feature sample: 0.00s
[timing] K_Z RFF: 0.00s
[timing] G_stack RFF: 0.01s
[timing] H_stack RFF: 0.01s
findfont: Font family 'Nimbus Roman' not found.
findfont: Font family 'Nimbus Roman' not found.
findfont: Font family 'Nimbus Roman' not found.
findfont: Font family 'Nimbus Roman' not found.
findfont: Font family 'Nimbus Roman' not found.
findfont: Font family 'Nimbus Roman' not found.
findfont: Font family 'Nimbus Roman' not found.
findfont: Font family 'Nimbus Roman' not found.
findfont: Font family 'Nimbus Roman' not found.
findfont: Font family 'Nimbus Roman' not found.
findfont: Font family 'Nimbus Roman' not found.
findfont: Font family 'Nimbus Roman' not found.
findfont: Font family 'Nimbus Roman' not found.
findfont: Font family 'Nimbus Roman' not found.
findfont: Font family 'Nimbus Roman' not found.
findfont: Font family 'Nimbus Roman' not found.
findfont: Font family 'Nimbus Roman' not found.
findfont: Font family 'Nimbus Roman' not found.
findfont: Font family 'Nimbus Roman' not found.
findfont: Font family 'Nimbus Roman' not found.
findfont: Font family 'Nimbus Roman' not found.
findfont: Font family 'Nimbus Roman' not found.
findfont: Font family 'Nimbus Roman' not found.
findfont: Font family 'Nimbus Roman' not found.
findfont: Font family 'Nimbus Roman' not found.
findfont: Font family 'Nimbus Roman' not found.
findfont: Font family 'Nimbus Roman' not found.
findfont: Font family 'Nimbus Roman' not found.
findfont: Font family 'Nimbus Roman' not found.
findfont: Font family 'Nimbus Roman' not found.
findfont: Font family 'Nimbus Roman' not found.
findfont: Font family 'Nimbus Roman' not found.
findfont: Font family 'Nimbus Roman' not found.
findfont: Font family 'Nimbus Roman' not found.
findfont: Font family 'Nimbus Roman' not found.
findfont: Font family 'Nimbus Roman' not found.
findfont: Font family 'Nimbus Roman' not found.
findfont: Font family 'Nimbus Roman' not found.
findfont: Font family 'Nimbus Roman' not found.
findfont: Font family 'Nimbus Roman' not found.
findfont: Font family 'Nimbus Roman' not found.
findfont: Font family 'Nimbus Roman' not found.
findfont: Font family 'Nimbus Roman' not found.
findfont: Font family 'Nimbus Roman' not found.
findfont: Font family ['Nimbus Roman'] not found. Falling back to DejaVu Sans.
findfont: Font family 'Nimbus Roman' not found.
findfont: Font family ['Nimbus Roman'] not found. Falling back to DejaVu Sans.
findfont: Font family 'Nimbus Roman' not found.
findfont: Font family 'Nimbus Roman' not found.
findfont: Font family 'Nimbus Roman' not found.
findfont: Font family 'Nimbus Roman' not found.
findfont: Font family 'Nimbus Roman' not found.
findfont: Font family 'Nimbus Roman' not found.
findfont: Font family 'Nimbus Roman' not found.
findfont: Font family 'Nimbus Roman' not found.
findfont: Font family 'Nimbus Roman' not found.
findfont: Font family ['Nimbus Roman'] not found. Falling back to DejaVu Sans.
findfont: Font family 'Nimbus Roman' not found.
findfont: Font family 'Nimbus Roman' not found.
findfont: Font family 'Nimbus Roman' not found.
findfont: Font family 'Nimbus Roman' not found.
findfont: Font family 'Nimbus Roman' not found.
findfont: Font family 'Nimbus Roman' not found.
findfont: Font family 'Nimbus Roman' not found.
findfont: Font family 'Nimbus Roman' not found.
findfont: Font family 'Nimbus Roman' not found.
findfont: Font family 'Nimbus Roman' not found.
findfont: Font family 'Nimbus Roman' not found.
findfont: Font family 'Nimbus Roman' not found.
findfont: Font family 'Nimbus Roman' not found.
findfont: Font family 'Nimbus Roman' not found.
findfont: Font family 'Nimbus Roman' not found.
findfont: Font family 'Nimbus Roman' not found.
findfont: Font family 'Nimbus Roman' not found.
findfont: Font family 'Nimbus Roman' not found.
findfont: Font family 'Nimbus Roman' not found.
findfont: Font family 'Nimbus Roman' not found.
findfont: Font family 'Nimbus Roman' not found.
findfont: Font family 'Nimbus Roman' not found.
findfont: Font family 'Nimbus Roman' not found.
findfont: Font family 'Nimbus Roman' not found.
findfont: Font family 'Nimbus Roman' not found.
findfont: Font family 'Nimbus Roman' not found.
findfont: Font family 'Nimbus Roman' not found.
findfont: Font family 'Nimbus Roman' not found.
findfont: Font family 'Nimbus Roman' not found.
findfont: Font family 'Nimbus Roman' not found.
findfont: Font family 'Nimbus Roman' not found.
findfont: Font family 'Nimbus Roman' not found.
findfont: Font family 'Nimbus Roman' not found.
findfont: Font family 'Nimbus Roman' not found.
findfont: Font family 'Nimbus Roman' not found.
findfont: Font family 'Nimbus Roman' not found.
findfont: Font family 'Nimbus Roman' not found.
findfont: Font family 'Nimbus Roman' not found.
findfont: Font family 'Nimbus Roman' not found.
findfont: Font family 'Nimbus Roman' not found.
findfont: Font family 'Nimbus Roman' not found.
findfont: Font family 'Nimbus Roman' not found.
findfont: Font family 'Nimbus Roman' not found.
findfont: Font family 'Nimbus Roman' not found.
findfont: Font family 'Nimbus Roman' not found.
findfont: Font family 'Nimbus Roman' not found.
findfont: Font family 'Nimbus Roman' not found.
findfont: Font family 'Nimbus Roman' not found.
findfont: Font family 'Nimbus Roman' not found.
findfont: Font family 'Nimbus Roman' not found.
findfont: Font family 'Nimbus Roman' not found.
findfont: Font family 'Nimbus Roman' not found.
findfont: Font family 'Nimbus Roman' not found.
findfont: Font family 'Nimbus Roman' not found.
findfont: Font family 'Nimbus Roman' not found.
findfont: Font family 'Nimbus Roman' not found.
findfont: Font family 'Nimbus Roman' not found.
findfont: Font family 'Nimbus Roman' not found.
findfont: Font family 'Nimbus Roman' not found.
findfont: Font family 'Nimbus Roman' not found.
findfont: Font family 'Nimbus Roman' not found.
findfont: Font family 'Nimbus Roman' not found.
findfont: Font family 'Nimbus Roman' not found.
findfont: Font family 'Nimbus Roman' not found.
findfont: Font family 'Nimbus Roman' not found.
findfont: Font family 'Nimbus Roman' not found.
findfont: Font family 'Nimbus Roman' not found.
findfont: Font family 'Nimbus Roman' not found.
findfont: Font family 'Nimbus Roman' not found.
findfont: Font family 'Nimbus Roman' not found.
findfont: Font family 'Nimbus Roman' not found.
findfont: Font family 'Nimbus Roman' not found.
findfont: Font family 'Nimbus Roman' not found.
findfont: Font family 'Nimbus Roman' not found.
findfont: Font family 'Nimbus Roman' not found.
findfont: Font family 'Nimbus Roman' not found.
findfont: Font family 'Nimbus Roman' not found.
findfont: Font family 'Nimbus Roman' not found.
Ridge mode: rkhs; diagnostic interval: 50
Iter 1/4000 | log_obj=9.812e+00 | log_Bellman_root=3.577e+00 | mass=1.70e+04 | neg=0.00e+00 | grad=8.43e+02
Iter 400/4000 | log_obj=3.862e+00 | log_Bellman_root=6.049e-01 | mass=4.42e+01 | neg=0.00e+00 | grad=4.85e+03
Iter 800/4000 | log_obj=3.871e+00 | log_Bellman_root=6.080e-01 | mass=4.46e+01 | neg=0.00e+00 | grad=4.87e+03
Iter 1200/4000 | log_obj=2.984e+00 | log_Bellman_root=2.278e-01 | mass=1.82e+01 | neg=0.00e+00 | grad=1.91e+03
Iter 1600/4000 | log_obj=2.800e+00 | log_Bellman_root=5.748e-02 | mass=1.53e+01 | neg=0.00e+00 | grad=1.97e+03
Iter 2000/4000 | log_obj=2.796e+00 | log_Bellman_root=5.581e-02 | mass=1.52e+01 | neg=0.00e+00 | grad=1.97e+03
Iter 2400/4000 | log_obj=2.793e+00 | log_Bellman_root=5.431e-02 | mass=1.52e+01 | neg=0.00e+00 | grad=1.98e+03
Iter 2800/4000 | log_obj=4.253e+00 | log_Bellman_root=7.869e-01 | mass=6.54e+01 | neg=0.00e+00 | grad=3.43e+03
Iter 3200/4000 | log_obj=4.252e+00 | log_Bellman_root=7.867e-01 | mass=6.54e+01 | neg=0.00e+00 | grad=3.43e+03
Iter 3600/4000 | log_obj=4.252e+00 | log_Bellman_root=7.865e-01 | mass=6.54e+01 | neg=0.00e+00 | grad=3.43e+03
Iter 4000/4000 | log_obj=2.505e+00 | log_Bellman_root=-6.892e-02 | mass=1.14e+01 | neg=0.00e+00 | grad=2.45e+03
Returning best diagnostic checkpoint from step 3800 (objective=1.586e-01, Bellman=2.819e-02).
Done in 14.05s.
KE-DRL global estimation is done.
B_hat shape: (3074, 800)
B_hat rank diagnostics: {'B_num_rows': 3074, 'B_num_cols': 800, 'B_min_dim': 800, 'B_numerical_rank': 800, 'B_rank_fraction': 1.0, 'B_rank_tolerance': 3.4652225522791014e-05, 'B_stable_rank': 269.10504150390625, 'B_effective_rank': 771.450504107428, 'B_entropy_rank': 6.648272514343262, 'B_spectral_norm': 0.0945621132850647, 'B_frobenius_norm': 1.5512367486953735, 'B_nuclear_norm': 42.37915802001953, 'B_condition_number': 3.5092079329330748, 'B_condition_number_tol': 3.5092079329330748, 'B_smallest_singular_value': 0.02694685384631157, 'B_rank_rel_1em2': 800, 'B_rank_rel_1em3': 800, 'B_rank_rel_1em4': 800}
Global-loss target mass diagnostics: {'target_mass_mean': 0.9169607758522034, 'target_mass_min': 0.34537169337272644, 'target_mass_max': 1.4938879013061523, 'target_mass_sd': 0.327395498752594, 'target_mass_rmse_to_target': 0.3361717760562897, 'target_beta_min': -0.00852515920996666, 'target_beta_max': 0.048166774213314056, 'target_neg_frac_mean': 0.35885000000000006}
Return dictionary Z_grid shape: (800, 3)
Replicate 49 risk metrics: {'risk_n_steps_recorded': 81.0, 'risk_n_diagnostics_recorded': 81.0, 'risk_log_obj_initial': 9.812105380420519, 'risk_log_obj_final': 2.505217989014614, 'risk_log_obj_min': -1.8413122675356666, 'risk_obj_initial': 18253.376953125015, 'risk_obj_final': 12.246228218078615, 'risk_obj_min': 0.15860915184020996, 'risk_log_obj_drop': 7.306887391405905, 'risk_log_bellman_root_initial': 3.5770797049789316, 'risk_log_bellman_root_final': -0.0689180874840501, 'risk_log_bellman_root_min': -1.8992527859811035, 'risk_bellman_root_initial': 35.768932342529304, 'risk_bellman_root_final': 0.9334031343460083, 'risk_bellman_root_min': 0.14968042075634003, 'risk_bellman_initial': 1279.4165209244386, 'risk_bellman_final': 0.8712414112069524, 'risk_bellman_min': 0.022404228357794986, 'risk_log_bellman_root_drop': 3.645997792462982, 'risk_bellman_returned': 0.028191732242703438, 'risk_obj_returned': 0.15860915184020996, 'risk_returned_step': 3800.0, 'offline_data_id': 49, 'benchmark_point_source': 'fixed_config_plus_support_safe_target_policy_draws', 'target_set_size': 100, 'lambda_reg': 0.005, 'lambda_B': 0.02, 'num_steps': 4000, 'transition_reduction_enabled': 1, 'transition_reduction_method': 'kmeans', 'transition_original_rows': 12000, 'transition_reduced_rows': 3074, 'transition_compression_ratio': 0.25616666666666665, 'target_mass_mean': 0.9169607758522034, 'target_mass_min': 0.34537169337272644, 'target_mass_max': 1.4938879013061523, 'target_mass_sd': 0.327395498752594, 'target_mass_rmse_to_target': 0.3361717760562897, 'target_beta_min': -0.00852515920996666, 'target_beta_max': 0.048166774213314056, 'target_neg_frac_mean': 0.35885000000000006, 'B_num_rows': 3074, 'B_num_cols': 800, 'B_min_dim': 800, 'B_numerical_rank': 800, 'B_rank_fraction': 1.0, 'B_rank_tolerance': 3.4652225522791014e-05, 'B_stable_rank': 269.10504150390625, 'B_effective_rank': 771.450504107428, 'B_entropy_rank': 6.648272514343262, 'B_spectral_norm': 0.0945621132850647, 'B_frobenius_norm': 1.5512367486953735, 'B_nuclear_norm': 42.37915802001953, 'B_condition_number': 3.5092079329330748, 'B_condition_number_tol': 3.5092079329330748, 'B_smallest_singular_value': 0.02694685384631157, 'B_rank_rel_1em2': 800, 'B_rank_rel_1em3': 800, 'B_rank_rel_1em4': 800, 'risk_objective_final_raw': 12.246228218078613, 'risk_objective_min_raw': 0.15860915184020996, 'risk_objective_max_raw': 18253.376953125, 'risk_bellman_final_raw': 0.8712414503097534, 'risk_bellman_min_raw': 0.022404227405786514, 'risk_bellman_max_raw': 1279.4166259765625, 'risk_rkhs_ridge_final_raw': 0.01965511217713356, 'risk_rkhs_ridge_min_raw': 0.017303602769970894, 'risk_rkhs_ridge_max_raw': 2.291598081588745, 'risk_mass_final_raw': 11.355331420898438, 'risk_mass_min_raw': 0.1130114495754242, 'risk_mass_max_raw': 16971.66796875, 'risk_negativity_final_raw': 0.0, 'risk_negativity_min_raw': 0.0, 'risk_negativity_max_raw': 0.0, 'risk_B_norm_final_raw': 1.5508900880813599, 'risk_B_norm_min_raw': 1.5508079528808594, 'risk_B_norm_max_raw': 1.6365087032318115, 'risk_diagnostic_step_final_raw': 4000.0, 'risk_diagnostic_step_min_raw': 1.0, 'risk_diagnostic_step_max_raw': 4000.0, 'risk_best_step_final_raw': 3800.0, 'risk_best_step_min_raw': 3800.0, 'risk_best_step_max_raw': 3800.0, 'risk_best_objective_final_raw': 0.15860915184020996, 'risk_best_objective_min_raw': 0.15860915184020996, 'risk_best_objective_max_raw': 0.15860915184020996, 'risk_best_bellman_final_raw': 0.028191732242703438, 'risk_best_bellman_min_raw': 0.028191732242703438, 'risk_best_bellman_max_raw': 0.028191732242703438, 'risk_returned_step_final_raw': 3800.0, 'risk_returned_step_min_raw': 3800.0, 'risk_returned_step_max_raw': 3800.0, 'risk_returned_objective_final_raw': 0.15860915184020996, 'risk_returned_objective_min_raw': 0.15860915184020996, 'risk_returned_objective_max_raw': 0.15860915184020996, 'risk_returned_bellman_final_raw': 0.028191732242703438, 'risk_returned_bellman_min_raw': 0.028191732242703438, 'risk_returned_bellman_max_raw': 0.028191732242703438, 'risk_returned_best_checkpoint_final_raw': 1.0, 'risk_returned_best_checkpoint_min_raw': 1.0, 'risk_returned_best_checkpoint_max_raw': 1.0}
Benchmark 0 evaluation grid shape: (800, 3)
Replicate 49, benchmark 0 metrics: {'run_id': '49_b0', 'RMSE': 0.11273416817647906, 'MAE': 0.10360271070974704, 'SupNorm': 0.18461358547210693, 'Bias': -0.10357169156552118, 'Corr': 0.9258047088809516, 'deming_slope': 0.6301327631956118, 'deming_intercept': -0.006585364858657045, 'beta_sum': 0.6494062542915344, 'beta_l1': 1.5989439487457275, 'beta_l2': 0.07937055081129074, 'beta_min': -0.006168242543935776, 'beta_max': 0.019259456545114517, 'beta_neg_frac': 0.40375, 'offline_data_id': 49, 'benchmark_id': 0, 'benchmark_point_source': 'fixed_config', 'target_set_size': 100, 'benchmark_z_path': 'data/Z_true.pt', 'projected_bellman_test_risk': 0.014451004564762115, 'oracle_embedding_risk': 0.7904954552650452, 'benchmark_embedding_risk': 0.7904954552650452, 'risk_bellman_final': 0.8712414112069524, 'risk_obj_final': 12.246228218078615, 'B_num_rows': 3074, 'B_num_cols': 800, 'B_min_dim': 800, 'B_numerical_rank': 800, 'B_rank_fraction': 1.0, 'B_rank_tolerance': 3.4652225522791014e-05, 'B_stable_rank': 269.10504150390625, 'B_effective_rank': 771.450504107428, 'B_entropy_rank': 6.648272514343262, 'B_spectral_norm': 0.0945621132850647, 'B_frobenius_norm': 1.5512367486953735, 'B_nuclear_norm': 42.37915802001953, 'B_condition_number': 3.5092079329330748, 'B_condition_number_tol': 3.5092079329330748, 'B_smallest_singular_value': 0.02694685384631157, 'B_rank_rel_1em2': 800, 'B_rank_rel_1em3': 800, 'B_rank_rel_1em4': 800}
Saved ./mu/mu_hat.csv shape=(800,)
Saved ./mu/mu2D_hat_dims01.csv shape=(120, 120)
Saved ./mu/mu2D_hat_dims01.csv shape=(120, 120)
Saved plots/replicate_49/mu_3D.png
Benchmark 1 evaluation grid shape: (800, 3)
Replicate 49, benchmark 1 metrics: {'run_id': '49_b1', 'RMSE': 0.09538884914900049, 'MAE': 0.0907222911252029, 'SupNorm': 0.143607497215271, 'Bias': -0.0907222911252029, 'Corr': 0.9944372560974634, 'deming_slope': 0.703976638074876, 'deming_intercept': -0.013598057549010806, 'beta_sum': 0.5712521076202393, 'beta_l1': 1.296277403831482, 'beta_l2': 0.058520954102277756, 'beta_min': -0.005264877341687679, 'beta_max': 0.006499086506664753, 'beta_neg_frac': 0.3675, 'offline_data_id': 49, 'benchmark_id': 1, 'benchmark_point_source': 'fixed_config', 'target_set_size': 100, 'benchmark_z_path': 'data/Z_true.pt', 'projected_bellman_test_risk': 0.008332639001309872, 'oracle_embedding_risk': 0.772066593170166, 'benchmark_embedding_risk': 0.772066593170166, 'risk_bellman_final': 0.8712414112069524, 'risk_obj_final': 12.246228218078615, 'B_num_rows': 3074, 'B_num_cols': 800, 'B_min_dim': 800, 'B_numerical_rank': 800, 'B_rank_fraction': 1.0, 'B_rank_tolerance': 3.4652225522791014e-05, 'B_stable_rank': 269.10504150390625, 'B_effective_rank': 771.450504107428, 'B_entropy_rank': 6.648272514343262, 'B_spectral_norm': 0.0945621132850647, 'B_frobenius_norm': 1.5512367486953735, 'B_nuclear_norm': 42.37915802001953, 'B_condition_number': 3.5092079329330748, 'B_condition_number_tol': 3.5092079329330748, 'B_smallest_singular_value': 0.02694685384631157, 'B_rank_rel_1em2': 800, 'B_rank_rel_1em3': 800, 'B_rank_rel_1em4': 800}
Benchmark 2 evaluation grid shape: (800, 3)
Replicate 49, benchmark 2 metrics: {'run_id': '49_b2', 'RMSE': 0.10971629249969217, 'MAE': 0.10388531573677028, 'SupNorm': 0.1713024079799652, 'Bias': -0.10388531573677028, 'Corr': 0.9875272918058617, 'deming_slope': 0.6380276879905901, 'deming_intercept': -0.006864579210169558, 'beta_sum': 0.5588911771774292, 'beta_l1': 1.3455584049224854, 'beta_l2': 0.061037223786115646, 'beta_min': -0.005967971868813038, 'beta_max': 0.00968677457422018, 'beta_neg_frac': 0.38375, 'offline_data_id': 49, 'benchmark_id': 2, 'benchmark_point_source': 'fixed_config', 'target_set_size': 100, 'benchmark_z_path': 'data/Z_true.pt', 'projected_bellman_test_risk': 0.007277854718267918, 'oracle_embedding_risk': 0.778184175491333, 'benchmark_embedding_risk': 0.778184175491333, 'risk_bellman_final': 0.8712414112069524, 'risk_obj_final': 12.246228218078615, 'B_num_rows': 3074, 'B_num_cols': 800, 'B_min_dim': 800, 'B_numerical_rank': 800, 'B_rank_fraction': 1.0, 'B_rank_tolerance': 3.4652225522791014e-05, 'B_stable_rank': 269.10504150390625, 'B_effective_rank': 771.450504107428, 'B_entropy_rank': 6.648272514343262, 'B_spectral_norm': 0.0945621132850647, 'B_frobenius_norm': 1.5512367486953735, 'B_nuclear_norm': 42.37915802001953, 'B_condition_number': 3.5092079329330748, 'B_condition_number_tol': 3.5092079329330748, 'B_smallest_singular_value': 0.02694685384631157, 'B_rank_rel_1em2': 800, 'B_rank_rel_1em3': 800, 'B_rank_rel_1em4': 800}
Benchmark 3 evaluation grid shape: (800, 3)
Replicate 49, benchmark 3 metrics: {'run_id': '49_b3', 'RMSE': 0.07931650829337628, 'MAE': 0.07532906910695601, 'SupNorm': 0.12132275104522705, 'Bias': -0.07532906910695601, 'Corr': 0.9915643819191403, 'deming_slope': 0.7636720786908737, 'deming_intercept': -0.014061044924615573, 'beta_sum': 0.6284335255622864, 'beta_l1': 1.442348837852478, 'beta_l2': 0.06639306992292404, 'beta_min': -0.006235368084162474, 'beta_max': 0.008699385449290276, 'beta_neg_frac': 0.3675, 'offline_data_id': 49, 'benchmark_id': 3, 'benchmark_point_source': 'fixed_config', 'target_set_size': 100, 'benchmark_z_path': 'data/Z_true.pt', 'projected_bellman_test_risk': 0.013119697570800781, 'oracle_embedding_risk': 0.7627394199371338, 'benchmark_embedding_risk': 0.7627394199371338, 'risk_bellman_final': 0.8712414112069524, 'risk_obj_final': 12.246228218078615, 'B_num_rows': 3074, 'B_num_cols': 800, 'B_min_dim': 800, 'B_numerical_rank': 800, 'B_rank_fraction': 1.0, 'B_rank_tolerance': 3.4652225522791014e-05, 'B_stable_rank': 269.10504150390625, 'B_effective_rank': 771.450504107428, 'B_entropy_rank': 6.648272514343262, 'B_spectral_norm': 0.0945621132850647, 'B_frobenius_norm': 1.5512367486953735, 'B_nuclear_norm': 42.37915802001953, 'B_condition_number': 3.5092079329330748, 'B_condition_number_tol': 3.5092079329330748, 'B_smallest_singular_value': 0.02694685384631157, 'B_rank_rel_1em2': 800, 'B_rank_rel_1em3': 800, 'B_rank_rel_1em4': 800}
Benchmark 4 evaluation grid shape: (800, 3)
Replicate 49, benchmark 4 metrics: {'run_id': '49_b4', 'RMSE': 0.10700894104705877, 'MAE': 0.09003036375666852, 'SupNorm': 0.2771412283182144, 'Bias': -0.0062560787242546215, 'Corr': 0.5816021804230515, 'deming_slope': 1.6867503989291261, 'deming_intercept': -0.18934695156052828, 'beta_sum': 1.3361234664916992, 'beta_l1': 2.0258595943450928, 'beta_l2': 0.12490249425172806, 'beta_min': -0.006209051702171564, 'beta_max': 0.03654450923204422, 'beta_neg_frac': 0.3275, 'offline_data_id': 49, 'benchmark_id': 4, 'benchmark_point_source': 'support_safe_target_policy_draw', 'target_set_size': 100, 'benchmark_z_path': 'data/Z_true.pt', 'projected_bellman_test_risk': 0.030598916113376617, 'oracle_embedding_risk': 0.8951688408851624, 'benchmark_embedding_risk': 0.8951688408851624, 'risk_bellman_final': 0.8712414112069524, 'risk_obj_final': 12.246228218078615, 'B_num_rows': 3074, 'B_num_cols': 800, 'B_min_dim': 800, 'B_numerical_rank': 800, 'B_rank_fraction': 1.0, 'B_rank_tolerance': 3.4652225522791014e-05, 'B_stable_rank': 269.10504150390625, 'B_effective_rank': 771.450504107428, 'B_entropy_rank': 6.648272514343262, 'B_spectral_norm': 0.0945621132850647, 'B_frobenius_norm': 1.5512367486953735, 'B_nuclear_norm': 42.37915802001953, 'B_condition_number': 3.5092079329330748, 'B_condition_number_tol': 3.5092079329330748, 'B_smallest_singular_value': 0.02694685384631157, 'B_rank_rel_1em2': 800, 'B_rank_rel_1em3': 800, 'B_rank_rel_1em4': 800}
Benchmark 5 evaluation grid shape: (800, 3)
Replicate 49, benchmark 5 metrics: {'run_id': '49_b5', 'RMSE': 0.22736331585800698, 'MAE': 0.20891264534800938, 'SupNorm': 0.3754405938088894, 'Bias': -0.20823894812738217, 'Corr': 0.2354003202344702, 'deming_slope': 0.0948126302750467, 'deming_intercept': 0.02438027000433098, 'beta_sum': 0.43312186002731323, 'beta_l1': 0.5320899486541748, 'beta_l2': 0.028327573090791702, 'beta_min': -0.0009566456428728998, 'beta_max': 0.006030449643731117, 'beta_neg_frac': 0.235, 'offline_data_id': 49, 'benchmark_id': 5, 'benchmark_point_source': 'support_safe_target_policy_draw', 'target_set_size': 100, 'benchmark_z_path': 'data/Z_true.pt', 'projected_bellman_test_risk': 0.015701886266469955, 'oracle_embedding_risk': 0.9385859966278076, 'benchmark_embedding_risk': 0.9385859966278076, 'risk_bellman_final': 0.8712414112069524, 'risk_obj_final': 12.246228218078615, 'B_num_rows': 3074, 'B_num_cols': 800, 'B_min_dim': 800, 'B_numerical_rank': 800, 'B_rank_fraction': 1.0, 'B_rank_tolerance': 3.4652225522791014e-05, 'B_stable_rank': 269.10504150390625, 'B_effective_rank': 771.450504107428, 'B_entropy_rank': 6.648272514343262, 'B_spectral_norm': 0.0945621132850647, 'B_frobenius_norm': 1.5512367486953735, 'B_nuclear_norm': 42.37915802001953, 'B_condition_number': 3.5092079329330748, 'B_condition_number_tol': 3.5092079329330748, 'B_smallest_singular_value': 0.02694685384631157, 'B_rank_rel_1em2': 800, 'B_rank_rel_1em3': 800, 'B_rank_rel_1em4': 800}
Benchmark 6 evaluation grid shape: (800, 3)
Replicate 49, benchmark 6 metrics: {'run_id': '49_b6', 'RMSE': 0.08527629999465787, 'MAE': 0.07841798189270775, 'SupNorm': 0.13539716601371765, 'Bias': -0.07839143748569768, 'Corr': 0.9653972326165298, 'deming_slope': 0.7213341247597658, 'deming_intercept': -0.004826101767880203, 'beta_sum': 0.7174881100654602, 'beta_l1': 1.6985502243041992, 'beta_l2': 0.07951763272285461, 'beta_min': -0.00704891886562109, 'beta_max': 0.013396242633461952, 'beta_neg_frac': 0.385, 'offline_data_id': 49, 'benchmark_id': 6, 'benchmark_point_source': 'support_safe_target_policy_draw', 'target_set_size': 100, 'benchmark_z_path': 'data/Z_true.pt', 'projected_bellman_test_risk': 0.010511592030525208, 'oracle_embedding_risk': 0.7677104473114014, 'benchmark_embedding_risk': 0.7677104473114014, 'risk_bellman_final': 0.8712414112069524, 'risk_obj_final': 12.246228218078615, 'B_num_rows': 3074, 'B_num_cols': 800, 'B_min_dim': 800, 'B_numerical_rank': 800, 'B_rank_fraction': 1.0, 'B_rank_tolerance': 3.4652225522791014e-05, 'B_stable_rank': 269.10504150390625, 'B_effective_rank': 771.450504107428, 'B_entropy_rank': 6.648272514343262, 'B_spectral_norm': 0.0945621132850647, 'B_frobenius_norm': 1.5512367486953735, 'B_nuclear_norm': 42.37915802001953, 'B_condition_number': 3.5092079329330748, 'B_condition_number_tol': 3.5092079329330748, 'B_smallest_singular_value': 0.02694685384631157, 'B_rank_rel_1em2': 800, 'B_rank_rel_1em3': 800, 'B_rank_rel_1em4': 800}
Benchmark 7 evaluation grid shape: (800, 3)
Replicate 49, benchmark 7 metrics: {'run_id': '49_b7', 'RMSE': 0.12569837639191345, 'MAE': 0.09768254529190017, 'SupNorm': 0.2959486246109009, 'Bias': 0.08814570609974907, 'Corr': 0.8346492408969751, 'deming_slope': 1.7713920060435642, 'deming_intercept': -0.11356188037226739, 'beta_sum': 1.3194942474365234, 'beta_l1': 1.9305626153945923, 'beta_l2': 0.09486882388591766, 'beta_min': -0.006631697993725538, 'beta_max': 0.021598530933260918, 'beta_neg_frac': 0.26625, 'offline_data_id': 49, 'benchmark_id': 7, 'benchmark_point_source': 'support_safe_target_policy_draw', 'target_set_size': 100, 'benchmark_z_path': 'data/Z_true.pt', 'projected_bellman_test_risk': 0.044728945940732956, 'oracle_embedding_risk': 0.8478457927703857, 'benchmark_embedding_risk': 0.8478457927703857, 'risk_bellman_final': 0.8712414112069524, 'risk_obj_final': 12.246228218078615, 'B_num_rows': 3074, 'B_num_cols': 800, 'B_min_dim': 800, 'B_numerical_rank': 800, 'B_rank_fraction': 1.0, 'B_rank_tolerance': 3.4652225522791014e-05, 'B_stable_rank': 269.10504150390625, 'B_effective_rank': 771.450504107428, 'B_entropy_rank': 6.648272514343262, 'B_spectral_norm': 0.0945621132850647, 'B_frobenius_norm': 1.5512367486953735, 'B_nuclear_norm': 42.37915802001953, 'B_condition_number': 3.5092079329330748, 'B_condition_number_tol': 3.5092079329330748, 'B_smallest_singular_value': 0.02694685384631157, 'B_rank_rel_1em2': 800, 'B_rank_rel_1em3': 800, 'B_rank_rel_1em4': 800}
Benchmark 8 evaluation grid shape: (800, 3)
Replicate 49, benchmark 8 metrics: {'run_id': '49_b8', 'RMSE': 0.07691895102060667, 'MAE': 0.06633399622311117, 'SupNorm': 0.1429806351661682, 'Bias': -0.06126072898303391, 'Corr': 0.8870927020273084, 'deming_slope': 0.739111875219135, 'deming_intercept': 0.006699109689499078, 'beta_sum': 0.9276341199874878, 'beta_l1': 1.736854910850525, 'beta_l2': 0.09025270491838455, 'beta_min': -0.004561788868159056, 'beta_max': 0.018090946599841118, 'beta_neg_frac': 0.3725, 'offline_data_id': 49, 'benchmark_id': 8, 'benchmark_point_source': 'support_safe_target_policy_draw', 'target_set_size': 100, 'benchmark_z_path': 'data/Z_true.pt', 'projected_bellman_test_risk': 0.0315975621342659, 'oracle_embedding_risk': 0.7742976546287537, 'benchmark_embedding_risk': 0.7742976546287537, 'risk_bellman_final': 0.8712414112069524, 'risk_obj_final': 12.246228218078615, 'B_num_rows': 3074, 'B_num_cols': 800, 'B_min_dim': 800, 'B_numerical_rank': 800, 'B_rank_fraction': 1.0, 'B_rank_tolerance': 3.4652225522791014e-05, 'B_stable_rank': 269.10504150390625, 'B_effective_rank': 771.450504107428, 'B_entropy_rank': 6.648272514343262, 'B_spectral_norm': 0.0945621132850647, 'B_frobenius_norm': 1.5512367486953735, 'B_nuclear_norm': 42.37915802001953, 'B_condition_number': 3.5092079329330748, 'B_condition_number_tol': 3.5092079329330748, 'B_smallest_singular_value': 0.02694685384631157, 'B_rank_rel_1em2': 800, 'B_rank_rel_1em3': 800, 'B_rank_rel_1em4': 800}
Benchmark 9 evaluation grid shape: (800, 3)
Replicate 49, benchmark 9 metrics: {'run_id': '49_b9', 'RMSE': 0.06331874348762545, 'MAE': 0.05249122495763004, 'SupNorm': 0.12868309020996094, 'Bias': 0.04541576046962291, 'Corr': 0.952369679869903, 'deming_slope': 1.316569304744142, 'deming_intercept': -0.03871734355534501, 'beta_sum': 1.138063907623291, 'beta_l1': 1.923107385635376, 'beta_l2': 0.09496934711933136, 'beta_min': -0.008035465143620968, 'beta_max': 0.019524557515978813, 'beta_neg_frac': 0.325, 'offline_data_id': 49, 'benchmark_id': 9, 'benchmark_point_source': 'support_safe_target_policy_draw', 'target_set_size': 100, 'benchmark_z_path': 'data/Z_true.pt', 'projected_bellman_test_risk': 0.018921038135886192, 'oracle_embedding_risk': 0.7605507373809814, 'benchmark_embedding_risk': 0.7605507373809814, 'risk_bellman_final': 0.8712414112069524, 'risk_obj_final': 12.246228218078615, 'B_num_rows': 3074, 'B_num_cols': 800, 'B_min_dim': 800, 'B_numerical_rank': 800, 'B_rank_fraction': 1.0, 'B_rank_tolerance': 3.4652225522791014e-05, 'B_stable_rank': 269.10504150390625, 'B_effective_rank': 771.450504107428, 'B_entropy_rank': 6.648272514343262, 'B_spectral_norm': 0.0945621132850647, 'B_frobenius_norm': 1.5512367486953735, 'B_nuclear_norm': 42.37915802001953, 'B_condition_number': 3.5092079329330748, 'B_condition_number_tol': 3.5092079329330748, 'B_smallest_singular_value': 0.02694685384631157, 'B_rank_rel_1em2': 800, 'B_rank_rel_1em3': 800, 'B_rank_rel_1em4': 800}
Replicate 49 finished in 24.0s
Finished combo 0, offline replicate 49.
