Job ID:    2358926
Array idx: 148
CPUs/node: 64
Mem/node:  131072
Using CC = cc 
Using CXX = CC 
Using FC = ftn 
Using F77 = ftn 
Using F90 = ftn 
cuda/12.6.1 is deprecated; loading cudatoolkit/25.5_12.9 instead.
Using CC = /opt/nvidia/hpc_sdk/Linux_aarch64/25.5/compilers/bin/nvc 
Using CXX = /opt/nvidia/hpc_sdk/Linux_aarch64/25.5/compilers/bin/nvc++ 
Using FC = /opt/nvidia/hpc_sdk/Linux_aarch64/25.5/compilers/bin/nvfortran 
Using F77 = /opt/nvidia/hpc_sdk/Linux_aarch64/25.5/compilers/bin/nvfortran 
Using F90 = /opt/nvidia/hpc_sdk/Linux_aarch64/25.5/compilers/bin/nvfortran 
Using CC = /opt/nvidia/hpc_sdk/Linux_aarch64/25.5/compilers/bin/nvc 
Using CXX = /opt/nvidia/hpc_sdk/Linux_aarch64/25.5/compilers/bin/nvc++ 
Using FC = /opt/nvidia/hpc_sdk/Linux_aarch64/25.5/compilers/bin/nvfortran 
Using F77 = /opt/nvidia/hpc_sdk/Linux_aarch64/25.5/compilers/bin/nvfortran 
Using F90 = /opt/nvidia/hpc_sdk/Linux_aarch64/25.5/compilers/bin/nvfortran 

Lmod is automatically replacing "gcc-native/14" with "gcc/14.2.0".

ghx4
0
Tuning combo id: 1 / 6
Offline replicate id: 48 / 99
Installing ke_drl from git: https://github.com/mehrdadmhmdi/ke-drl.git@main
Collecting git+https://github.com/mehrdadmhmdi/ke-drl.git@main
  Cloning https://github.com/mehrdadmhmdi/ke-drl.git (to revision main) to /tmp/pip-req-build-340e1_or
  Running command git clone --filter=blob:none --quiet https://github.com/mehrdadmhmdi/ke-drl.git /tmp/pip-req-build-340e1_or
  Resolved https://github.com/mehrdadmhmdi/ke-drl.git to commit 3c5d570e40ea15b1fbe4817b5f43b64c7b333e82
  Installing build dependencies: started
  Installing build dependencies: finished with status 'done'
  Getting requirements to build wheel: started
  Getting requirements to build wheel: finished with status 'done'
  Preparing metadata (pyproject.toml): started
  Preparing metadata (pyproject.toml): finished with status 'done'
Building wheels for collected packages: ke_drl
  Building wheel for ke_drl (pyproject.toml): started
  Building wheel for ke_drl (pyproject.toml): finished with status 'done'
  Created wheel for ke_drl: filename=ke_drl-0.1.0-py3-none-any.whl size=47219 sha256=46b3691f0e4323bc8f5964f41bca4752ffc5df583b207e508d26b0d5712633dc
  Stored in directory: /tmp/pip-ephem-wheel-cache-njsse75p/wheels/24/47/ad/9a4ffd3b05d3e90e35ffc6e7324b735b8bfcf5f51aaf29a333
Successfully built ke_drl
Installing collected packages: ke_drl
Successfully installed ke_drl-0.1.0
Installed ke_drl source: /work/nvme/bfez/mehrdad3/DistRL/simulation_3/runs/sim3_global_2358722_1/.kedrl_site_148/ke_drl/__init__.py
Tuning combo 1: lambda_B_0.002
Overrides: {'lambda_B': 0.002}
RUN: /sw/user/python/miniforge3-pytorch-24.11.3/bin/python3 validate_sim_config.py --params params.yaml
ke_drl import source: /work/nvme/bfez/mehrdad3/DistRL/simulation_3/runs/sim3_global_2358722_1/.kedrl_site_148/ke_drl/__init__.py
ke_drl package API OK: prediction weights, RFF operators, rank diagnostics, and best-checkpoint optimizer available
Policy config OK: behavior=uniform, target=logistic, state_dim=5, action_dim=1
Note: policy.logistic.theta_scale/theta_std are log-scale coefficients in Probability_Densities.
Behavior-policy linearized state-process diagnostic: spectral_radius=0.653, offline_burn_in=50
Replicate config OK: num_replicates=100, benchmark points=10 independent of D_i, loss target points=100
Transition reduction OK: method=kmeans, raw rows N(T-1)=12000, target rows about 3000, B rows reduced from 12000 to about 3000
Return-operator approximation OK: method=rff, features=512, exact G avoided for estimated N=12000, m=800, L=100
Fixed benchmark config rows=4 (benchmark.num_points=10; additional points are support-safe target-policy draws if needed)
Fixed benchmark point 0: s_star=[0.6, -0.8, 0.7, -0.5, 0.9], a_star=[0.5]
Fixed benchmark behavior-support interval for configured rows: min_lower=-0.12, max_upper=1.11
Fixed benchmark target-policy location range: [-0.02, 0.14]
Reusing shared data from /work/nvme/bfez/mehrdad3/DistRL/simulation_3/runs/sim3_shared_data/data for offline replicate 48.
RUN: /sw/user/python/miniforge3-pytorch-24.11.3/bin/python3 validate_sim_config.py --params params.yaml --data data/offline_data_48.pt
ke_drl import source: /work/nvme/bfez/mehrdad3/DistRL/simulation_3/runs/sim3_global_2358722_1/.kedrl_site_148/ke_drl/__init__.py
ke_drl package API OK: prediction weights, RFF operators, rank diagnostics, and best-checkpoint optimizer available
Policy config OK: behavior=uniform, target=logistic, state_dim=5, action_dim=1
Note: policy.logistic.theta_scale/theta_std are log-scale coefficients in Probability_Densities.
Behavior-policy linearized state-process diagnostic: spectral_radius=0.653, offline_burn_in=50
Replicate config OK: num_replicates=100, benchmark points=10 independent of D_i, loss target points=100
Transition reduction OK: method=kmeans, raw rows N(T-1)=12000, target rows about 3000, B rows reduced from 12000 to about 3000
Return-operator approximation OK: method=rff, features=512, exact G avoided for estimated N=12000, m=800, L=100
Fixed benchmark config rows=4 (benchmark.num_points=10; additional points are support-safe target-policy draws if needed)
Fixed benchmark point 0: s_star=[0.6, -0.8, 0.7, -0.5, 0.9], a_star=[0.5]
Fixed benchmark behavior-support interval for configured rows: min_lower=-0.12, max_upper=1.11
Fixed benchmark target-policy location range: [-0.02, 0.14]
Full benchmark support check OK: 10 points, min_lower=-2.177, max_upper=2.05
observed behavior actions: mean=0.4114, sd=0.6811, q0/q10/q50/q90/q100=[-2.1178033351898193, -0.4111135572195053, 0.3519994169473648, 1.329775929450989, 3.1166300773620605]
target-policy sampled actions: mean=-0.01653, sd=0.6748, q0/q10/q50/q90/q100=[-2.6244604397579296, -0.8822284413859848, -0.019043008560058212, 0.856096782355762, 2.478369423285378]
behavior uniform lower: mean=-0.1156, sd=0.6681, q0/q10/q50/q90/q100=[-2.8201640009880067, -0.9678286991268397, -0.11629700064659124, 0.7408214703202247, 2.350423359870911]
behavior uniform upper: mean=0.9322, sd=0.6532, q0/q10/q50/q90/q100=[-0.8766178190708159, 0.07304148554801933, 0.949714082479477, 1.7756380164623262, 3.350423359870911]
target location inside behavior uniform support: 0.969
RUN: /sw/user/python/miniforge3-pytorch-24.11.3/bin/python3 main_est.py
# ================================================================ #
#   Global KE-DRL estimation for one offline replicate              #
# ================================================================ #
Slurm Job ID: 2358926
Slurm Array ID: 48 -- used as the offline-replicate id
Offline data id: 48
ke_drl import source: /work/nvme/bfez/mehrdad3/DistRL/simulation_3/runs/sim3_global_2358722_1/.kedrl_site_148/ke_drl/__init__.py
Estimator device: cuda (NVIDIA GH200 120GB, capability 9.0); torch CUDA=13.0
Random seed: 20460560
Number of offline replicates: 100
[transition reduction] enabled: original rows=12000, target basis=3000, method=kmeans, device=cuda
[transition reduction] kmeans iter 1/20, mean center shift=2.7090e-01
[transition reduction] kmeans iter 5/20, mean center shift=5.4328e-03
[transition reduction] kmeans iter 10/20, mean center shift=5.8175e-08
[transition reduction] selected 3074 rows from 12000 transitions (ratio 0.2562); indices saved to data/reduced_transition_indices_48.pt
Data and parameters loaded.
offline path: data/offline_data_48.pt
benchmark true-Z path: data/Z_true.pt
offline shapes after reduction: s0=(3074, 5), a0=(3074, 1), r0=(3074, 3)
transition reduction: {'enabled': True, 'method': 'kmeans', 'original_rows': 12000, 'reduced_rows': 3074, 'selected_indices_path': 'data/reduced_transition_indices_48.pt', 'target_basis': 3000, 'compression_ratio': 0.25616666666666665}
fixed benchmark point source: fixed_config_plus_support_safe_target_policy_draws
benchmark row excluded from this offline data: None
global loss target set shape: s_star=(100, 5), a_star=(100, 1)
benchmark true-Z count=10, shape each=(50000, 3)
target policy: logistic
behavior policy: uniform
lambda_Gamma=0.005, lambda_B=0.002, d_r_method=song
dtype=torch.float32, operator_method=rff, operator_num_features=512
ridge_mode=rkhs, diagnostic_interval=50
mass_anchor_lambda=1.0, target_mass=1.0
uLSIF basis: source=numerator, n_basis=512, lambda_reg=0.005
optimizer stabilizers: lambda_neg=0.0, max_B_norm=None, eta_clip_min=0.0, eta_clip_max=5.0, normalize_eta=True
========================================
Estimating the global KE-DRL mean embedding
torch device=cuda, dtype=torch.float32
Data dims: N=3074, L=100, Ds=5, Da=1, Dr=3
lambda_Gamma=0.005, lambda_B=0.002
return-operator construction: method=rff, rff_features=512
[uLSIF] basis=512/3074 (numerator); eta_hat min=-8.231e-01 max=4.912e+00 neg%=4.59
ESS for eta_plus: 2135.0 / 3074
eta_plus diagnostics: raw_mean=1, raw_min=-0.823, raw_max=4.91; used_mean=1, used_min=0, used_max=4.85
[timing] Z-grid: 0.06s
[timing] K_X: 0.00s
[timing] K_plus: 0.00s
[timing] k_star: 0.00s
[timing] Gamma_stack: 0.03s
[timing] Phi_stack: 0.00s
[timing] RFF feature sample: 0.00s
[timing] K_Z RFF: 0.00s
[timing] G_stack RFF: 0.01s
[timing] H_stack RFF: 0.01s
findfont: Font family 'Nimbus Roman' not found.
findfont: Font family 'Nimbus Roman' not found.
findfont: Font family 'Nimbus Roman' not found.
findfont: Font family 'Nimbus Roman' not found.
findfont: Font family 'Nimbus Roman' not found.
findfont: Font family 'Nimbus Roman' not found.
findfont: Font family 'Nimbus Roman' not found.
findfont: Font family 'Nimbus Roman' not found.
findfont: Font family 'Nimbus Roman' not found.
findfont: Font family 'Nimbus Roman' not found.
findfont: Font family 'Nimbus Roman' not found.
findfont: Font family 'Nimbus Roman' not found.
findfont: Font family 'Nimbus Roman' not found.
findfont: Font family 'Nimbus Roman' not found.
findfont: Font family 'Nimbus Roman' not found.
findfont: Font family 'Nimbus Roman' not found.
findfont: Font family 'Nimbus Roman' not found.
findfont: Font family 'Nimbus Roman' not found.
findfont: Font family 'Nimbus Roman' not found.
findfont: Font family 'Nimbus Roman' not found.
findfont: Font family 'Nimbus Roman' not found.
findfont: Font family 'Nimbus Roman' not found.
findfont: Font family 'Nimbus Roman' not found.
findfont: Font family 'Nimbus Roman' not found.
findfont: Font family 'Nimbus Roman' not found.
findfont: Font family 'Nimbus Roman' not found.
findfont: Font family 'Nimbus Roman' not found.
findfont: Font family 'Nimbus Roman' not found.
findfont: Font family 'Nimbus Roman' not found.
findfont: Font family 'Nimbus Roman' not found.
findfont: Font family 'Nimbus Roman' not found.
findfont: Font family 'Nimbus Roman' not found.
findfont: Font family 'Nimbus Roman' not found.
findfont: Font family 'Nimbus Roman' not found.
findfont: Font family 'Nimbus Roman' not found.
findfont: Font family 'Nimbus Roman' not found.
findfont: Font family 'Nimbus Roman' not found.
findfont: Font family 'Nimbus Roman' not found.
findfont: Font family 'Nimbus Roman' not found.
findfont: Font family 'Nimbus Roman' not found.
findfont: Font family 'Nimbus Roman' not found.
findfont: Font family 'Nimbus Roman' not found.
findfont: Font family 'Nimbus Roman' not found.
findfont: Font family 'Nimbus Roman' not found.
findfont: Font family 'Nimbus Roman' not found.
findfont: Font family 'Nimbus Roman' not found.
findfont: Font family 'Nimbus Roman' not found.
findfont: Font family 'Nimbus Roman' not found.
findfont: Font family 'Nimbus Roman' not found.
findfont: Font family 'Nimbus Roman' not found.
findfont: Font family ['Nimbus Roman'] not found. Falling back to DejaVu Sans.
findfont: Font family 'Nimbus Roman' not found.
findfont: Font family ['Nimbus Roman'] not found. Falling back to DejaVu Sans.
findfont: Font family 'Nimbus Roman' not found.
findfont: Font family 'Nimbus Roman' not found.
findfont: Font family 'Nimbus Roman' not found.
findfont: Font family 'Nimbus Roman' not found.
findfont: Font family 'Nimbus Roman' not found.
findfont: Font family 'Nimbus Roman' not found.
findfont: Font family 'Nimbus Roman' not found.
findfont: Font family 'Nimbus Roman' not found.
findfont: Font family 'Nimbus Roman' not found.
findfont: Font family 'Nimbus Roman' not found.
findfont: Font family 'Nimbus Roman' not found.
findfont: Font family 'Nimbus Roman' not found.
findfont: Font family ['Nimbus Roman'] not found. Falling back to DejaVu Sans.
findfont: Font family 'Nimbus Roman' not found.
findfont: Font family 'Nimbus Roman' not found.
findfont: Font family 'Nimbus Roman' not found.
findfont: Font family 'Nimbus Roman' not found.
findfont: Font family 'Nimbus Roman' not found.
findfont: Font family 'Nimbus Roman' not found.
findfont: Font family 'Nimbus Roman' not found.
findfont: Font family 'Nimbus Roman' not found.
findfont: Font family 'Nimbus Roman' not found.
findfont: Font family 'Nimbus Roman' not found.
findfont: Font family 'Nimbus Roman' not found.
findfont: Font family 'Nimbus Roman' not found.
findfont: Font family 'Nimbus Roman' not found.
findfont: Font family 'Nimbus Roman' not found.
findfont: Font family 'Nimbus Roman' not found.
findfont: Font family 'Nimbus Roman' not found.
findfont: Font family 'Nimbus Roman' not found.
findfont: Font family 'Nimbus Roman' not found.
findfont: Font family 'Nimbus Roman' not found.
findfont: Font family 'Nimbus Roman' not found.
findfont: Font family 'Nimbus Roman' not found.
findfont: Font family 'Nimbus Roman' not found.
findfont: Font family 'Nimbus Roman' not found.
findfont: Font family 'Nimbus Roman' not found.
findfont: Font family 'Nimbus Roman' not found.
findfont: Font family 'Nimbus Roman' not found.
findfont: Font family 'Nimbus Roman' not found.
findfont: Font family 'Nimbus Roman' not found.
findfont: Font family 'Nimbus Roman' not found.
findfont: Font family 'Nimbus Roman' not found.
findfont: Font family 'Nimbus Roman' not found.
findfont: Font family 'Nimbus Roman' not found.
findfont: Font family 'Nimbus Roman' not found.
findfont: Font family 'Nimbus Roman' not found.
findfont: Font family 'Nimbus Roman' not found.
findfont: Font family 'Nimbus Roman' not found.
findfont: Font family 'Nimbus Roman' not found.
findfont: Font family 'Nimbus Roman' not found.
findfont: Font family 'Nimbus Roman' not found.
findfont: Font family 'Nimbus Roman' not found.
findfont: Font family 'Nimbus Roman' not found.
findfont: Font family 'Nimbus Roman' not found.
findfont: Font family 'Nimbus Roman' not found.
findfont: Font family 'Nimbus Roman' not found.
findfont: Font family 'Nimbus Roman' not found.
findfont: Font family 'Nimbus Roman' not found.
findfont: Font family 'Nimbus Roman' not found.
findfont: Font family 'Nimbus Roman' not found.
findfont: Font family 'Nimbus Roman' not found.
findfont: Font family 'Nimbus Roman' not found.
findfont: Font family 'Nimbus Roman' not found.
findfont: Font family 'Nimbus Roman' not found.
findfont: Font family 'Nimbus Roman' not found.
findfont: Font family 'Nimbus Roman' not found.
findfont: Font family 'Nimbus Roman' not found.
findfont: Font family 'Nimbus Roman' not found.
findfont: Font family 'Nimbus Roman' not found.
findfont: Font family 'Nimbus Roman' not found.
findfont: Font family 'Nimbus Roman' not found.
findfont: Font family 'Nimbus Roman' not found.
findfont: Font family 'Nimbus Roman' not found.
findfont: Font family 'Nimbus Roman' not found.
findfont: Font family 'Nimbus Roman' not found.
findfont: Font family 'Nimbus Roman' not found.
findfont: Font family 'Nimbus Roman' not found.
findfont: Font family 'Nimbus Roman' not found.
findfont: Font family 'Nimbus Roman' not found.
findfont: Font family 'Nimbus Roman' not found.
findfont: Font family 'Nimbus Roman' not found.
findfont: Font family 'Nimbus Roman' not found.
findfont: Font family 'Nimbus Roman' not found.
findfont: Font family 'Nimbus Roman' not found.
findfont: Font family 'Nimbus Roman' not found.
findfont: Font family 'Nimbus Roman' not found.
findfont: Font family 'Nimbus Roman' not found.
findfont: Font family 'Nimbus Roman' not found.
findfont: Font family 'Nimbus Roman' not found.
findfont: Font family 'Nimbus Roman' not found.
findfont: Font family 'Nimbus Roman' not found.
findfont: Font family 'Nimbus Roman' not found.
findfont: Font family 'Nimbus Roman' not found.
findfont: Font family 'Nimbus Roman' not found.
findfont: Font family 'Nimbus Roman' not found.
findfont: Font family 'Nimbus Roman' not found.
findfont: Font family 'Nimbus Roman' not found.
findfont: Font family 'Nimbus Roman' not found.
findfont: Font family 'Nimbus Roman' not found.
Ridge mode: rkhs; diagnostic interval: 50
Iter 1/4000 | log_obj=9.864e+00 | log_Bellman_root=3.534e+00 | mass=1.81e+04 | neg=0.00e+00 | grad=4.08e+02
Iter 400/4000 | log_obj=6.125e+00 | log_Bellman_root=1.660e+00 | mass=4.30e+02 | neg=0.00e+00 | grad=4.89e+03
Iter 800/4000 | log_obj=6.127e+00 | log_Bellman_root=1.660e+00 | mass=4.30e+02 | neg=0.00e+00 | grad=4.89e+03
Iter 1200/4000 | log_obj=2.061e+00 | log_Bellman_root=-3.816e-01 | mass=7.38e+00 | neg=0.00e+00 | grad=1.04e+04
Iter 1600/4000 | log_obj=4.477e+00 | log_Bellman_root=8.380e-01 | mass=8.27e+01 | neg=0.00e+00 | grad=3.31e+03
Iter 2000/4000 | log_obj=4.477e+00 | log_Bellman_root=8.376e-01 | mass=8.26e+01 | neg=0.00e+00 | grad=3.31e+03
Iter 2400/4000 | log_obj=3.277e+00 | log_Bellman_root=2.594e-01 | mass=2.48e+01 | neg=0.00e+00 | grad=4.62e+03
Iter 2800/4000 | log_obj=2.010e+00 | log_Bellman_root=-3.632e-01 | mass=6.98e+00 | neg=0.00e+00 | grad=6.84e+02
Iter 3200/4000 | log_obj=9.596e-01 | log_Bellman_root=-6.751e-01 | mass=2.35e+00 | neg=0.00e+00 | grad=1.52e+03
Iter 3600/4000 | log_obj=1.852e+00 | log_Bellman_root=-4.540e-01 | mass=5.97e+00 | neg=0.00e+00 | grad=6.33e+02
Iter 4000/4000 | log_obj=6.256e-01 | log_Bellman_root=-1.053e+00 | mass=1.74e+00 | neg=0.00e+00 | grad=1.43e+03
Returning best diagnostic checkpoint from step 3450 (objective=1.039e+00, Bellman=9.096e-02).
Done in 14.29s.
KE-DRL global estimation is done.
B_hat shape: (3074, 800)
B_hat rank diagnostics: {'B_num_rows': 3074, 'B_num_cols': 800, 'B_min_dim': 800, 'B_numerical_rank': 800, 'B_rank_fraction': 1.0, 'B_rank_tolerance': 3.6009954017757195e-05, 'B_stable_rank': 254.7425537109375, 'B_effective_rank': 771.4865548638232, 'B_entropy_rank': 6.648319244384766, 'B_spectral_norm': 0.09826720505952835, 'B_frobenius_norm': 1.5684090852737427, 'B_nuclear_norm': 42.84962463378906, 'B_condition_number': 3.5977155713530022, 'B_condition_number_tol': 3.5977155713530022, 'B_smallest_singular_value': 0.027313778176903725, 'B_rank_rel_1em2': 800, 'B_rank_rel_1em3': 800, 'B_rank_rel_1em4': 800}
Global-loss target mass diagnostics: {'target_mass_mean': 1.7950140237808228, 'target_mass_min': 0.7681117057800293, 'target_mass_max': 2.884354591369629, 'target_mass_sd': 0.5615615844726562, 'target_mass_rmse_to_target': 0.9717227816581726, 'target_beta_min': -0.03917640447616577, 'target_beta_max': 0.09733351320028305, 'target_neg_frac_mean': 0.40629999999999994}
Return dictionary Z_grid shape: (800, 3)
Replicate 48 risk metrics: {'risk_n_steps_recorded': 81.0, 'risk_n_diagnostics_recorded': 81.0, 'risk_log_obj_initial': 9.864220541436113, 'risk_log_obj_final': 0.6256236586067657, 'risk_log_obj_min': 0.038358559311389255, 'risk_obj_initial': 19229.87890625, 'risk_obj_final': 1.8694114685058594, 'risk_obj_min': 1.0391037464141846, 'risk_log_obj_drop': 9.238596882829347, 'risk_log_bellman_root_initial': 3.533591666130461, 'risk_log_bellman_root_final': -1.0530192459056713, 'risk_log_bellman_root_min': -1.1986884943072516, 'risk_bellman_root_initial': 34.24674987792968, 'risk_bellman_root_final': 0.348882794380188, 'risk_bellman_root_min': 0.3015894889831543, 'risk_bellman_initial': 1172.8398772014768, 'risk_bellman_final': 0.12171920421452855, 'risk_bellman_min': 0.09095621986512013, 'risk_log_bellman_root_drop': 4.586610912036132, 'risk_bellman_returned': 0.09095621854066849, 'risk_obj_returned': 1.0391037464141846, 'risk_returned_step': 3450.0, 'offline_data_id': 48, 'benchmark_point_source': 'fixed_config_plus_support_safe_target_policy_draws', 'target_set_size': 100, 'lambda_reg': 0.005, 'lambda_B': 0.002, 'num_steps': 4000, 'transition_reduction_enabled': 1, 'transition_reduction_method': 'kmeans', 'transition_original_rows': 12000, 'transition_reduced_rows': 3074, 'transition_compression_ratio': 0.25616666666666665, 'target_mass_mean': 1.7950140237808228, 'target_mass_min': 0.7681117057800293, 'target_mass_max': 2.884354591369629, 'target_mass_sd': 0.5615615844726562, 'target_mass_rmse_to_target': 0.9717227816581726, 'target_beta_min': -0.03917640447616577, 'target_beta_max': 0.09733351320028305, 'target_neg_frac_mean': 0.40629999999999994, 'B_num_rows': 3074, 'B_num_cols': 800, 'B_min_dim': 800, 'B_numerical_rank': 800, 'B_rank_fraction': 1.0, 'B_rank_tolerance': 3.6009954017757195e-05, 'B_stable_rank': 254.7425537109375, 'B_effective_rank': 771.4865548638232, 'B_entropy_rank': 6.648319244384766, 'B_spectral_norm': 0.09826720505952835, 'B_frobenius_norm': 1.5684090852737427, 'B_nuclear_norm': 42.84962463378906, 'B_condition_number': 3.5977155713530022, 'B_condition_number_tol': 3.5977155713530022, 'B_smallest_singular_value': 0.027313778176903725, 'B_rank_rel_1em2': 800, 'B_rank_rel_1em3': 800, 'B_rank_rel_1em4': 800, 'risk_objective_final_raw': 1.8694114685058594, 'risk_objective_min_raw': 1.0391037464141846, 'risk_objective_max_raw': 19229.87890625, 'risk_bellman_final_raw': 0.12171921133995056, 'risk_bellman_min_raw': 0.09095621854066849, 'risk_bellman_max_raw': 1172.8399658203125, 'risk_rkhs_ridge_final_raw': 0.0037003429606556892, 'risk_rkhs_ridge_min_raw': 0.0037003429606556892, 'risk_rkhs_ridge_max_raw': 0.2332502007484436, 'risk_mass_final_raw': 1.7439919710159302, 'risk_mass_min_raw': 0.9442451000213623, 'risk_mass_max_raw': 18056.806640625, 'risk_negativity_final_raw': 0.0, 'risk_negativity_min_raw': 0.0, 'risk_negativity_max_raw': 0.0, 'risk_B_norm_final_raw': 1.5680361986160278, 'risk_B_norm_min_raw': 1.5680361986160278, 'risk_B_norm_max_raw': 1.6381080150604248, 'risk_diagnostic_step_final_raw': 4000.0, 'risk_diagnostic_step_min_raw': 1.0, 'risk_diagnostic_step_max_raw': 4000.0, 'risk_best_step_final_raw': 3450.0, 'risk_best_step_min_raw': 3450.0, 'risk_best_step_max_raw': 3450.0, 'risk_best_objective_final_raw': 1.0391037464141846, 'risk_best_objective_min_raw': 1.0391037464141846, 'risk_best_objective_max_raw': 1.0391037464141846, 'risk_best_bellman_final_raw': 0.09095621854066849, 'risk_best_bellman_min_raw': 0.09095621854066849, 'risk_best_bellman_max_raw': 0.09095621854066849, 'risk_returned_step_final_raw': 3450.0, 'risk_returned_step_min_raw': 3450.0, 'risk_returned_step_max_raw': 3450.0, 'risk_returned_objective_final_raw': 1.0391037464141846, 'risk_returned_objective_min_raw': 1.0391037464141846, 'risk_returned_objective_max_raw': 1.0391037464141846, 'risk_returned_bellman_final_raw': 0.09095621854066849, 'risk_returned_bellman_min_raw': 0.09095621854066849, 'risk_returned_bellman_max_raw': 0.09095621854066849, 'risk_returned_best_checkpoint_final_raw': 1.0, 'risk_returned_best_checkpoint_min_raw': 1.0, 'risk_returned_best_checkpoint_max_raw': 1.0}
Benchmark 0 evaluation grid shape: (800, 3)
Replicate 48, benchmark 0 metrics: {'run_id': '48_b0', 'RMSE': 0.208198269891517, 'MAE': 0.1593164000777324, 'SupNorm': 0.5210842490196228, 'Bias': 0.13796302283175466, 'Corr': 0.6268350507671672, 'deming_slope': 2.8734425878878582, 'deming_intercept': -0.3532897749702302, 'beta_sum': 1.7591097354888916, 'beta_l1': 4.823990821838379, 'beta_l2': 0.21710523962974548, 'beta_min': -0.023274246603250504, 'beta_max': 0.02753496542572975, 'beta_neg_frac': 0.3875, 'offline_data_id': 48, 'benchmark_id': 0, 'benchmark_point_source': 'fixed_config', 'target_set_size': 100, 'benchmark_z_path': 'data/Z_true.pt', 'projected_bellman_test_risk': 0.016084205359220505, 'oracle_embedding_risk': 1.0976221561431885, 'benchmark_embedding_risk': 1.0976221561431885, 'risk_bellman_final': 0.12171920421452855, 'risk_obj_final': 1.8694114685058594, 'B_num_rows': 3074, 'B_num_cols': 800, 'B_min_dim': 800, 'B_numerical_rank': 800, 'B_rank_fraction': 1.0, 'B_rank_tolerance': 3.6009954017757195e-05, 'B_stable_rank': 254.7425537109375, 'B_effective_rank': 771.4865548638232, 'B_entropy_rank': 6.648319244384766, 'B_spectral_norm': 0.09826720505952835, 'B_frobenius_norm': 1.5684090852737427, 'B_nuclear_norm': 42.84962463378906, 'B_condition_number': 3.5977155713530022, 'B_condition_number_tol': 3.5977155713530022, 'B_smallest_singular_value': 0.027313778176903725, 'B_rank_rel_1em2': 800, 'B_rank_rel_1em3': 800, 'B_rank_rel_1em4': 800}
Saved ./mu/mu_hat.csv shape=(800,)
Saved ./mu/mu2D_hat_dims01.csv shape=(120, 120)
Saved ./mu/mu2D_hat_dims01.csv shape=(120, 120)
Saved plots/replicate_48/mu_3D.png
Benchmark 1 evaluation grid shape: (800, 3)
Replicate 48, benchmark 1 metrics: {'run_id': '48_b1', 'RMSE': 0.5617902162387379, 'MAE': 0.5138467078786926, 'SupNorm': 0.9463023543357849, 'Bias': 0.5138467078786926, 'Corr': 0.990721167452381, 'deming_slope': 3.3844192395752324, 'deming_intercept': -0.10737624283923497, 'beta_sum': 2.599160671234131, 'beta_l1': 8.50377082824707, 'beta_l2': 0.3766782879829407, 'beta_min': -0.03461558371782303, 'beta_max': 0.0390297994017601, 'beta_neg_frac': 0.40625, 'offline_data_id': 48, 'benchmark_id': 1, 'benchmark_point_source': 'fixed_config', 'target_set_size': 100, 'benchmark_z_path': 'data/Z_true.pt', 'projected_bellman_test_risk': 0.2367076724767685, 'oracle_embedding_risk': 1.8124130964279175, 'benchmark_embedding_risk': 1.8124130964279175, 'risk_bellman_final': 0.12171920421452855, 'risk_obj_final': 1.8694114685058594, 'B_num_rows': 3074, 'B_num_cols': 800, 'B_min_dim': 800, 'B_numerical_rank': 800, 'B_rank_fraction': 1.0, 'B_rank_tolerance': 3.6009954017757195e-05, 'B_stable_rank': 254.7425537109375, 'B_effective_rank': 771.4865548638232, 'B_entropy_rank': 6.648319244384766, 'B_spectral_norm': 0.09826720505952835, 'B_frobenius_norm': 1.5684090852737427, 'B_nuclear_norm': 42.84962463378906, 'B_condition_number': 3.5977155713530022, 'B_condition_number_tol': 3.5977155713530022, 'B_smallest_singular_value': 0.027313778176903725, 'B_rank_rel_1em2': 800, 'B_rank_rel_1em3': 800, 'B_rank_rel_1em4': 800}
Benchmark 2 evaluation grid shape: (800, 3)
Replicate 48, benchmark 2 metrics: {'run_id': '48_b2', 'RMSE': 0.5710207517062232, 'MAE': 0.5217407662604819, 'SupNorm': 0.9590112864971161, 'Bias': 0.5217407662604819, 'Corr': 0.9425432588199502, 'deming_slope': 3.596863936870109, 'deming_intercept': -0.1743059849837295, 'beta_sum': 2.660958766937256, 'beta_l1': 8.303489685058594, 'beta_l2': 0.37076491117477417, 'beta_min': -0.0333193838596344, 'beta_max': 0.0437559112906456, 'beta_neg_frac': 0.39875, 'offline_data_id': 48, 'benchmark_id': 2, 'benchmark_point_source': 'fixed_config', 'target_set_size': 100, 'benchmark_z_path': 'data/Z_true.pt', 'projected_bellman_test_risk': 0.19207218289375305, 'oracle_embedding_risk': 1.8610447645187378, 'benchmark_embedding_risk': 1.8610447645187378, 'risk_bellman_final': 0.12171920421452855, 'risk_obj_final': 1.8694114685058594, 'B_num_rows': 3074, 'B_num_cols': 800, 'B_min_dim': 800, 'B_numerical_rank': 800, 'B_rank_fraction': 1.0, 'B_rank_tolerance': 3.6009954017757195e-05, 'B_stable_rank': 254.7425537109375, 'B_effective_rank': 771.4865548638232, 'B_entropy_rank': 6.648319244384766, 'B_spectral_norm': 0.09826720505952835, 'B_frobenius_norm': 1.5684090852737427, 'B_nuclear_norm': 42.84962463378906, 'B_condition_number': 3.5977155713530022, 'B_condition_number_tol': 3.5977155713530022, 'B_smallest_singular_value': 0.027313778176903725, 'B_rank_rel_1em2': 800, 'B_rank_rel_1em3': 800, 'B_rank_rel_1em4': 800}
Benchmark 3 evaluation grid shape: (800, 3)
Replicate 48, benchmark 3 metrics: {'run_id': '48_b3', 'RMSE': 0.513950508825426, 'MAE': 0.46523225736105817, 'SupNorm': 0.8834582567214966, 'Bias': 0.46523225736105817, 'Corr': 0.9572876727713776, 'deming_slope': 3.3513447152854066, 'deming_intercept': -0.14435396537174172, 'beta_sum': 2.5030860900878906, 'beta_l1': 8.217428207397461, 'beta_l2': 0.36250877380371094, 'beta_min': -0.03247952088713646, 'beta_max': 0.03887437283992767, 'beta_neg_frac': 0.4025, 'offline_data_id': 48, 'benchmark_id': 3, 'benchmark_point_source': 'fixed_config', 'target_set_size': 100, 'benchmark_z_path': 'data/Z_true.pt', 'projected_bellman_test_risk': 0.2044733762741089, 'oracle_embedding_risk': 1.6923695802688599, 'benchmark_embedding_risk': 1.6923695802688599, 'risk_bellman_final': 0.12171920421452855, 'risk_obj_final': 1.8694114685058594, 'B_num_rows': 3074, 'B_num_cols': 800, 'B_min_dim': 800, 'B_numerical_rank': 800, 'B_rank_fraction': 1.0, 'B_rank_tolerance': 3.6009954017757195e-05, 'B_stable_rank': 254.7425537109375, 'B_effective_rank': 771.4865548638232, 'B_entropy_rank': 6.648319244384766, 'B_spectral_norm': 0.09826720505952835, 'B_frobenius_norm': 1.5684090852737427, 'B_nuclear_norm': 42.84962463378906, 'B_condition_number': 3.5977155713530022, 'B_condition_number_tol': 3.5977155713530022, 'B_smallest_singular_value': 0.027313778176903725, 'B_rank_rel_1em2': 800, 'B_rank_rel_1em3': 800, 'B_rank_rel_1em4': 800}
Benchmark 4 evaluation grid shape: (800, 3)
Replicate 48, benchmark 4 metrics: {'run_id': '48_b4', 'RMSE': 0.09187552062668596, 'MAE': 0.0780503330429201, 'SupNorm': 0.1873633861541748, 'Bias': -0.04943776647589402, 'Corr': 0.6659804180532434, 'deming_slope': 1.0095270931411908, 'deming_intercept': -0.0519777341286731, 'beta_sum': 1.1992151737213135, 'beta_l1': 4.508072376251221, 'beta_l2': 0.21832402050495148, 'beta_min': -0.022155284881591797, 'beta_max': 0.058079540729522705, 'beta_neg_frac': 0.4425, 'offline_data_id': 48, 'benchmark_id': 4, 'benchmark_point_source': 'support_safe_target_policy_draw', 'target_set_size': 100, 'benchmark_z_path': 'data/Z_true.pt', 'projected_bellman_test_risk': 0.033846065402030945, 'oracle_embedding_risk': 0.8448461294174194, 'benchmark_embedding_risk': 0.8448461294174194, 'risk_bellman_final': 0.12171920421452855, 'risk_obj_final': 1.8694114685058594, 'B_num_rows': 3074, 'B_num_cols': 800, 'B_min_dim': 800, 'B_numerical_rank': 800, 'B_rank_fraction': 1.0, 'B_rank_tolerance': 3.6009954017757195e-05, 'B_stable_rank': 254.7425537109375, 'B_effective_rank': 771.4865548638232, 'B_entropy_rank': 6.648319244384766, 'B_spectral_norm': 0.09826720505952835, 'B_frobenius_norm': 1.5684090852737427, 'B_nuclear_norm': 42.84962463378906, 'B_condition_number': 3.5977155713530022, 'B_condition_number_tol': 3.5977155713530022, 'B_smallest_singular_value': 0.027313778176903725, 'B_rank_rel_1em2': 800, 'B_rank_rel_1em3': 800, 'B_rank_rel_1em4': 800}
Benchmark 5 evaluation grid shape: (800, 3)
Replicate 48, benchmark 5 metrics: {'run_id': '48_b5', 'RMSE': 0.2268615427500083, 'MAE': 0.20783369254279024, 'SupNorm': 0.3758522495627403, 'Bias': -0.20675098504596462, 'Corr': 0.19563578113873803, 'deming_slope': 0.09258032021825083, 'deming_intercept': 0.026441902402629513, 'beta_sum': 0.4498220980167389, 'beta_l1': 0.7967613339424133, 'beta_l2': 0.03678276389837265, 'beta_min': -0.003093700623139739, 'beta_max': 0.005611055064946413, 'beta_neg_frac': 0.33375, 'offline_data_id': 48, 'benchmark_id': 5, 'benchmark_point_source': 'support_safe_target_policy_draw', 'target_set_size': 100, 'benchmark_z_path': 'data/Z_true.pt', 'projected_bellman_test_risk': 0.0031198998913168907, 'oracle_embedding_risk': 0.9463425278663635, 'benchmark_embedding_risk': 0.9463425278663635, 'risk_bellman_final': 0.12171920421452855, 'risk_obj_final': 1.8694114685058594, 'B_num_rows': 3074, 'B_num_cols': 800, 'B_min_dim': 800, 'B_numerical_rank': 800, 'B_rank_fraction': 1.0, 'B_rank_tolerance': 3.6009954017757195e-05, 'B_stable_rank': 254.7425537109375, 'B_effective_rank': 771.4865548638232, 'B_entropy_rank': 6.648319244384766, 'B_spectral_norm': 0.09826720505952835, 'B_frobenius_norm': 1.5684090852737427, 'B_nuclear_norm': 42.84962463378906, 'B_condition_number': 3.5977155713530022, 'B_condition_number_tol': 3.5977155713530022, 'B_smallest_singular_value': 0.027313778176903725, 'B_rank_rel_1em2': 800, 'B_rank_rel_1em3': 800, 'B_rank_rel_1em4': 800}
Benchmark 6 evaluation grid shape: (800, 3)
Replicate 48, benchmark 6 metrics: {'run_id': '48_b6', 'RMSE': 0.26098783013553006, 'MAE': 0.2162795207288582, 'SupNorm': 0.5344586372375488, 'Bias': 0.21252172976383008, 'Corr': 0.7683951366452204, 'deming_slope': 2.678383414270928, 'deming_intercept': -0.2305567032434942, 'beta_sum': 1.8957277536392212, 'beta_l1': 6.019082069396973, 'beta_l2': 0.2699699401855469, 'beta_min': -0.0293723177164793, 'beta_max': 0.032427091151475906, 'beta_neg_frac': 0.38875, 'offline_data_id': 48, 'benchmark_id': 6, 'benchmark_point_source': 'support_safe_target_policy_draw', 'target_set_size': 100, 'benchmark_z_path': 'data/Z_true.pt', 'projected_bellman_test_risk': 0.03231247141957283, 'oracle_embedding_risk': 1.107125997543335, 'benchmark_embedding_risk': 1.107125997543335, 'risk_bellman_final': 0.12171920421452855, 'risk_obj_final': 1.8694114685058594, 'B_num_rows': 3074, 'B_num_cols': 800, 'B_min_dim': 800, 'B_numerical_rank': 800, 'B_rank_fraction': 1.0, 'B_rank_tolerance': 3.6009954017757195e-05, 'B_stable_rank': 254.7425537109375, 'B_effective_rank': 771.4865548638232, 'B_entropy_rank': 6.648319244384766, 'B_spectral_norm': 0.09826720505952835, 'B_frobenius_norm': 1.5684090852737427, 'B_nuclear_norm': 42.84962463378906, 'B_condition_number': 3.5977155713530022, 'B_condition_number_tol': 3.5977155713530022, 'B_smallest_singular_value': 0.027313778176903725, 'B_rank_rel_1em2': 800, 'B_rank_rel_1em3': 800, 'B_rank_rel_1em4': 800}
Benchmark 7 evaluation grid shape: (800, 3)
Replicate 48, benchmark 7 metrics: {'run_id': '48_b7', 'RMSE': 0.09826289209437902, 'MAE': 0.07593193066888489, 'SupNorm': 0.24352264404296875, 'Bias': 0.06030812641954981, 'Corr': 0.8300928017642216, 'deming_slope': 1.5561527464320002, 'deming_intercept': -0.08511758102062655, 'beta_sum': 1.2436769008636475, 'beta_l1': 6.165308475494385, 'beta_l2': 0.2793199121952057, 'beta_min': -0.023752335458993912, 'beta_max': 0.0593586191534996, 'beta_neg_frac': 0.43375, 'offline_data_id': 48, 'benchmark_id': 7, 'benchmark_point_source': 'support_safe_target_policy_draw', 'target_set_size': 100, 'benchmark_z_path': 'data/Z_true.pt', 'projected_bellman_test_risk': 0.016844645142555237, 'oracle_embedding_risk': 0.8216458559036255, 'benchmark_embedding_risk': 0.8216458559036255, 'risk_bellman_final': 0.12171920421452855, 'risk_obj_final': 1.8694114685058594, 'B_num_rows': 3074, 'B_num_cols': 800, 'B_min_dim': 800, 'B_numerical_rank': 800, 'B_rank_fraction': 1.0, 'B_rank_tolerance': 3.6009954017757195e-05, 'B_stable_rank': 254.7425537109375, 'B_effective_rank': 771.4865548638232, 'B_entropy_rank': 6.648319244384766, 'B_spectral_norm': 0.09826720505952835, 'B_frobenius_norm': 1.5684090852737427, 'B_nuclear_norm': 42.84962463378906, 'B_condition_number': 3.5977155713530022, 'B_condition_number_tol': 3.5977155713530022, 'B_smallest_singular_value': 0.027313778176903725, 'B_rank_rel_1em2': 800, 'B_rank_rel_1em3': 800, 'B_rank_rel_1em4': 800}
Benchmark 8 evaluation grid shape: (800, 3)
Replicate 48, benchmark 8 metrics: {'run_id': '48_b8', 'RMSE': 0.06962227625237524, 'MAE': 0.0594396745818085, 'SupNorm': 0.13534501194953918, 'Bias': -0.047974885630828794, 'Corr': 0.8553301427202289, 'deming_slope': 0.8424833469195325, 'deming_intercept': -0.006942713926664401, 'beta_sum': 0.9162672162055969, 'beta_l1': 3.404888153076172, 'beta_l2': 0.15410302579402924, 'beta_min': -0.013318453915417194, 'beta_max': 0.020194493234157562, 'beta_neg_frac': 0.425, 'offline_data_id': 48, 'benchmark_id': 8, 'benchmark_point_source': 'support_safe_target_policy_draw', 'target_set_size': 100, 'benchmark_z_path': 'data/Z_true.pt', 'projected_bellman_test_risk': 0.0199873149394989, 'oracle_embedding_risk': 0.7764325737953186, 'benchmark_embedding_risk': 0.7764325737953186, 'risk_bellman_final': 0.12171920421452855, 'risk_obj_final': 1.8694114685058594, 'B_num_rows': 3074, 'B_num_cols': 800, 'B_min_dim': 800, 'B_numerical_rank': 800, 'B_rank_fraction': 1.0, 'B_rank_tolerance': 3.6009954017757195e-05, 'B_stable_rank': 254.7425537109375, 'B_effective_rank': 771.4865548638232, 'B_entropy_rank': 6.648319244384766, 'B_spectral_norm': 0.09826720505952835, 'B_frobenius_norm': 1.5684090852737427, 'B_nuclear_norm': 42.84962463378906, 'B_condition_number': 3.5977155713530022, 'B_condition_number_tol': 3.5977155713530022, 'B_smallest_singular_value': 0.027313778176903725, 'B_rank_rel_1em2': 800, 'B_rank_rel_1em3': 800, 'B_rank_rel_1em4': 800}
Benchmark 9 evaluation grid shape: (800, 3)
Replicate 48, benchmark 9 metrics: {'run_id': '48_b9', 'RMSE': 0.14108411277549923, 'MAE': 0.11498857688973657, 'SupNorm': 0.2920258343219757, 'Bias': 0.11170295707066544, 'Corr': 0.8505143788519443, 'deming_slope': 1.7068624700486583, 'deming_intercept': -0.07615648739447273, 'beta_sum': 1.5171589851379395, 'beta_l1': 6.1096577644348145, 'beta_l2': 0.27208057045936584, 'beta_min': -0.027527110651135445, 'beta_max': 0.04595283418893814, 'beta_neg_frac': 0.425, 'offline_data_id': 48, 'benchmark_id': 9, 'benchmark_point_source': 'support_safe_target_policy_draw', 'target_set_size': 100, 'benchmark_z_path': 'data/Z_true.pt', 'projected_bellman_test_risk': 0.009506095200777054, 'oracle_embedding_risk': 0.8546239137649536, 'benchmark_embedding_risk': 0.8546239137649536, 'risk_bellman_final': 0.12171920421452855, 'risk_obj_final': 1.8694114685058594, 'B_num_rows': 3074, 'B_num_cols': 800, 'B_min_dim': 800, 'B_numerical_rank': 800, 'B_rank_fraction': 1.0, 'B_rank_tolerance': 3.6009954017757195e-05, 'B_stable_rank': 254.7425537109375, 'B_effective_rank': 771.4865548638232, 'B_entropy_rank': 6.648319244384766, 'B_spectral_norm': 0.09826720505952835, 'B_frobenius_norm': 1.5684090852737427, 'B_nuclear_norm': 42.84962463378906, 'B_condition_number': 3.5977155713530022, 'B_condition_number_tol': 3.5977155713530022, 'B_smallest_singular_value': 0.027313778176903725, 'B_rank_rel_1em2': 800, 'B_rank_rel_1em3': 800, 'B_rank_rel_1em4': 800}
Replicate 48 finished in 23.9s
Finished combo 1, offline replicate 48.
