Job ID:    2359494
Array idx: 673
CPUs/node: 64
Mem/node:  131072
Using CC = cc 
Using CXX = CC 
Using FC = ftn 
Using F77 = ftn 
Using F90 = ftn 
cuda/12.6.1 is deprecated; loading cudatoolkit/25.5_12.9 instead.
Using CC = /opt/nvidia/hpc_sdk/Linux_aarch64/25.5/compilers/bin/nvc 
Using CXX = /opt/nvidia/hpc_sdk/Linux_aarch64/25.5/compilers/bin/nvc++ 
Using FC = /opt/nvidia/hpc_sdk/Linux_aarch64/25.5/compilers/bin/nvfortran 
Using F77 = /opt/nvidia/hpc_sdk/Linux_aarch64/25.5/compilers/bin/nvfortran 
Using F90 = /opt/nvidia/hpc_sdk/Linux_aarch64/25.5/compilers/bin/nvfortran 
Using CC = /opt/nvidia/hpc_sdk/Linux_aarch64/25.5/compilers/bin/nvc 
Using CXX = /opt/nvidia/hpc_sdk/Linux_aarch64/25.5/compilers/bin/nvc++ 
Using FC = /opt/nvidia/hpc_sdk/Linux_aarch64/25.5/compilers/bin/nvfortran 
Using F77 = /opt/nvidia/hpc_sdk/Linux_aarch64/25.5/compilers/bin/nvfortran 
Using F90 = /opt/nvidia/hpc_sdk/Linux_aarch64/25.5/compilers/bin/nvfortran 

Lmod is automatically replacing "gcc-native/14" with "gcc/14.2.0".

ghx4
0
Tuning combo id: 6 / 6
Offline replicate id: 73 / 99
Installing ke_drl from git: https://github.com/mehrdadmhmdi/ke-drl.git@main
Collecting git+https://github.com/mehrdadmhmdi/ke-drl.git@main
  Cloning https://github.com/mehrdadmhmdi/ke-drl.git (to revision main) to /tmp/pip-req-build-ynz_8a4_
  Running command git clone --filter=blob:none --quiet https://github.com/mehrdadmhmdi/ke-drl.git /tmp/pip-req-build-ynz_8a4_
  Resolved https://github.com/mehrdadmhmdi/ke-drl.git to commit 3c5d570e40ea15b1fbe4817b5f43b64c7b333e82
  Installing build dependencies: started
  Installing build dependencies: finished with status 'done'
  Getting requirements to build wheel: started
  Getting requirements to build wheel: finished with status 'done'
  Preparing metadata (pyproject.toml): started
  Preparing metadata (pyproject.toml): finished with status 'done'
Building wheels for collected packages: ke_drl
  Building wheel for ke_drl (pyproject.toml): started
  Building wheel for ke_drl (pyproject.toml): finished with status 'done'
  Created wheel for ke_drl: filename=ke_drl-0.1.0-py3-none-any.whl size=47219 sha256=a1426ea3a74fc0dc9ba9e92838daadea806e9994dfc1d785e6bfd47ca6597d8d
  Stored in directory: /tmp/pip-ephem-wheel-cache-4jy_j7si/wheels/24/47/ad/9a4ffd3b05d3e90e35ffc6e7324b735b8bfcf5f51aaf29a333
Successfully built ke_drl
Installing collected packages: ke_drl
Successfully installed ke_drl-0.1.0
Installed ke_drl source: /work/nvme/bfez/mehrdad3/DistRL/simulation_3/runs/sim3_global_2358722_6/.kedrl_site_673/ke_drl/__init__.py
Tuning combo 6: lambda_B_0.2
Overrides: {'lambda_B': 0.2}
RUN: /sw/user/python/miniforge3-pytorch-24.11.3/bin/python3 validate_sim_config.py --params params.yaml
ke_drl import source: /work/nvme/bfez/mehrdad3/DistRL/simulation_3/runs/sim3_global_2358722_6/.kedrl_site_673/ke_drl/__init__.py
ke_drl package API OK: prediction weights, RFF operators, rank diagnostics, and best-checkpoint optimizer available
Policy config OK: behavior=uniform, target=logistic, state_dim=5, action_dim=1
Note: policy.logistic.theta_scale/theta_std are log-scale coefficients in Probability_Densities.
Behavior-policy linearized state-process diagnostic: spectral_radius=0.653, offline_burn_in=50
Replicate config OK: num_replicates=100, benchmark points=10 independent of D_i, loss target points=100
Transition reduction OK: method=kmeans, raw rows N(T-1)=12000, target rows about 3000, B rows reduced from 12000 to about 3000
Return-operator approximation OK: method=rff, features=512, exact G avoided for estimated N=12000, m=800, L=100
Fixed benchmark config rows=4 (benchmark.num_points=10; additional points are support-safe target-policy draws if needed)
Fixed benchmark point 0: s_star=[0.6, -0.8, 0.7, -0.5, 0.9], a_star=[0.5]
Fixed benchmark behavior-support interval for configured rows: min_lower=-0.12, max_upper=1.11
Fixed benchmark target-policy location range: [-0.02, 0.14]
Reusing shared data from /work/nvme/bfez/mehrdad3/DistRL/simulation_3/runs/sim3_shared_data/data for offline replicate 73.
RUN: /sw/user/python/miniforge3-pytorch-24.11.3/bin/python3 validate_sim_config.py --params params.yaml --data data/offline_data_73.pt
ke_drl import source: /work/nvme/bfez/mehrdad3/DistRL/simulation_3/runs/sim3_global_2358722_6/.kedrl_site_673/ke_drl/__init__.py
ke_drl package API OK: prediction weights, RFF operators, rank diagnostics, and best-checkpoint optimizer available
Policy config OK: behavior=uniform, target=logistic, state_dim=5, action_dim=1
Note: policy.logistic.theta_scale/theta_std are log-scale coefficients in Probability_Densities.
Behavior-policy linearized state-process diagnostic: spectral_radius=0.653, offline_burn_in=50
Replicate config OK: num_replicates=100, benchmark points=10 independent of D_i, loss target points=100
Transition reduction OK: method=kmeans, raw rows N(T-1)=12000, target rows about 3000, B rows reduced from 12000 to about 3000
Return-operator approximation OK: method=rff, features=512, exact G avoided for estimated N=12000, m=800, L=100
Fixed benchmark config rows=4 (benchmark.num_points=10; additional points are support-safe target-policy draws if needed)
Fixed benchmark point 0: s_star=[0.6, -0.8, 0.7, -0.5, 0.9], a_star=[0.5]
Fixed benchmark behavior-support interval for configured rows: min_lower=-0.12, max_upper=1.11
Fixed benchmark target-policy location range: [-0.02, 0.14]
Full benchmark support check OK: 10 points, min_lower=-2.177, max_upper=2.05
observed behavior actions: mean=0.3971, sd=0.6819, q0/q10/q50/q90/q100=[-2.1033997535705566, -0.4309987515211105, 0.3499430865049362, 1.3139639854431155, 2.946096420288086]
target-policy sampled actions: mean=-0.03384, sd=0.6793, q0/q10/q50/q90/q100=[-2.9373613698151466, -0.9103811395508773, -0.020751471149981354, 0.8175710433335937, 2.4147254486869327]
behavior uniform lower: mean=-0.1337, sd=0.6716, q0/q10/q50/q90/q100=[-3.0393630743026736, -0.998880675882101, -0.12027102857828137, 0.7040045109391213, 2.3014995217323304]
behavior uniform upper: mean=0.9301, sd=0.6435, q0/q10/q50/q90/q100=[-0.9481963396072387, 0.08215493038296702, 0.9508826211094856, 1.7482112646102905, 3.3014995217323304]
target location inside behavior uniform support: 0.968
RUN: /sw/user/python/miniforge3-pytorch-24.11.3/bin/python3 main_est.py
# ================================================================ #
#   Global KE-DRL estimation for one offline replicate              #
# ================================================================ #
Slurm Job ID: 2359494
Slurm Array ID: 73 -- used as the offline-replicate id
Offline data id: 73
ke_drl import source: /work/nvme/bfez/mehrdad3/DistRL/simulation_3/runs/sim3_global_2358722_6/.kedrl_site_673/ke_drl/__init__.py
Estimator device: cuda (NVIDIA GH200 120GB, capability 9.0); torch CUDA=13.0
Random seed: 20460585
Number of offline replicates: 100
[transition reduction] enabled: original rows=12000, target basis=3000, method=kmeans, device=cuda
[transition reduction] kmeans iter 1/20, mean center shift=2.7646e-01
[transition reduction] kmeans iter 5/20, mean center shift=4.2340e-03
[transition reduction] selected 3079 rows from 12000 transitions (ratio 0.2566); indices saved to data/reduced_transition_indices_73.pt
Data and parameters loaded.
offline path: data/offline_data_73.pt
benchmark true-Z path: data/Z_true.pt
offline shapes after reduction: s0=(3079, 5), a0=(3079, 1), r0=(3079, 3)
transition reduction: {'enabled': True, 'method': 'kmeans', 'original_rows': 12000, 'reduced_rows': 3079, 'selected_indices_path': 'data/reduced_transition_indices_73.pt', 'target_basis': 3000, 'compression_ratio': 0.25658333333333333}
fixed benchmark point source: fixed_config_plus_support_safe_target_policy_draws
benchmark row excluded from this offline data: None
global loss target set shape: s_star=(100, 5), a_star=(100, 1)
benchmark true-Z count=10, shape each=(50000, 3)
target policy: logistic
behavior policy: uniform
lambda_Gamma=0.005, lambda_B=0.2, d_r_method=song
dtype=torch.float32, operator_method=rff, operator_num_features=512
ridge_mode=rkhs, diagnostic_interval=50
mass_anchor_lambda=1.0, target_mass=1.0
uLSIF basis: source=numerator, n_basis=512, lambda_reg=0.005
optimizer stabilizers: lambda_neg=0.0, max_B_norm=None, eta_clip_min=0.0, eta_clip_max=5.0, normalize_eta=True
========================================
Estimating the global KE-DRL mean embedding
torch device=cuda, dtype=torch.float32
Data dims: N=3079, L=100, Ds=5, Da=1, Dr=3
lambda_Gamma=0.005, lambda_B=0.2
return-operator construction: method=rff, rff_features=512
[uLSIF] basis=512/3079 (numerator); eta_hat min=-7.529e-01 max=5.433e+00 neg%=4.03
ESS for eta_plus: 2115.7 / 3079
eta_plus diagnostics: raw_mean=1, raw_min=-0.753, raw_max=5.43; used_mean=1, used_min=0, used_max=4.96
[timing] Z-grid: 0.03s
[timing] K_X: 0.00s
[timing] K_plus: 0.00s
[timing] k_star: 0.00s
[timing] Gamma_stack: 0.01s
[timing] Phi_stack: 0.00s
[timing] RFF feature sample: 0.00s
[timing] K_Z RFF: 0.00s
[timing] G_stack RFF: 0.01s
[timing] H_stack RFF: 0.01s
findfont: Font family 'Nimbus Roman' not found.
findfont: Font family 'Nimbus Roman' not found.
findfont: Font family 'Nimbus Roman' not found.
findfont: Font family 'Nimbus Roman' not found.
findfont: Font family 'Nimbus Roman' not found.
findfont: Font family 'Nimbus Roman' not found.
findfont: Font family 'Nimbus Roman' not found.
findfont: Font family 'Nimbus Roman' not found.
findfont: Font family 'Nimbus Roman' not found.
findfont: Font family 'Nimbus Roman' not found.
findfont: Font family 'Nimbus Roman' not found.
findfont: Font family 'Nimbus Roman' not found.
findfont: Font family 'Nimbus Roman' not found.
findfont: Font family 'Nimbus Roman' not found.
findfont: Font family 'Nimbus Roman' not found.
findfont: Font family 'Nimbus Roman' not found.
findfont: Font family 'Nimbus Roman' not found.
findfont: Font family 'Nimbus Roman' not found.
findfont: Font family 'Nimbus Roman' not found.
findfont: Font family 'Nimbus Roman' not found.
findfont: Font family 'Nimbus Roman' not found.
findfont: Font family 'Nimbus Roman' not found.
findfont: Font family 'Nimbus Roman' not found.
findfont: Font family 'Nimbus Roman' not found.
findfont: Font family 'Nimbus Roman' not found.
findfont: Font family 'Nimbus Roman' not found.
findfont: Font family 'Nimbus Roman' not found.
findfont: Font family 'Nimbus Roman' not found.
findfont: Font family 'Nimbus Roman' not found.
findfont: Font family 'Nimbus Roman' not found.
findfont: Font family 'Nimbus Roman' not found.
findfont: Font family 'Nimbus Roman' not found.
findfont: Font family 'Nimbus Roman' not found.
findfont: Font family 'Nimbus Roman' not found.
findfont: Font family 'Nimbus Roman' not found.
findfont: Font family 'Nimbus Roman' not found.
findfont: Font family 'Nimbus Roman' not found.
findfont: Font family 'Nimbus Roman' not found.
findfont: Font family 'Nimbus Roman' not found.
findfont: Font family 'Nimbus Roman' not found.
findfont: Font family 'Nimbus Roman' not found.
findfont: Font family 'Nimbus Roman' not found.
findfont: Font family 'Nimbus Roman' not found.
findfont: Font family ['Nimbus Roman'] not found. Falling back to DejaVu Sans.
findfont: Font family 'Nimbus Roman' not found.
findfont: Font family ['Nimbus Roman'] not found. Falling back to DejaVu Sans.
findfont: Font family 'Nimbus Roman' not found.
findfont: Font family 'Nimbus Roman' not found.
findfont: Font family 'Nimbus Roman' not found.
findfont: Font family 'Nimbus Roman' not found.
findfont: Font family 'Nimbus Roman' not found.
findfont: Font family 'Nimbus Roman' not found.
findfont: Font family 'Nimbus Roman' not found.
findfont: Font family 'Nimbus Roman' not found.
findfont: Font family 'Nimbus Roman' not found.
findfont: Font family 'Nimbus Roman' not found.
findfont: Font family ['Nimbus Roman'] not found. Falling back to DejaVu Sans.
findfont: Font family 'Nimbus Roman' not found.
findfont: Font family 'Nimbus Roman' not found.
findfont: Font family 'Nimbus Roman' not found.
findfont: Font family 'Nimbus Roman' not found.
findfont: Font family 'Nimbus Roman' not found.
findfont: Font family 'Nimbus Roman' not found.
findfont: Font family 'Nimbus Roman' not found.
findfont: Font family 'Nimbus Roman' not found.
findfont: Font family 'Nimbus Roman' not found.
findfont: Font family 'Nimbus Roman' not found.
findfont: Font family 'Nimbus Roman' not found.
findfont: Font family 'Nimbus Roman' not found.
findfont: Font family 'Nimbus Roman' not found.
findfont: Font family 'Nimbus Roman' not found.
findfont: Font family 'Nimbus Roman' not found.
findfont: Font family 'Nimbus Roman' not found.
findfont: Font family 'Nimbus Roman' not found.
findfont: Font family 'Nimbus Roman' not found.
findfont: Font family 'Nimbus Roman' not found.
findfont: Font family 'Nimbus Roman' not found.
findfont: Font family 'Nimbus Roman' not found.
findfont: Font family 'Nimbus Roman' not found.
findfont: Font family 'Nimbus Roman' not found.
findfont: Font family 'Nimbus Roman' not found.
findfont: Font family 'Nimbus Roman' not found.
findfont: Font family 'Nimbus Roman' not found.
findfont: Font family 'Nimbus Roman' not found.
findfont: Font family 'Nimbus Roman' not found.
findfont: Font family 'Nimbus Roman' not found.
findfont: Font family 'Nimbus Roman' not found.
findfont: Font family 'Nimbus Roman' not found.
findfont: Font family 'Nimbus Roman' not found.
findfont: Font family 'Nimbus Roman' not found.
findfont: Font family 'Nimbus Roman' not found.
findfont: Font family 'Nimbus Roman' not found.
findfont: Font family 'Nimbus Roman' not found.
findfont: Font family 'Nimbus Roman' not found.
findfont: Font family 'Nimbus Roman' not found.
findfont: Font family 'Nimbus Roman' not found.
findfont: Font family 'Nimbus Roman' not found.
findfont: Font family 'Nimbus Roman' not found.
findfont: Font family 'Nimbus Roman' not found.
findfont: Font family 'Nimbus Roman' not found.
findfont: Font family 'Nimbus Roman' not found.
findfont: Font family 'Nimbus Roman' not found.
findfont: Font family 'Nimbus Roman' not found.
findfont: Font family 'Nimbus Roman' not found.
findfont: Font family 'Nimbus Roman' not found.
findfont: Font family 'Nimbus Roman' not found.
findfont: Font family 'Nimbus Roman' not found.
findfont: Font family 'Nimbus Roman' not found.
findfont: Font family 'Nimbus Roman' not found.
findfont: Font family 'Nimbus Roman' not found.
findfont: Font family 'Nimbus Roman' not found.
findfont: Font family 'Nimbus Roman' not found.
findfont: Font family 'Nimbus Roman' not found.
findfont: Font family 'Nimbus Roman' not found.
findfont: Font family 'Nimbus Roman' not found.
findfont: Font family 'Nimbus Roman' not found.
findfont: Font family 'Nimbus Roman' not found.
findfont: Font family 'Nimbus Roman' not found.
findfont: Font family 'Nimbus Roman' not found.
findfont: Font family 'Nimbus Roman' not found.
findfont: Font family 'Nimbus Roman' not found.
findfont: Font family 'Nimbus Roman' not found.
findfont: Font family 'Nimbus Roman' not found.
findfont: Font family 'Nimbus Roman' not found.
findfont: Font family 'Nimbus Roman' not found.
findfont: Font family 'Nimbus Roman' not found.
findfont: Font family 'Nimbus Roman' not found.
findfont: Font family 'Nimbus Roman' not found.
findfont: Font family 'Nimbus Roman' not found.
findfont: Font family 'Nimbus Roman' not found.
findfont: Font family 'Nimbus Roman' not found.
findfont: Font family 'Nimbus Roman' not found.
findfont: Font family 'Nimbus Roman' not found.
findfont: Font family 'Nimbus Roman' not found.
findfont: Font family 'Nimbus Roman' not found.
Ridge mode: rkhs; diagnostic interval: 50
Iter 1/4000 | log_obj=9.907e+00 | log_Bellman_root=3.526e+00 | mass=1.89e+04 | neg=0.00e+00 | grad=7.50e+02
Iter 400/4000 | log_obj=4.999e+00 | log_Bellman_root=1.055e+00 | mass=1.40e+02 | neg=0.00e+00 | grad=6.77e+03
Iter 800/4000 | log_obj=5.912e+00 | log_Bellman_root=1.526e+00 | mass=3.48e+02 | neg=0.00e+00 | grad=8.87e+03
Iter 1200/4000 | log_obj=4.399e+00 | log_Bellman_root=7.528e-01 | mass=7.67e+01 | neg=0.00e+00 | grad=1.20e+04
Iter 1600/4000 | log_obj=4.995e+00 | log_Bellman_root=1.054e+00 | mass=1.39e+02 | neg=0.00e+00 | grad=6.79e+03
Iter 2000/4000 | log_obj=5.914e+00 | log_Bellman_root=1.527e+00 | mass=3.48e+02 | neg=0.00e+00 | grad=8.88e+03
Iter 2400/4000 | log_obj=4.396e+00 | log_Bellman_root=7.520e-01 | mass=7.65e+01 | neg=0.00e+00 | grad=1.20e+04
Iter 2800/4000 | log_obj=4.994e+00 | log_Bellman_root=1.053e+00 | mass=1.39e+02 | neg=0.00e+00 | grad=6.80e+03
Iter 3200/4000 | log_obj=5.915e+00 | log_Bellman_root=1.527e+00 | mass=3.49e+02 | neg=0.00e+00 | grad=8.88e+03
Iter 3600/4000 | log_obj=4.395e+00 | log_Bellman_root=7.514e-01 | mass=7.64e+01 | neg=0.00e+00 | grad=1.20e+04
Iter 4000/4000 | log_obj=4.993e+00 | log_Bellman_root=1.053e+00 | mass=1.39e+02 | neg=0.00e+00 | grad=6.80e+03
Returning best diagnostic checkpoint from step 3900 (objective=8.100e+01, Bellman=4.493e+00).
Done in 12.10s.
KE-DRL global estimation is done.
B_hat shape: (3079, 800)
B_hat rank diagnostics: {'B_num_rows': 3079, 'B_num_cols': 800, 'B_min_dim': 800, 'B_numerical_rank': 800, 'B_rank_fraction': 1.0, 'B_rank_tolerance': 2.970064520191329e-05, 'B_stable_rank': 349.2922058105469, 'B_effective_rank': 770.6045310258689, 'B_entropy_rank': 6.647175312042236, 'B_spectral_norm': 0.08091817796230316, 'B_frobenius_norm': 1.5123090744018555, 'B_nuclear_norm': 41.275821685791016, 'B_condition_number': 3.094596194474256, 'B_condition_number_tol': 3.094596194474256, 'B_smallest_singular_value': 0.026148218661546707, 'B_rank_rel_1em2': 800, 'B_rank_rel_1em3': 800, 'B_rank_rel_1em4': 800}
Global-loss target mass diagnostics: {'target_mass_mean': -7.308321475982666, 'target_mass_min': -13.498544692993164, 'target_mass_max': -1.1072012186050415, 'target_mass_sd': 2.724518060684204, 'target_mass_rmse_to_target': 8.739392280578613, 'target_beta_min': -0.018840642645955086, 'target_beta_max': 0.008197424001991749, 'target_neg_frac_mean': 0.9920875000000001}
Return dictionary Z_grid shape: (800, 3)
Replicate 73 risk metrics: {'risk_n_steps_recorded': 81.0, 'risk_n_diagnostics_recorded': 81.0, 'risk_log_obj_initial': 9.906771120565057, 'risk_log_obj_final': 4.992505735434032, 'risk_log_obj_min': 4.394510376334717, 'risk_obj_initial': 20065.779296874985, 'risk_obj_final': 147.30506896972656, 'risk_obj_min': 81.00495910644533, 'risk_log_obj_drop': 4.914265385131025, 'risk_log_bellman_root_initial': 3.5263422363414527, 'risk_log_bellman_root_final': 1.052934028216971, 'risk_log_bellman_root_min': 0.751242266433544, 'risk_bellman_root_initial': 33.99937820434571, 'risk_bellman_root_final': 2.8660478591918945, 'risk_bellman_root_min': 2.11963152885437, 'risk_bellman_initial': 1155.9577182821379, 'risk_bellman_final': 8.214230331178442, 'risk_bellman_min': 4.4928378181135145, 'risk_log_bellman_root_drop': 2.4734082081244817, 'risk_bellman_returned': 4.492837905883789, 'risk_obj_returned': 81.00495910644531, 'risk_returned_step': 3900.0, 'offline_data_id': 73, 'benchmark_point_source': 'fixed_config_plus_support_safe_target_policy_draws', 'target_set_size': 100, 'lambda_reg': 0.005, 'lambda_B': 0.2, 'num_steps': 4000, 'transition_reduction_enabled': 1, 'transition_reduction_method': 'kmeans', 'transition_original_rows': 12000, 'transition_reduced_rows': 3079, 'transition_compression_ratio': 0.25658333333333333, 'target_mass_mean': -7.308321475982666, 'target_mass_min': -13.498544692993164, 'target_mass_max': -1.1072012186050415, 'target_mass_sd': 2.724518060684204, 'target_mass_rmse_to_target': 8.739392280578613, 'target_beta_min': -0.018840642645955086, 'target_beta_max': 0.008197424001991749, 'target_neg_frac_mean': 0.9920875000000001, 'B_num_rows': 3079, 'B_num_cols': 800, 'B_min_dim': 800, 'B_numerical_rank': 800, 'B_rank_fraction': 1.0, 'B_rank_tolerance': 2.970064520191329e-05, 'B_stable_rank': 349.2922058105469, 'B_effective_rank': 770.6045310258689, 'B_entropy_rank': 6.647175312042236, 'B_spectral_norm': 0.08091817796230316, 'B_frobenius_norm': 1.5123090744018555, 'B_nuclear_norm': 41.275821685791016, 'B_condition_number': 3.094596194474256, 'B_condition_number_tol': 3.094596194474256, 'B_smallest_singular_value': 0.026148218661546707, 'B_rank_rel_1em2': 800, 'B_rank_rel_1em3': 800, 'B_rank_rel_1em4': 800, 'risk_objective_final_raw': 147.30506896972656, 'risk_objective_min_raw': 81.00495910644531, 'risk_objective_max_raw': 20065.779296875, 'risk_bellman_final_raw': 8.21423053741455, 'risk_bellman_min_raw': 4.492837905883789, 'risk_bellman_max_raw': 1155.957763671875, 'risk_rkhs_ridge_final_raw': 0.2001311033964157, 'risk_rkhs_ridge_min_raw': 0.13513854146003723, 'risk_rkhs_ridge_max_raw': 23.017101287841797, 'risk_mass_final_raw': 138.8907012939453, 'risk_mass_min_raw': 76.37698364257812, 'risk_mass_max_raw': 18886.8046875, 'risk_negativity_final_raw': 0.0, 'risk_negativity_min_raw': 0.0, 'risk_negativity_max_raw': 0.0, 'risk_B_norm_final_raw': 1.5115219354629517, 'risk_B_norm_min_raw': 1.5115219354629517, 'risk_B_norm_max_raw': 1.6385784149169922, 'risk_diagnostic_step_final_raw': 4000.0, 'risk_diagnostic_step_min_raw': 1.0, 'risk_diagnostic_step_max_raw': 4000.0, 'risk_best_step_final_raw': 3900.0, 'risk_best_step_min_raw': 3900.0, 'risk_best_step_max_raw': 3900.0, 'risk_best_objective_final_raw': 81.00495910644531, 'risk_best_objective_min_raw': 81.00495910644531, 'risk_best_objective_max_raw': 81.00495910644531, 'risk_best_bellman_final_raw': 4.492837905883789, 'risk_best_bellman_min_raw': 4.492837905883789, 'risk_best_bellman_max_raw': 4.492837905883789, 'risk_returned_step_final_raw': 3900.0, 'risk_returned_step_min_raw': 3900.0, 'risk_returned_step_max_raw': 3900.0, 'risk_returned_objective_final_raw': 81.00495910644531, 'risk_returned_objective_min_raw': 81.00495910644531, 'risk_returned_objective_max_raw': 81.00495910644531, 'risk_returned_bellman_final_raw': 4.492837905883789, 'risk_returned_bellman_min_raw': 4.492837905883789, 'risk_returned_bellman_max_raw': 4.492837905883789, 'risk_returned_best_checkpoint_final_raw': 1.0, 'risk_returned_best_checkpoint_min_raw': 1.0, 'risk_returned_best_checkpoint_max_raw': 1.0}
Benchmark 0 evaluation grid shape: (800, 3)
Replicate 73, benchmark 0 metrics: {'run_id': '73_b0', 'RMSE': 1.6499602009750536, 'MAE': 1.4383975912793538, 'SupNorm': 3.3546111285686493, 'Bias': -1.4383975912793538, 'Corr': -0.42020656645384225, 'deming_slope': -18.83956271771411, 'deming_intercept': 3.7639185913761466, 'beta_sum': -5.339587211608887, 'beta_l1': 5.339587211608887, 'beta_l2': 0.1915573626756668, 'beta_min': -0.00962889939546585, 'beta_max': -0.0007695150561630726, 'beta_neg_frac': 1.0, 'offline_data_id': 73, 'benchmark_id': 0, 'benchmark_point_source': 'fixed_config', 'target_set_size': 100, 'benchmark_z_path': 'data/Z_true.pt', 'projected_bellman_test_risk': 0.01747039519250393, 'oracle_embedding_risk': 14.869728088378906, 'benchmark_embedding_risk': 14.869728088378906, 'risk_bellman_final': 8.214230331178442, 'risk_obj_final': 147.30506896972656, 'B_num_rows': 3079, 'B_num_cols': 800, 'B_min_dim': 800, 'B_numerical_rank': 800, 'B_rank_fraction': 1.0, 'B_rank_tolerance': 2.970064520191329e-05, 'B_stable_rank': 349.2922058105469, 'B_effective_rank': 770.6045310258689, 'B_entropy_rank': 6.647175312042236, 'B_spectral_norm': 0.08091817796230316, 'B_frobenius_norm': 1.5123090744018555, 'B_nuclear_norm': 41.275821685791016, 'B_condition_number': 3.094596194474256, 'B_condition_number_tol': 3.094596194474256, 'B_smallest_singular_value': 0.026148218661546707, 'B_rank_rel_1em2': 800, 'B_rank_rel_1em3': 800, 'B_rank_rel_1em4': 800}
Saved ./mu/mu_hat.csv shape=(800,)
Saved ./mu/mu2D_hat_dims01.csv shape=(120, 120)
Saved ./mu/mu2D_hat_dims01.csv shape=(120, 120)
Saved plots/replicate_73/mu_3D.png
Benchmark 1 evaluation grid shape: (800, 3)
Replicate 73, benchmark 1 metrics: {'run_id': '73_b1', 'RMSE': 4.865905337066326, 'MAE': 4.479111659857153, 'SupNorm': 8.084663808345795, 'Bias': -4.479111659857153, 'Corr': -0.9903636389033625, 'deming_slope': -19.043903312542724, 'deming_intercept': 0.7430122657746594, 'beta_sum': -13.578805923461914, 'beta_l1': 13.578805923461914, 'beta_l2': 0.4806644022464752, 'beta_min': -0.019225185737013817, 'beta_max': -0.011298318393528461, 'beta_neg_frac': 1.0, 'offline_data_id': 73, 'benchmark_id': 1, 'benchmark_point_source': 'fixed_config', 'target_set_size': 100, 'benchmark_z_path': 'data/Z_true.pt', 'projected_bellman_test_risk': 8.37779426574707, 'oracle_embedding_risk': 80.55158996582031, 'benchmark_embedding_risk': 80.55158996582031, 'risk_bellman_final': 8.214230331178442, 'risk_obj_final': 147.30506896972656, 'B_num_rows': 3079, 'B_num_cols': 800, 'B_min_dim': 800, 'B_numerical_rank': 800, 'B_rank_fraction': 1.0, 'B_rank_tolerance': 2.970064520191329e-05, 'B_stable_rank': 349.2922058105469, 'B_effective_rank': 770.6045310258689, 'B_entropy_rank': 6.647175312042236, 'B_spectral_norm': 0.08091817796230316, 'B_frobenius_norm': 1.5123090744018555, 'B_nuclear_norm': 41.275821685791016, 'B_condition_number': 3.094596194474256, 'B_condition_number_tol': 3.094596194474256, 'B_smallest_singular_value': 0.026148218661546707, 'B_rank_rel_1em2': 800, 'B_rank_rel_1em3': 800, 'B_rank_rel_1em4': 800}
Benchmark 2 evaluation grid shape: (800, 3)
Replicate 73, benchmark 2 metrics: {'run_id': '73_b2', 'RMSE': 4.625407194995359, 'MAE': 4.2620819449544065, 'SupNorm': 7.64661779999733, 'Bias': -4.2620819449544065, 'Corr': -0.9143326121713738, 'deming_slope': -20.16156931550055, 'deming_intercept': 1.4099293468794372, 'beta_sum': -12.891559600830078, 'beta_l1': 12.891559600830078, 'beta_l2': 0.4564094841480255, 'beta_min': -0.018153289332985878, 'beta_max': -0.009987469762563705, 'beta_neg_frac': 1.0, 'offline_data_id': 73, 'benchmark_id': 2, 'benchmark_point_source': 'fixed_config', 'target_set_size': 100, 'benchmark_z_path': 'data/Z_true.pt', 'projected_bellman_test_risk': 6.3965253829956055, 'oracle_embedding_risk': 72.92156219482422, 'benchmark_embedding_risk': 72.92156219482422, 'risk_bellman_final': 8.214230331178442, 'risk_obj_final': 147.30506896972656, 'B_num_rows': 3079, 'B_num_cols': 800, 'B_min_dim': 800, 'B_numerical_rank': 800, 'B_rank_fraction': 1.0, 'B_rank_tolerance': 2.970064520191329e-05, 'B_stable_rank': 349.2922058105469, 'B_effective_rank': 770.6045310258689, 'B_entropy_rank': 6.647175312042236, 'B_spectral_norm': 0.08091817796230316, 'B_frobenius_norm': 1.5123090744018555, 'B_nuclear_norm': 41.275821685791016, 'B_condition_number': 3.094596194474256, 'B_condition_number_tol': 3.094596194474256, 'B_smallest_singular_value': 0.026148218661546707, 'B_rank_rel_1em2': 800, 'B_rank_rel_1em3': 800, 'B_rank_rel_1em4': 800}
Benchmark 3 evaluation grid shape: (800, 3)
Replicate 73, benchmark 3 metrics: {'run_id': '73_b3', 'RMSE': 4.486075861609071, 'MAE': 4.099544451651163, 'SupNorm': 7.568663954734802, 'Bias': -4.099544451651163, 'Corr': -0.9280314995075148, 'deming_slope': -19.596018267434786, 'deming_intercept': 1.2399742064871369, 'beta_sum': -12.768672943115234, 'beta_l1': 12.768672943115234, 'beta_l2': 0.4522014260292053, 'beta_min': -0.017984017729759216, 'beta_max': -0.009541206061840057, 'beta_neg_frac': 1.0, 'offline_data_id': 73, 'benchmark_id': 3, 'benchmark_point_source': 'fixed_config', 'target_set_size': 100, 'benchmark_z_path': 'data/Z_true.pt', 'projected_bellman_test_risk': 6.4757080078125, 'oracle_embedding_risk': 71.92803192138672, 'benchmark_embedding_risk': 71.92803192138672, 'risk_bellman_final': 8.214230331178442, 'risk_obj_final': 147.30506896972656, 'B_num_rows': 3079, 'B_num_cols': 800, 'B_min_dim': 800, 'B_numerical_rank': 800, 'B_rank_fraction': 1.0, 'B_rank_tolerance': 2.970064520191329e-05, 'B_stable_rank': 349.2922058105469, 'B_effective_rank': 770.6045310258689, 'B_entropy_rank': 6.647175312042236, 'B_spectral_norm': 0.08091817796230316, 'B_frobenius_norm': 1.5123090744018555, 'B_nuclear_norm': 41.275821685791016, 'B_condition_number': 3.094596194474256, 'B_condition_number_tol': 3.094596194474256, 'B_smallest_singular_value': 0.026148218661546707, 'B_rank_rel_1em2': 800, 'B_rank_rel_1em3': 800, 'B_rank_rel_1em4': 800}
Benchmark 4 evaluation grid shape: (800, 3)
Replicate 73, benchmark 4 metrics: {'run_id': '73_b4', 'RMSE': 0.9101125654514481, 'MAE': 0.7548032530678666, 'SupNorm': 2.425311803817749, 'Bias': -0.7548032530678666, 'Corr': -0.04297555932417762, 'deming_slope': -117.68109249854842, 'deming_intercept': 30.886131864851553, 'beta_sum': -3.794581413269043, 'beta_l1': 3.922215461730957, 'beta_l2': 0.14435337483882904, 'beta_min': -0.007157151587307453, 'beta_max': 0.006607499904930592, 'beta_neg_frac': 0.96375, 'offline_data_id': 73, 'benchmark_id': 4, 'benchmark_point_source': 'support_safe_target_policy_draw', 'target_set_size': 100, 'benchmark_z_path': 'data/Z_true.pt', 'projected_bellman_test_risk': 0.018450522795319557, 'oracle_embedding_risk': 8.430289268493652, 'benchmark_embedding_risk': 8.430289268493652, 'risk_bellman_final': 8.214230331178442, 'risk_obj_final': 147.30506896972656, 'B_num_rows': 3079, 'B_num_cols': 800, 'B_min_dim': 800, 'B_numerical_rank': 800, 'B_rank_fraction': 1.0, 'B_rank_tolerance': 2.970064520191329e-05, 'B_stable_rank': 349.2922058105469, 'B_effective_rank': 770.6045310258689, 'B_entropy_rank': 6.647175312042236, 'B_spectral_norm': 0.08091817796230316, 'B_frobenius_norm': 1.5123090744018555, 'B_nuclear_norm': 41.275821685791016, 'B_condition_number': 3.094596194474256, 'B_condition_number_tol': 3.094596194474256, 'B_smallest_singular_value': 0.026148218661546707, 'B_rank_rel_1em2': 800, 'B_rank_rel_1em3': 800, 'B_rank_rel_1em4': 800}
Benchmark 5 evaluation grid shape: (800, 3)
Replicate 73, benchmark 5 metrics: {'run_id': '73_b5', 'RMSE': 0.29252952722635556, 'MAE': 0.2761077381461908, 'SupNorm': 0.4480732921510935, 'Bias': -0.2761077381461908, 'Corr': -0.05787647566937348, 'deming_slope': -0.013501522088364562, 'deming_intercept': -0.01565345041664187, 'beta_sum': -0.1662861406803131, 'beta_l1': 0.21635454893112183, 'beta_l2': 0.009269176982343197, 'beta_min': -0.0008474283968098462, 'beta_max': 0.0006831311620771885, 'beta_neg_frac': 0.7975, 'offline_data_id': 73, 'benchmark_id': 5, 'benchmark_point_source': 'support_safe_target_policy_draw', 'target_set_size': 100, 'benchmark_z_path': 'data/Z_true.pt', 'projected_bellman_test_risk': 0.052015893161296844, 'oracle_embedding_risk': 1.05282461643219, 'benchmark_embedding_risk': 1.05282461643219, 'risk_bellman_final': 8.214230331178442, 'risk_obj_final': 147.30506896972656, 'B_num_rows': 3079, 'B_num_cols': 800, 'B_min_dim': 800, 'B_numerical_rank': 800, 'B_rank_fraction': 1.0, 'B_rank_tolerance': 2.970064520191329e-05, 'B_stable_rank': 349.2922058105469, 'B_effective_rank': 770.6045310258689, 'B_entropy_rank': 6.647175312042236, 'B_spectral_norm': 0.08091817796230316, 'B_frobenius_norm': 1.5123090744018555, 'B_nuclear_norm': 41.275821685791016, 'B_condition_number': 3.094596194474256, 'B_condition_number_tol': 3.094596194474256, 'B_smallest_singular_value': 0.026148218661546707, 'B_rank_rel_1em2': 800, 'B_rank_rel_1em3': 800, 'B_rank_rel_1em4': 800}
Benchmark 6 evaluation grid shape: (800, 3)
Replicate 73, benchmark 6 metrics: {'run_id': '73_b6', 'RMSE': 2.5283941935021295, 'MAE': 2.24549180974951, 'SupNorm': 4.73369574546814, 'Bias': -2.24549180974951, 'Corr': -0.616554474216589, 'deming_slope': -18.625772211016205, 'deming_intercept': 2.935539129830583, 'beta_sum': -7.637904644012451, 'beta_l1': 7.637904644012451, 'beta_l2': 0.2722548842430115, 'beta_min': -0.012099470011889935, 'beta_max': -0.0030238786712288857, 'beta_neg_frac': 1.0, 'offline_data_id': 73, 'benchmark_id': 6, 'benchmark_point_source': 'support_safe_target_policy_draw', 'target_set_size': 100, 'benchmark_z_path': 'data/Z_true.pt', 'projected_bellman_test_risk': 0.5920557379722595, 'oracle_embedding_risk': 28.2337646484375, 'benchmark_embedding_risk': 28.2337646484375, 'risk_bellman_final': 8.214230331178442, 'risk_obj_final': 147.30506896972656, 'B_num_rows': 3079, 'B_num_cols': 800, 'B_min_dim': 800, 'B_numerical_rank': 800, 'B_rank_fraction': 1.0, 'B_rank_tolerance': 2.970064520191329e-05, 'B_stable_rank': 349.2922058105469, 'B_effective_rank': 770.6045310258689, 'B_entropy_rank': 6.647175312042236, 'B_spectral_norm': 0.08091817796230316, 'B_frobenius_norm': 1.5123090744018555, 'B_nuclear_norm': 41.275821685791016, 'B_condition_number': 3.094596194474256, 'B_condition_number_tol': 3.094596194474256, 'B_smallest_singular_value': 0.026148218661546707, 'B_rank_rel_1em2': 800, 'B_rank_rel_1em3': 800, 'B_rank_rel_1em4': 800}
Benchmark 7 evaluation grid shape: (800, 3)
Replicate 73, benchmark 7 metrics: {'run_id': '73_b7', 'RMSE': 2.432678205625617, 'MAE': 2.110484452660894, 'SupNorm': 4.94996440410614, 'Bias': -2.110484452660894, 'Corr': -0.49024976945392457, 'deming_slope': -25.30788813779669, 'deming_intercept': 4.768638716721648, 'beta_sum': -8.070100784301758, 'beta_l1': 8.071353912353516, 'beta_l2': 0.28922855854034424, 'beta_min': -0.012775399722158909, 'beta_max': 0.000626889057457447, 'beta_neg_frac': 0.99875, 'offline_data_id': 73, 'benchmark_id': 7, 'benchmark_point_source': 'support_safe_target_policy_draw', 'target_set_size': 100, 'benchmark_z_path': 'data/Z_true.pt', 'projected_bellman_test_risk': 2.4403076171875, 'oracle_embedding_risk': 31.130191802978516, 'benchmark_embedding_risk': 31.130191802978516, 'risk_bellman_final': 8.214230331178442, 'risk_obj_final': 147.30506896972656, 'B_num_rows': 3079, 'B_num_cols': 800, 'B_min_dim': 800, 'B_numerical_rank': 800, 'B_rank_fraction': 1.0, 'B_rank_tolerance': 2.970064520191329e-05, 'B_stable_rank': 349.2922058105469, 'B_effective_rank': 770.6045310258689, 'B_entropy_rank': 6.647175312042236, 'B_spectral_norm': 0.08091817796230316, 'B_frobenius_norm': 1.5123090744018555, 'B_nuclear_norm': 41.275821685791016, 'B_condition_number': 3.094596194474256, 'B_condition_number_tol': 3.094596194474256, 'B_smallest_singular_value': 0.026148218661546707, 'B_rank_rel_1em2': 800, 'B_rank_rel_1em3': 800, 'B_rank_rel_1em4': 800}
Benchmark 8 evaluation grid shape: (800, 3)
Replicate 73, benchmark 8 metrics: {'run_id': '73_b8', 'RMSE': 1.1265469073997962, 'MAE': 0.9983354319097998, 'SupNorm': 2.241354316473007, 'Bias': -0.9983354319097998, 'Corr': -0.5145226040035793, 'deming_slope': -8.988070627684303, 'deming_intercept': 1.6034988565517536, 'beta_sum': -3.203585147857666, 'beta_l1': 3.251955509185791, 'beta_l2': 0.11920428276062012, 'beta_min': -0.0061953263357281685, 'beta_max': 0.003283747937530279, 'beta_neg_frac': 0.97875, 'offline_data_id': 73, 'benchmark_id': 8, 'benchmark_point_source': 'support_safe_target_policy_draw', 'target_set_size': 100, 'benchmark_z_path': 'data/Z_true.pt', 'projected_bellman_test_risk': 0.1303563117980957, 'oracle_embedding_risk': 6.910084247589111, 'benchmark_embedding_risk': 6.910084247589111, 'risk_bellman_final': 8.214230331178442, 'risk_obj_final': 147.30506896972656, 'B_num_rows': 3079, 'B_num_cols': 800, 'B_min_dim': 800, 'B_numerical_rank': 800, 'B_rank_fraction': 1.0, 'B_rank_tolerance': 2.970064520191329e-05, 'B_stable_rank': 349.2922058105469, 'B_effective_rank': 770.6045310258689, 'B_entropy_rank': 6.647175312042236, 'B_spectral_norm': 0.08091817796230316, 'B_frobenius_norm': 1.5123090744018555, 'B_nuclear_norm': 41.275821685791016, 'B_condition_number': 3.094596194474256, 'B_condition_number_tol': 3.094596194474256, 'B_smallest_singular_value': 0.026148218661546707, 'B_rank_rel_1em2': 800, 'B_rank_rel_1em3': 800, 'B_rank_rel_1em4': 800}
Benchmark 9 evaluation grid shape: (800, 3)
Replicate 73, benchmark 9 metrics: {'run_id': '73_b9', 'RMSE': 2.617051246006937, 'MAE': 2.308805515031563, 'SupNorm': 4.897818922996521, 'Bias': -2.308805515031563, 'Corr': -0.6132254397534677, 'deming_slope': -19.932204840921763, 'deming_intercept': 3.254246053649611, 'beta_sum': -7.791967868804932, 'beta_l1': 7.791967868804932, 'beta_l2': 0.27957460284233093, 'beta_min': -0.012290430255234241, 'beta_max': -0.0014117497485131025, 'beta_neg_frac': 1.0, 'offline_data_id': 73, 'benchmark_id': 9, 'benchmark_point_source': 'support_safe_target_policy_draw', 'target_set_size': 100, 'benchmark_z_path': 'data/Z_true.pt', 'projected_bellman_test_risk': 0.07060983777046204, 'oracle_embedding_risk': 29.917173385620117, 'benchmark_embedding_risk': 29.917173385620117, 'risk_bellman_final': 8.214230331178442, 'risk_obj_final': 147.30506896972656, 'B_num_rows': 3079, 'B_num_cols': 800, 'B_min_dim': 800, 'B_numerical_rank': 800, 'B_rank_fraction': 1.0, 'B_rank_tolerance': 2.970064520191329e-05, 'B_stable_rank': 349.2922058105469, 'B_effective_rank': 770.6045310258689, 'B_entropy_rank': 6.647175312042236, 'B_spectral_norm': 0.08091817796230316, 'B_frobenius_norm': 1.5123090744018555, 'B_nuclear_norm': 41.275821685791016, 'B_condition_number': 3.094596194474256, 'B_condition_number_tol': 3.094596194474256, 'B_smallest_singular_value': 0.026148218661546707, 'B_rank_rel_1em2': 800, 'B_rank_rel_1em3': 800, 'B_rank_rel_1em4': 800}
Replicate 73 finished in 22.4s
Finished combo 6, offline replicate 73.
