Job ID:    2358955
Array idx: 176
CPUs/node: 64
Mem/node:  131072
Using CC = cc 
Using CXX = CC 
Using FC = ftn 
Using F77 = ftn 
Using F90 = ftn 
cuda/12.6.1 is deprecated; loading cudatoolkit/25.5_12.9 instead.
Using CC = /opt/nvidia/hpc_sdk/Linux_aarch64/25.5/compilers/bin/nvc 
Using CXX = /opt/nvidia/hpc_sdk/Linux_aarch64/25.5/compilers/bin/nvc++ 
Using FC = /opt/nvidia/hpc_sdk/Linux_aarch64/25.5/compilers/bin/nvfortran 
Using F77 = /opt/nvidia/hpc_sdk/Linux_aarch64/25.5/compilers/bin/nvfortran 
Using F90 = /opt/nvidia/hpc_sdk/Linux_aarch64/25.5/compilers/bin/nvfortran 
Using CC = /opt/nvidia/hpc_sdk/Linux_aarch64/25.5/compilers/bin/nvc 
Using CXX = /opt/nvidia/hpc_sdk/Linux_aarch64/25.5/compilers/bin/nvc++ 
Using FC = /opt/nvidia/hpc_sdk/Linux_aarch64/25.5/compilers/bin/nvfortran 
Using F77 = /opt/nvidia/hpc_sdk/Linux_aarch64/25.5/compilers/bin/nvfortran 
Using F90 = /opt/nvidia/hpc_sdk/Linux_aarch64/25.5/compilers/bin/nvfortran 

Lmod is automatically replacing "gcc-native/14" with "gcc/14.2.0".

ghx4
0
Tuning combo id: 1 / 6
Offline replicate id: 76 / 99
Installing ke_drl from git: https://github.com/mehrdadmhmdi/ke-drl.git@main
Collecting git+https://github.com/mehrdadmhmdi/ke-drl.git@main
  Cloning https://github.com/mehrdadmhmdi/ke-drl.git (to revision main) to /tmp/pip-req-build-4xmlxf5e
  Running command git clone --filter=blob:none --quiet https://github.com/mehrdadmhmdi/ke-drl.git /tmp/pip-req-build-4xmlxf5e
  Resolved https://github.com/mehrdadmhmdi/ke-drl.git to commit 3c5d570e40ea15b1fbe4817b5f43b64c7b333e82
  Installing build dependencies: started
  Installing build dependencies: finished with status 'done'
  Getting requirements to build wheel: started
  Getting requirements to build wheel: finished with status 'done'
  Preparing metadata (pyproject.toml): started
  Preparing metadata (pyproject.toml): finished with status 'done'
Building wheels for collected packages: ke_drl
  Building wheel for ke_drl (pyproject.toml): started
  Building wheel for ke_drl (pyproject.toml): finished with status 'done'
  Created wheel for ke_drl: filename=ke_drl-0.1.0-py3-none-any.whl size=47219 sha256=1dfda2b9acc468878d788b30c708aeb5713a7bf04c91f5501eaaa6c5b71c247b
  Stored in directory: /tmp/pip-ephem-wheel-cache-ecxh_3p0/wheels/24/47/ad/9a4ffd3b05d3e90e35ffc6e7324b735b8bfcf5f51aaf29a333
Successfully built ke_drl
Installing collected packages: ke_drl
Successfully installed ke_drl-0.1.0
Installed ke_drl source: /work/nvme/bfez/mehrdad3/DistRL/simulation_3/runs/sim3_global_2358722_1/.kedrl_site_176/ke_drl/__init__.py
Tuning combo 1: lambda_B_0.002
Overrides: {'lambda_B': 0.002}
RUN: /sw/user/python/miniforge3-pytorch-24.11.3/bin/python3 validate_sim_config.py --params params.yaml
ke_drl import source: /work/nvme/bfez/mehrdad3/DistRL/simulation_3/runs/sim3_global_2358722_1/.kedrl_site_176/ke_drl/__init__.py
ke_drl package API OK: prediction weights, RFF operators, rank diagnostics, and best-checkpoint optimizer available
Policy config OK: behavior=uniform, target=logistic, state_dim=5, action_dim=1
Note: policy.logistic.theta_scale/theta_std are log-scale coefficients in Probability_Densities.
Behavior-policy linearized state-process diagnostic: spectral_radius=0.653, offline_burn_in=50
Replicate config OK: num_replicates=100, benchmark points=10 independent of D_i, loss target points=100
Transition reduction OK: method=kmeans, raw rows N(T-1)=12000, target rows about 3000, B rows reduced from 12000 to about 3000
Return-operator approximation OK: method=rff, features=512, exact G avoided for estimated N=12000, m=800, L=100
Fixed benchmark config rows=4 (benchmark.num_points=10; additional points are support-safe target-policy draws if needed)
Fixed benchmark point 0: s_star=[0.6, -0.8, 0.7, -0.5, 0.9], a_star=[0.5]
Fixed benchmark behavior-support interval for configured rows: min_lower=-0.12, max_upper=1.11
Fixed benchmark target-policy location range: [-0.02, 0.14]
Reusing shared data from /work/nvme/bfez/mehrdad3/DistRL/simulation_3/runs/sim3_shared_data/data for offline replicate 76.
RUN: /sw/user/python/miniforge3-pytorch-24.11.3/bin/python3 validate_sim_config.py --params params.yaml --data data/offline_data_76.pt
ke_drl import source: /work/nvme/bfez/mehrdad3/DistRL/simulation_3/runs/sim3_global_2358722_1/.kedrl_site_176/ke_drl/__init__.py
ke_drl package API OK: prediction weights, RFF operators, rank diagnostics, and best-checkpoint optimizer available
Policy config OK: behavior=uniform, target=logistic, state_dim=5, action_dim=1
Note: policy.logistic.theta_scale/theta_std are log-scale coefficients in Probability_Densities.
Behavior-policy linearized state-process diagnostic: spectral_radius=0.653, offline_burn_in=50
Replicate config OK: num_replicates=100, benchmark points=10 independent of D_i, loss target points=100
Transition reduction OK: method=kmeans, raw rows N(T-1)=12000, target rows about 3000, B rows reduced from 12000 to about 3000
Return-operator approximation OK: method=rff, features=512, exact G avoided for estimated N=12000, m=800, L=100
Fixed benchmark config rows=4 (benchmark.num_points=10; additional points are support-safe target-policy draws if needed)
Fixed benchmark point 0: s_star=[0.6, -0.8, 0.7, -0.5, 0.9], a_star=[0.5]
Fixed benchmark behavior-support interval for configured rows: min_lower=-0.12, max_upper=1.11
Fixed benchmark target-policy location range: [-0.02, 0.14]
Full benchmark support check OK: 10 points, min_lower=-2.177, max_upper=2.05
observed behavior actions: mean=0.402, sd=0.6746, q0/q10/q50/q90/q100=[-1.9892820119857788, -0.39969668090343474, 0.333392858505249, 1.3160417675971985, 3.1579198837280273]
target-policy sampled actions: mean=-0.0262, sd=0.6712, q0/q10/q50/q90/q100=[-2.8618988076820258, -0.8853734003379115, -0.02195057634432239, 0.8323884210868038, 2.5539544839448998]
behavior uniform lower: mean=-0.126, sd=0.6652, q0/q10/q50/q90/q100=[-2.9326177835464478, -0.9817531192302704, -0.1263689339160919, 0.7235978198051454, 2.3548832297325135]
behavior uniform upper: mean=0.9194, sd=0.6476, q0/q10/q50/q90/q100=[-0.9382962226867676, 0.0825298642367125, 0.9251456812024117, 1.760803302526474, 3.3548832297325135]
target location inside behavior uniform support: 0.969
RUN: /sw/user/python/miniforge3-pytorch-24.11.3/bin/python3 main_est.py
# ================================================================ #
#   Global KE-DRL estimation for one offline replicate              #
# ================================================================ #
Slurm Job ID: 2358955
Slurm Array ID: 76 -- used as the offline-replicate id
Offline data id: 76
ke_drl import source: /work/nvme/bfez/mehrdad3/DistRL/simulation_3/runs/sim3_global_2358722_1/.kedrl_site_176/ke_drl/__init__.py
Estimator device: cuda (NVIDIA GH200 120GB, capability 9.0); torch CUDA=13.0
Random seed: 20460588
Number of offline replicates: 100
[transition reduction] enabled: original rows=12000, target basis=3000, method=kmeans, device=cuda
[transition reduction] kmeans iter 1/20, mean center shift=2.7114e-01
[transition reduction] kmeans iter 5/20, mean center shift=5.4454e-03
[transition reduction] kmeans iter 10/20, mean center shift=5.4119e-08
[transition reduction] selected 3090 rows from 12000 transitions (ratio 0.2575); indices saved to data/reduced_transition_indices_76.pt
Data and parameters loaded.
offline path: data/offline_data_76.pt
benchmark true-Z path: data/Z_true.pt
offline shapes after reduction: s0=(3090, 5), a0=(3090, 1), r0=(3090, 3)
transition reduction: {'enabled': True, 'method': 'kmeans', 'original_rows': 12000, 'reduced_rows': 3090, 'selected_indices_path': 'data/reduced_transition_indices_76.pt', 'target_basis': 3000, 'compression_ratio': 0.2575}
fixed benchmark point source: fixed_config_plus_support_safe_target_policy_draws
benchmark row excluded from this offline data: None
global loss target set shape: s_star=(100, 5), a_star=(100, 1)
benchmark true-Z count=10, shape each=(50000, 3)
target policy: logistic
behavior policy: uniform
lambda_Gamma=0.005, lambda_B=0.002, d_r_method=song
dtype=torch.float32, operator_method=rff, operator_num_features=512
ridge_mode=rkhs, diagnostic_interval=50
mass_anchor_lambda=1.0, target_mass=1.0
uLSIF basis: source=numerator, n_basis=512, lambda_reg=0.005
optimizer stabilizers: lambda_neg=0.0, max_B_norm=None, eta_clip_min=0.0, eta_clip_max=5.0, normalize_eta=True
========================================
Estimating the global KE-DRL mean embedding
torch device=cuda, dtype=torch.float32
Data dims: N=3090, L=100, Ds=5, Da=1, Dr=3
lambda_Gamma=0.005, lambda_B=0.002
return-operator construction: method=rff, rff_features=512
[uLSIF] basis=512/3090 (numerator); eta_hat min=-6.299e-01 max=4.964e+00 neg%=3.53
ESS for eta_plus: 2157.2 / 3090
eta_plus diagnostics: raw_mean=0.999, raw_min=-0.63, raw_max=4.96; used_mean=1, used_min=0, used_max=4.94
[timing] Z-grid: 0.03s
[timing] K_X: 0.00s
[timing] K_plus: 0.00s
[timing] k_star: 0.00s
[timing] Gamma_stack: 0.01s
[timing] Phi_stack: 0.00s
[timing] RFF feature sample: 0.00s
[timing] K_Z RFF: 0.00s
[timing] G_stack RFF: 0.01s
[timing] H_stack RFF: 0.01s
findfont: Font family 'Nimbus Roman' not found.
findfont: Font family 'Nimbus Roman' not found.
findfont: Font family 'Nimbus Roman' not found.
findfont: Font family 'Nimbus Roman' not found.
findfont: Font family 'Nimbus Roman' not found.
findfont: Font family 'Nimbus Roman' not found.
findfont: Font family 'Nimbus Roman' not found.
findfont: Font family 'Nimbus Roman' not found.
findfont: Font family 'Nimbus Roman' not found.
findfont: Font family 'Nimbus Roman' not found.
findfont: Font family 'Nimbus Roman' not found.
findfont: Font family 'Nimbus Roman' not found.
findfont: Font family 'Nimbus Roman' not found.
findfont: Font family 'Nimbus Roman' not found.
findfont: Font family 'Nimbus Roman' not found.
findfont: Font family 'Nimbus Roman' not found.
findfont: Font family 'Nimbus Roman' not found.
findfont: Font family 'Nimbus Roman' not found.
findfont: Font family 'Nimbus Roman' not found.
findfont: Font family 'Nimbus Roman' not found.
findfont: Font family 'Nimbus Roman' not found.
findfont: Font family 'Nimbus Roman' not found.
findfont: Font family 'Nimbus Roman' not found.
findfont: Font family 'Nimbus Roman' not found.
findfont: Font family 'Nimbus Roman' not found.
findfont: Font family 'Nimbus Roman' not found.
findfont: Font family 'Nimbus Roman' not found.
findfont: Font family 'Nimbus Roman' not found.
findfont: Font family 'Nimbus Roman' not found.
findfont: Font family 'Nimbus Roman' not found.
findfont: Font family 'Nimbus Roman' not found.
findfont: Font family 'Nimbus Roman' not found.
findfont: Font family 'Nimbus Roman' not found.
findfont: Font family 'Nimbus Roman' not found.
findfont: Font family 'Nimbus Roman' not found.
findfont: Font family 'Nimbus Roman' not found.
findfont: Font family 'Nimbus Roman' not found.
findfont: Font family 'Nimbus Roman' not found.
findfont: Font family 'Nimbus Roman' not found.
findfont: Font family 'Nimbus Roman' not found.
findfont: Font family 'Nimbus Roman' not found.
findfont: Font family 'Nimbus Roman' not found.
findfont: Font family 'Nimbus Roman' not found.
findfont: Font family 'Nimbus Roman' not found.
findfont: Font family 'Nimbus Roman' not found.
findfont: Font family 'Nimbus Roman' not found.
findfont: Font family 'Nimbus Roman' not found.
findfont: Font family 'Nimbus Roman' not found.
findfont: Font family 'Nimbus Roman' not found.
findfont: Font family 'Nimbus Roman' not found.
findfont: Font family 'Nimbus Roman' not found.
findfont: Font family 'Nimbus Roman' not found.
findfont: Font family ['Nimbus Roman'] not found. Falling back to DejaVu Sans.
findfont: Font family 'Nimbus Roman' not found.
findfont: Font family ['Nimbus Roman'] not found. Falling back to DejaVu Sans.
findfont: Font family 'Nimbus Roman' not found.
findfont: Font family 'Nimbus Roman' not found.
findfont: Font family 'Nimbus Roman' not found.
findfont: Font family 'Nimbus Roman' not found.
findfont: Font family 'Nimbus Roman' not found.
findfont: Font family 'Nimbus Roman' not found.
findfont: Font family 'Nimbus Roman' not found.
findfont: Font family 'Nimbus Roman' not found.
findfont: Font family 'Nimbus Roman' not found.
findfont: Font family 'Nimbus Roman' not found.
findfont: Font family 'Nimbus Roman' not found.
findfont: Font family 'Nimbus Roman' not found.
findfont: Font family 'Nimbus Roman' not found.
findfont: Font family ['Nimbus Roman'] not found. Falling back to DejaVu Sans.
findfont: Font family 'Nimbus Roman' not found.
findfont: Font family 'Nimbus Roman' not found.
findfont: Font family 'Nimbus Roman' not found.
findfont: Font family 'Nimbus Roman' not found.
findfont: Font family 'Nimbus Roman' not found.
findfont: Font family 'Nimbus Roman' not found.
findfont: Font family 'Nimbus Roman' not found.
findfont: Font family 'Nimbus Roman' not found.
findfont: Font family 'Nimbus Roman' not found.
findfont: Font family 'Nimbus Roman' not found.
findfont: Font family 'Nimbus Roman' not found.
findfont: Font family 'Nimbus Roman' not found.
findfont: Font family 'Nimbus Roman' not found.
findfont: Font family 'Nimbus Roman' not found.
findfont: Font family 'Nimbus Roman' not found.
findfont: Font family 'Nimbus Roman' not found.
findfont: Font family 'Nimbus Roman' not found.
findfont: Font family 'Nimbus Roman' not found.
findfont: Font family 'Nimbus Roman' not found.
findfont: Font family 'Nimbus Roman' not found.
findfont: Font family 'Nimbus Roman' not found.
findfont: Font family 'Nimbus Roman' not found.
findfont: Font family 'Nimbus Roman' not found.
findfont: Font family 'Nimbus Roman' not found.
findfont: Font family 'Nimbus Roman' not found.
findfont: Font family 'Nimbus Roman' not found.
findfont: Font family 'Nimbus Roman' not found.
findfont: Font family 'Nimbus Roman' not found.
findfont: Font family 'Nimbus Roman' not found.
findfont: Font family 'Nimbus Roman' not found.
findfont: Font family 'Nimbus Roman' not found.
findfont: Font family 'Nimbus Roman' not found.
findfont: Font family 'Nimbus Roman' not found.
findfont: Font family 'Nimbus Roman' not found.
findfont: Font family 'Nimbus Roman' not found.
findfont: Font family 'Nimbus Roman' not found.
findfont: Font family 'Nimbus Roman' not found.
findfont: Font family 'Nimbus Roman' not found.
findfont: Font family 'Nimbus Roman' not found.
findfont: Font family 'Nimbus Roman' not found.
findfont: Font family 'Nimbus Roman' not found.
findfont: Font family 'Nimbus Roman' not found.
findfont: Font family 'Nimbus Roman' not found.
findfont: Font family 'Nimbus Roman' not found.
findfont: Font family 'Nimbus Roman' not found.
findfont: Font family 'Nimbus Roman' not found.
findfont: Font family 'Nimbus Roman' not found.
findfont: Font family 'Nimbus Roman' not found.
findfont: Font family 'Nimbus Roman' not found.
findfont: Font family 'Nimbus Roman' not found.
findfont: Font family 'Nimbus Roman' not found.
findfont: Font family 'Nimbus Roman' not found.
findfont: Font family 'Nimbus Roman' not found.
findfont: Font family 'Nimbus Roman' not found.
findfont: Font family 'Nimbus Roman' not found.
findfont: Font family 'Nimbus Roman' not found.
findfont: Font family 'Nimbus Roman' not found.
findfont: Font family 'Nimbus Roman' not found.
findfont: Font family 'Nimbus Roman' not found.
findfont: Font family 'Nimbus Roman' not found.
findfont: Font family 'Nimbus Roman' not found.
findfont: Font family 'Nimbus Roman' not found.
findfont: Font family 'Nimbus Roman' not found.
findfont: Font family 'Nimbus Roman' not found.
findfont: Font family 'Nimbus Roman' not found.
findfont: Font family 'Nimbus Roman' not found.
findfont: Font family 'Nimbus Roman' not found.
findfont: Font family 'Nimbus Roman' not found.
findfont: Font family 'Nimbus Roman' not found.
findfont: Font family 'Nimbus Roman' not found.
findfont: Font family 'Nimbus Roman' not found.
findfont: Font family 'Nimbus Roman' not found.
findfont: Font family 'Nimbus Roman' not found.
findfont: Font family 'Nimbus Roman' not found.
findfont: Font family 'Nimbus Roman' not found.
findfont: Font family 'Nimbus Roman' not found.
findfont: Font family 'Nimbus Roman' not found.
findfont: Font family 'Nimbus Roman' not found.
findfont: Font family 'Nimbus Roman' not found.
findfont: Font family 'Nimbus Roman' not found.
findfont: Font family 'Nimbus Roman' not found.
findfont: Font family 'Nimbus Roman' not found.
findfont: Font family 'Nimbus Roman' not found.
findfont: Font family 'Nimbus Roman' not found.
findfont: Font family 'Nimbus Roman' not found.
findfont: Font family 'Nimbus Roman' not found.
findfont: Font family 'Nimbus Roman' not found.
findfont: Font family 'Nimbus Roman' not found.
findfont: Font family 'Nimbus Roman' not found.
findfont: Font family 'Nimbus Roman' not found.
Ridge mode: rkhs; diagnostic interval: 50
Iter 1/4000 | log_obj=9.925e+00 | log_Bellman_root=3.576e+00 | mass=1.92e+04 | neg=0.00e+00 | grad=6.80e+02
Iter 400/4000 | log_obj=6.086e+00 | log_Bellman_root=1.647e+00 | mass=4.13e+02 | neg=0.00e+00 | grad=1.02e+04
Iter 800/4000 | log_obj=4.028e+00 | log_Bellman_root=6.273e-01 | mass=5.26e+01 | neg=0.00e+00 | grad=1.12e+04
Iter 1200/4000 | log_obj=4.734e+00 | log_Bellman_root=9.773e-01 | mass=1.07e+02 | neg=0.00e+00 | grad=8.05e+03
Iter 1600/4000 | log_obj=3.813e+00 | log_Bellman_root=5.095e-01 | mass=4.25e+01 | neg=0.00e+00 | grad=2.55e+03
Iter 2000/4000 | log_obj=4.033e+00 | log_Bellman_root=6.280e-01 | mass=5.29e+01 | neg=0.00e+00 | grad=8.15e+03
Iter 2400/4000 | log_obj=4.416e+00 | log_Bellman_root=8.182e-01 | mass=7.76e+01 | neg=0.00e+00 | grad=1.48e+03
Iter 2800/4000 | log_obj=3.810e+00 | log_Bellman_root=5.083e-01 | mass=4.24e+01 | neg=0.00e+00 | grad=2.55e+03
Iter 3200/4000 | log_obj=4.036e+00 | log_Bellman_root=6.288e-01 | mass=5.31e+01 | neg=0.00e+00 | grad=8.16e+03
Iter 3600/4000 | log_obj=4.419e+00 | log_Bellman_root=8.190e-01 | mass=7.78e+01 | neg=0.00e+00 | grad=1.47e+03
Iter 4000/4000 | log_obj=3.806e+00 | log_Bellman_root=5.071e-01 | mass=4.22e+01 | neg=0.00e+00 | grad=2.54e+03
Done in 11.81s.
KE-DRL global estimation is done.
B_hat shape: (3090, 800)
B_hat rank diagnostics: {'B_num_rows': 3090, 'B_num_cols': 800, 'B_min_dim': 800, 'B_numerical_rank': 800, 'B_rank_fraction': 1.0, 'B_rank_tolerance': 3.5465060088668565e-05, 'B_stable_rank': 266.4845275878906, 'B_effective_rank': 771.6204724235715, 'B_entropy_rank': 6.648492813110352, 'B_spectral_norm': 0.09627912193536758, 'B_frobenius_norm': 1.5716944932937622, 'B_nuclear_norm': 42.946937561035156, 'B_condition_number': 3.5257180937595707, 'B_condition_number_tol': 3.5257180937595707, 'B_smallest_singular_value': 0.0273076631128788, 'B_rank_rel_1em2': 800, 'B_rank_rel_1em3': 800, 'B_rank_rel_1em4': 800}
Global-loss target mass diagnostics: {'target_mass_mean': -5.070210933685303, 'target_mass_min': -9.60552978515625, 'target_mass_max': 0.06123810261487961, 'target_mass_sd': 2.3311245441436768, 'target_mass_rmse_to_target': 6.498250484466553, 'target_beta_min': -0.05563654750585556, 'target_beta_max': 0.06399909406900406, 'target_neg_frac_mean': 0.7587625}
Return dictionary Z_grid shape: (800, 3)
Replicate 76 risk metrics: {'risk_n_steps_recorded': 81.0, 'risk_n_diagnostics_recorded': 81.0, 'risk_log_obj_initial': 9.924824694264537, 'risk_log_obj_final': 3.8064034806715483, 'risk_log_obj_min': 3.8064034806715483, 'risk_obj_initial': 20431.328124999993, 'risk_obj_final': 44.98834609985352, 'risk_obj_min': 44.98834609985352, 'risk_log_obj_drop': 6.118421213592988, 'risk_log_bellman_root_initial': 3.5757793498580286, 'risk_log_bellman_root_final': 0.5070507313270677, 'risk_log_bellman_root_min': 0.5070507313270677, 'risk_bellman_root_initial': 35.72245025634766, 'risk_bellman_root_final': 1.6603870391845703, 'risk_bellman_root_min': 1.6603870391845703, 'risk_bellman_initial': 1276.0934523172332, 'risk_bellman_final': 2.756885119892104, 'risk_bellman_min': 2.756885119892104, 'risk_log_bellman_root_drop': 3.068728618530961, 'risk_bellman_returned': 2.756885290145874, 'risk_obj_returned': 44.988346099853516, 'risk_returned_step': 4000.0, 'offline_data_id': 76, 'benchmark_point_source': 'fixed_config_plus_support_safe_target_policy_draws', 'target_set_size': 100, 'lambda_reg': 0.005, 'lambda_B': 0.002, 'num_steps': 4000, 'transition_reduction_enabled': 1, 'transition_reduction_method': 'kmeans', 'transition_original_rows': 12000, 'transition_reduced_rows': 3090, 'transition_compression_ratio': 0.2575, 'target_mass_mean': -5.070210933685303, 'target_mass_min': -9.60552978515625, 'target_mass_max': 0.06123810261487961, 'target_mass_sd': 2.3311245441436768, 'target_mass_rmse_to_target': 6.498250484466553, 'target_beta_min': -0.05563654750585556, 'target_beta_max': 0.06399909406900406, 'target_neg_frac_mean': 0.7587625, 'B_num_rows': 3090, 'B_num_cols': 800, 'B_min_dim': 800, 'B_numerical_rank': 800, 'B_rank_fraction': 1.0, 'B_rank_tolerance': 3.5465060088668565e-05, 'B_stable_rank': 266.4845275878906, 'B_effective_rank': 771.6204724235715, 'B_entropy_rank': 6.648492813110352, 'B_spectral_norm': 0.09627912193536758, 'B_frobenius_norm': 1.5716944932937622, 'B_nuclear_norm': 42.946937561035156, 'B_condition_number': 3.5257180937595707, 'B_condition_number_tol': 3.5257180937595707, 'B_smallest_singular_value': 0.0273076631128788, 'B_rank_rel_1em2': 800, 'B_rank_rel_1em3': 800, 'B_rank_rel_1em4': 800, 'risk_objective_final_raw': 44.988346099853516, 'risk_objective_min_raw': 44.988346099853516, 'risk_objective_max_raw': 20431.328125, 'risk_bellman_final_raw': 2.756885290145874, 'risk_bellman_min_raw': 2.756885290145874, 'risk_bellman_max_raw': 1276.093505859375, 'risk_rkhs_ridge_final_raw': 0.004200424533337355, 'risk_rkhs_ridge_min_raw': 0.004200424533337355, 'risk_rkhs_ridge_max_raw': 0.2344106286764145, 'risk_mass_final_raw': 42.22726058959961, 'risk_mass_min_raw': 42.22726058959961, 'risk_mass_max_raw': 19155.0, 'risk_negativity_final_raw': 0.0, 'risk_negativity_min_raw': 0.0, 'risk_negativity_max_raw': 0.0, 'risk_B_norm_final_raw': 1.5715264081954956, 'risk_B_norm_min_raw': 1.5715264081954956, 'risk_B_norm_max_raw': 1.6410791873931885, 'risk_diagnostic_step_final_raw': 4000.0, 'risk_diagnostic_step_min_raw': 1.0, 'risk_diagnostic_step_max_raw': 4000.0, 'risk_best_step_final_raw': 4000.0, 'risk_best_step_min_raw': 4000.0, 'risk_best_step_max_raw': 4000.0, 'risk_best_objective_final_raw': 44.988346099853516, 'risk_best_objective_min_raw': 44.988346099853516, 'risk_best_objective_max_raw': 44.988346099853516, 'risk_best_bellman_final_raw': 2.756885290145874, 'risk_best_bellman_min_raw': 2.756885290145874, 'risk_best_bellman_max_raw': 2.756885290145874, 'risk_returned_step_final_raw': 4000.0, 'risk_returned_step_min_raw': 4000.0, 'risk_returned_step_max_raw': 4000.0, 'risk_returned_objective_final_raw': 44.988346099853516, 'risk_returned_objective_min_raw': 44.988346099853516, 'risk_returned_objective_max_raw': 44.988346099853516, 'risk_returned_bellman_final_raw': 2.756885290145874, 'risk_returned_bellman_min_raw': 2.756885290145874, 'risk_returned_bellman_max_raw': 2.756885290145874, 'risk_returned_best_checkpoint_final_raw': 1.0, 'risk_returned_best_checkpoint_min_raw': 1.0, 'risk_returned_best_checkpoint_max_raw': 1.0}
Benchmark 0 evaluation grid shape: (800, 3)
Replicate 76, benchmark 0 metrics: {'run_id': '76_b0', 'RMSE': 1.1808324627793114, 'MAE': 1.0276058228860347, 'SupNorm': 2.4515986144542694, 'Bias': -1.0276058228860347, 'Corr': -0.380481871604353, 'deming_slope': -14.473554282255682, 'deming_intercept': 3.029858698441478, 'beta_sum': -3.4657158851623535, 'beta_l1': 5.597168922424316, 'beta_l2': 0.2443133443593979, 'beta_min': -0.02738189324736595, 'beta_max': 0.017311811447143555, 'beta_neg_frac': 0.7225, 'offline_data_id': 76, 'benchmark_id': 0, 'benchmark_point_source': 'fixed_config', 'target_set_size': 100, 'benchmark_z_path': 'data/Z_true.pt', 'projected_bellman_test_risk': 0.029313160106539726, 'oracle_embedding_risk': 8.160804748535156, 'benchmark_embedding_risk': 8.160804748535156, 'risk_bellman_final': 2.756885119892104, 'risk_obj_final': 44.98834609985352, 'B_num_rows': 3090, 'B_num_cols': 800, 'B_min_dim': 800, 'B_numerical_rank': 800, 'B_rank_fraction': 1.0, 'B_rank_tolerance': 3.5465060088668565e-05, 'B_stable_rank': 266.4845275878906, 'B_effective_rank': 771.6204724235715, 'B_entropy_rank': 6.648492813110352, 'B_spectral_norm': 0.09627912193536758, 'B_frobenius_norm': 1.5716944932937622, 'B_nuclear_norm': 42.946937561035156, 'B_condition_number': 3.5257180937595707, 'B_condition_number_tol': 3.5257180937595707, 'B_smallest_singular_value': 0.0273076631128788, 'B_rank_rel_1em2': 800, 'B_rank_rel_1em3': 800, 'B_rank_rel_1em4': 800}
Saved ./mu/mu_hat.csv shape=(800,)
Saved ./mu/mu2D_hat_dims01.csv shape=(120, 120)
Saved ./mu/mu2D_hat_dims01.csv shape=(120, 120)
Saved plots/replicate_76/mu_3D.png
Benchmark 1 evaluation grid shape: (800, 3)
Replicate 76, benchmark 1 metrics: {'run_id': '76_b1', 'RMSE': 3.638708843783577, 'MAE': 3.355266621845949, 'SupNorm': 6.0155550837516785, 'Bias': -3.355266621845949, 'Corr': -0.9930767341785915, 'deming_slope': -13.802943500128208, 'deming_intercept': 0.5014076105338412, 'beta_sum': -10.041667938232422, 'beta_l1': 11.667852401733398, 'beta_l2': 0.49428656697273254, 'beta_min': -0.05284809321165085, 'beta_max': 0.02692790888249874, 'beta_neg_frac': 0.86, 'offline_data_id': 76, 'benchmark_id': 1, 'benchmark_point_source': 'fixed_config', 'target_set_size': 100, 'benchmark_z_path': 'data/Z_true.pt', 'projected_bellman_test_risk': 5.314255237579346, 'oracle_embedding_risk': 45.38063049316406, 'benchmark_embedding_risk': 45.38063049316406, 'risk_bellman_final': 2.756885119892104, 'risk_obj_final': 44.98834609985352, 'B_num_rows': 3090, 'B_num_cols': 800, 'B_min_dim': 800, 'B_numerical_rank': 800, 'B_rank_fraction': 1.0, 'B_rank_tolerance': 3.5465060088668565e-05, 'B_stable_rank': 266.4845275878906, 'B_effective_rank': 771.6204724235715, 'B_entropy_rank': 6.648492813110352, 'B_spectral_norm': 0.09627912193536758, 'B_frobenius_norm': 1.5716944932937622, 'B_nuclear_norm': 42.946937561035156, 'B_condition_number': 3.5257180937595707, 'B_condition_number_tol': 3.5257180937595707, 'B_smallest_singular_value': 0.0273076631128788, 'B_rank_rel_1em2': 800, 'B_rank_rel_1em3': 800, 'B_rank_rel_1em4': 800}
Benchmark 2 evaluation grid shape: (800, 3)
Replicate 76, benchmark 2 metrics: {'run_id': '76_b2', 'RMSE': 3.4670045459171805, 'MAE': 3.1966520487403614, 'SupNorm': 5.731177240610123, 'Bias': -3.1966520487403614, 'Corr': -0.9089881227705096, 'deming_slope': -14.8894151013984, 'deming_intercept': 1.0622448474246924, 'beta_sum': -9.498006820678711, 'beta_l1': 11.136031150817871, 'beta_l2': 0.4752396047115326, 'beta_min': -0.05124814808368683, 'beta_max': 0.025576453655958176, 'beta_neg_frac': 0.855, 'offline_data_id': 76, 'benchmark_id': 2, 'benchmark_point_source': 'fixed_config', 'target_set_size': 100, 'benchmark_z_path': 'data/Z_true.pt', 'projected_bellman_test_risk': 4.115843772888184, 'oracle_embedding_risk': 41.270233154296875, 'benchmark_embedding_risk': 41.270233154296875, 'risk_bellman_final': 2.756885119892104, 'risk_obj_final': 44.98834609985352, 'B_num_rows': 3090, 'B_num_cols': 800, 'B_min_dim': 800, 'B_numerical_rank': 800, 'B_rank_fraction': 1.0, 'B_rank_tolerance': 3.5465060088668565e-05, 'B_stable_rank': 266.4845275878906, 'B_effective_rank': 771.6204724235715, 'B_entropy_rank': 6.648492813110352, 'B_spectral_norm': 0.09627912193536758, 'B_frobenius_norm': 1.5716944932937622, 'B_nuclear_norm': 42.946937561035156, 'B_condition_number': 3.5257180937595707, 'B_condition_number_tol': 3.5257180937595707, 'B_smallest_singular_value': 0.0273076631128788, 'B_rank_rel_1em2': 800, 'B_rank_rel_1em3': 800, 'B_rank_rel_1em4': 800}
Benchmark 3 evaluation grid shape: (800, 3)
Replicate 76, benchmark 3 metrics: {'run_id': '76_b3', 'RMSE': 3.3444127769039613, 'MAE': 3.064790306468494, 'SupNorm': 5.609778553247452, 'Bias': -3.064790306468494, 'Corr': -0.9375091090908542, 'deming_slope': -13.976774998371067, 'deming_intercept': 0.8179392825309213, 'beta_sum': -9.346260070800781, 'beta_l1': 10.902244567871094, 'beta_l2': 0.46371662616729736, 'beta_min': -0.046226948499679565, 'beta_max': 0.02353522926568985, 'beta_neg_frac': 0.86125, 'offline_data_id': 76, 'benchmark_id': 3, 'benchmark_point_source': 'fixed_config', 'target_set_size': 100, 'benchmark_z_path': 'data/Z_true.pt', 'projected_bellman_test_risk': 3.999281167984009, 'oracle_embedding_risk': 39.94264221191406, 'benchmark_embedding_risk': 39.94264221191406, 'risk_bellman_final': 2.756885119892104, 'risk_obj_final': 44.98834609985352, 'B_num_rows': 3090, 'B_num_cols': 800, 'B_min_dim': 800, 'B_numerical_rank': 800, 'B_rank_fraction': 1.0, 'B_rank_tolerance': 3.5465060088668565e-05, 'B_stable_rank': 266.4845275878906, 'B_effective_rank': 771.6204724235715, 'B_entropy_rank': 6.648492813110352, 'B_spectral_norm': 0.09627912193536758, 'B_frobenius_norm': 1.5716944932937622, 'B_nuclear_norm': 42.946937561035156, 'B_condition_number': 3.5257180937595707, 'B_condition_number_tol': 3.5257180937595707, 'B_smallest_singular_value': 0.0273076631128788, 'B_rank_rel_1em2': 800, 'B_rank_rel_1em3': 800, 'B_rank_rel_1em4': 800}
Benchmark 4 evaluation grid shape: (800, 3)
Replicate 76, benchmark 4 metrics: {'run_id': '76_b4', 'RMSE': 0.6379101112854327, 'MAE': 0.5238758824154501, 'SupNorm': 1.682025358080864, 'Bias': -0.5238758824154501, 'Corr': 0.036008881649935355, 'deming_slope': 96.98550841894405, 'deming_intercept': -26.114061987093105, 'beta_sum': -2.2228469848632812, 'beta_l1': 5.076389789581299, 'beta_l2': 0.24090929329395294, 'beta_min': -0.024222910404205322, 'beta_max': 0.05969825014472008, 'beta_neg_frac': 0.6875, 'offline_data_id': 76, 'benchmark_id': 4, 'benchmark_point_source': 'support_safe_target_policy_draw', 'target_set_size': 100, 'benchmark_z_path': 'data/Z_true.pt', 'projected_bellman_test_risk': 0.028029831126332283, 'oracle_embedding_risk': 4.477603912353516, 'benchmark_embedding_risk': 4.477603912353516, 'risk_bellman_final': 2.756885119892104, 'risk_obj_final': 44.98834609985352, 'B_num_rows': 3090, 'B_num_cols': 800, 'B_min_dim': 800, 'B_numerical_rank': 800, 'B_rank_fraction': 1.0, 'B_rank_tolerance': 3.5465060088668565e-05, 'B_stable_rank': 266.4845275878906, 'B_effective_rank': 771.6204724235715, 'B_entropy_rank': 6.648492813110352, 'B_spectral_norm': 0.09627912193536758, 'B_frobenius_norm': 1.5716944932937622, 'B_nuclear_norm': 42.946937561035156, 'B_condition_number': 3.5257180937595707, 'B_condition_number_tol': 3.5257180937595707, 'B_smallest_singular_value': 0.0273076631128788, 'B_rank_rel_1em2': 800, 'B_rank_rel_1em3': 800, 'B_rank_rel_1em4': 800}
Benchmark 5 evaluation grid shape: (800, 3)
Replicate 76, benchmark 5 metrics: {'run_id': '76_b5', 'RMSE': 0.28245928228488365, 'MAE': 0.26652345794906523, 'SupNorm': 0.43364304676651955, 'Bias': -0.26652345794906523, 'Corr': 0.08083186045013041, 'deming_slope': 0.016589155243747176, 'deming_intercept': -0.013802011030338035, 'beta_sum': -0.08943669497966766, 'beta_l1': 0.6446932554244995, 'beta_l2': 0.02869768626987934, 'beta_min': -0.003694672603160143, 'beta_max': 0.003719721455127001, 'beta_neg_frac': 0.55625, 'offline_data_id': 76, 'benchmark_id': 5, 'benchmark_point_source': 'support_safe_target_policy_draw', 'target_set_size': 100, 'benchmark_z_path': 'data/Z_true.pt', 'projected_bellman_test_risk': 0.02436671406030655, 'oracle_embedding_risk': 1.0310555696487427, 'benchmark_embedding_risk': 1.0310555696487427, 'risk_bellman_final': 2.756885119892104, 'risk_obj_final': 44.98834609985352, 'B_num_rows': 3090, 'B_num_cols': 800, 'B_min_dim': 800, 'B_numerical_rank': 800, 'B_rank_fraction': 1.0, 'B_rank_tolerance': 3.5465060088668565e-05, 'B_stable_rank': 266.4845275878906, 'B_effective_rank': 771.6204724235715, 'B_entropy_rank': 6.648492813110352, 'B_spectral_norm': 0.09627912193536758, 'B_frobenius_norm': 1.5716944932937622, 'B_nuclear_norm': 42.946937561035156, 'B_condition_number': 3.5257180937595707, 'B_condition_number_tol': 3.5257180937595707, 'B_smallest_singular_value': 0.0273076631128788, 'B_rank_rel_1em2': 800, 'B_rank_rel_1em3': 800, 'B_rank_rel_1em4': 800}
Benchmark 6 evaluation grid shape: (800, 3)
Replicate 76, benchmark 6 metrics: {'run_id': '76_b6', 'RMSE': 1.8785879346598378, 'MAE': 1.6727275857503991, 'SupNorm': 3.506763219833374, 'Bias': -1.6727275857503991, 'Corr': -0.6147066181687143, 'deming_slope': -13.399874985914508, 'deming_intercept': 2.128712532169194, 'beta_sum': -5.357460021972656, 'beta_l1': 7.112720489501953, 'beta_l2': 0.30929645895957947, 'beta_min': -0.033760011196136475, 'beta_max': 0.020383495837450027, 'beta_neg_frac': 0.785, 'offline_data_id': 76, 'benchmark_id': 6, 'benchmark_point_source': 'support_safe_target_policy_draw', 'target_set_size': 100, 'benchmark_z_path': 'data/Z_true.pt', 'projected_bellman_test_risk': 0.19013825058937073, 'oracle_embedding_risk': 15.751546859741211, 'benchmark_embedding_risk': 15.751546859741211, 'risk_bellman_final': 2.756885119892104, 'risk_obj_final': 44.98834609985352, 'B_num_rows': 3090, 'B_num_cols': 800, 'B_min_dim': 800, 'B_numerical_rank': 800, 'B_rank_fraction': 1.0, 'B_rank_tolerance': 3.5465060088668565e-05, 'B_stable_rank': 266.4845275878906, 'B_effective_rank': 771.6204724235715, 'B_entropy_rank': 6.648492813110352, 'B_spectral_norm': 0.09627912193536758, 'B_frobenius_norm': 1.5716944932937622, 'B_nuclear_norm': 42.946937561035156, 'B_condition_number': 3.5257180937595707, 'B_condition_number_tol': 3.5257180937595707, 'B_smallest_singular_value': 0.0273076631128788, 'B_rank_rel_1em2': 800, 'B_rank_rel_1em3': 800, 'B_rank_rel_1em4': 800}
Benchmark 7 evaluation grid shape: (800, 3)
Replicate 76, benchmark 7 metrics: {'run_id': '76_b7', 'RMSE': 1.7557082693341441, 'MAE': 1.536570083204715, 'SupNorm': 3.4673562347888947, 'Bias': -1.536570083204715, 'Corr': -0.49765693911122105, 'deming_slope': -17.06303087123527, 'deming_intercept': 3.186645004404874, 'beta_sum': -5.520013809204102, 'beta_l1': 7.391763687133789, 'beta_l2': 0.3188183903694153, 'beta_min': -0.041745733469724655, 'beta_max': 0.025721658021211624, 'beta_neg_frac': 0.785, 'offline_data_id': 76, 'benchmark_id': 7, 'benchmark_point_source': 'support_safe_target_policy_draw', 'target_set_size': 100, 'benchmark_z_path': 'data/Z_true.pt', 'projected_bellman_test_risk': 0.40443888306617737, 'oracle_embedding_risk': 15.919740676879883, 'benchmark_embedding_risk': 15.919740676879883, 'risk_bellman_final': 2.756885119892104, 'risk_obj_final': 44.98834609985352, 'B_num_rows': 3090, 'B_num_cols': 800, 'B_min_dim': 800, 'B_numerical_rank': 800, 'B_rank_fraction': 1.0, 'B_rank_tolerance': 3.5465060088668565e-05, 'B_stable_rank': 266.4845275878906, 'B_effective_rank': 771.6204724235715, 'B_entropy_rank': 6.648492813110352, 'B_spectral_norm': 0.09627912193536758, 'B_frobenius_norm': 1.5716944932937622, 'B_nuclear_norm': 42.946937561035156, 'B_condition_number': 3.5257180937595707, 'B_condition_number_tol': 3.5257180937595707, 'B_smallest_singular_value': 0.0273076631128788, 'B_rank_rel_1em2': 800, 'B_rank_rel_1em3': 800, 'B_rank_rel_1em4': 800}
Benchmark 8 evaluation grid shape: (800, 3)
Replicate 76, benchmark 8 metrics: {'run_id': '76_b8', 'RMSE': 0.7861104488453527, 'MAE': 0.6937789126931603, 'SupNorm': 1.5860881507396698, 'Bias': -0.6937789126931603, 'Corr': -0.4263589259436336, 'deming_slope': -7.069244900590147, 'deming_intercept': 1.4082124374838016, 'beta_sum': -1.9439159631729126, 'beta_l1': 3.6928224563598633, 'beta_l2': 0.16437670588493347, 'beta_min': -0.021176576614379883, 'beta_max': 0.01960812136530876, 'beta_neg_frac': 0.6775, 'offline_data_id': 76, 'benchmark_id': 8, 'benchmark_point_source': 'support_safe_target_policy_draw', 'target_set_size': 100, 'benchmark_z_path': 'data/Z_true.pt', 'projected_bellman_test_risk': 0.19157125055789948, 'oracle_embedding_risk': 3.8052120208740234, 'benchmark_embedding_risk': 3.8052120208740234, 'risk_bellman_final': 2.756885119892104, 'risk_obj_final': 44.98834609985352, 'B_num_rows': 3090, 'B_num_cols': 800, 'B_min_dim': 800, 'B_numerical_rank': 800, 'B_rank_fraction': 1.0, 'B_rank_tolerance': 3.5465060088668565e-05, 'B_stable_rank': 266.4845275878906, 'B_effective_rank': 771.6204724235715, 'B_entropy_rank': 6.648492813110352, 'B_spectral_norm': 0.09627912193536758, 'B_frobenius_norm': 1.5716944932937622, 'B_nuclear_norm': 42.946937561035156, 'B_condition_number': 3.5257180937595707, 'B_condition_number_tol': 3.5257180937595707, 'B_smallest_singular_value': 0.0273076631128788, 'B_rank_rel_1em2': 800, 'B_rank_rel_1em3': 800, 'B_rank_rel_1em4': 800}
Benchmark 9 evaluation grid shape: (800, 3)
Replicate 76, benchmark 9 metrics: {'run_id': '76_b9', 'RMSE': 1.8614129153833323, 'MAE': 1.6457647537614684, 'SupNorm': 3.453692317008972, 'Bias': -1.6457647537614684, 'Corr': -0.6063343408659624, 'deming_slope': -13.848555019031846, 'deming_intercept': 2.300464414118027, 'beta_sum': -5.182421684265137, 'beta_l1': 7.379307270050049, 'beta_l2': 0.31809455156326294, 'beta_min': -0.033072762191295624, 'beta_max': 0.025203844532370567, 'beta_neg_frac': 0.78, 'offline_data_id': 76, 'benchmark_id': 9, 'benchmark_point_source': 'support_safe_target_policy_draw', 'target_set_size': 100, 'benchmark_z_path': 'data/Z_true.pt', 'projected_bellman_test_risk': 0.03943004086613655, 'oracle_embedding_risk': 15.326129913330078, 'benchmark_embedding_risk': 15.326129913330078, 'risk_bellman_final': 2.756885119892104, 'risk_obj_final': 44.98834609985352, 'B_num_rows': 3090, 'B_num_cols': 800, 'B_min_dim': 800, 'B_numerical_rank': 800, 'B_rank_fraction': 1.0, 'B_rank_tolerance': 3.5465060088668565e-05, 'B_stable_rank': 266.4845275878906, 'B_effective_rank': 771.6204724235715, 'B_entropy_rank': 6.648492813110352, 'B_spectral_norm': 0.09627912193536758, 'B_frobenius_norm': 1.5716944932937622, 'B_nuclear_norm': 42.946937561035156, 'B_condition_number': 3.5257180937595707, 'B_condition_number_tol': 3.5257180937595707, 'B_smallest_singular_value': 0.0273076631128788, 'B_rank_rel_1em2': 800, 'B_rank_rel_1em3': 800, 'B_rank_rel_1em4': 800}
Replicate 76 finished in 20.6s
Finished combo 1, offline replicate 76.
