Job ID:    2359166
Array idx: 375
CPUs/node: 64
Mem/node:  131072
Using CC = cc 
Using CXX = CC 
Using FC = ftn 
Using F77 = ftn 
Using F90 = ftn 
cuda/12.6.1 is deprecated; loading cudatoolkit/25.5_12.9 instead.
Using CC = /opt/nvidia/hpc_sdk/Linux_aarch64/25.5/compilers/bin/nvc 
Using CXX = /opt/nvidia/hpc_sdk/Linux_aarch64/25.5/compilers/bin/nvc++ 
Using FC = /opt/nvidia/hpc_sdk/Linux_aarch64/25.5/compilers/bin/nvfortran 
Using F77 = /opt/nvidia/hpc_sdk/Linux_aarch64/25.5/compilers/bin/nvfortran 
Using F90 = /opt/nvidia/hpc_sdk/Linux_aarch64/25.5/compilers/bin/nvfortran 
Using CC = /opt/nvidia/hpc_sdk/Linux_aarch64/25.5/compilers/bin/nvc 
Using CXX = /opt/nvidia/hpc_sdk/Linux_aarch64/25.5/compilers/bin/nvc++ 
Using FC = /opt/nvidia/hpc_sdk/Linux_aarch64/25.5/compilers/bin/nvfortran 
Using F77 = /opt/nvidia/hpc_sdk/Linux_aarch64/25.5/compilers/bin/nvfortran 
Using F90 = /opt/nvidia/hpc_sdk/Linux_aarch64/25.5/compilers/bin/nvfortran 

Lmod is automatically replacing "gcc-native/14" with "gcc/14.2.0".

ghx4
0
Tuning combo id: 3 / 6
Offline replicate id: 75 / 99
Installing ke_drl from git: https://github.com/mehrdadmhmdi/ke-drl.git@main
Collecting git+https://github.com/mehrdadmhmdi/ke-drl.git@main
  Cloning https://github.com/mehrdadmhmdi/ke-drl.git (to revision main) to /tmp/pip-req-build-wepbpx2e
  Running command git clone --filter=blob:none --quiet https://github.com/mehrdadmhmdi/ke-drl.git /tmp/pip-req-build-wepbpx2e
  Resolved https://github.com/mehrdadmhmdi/ke-drl.git to commit 3c5d570e40ea15b1fbe4817b5f43b64c7b333e82
  Installing build dependencies: started
  Installing build dependencies: finished with status 'done'
  Getting requirements to build wheel: started
  Getting requirements to build wheel: finished with status 'done'
  Preparing metadata (pyproject.toml): started
  Preparing metadata (pyproject.toml): finished with status 'done'
Building wheels for collected packages: ke_drl
  Building wheel for ke_drl (pyproject.toml): started
  Building wheel for ke_drl (pyproject.toml): finished with status 'done'
  Created wheel for ke_drl: filename=ke_drl-0.1.0-py3-none-any.whl size=47219 sha256=ecbeb89bea4cc76273f9b725891cfb20e18ffb6a7de10e387d47cd4378bae4db
  Stored in directory: /tmp/pip-ephem-wheel-cache-uza68dek/wheels/24/47/ad/9a4ffd3b05d3e90e35ffc6e7324b735b8bfcf5f51aaf29a333
Successfully built ke_drl
Installing collected packages: ke_drl
Successfully installed ke_drl-0.1.0
Installed ke_drl source: /work/nvme/bfez/mehrdad3/DistRL/simulation_3/runs/sim3_global_2358722_3/.kedrl_site_375/ke_drl/__init__.py
Tuning combo 3: kernel_nu_7.5
Overrides: {'kernel': {'nu': 7.5}}
RUN: /sw/user/python/miniforge3-pytorch-24.11.3/bin/python3 validate_sim_config.py --params params.yaml
ke_drl import source: /work/nvme/bfez/mehrdad3/DistRL/simulation_3/runs/sim3_global_2358722_3/.kedrl_site_375/ke_drl/__init__.py
ke_drl package API OK: prediction weights, RFF operators, rank diagnostics, and best-checkpoint optimizer available
Policy config OK: behavior=uniform, target=logistic, state_dim=5, action_dim=1
Note: policy.logistic.theta_scale/theta_std are log-scale coefficients in Probability_Densities.
Behavior-policy linearized state-process diagnostic: spectral_radius=0.653, offline_burn_in=50
Replicate config OK: num_replicates=100, benchmark points=10 independent of D_i, loss target points=100
Transition reduction OK: method=kmeans, raw rows N(T-1)=12000, target rows about 3000, B rows reduced from 12000 to about 3000
Return-operator approximation OK: method=rff, features=512, exact G avoided for estimated N=12000, m=800, L=100
Fixed benchmark config rows=4 (benchmark.num_points=10; additional points are support-safe target-policy draws if needed)
Fixed benchmark point 0: s_star=[0.6, -0.8, 0.7, -0.5, 0.9], a_star=[0.5]
Fixed benchmark behavior-support interval for configured rows: min_lower=-0.12, max_upper=1.11
Fixed benchmark target-policy location range: [-0.02, 0.14]
Reusing shared data from /work/nvme/bfez/mehrdad3/DistRL/simulation_3/runs/sim3_shared_data/data for offline replicate 75.
RUN: /sw/user/python/miniforge3-pytorch-24.11.3/bin/python3 validate_sim_config.py --params params.yaml --data data/offline_data_75.pt
ke_drl import source: /work/nvme/bfez/mehrdad3/DistRL/simulation_3/runs/sim3_global_2358722_3/.kedrl_site_375/ke_drl/__init__.py
ke_drl package API OK: prediction weights, RFF operators, rank diagnostics, and best-checkpoint optimizer available
Policy config OK: behavior=uniform, target=logistic, state_dim=5, action_dim=1
Note: policy.logistic.theta_scale/theta_std are log-scale coefficients in Probability_Densities.
Behavior-policy linearized state-process diagnostic: spectral_radius=0.653, offline_burn_in=50
Replicate config OK: num_replicates=100, benchmark points=10 independent of D_i, loss target points=100
Transition reduction OK: method=kmeans, raw rows N(T-1)=12000, target rows about 3000, B rows reduced from 12000 to about 3000
Return-operator approximation OK: method=rff, features=512, exact G avoided for estimated N=12000, m=800, L=100
Fixed benchmark config rows=4 (benchmark.num_points=10; additional points are support-safe target-policy draws if needed)
Fixed benchmark point 0: s_star=[0.6, -0.8, 0.7, -0.5, 0.9], a_star=[0.5]
Fixed benchmark behavior-support interval for configured rows: min_lower=-0.12, max_upper=1.11
Fixed benchmark target-policy location range: [-0.02, 0.14]
Full benchmark support check OK: 10 points, min_lower=-2.177, max_upper=2.05
observed behavior actions: mean=0.3946, sd=0.6798, q0/q10/q50/q90/q100=[-2.0917727947235107, -0.4227840095758438, 0.33603884279727936, 1.3150836348533632, 3.2351784706115723]
target-policy sampled actions: mean=-0.03044, sd=0.6778, q0/q10/q50/q90/q100=[-2.6660386334527995, -0.9019697219179201, -0.030378867283714462, 0.8318858930985634, 2.640826203203616]
behavior uniform lower: mean=-0.1307, sd=0.671, q0/q10/q50/q90/q100=[-2.68395254611969, -0.9952167212963104, -0.13104878216981886, 0.7223355287313463, 2.4298246264457704]
behavior uniform upper: mean=0.9189, sd=0.6543, q0/q10/q50/q90/q100=[-0.9788312196731568, 0.05292242392897604, 0.932686024159193, 1.759170409673825, 3.4298246264457704]
target location inside behavior uniform support: 0.968
RUN: /sw/user/python/miniforge3-pytorch-24.11.3/bin/python3 main_est.py
# ================================================================ #
#   Global KE-DRL estimation for one offline replicate              #
# ================================================================ #
Slurm Job ID: 2359166
Slurm Array ID: 75 -- used as the offline-replicate id
Offline data id: 75
ke_drl import source: /work/nvme/bfez/mehrdad3/DistRL/simulation_3/runs/sim3_global_2358722_3/.kedrl_site_375/ke_drl/__init__.py
Estimator device: cuda (NVIDIA GH200 120GB, capability 9.0); torch CUDA=13.0
Random seed: 20460587
Number of offline replicates: 100
[transition reduction] enabled: original rows=12000, target basis=3000, method=kmeans, device=cuda
[transition reduction] kmeans iter 1/20, mean center shift=2.7045e-01
[transition reduction] kmeans iter 5/20, mean center shift=5.4610e-03
[transition reduction] kmeans iter 10/20, mean center shift=4.8639e-08
[transition reduction] selected 3077 rows from 12000 transitions (ratio 0.2564); indices saved to data/reduced_transition_indices_75.pt
Data and parameters loaded.
offline path: data/offline_data_75.pt
benchmark true-Z path: data/Z_true.pt
offline shapes after reduction: s0=(3077, 5), a0=(3077, 1), r0=(3077, 3)
transition reduction: {'enabled': True, 'method': 'kmeans', 'original_rows': 12000, 'reduced_rows': 3077, 'selected_indices_path': 'data/reduced_transition_indices_75.pt', 'target_basis': 3000, 'compression_ratio': 0.2564166666666667}
fixed benchmark point source: fixed_config_plus_support_safe_target_policy_draws
benchmark row excluded from this offline data: None
global loss target set shape: s_star=(100, 5), a_star=(100, 1)
benchmark true-Z count=10, shape each=(50000, 3)
target policy: logistic
behavior policy: uniform
lambda_Gamma=0.005, lambda_B=0.02, d_r_method=song
dtype=torch.float32, operator_method=rff, operator_num_features=512
ridge_mode=rkhs, diagnostic_interval=50
mass_anchor_lambda=1.0, target_mass=1.0
uLSIF basis: source=numerator, n_basis=512, lambda_reg=0.005
optimizer stabilizers: lambda_neg=0.0, max_B_norm=None, eta_clip_min=0.0, eta_clip_max=5.0, normalize_eta=True
========================================
Estimating the global KE-DRL mean embedding
torch device=cuda, dtype=torch.float32
Data dims: N=3077, L=100, Ds=5, Da=1, Dr=3
lambda_Gamma=0.005, lambda_B=0.02
return-operator construction: method=rff, rff_features=512
[uLSIF] basis=512/3077 (numerator); eta_hat min=-9.614e-01 max=5.243e+00 neg%=4.45
ESS for eta_plus: 2115.5 / 3077
eta_plus diagnostics: raw_mean=1, raw_min=-0.961, raw_max=5.24; used_mean=1, used_min=0, used_max=4.95
[timing] Z-grid: 0.03s
[timing] K_X: 0.00s
[timing] K_plus: 0.00s
[timing] k_star: 0.00s
[timing] Gamma_stack: 0.01s
[timing] Phi_stack: 0.00s
[timing] RFF feature sample: 0.00s
[timing] K_Z RFF: 0.00s
[timing] G_stack RFF: 0.01s
[timing] H_stack RFF: 0.01s
findfont: Font family 'Nimbus Roman' not found.
findfont: Font family 'Nimbus Roman' not found.
findfont: Font family 'Nimbus Roman' not found.
findfont: Font family 'Nimbus Roman' not found.
findfont: Font family 'Nimbus Roman' not found.
findfont: Font family 'Nimbus Roman' not found.
findfont: Font family 'Nimbus Roman' not found.
findfont: Font family 'Nimbus Roman' not found.
findfont: Font family 'Nimbus Roman' not found.
findfont: Font family 'Nimbus Roman' not found.
findfont: Font family 'Nimbus Roman' not found.
findfont: Font family 'Nimbus Roman' not found.
findfont: Font family 'Nimbus Roman' not found.
findfont: Font family 'Nimbus Roman' not found.
findfont: Font family 'Nimbus Roman' not found.
findfont: Font family 'Nimbus Roman' not found.
findfont: Font family 'Nimbus Roman' not found.
findfont: Font family 'Nimbus Roman' not found.
findfont: Font family 'Nimbus Roman' not found.
findfont: Font family 'Nimbus Roman' not found.
findfont: Font family 'Nimbus Roman' not found.
findfont: Font family 'Nimbus Roman' not found.
findfont: Font family 'Nimbus Roman' not found.
findfont: Font family 'Nimbus Roman' not found.
findfont: Font family 'Nimbus Roman' not found.
findfont: Font family 'Nimbus Roman' not found.
findfont: Font family 'Nimbus Roman' not found.
findfont: Font family 'Nimbus Roman' not found.
findfont: Font family 'Nimbus Roman' not found.
findfont: Font family 'Nimbus Roman' not found.
findfont: Font family 'Nimbus Roman' not found.
findfont: Font family 'Nimbus Roman' not found.
findfont: Font family 'Nimbus Roman' not found.
findfont: Font family 'Nimbus Roman' not found.
findfont: Font family 'Nimbus Roman' not found.
findfont: Font family 'Nimbus Roman' not found.
findfont: Font family 'Nimbus Roman' not found.
findfont: Font family 'Nimbus Roman' not found.
findfont: Font family 'Nimbus Roman' not found.
findfont: Font family 'Nimbus Roman' not found.
findfont: Font family 'Nimbus Roman' not found.
findfont: Font family ['Nimbus Roman'] not found. Falling back to DejaVu Sans.
findfont: Font family 'Nimbus Roman' not found.
findfont: Font family ['Nimbus Roman'] not found. Falling back to DejaVu Sans.
findfont: Font family 'Nimbus Roman' not found.
findfont: Font family 'Nimbus Roman' not found.
findfont: Font family 'Nimbus Roman' not found.
findfont: Font family 'Nimbus Roman' not found.
findfont: Font family 'Nimbus Roman' not found.
findfont: Font family 'Nimbus Roman' not found.
findfont: Font family 'Nimbus Roman' not found.
findfont: Font family 'Nimbus Roman' not found.
findfont: Font family 'Nimbus Roman' not found.
findfont: Font family ['Nimbus Roman'] not found. Falling back to DejaVu Sans.
findfont: Font family 'Nimbus Roman' not found.
findfont: Font family 'Nimbus Roman' not found.
findfont: Font family 'Nimbus Roman' not found.
findfont: Font family 'Nimbus Roman' not found.
findfont: Font family 'Nimbus Roman' not found.
findfont: Font family 'Nimbus Roman' not found.
findfont: Font family 'Nimbus Roman' not found.
findfont: Font family 'Nimbus Roman' not found.
findfont: Font family 'Nimbus Roman' not found.
findfont: Font family 'Nimbus Roman' not found.
findfont: Font family 'Nimbus Roman' not found.
findfont: Font family 'Nimbus Roman' not found.
findfont: Font family 'Nimbus Roman' not found.
findfont: Font family 'Nimbus Roman' not found.
findfont: Font family 'Nimbus Roman' not found.
findfont: Font family 'Nimbus Roman' not found.
findfont: Font family 'Nimbus Roman' not found.
findfont: Font family 'Nimbus Roman' not found.
findfont: Font family 'Nimbus Roman' not found.
findfont: Font family 'Nimbus Roman' not found.
findfont: Font family 'Nimbus Roman' not found.
findfont: Font family 'Nimbus Roman' not found.
findfont: Font family 'Nimbus Roman' not found.
findfont: Font family 'Nimbus Roman' not found.
findfont: Font family 'Nimbus Roman' not found.
findfont: Font family 'Nimbus Roman' not found.
findfont: Font family 'Nimbus Roman' not found.
findfont: Font family 'Nimbus Roman' not found.
findfont: Font family 'Nimbus Roman' not found.
findfont: Font family 'Nimbus Roman' not found.
findfont: Font family 'Nimbus Roman' not found.
findfont: Font family 'Nimbus Roman' not found.
findfont: Font family 'Nimbus Roman' not found.
findfont: Font family 'Nimbus Roman' not found.
findfont: Font family 'Nimbus Roman' not found.
findfont: Font family 'Nimbus Roman' not found.
findfont: Font family 'Nimbus Roman' not found.
findfont: Font family 'Nimbus Roman' not found.
findfont: Font family 'Nimbus Roman' not found.
findfont: Font family 'Nimbus Roman' not found.
findfont: Font family 'Nimbus Roman' not found.
findfont: Font family 'Nimbus Roman' not found.
findfont: Font family 'Nimbus Roman' not found.
findfont: Font family 'Nimbus Roman' not found.
findfont: Font family 'Nimbus Roman' not found.
findfont: Font family 'Nimbus Roman' not found.
findfont: Font family 'Nimbus Roman' not found.
findfont: Font family 'Nimbus Roman' not found.
findfont: Font family 'Nimbus Roman' not found.
findfont: Font family 'Nimbus Roman' not found.
findfont: Font family 'Nimbus Roman' not found.
findfont: Font family 'Nimbus Roman' not found.
findfont: Font family 'Nimbus Roman' not found.
findfont: Font family 'Nimbus Roman' not found.
findfont: Font family 'Nimbus Roman' not found.
findfont: Font family 'Nimbus Roman' not found.
findfont: Font family 'Nimbus Roman' not found.
findfont: Font family 'Nimbus Roman' not found.
findfont: Font family 'Nimbus Roman' not found.
findfont: Font family 'Nimbus Roman' not found.
findfont: Font family 'Nimbus Roman' not found.
findfont: Font family 'Nimbus Roman' not found.
findfont: Font family 'Nimbus Roman' not found.
findfont: Font family 'Nimbus Roman' not found.
findfont: Font family 'Nimbus Roman' not found.
findfont: Font family 'Nimbus Roman' not found.
findfont: Font family 'Nimbus Roman' not found.
findfont: Font family 'Nimbus Roman' not found.
findfont: Font family 'Nimbus Roman' not found.
findfont: Font family 'Nimbus Roman' not found.
findfont: Font family 'Nimbus Roman' not found.
findfont: Font family 'Nimbus Roman' not found.
findfont: Font family 'Nimbus Roman' not found.
findfont: Font family 'Nimbus Roman' not found.
findfont: Font family 'Nimbus Roman' not found.
Ridge mode: rkhs; diagnostic interval: 50
Iter 1/4000 | log_obj=9.688e+00 | log_Bellman_root=3.521e+00 | mass=1.50e+04 | neg=0.00e+00 | grad=8.07e+02
Iter 400/4000 | log_obj=4.665e+00 | log_Bellman_root=9.981e-01 | mass=9.88e+01 | neg=0.00e+00 | grad=5.86e+03
Iter 800/4000 | log_obj=5.770e+00 | log_Bellman_root=1.558e+00 | mass=2.98e+02 | neg=0.00e+00 | grad=7.56e+03
Iter 1200/4000 | log_obj=4.024e+00 | log_Bellman_root=6.770e-01 | mass=5.20e+01 | neg=0.00e+00 | grad=9.31e+03
Iter 1600/4000 | log_obj=4.662e+00 | log_Bellman_root=9.977e-01 | mass=9.85e+01 | neg=0.00e+00 | grad=5.88e+03
Iter 2000/4000 | log_obj=5.772e+00 | log_Bellman_root=1.559e+00 | mass=2.99e+02 | neg=0.00e+00 | grad=7.57e+03
Iter 2400/4000 | log_obj=4.018e+00 | log_Bellman_root=6.748e-01 | mass=5.17e+01 | neg=0.00e+00 | grad=9.30e+03
Iter 2800/4000 | log_obj=4.659e+00 | log_Bellman_root=9.961e-01 | mass=9.81e+01 | neg=0.00e+00 | grad=5.89e+03
Iter 3200/4000 | log_obj=5.775e+00 | log_Bellman_root=1.560e+00 | mass=2.99e+02 | neg=0.00e+00 | grad=7.58e+03
Iter 3600/4000 | log_obj=4.013e+00 | log_Bellman_root=6.726e-01 | mass=5.15e+01 | neg=0.00e+00 | grad=9.29e+03
Iter 4000/4000 | log_obj=4.655e+00 | log_Bellman_root=9.946e-01 | mass=9.78e+01 | neg=0.00e+00 | grad=5.90e+03
Returning best diagnostic checkpoint from step 3900 (objective=5.527e+01, Bellman=3.835e+00).
Done in 14.59s.
KE-DRL global estimation is done.
B_hat shape: (3077, 800)
B_hat rank diagnostics: {'B_num_rows': 3077, 'B_num_cols': 800, 'B_min_dim': 800, 'B_numerical_rank': 800, 'B_rank_fraction': 1.0, 'B_rank_tolerance': 3.2030386560855106e-05, 'B_stable_rank': 317.0355529785156, 'B_effective_rank': 771.3938563223844, 'B_entropy_rank': 6.648199081420898, 'B_spectral_norm': 0.0873221829533577, 'B_frobenius_norm': 1.5548144578933716, 'B_nuclear_norm': 42.47560119628906, 'B_condition_number': 3.2231343138895507, 'B_condition_number_tol': 3.2231343138895507, 'B_smallest_singular_value': 0.02709231898188591, 'B_rank_rel_1em2': 800, 'B_rank_rel_1em3': 800, 'B_rank_rel_1em4': 800}
Global-loss target mass diagnostics: {'target_mass_mean': -5.661409378051758, 'target_mass_min': -11.21655559539795, 'target_mass_max': -0.3579254150390625, 'target_mass_sd': 2.6652283668518066, 'target_mass_rmse_to_target': 7.169851779937744, 'target_beta_min': -0.024014022201299667, 'target_beta_max': 0.040005750954151154, 'target_neg_frac_mean': 0.9472750000000002}
Return dictionary Z_grid shape: (800, 3)
Replicate 75 risk metrics: {'risk_n_steps_recorded': 81.0, 'risk_n_diagnostics_recorded': 81.0, 'risk_log_obj_initial': 9.688385797872863, 'risk_log_obj_final': 4.655110709561969, 'risk_log_obj_min': 4.01214972534938, 'risk_obj_initial': 16129.18750000001, 'risk_obj_final': 105.12085723876957, 'risk_obj_min': 55.265548706054695, 'risk_log_obj_drop': 5.033275088310894, 'risk_log_bellman_root_initial': 3.521385134525039, 'risk_log_bellman_root_final': 0.9945820758256078, 'risk_log_bellman_root_min': 0.6720833823453813, 'risk_bellman_root_initial': 33.83125686645507, 'risk_bellman_root_final': 2.703594207763672, 'risk_bellman_root_min': 1.95831298828125, 'risk_bellman_initial': 1144.5539411640636, 'risk_bellman_final': 7.309421640253276, 'risk_bellman_min': 3.834989760071039, 'risk_log_bellman_root_drop': 2.5268030586994312, 'risk_bellman_returned': 3.834989547729492, 'risk_obj_returned': 55.26554870605469, 'risk_returned_step': 3900.0, 'offline_data_id': 75, 'benchmark_point_source': 'fixed_config_plus_support_safe_target_policy_draws', 'target_set_size': 100, 'lambda_reg': 0.005, 'lambda_B': 0.02, 'num_steps': 4000, 'transition_reduction_enabled': 1, 'transition_reduction_method': 'kmeans', 'transition_original_rows': 12000, 'transition_reduced_rows': 3077, 'transition_compression_ratio': 0.2564166666666667, 'target_mass_mean': -5.661409378051758, 'target_mass_min': -11.21655559539795, 'target_mass_max': -0.3579254150390625, 'target_mass_sd': 2.6652283668518066, 'target_mass_rmse_to_target': 7.169851779937744, 'target_beta_min': -0.024014022201299667, 'target_beta_max': 0.040005750954151154, 'target_neg_frac_mean': 0.9472750000000002, 'B_num_rows': 3077, 'B_num_cols': 800, 'B_min_dim': 800, 'B_numerical_rank': 800, 'B_rank_fraction': 1.0, 'B_rank_tolerance': 3.2030386560855106e-05, 'B_stable_rank': 317.0355529785156, 'B_effective_rank': 771.3938563223844, 'B_entropy_rank': 6.648199081420898, 'B_spectral_norm': 0.0873221829533577, 'B_frobenius_norm': 1.5548144578933716, 'B_nuclear_norm': 42.47560119628906, 'B_condition_number': 3.2231343138895507, 'B_condition_number_tol': 3.2231343138895507, 'B_smallest_singular_value': 0.02709231898188591, 'B_rank_rel_1em2': 800, 'B_rank_rel_1em3': 800, 'B_rank_rel_1em4': 800, 'risk_objective_final_raw': 105.12085723876953, 'risk_objective_min_raw': 55.26554870605469, 'risk_objective_max_raw': 16129.1875, 'risk_bellman_final_raw': 7.309421062469482, 'risk_bellman_min_raw': 3.834989547729492, 'risk_bellman_max_raw': 1144.553955078125, 'risk_rkhs_ridge_final_raw': 0.02954605594277382, 'risk_rkhs_ridge_min_raw': 0.023782877251505852, 'risk_rkhs_ridge_max_raw': 2.270115613937378, 'risk_mass_final_raw': 97.78189086914062, 'risk_mass_min_raw': 51.406776428222656, 'risk_mass_max_raw': 14982.36328125, 'risk_negativity_final_raw': 0.0, 'risk_negativity_min_raw': 0.0, 'risk_negativity_max_raw': 0.0, 'risk_B_norm_final_raw': 1.5545096397399902, 'risk_B_norm_min_raw': 1.5545096397399902, 'risk_B_norm_max_raw': 1.637608289718628, 'risk_diagnostic_step_final_raw': 4000.0, 'risk_diagnostic_step_min_raw': 1.0, 'risk_diagnostic_step_max_raw': 4000.0, 'risk_best_step_final_raw': 3900.0, 'risk_best_step_min_raw': 3900.0, 'risk_best_step_max_raw': 3900.0, 'risk_best_objective_final_raw': 55.26554870605469, 'risk_best_objective_min_raw': 55.26554870605469, 'risk_best_objective_max_raw': 55.26554870605469, 'risk_best_bellman_final_raw': 3.834989547729492, 'risk_best_bellman_min_raw': 3.834989547729492, 'risk_best_bellman_max_raw': 3.834989547729492, 'risk_returned_step_final_raw': 3900.0, 'risk_returned_step_min_raw': 3900.0, 'risk_returned_step_max_raw': 3900.0, 'risk_returned_objective_final_raw': 55.26554870605469, 'risk_returned_objective_min_raw': 55.26554870605469, 'risk_returned_objective_max_raw': 55.26554870605469, 'risk_returned_bellman_final_raw': 3.834989547729492, 'risk_returned_bellman_min_raw': 3.834989547729492, 'risk_returned_bellman_max_raw': 3.834989547729492, 'risk_returned_best_checkpoint_final_raw': 1.0, 'risk_returned_best_checkpoint_min_raw': 1.0, 'risk_returned_best_checkpoint_max_raw': 1.0}
Benchmark 0 evaluation grid shape: (800, 3)
Replicate 75, benchmark 0 metrics: {'run_id': '75_b0', 'RMSE': 1.5110738445646283, 'MAE': 1.311324719333279, 'SupNorm': 3.0877533555030823, 'Bias': -1.311324719333279, 'Corr': -0.4111136566120095, 'deming_slope': -17.412033246701245, 'deming_intercept': 3.566566024283776, 'beta_sum': -4.745787143707275, 'beta_l1': 4.868434906005859, 'beta_l2': 0.1897687017917633, 'beta_min': -0.013236497528851032, 'beta_max': 0.00821124017238617, 'beta_neg_frac': 0.965, 'offline_data_id': 75, 'benchmark_id': 0, 'benchmark_point_source': 'fixed_config', 'target_set_size': 100, 'benchmark_z_path': 'data/Z_true.pt', 'projected_bellman_test_risk': 0.10707850009202957, 'oracle_embedding_risk': 12.527670860290527, 'benchmark_embedding_risk': 12.527670860290527, 'risk_bellman_final': 7.309421640253276, 'risk_obj_final': 105.12085723876957, 'B_num_rows': 3077, 'B_num_cols': 800, 'B_min_dim': 800, 'B_numerical_rank': 800, 'B_rank_fraction': 1.0, 'B_rank_tolerance': 3.2030386560855106e-05, 'B_stable_rank': 317.0355529785156, 'B_effective_rank': 771.3938563223844, 'B_entropy_rank': 6.648199081420898, 'B_spectral_norm': 0.0873221829533577, 'B_frobenius_norm': 1.5548144578933716, 'B_nuclear_norm': 42.47560119628906, 'B_condition_number': 3.2231343138895507, 'B_condition_number_tol': 3.2231343138895507, 'B_smallest_singular_value': 0.02709231898188591, 'B_rank_rel_1em2': 800, 'B_rank_rel_1em3': 800, 'B_rank_rel_1em4': 800}
Saved ./mu/mu_hat.csv shape=(800,)
Saved ./mu/mu2D_hat_dims01.csv shape=(120, 120)
Saved ./mu/mu2D_hat_dims01.csv shape=(120, 120)
Saved plots/replicate_75/mu_3D.png
Benchmark 1 evaluation grid shape: (800, 3)
Replicate 75, benchmark 1 metrics: {'run_id': '75_b1', 'RMSE': 4.545218105117755, 'MAE': 4.185660470844596, 'SupNorm': 7.522825449705124, 'Bias': -4.185660470844596, 'Corr': -0.9900270589078988, 'deming_slope': -17.33854437635601, 'deming_intercept': 0.6413594347276979, 'beta_sum': -12.601323127746582, 'beta_l1': 12.601323127746582, 'beta_l2': 0.45099925994873047, 'beta_min': -0.027378574013710022, 'beta_max': -0.005757288075983524, 'beta_neg_frac': 1.0, 'offline_data_id': 75, 'benchmark_id': 1, 'benchmark_point_source': 'fixed_config', 'target_set_size': 100, 'benchmark_z_path': 'data/Z_true.pt', 'projected_bellman_test_risk': 6.114025115966797, 'oracle_embedding_risk': 69.40150451660156, 'benchmark_embedding_risk': 69.40150451660156, 'risk_bellman_final': 7.309421640253276, 'risk_obj_final': 105.12085723876957, 'B_num_rows': 3077, 'B_num_cols': 800, 'B_min_dim': 800, 'B_numerical_rank': 800, 'B_rank_fraction': 1.0, 'B_rank_tolerance': 3.2030386560855106e-05, 'B_stable_rank': 317.0355529785156, 'B_effective_rank': 771.3938563223844, 'B_entropy_rank': 6.648199081420898, 'B_spectral_norm': 0.0873221829533577, 'B_frobenius_norm': 1.5548144578933716, 'B_nuclear_norm': 42.47560119628906, 'B_condition_number': 3.2231343138895507, 'B_condition_number_tol': 3.2231343138895507, 'B_smallest_singular_value': 0.02709231898188591, 'B_rank_rel_1em2': 800, 'B_rank_rel_1em3': 800, 'B_rank_rel_1em4': 800}
Benchmark 2 evaluation grid shape: (800, 3)
Replicate 75, benchmark 2 metrics: {'run_id': '75_b2', 'RMSE': 4.28634481304749, 'MAE': 3.9493641196301907, 'SupNorm': 7.063512444496155, 'Bias': -3.9493641196301907, 'Corr': -0.9150161353009579, 'deming_slope': -18.233876266120017, 'deming_intercept': 1.2602082192873758, 'beta_sum': -11.83681583404541, 'beta_l1': 11.83681583404541, 'beta_l2': 0.4247368276119232, 'beta_min': -0.023871272802352905, 'beta_max': -0.005814152769744396, 'beta_neg_frac': 1.0, 'offline_data_id': 75, 'benchmark_id': 2, 'benchmark_point_source': 'fixed_config', 'target_set_size': 100, 'benchmark_z_path': 'data/Z_true.pt', 'projected_bellman_test_risk': 3.416325092315674, 'oracle_embedding_risk': 61.91962432861328, 'benchmark_embedding_risk': 61.91962432861328, 'risk_bellman_final': 7.309421640253276, 'risk_obj_final': 105.12085723876957, 'B_num_rows': 3077, 'B_num_cols': 800, 'B_min_dim': 800, 'B_numerical_rank': 800, 'B_rank_fraction': 1.0, 'B_rank_tolerance': 3.2030386560855106e-05, 'B_stable_rank': 317.0355529785156, 'B_effective_rank': 771.3938563223844, 'B_entropy_rank': 6.648199081420898, 'B_spectral_norm': 0.0873221829533577, 'B_frobenius_norm': 1.5548144578933716, 'B_nuclear_norm': 42.47560119628906, 'B_condition_number': 3.2231343138895507, 'B_condition_number_tol': 3.2231343138895507, 'B_smallest_singular_value': 0.02709231898188591, 'B_rank_rel_1em2': 800, 'B_rank_rel_1em3': 800, 'B_rank_rel_1em4': 800}
Benchmark 3 evaluation grid shape: (800, 3)
Replicate 75, benchmark 3 metrics: {'run_id': '75_b3', 'RMSE': 4.169427472717262, 'MAE': 3.8104709518619346, 'SupNorm': 7.0141110718250275, 'Bias': -3.8104709518619346, 'Corr': -0.9264316343335122, 'deming_slope': -17.80736278686305, 'deming_intercept': 1.1152470822199207, 'beta_sum': -11.823432922363281, 'beta_l1': 11.823432922363281, 'beta_l2': 0.42392614483833313, 'beta_min': -0.02533387579023838, 'beta_max': -0.006131711415946484, 'beta_neg_frac': 1.0, 'offline_data_id': 75, 'benchmark_id': 3, 'benchmark_point_source': 'fixed_config', 'target_set_size': 100, 'benchmark_z_path': 'data/Z_true.pt', 'projected_bellman_test_risk': 4.476273536682129, 'oracle_embedding_risk': 61.53936767578125, 'benchmark_embedding_risk': 61.53936767578125, 'risk_bellman_final': 7.309421640253276, 'risk_obj_final': 105.12085723876957, 'B_num_rows': 3077, 'B_num_cols': 800, 'B_min_dim': 800, 'B_numerical_rank': 800, 'B_rank_fraction': 1.0, 'B_rank_tolerance': 3.2030386560855106e-05, 'B_stable_rank': 317.0355529785156, 'B_effective_rank': 771.3938563223844, 'B_entropy_rank': 6.648199081420898, 'B_spectral_norm': 0.0873221829533577, 'B_frobenius_norm': 1.5548144578933716, 'B_nuclear_norm': 42.47560119628906, 'B_condition_number': 3.2231343138895507, 'B_condition_number_tol': 3.2231343138895507, 'B_smallest_singular_value': 0.02709231898188591, 'B_rank_rel_1em2': 800, 'B_rank_rel_1em3': 800, 'B_rank_rel_1em4': 800}
Benchmark 4 evaluation grid shape: (800, 3)
Replicate 75, benchmark 4 metrics: {'run_id': '75_b4', 'RMSE': 0.7635130079491269, 'MAE': 0.618479634300329, 'SupNorm': 2.1193173974752426, 'Bias': -0.618479634300329, 'Corr': 0.02529349733916193, 'deming_slope': 171.97115875957357, 'deming_intercept': -46.67844970773504, 'beta_sum': -2.9511654376983643, 'beta_l1': 3.904603958129883, 'beta_l2': 0.16290982067584991, 'beta_min': -0.012090126052498817, 'beta_max': 0.03502071648836136, 'beta_neg_frac': 0.91375, 'offline_data_id': 75, 'benchmark_id': 4, 'benchmark_point_source': 'support_safe_target_policy_draw', 'target_set_size': 100, 'benchmark_z_path': 'data/Z_true.pt', 'projected_bellman_test_risk': 0.17420557141304016, 'oracle_embedding_risk': 6.424118995666504, 'benchmark_embedding_risk': 6.424118995666504, 'risk_bellman_final': 7.309421640253276, 'risk_obj_final': 105.12085723876957, 'B_num_rows': 3077, 'B_num_cols': 800, 'B_min_dim': 800, 'B_numerical_rank': 800, 'B_rank_fraction': 1.0, 'B_rank_tolerance': 3.2030386560855106e-05, 'B_stable_rank': 317.0355529785156, 'B_effective_rank': 771.3938563223844, 'B_entropy_rank': 6.648199081420898, 'B_spectral_norm': 0.0873221829533577, 'B_frobenius_norm': 1.5548144578933716, 'B_nuclear_norm': 42.47560119628906, 'B_condition_number': 3.2231343138895507, 'B_condition_number_tol': 3.2231343138895507, 'B_smallest_singular_value': 0.02709231898188591, 'B_rank_rel_1em2': 800, 'B_rank_rel_1em3': 800, 'B_rank_rel_1em4': 800}
Benchmark 5 evaluation grid shape: (800, 3)
Replicate 75, benchmark 5 metrics: {'run_id': '75_b5', 'RMSE': 0.2874120458765915, 'MAE': 0.27095944542010214, 'SupNorm': 0.44218881241977215, 'Bias': -0.27095944542010214, 'Corr': 0.054031102060475136, 'deming_slope': 0.011242171668039577, 'deming_intercept': -0.014282946820145012, 'beta_sum': -0.10865075886249542, 'beta_l1': 0.43930351734161377, 'beta_l2': 0.019915485754609108, 'beta_min': -0.0024340671952813864, 'beta_max': 0.0026287161745131016, 'beta_neg_frac': 0.61125, 'offline_data_id': 75, 'benchmark_id': 5, 'benchmark_point_source': 'support_safe_target_policy_draw', 'target_set_size': 100, 'benchmark_z_path': 'data/Z_true.pt', 'projected_bellman_test_risk': 0.023599527776241302, 'oracle_embedding_risk': 1.0366013050079346, 'benchmark_embedding_risk': 1.0366013050079346, 'risk_bellman_final': 7.309421640253276, 'risk_obj_final': 105.12085723876957, 'B_num_rows': 3077, 'B_num_cols': 800, 'B_min_dim': 800, 'B_numerical_rank': 800, 'B_rank_fraction': 1.0, 'B_rank_tolerance': 3.2030386560855106e-05, 'B_stable_rank': 317.0355529785156, 'B_effective_rank': 771.3938563223844, 'B_entropy_rank': 6.648199081420898, 'B_spectral_norm': 0.0873221829533577, 'B_frobenius_norm': 1.5548144578933716, 'B_nuclear_norm': 42.47560119628906, 'B_condition_number': 3.2231343138895507, 'B_condition_number_tol': 3.2231343138895507, 'B_smallest_singular_value': 0.02709231898188591, 'B_rank_rel_1em2': 800, 'B_rank_rel_1em3': 800, 'B_rank_rel_1em4': 800}
Benchmark 6 evaluation grid shape: (800, 3)
Replicate 75, benchmark 6 metrics: {'run_id': '75_b6', 'RMSE': 2.3449664518205755, 'MAE': 2.080415126706939, 'SupNorm': 4.373645752668381, 'Bias': -2.080415126706939, 'Corr': -0.6134756964835457, 'deming_slope': -16.99850290269762, 'deming_intercept': 2.7204624965244264, 'beta_sum': -6.985530853271484, 'beta_l1': 6.995443344116211, 'beta_l2': 0.2604179084300995, 'beta_min': -0.017582325264811516, 'beta_max': 0.002451665233820677, 'beta_neg_frac': 0.995, 'offline_data_id': 75, 'benchmark_id': 6, 'benchmark_point_source': 'support_safe_target_policy_draw', 'target_set_size': 100, 'benchmark_z_path': 'data/Z_true.pt', 'projected_bellman_test_risk': 0.1826707422733307, 'oracle_embedding_risk': 24.069290161132812, 'benchmark_embedding_risk': 24.069290161132812, 'risk_bellman_final': 7.309421640253276, 'risk_obj_final': 105.12085723876957, 'B_num_rows': 3077, 'B_num_cols': 800, 'B_min_dim': 800, 'B_numerical_rank': 800, 'B_rank_fraction': 1.0, 'B_rank_tolerance': 3.2030386560855106e-05, 'B_stable_rank': 317.0355529785156, 'B_effective_rank': 771.3938563223844, 'B_entropy_rank': 6.648199081420898, 'B_spectral_norm': 0.0873221829533577, 'B_frobenius_norm': 1.5548144578933716, 'B_nuclear_norm': 42.47560119628906, 'B_condition_number': 3.2231343138895507, 'B_condition_number_tol': 3.2231343138895507, 'B_smallest_singular_value': 0.02709231898188591, 'B_rank_rel_1em2': 800, 'B_rank_rel_1em3': 800, 'B_rank_rel_1em4': 800}
Benchmark 7 evaluation grid shape: (800, 3)
Replicate 75, benchmark 7 metrics: {'run_id': '75_b7', 'RMSE': 2.2117016715867255, 'MAE': 1.9141727829666342, 'SupNorm': 4.52773442864418, 'Bias': -1.9141727829666342, 'Corr': -0.4791590942122666, 'deming_slope': -23.145519162249876, 'deming_intercept': 4.464678620135532, 'beta_sum': -7.280462265014648, 'beta_l1': 7.380666732788086, 'beta_l2': 0.27176398038864136, 'beta_min': -0.01666688360273838, 'beta_max': 0.007721454370766878, 'beta_neg_frac': 0.97875, 'offline_data_id': 75, 'benchmark_id': 7, 'benchmark_point_source': 'support_safe_target_policy_draw', 'target_set_size': 100, 'benchmark_z_path': 'data/Z_true.pt', 'projected_bellman_test_risk': 0.9570538997650146, 'oracle_embedding_risk': 25.929309844970703, 'benchmark_embedding_risk': 25.929309844970703, 'risk_bellman_final': 7.309421640253276, 'risk_obj_final': 105.12085723876957, 'B_num_rows': 3077, 'B_num_cols': 800, 'B_min_dim': 800, 'B_numerical_rank': 800, 'B_rank_fraction': 1.0, 'B_rank_tolerance': 3.2030386560855106e-05, 'B_stable_rank': 317.0355529785156, 'B_effective_rank': 771.3938563223844, 'B_entropy_rank': 6.648199081420898, 'B_spectral_norm': 0.0873221829533577, 'B_frobenius_norm': 1.5548144578933716, 'B_nuclear_norm': 42.47560119628906, 'B_condition_number': 3.2231343138895507, 'B_condition_number_tol': 3.2231343138895507, 'B_smallest_singular_value': 0.02709231898188591, 'B_rank_rel_1em2': 800, 'B_rank_rel_1em3': 800, 'B_rank_rel_1em4': 800}
Benchmark 8 evaluation grid shape: (800, 3)
Replicate 75, benchmark 8 metrics: {'run_id': '75_b8', 'RMSE': 0.9878490652016972, 'MAE': 0.871818726345009, 'SupNorm': 1.96195787191391, 'Bias': -0.871818726345009, 'Corr': -0.4874409584356301, 'deming_slope': -8.060694017491178, 'deming_intercept': 1.512680945608664, 'beta_sum': -2.607088565826416, 'beta_l1': 3.0225696563720703, 'beta_l2': 0.12308932840824127, 'beta_min': -0.010681050829589367, 'beta_max': 0.019398551434278488, 'beta_neg_frac': 0.91125, 'offline_data_id': 75, 'benchmark_id': 8, 'benchmark_point_source': 'support_safe_target_policy_draw', 'target_set_size': 100, 'benchmark_z_path': 'data/Z_true.pt', 'projected_bellman_test_risk': 0.7175894975662231, 'oracle_embedding_risk': 5.422675132751465, 'benchmark_embedding_risk': 5.422675132751465, 'risk_bellman_final': 7.309421640253276, 'risk_obj_final': 105.12085723876957, 'B_num_rows': 3077, 'B_num_cols': 800, 'B_min_dim': 800, 'B_numerical_rank': 800, 'B_rank_fraction': 1.0, 'B_rank_tolerance': 3.2030386560855106e-05, 'B_stable_rank': 317.0355529785156, 'B_effective_rank': 771.3938563223844, 'B_entropy_rank': 6.648199081420898, 'B_spectral_norm': 0.0873221829533577, 'B_frobenius_norm': 1.5548144578933716, 'B_nuclear_norm': 42.47560119628906, 'B_condition_number': 3.2231343138895507, 'B_condition_number_tol': 3.2231343138895507, 'B_smallest_singular_value': 0.02709231898188591, 'B_rank_rel_1em2': 800, 'B_rank_rel_1em3': 800, 'B_rank_rel_1em4': 800}
Benchmark 9 evaluation grid shape: (800, 3)
Replicate 75, benchmark 9 metrics: {'run_id': '75_b9', 'RMSE': 2.384904402944791, 'MAE': 2.1001440360047856, 'SupNorm': 4.448105722665787, 'Bias': -2.1001440360047856, 'Corr': -0.5972539152302155, 'deming_slope': -18.31148595276826, 'deming_intercept': 3.085848791913151, 'beta_sum': -7.034750938415527, 'beta_l1': 7.147866249084473, 'beta_l2': 0.26434096693992615, 'beta_min': -0.017519550397992134, 'beta_max': 0.009595717303454876, 'beta_neg_frac': 0.9825, 'offline_data_id': 75, 'benchmark_id': 9, 'benchmark_point_source': 'support_safe_target_policy_draw', 'target_set_size': 100, 'benchmark_z_path': 'data/Z_true.pt', 'projected_bellman_test_risk': 0.009493605233728886, 'oracle_embedding_risk': 24.863201141357422, 'benchmark_embedding_risk': 24.863201141357422, 'risk_bellman_final': 7.309421640253276, 'risk_obj_final': 105.12085723876957, 'B_num_rows': 3077, 'B_num_cols': 800, 'B_min_dim': 800, 'B_numerical_rank': 800, 'B_rank_fraction': 1.0, 'B_rank_tolerance': 3.2030386560855106e-05, 'B_stable_rank': 317.0355529785156, 'B_effective_rank': 771.3938563223844, 'B_entropy_rank': 6.648199081420898, 'B_spectral_norm': 0.0873221829533577, 'B_frobenius_norm': 1.5548144578933716, 'B_nuclear_norm': 42.47560119628906, 'B_condition_number': 3.2231343138895507, 'B_condition_number_tol': 3.2231343138895507, 'B_smallest_singular_value': 0.02709231898188591, 'B_rank_rel_1em2': 800, 'B_rank_rel_1em3': 800, 'B_rank_rel_1em4': 800}
Replicate 75 finished in 25.0s
Finished combo 3, offline replicate 75.
