Job ID:    2359473
Array idx: 653
CPUs/node: 64
Mem/node:  131072
Using CC = cc 
Using CXX = CC 
Using FC = ftn 
Using F77 = ftn 
Using F90 = ftn 
cuda/12.6.1 is deprecated; loading cudatoolkit/25.5_12.9 instead.
Using CC = /opt/nvidia/hpc_sdk/Linux_aarch64/25.5/compilers/bin/nvc 
Using CXX = /opt/nvidia/hpc_sdk/Linux_aarch64/25.5/compilers/bin/nvc++ 
Using FC = /opt/nvidia/hpc_sdk/Linux_aarch64/25.5/compilers/bin/nvfortran 
Using F77 = /opt/nvidia/hpc_sdk/Linux_aarch64/25.5/compilers/bin/nvfortran 
Using F90 = /opt/nvidia/hpc_sdk/Linux_aarch64/25.5/compilers/bin/nvfortran 
Using CC = /opt/nvidia/hpc_sdk/Linux_aarch64/25.5/compilers/bin/nvc 
Using CXX = /opt/nvidia/hpc_sdk/Linux_aarch64/25.5/compilers/bin/nvc++ 
Using FC = /opt/nvidia/hpc_sdk/Linux_aarch64/25.5/compilers/bin/nvfortran 
Using F77 = /opt/nvidia/hpc_sdk/Linux_aarch64/25.5/compilers/bin/nvfortran 
Using F90 = /opt/nvidia/hpc_sdk/Linux_aarch64/25.5/compilers/bin/nvfortran 

Lmod is automatically replacing "gcc-native/14" with "gcc/14.2.0".

ghx4
0
Tuning combo id: 6 / 6
Offline replicate id: 53 / 99
Installing ke_drl from git: https://github.com/mehrdadmhmdi/ke-drl.git@main
Collecting git+https://github.com/mehrdadmhmdi/ke-drl.git@main
  Cloning https://github.com/mehrdadmhmdi/ke-drl.git (to revision main) to /tmp/pip-req-build-10rtclyc
  Running command git clone --filter=blob:none --quiet https://github.com/mehrdadmhmdi/ke-drl.git /tmp/pip-req-build-10rtclyc
  Resolved https://github.com/mehrdadmhmdi/ke-drl.git to commit 3c5d570e40ea15b1fbe4817b5f43b64c7b333e82
  Installing build dependencies: started
  Installing build dependencies: finished with status 'done'
  Getting requirements to build wheel: started
  Getting requirements to build wheel: finished with status 'done'
  Preparing metadata (pyproject.toml): started
  Preparing metadata (pyproject.toml): finished with status 'done'
Building wheels for collected packages: ke_drl
  Building wheel for ke_drl (pyproject.toml): started
  Building wheel for ke_drl (pyproject.toml): finished with status 'done'
  Created wheel for ke_drl: filename=ke_drl-0.1.0-py3-none-any.whl size=47219 sha256=7d9b1515f73eeaf6e356f18243ed0d8e1d51b4a3ca54291c047700282b70c63f
  Stored in directory: /tmp/pip-ephem-wheel-cache-b1l86q91/wheels/24/47/ad/9a4ffd3b05d3e90e35ffc6e7324b735b8bfcf5f51aaf29a333
Successfully built ke_drl
Installing collected packages: ke_drl
Successfully installed ke_drl-0.1.0
Installed ke_drl source: /work/nvme/bfez/mehrdad3/DistRL/simulation_3/runs/sim3_global_2358722_6/.kedrl_site_653/ke_drl/__init__.py
Tuning combo 6: lambda_B_0.2
Overrides: {'lambda_B': 0.2}
RUN: /sw/user/python/miniforge3-pytorch-24.11.3/bin/python3 validate_sim_config.py --params params.yaml
ke_drl import source: /work/nvme/bfez/mehrdad3/DistRL/simulation_3/runs/sim3_global_2358722_6/.kedrl_site_653/ke_drl/__init__.py
ke_drl package API OK: prediction weights, RFF operators, rank diagnostics, and best-checkpoint optimizer available
Policy config OK: behavior=uniform, target=logistic, state_dim=5, action_dim=1
Note: policy.logistic.theta_scale/theta_std are log-scale coefficients in Probability_Densities.
Behavior-policy linearized state-process diagnostic: spectral_radius=0.653, offline_burn_in=50
Replicate config OK: num_replicates=100, benchmark points=10 independent of D_i, loss target points=100
Transition reduction OK: method=kmeans, raw rows N(T-1)=12000, target rows about 3000, B rows reduced from 12000 to about 3000
Return-operator approximation OK: method=rff, features=512, exact G avoided for estimated N=12000, m=800, L=100
Fixed benchmark config rows=4 (benchmark.num_points=10; additional points are support-safe target-policy draws if needed)
Fixed benchmark point 0: s_star=[0.6, -0.8, 0.7, -0.5, 0.9], a_star=[0.5]
Fixed benchmark behavior-support interval for configured rows: min_lower=-0.12, max_upper=1.11
Fixed benchmark target-policy location range: [-0.02, 0.14]
Reusing shared data from /work/nvme/bfez/mehrdad3/DistRL/simulation_3/runs/sim3_shared_data/data for offline replicate 53.
RUN: /sw/user/python/miniforge3-pytorch-24.11.3/bin/python3 validate_sim_config.py --params params.yaml --data data/offline_data_53.pt
ke_drl import source: /work/nvme/bfez/mehrdad3/DistRL/simulation_3/runs/sim3_global_2358722_6/.kedrl_site_653/ke_drl/__init__.py
ke_drl package API OK: prediction weights, RFF operators, rank diagnostics, and best-checkpoint optimizer available
Policy config OK: behavior=uniform, target=logistic, state_dim=5, action_dim=1
Note: policy.logistic.theta_scale/theta_std are log-scale coefficients in Probability_Densities.
Behavior-policy linearized state-process diagnostic: spectral_radius=0.653, offline_burn_in=50
Replicate config OK: num_replicates=100, benchmark points=10 independent of D_i, loss target points=100
Transition reduction OK: method=kmeans, raw rows N(T-1)=12000, target rows about 3000, B rows reduced from 12000 to about 3000
Return-operator approximation OK: method=rff, features=512, exact G avoided for estimated N=12000, m=800, L=100
Fixed benchmark config rows=4 (benchmark.num_points=10; additional points are support-safe target-policy draws if needed)
Fixed benchmark point 0: s_star=[0.6, -0.8, 0.7, -0.5, 0.9], a_star=[0.5]
Fixed benchmark behavior-support interval for configured rows: min_lower=-0.12, max_upper=1.11
Fixed benchmark target-policy location range: [-0.02, 0.14]
Full benchmark support check OK: 10 points, min_lower=-2.177, max_upper=2.05
observed behavior actions: mean=0.4094, sd=0.6738, q0/q10/q50/q90/q100=[-1.9039783477783203, -0.40323269963264463, 0.3542882204055786, 1.309261178970337, 3.1748552322387695]
target-policy sampled actions: mean=-0.01442, sd=0.6707, q0/q10/q50/q90/q100=[-2.649753755647341, -0.8770195747074423, -0.006187594660159931, 0.8396689806769085, 2.5978485814027326]
behavior uniform lower: mean=-0.1152, sd=0.6649, q0/q10/q50/q90/q100=[-2.6790042161941527, -0.9593464824557304, -0.10680700689554212, 0.7326332077383997, 2.5087961077690126]
behavior uniform upper: mean=0.9221, sd=0.6551, q0/q10/q50/q90/q100=[-0.9080080449581146, 0.06417915701866152, 0.9339620456099511, 1.7700061285495758, 3.5087961077690126]
target location inside behavior uniform support: 0.964
RUN: /sw/user/python/miniforge3-pytorch-24.11.3/bin/python3 main_est.py
# ================================================================ #
#   Global KE-DRL estimation for one offline replicate              #
# ================================================================ #
Slurm Job ID: 2359473
Slurm Array ID: 53 -- used as the offline-replicate id
Offline data id: 53
ke_drl import source: /work/nvme/bfez/mehrdad3/DistRL/simulation_3/runs/sim3_global_2358722_6/.kedrl_site_653/ke_drl/__init__.py
Estimator device: cuda (NVIDIA GH200 120GB, capability 9.0); torch CUDA=13.0
Random seed: 20460565
Number of offline replicates: 100
[transition reduction] enabled: original rows=12000, target basis=3000, method=kmeans, device=cuda
[transition reduction] kmeans iter 1/20, mean center shift=2.7133e-01
[transition reduction] kmeans iter 5/20, mean center shift=4.2012e-03
[transition reduction] kmeans iter 10/20, mean center shift=5.7297e-08
[transition reduction] selected 3088 rows from 12000 transitions (ratio 0.2573); indices saved to data/reduced_transition_indices_53.pt
Data and parameters loaded.
offline path: data/offline_data_53.pt
benchmark true-Z path: data/Z_true.pt
offline shapes after reduction: s0=(3088, 5), a0=(3088, 1), r0=(3088, 3)
transition reduction: {'enabled': True, 'method': 'kmeans', 'original_rows': 12000, 'reduced_rows': 3088, 'selected_indices_path': 'data/reduced_transition_indices_53.pt', 'target_basis': 3000, 'compression_ratio': 0.25733333333333336}
fixed benchmark point source: fixed_config_plus_support_safe_target_policy_draws
benchmark row excluded from this offline data: None
global loss target set shape: s_star=(100, 5), a_star=(100, 1)
benchmark true-Z count=10, shape each=(50000, 3)
target policy: logistic
behavior policy: uniform
lambda_Gamma=0.005, lambda_B=0.2, d_r_method=song
dtype=torch.float32, operator_method=rff, operator_num_features=512
ridge_mode=rkhs, diagnostic_interval=50
mass_anchor_lambda=1.0, target_mass=1.0
uLSIF basis: source=numerator, n_basis=512, lambda_reg=0.005
optimizer stabilizers: lambda_neg=0.0, max_B_norm=None, eta_clip_min=0.0, eta_clip_max=5.0, normalize_eta=True
========================================
Estimating the global KE-DRL mean embedding
torch device=cuda, dtype=torch.float32
Data dims: N=3088, L=100, Ds=5, Da=1, Dr=3
lambda_Gamma=0.005, lambda_B=0.2
return-operator construction: method=rff, rff_features=512
[uLSIF] basis=512/3088 (numerator); eta_hat min=-8.938e-01 max=5.526e+00 neg%=4.11
ESS for eta_plus: 2098.0 / 3088
eta_plus diagnostics: raw_mean=1, raw_min=-0.894, raw_max=5.53; used_mean=1, used_min=0, used_max=4.95
[timing] Z-grid: 0.03s
[timing] K_X: 0.00s
[timing] K_plus: 0.00s
[timing] k_star: 0.00s
[timing] Gamma_stack: 0.01s
[timing] Phi_stack: 0.00s
[timing] RFF feature sample: 0.00s
[timing] K_Z RFF: 0.00s
[timing] G_stack RFF: 0.01s
[timing] H_stack RFF: 0.01s
findfont: Font family 'Nimbus Roman' not found.
findfont: Font family 'Nimbus Roman' not found.
findfont: Font family 'Nimbus Roman' not found.
findfont: Font family 'Nimbus Roman' not found.
findfont: Font family 'Nimbus Roman' not found.
findfont: Font family 'Nimbus Roman' not found.
findfont: Font family 'Nimbus Roman' not found.
findfont: Font family 'Nimbus Roman' not found.
findfont: Font family 'Nimbus Roman' not found.
findfont: Font family 'Nimbus Roman' not found.
findfont: Font family 'Nimbus Roman' not found.
findfont: Font family 'Nimbus Roman' not found.
findfont: Font family 'Nimbus Roman' not found.
findfont: Font family 'Nimbus Roman' not found.
findfont: Font family 'Nimbus Roman' not found.
findfont: Font family 'Nimbus Roman' not found.
findfont: Font family 'Nimbus Roman' not found.
findfont: Font family 'Nimbus Roman' not found.
findfont: Font family 'Nimbus Roman' not found.
findfont: Font family 'Nimbus Roman' not found.
findfont: Font family 'Nimbus Roman' not found.
findfont: Font family 'Nimbus Roman' not found.
findfont: Font family 'Nimbus Roman' not found.
findfont: Font family 'Nimbus Roman' not found.
findfont: Font family 'Nimbus Roman' not found.
findfont: Font family 'Nimbus Roman' not found.
findfont: Font family 'Nimbus Roman' not found.
findfont: Font family 'Nimbus Roman' not found.
findfont: Font family 'Nimbus Roman' not found.
findfont: Font family 'Nimbus Roman' not found.
findfont: Font family 'Nimbus Roman' not found.
findfont: Font family 'Nimbus Roman' not found.
findfont: Font family 'Nimbus Roman' not found.
findfont: Font family 'Nimbus Roman' not found.
findfont: Font family 'Nimbus Roman' not found.
findfont: Font family 'Nimbus Roman' not found.
findfont: Font family 'Nimbus Roman' not found.
findfont: Font family 'Nimbus Roman' not found.
findfont: Font family 'Nimbus Roman' not found.
findfont: Font family 'Nimbus Roman' not found.
findfont: Font family 'Nimbus Roman' not found.
findfont: Font family 'Nimbus Roman' not found.
findfont: Font family 'Nimbus Roman' not found.
findfont: Font family 'Nimbus Roman' not found.
findfont: Font family ['Nimbus Roman'] not found. Falling back to DejaVu Sans.
findfont: Font family 'Nimbus Roman' not found.
findfont: Font family ['Nimbus Roman'] not found. Falling back to DejaVu Sans.
findfont: Font family 'Nimbus Roman' not found.
findfont: Font family 'Nimbus Roman' not found.
findfont: Font family 'Nimbus Roman' not found.
findfont: Font family 'Nimbus Roman' not found.
findfont: Font family 'Nimbus Roman' not found.
findfont: Font family 'Nimbus Roman' not found.
findfont: Font family 'Nimbus Roman' not found.
findfont: Font family 'Nimbus Roman' not found.
findfont: Font family 'Nimbus Roman' not found.
findfont: Font family ['Nimbus Roman'] not found. Falling back to DejaVu Sans.
findfont: Font family 'Nimbus Roman' not found.
findfont: Font family 'Nimbus Roman' not found.
findfont: Font family 'Nimbus Roman' not found.
findfont: Font family 'Nimbus Roman' not found.
findfont: Font family 'Nimbus Roman' not found.
findfont: Font family 'Nimbus Roman' not found.
findfont: Font family 'Nimbus Roman' not found.
findfont: Font family 'Nimbus Roman' not found.
findfont: Font family 'Nimbus Roman' not found.
findfont: Font family 'Nimbus Roman' not found.
findfont: Font family 'Nimbus Roman' not found.
findfont: Font family 'Nimbus Roman' not found.
findfont: Font family 'Nimbus Roman' not found.
findfont: Font family 'Nimbus Roman' not found.
findfont: Font family 'Nimbus Roman' not found.
findfont: Font family 'Nimbus Roman' not found.
findfont: Font family 'Nimbus Roman' not found.
findfont: Font family 'Nimbus Roman' not found.
findfont: Font family 'Nimbus Roman' not found.
findfont: Font family 'Nimbus Roman' not found.
findfont: Font family 'Nimbus Roman' not found.
findfont: Font family 'Nimbus Roman' not found.
findfont: Font family 'Nimbus Roman' not found.
findfont: Font family 'Nimbus Roman' not found.
findfont: Font family 'Nimbus Roman' not found.
findfont: Font family 'Nimbus Roman' not found.
findfont: Font family 'Nimbus Roman' not found.
findfont: Font family 'Nimbus Roman' not found.
findfont: Font family 'Nimbus Roman' not found.
findfont: Font family 'Nimbus Roman' not found.
findfont: Font family 'Nimbus Roman' not found.
findfont: Font family 'Nimbus Roman' not found.
findfont: Font family 'Nimbus Roman' not found.
findfont: Font family 'Nimbus Roman' not found.
findfont: Font family 'Nimbus Roman' not found.
findfont: Font family 'Nimbus Roman' not found.
findfont: Font family 'Nimbus Roman' not found.
findfont: Font family 'Nimbus Roman' not found.
findfont: Font family 'Nimbus Roman' not found.
findfont: Font family 'Nimbus Roman' not found.
findfont: Font family 'Nimbus Roman' not found.
findfont: Font family 'Nimbus Roman' not found.
findfont: Font family 'Nimbus Roman' not found.
findfont: Font family 'Nimbus Roman' not found.
findfont: Font family 'Nimbus Roman' not found.
findfont: Font family 'Nimbus Roman' not found.
findfont: Font family 'Nimbus Roman' not found.
findfont: Font family 'Nimbus Roman' not found.
findfont: Font family 'Nimbus Roman' not found.
findfont: Font family 'Nimbus Roman' not found.
findfont: Font family 'Nimbus Roman' not found.
findfont: Font family 'Nimbus Roman' not found.
findfont: Font family 'Nimbus Roman' not found.
findfont: Font family 'Nimbus Roman' not found.
findfont: Font family 'Nimbus Roman' not found.
findfont: Font family 'Nimbus Roman' not found.
findfont: Font family 'Nimbus Roman' not found.
findfont: Font family 'Nimbus Roman' not found.
findfont: Font family 'Nimbus Roman' not found.
findfont: Font family 'Nimbus Roman' not found.
findfont: Font family 'Nimbus Roman' not found.
findfont: Font family 'Nimbus Roman' not found.
findfont: Font family 'Nimbus Roman' not found.
findfont: Font family 'Nimbus Roman' not found.
findfont: Font family 'Nimbus Roman' not found.
findfont: Font family 'Nimbus Roman' not found.
findfont: Font family 'Nimbus Roman' not found.
findfont: Font family 'Nimbus Roman' not found.
findfont: Font family 'Nimbus Roman' not found.
findfont: Font family 'Nimbus Roman' not found.
findfont: Font family 'Nimbus Roman' not found.
findfont: Font family 'Nimbus Roman' not found.
findfont: Font family 'Nimbus Roman' not found.
findfont: Font family 'Nimbus Roman' not found.
findfont: Font family 'Nimbus Roman' not found.
findfont: Font family 'Nimbus Roman' not found.
findfont: Font family 'Nimbus Roman' not found.
findfont: Font family 'Nimbus Roman' not found.
Ridge mode: rkhs; diagnostic interval: 50
Iter 1/4000 | log_obj=9.756e+00 | log_Bellman_root=3.453e+00 | mass=1.62e+04 | neg=0.00e+00 | grad=4.87e+02
Iter 400/4000 | log_obj=5.433e+00 | log_Bellman_root=1.292e+00 | mass=2.15e+02 | neg=0.00e+00 | grad=7.54e+03
Iter 800/4000 | log_obj=5.437e+00 | log_Bellman_root=1.294e+00 | mass=2.16e+02 | neg=0.00e+00 | grad=7.53e+03
Iter 1200/4000 | log_obj=5.439e+00 | log_Bellman_root=1.295e+00 | mass=2.16e+02 | neg=0.00e+00 | grad=7.52e+03
Iter 1600/4000 | log_obj=2.642e+00 | log_Bellman_root=-7.594e-02 | mass=1.31e+01 | neg=0.00e+00 | grad=2.51e+03
Iter 2000/4000 | log_obj=2.642e+00 | log_Bellman_root=-7.604e-02 | mass=1.31e+01 | neg=0.00e+00 | grad=2.51e+03
Iter 2400/4000 | log_obj=2.644e+00 | log_Bellman_root=-7.559e-02 | mass=1.31e+01 | neg=0.00e+00 | grad=2.51e+03
Iter 2800/4000 | log_obj=1.514e+00 | log_Bellman_root=-6.099e-01 | mass=4.17e+00 | neg=0.00e+00 | grad=1.41e+03
Iter 3200/4000 | log_obj=1.135e+00 | log_Bellman_root=-7.836e-01 | mass=2.83e+00 | neg=0.00e+00 | grad=1.18e+03
Iter 3600/4000 | log_obj=1.920e-01 | log_Bellman_root=-1.197e+00 | mass=1.06e+00 | neg=0.00e+00 | grad=8.26e+01
Iter 4000/4000 | log_obj=1.136e+00 | log_Bellman_root=-7.829e-01 | mass=2.84e+00 | neg=0.00e+00 | grad=2.28e+03
Returning best diagnostic checkpoint from step 2500 (objective=2.929e-01, Bellman=2.993e-02).
Done in 11.85s.
KE-DRL global estimation is done.
B_hat shape: (3088, 800)
B_hat rank diagnostics: {'B_num_rows': 3088, 'B_num_cols': 800, 'B_min_dim': 800, 'B_numerical_rank': 800, 'B_rank_fraction': 1.0, 'B_rank_tolerance': 3.0403152123881227e-05, 'B_stable_rank': 337.2605285644531, 'B_effective_rank': 770.5343507227219, 'B_entropy_rank': 6.6470842361450195, 'B_spectral_norm': 0.08259071409702301, 'B_frobenius_norm': 1.5167498588562012, 'B_nuclear_norm': 41.39341354370117, 'B_condition_number': 3.1532139981615726, 'B_condition_number_tol': 3.1532139981615726, 'B_smallest_singular_value': 0.026192549616098404, 'B_rank_rel_1em2': 800, 'B_rank_rel_1em3': 800, 'B_rank_rel_1em4': 800}
Global-loss target mass diagnostics: {'target_mass_mean': 1.3872188329696655, 'target_mass_min': 0.88069087266922, 'target_mass_max': 1.73912513256073, 'target_mass_sd': 0.19994479417800903, 'target_mass_rmse_to_target': 0.4353349804878235, 'target_beta_min': -0.0018399753607809544, 'target_beta_max': 0.014826745726168156, 'target_neg_frac_mean': 0.05195}
Return dictionary Z_grid shape: (800, 3)
Replicate 53 risk metrics: {'risk_n_steps_recorded': 81.0, 'risk_n_diagnostics_recorded': 81.0, 'risk_log_obj_initial': 9.75629349485586, 'risk_log_obj_final': 1.1355877835566026, 'risk_log_obj_min': -1.227872453177855, 'risk_obj_initial': 17262.52929687499, 'risk_obj_final': 3.113002777099609, 'risk_obj_min': 0.29291510581970215, 'risk_log_obj_drop': 8.620705711299259, 'risk_log_bellman_root_initial': 3.4529240588917447, 'risk_log_bellman_root_final': -0.7828743399855417, 'risk_log_bellman_root_min': -1.7544881013256024, 'risk_bellman_root_initial': 31.592636108398438, 'risk_bellman_root_final': 0.45709028840065, 'risk_bellman_root_min': 0.17299577593803409, 'risk_bellman_initial': 998.0946562776808, 'risk_bellman_final': 0.20893153175018941, 'risk_bellman_min': 0.029927538492402487, 'risk_log_bellman_root_drop': 4.235798398877287, 'risk_bellman_returned': 0.029927536845207214, 'risk_obj_returned': 0.29291510581970215, 'risk_returned_step': 2500.0, 'offline_data_id': 53, 'benchmark_point_source': 'fixed_config_plus_support_safe_target_policy_draws', 'target_set_size': 100, 'lambda_reg': 0.005, 'lambda_B': 0.2, 'num_steps': 4000, 'transition_reduction_enabled': 1, 'transition_reduction_method': 'kmeans', 'transition_original_rows': 12000, 'transition_reduced_rows': 3088, 'transition_compression_ratio': 0.25733333333333336, 'target_mass_mean': 1.3872188329696655, 'target_mass_min': 0.88069087266922, 'target_mass_max': 1.73912513256073, 'target_mass_sd': 0.19994479417800903, 'target_mass_rmse_to_target': 0.4353349804878235, 'target_beta_min': -0.0018399753607809544, 'target_beta_max': 0.014826745726168156, 'target_neg_frac_mean': 0.05195, 'B_num_rows': 3088, 'B_num_cols': 800, 'B_min_dim': 800, 'B_numerical_rank': 800, 'B_rank_fraction': 1.0, 'B_rank_tolerance': 3.0403152123881227e-05, 'B_stable_rank': 337.2605285644531, 'B_effective_rank': 770.5343507227219, 'B_entropy_rank': 6.6470842361450195, 'B_spectral_norm': 0.08259071409702301, 'B_frobenius_norm': 1.5167498588562012, 'B_nuclear_norm': 41.39341354370117, 'B_condition_number': 3.1532139981615726, 'B_condition_number_tol': 3.1532139981615726, 'B_smallest_singular_value': 0.026192549616098404, 'B_rank_rel_1em2': 800, 'B_rank_rel_1em3': 800, 'B_rank_rel_1em4': 800, 'risk_objective_final_raw': 3.1130027770996094, 'risk_objective_min_raw': 0.29291510581970215, 'risk_objective_max_raw': 17262.529296875, 'risk_bellman_final_raw': 0.20893152058124542, 'risk_bellman_min_raw': 0.029927536845207214, 'risk_bellman_max_raw': 998.0946655273438, 'risk_rkhs_ridge_final_raw': 0.06372580677270889, 'risk_rkhs_ridge_min_raw': 0.05416620895266533, 'risk_rkhs_ridge_max_raw': 22.949785232543945, 'risk_mass_final_raw': 2.8403453826904297, 'risk_mass_min_raw': 0.18951654434204102, 'risk_mass_max_raw': 16241.484375, 'risk_negativity_final_raw': 0.0, 'risk_negativity_min_raw': 0.0, 'risk_negativity_max_raw': 0.0, 'risk_B_norm_final_raw': 1.4972200393676758, 'risk_B_norm_min_raw': 1.4972200393676758, 'risk_B_norm_max_raw': 1.6422621011734009, 'risk_diagnostic_step_final_raw': 4000.0, 'risk_diagnostic_step_min_raw': 1.0, 'risk_diagnostic_step_max_raw': 4000.0, 'risk_best_step_final_raw': 2500.0, 'risk_best_step_min_raw': 2500.0, 'risk_best_step_max_raw': 2500.0, 'risk_best_objective_final_raw': 0.29291510581970215, 'risk_best_objective_min_raw': 0.29291510581970215, 'risk_best_objective_max_raw': 0.29291510581970215, 'risk_best_bellman_final_raw': 0.029927536845207214, 'risk_best_bellman_min_raw': 0.029927536845207214, 'risk_best_bellman_max_raw': 0.029927536845207214, 'risk_returned_step_final_raw': 2500.0, 'risk_returned_step_min_raw': 2500.0, 'risk_returned_step_max_raw': 2500.0, 'risk_returned_objective_final_raw': 0.29291510581970215, 'risk_returned_objective_min_raw': 0.29291510581970215, 'risk_returned_objective_max_raw': 0.29291510581970215, 'risk_returned_bellman_final_raw': 0.029927536845207214, 'risk_returned_bellman_min_raw': 0.029927536845207214, 'risk_returned_bellman_max_raw': 0.029927536845207214, 'risk_returned_best_checkpoint_final_raw': 1.0, 'risk_returned_best_checkpoint_min_raw': 1.0, 'risk_returned_best_checkpoint_max_raw': 1.0}
Benchmark 0 evaluation grid shape: (800, 3)
Replicate 53, benchmark 0 metrics: {'run_id': '53_b0', 'RMSE': 0.1181592126309375, 'MAE': 0.09609752666656277, 'SupNorm': 0.2973112314939499, 'Bias': 0.030308352203719552, 'Corr': 0.6234867565307983, 'deming_slope': 1.9301641514874053, 'deming_intercept': -0.21359863741396773, 'beta_sum': 1.3076634407043457, 'beta_l1': 1.3336091041564941, 'beta_l2': 0.06122642755508423, 'beta_min': -0.0011900439858436584, 'beta_max': 0.008232852444052696, 'beta_neg_frac': 0.055, 'offline_data_id': 53, 'benchmark_id': 0, 'benchmark_point_source': 'fixed_config', 'target_set_size': 100, 'benchmark_z_path': 'data/Z_true.pt', 'projected_bellman_test_risk': 0.02133483998477459, 'oracle_embedding_risk': 0.8948838710784912, 'benchmark_embedding_risk': 0.8948838710784912, 'risk_bellman_final': 0.20893153175018941, 'risk_obj_final': 3.113002777099609, 'B_num_rows': 3088, 'B_num_cols': 800, 'B_min_dim': 800, 'B_numerical_rank': 800, 'B_rank_fraction': 1.0, 'B_rank_tolerance': 3.0403152123881227e-05, 'B_stable_rank': 337.2605285644531, 'B_effective_rank': 770.5343507227219, 'B_entropy_rank': 6.6470842361450195, 'B_spectral_norm': 0.08259071409702301, 'B_frobenius_norm': 1.5167498588562012, 'B_nuclear_norm': 41.39341354370117, 'B_condition_number': 3.1532139981615726, 'B_condition_number_tol': 3.1532139981615726, 'B_smallest_singular_value': 0.026192549616098404, 'B_rank_rel_1em2': 800, 'B_rank_rel_1em3': 800, 'B_rank_rel_1em4': 800}
Saved ./mu/mu_hat.csv shape=(800,)
Saved ./mu/mu2D_hat_dims01.csv shape=(120, 120)
Saved ./mu/mu2D_hat_dims01.csv shape=(120, 120)
Saved plots/replicate_53/mu_3D.png
Benchmark 1 evaluation grid shape: (800, 3)
Replicate 53, benchmark 1 metrics: {'run_id': '53_b1', 'RMSE': 0.27516963057370064, 'MAE': 0.2512389547217754, 'SupNorm': 0.4703596830368042, 'Bias': 0.2512389547217754, 'Corr': 0.9954258400995705, 'deming_slope': 2.1699469318917326, 'deming_intercept': -0.053572327266807496, 'beta_sum': 1.7768967151641846, 'beta_l1': 1.7768967151641846, 'beta_l2': 0.06884302198886871, 'beta_min': 0.0002196161076426506, 'beta_max': 0.0073714591562747955, 'beta_neg_frac': 0.0, 'offline_data_id': 53, 'benchmark_id': 1, 'benchmark_point_source': 'fixed_config', 'target_set_size': 100, 'benchmark_z_path': 'data/Z_true.pt', 'projected_bellman_test_risk': 0.0399748757481575, 'oracle_embedding_risk': 0.9970763921737671, 'benchmark_embedding_risk': 0.9970763921737671, 'risk_bellman_final': 0.20893153175018941, 'risk_obj_final': 3.113002777099609, 'B_num_rows': 3088, 'B_num_cols': 800, 'B_min_dim': 800, 'B_numerical_rank': 800, 'B_rank_fraction': 1.0, 'B_rank_tolerance': 3.0403152123881227e-05, 'B_stable_rank': 337.2605285644531, 'B_effective_rank': 770.5343507227219, 'B_entropy_rank': 6.6470842361450195, 'B_spectral_norm': 0.08259071409702301, 'B_frobenius_norm': 1.5167498588562012, 'B_nuclear_norm': 41.39341354370117, 'B_condition_number': 3.1532139981615726, 'B_condition_number_tol': 3.1532139981615726, 'B_smallest_singular_value': 0.026192549616098404, 'B_rank_rel_1em2': 800, 'B_rank_rel_1em3': 800, 'B_rank_rel_1em4': 800}
Benchmark 2 evaluation grid shape: (800, 3)
Replicate 53, benchmark 2 metrics: {'run_id': '53_b2', 'RMSE': 0.27308837451077467, 'MAE': 0.24629219574824673, 'SupNorm': 0.4734439551830292, 'Bias': 0.24626246107713087, 'Corr': 0.9489539109250491, 'deming_slope': 2.2580321066077285, 'deming_intercept': -0.09093239473830472, 'beta_sum': 1.7715153694152832, 'beta_l1': 1.7715153694152832, 'beta_l2': 0.06917865574359894, 'beta_min': 0.00022037699818611145, 'beta_max': 0.007149233482778072, 'beta_neg_frac': 0.0, 'offline_data_id': 53, 'benchmark_id': 2, 'benchmark_point_source': 'fixed_config', 'target_set_size': 100, 'benchmark_z_path': 'data/Z_true.pt', 'projected_bellman_test_risk': 0.0276029109954834, 'oracle_embedding_risk': 1.0029633045196533, 'benchmark_embedding_risk': 1.0029633045196533, 'risk_bellman_final': 0.20893153175018941, 'risk_obj_final': 3.113002777099609, 'B_num_rows': 3088, 'B_num_cols': 800, 'B_min_dim': 800, 'B_numerical_rank': 800, 'B_rank_fraction': 1.0, 'B_rank_tolerance': 3.0403152123881227e-05, 'B_stable_rank': 337.2605285644531, 'B_effective_rank': 770.5343507227219, 'B_entropy_rank': 6.6470842361450195, 'B_spectral_norm': 0.08259071409702301, 'B_frobenius_norm': 1.5167498588562012, 'B_nuclear_norm': 41.39341354370117, 'B_condition_number': 3.1532139981615726, 'B_condition_number_tol': 3.1532139981615726, 'B_smallest_singular_value': 0.026192549616098404, 'B_rank_rel_1em2': 800, 'B_rank_rel_1em3': 800, 'B_rank_rel_1em4': 800}
Benchmark 3 evaluation grid shape: (800, 3)
Replicate 53, benchmark 3 metrics: {'run_id': '53_b3', 'RMSE': 0.24888878957239063, 'MAE': 0.22403188993921502, 'SupNorm': 0.4354664087295532, 'Bias': 0.22402916762745007, 'Corr': 0.9698667236944626, 'deming_slope': 2.1223783080033773, 'deming_intercept': -0.06694745898340526, 'beta_sum': 1.7313896417617798, 'beta_l1': 1.7313896417617798, 'beta_l2': 0.06874009966850281, 'beta_min': 1.9494444131851196e-05, 'beta_max': 0.0072596315294504166, 'beta_neg_frac': 0.0, 'offline_data_id': 53, 'benchmark_id': 3, 'benchmark_point_source': 'fixed_config', 'target_set_size': 100, 'benchmark_z_path': 'data/Z_true.pt', 'projected_bellman_test_risk': 0.03290962800383568, 'oracle_embedding_risk': 0.9656938314437866, 'benchmark_embedding_risk': 0.9656938314437866, 'risk_bellman_final': 0.20893153175018941, 'risk_obj_final': 3.113002777099609, 'B_num_rows': 3088, 'B_num_cols': 800, 'B_min_dim': 800, 'B_numerical_rank': 800, 'B_rank_fraction': 1.0, 'B_rank_tolerance': 3.0403152123881227e-05, 'B_stable_rank': 337.2605285644531, 'B_effective_rank': 770.5343507227219, 'B_entropy_rank': 6.6470842361450195, 'B_spectral_norm': 0.08259071409702301, 'B_frobenius_norm': 1.5167498588562012, 'B_nuclear_norm': 41.39341354370117, 'B_condition_number': 3.1532139981615726, 'B_condition_number_tol': 3.1532139981615726, 'B_smallest_singular_value': 0.026192549616098404, 'B_rank_rel_1em2': 800, 'B_rank_rel_1em3': 800, 'B_rank_rel_1em4': 800}
Benchmark 4 evaluation grid shape: (800, 3)
Replicate 53, benchmark 4 metrics: {'run_id': '53_b4', 'RMSE': 0.13668104244747026, 'MAE': 0.11893794510731823, 'SupNorm': 0.26389651745557785, 'Bias': -0.06616028698845185, 'Corr': 0.39910226454396625, 'deming_slope': 1.7810569859238643, 'deming_intercept': -0.27439373761427044, 'beta_sum': 1.1141831874847412, 'beta_l1': 1.1360729932785034, 'beta_l2': 0.05838906392455101, 'beta_min': -0.0005882938858121634, 'beta_max': 0.010801867581903934, 'beta_neg_frac': 0.06625, 'offline_data_id': 53, 'benchmark_id': 4, 'benchmark_point_source': 'support_safe_target_policy_draw', 'target_set_size': 100, 'benchmark_z_path': 'data/Z_true.pt', 'projected_bellman_test_risk': 0.013127895072102547, 'oracle_embedding_risk': 0.9258363246917725, 'benchmark_embedding_risk': 0.9258363246917725, 'risk_bellman_final': 0.20893153175018941, 'risk_obj_final': 3.113002777099609, 'B_num_rows': 3088, 'B_num_cols': 800, 'B_min_dim': 800, 'B_numerical_rank': 800, 'B_rank_fraction': 1.0, 'B_rank_tolerance': 3.0403152123881227e-05, 'B_stable_rank': 337.2605285644531, 'B_effective_rank': 770.5343507227219, 'B_entropy_rank': 6.6470842361450195, 'B_spectral_norm': 0.08259071409702301, 'B_frobenius_norm': 1.5167498588562012, 'B_nuclear_norm': 41.39341354370117, 'B_condition_number': 3.1532139981615726, 'B_condition_number_tol': 3.1532139981615726, 'B_smallest_singular_value': 0.026192549616098404, 'B_rank_rel_1em2': 800, 'B_rank_rel_1em3': 800, 'B_rank_rel_1em4': 800}
Benchmark 5 evaluation grid shape: (800, 3)
Replicate 53, benchmark 5 metrics: {'run_id': '53_b5', 'RMSE': 0.244492720112784, 'MAE': 0.2270476256920074, 'SupNorm': 0.3942691683769226, 'Bias': -0.22683001800710825, 'Corr': 0.20853061362016942, 'deming_slope': 0.05552246654520485, 'deming_intercept': 0.01588616730818362, 'beta_sum': 0.25095921754837036, 'beta_l1': 0.31300783157348633, 'beta_l2': 0.014082862064242363, 'beta_min': -0.0007426498341374099, 'beta_max': 0.0018615159206092358, 'beta_neg_frac': 0.2, 'offline_data_id': 53, 'benchmark_id': 5, 'benchmark_point_source': 'support_safe_target_policy_draw', 'target_set_size': 100, 'benchmark_z_path': 'data/Z_true.pt', 'projected_bellman_test_risk': 0.00046332116471603513, 'oracle_embedding_risk': 0.9543243646621704, 'benchmark_embedding_risk': 0.9543243646621704, 'risk_bellman_final': 0.20893153175018941, 'risk_obj_final': 3.113002777099609, 'B_num_rows': 3088, 'B_num_cols': 800, 'B_min_dim': 800, 'B_numerical_rank': 800, 'B_rank_fraction': 1.0, 'B_rank_tolerance': 3.0403152123881227e-05, 'B_stable_rank': 337.2605285644531, 'B_effective_rank': 770.5343507227219, 'B_entropy_rank': 6.6470842361450195, 'B_spectral_norm': 0.08259071409702301, 'B_frobenius_norm': 1.5167498588562012, 'B_nuclear_norm': 41.39341354370117, 'B_condition_number': 3.1532139981615726, 'B_condition_number_tol': 3.1532139981615726, 'B_smallest_singular_value': 0.026192549616098404, 'B_rank_rel_1em2': 800, 'B_rank_rel_1em3': 800, 'B_rank_rel_1em4': 800}
Benchmark 6 evaluation grid shape: (800, 3)
Replicate 53, benchmark 6 metrics: {'run_id': '53_b6', 'RMSE': 0.14181724089187628, 'MAE': 0.11264311992272269, 'SupNorm': 0.32251715660095215, 'Bias': 0.09219682163617109, 'Corr': 0.7537420342536526, 'deming_slope': 1.940443723199153, 'deming_intercept': -0.1560720349693146, 'beta_sum': 1.4595212936401367, 'beta_l1': 1.4728052616119385, 'beta_l2': 0.06313081830739975, 'beta_min': -0.0009292066097259521, 'beta_max': 0.007313386537134647, 'beta_neg_frac': 0.0225, 'offline_data_id': 53, 'benchmark_id': 6, 'benchmark_point_source': 'support_safe_target_policy_draw', 'target_set_size': 100, 'benchmark_z_path': 'data/Z_true.pt', 'projected_bellman_test_risk': 0.006130485329777002, 'oracle_embedding_risk': 0.890872061252594, 'benchmark_embedding_risk': 0.890872061252594, 'risk_bellman_final': 0.20893153175018941, 'risk_obj_final': 3.113002777099609, 'B_num_rows': 3088, 'B_num_cols': 800, 'B_min_dim': 800, 'B_numerical_rank': 800, 'B_rank_fraction': 1.0, 'B_rank_tolerance': 3.0403152123881227e-05, 'B_stable_rank': 337.2605285644531, 'B_effective_rank': 770.5343507227219, 'B_entropy_rank': 6.6470842361450195, 'B_spectral_norm': 0.08259071409702301, 'B_frobenius_norm': 1.5167498588562012, 'B_nuclear_norm': 41.39341354370117, 'B_condition_number': 3.1532139981615726, 'B_condition_number_tol': 3.1532139981615726, 'B_smallest_singular_value': 0.026192549616098404, 'B_rank_rel_1em2': 800, 'B_rank_rel_1em3': 800, 'B_rank_rel_1em4': 800}
Benchmark 7 evaluation grid shape: (800, 3)
Replicate 53, benchmark 7 metrics: {'run_id': '53_b7', 'RMSE': 0.15256151337261217, 'MAE': 0.1168936265213415, 'SupNorm': 0.36993253231048584, 'Bias': 0.10070835437159985, 'Corr': 0.7426783157486411, 'deming_slope': 2.1056645770447315, 'deming_intercept': -0.1884065593635843, 'beta_sum': 1.493457317352295, 'beta_l1': 1.500413417816162, 'beta_l2': 0.06761617958545685, 'beta_min': -0.0005014762282371521, 'beta_max': 0.011532584205269814, 'beta_neg_frac': 0.02125, 'offline_data_id': 53, 'benchmark_id': 7, 'benchmark_point_source': 'support_safe_target_policy_draw', 'target_set_size': 100, 'benchmark_z_path': 'data/Z_true.pt', 'projected_bellman_test_risk': 0.01843138039112091, 'oracle_embedding_risk': 0.9227081537246704, 'benchmark_embedding_risk': 0.9227081537246704, 'risk_bellman_final': 0.20893153175018941, 'risk_obj_final': 3.113002777099609, 'B_num_rows': 3088, 'B_num_cols': 800, 'B_min_dim': 800, 'B_numerical_rank': 800, 'B_rank_fraction': 1.0, 'B_rank_tolerance': 3.0403152123881227e-05, 'B_stable_rank': 337.2605285644531, 'B_effective_rank': 770.5343507227219, 'B_entropy_rank': 6.6470842361450195, 'B_spectral_norm': 0.08259071409702301, 'B_frobenius_norm': 1.5167498588562012, 'B_nuclear_norm': 41.39341354370117, 'B_condition_number': 3.1532139981615726, 'B_condition_number_tol': 3.1532139981615726, 'B_smallest_singular_value': 0.026192549616098404, 'B_rank_rel_1em2': 800, 'B_rank_rel_1em3': 800, 'B_rank_rel_1em4': 800}
Benchmark 8 evaluation grid shape: (800, 3)
Replicate 53, benchmark 8 metrics: {'run_id': '53_b8', 'RMSE': 0.08077643491841044, 'MAE': 0.06959781696205028, 'SupNorm': 0.15816573798656464, 'Bias': -0.046029757653595876, 'Corr': 0.7671479445233611, 'deming_slope': 0.9971323058683258, 'deming_intercept': -0.04528274001638283, 'beta_sum': 0.9159585237503052, 'beta_l1': 0.9858905076980591, 'beta_l2': 0.045418720692396164, 'beta_min': -0.0019843068439513445, 'beta_max': 0.0063936300575733185, 'beta_neg_frac': 0.11875, 'offline_data_id': 53, 'benchmark_id': 8, 'benchmark_point_source': 'support_safe_target_policy_draw', 'target_set_size': 100, 'benchmark_z_path': 'data/Z_true.pt', 'projected_bellman_test_risk': 0.014024430885910988, 'oracle_embedding_risk': 0.7984505295753479, 'benchmark_embedding_risk': 0.7984505295753479, 'risk_bellman_final': 0.20893153175018941, 'risk_obj_final': 3.113002777099609, 'B_num_rows': 3088, 'B_num_cols': 800, 'B_min_dim': 800, 'B_numerical_rank': 800, 'B_rank_fraction': 1.0, 'B_rank_tolerance': 3.0403152123881227e-05, 'B_stable_rank': 337.2605285644531, 'B_effective_rank': 770.5343507227219, 'B_entropy_rank': 6.6470842361450195, 'B_spectral_norm': 0.08259071409702301, 'B_frobenius_norm': 1.5167498588562012, 'B_nuclear_norm': 41.39341354370117, 'B_condition_number': 3.1532139981615726, 'B_condition_number_tol': 3.1532139981615726, 'B_smallest_singular_value': 0.026192549616098404, 'B_rank_rel_1em2': 800, 'B_rank_rel_1em3': 800, 'B_rank_rel_1em4': 800}
Benchmark 9 evaluation grid shape: (800, 3)
Replicate 53, benchmark 9 metrics: {'run_id': '53_b9', 'RMSE': 0.15491233536675472, 'MAE': 0.1230309045384638, 'SupNorm': 0.3367399573326111, 'Bias': 0.11192652772879227, 'Corr': 0.7955076914665014, 'deming_slope': 1.9719736191115003, 'deming_intercept': -0.1463902338167556, 'beta_sum': 1.5009899139404297, 'beta_l1': 1.5050508975982666, 'beta_l2': 0.06600788980722427, 'beta_min': -0.0008178912103176117, 'beta_max': 0.009113668464124203, 'beta_neg_frac': 0.01125, 'offline_data_id': 53, 'benchmark_id': 9, 'benchmark_point_source': 'support_safe_target_policy_draw', 'target_set_size': 100, 'benchmark_z_path': 'data/Z_true.pt', 'projected_bellman_test_risk': 0.006879606284201145, 'oracle_embedding_risk': 0.8906063437461853, 'benchmark_embedding_risk': 0.8906063437461853, 'risk_bellman_final': 0.20893153175018941, 'risk_obj_final': 3.113002777099609, 'B_num_rows': 3088, 'B_num_cols': 800, 'B_min_dim': 800, 'B_numerical_rank': 800, 'B_rank_fraction': 1.0, 'B_rank_tolerance': 3.0403152123881227e-05, 'B_stable_rank': 337.2605285644531, 'B_effective_rank': 770.5343507227219, 'B_entropy_rank': 6.6470842361450195, 'B_spectral_norm': 0.08259071409702301, 'B_frobenius_norm': 1.5167498588562012, 'B_nuclear_norm': 41.39341354370117, 'B_condition_number': 3.1532139981615726, 'B_condition_number_tol': 3.1532139981615726, 'B_smallest_singular_value': 0.026192549616098404, 'B_rank_rel_1em2': 800, 'B_rank_rel_1em3': 800, 'B_rank_rel_1em4': 800}
Replicate 53 finished in 21.1s
Finished combo 6, offline replicate 53.
