Job ID:    2359205
Array idx: 414
CPUs/node: 64
Mem/node:  131072
Using CC = cc 
Using CXX = CC 
Using FC = ftn 
Using F77 = ftn 
Using F90 = ftn 
cuda/12.6.1 is deprecated; loading cudatoolkit/25.5_12.9 instead.
Using CC = /opt/nvidia/hpc_sdk/Linux_aarch64/25.5/compilers/bin/nvc 
Using CXX = /opt/nvidia/hpc_sdk/Linux_aarch64/25.5/compilers/bin/nvc++ 
Using FC = /opt/nvidia/hpc_sdk/Linux_aarch64/25.5/compilers/bin/nvfortran 
Using F77 = /opt/nvidia/hpc_sdk/Linux_aarch64/25.5/compilers/bin/nvfortran 
Using F90 = /opt/nvidia/hpc_sdk/Linux_aarch64/25.5/compilers/bin/nvfortran 
Using CC = /opt/nvidia/hpc_sdk/Linux_aarch64/25.5/compilers/bin/nvc 
Using CXX = /opt/nvidia/hpc_sdk/Linux_aarch64/25.5/compilers/bin/nvc++ 
Using FC = /opt/nvidia/hpc_sdk/Linux_aarch64/25.5/compilers/bin/nvfortran 
Using F77 = /opt/nvidia/hpc_sdk/Linux_aarch64/25.5/compilers/bin/nvfortran 
Using F90 = /opt/nvidia/hpc_sdk/Linux_aarch64/25.5/compilers/bin/nvfortran 

Lmod is automatically replacing "gcc-native/14" with "gcc/14.2.0".

ghx4
0
Tuning combo id: 4 / 6
Offline replicate id: 14 / 99
Installing ke_drl from git: https://github.com/mehrdadmhmdi/ke-drl.git@main
Collecting git+https://github.com/mehrdadmhmdi/ke-drl.git@main
  Cloning https://github.com/mehrdadmhmdi/ke-drl.git (to revision main) to /tmp/pip-req-build-i74i7_lo
  Running command git clone --filter=blob:none --quiet https://github.com/mehrdadmhmdi/ke-drl.git /tmp/pip-req-build-i74i7_lo
  Resolved https://github.com/mehrdadmhmdi/ke-drl.git to commit 3c5d570e40ea15b1fbe4817b5f43b64c7b333e82
  Installing build dependencies: started
  Installing build dependencies: finished with status 'done'
  Getting requirements to build wheel: started
  Getting requirements to build wheel: finished with status 'done'
  Preparing metadata (pyproject.toml): started
  Preparing metadata (pyproject.toml): finished with status 'done'
Building wheels for collected packages: ke_drl
  Building wheel for ke_drl (pyproject.toml): started
  Building wheel for ke_drl (pyproject.toml): finished with status 'done'
  Created wheel for ke_drl: filename=ke_drl-0.1.0-py3-none-any.whl size=47219 sha256=149b6cf21328ff3af13f0e261886c2b919e4e2bd7307ab1daa55e73607af5625
  Stored in directory: /tmp/pip-ephem-wheel-cache-clh_begv/wheels/24/47/ad/9a4ffd3b05d3e90e35ffc6e7324b735b8bfcf5f51aaf29a333
Successfully built ke_drl
Installing collected packages: ke_drl
Successfully installed ke_drl-0.1.0
Installed ke_drl source: /work/nvme/bfez/mehrdad3/DistRL/simulation_3/runs/sim3_global_2358722_4/.kedrl_site_414/ke_drl/__init__.py
Tuning combo 4: kernel_length_1.5
Overrides: {'kernel': {'length_scale': 1.5}}
RUN: /sw/user/python/miniforge3-pytorch-24.11.3/bin/python3 validate_sim_config.py --params params.yaml
ke_drl import source: /work/nvme/bfez/mehrdad3/DistRL/simulation_3/runs/sim3_global_2358722_4/.kedrl_site_414/ke_drl/__init__.py
ke_drl package API OK: prediction weights, RFF operators, rank diagnostics, and best-checkpoint optimizer available
Policy config OK: behavior=uniform, target=logistic, state_dim=5, action_dim=1
Note: policy.logistic.theta_scale/theta_std are log-scale coefficients in Probability_Densities.
Behavior-policy linearized state-process diagnostic: spectral_radius=0.653, offline_burn_in=50
Replicate config OK: num_replicates=100, benchmark points=10 independent of D_i, loss target points=100
Transition reduction OK: method=kmeans, raw rows N(T-1)=12000, target rows about 3000, B rows reduced from 12000 to about 3000
Return-operator approximation OK: method=rff, features=512, exact G avoided for estimated N=12000, m=800, L=100
Fixed benchmark config rows=4 (benchmark.num_points=10; additional points are support-safe target-policy draws if needed)
Fixed benchmark point 0: s_star=[0.6, -0.8, 0.7, -0.5, 0.9], a_star=[0.5]
Fixed benchmark behavior-support interval for configured rows: min_lower=-0.12, max_upper=1.11
Fixed benchmark target-policy location range: [-0.02, 0.14]
Reusing shared data from /work/nvme/bfez/mehrdad3/DistRL/simulation_3/runs/sim3_shared_data/data for offline replicate 14.
RUN: /sw/user/python/miniforge3-pytorch-24.11.3/bin/python3 validate_sim_config.py --params params.yaml --data data/offline_data_14.pt
ke_drl import source: /work/nvme/bfez/mehrdad3/DistRL/simulation_3/runs/sim3_global_2358722_4/.kedrl_site_414/ke_drl/__init__.py
ke_drl package API OK: prediction weights, RFF operators, rank diagnostics, and best-checkpoint optimizer available
Policy config OK: behavior=uniform, target=logistic, state_dim=5, action_dim=1
Note: policy.logistic.theta_scale/theta_std are log-scale coefficients in Probability_Densities.
Behavior-policy linearized state-process diagnostic: spectral_radius=0.653, offline_burn_in=50
Replicate config OK: num_replicates=100, benchmark points=10 independent of D_i, loss target points=100
Transition reduction OK: method=kmeans, raw rows N(T-1)=12000, target rows about 3000, B rows reduced from 12000 to about 3000
Return-operator approximation OK: method=rff, features=512, exact G avoided for estimated N=12000, m=800, L=100
Fixed benchmark config rows=4 (benchmark.num_points=10; additional points are support-safe target-policy draws if needed)
Fixed benchmark point 0: s_star=[0.6, -0.8, 0.7, -0.5, 0.9], a_star=[0.5]
Fixed benchmark behavior-support interval for configured rows: min_lower=-0.12, max_upper=1.11
Fixed benchmark target-policy location range: [-0.02, 0.14]
Full benchmark support check OK: 10 points, min_lower=-2.177, max_upper=2.05
observed behavior actions: mean=0.3966, sd=0.6727, q0/q10/q50/q90/q100=[-1.9248825311660767, -0.4108735591173172, 0.3337467610836029, 1.3051043510437013, 3.075195789337158]
target-policy sampled actions: mean=-0.02954, sd=0.6668, q0/q10/q50/q90/q100=[-2.808568966688864, -0.8945012980016176, -0.02524830669465815, 0.8184668613059636, 2.4404010279227033]
behavior uniform lower: mean=-0.1279, sd=0.6602, q0/q10/q50/q90/q100=[-2.928913521766663, -0.9800823128223419, -0.12479305118322372, 0.7151695244759322, 2.374464273452759]
behavior uniform upper: mean=0.9245, sd=0.6401, q0/q10/q50/q90/q100=[-1.019753038883209, 0.07791326045989991, 0.9435465455055236, 1.7440511959791183, 3.374464273452759]
target location inside behavior uniform support: 0.971
RUN: /sw/user/python/miniforge3-pytorch-24.11.3/bin/python3 main_est.py
# ================================================================ #
#   Global KE-DRL estimation for one offline replicate              #
# ================================================================ #
Slurm Job ID: 2359205
Slurm Array ID: 14 -- used as the offline-replicate id
Offline data id: 14
ke_drl import source: /work/nvme/bfez/mehrdad3/DistRL/simulation_3/runs/sim3_global_2358722_4/.kedrl_site_414/ke_drl/__init__.py
Estimator device: cuda (NVIDIA GH200 120GB, capability 9.0); torch CUDA=13.0
Random seed: 20460526
Number of offline replicates: 100
[transition reduction] enabled: original rows=12000, target basis=3000, method=kmeans, device=cuda
[transition reduction] kmeans iter 1/20, mean center shift=2.7065e-01
[transition reduction] kmeans iter 5/20, mean center shift=5.7713e-03
[transition reduction] selected 3079 rows from 12000 transitions (ratio 0.2566); indices saved to data/reduced_transition_indices_14.pt
Data and parameters loaded.
offline path: data/offline_data_14.pt
benchmark true-Z path: data/Z_true.pt
offline shapes after reduction: s0=(3079, 5), a0=(3079, 1), r0=(3079, 3)
transition reduction: {'enabled': True, 'method': 'kmeans', 'original_rows': 12000, 'reduced_rows': 3079, 'selected_indices_path': 'data/reduced_transition_indices_14.pt', 'target_basis': 3000, 'compression_ratio': 0.25658333333333333}
fixed benchmark point source: fixed_config_plus_support_safe_target_policy_draws
benchmark row excluded from this offline data: None
global loss target set shape: s_star=(100, 5), a_star=(100, 1)
benchmark true-Z count=10, shape each=(50000, 3)
target policy: logistic
behavior policy: uniform
lambda_Gamma=0.005, lambda_B=0.02, d_r_method=song
dtype=torch.float32, operator_method=rff, operator_num_features=512
ridge_mode=rkhs, diagnostic_interval=50
mass_anchor_lambda=1.0, target_mass=1.0
uLSIF basis: source=numerator, n_basis=512, lambda_reg=0.005
optimizer stabilizers: lambda_neg=0.0, max_B_norm=None, eta_clip_min=0.0, eta_clip_max=5.0, normalize_eta=True
========================================
Estimating the global KE-DRL mean embedding
torch device=cuda, dtype=torch.float32
Data dims: N=3079, L=100, Ds=5, Da=1, Dr=3
lambda_Gamma=0.005, lambda_B=0.02
return-operator construction: method=rff, rff_features=512
[uLSIF] basis=512/3079 (numerator); eta_hat min=-9.637e-01 max=4.632e+00 neg%=3.90
ESS for eta_plus: 2219.9 / 3079
eta_plus diagnostics: raw_mean=0.999, raw_min=-0.964, raw_max=4.63; used_mean=1, used_min=0, used_max=4.59
[timing] Z-grid: 0.03s
[timing] K_X: 0.00s
[timing] K_plus: 0.00s
[timing] k_star: 0.00s
[timing] Gamma_stack: 0.01s
[timing] Phi_stack: 0.00s
[timing] RFF feature sample: 0.00s
[timing] K_Z RFF: 0.00s
[timing] G_stack RFF: 0.01s
[timing] H_stack RFF: 0.01s
findfont: Font family 'Nimbus Roman' not found.
findfont: Font family 'Nimbus Roman' not found.
findfont: Font family 'Nimbus Roman' not found.
findfont: Font family 'Nimbus Roman' not found.
findfont: Font family 'Nimbus Roman' not found.
findfont: Font family 'Nimbus Roman' not found.
findfont: Font family 'Nimbus Roman' not found.
findfont: Font family 'Nimbus Roman' not found.
findfont: Font family 'Nimbus Roman' not found.
findfont: Font family 'Nimbus Roman' not found.
findfont: Font family 'Nimbus Roman' not found.
findfont: Font family 'Nimbus Roman' not found.
findfont: Font family 'Nimbus Roman' not found.
findfont: Font family 'Nimbus Roman' not found.
findfont: Font family 'Nimbus Roman' not found.
findfont: Font family 'Nimbus Roman' not found.
findfont: Font family 'Nimbus Roman' not found.
findfont: Font family 'Nimbus Roman' not found.
findfont: Font family 'Nimbus Roman' not found.
findfont: Font family 'Nimbus Roman' not found.
findfont: Font family 'Nimbus Roman' not found.
findfont: Font family 'Nimbus Roman' not found.
findfont: Font family 'Nimbus Roman' not found.
findfont: Font family 'Nimbus Roman' not found.
findfont: Font family 'Nimbus Roman' not found.
findfont: Font family 'Nimbus Roman' not found.
findfont: Font family 'Nimbus Roman' not found.
findfont: Font family 'Nimbus Roman' not found.
findfont: Font family 'Nimbus Roman' not found.
findfont: Font family 'Nimbus Roman' not found.
findfont: Font family 'Nimbus Roman' not found.
findfont: Font family 'Nimbus Roman' not found.
findfont: Font family 'Nimbus Roman' not found.
findfont: Font family 'Nimbus Roman' not found.
findfont: Font family 'Nimbus Roman' not found.
findfont: Font family 'Nimbus Roman' not found.
findfont: Font family 'Nimbus Roman' not found.
findfont: Font family 'Nimbus Roman' not found.
findfont: Font family 'Nimbus Roman' not found.
findfont: Font family 'Nimbus Roman' not found.
findfont: Font family 'Nimbus Roman' not found.
findfont: Font family ['Nimbus Roman'] not found. Falling back to DejaVu Sans.
findfont: Font family 'Nimbus Roman' not found.
findfont: Font family ['Nimbus Roman'] not found. Falling back to DejaVu Sans.
findfont: Font family 'Nimbus Roman' not found.
findfont: Font family 'Nimbus Roman' not found.
findfont: Font family 'Nimbus Roman' not found.
findfont: Font family 'Nimbus Roman' not found.
findfont: Font family 'Nimbus Roman' not found.
findfont: Font family 'Nimbus Roman' not found.
findfont: Font family 'Nimbus Roman' not found.
findfont: Font family 'Nimbus Roman' not found.
findfont: Font family 'Nimbus Roman' not found.
findfont: Font family ['Nimbus Roman'] not found. Falling back to DejaVu Sans.
findfont: Font family 'Nimbus Roman' not found.
findfont: Font family 'Nimbus Roman' not found.
findfont: Font family 'Nimbus Roman' not found.
findfont: Font family 'Nimbus Roman' not found.
findfont: Font family 'Nimbus Roman' not found.
findfont: Font family 'Nimbus Roman' not found.
findfont: Font family 'Nimbus Roman' not found.
findfont: Font family 'Nimbus Roman' not found.
findfont: Font family 'Nimbus Roman' not found.
findfont: Font family 'Nimbus Roman' not found.
findfont: Font family 'Nimbus Roman' not found.
findfont: Font family 'Nimbus Roman' not found.
findfont: Font family 'Nimbus Roman' not found.
findfont: Font family 'Nimbus Roman' not found.
findfont: Font family 'Nimbus Roman' not found.
findfont: Font family 'Nimbus Roman' not found.
findfont: Font family 'Nimbus Roman' not found.
findfont: Font family 'Nimbus Roman' not found.
findfont: Font family 'Nimbus Roman' not found.
findfont: Font family 'Nimbus Roman' not found.
findfont: Font family 'Nimbus Roman' not found.
findfont: Font family 'Nimbus Roman' not found.
findfont: Font family 'Nimbus Roman' not found.
findfont: Font family 'Nimbus Roman' not found.
findfont: Font family 'Nimbus Roman' not found.
findfont: Font family 'Nimbus Roman' not found.
findfont: Font family 'Nimbus Roman' not found.
findfont: Font family 'Nimbus Roman' not found.
findfont: Font family 'Nimbus Roman' not found.
findfont: Font family 'Nimbus Roman' not found.
findfont: Font family 'Nimbus Roman' not found.
findfont: Font family 'Nimbus Roman' not found.
findfont: Font family 'Nimbus Roman' not found.
findfont: Font family 'Nimbus Roman' not found.
findfont: Font family 'Nimbus Roman' not found.
findfont: Font family 'Nimbus Roman' not found.
findfont: Font family 'Nimbus Roman' not found.
findfont: Font family 'Nimbus Roman' not found.
findfont: Font family 'Nimbus Roman' not found.
findfont: Font family 'Nimbus Roman' not found.
findfont: Font family 'Nimbus Roman' not found.
findfont: Font family 'Nimbus Roman' not found.
findfont: Font family 'Nimbus Roman' not found.
findfont: Font family 'Nimbus Roman' not found.
findfont: Font family 'Nimbus Roman' not found.
findfont: Font family 'Nimbus Roman' not found.
findfont: Font family 'Nimbus Roman' not found.
findfont: Font family 'Nimbus Roman' not found.
findfont: Font family 'Nimbus Roman' not found.
findfont: Font family 'Nimbus Roman' not found.
findfont: Font family 'Nimbus Roman' not found.
findfont: Font family 'Nimbus Roman' not found.
findfont: Font family 'Nimbus Roman' not found.
findfont: Font family 'Nimbus Roman' not found.
findfont: Font family 'Nimbus Roman' not found.
findfont: Font family 'Nimbus Roman' not found.
findfont: Font family 'Nimbus Roman' not found.
findfont: Font family 'Nimbus Roman' not found.
findfont: Font family 'Nimbus Roman' not found.
findfont: Font family 'Nimbus Roman' not found.
findfont: Font family 'Nimbus Roman' not found.
findfont: Font family 'Nimbus Roman' not found.
findfont: Font family 'Nimbus Roman' not found.
findfont: Font family 'Nimbus Roman' not found.
findfont: Font family 'Nimbus Roman' not found.
findfont: Font family 'Nimbus Roman' not found.
findfont: Font family 'Nimbus Roman' not found.
findfont: Font family 'Nimbus Roman' not found.
findfont: Font family 'Nimbus Roman' not found.
findfont: Font family 'Nimbus Roman' not found.
findfont: Font family 'Nimbus Roman' not found.
findfont: Font family 'Nimbus Roman' not found.
findfont: Font family 'Nimbus Roman' not found.
findfont: Font family 'Nimbus Roman' not found.
findfont: Font family 'Nimbus Roman' not found.
Ridge mode: rkhs; diagnostic interval: 50
Iter 1/4000 | log_obj=1.133e+01 | log_Bellman_root=4.282e+00 | mass=7.78e+04 | neg=0.00e+00 | grad=8.49e+02
Iter 400/4000 | log_obj=5.787e+00 | log_Bellman_root=1.505e+00 | mass=3.06e+02 | neg=0.00e+00 | grad=1.56e+04
Iter 800/4000 | log_obj=5.784e+00 | log_Bellman_root=1.504e+00 | mass=3.05e+02 | neg=0.00e+00 | grad=1.56e+04
Iter 1200/4000 | log_obj=5.781e+00 | log_Bellman_root=1.503e+00 | mass=3.04e+02 | neg=0.00e+00 | grad=1.57e+04
Iter 1600/4000 | log_obj=6.929e+00 | log_Bellman_root=2.082e+00 | mass=9.57e+02 | neg=0.00e+00 | grad=2.48e+04
Iter 2000/4000 | log_obj=6.930e+00 | log_Bellman_root=2.083e+00 | mass=9.58e+02 | neg=0.00e+00 | grad=2.48e+04
Iter 2400/4000 | log_obj=6.930e+00 | log_Bellman_root=2.083e+00 | mass=9.58e+02 | neg=0.00e+00 | grad=2.48e+04
Iter 2800/4000 | log_obj=6.930e+00 | log_Bellman_root=2.083e+00 | mass=9.58e+02 | neg=0.00e+00 | grad=2.48e+04
Iter 3200/4000 | log_obj=6.931e+00 | log_Bellman_root=2.083e+00 | mass=9.59e+02 | neg=0.00e+00 | grad=2.48e+04
Iter 3600/4000 | log_obj=6.931e+00 | log_Bellman_root=2.083e+00 | mass=9.59e+02 | neg=0.00e+00 | grad=2.48e+04
Iter 4000/4000 | log_obj=6.931e+00 | log_Bellman_root=2.083e+00 | mass=9.59e+02 | neg=0.00e+00 | grad=2.48e+04
Returning best diagnostic checkpoint from step 3950 (objective=1.109e+02, Bellman=6.888e+00).
Done in 11.67s.
KE-DRL global estimation is done.
B_hat shape: (3079, 800)
B_hat rank diagnostics: {'B_num_rows': 3079, 'B_num_cols': 800, 'B_min_dim': 800, 'B_numerical_rank': 800, 'B_rank_fraction': 1.0, 'B_rank_tolerance': 3.065306237726162e-05, 'B_stable_rank': 352.11676025390625, 'B_effective_rank': 771.7304935231476, 'B_entropy_rank': 6.648635387420654, 'B_spectral_norm': 0.08351299911737442, 'B_frobenius_norm': 1.5671025514602661, 'B_nuclear_norm': 42.82935333251953, 'B_condition_number': 3.0870081364649047, 'B_condition_number_tol': 3.0870081364649047, 'B_smallest_singular_value': 0.02705305442214012, 'B_rank_rel_1em2': 800, 'B_rank_rel_1em3': 800, 'B_rank_rel_1em4': 800}
Global-loss target mass diagnostics: {'target_mass_mean': -8.882466316223145, 'target_mass_min': -13.120080947875977, 'target_mass_max': -0.7084408402442932, 'target_mass_sd': 2.5356826782226562, 'target_mass_rmse_to_target': 10.199437141418457, 'target_beta_min': -0.03559127449989319, 'target_beta_max': 0.028253044933080673, 'target_neg_frac_mean': 0.9530500000000001}
Return dictionary Z_grid shape: (800, 3)
Replicate 14 risk metrics: {'risk_n_steps_recorded': 81.0, 'risk_n_diagnostics_recorded': 81.0, 'risk_log_obj_initial': 11.326554658519223, 'risk_log_obj_final': 6.931164675309891, 'risk_log_obj_min': 4.708995863495551, 'risk_obj_initial': 82996.57812499996, 'risk_obj_final': 1023.6855468750003, 'risk_obj_min': 110.94070434570317, 'risk_log_obj_drop': 4.3953899832093315, 'risk_log_bellman_root_initial': 4.281942101977881, 'risk_log_bellman_root_final': 2.083317263962921, 'risk_log_bellman_root_min': 0.9649129444346923, 'risk_bellman_root_initial': 72.38087463378903, 'risk_bellman_root_final': 8.031065940856932, 'risk_bellman_root_min': 2.624559164047241, 'risk_bellman_initial': 5238.991012752284, 'risk_bellman_final': 64.49802014639225, 'risk_bellman_min': 6.8883108055843545, 'risk_log_bellman_root_drop': 2.1986248380149602, 'risk_bellman_returned': 6.888311386108398, 'risk_obj_returned': 110.94070434570312, 'risk_returned_step': 3950.0, 'offline_data_id': 14, 'benchmark_point_source': 'fixed_config_plus_support_safe_target_policy_draws', 'target_set_size': 100, 'lambda_reg': 0.005, 'lambda_B': 0.02, 'num_steps': 4000, 'transition_reduction_enabled': 1, 'transition_reduction_method': 'kmeans', 'transition_original_rows': 12000, 'transition_reduced_rows': 3079, 'transition_compression_ratio': 0.25658333333333333, 'target_mass_mean': -8.882466316223145, 'target_mass_min': -13.120080947875977, 'target_mass_max': -0.7084408402442932, 'target_mass_sd': 2.5356826782226562, 'target_mass_rmse_to_target': 10.199437141418457, 'target_beta_min': -0.03559127449989319, 'target_beta_max': 0.028253044933080673, 'target_neg_frac_mean': 0.9530500000000001, 'B_num_rows': 3079, 'B_num_cols': 800, 'B_min_dim': 800, 'B_numerical_rank': 800, 'B_rank_fraction': 1.0, 'B_rank_tolerance': 3.065306237726162e-05, 'B_stable_rank': 352.11676025390625, 'B_effective_rank': 771.7304935231476, 'B_entropy_rank': 6.648635387420654, 'B_spectral_norm': 0.08351299911737442, 'B_frobenius_norm': 1.5671025514602661, 'B_nuclear_norm': 42.82935333251953, 'B_condition_number': 3.0870081364649047, 'B_condition_number_tol': 3.0870081364649047, 'B_smallest_singular_value': 0.02705305442214012, 'B_rank_rel_1em2': 800, 'B_rank_rel_1em3': 800, 'B_rank_rel_1em4': 800, 'risk_objective_final_raw': 1023.685546875, 'risk_objective_min_raw': 110.94070434570312, 'risk_objective_max_raw': 82996.578125, 'risk_bellman_final_raw': 64.4980239868164, 'risk_bellman_min_raw': 6.888311386108398, 'risk_bellman_max_raw': 5238.9912109375, 'risk_rkhs_ridge_final_raw': 0.08278734236955643, 'risk_rkhs_ridge_min_raw': 0.02386690489947796, 'risk_rkhs_ridge_max_raw': 4.958811283111572, 'risk_mass_final_raw': 959.104736328125, 'risk_mass_min_raw': 104.02852630615234, 'risk_mass_max_raw': 77752.625, 'risk_negativity_final_raw': 0.0, 'risk_negativity_min_raw': 0.0, 'risk_negativity_max_raw': 0.0, 'risk_B_norm_final_raw': 1.5678963661193848, 'risk_B_norm_min_raw': 1.5669221878051758, 'risk_B_norm_max_raw': 1.6386654376983643, 'risk_diagnostic_step_final_raw': 4000.0, 'risk_diagnostic_step_min_raw': 1.0, 'risk_diagnostic_step_max_raw': 4000.0, 'risk_best_step_final_raw': 3950.0, 'risk_best_step_min_raw': 3950.0, 'risk_best_step_max_raw': 3950.0, 'risk_best_objective_final_raw': 110.94070434570312, 'risk_best_objective_min_raw': 110.94070434570312, 'risk_best_objective_max_raw': 110.94070434570312, 'risk_best_bellman_final_raw': 6.888311386108398, 'risk_best_bellman_min_raw': 6.888311386108398, 'risk_best_bellman_max_raw': 6.888311386108398, 'risk_returned_step_final_raw': 3950.0, 'risk_returned_step_min_raw': 3950.0, 'risk_returned_step_max_raw': 3950.0, 'risk_returned_objective_final_raw': 110.94070434570312, 'risk_returned_objective_min_raw': 110.94070434570312, 'risk_returned_objective_max_raw': 110.94070434570312, 'risk_returned_bellman_final_raw': 6.888311386108398, 'risk_returned_bellman_min_raw': 6.888311386108398, 'risk_returned_bellman_max_raw': 6.888311386108398, 'risk_returned_best_checkpoint_final_raw': 1.0, 'risk_returned_best_checkpoint_min_raw': 1.0, 'risk_returned_best_checkpoint_max_raw': 1.0}
Benchmark 0 evaluation grid shape: (800, 3)
Replicate 14, benchmark 0 metrics: {'run_id': '14_b0', 'RMSE': 3.9088485933276256, 'MAE': 3.650564817995764, 'SupNorm': 6.38260617852211, 'Bias': -3.650564817995764, 'Corr': -0.4778080349086892, 'deming_slope': -25.029131111885746, 'deming_intercept': 8.4054472375094, 'beta_sum': -7.832364082336426, 'beta_l1': 8.042137145996094, 'beta_l2': 0.32006359100341797, 'beta_min': -0.02465711161494255, 'beta_max': 0.007819228805601597, 'beta_neg_frac': 0.9475, 'offline_data_id': 14, 'benchmark_id': 0, 'benchmark_point_source': 'fixed_config', 'target_set_size': 100, 'benchmark_z_path': 'data/Z_true.pt', 'projected_bellman_test_risk': 0.356145977973938, 'oracle_embedding_risk': 44.9309196472168, 'benchmark_embedding_risk': 44.9309196472168, 'risk_bellman_final': 64.49802014639225, 'risk_obj_final': 1023.6855468750003, 'B_num_rows': 3079, 'B_num_cols': 800, 'B_min_dim': 800, 'B_numerical_rank': 800, 'B_rank_fraction': 1.0, 'B_rank_tolerance': 3.065306237726162e-05, 'B_stable_rank': 352.11676025390625, 'B_effective_rank': 771.7304935231476, 'B_entropy_rank': 6.648635387420654, 'B_spectral_norm': 0.08351299911737442, 'B_frobenius_norm': 1.5671025514602661, 'B_nuclear_norm': 42.82935333251953, 'B_condition_number': 3.0870081364649047, 'B_condition_number_tol': 3.0870081364649047, 'B_smallest_singular_value': 0.02705305442214012, 'B_rank_rel_1em2': 800, 'B_rank_rel_1em3': 800, 'B_rank_rel_1em4': 800}
Saved ./mu/mu_hat.csv shape=(800,)
Saved ./mu/mu2D_hat_dims01.csv shape=(120, 120)
Saved ./mu/mu2D_hat_dims01.csv shape=(120, 120)
Saved plots/replicate_14/mu_3D.png
Benchmark 1 evaluation grid shape: (800, 3)
Replicate 14, benchmark 1 metrics: {'run_id': '14_b1', 'RMSE': 7.752417908871559, 'MAE': 7.482398426420986, 'SupNorm': 10.746053636074066, 'Bias': -7.482398426420986, 'Corr': -0.9910550738265559, 'deming_slope': -17.032965738890613, 'deming_intercept': 0.8300604297537557, 'beta_sum': -13.50279426574707, 'beta_l1': 13.509037971496582, 'beta_l2': 0.49205517768859863, 'beta_min': -0.03138776496052742, 'beta_max': 0.0023819468915462494, 'beta_neg_frac': 0.9975, 'offline_data_id': 14, 'benchmark_id': 1, 'benchmark_point_source': 'fixed_config', 'target_set_size': 100, 'benchmark_z_path': 'data/Z_true.pt', 'projected_bellman_test_risk': 5.5167131423950195, 'oracle_embedding_risk': 124.3194580078125, 'benchmark_embedding_risk': 124.3194580078125, 'risk_bellman_final': 64.49802014639225, 'risk_obj_final': 1023.6855468750003, 'B_num_rows': 3079, 'B_num_cols': 800, 'B_min_dim': 800, 'B_numerical_rank': 800, 'B_rank_fraction': 1.0, 'B_rank_tolerance': 3.065306237726162e-05, 'B_stable_rank': 352.11676025390625, 'B_effective_rank': 771.7304935231476, 'B_entropy_rank': 6.648635387420654, 'B_spectral_norm': 0.08351299911737442, 'B_frobenius_norm': 1.5671025514602661, 'B_nuclear_norm': 42.82935333251953, 'B_condition_number': 3.0870081364649047, 'B_condition_number_tol': 3.0870081364649047, 'B_smallest_singular_value': 0.02705305442214012, 'B_rank_rel_1em2': 800, 'B_rank_rel_1em3': 800, 'B_rank_rel_1em4': 800}
Benchmark 2 evaluation grid shape: (800, 3)
Replicate 14, benchmark 2 metrics: {'run_id': '14_b2', 'RMSE': 7.4824368303693545, 'MAE': 7.228451092301402, 'SupNorm': 10.365049183368683, 'Bias': -7.228451092301402, 'Corr': -0.9097684755310466, 'deming_slope': -18.777398505827087, 'deming_intercept': 2.075384903816107, 'beta_sum': -13.04027271270752, 'beta_l1': 13.04479694366455, 'beta_l2': 0.47848719358444214, 'beta_min': -0.03025522455573082, 'beta_max': 0.0014934949576854706, 'beta_neg_frac': 0.9975, 'offline_data_id': 14, 'benchmark_id': 2, 'benchmark_point_source': 'fixed_config', 'target_set_size': 100, 'benchmark_z_path': 'data/Z_true.pt', 'projected_bellman_test_risk': 4.432197093963623, 'oracle_embedding_risk': 116.29338073730469, 'benchmark_embedding_risk': 116.29338073730469, 'risk_bellman_final': 64.49802014639225, 'risk_obj_final': 1023.6855468750003, 'B_num_rows': 3079, 'B_num_cols': 800, 'B_min_dim': 800, 'B_numerical_rank': 800, 'B_rank_fraction': 1.0, 'B_rank_tolerance': 3.065306237726162e-05, 'B_stable_rank': 352.11676025390625, 'B_effective_rank': 771.7304935231476, 'B_entropy_rank': 6.648635387420654, 'B_spectral_norm': 0.08351299911737442, 'B_frobenius_norm': 1.5671025514602661, 'B_nuclear_norm': 42.82935333251953, 'B_condition_number': 3.0870081364649047, 'B_condition_number_tol': 3.0870081364649047, 'B_smallest_singular_value': 0.02705305442214012, 'B_rank_rel_1em2': 800, 'B_rank_rel_1em3': 800, 'B_rank_rel_1em4': 800}
Benchmark 3 evaluation grid shape: (800, 3)
Replicate 14, benchmark 3 metrics: {'run_id': '14_b3', 'RMSE': 7.350993053493043, 'MAE': 7.0760797251435, 'SupNorm': 10.328708529472351, 'Bias': -7.0760797251435, 'Corr': -0.9284432004227553, 'deming_slope': -18.18109604117145, 'deming_intercept': 1.74384541339289, 'beta_sum': -13.028059005737305, 'beta_l1': 13.030378341674805, 'beta_l2': 0.47769302129745483, 'beta_min': -0.03423359617590904, 'beta_max': 0.0006701834499835968, 'beta_neg_frac': 0.99625, 'offline_data_id': 14, 'benchmark_id': 3, 'benchmark_point_source': 'fixed_config', 'target_set_size': 100, 'benchmark_z_path': 'data/Z_true.pt', 'projected_bellman_test_risk': 4.717191696166992, 'oracle_embedding_risk': 115.97734069824219, 'benchmark_embedding_risk': 115.97734069824219, 'risk_bellman_final': 64.49802014639225, 'risk_obj_final': 1023.6855468750003, 'B_num_rows': 3079, 'B_num_cols': 800, 'B_min_dim': 800, 'B_numerical_rank': 800, 'B_rank_fraction': 1.0, 'B_rank_tolerance': 3.065306237726162e-05, 'B_stable_rank': 352.11676025390625, 'B_effective_rank': 771.7304935231476, 'B_entropy_rank': 6.648635387420654, 'B_spectral_norm': 0.08351299911737442, 'B_frobenius_norm': 1.5671025514602661, 'B_nuclear_norm': 42.82935333251953, 'B_condition_number': 3.0870081364649047, 'B_condition_number_tol': 3.0870081364649047, 'B_smallest_singular_value': 0.02705305442214012, 'B_rank_rel_1em2': 800, 'B_rank_rel_1em3': 800, 'B_rank_rel_1em4': 800}
Benchmark 4 evaluation grid shape: (800, 3)
Replicate 14, benchmark 4 metrics: {'run_id': '14_b4', 'RMSE': 2.5215603272781086, 'MAE': 2.267558491624659, 'SupNorm': 5.104653567075729, 'Bias': -2.267558491624659, 'Corr': -0.16958525079225792, 'deming_slope': -56.97994902816151, 'deming_intercept': 24.88769012269173, 'beta_sum': -6.071347236633301, 'beta_l1': 6.935281276702881, 'beta_l2': 0.2791093587875366, 'beta_min': -0.026271915063261986, 'beta_max': 0.02939143218100071, 'beta_neg_frac': 0.9125, 'offline_data_id': 14, 'benchmark_id': 4, 'benchmark_point_source': 'support_safe_target_policy_draw', 'target_set_size': 100, 'benchmark_z_path': 'data/Z_true.pt', 'projected_bellman_test_risk': 0.04917560890316963, 'oracle_embedding_risk': 29.27336883544922, 'benchmark_embedding_risk': 29.27336883544922, 'risk_bellman_final': 64.49802014639225, 'risk_obj_final': 1023.6855468750003, 'B_num_rows': 3079, 'B_num_cols': 800, 'B_min_dim': 800, 'B_numerical_rank': 800, 'B_rank_fraction': 1.0, 'B_rank_tolerance': 3.065306237726162e-05, 'B_stable_rank': 352.11676025390625, 'B_effective_rank': 771.7304935231476, 'B_entropy_rank': 6.648635387420654, 'B_spectral_norm': 0.08351299911737442, 'B_frobenius_norm': 1.5671025514602661, 'B_nuclear_norm': 42.82935333251953, 'B_condition_number': 3.0870081364649047, 'B_condition_number_tol': 3.0870081364649047, 'B_smallest_singular_value': 0.02705305442214012, 'B_rank_rel_1em2': 800, 'B_rank_rel_1em3': 800, 'B_rank_rel_1em4': 800}
Benchmark 5 evaluation grid shape: (800, 3)
Replicate 14, benchmark 5 metrics: {'run_id': '14_b5', 'RMSE': 0.7628775345012868, 'MAE': 0.7307351999238016, 'SupNorm': 1.1610527038574219, 'Bias': -0.7307351999238016, 'Corr': -0.1957828911786558, 'deming_slope': -4.829001777592448, 'deming_intercept': 1.9376608519230203, 'beta_sum': -0.9893321394920349, 'beta_l1': 1.7494127750396729, 'beta_l2': 0.07678613066673279, 'beta_min': -0.009040801785886288, 'beta_max': 0.007994183339178562, 'beta_neg_frac': 0.70875, 'offline_data_id': 14, 'benchmark_id': 5, 'benchmark_point_source': 'support_safe_target_policy_draw', 'target_set_size': 100, 'benchmark_z_path': 'data/Z_true.pt', 'projected_bellman_test_risk': 1.4302089214324951, 'oracle_embedding_risk': 2.2455341815948486, 'benchmark_embedding_risk': 2.2455341815948486, 'risk_bellman_final': 64.49802014639225, 'risk_obj_final': 1023.6855468750003, 'B_num_rows': 3079, 'B_num_cols': 800, 'B_min_dim': 800, 'B_numerical_rank': 800, 'B_rank_fraction': 1.0, 'B_rank_tolerance': 3.065306237726162e-05, 'B_stable_rank': 352.11676025390625, 'B_effective_rank': 771.7304935231476, 'B_entropy_rank': 6.648635387420654, 'B_spectral_norm': 0.08351299911737442, 'B_frobenius_norm': 1.5671025514602661, 'B_nuclear_norm': 42.82935333251953, 'B_condition_number': 3.0870081364649047, 'B_condition_number_tol': 3.0870081364649047, 'B_smallest_singular_value': 0.02705305442214012, 'B_rank_rel_1em2': 800, 'B_rank_rel_1em3': 800, 'B_rank_rel_1em4': 800}
Benchmark 6 evaluation grid shape: (800, 3)
Replicate 14, benchmark 6 metrics: {'run_id': '14_b6', 'RMSE': 5.154599448191433, 'MAE': 4.885697591421194, 'SupNorm': 7.826506018638611, 'Bias': -4.885697591421194, 'Corr': -0.6403751947150211, 'deming_slope': -21.853698110683833, 'deming_intercept': 5.74437310659609, 'beta_sum': -9.700569152832031, 'beta_l1': 9.778599739074707, 'beta_l2': 0.3770471513271332, 'beta_min': -0.027929794043302536, 'beta_max': 0.007129736244678497, 'beta_neg_frac': 0.97875, 'offline_data_id': 14, 'benchmark_id': 6, 'benchmark_point_source': 'support_safe_target_policy_draw', 'target_set_size': 100, 'benchmark_z_path': 'data/Z_true.pt', 'projected_bellman_test_risk': 0.6497407555580139, 'oracle_embedding_risk': 66.63760375976562, 'benchmark_embedding_risk': 66.63760375976562, 'risk_bellman_final': 64.49802014639225, 'risk_obj_final': 1023.6855468750003, 'B_num_rows': 3079, 'B_num_cols': 800, 'B_min_dim': 800, 'B_numerical_rank': 800, 'B_rank_fraction': 1.0, 'B_rank_tolerance': 3.065306237726162e-05, 'B_stable_rank': 352.11676025390625, 'B_effective_rank': 771.7304935231476, 'B_entropy_rank': 6.648635387420654, 'B_spectral_norm': 0.08351299911737442, 'B_frobenius_norm': 1.5671025514602661, 'B_nuclear_norm': 42.82935333251953, 'B_condition_number': 3.0870081364649047, 'B_condition_number_tol': 3.0870081364649047, 'B_smallest_singular_value': 0.02705305442214012, 'B_rank_rel_1em2': 800, 'B_rank_rel_1em3': 800, 'B_rank_rel_1em4': 800}
Benchmark 7 evaluation grid shape: (800, 3)
Replicate 14, benchmark 7 metrics: {'run_id': '14_b7', 'RMSE': 4.93225835653269, 'MAE': 4.636560740922578, 'SupNorm': 7.884521782398224, 'Bias': -4.636560740922578, 'Corr': -0.5586691920861616, 'deming_slope': -26.36934106368106, 'deming_intercept': 8.027657252516498, 'beta_sum': -9.734073638916016, 'beta_l1': 9.949092864990234, 'beta_l2': 0.3805904686450958, 'beta_min': -0.029431499540805817, 'beta_max': 0.01683487370610237, 'beta_neg_frac': 0.96625, 'offline_data_id': 14, 'benchmark_id': 7, 'benchmark_point_source': 'support_safe_target_policy_draw', 'target_set_size': 100, 'benchmark_z_path': 'data/Z_true.pt', 'projected_bellman_test_risk': 1.3483879566192627, 'oracle_embedding_risk': 67.89789581298828, 'benchmark_embedding_risk': 67.89789581298828, 'risk_bellman_final': 64.49802014639225, 'risk_obj_final': 1023.6855468750003, 'B_num_rows': 3079, 'B_num_cols': 800, 'B_min_dim': 800, 'B_numerical_rank': 800, 'B_rank_fraction': 1.0, 'B_rank_tolerance': 3.065306237726162e-05, 'B_stable_rank': 352.11676025390625, 'B_effective_rank': 771.7304935231476, 'B_entropy_rank': 6.648635387420654, 'B_spectral_norm': 0.08351299911737442, 'B_frobenius_norm': 1.5671025514602661, 'B_nuclear_norm': 42.82935333251953, 'B_condition_number': 3.0870081364649047, 'B_condition_number_tol': 3.0870081364649047, 'B_smallest_singular_value': 0.02705305442214012, 'B_rank_rel_1em2': 800, 'B_rank_rel_1em3': 800, 'B_rank_rel_1em4': 800}
Benchmark 8 evaluation grid shape: (800, 3)
Replicate 14, benchmark 8 metrics: {'run_id': '14_b8', 'RMSE': 3.1377900485425654, 'MAE': 2.9587839479488323, 'SupNorm': 5.025105655193329, 'Bias': -2.9587839479488323, 'Corr': -0.5849570200852727, 'deming_slope': -14.505851686083705, 'deming_intercept': 4.188781218570501, 'beta_sum': -5.872182846069336, 'beta_l1': 6.299807548522949, 'beta_l2': 0.2577803432941437, 'beta_min': -0.024279769510030746, 'beta_max': 0.014078748412430286, 'beta_neg_frac': 0.9275, 'offline_data_id': 14, 'benchmark_id': 8, 'benchmark_point_source': 'support_safe_target_policy_draw', 'target_set_size': 100, 'benchmark_z_path': 'data/Z_true.pt', 'projected_bellman_test_risk': 0.836327075958252, 'oracle_embedding_risk': 27.564851760864258, 'benchmark_embedding_risk': 27.564851760864258, 'risk_bellman_final': 64.49802014639225, 'risk_obj_final': 1023.6855468750003, 'B_num_rows': 3079, 'B_num_cols': 800, 'B_min_dim': 800, 'B_numerical_rank': 800, 'B_rank_fraction': 1.0, 'B_rank_tolerance': 3.065306237726162e-05, 'B_stable_rank': 352.11676025390625, 'B_effective_rank': 771.7304935231476, 'B_entropy_rank': 6.648635387420654, 'B_spectral_norm': 0.08351299911737442, 'B_frobenius_norm': 1.5671025514602661, 'B_nuclear_norm': 42.82935333251953, 'B_condition_number': 3.0870081364649047, 'B_condition_number_tol': 3.0870081364649047, 'B_smallest_singular_value': 0.02705305442214012, 'B_rank_rel_1em2': 800, 'B_rank_rel_1em3': 800, 'B_rank_rel_1em4': 800}
Benchmark 9 evaluation grid shape: (800, 3)
Replicate 14, benchmark 9 metrics: {'run_id': '14_b9', 'RMSE': 5.3039901972459305, 'MAE': 5.0149220801796766, 'SupNorm': 8.036173403263092, 'Bias': -5.0149220801796766, 'Corr': -0.6514929039152868, 'deming_slope': -22.69178559372634, 'deming_intercept': 6.057182536266873, 'beta_sum': -9.798477172851562, 'beta_l1': 10.023955345153809, 'beta_l2': 0.3832554221153259, 'beta_min': -0.029802363365888596, 'beta_max': 0.018729545176029205, 'beta_neg_frac': 0.96875, 'offline_data_id': 14, 'benchmark_id': 9, 'benchmark_point_source': 'support_safe_target_policy_draw', 'target_set_size': 100, 'benchmark_z_path': 'data/Z_true.pt', 'projected_bellman_test_risk': 0.5831322073936462, 'oracle_embedding_risk': 69.66029357910156, 'benchmark_embedding_risk': 69.66029357910156, 'risk_bellman_final': 64.49802014639225, 'risk_obj_final': 1023.6855468750003, 'B_num_rows': 3079, 'B_num_cols': 800, 'B_min_dim': 800, 'B_numerical_rank': 800, 'B_rank_fraction': 1.0, 'B_rank_tolerance': 3.065306237726162e-05, 'B_stable_rank': 352.11676025390625, 'B_effective_rank': 771.7304935231476, 'B_entropy_rank': 6.648635387420654, 'B_spectral_norm': 0.08351299911737442, 'B_frobenius_norm': 1.5671025514602661, 'B_nuclear_norm': 42.82935333251953, 'B_condition_number': 3.0870081364649047, 'B_condition_number_tol': 3.0870081364649047, 'B_smallest_singular_value': 0.02705305442214012, 'B_rank_rel_1em2': 800, 'B_rank_rel_1em3': 800, 'B_rank_rel_1em4': 800}
Replicate 14 finished in 22.0s
Finished combo 4, offline replicate 14.
