Job ID:    2359027
Array idx: 242
CPUs/node: 64
Mem/node:  131072
Using CC = cc 
Using CXX = CC 
Using FC = ftn 
Using F77 = ftn 
Using F90 = ftn 
cuda/12.6.1 is deprecated; loading cudatoolkit/25.5_12.9 instead.
Using CC = /opt/nvidia/hpc_sdk/Linux_aarch64/25.5/compilers/bin/nvc 
Using CXX = /opt/nvidia/hpc_sdk/Linux_aarch64/25.5/compilers/bin/nvc++ 
Using FC = /opt/nvidia/hpc_sdk/Linux_aarch64/25.5/compilers/bin/nvfortran 
Using F77 = /opt/nvidia/hpc_sdk/Linux_aarch64/25.5/compilers/bin/nvfortran 
Using F90 = /opt/nvidia/hpc_sdk/Linux_aarch64/25.5/compilers/bin/nvfortran 
Using CC = /opt/nvidia/hpc_sdk/Linux_aarch64/25.5/compilers/bin/nvc 
Using CXX = /opt/nvidia/hpc_sdk/Linux_aarch64/25.5/compilers/bin/nvc++ 
Using FC = /opt/nvidia/hpc_sdk/Linux_aarch64/25.5/compilers/bin/nvfortran 
Using F77 = /opt/nvidia/hpc_sdk/Linux_aarch64/25.5/compilers/bin/nvfortran 
Using F90 = /opt/nvidia/hpc_sdk/Linux_aarch64/25.5/compilers/bin/nvfortran 

Lmod is automatically replacing "gcc-native/14" with "gcc/14.2.0".

ghx4
0
Tuning combo id: 2 / 6
Offline replicate id: 42 / 99
Installing ke_drl from git: https://github.com/mehrdadmhmdi/ke-drl.git@main
Collecting git+https://github.com/mehrdadmhmdi/ke-drl.git@main
  Cloning https://github.com/mehrdadmhmdi/ke-drl.git (to revision main) to /tmp/pip-req-build-siul44dg
  Running command git clone --filter=blob:none --quiet https://github.com/mehrdadmhmdi/ke-drl.git /tmp/pip-req-build-siul44dg
  Resolved https://github.com/mehrdadmhmdi/ke-drl.git to commit 3c5d570e40ea15b1fbe4817b5f43b64c7b333e82
  Installing build dependencies: started
  Installing build dependencies: finished with status 'done'
  Getting requirements to build wheel: started
  Getting requirements to build wheel: finished with status 'done'
  Preparing metadata (pyproject.toml): started
  Preparing metadata (pyproject.toml): finished with status 'done'
Building wheels for collected packages: ke_drl
  Building wheel for ke_drl (pyproject.toml): started
  Building wheel for ke_drl (pyproject.toml): finished with status 'done'
  Created wheel for ke_drl: filename=ke_drl-0.1.0-py3-none-any.whl size=47219 sha256=4941aac942b3f8eef73c71842f82649bd1decbdf953b5f5a99aba8a187f56e8b
  Stored in directory: /tmp/pip-ephem-wheel-cache-27u1ijsu/wheels/24/47/ad/9a4ffd3b05d3e90e35ffc6e7324b735b8bfcf5f51aaf29a333
Successfully built ke_drl
Installing collected packages: ke_drl
Successfully installed ke_drl-0.1.0
Installed ke_drl source: /work/nvme/bfez/mehrdad3/DistRL/simulation_3/runs/sim3_global_2358722_2/.kedrl_site_242/ke_drl/__init__.py
Tuning combo 2: lambda_B_0.00002
Overrides: {'lambda_B': 2e-05}
RUN: /sw/user/python/miniforge3-pytorch-24.11.3/bin/python3 validate_sim_config.py --params params.yaml
ke_drl import source: /work/nvme/bfez/mehrdad3/DistRL/simulation_3/runs/sim3_global_2358722_2/.kedrl_site_242/ke_drl/__init__.py
ke_drl package API OK: prediction weights, RFF operators, rank diagnostics, and best-checkpoint optimizer available
Policy config OK: behavior=uniform, target=logistic, state_dim=5, action_dim=1
Note: policy.logistic.theta_scale/theta_std are log-scale coefficients in Probability_Densities.
Behavior-policy linearized state-process diagnostic: spectral_radius=0.653, offline_burn_in=50
Replicate config OK: num_replicates=100, benchmark points=10 independent of D_i, loss target points=100
Transition reduction OK: method=kmeans, raw rows N(T-1)=12000, target rows about 3000, B rows reduced from 12000 to about 3000
Return-operator approximation OK: method=rff, features=512, exact G avoided for estimated N=12000, m=800, L=100
Fixed benchmark config rows=4 (benchmark.num_points=10; additional points are support-safe target-policy draws if needed)
Fixed benchmark point 0: s_star=[0.6, -0.8, 0.7, -0.5, 0.9], a_star=[0.5]
Fixed benchmark behavior-support interval for configured rows: min_lower=-0.12, max_upper=1.11
Fixed benchmark target-policy location range: [-0.02, 0.14]
Reusing shared data from /work/nvme/bfez/mehrdad3/DistRL/simulation_3/runs/sim3_shared_data/data for offline replicate 42.
RUN: /sw/user/python/miniforge3-pytorch-24.11.3/bin/python3 validate_sim_config.py --params params.yaml --data data/offline_data_42.pt
ke_drl import source: /work/nvme/bfez/mehrdad3/DistRL/simulation_3/runs/sim3_global_2358722_2/.kedrl_site_242/ke_drl/__init__.py
ke_drl package API OK: prediction weights, RFF operators, rank diagnostics, and best-checkpoint optimizer available
Policy config OK: behavior=uniform, target=logistic, state_dim=5, action_dim=1
Note: policy.logistic.theta_scale/theta_std are log-scale coefficients in Probability_Densities.
Behavior-policy linearized state-process diagnostic: spectral_radius=0.653, offline_burn_in=50
Replicate config OK: num_replicates=100, benchmark points=10 independent of D_i, loss target points=100
Transition reduction OK: method=kmeans, raw rows N(T-1)=12000, target rows about 3000, B rows reduced from 12000 to about 3000
Return-operator approximation OK: method=rff, features=512, exact G avoided for estimated N=12000, m=800, L=100
Fixed benchmark config rows=4 (benchmark.num_points=10; additional points are support-safe target-policy draws if needed)
Fixed benchmark point 0: s_star=[0.6, -0.8, 0.7, -0.5, 0.9], a_star=[0.5]
Fixed benchmark behavior-support interval for configured rows: min_lower=-0.12, max_upper=1.11
Fixed benchmark target-policy location range: [-0.02, 0.14]
Full benchmark support check OK: 10 points, min_lower=-2.177, max_upper=2.05
observed behavior actions: mean=0.4044, sd=0.6809, q0/q10/q50/q90/q100=[-2.3320207595825195, -0.41428176164627073, 0.3408023566007614, 1.3253890395164492, 2.8798258304595947]
target-policy sampled actions: mean=-0.008297, sd=0.6623, q0/q10/q50/q90/q100=[-2.770844699617015, -0.8554243227373993, -0.008482693088895326, 0.8557803899674592, 2.2623281775234143]
behavior uniform lower: mean=-0.1084, sd=0.6568, q0/q10/q50/q90/q100=[-2.751205563545227, -0.9454405552148819, -0.10776476413011551, 0.7451298448443414, 2.1614640593528747]
behavior uniform upper: mean=0.9257, sd=0.6484, q0/q10/q50/q90/q100=[-0.9787215620279313, 0.07876502633094792, 0.941090276837349, 1.7698619389533998, 3.1614640593528747]
target location inside behavior uniform support: 0.969
RUN: /sw/user/python/miniforge3-pytorch-24.11.3/bin/python3 main_est.py
# ================================================================ #
#   Global KE-DRL estimation for one offline replicate              #
# ================================================================ #
Slurm Job ID: 2359027
Slurm Array ID: 42 -- used as the offline-replicate id
Offline data id: 42
ke_drl import source: /work/nvme/bfez/mehrdad3/DistRL/simulation_3/runs/sim3_global_2358722_2/.kedrl_site_242/ke_drl/__init__.py
Estimator device: cuda (NVIDIA GH200 120GB, capability 9.0); torch CUDA=13.0
Random seed: 20460554
Number of offline replicates: 100
[transition reduction] enabled: original rows=12000, target basis=3000, method=kmeans, device=cuda
[transition reduction] kmeans iter 1/20, mean center shift=2.7576e-01
[transition reduction] kmeans iter 5/20, mean center shift=4.9992e-03
[transition reduction] selected 3083 rows from 12000 transitions (ratio 0.2569); indices saved to data/reduced_transition_indices_42.pt
Data and parameters loaded.
offline path: data/offline_data_42.pt
benchmark true-Z path: data/Z_true.pt
offline shapes after reduction: s0=(3083, 5), a0=(3083, 1), r0=(3083, 3)
transition reduction: {'enabled': True, 'method': 'kmeans', 'original_rows': 12000, 'reduced_rows': 3083, 'selected_indices_path': 'data/reduced_transition_indices_42.pt', 'target_basis': 3000, 'compression_ratio': 0.2569166666666667}
fixed benchmark point source: fixed_config_plus_support_safe_target_policy_draws
benchmark row excluded from this offline data: None
global loss target set shape: s_star=(100, 5), a_star=(100, 1)
benchmark true-Z count=10, shape each=(50000, 3)
target policy: logistic
behavior policy: uniform
lambda_Gamma=0.005, lambda_B=2e-05, d_r_method=song
dtype=torch.float32, operator_method=rff, operator_num_features=512
ridge_mode=rkhs, diagnostic_interval=50
mass_anchor_lambda=1.0, target_mass=1.0
uLSIF basis: source=numerator, n_basis=512, lambda_reg=0.005
optimizer stabilizers: lambda_neg=0.0, max_B_norm=None, eta_clip_min=0.0, eta_clip_max=5.0, normalize_eta=True
========================================
Estimating the global KE-DRL mean embedding
torch device=cuda, dtype=torch.float32
Data dims: N=3083, L=100, Ds=5, Da=1, Dr=3
lambda_Gamma=0.005, lambda_B=2e-05
return-operator construction: method=rff, rff_features=512
[uLSIF] basis=512/3083 (numerator); eta_hat min=-8.149e-01 max=5.796e+00 neg%=4.54
ESS for eta_plus: 2087.4 / 3083
eta_plus diagnostics: raw_mean=0.999, raw_min=-0.815, raw_max=5.8; used_mean=1, used_min=0, used_max=4.96
[timing] Z-grid: 0.03s
[timing] K_X: 0.00s
[timing] K_plus: 0.00s
[timing] k_star: 0.00s
[timing] Gamma_stack: 0.01s
[timing] Phi_stack: 0.00s
[timing] RFF feature sample: 0.00s
[timing] K_Z RFF: 0.00s
[timing] G_stack RFF: 0.01s
[timing] H_stack RFF: 0.01s
findfont: Font family 'Nimbus Roman' not found.
findfont: Font family 'Nimbus Roman' not found.
findfont: Font family 'Nimbus Roman' not found.
findfont: Font family 'Nimbus Roman' not found.
findfont: Font family 'Nimbus Roman' not found.
findfont: Font family 'Nimbus Roman' not found.
findfont: Font family 'Nimbus Roman' not found.
findfont: Font family 'Nimbus Roman' not found.
findfont: Font family 'Nimbus Roman' not found.
findfont: Font family 'Nimbus Roman' not found.
findfont: Font family 'Nimbus Roman' not found.
findfont: Font family 'Nimbus Roman' not found.
findfont: Font family 'Nimbus Roman' not found.
findfont: Font family 'Nimbus Roman' not found.
findfont: Font family 'Nimbus Roman' not found.
findfont: Font family 'Nimbus Roman' not found.
findfont: Font family 'Nimbus Roman' not found.
findfont: Font family 'Nimbus Roman' not found.
findfont: Font family 'Nimbus Roman' not found.
findfont: Font family 'Nimbus Roman' not found.
findfont: Font family 'Nimbus Roman' not found.
findfont: Font family 'Nimbus Roman' not found.
findfont: Font family 'Nimbus Roman' not found.
findfont: Font family 'Nimbus Roman' not found.
findfont: Font family 'Nimbus Roman' not found.
findfont: Font family 'Nimbus Roman' not found.
findfont: Font family 'Nimbus Roman' not found.
findfont: Font family 'Nimbus Roman' not found.
findfont: Font family 'Nimbus Roman' not found.
findfont: Font family 'Nimbus Roman' not found.
findfont: Font family 'Nimbus Roman' not found.
findfont: Font family 'Nimbus Roman' not found.
findfont: Font family 'Nimbus Roman' not found.
findfont: Font family 'Nimbus Roman' not found.
findfont: Font family 'Nimbus Roman' not found.
findfont: Font family 'Nimbus Roman' not found.
findfont: Font family 'Nimbus Roman' not found.
findfont: Font family 'Nimbus Roman' not found.
findfont: Font family 'Nimbus Roman' not found.
findfont: Font family 'Nimbus Roman' not found.
findfont: Font family 'Nimbus Roman' not found.
findfont: Font family 'Nimbus Roman' not found.
findfont: Font family 'Nimbus Roman' not found.
findfont: Font family 'Nimbus Roman' not found.
findfont: Font family 'Nimbus Roman' not found.
findfont: Font family 'Nimbus Roman' not found.
findfont: Font family 'Nimbus Roman' not found.
findfont: Font family ['Nimbus Roman'] not found. Falling back to DejaVu Sans.
findfont: Font family 'Nimbus Roman' not found.
findfont: Font family ['Nimbus Roman'] not found. Falling back to DejaVu Sans.
findfont: Font family 'Nimbus Roman' not found.
findfont: Font family 'Nimbus Roman' not found.
findfont: Font family 'Nimbus Roman' not found.
findfont: Font family 'Nimbus Roman' not found.
findfont: Font family 'Nimbus Roman' not found.
findfont: Font family 'Nimbus Roman' not found.
findfont: Font family 'Nimbus Roman' not found.
findfont: Font family 'Nimbus Roman' not found.
findfont: Font family 'Nimbus Roman' not found.
findfont: Font family 'Nimbus Roman' not found.
findfont: Font family ['Nimbus Roman'] not found. Falling back to DejaVu Sans.
findfont: Font family 'Nimbus Roman' not found.
findfont: Font family 'Nimbus Roman' not found.
findfont: Font family 'Nimbus Roman' not found.
findfont: Font family 'Nimbus Roman' not found.
findfont: Font family 'Nimbus Roman' not found.
findfont: Font family 'Nimbus Roman' not found.
findfont: Font family 'Nimbus Roman' not found.
findfont: Font family 'Nimbus Roman' not found.
findfont: Font family 'Nimbus Roman' not found.
findfont: Font family 'Nimbus Roman' not found.
findfont: Font family 'Nimbus Roman' not found.
findfont: Font family 'Nimbus Roman' not found.
findfont: Font family 'Nimbus Roman' not found.
findfont: Font family 'Nimbus Roman' not found.
findfont: Font family 'Nimbus Roman' not found.
findfont: Font family 'Nimbus Roman' not found.
findfont: Font family 'Nimbus Roman' not found.
findfont: Font family 'Nimbus Roman' not found.
findfont: Font family 'Nimbus Roman' not found.
findfont: Font family 'Nimbus Roman' not found.
findfont: Font family 'Nimbus Roman' not found.
findfont: Font family 'Nimbus Roman' not found.
findfont: Font family 'Nimbus Roman' not found.
findfont: Font family 'Nimbus Roman' not found.
findfont: Font family 'Nimbus Roman' not found.
findfont: Font family 'Nimbus Roman' not found.
findfont: Font family 'Nimbus Roman' not found.
findfont: Font family 'Nimbus Roman' not found.
findfont: Font family 'Nimbus Roman' not found.
findfont: Font family 'Nimbus Roman' not found.
findfont: Font family 'Nimbus Roman' not found.
findfont: Font family 'Nimbus Roman' not found.
findfont: Font family 'Nimbus Roman' not found.
findfont: Font family 'Nimbus Roman' not found.
findfont: Font family 'Nimbus Roman' not found.
findfont: Font family 'Nimbus Roman' not found.
findfont: Font family 'Nimbus Roman' not found.
findfont: Font family 'Nimbus Roman' not found.
findfont: Font family 'Nimbus Roman' not found.
findfont: Font family 'Nimbus Roman' not found.
findfont: Font family 'Nimbus Roman' not found.
findfont: Font family 'Nimbus Roman' not found.
findfont: Font family 'Nimbus Roman' not found.
findfont: Font family 'Nimbus Roman' not found.
findfont: Font family 'Nimbus Roman' not found.
findfont: Font family 'Nimbus Roman' not found.
findfont: Font family 'Nimbus Roman' not found.
findfont: Font family 'Nimbus Roman' not found.
findfont: Font family 'Nimbus Roman' not found.
findfont: Font family 'Nimbus Roman' not found.
findfont: Font family 'Nimbus Roman' not found.
findfont: Font family 'Nimbus Roman' not found.
findfont: Font family 'Nimbus Roman' not found.
findfont: Font family 'Nimbus Roman' not found.
findfont: Font family 'Nimbus Roman' not found.
findfont: Font family 'Nimbus Roman' not found.
findfont: Font family 'Nimbus Roman' not found.
findfont: Font family 'Nimbus Roman' not found.
findfont: Font family 'Nimbus Roman' not found.
findfont: Font family 'Nimbus Roman' not found.
findfont: Font family 'Nimbus Roman' not found.
findfont: Font family 'Nimbus Roman' not found.
findfont: Font family 'Nimbus Roman' not found.
findfont: Font family 'Nimbus Roman' not found.
findfont: Font family 'Nimbus Roman' not found.
findfont: Font family 'Nimbus Roman' not found.
findfont: Font family 'Nimbus Roman' not found.
findfont: Font family 'Nimbus Roman' not found.
findfont: Font family 'Nimbus Roman' not found.
findfont: Font family 'Nimbus Roman' not found.
findfont: Font family 'Nimbus Roman' not found.
findfont: Font family 'Nimbus Roman' not found.
findfont: Font family 'Nimbus Roman' not found.
findfont: Font family 'Nimbus Roman' not found.
findfont: Font family 'Nimbus Roman' not found.
findfont: Font family 'Nimbus Roman' not found.
findfont: Font family 'Nimbus Roman' not found.
findfont: Font family 'Nimbus Roman' not found.
findfont: Font family 'Nimbus Roman' not found.
findfont: Font family 'Nimbus Roman' not found.
findfont: Font family 'Nimbus Roman' not found.
findfont: Font family 'Nimbus Roman' not found.
Ridge mode: rkhs; diagnostic interval: 50
Iter 1/4000 | log_obj=9.845e+00 | log_Bellman_root=3.565e+00 | mass=1.76e+04 | neg=0.00e+00 | grad=6.31e+02
Iter 400/4000 | log_obj=4.485e+00 | log_Bellman_root=8.838e-01 | mass=8.28e+01 | neg=0.00e+00 | grad=7.89e+03
Iter 800/4000 | log_obj=6.083e+00 | log_Bellman_root=1.675e+00 | mass=4.10e+02 | neg=0.00e+00 | grad=9.86e+03
Iter 1200/4000 | log_obj=3.714e+00 | log_Bellman_root=4.992e-01 | mass=3.83e+01 | neg=0.00e+00 | grad=9.76e+03
Iter 1600/4000 | log_obj=4.141e+00 | log_Bellman_root=7.107e-01 | mass=5.87e+01 | neg=0.00e+00 | grad=1.88e+03
Iter 2000/4000 | log_obj=3.966e+00 | log_Bellman_root=6.150e-01 | mass=4.94e+01 | neg=0.00e+00 | grad=2.86e+03
Iter 2400/4000 | log_obj=3.718e+00 | log_Bellman_root=5.000e-01 | mass=3.85e+01 | neg=0.00e+00 | grad=6.96e+03
Iter 2800/4000 | log_obj=1.295e+00 | log_Bellman_root=-7.160e-01 | mass=3.41e+00 | neg=0.00e+00 | grad=1.36e+03
Iter 3200/4000 | log_obj=1.290e+00 | log_Bellman_root=-7.181e-01 | mass=3.39e+00 | neg=0.00e+00 | grad=1.35e+03
Iter 3600/4000 | log_obj=1.285e+00 | log_Bellman_root=-7.201e-01 | mass=3.38e+00 | neg=0.00e+00 | grad=1.35e+03
Iter 4000/4000 | log_obj=-2.225e-01 | log_Bellman_root=-1.395e+00 | mass=7.39e-01 | neg=0.00e+00 | grad=1.28e+03
Returning best diagnostic checkpoint from step 3700 (objective=7.977e-01, Bellman=6.138e-02).
Done in 12.08s.
KE-DRL global estimation is done.
B_hat shape: (3083, 800)
B_hat rank diagnostics: {'B_num_rows': 3083, 'B_num_cols': 800, 'B_min_dim': 800, 'B_numerical_rank': 800, 'B_rank_fraction': 1.0, 'B_rank_tolerance': 3.733164181518589e-05, 'B_stable_rank': 239.73829650878906, 'B_effective_rank': 771.668305756849, 'B_entropy_rank': 6.648554801940918, 'B_spectral_norm': 0.1015765517950058, 'B_frobenius_norm': 1.5727590322494507, 'B_nuclear_norm': 42.97761154174805, 'B_condition_number': 3.687293473584396, 'B_condition_number_tol': 3.687293473584396, 'B_smallest_singular_value': 0.027547726407647133, 'B_rank_rel_1em2': 800, 'B_rank_rel_1em3': 800, 'B_rank_rel_1em4': 800}
Global-loss target mass diagnostics: {'target_mass_mean': 1.7912405729293823, 'target_mass_min': 1.0593684911727905, 'target_mass_max': 2.4228646755218506, 'target_mass_sd': 0.33365681767463684, 'target_mass_rmse_to_target': 0.8580649495124817, 'target_beta_min': -0.06534187495708466, 'target_beta_max': 0.08331785351037979, 'target_neg_frac_mean': 0.4353875000000001}
Return dictionary Z_grid shape: (800, 3)
Replicate 42 risk metrics: {'risk_n_steps_recorded': 81.0, 'risk_n_diagnostics_recorded': 81.0, 'risk_log_obj_initial': 9.844539832039906, 'risk_log_obj_final': -0.2224598813756169, 'risk_log_obj_min': -0.22601852290182042, 'risk_obj_initial': 18855.121093750004, 'risk_obj_final': 0.8005471229553223, 'risk_obj_min': 0.7977033257484436, 'risk_log_obj_drop': 10.066999713415523, 'risk_log_bellman_root_initial': 3.5654989378992443, 'risk_log_bellman_root_final': -1.3950347251967627, 'risk_log_bellman_root_min': -1.3953553785336856, 'risk_bellman_root_initial': 35.35708999633789, 'risk_bellman_root_final': 0.24782443046569827, 'risk_bellman_root_min': 0.24774497747421262, 'risk_bellman_initial': 1250.123813009137, 'risk_bellman_final': 0.06141694833564772, 'risk_bellman_min': 0.06137757386369812, 'risk_log_bellman_root_drop': 4.960533663096007, 'risk_bellman_returned': 0.06137757748365402, 'risk_obj_returned': 0.7977033257484436, 'risk_returned_step': 3700.0, 'offline_data_id': 42, 'benchmark_point_source': 'fixed_config_plus_support_safe_target_policy_draws', 'target_set_size': 100, 'lambda_reg': 0.005, 'lambda_B': 2e-05, 'num_steps': 4000, 'transition_reduction_enabled': 1, 'transition_reduction_method': 'kmeans', 'transition_original_rows': 12000, 'transition_reduced_rows': 3083, 'transition_compression_ratio': 0.2569166666666667, 'target_mass_mean': 1.7912405729293823, 'target_mass_min': 1.0593684911727905, 'target_mass_max': 2.4228646755218506, 'target_mass_sd': 0.33365681767463684, 'target_mass_rmse_to_target': 0.8580649495124817, 'target_beta_min': -0.06534187495708466, 'target_beta_max': 0.08331785351037979, 'target_neg_frac_mean': 0.4353875000000001, 'B_num_rows': 3083, 'B_num_cols': 800, 'B_min_dim': 800, 'B_numerical_rank': 800, 'B_rank_fraction': 1.0, 'B_rank_tolerance': 3.733164181518589e-05, 'B_stable_rank': 239.73829650878906, 'B_effective_rank': 771.668305756849, 'B_entropy_rank': 6.648554801940918, 'B_spectral_norm': 0.1015765517950058, 'B_frobenius_norm': 1.5727590322494507, 'B_nuclear_norm': 42.97761154174805, 'B_condition_number': 3.687293473584396, 'B_condition_number_tol': 3.687293473584396, 'B_smallest_singular_value': 0.027547726407647133, 'B_rank_rel_1em2': 800, 'B_rank_rel_1em3': 800, 'B_rank_rel_1em4': 800, 'risk_objective_final_raw': 0.8005471229553223, 'risk_objective_min_raw': 0.7977033257484436, 'risk_objective_max_raw': 18855.12109375, 'risk_bellman_final_raw': 0.061416950076818466, 'risk_bellman_min_raw': 0.06137757748365402, 'risk_bellman_max_raw': 1250.1239013671875, 'risk_rkhs_ridge_final_raw': 5.047490049037151e-05, 'risk_rkhs_ridge_min_raw': 4.9435595428803936e-05, 'risk_rkhs_ridge_max_raw': 0.002332272008061409, 'risk_mass_final_raw': 0.7390797138214111, 'risk_mass_min_raw': 0.7362753748893738, 'risk_mass_max_raw': 17604.994140625, 'risk_negativity_final_raw': 0.0, 'risk_negativity_min_raw': 0.0, 'risk_negativity_max_raw': 0.0, 'risk_B_norm_final_raw': 1.572696566581726, 'risk_B_norm_min_raw': 1.571073055267334, 'risk_B_norm_max_raw': 1.6395817995071411, 'risk_diagnostic_step_final_raw': 4000.0, 'risk_diagnostic_step_min_raw': 1.0, 'risk_diagnostic_step_max_raw': 4000.0, 'risk_best_step_final_raw': 3700.0, 'risk_best_step_min_raw': 3700.0, 'risk_best_step_max_raw': 3700.0, 'risk_best_objective_final_raw': 0.7977033257484436, 'risk_best_objective_min_raw': 0.7977033257484436, 'risk_best_objective_max_raw': 0.7977033257484436, 'risk_best_bellman_final_raw': 0.06137757748365402, 'risk_best_bellman_min_raw': 0.06137757748365402, 'risk_best_bellman_max_raw': 0.06137757748365402, 'risk_returned_step_final_raw': 3700.0, 'risk_returned_step_min_raw': 3700.0, 'risk_returned_step_max_raw': 3700.0, 'risk_returned_objective_final_raw': 0.7977033257484436, 'risk_returned_objective_min_raw': 0.7977033257484436, 'risk_returned_objective_max_raw': 0.7977033257484436, 'risk_returned_bellman_final_raw': 0.06137757748365402, 'risk_returned_bellman_min_raw': 0.06137757748365402, 'risk_returned_bellman_max_raw': 0.06137757748365402, 'risk_returned_best_checkpoint_final_raw': 1.0, 'risk_returned_best_checkpoint_min_raw': 1.0, 'risk_returned_best_checkpoint_max_raw': 1.0}
Benchmark 0 evaluation grid shape: (800, 3)
Replicate 42, benchmark 0 metrics: {'run_id': '42_b0', 'RMSE': 0.154962119508822, 'MAE': 0.11982038685964654, 'SupNorm': 0.3869050145149231, 'Bias': 0.0890938163860119, 'Corr': 0.6450472313560991, 'deming_slope': 2.242651996280727, 'deming_intercept': -0.23675351612037926, 'beta_sum': 1.60615074634552, 'beta_l1': 6.421886920928955, 'beta_l2': 0.2836211323738098, 'beta_min': -0.029645118862390518, 'beta_max': 0.028341973200440407, 'beta_neg_frac': 0.42375, 'offline_data_id': 42, 'benchmark_id': 0, 'benchmark_point_source': 'fixed_config', 'target_set_size': 100, 'benchmark_z_path': 'data/Z_true.pt', 'projected_bellman_test_risk': 0.022873807698488235, 'oracle_embedding_risk': 0.9686738848686218, 'benchmark_embedding_risk': 0.9686738848686218, 'risk_bellman_final': 0.06141694833564772, 'risk_obj_final': 0.8005471229553223, 'B_num_rows': 3083, 'B_num_cols': 800, 'B_min_dim': 800, 'B_numerical_rank': 800, 'B_rank_fraction': 1.0, 'B_rank_tolerance': 3.733164181518589e-05, 'B_stable_rank': 239.73829650878906, 'B_effective_rank': 771.668305756849, 'B_entropy_rank': 6.648554801940918, 'B_spectral_norm': 0.1015765517950058, 'B_frobenius_norm': 1.5727590322494507, 'B_nuclear_norm': 42.97761154174805, 'B_condition_number': 3.687293473584396, 'B_condition_number_tol': 3.687293473584396, 'B_smallest_singular_value': 0.027547726407647133, 'B_rank_rel_1em2': 800, 'B_rank_rel_1em3': 800, 'B_rank_rel_1em4': 800}
Saved ./mu/mu_hat.csv shape=(800,)
Saved ./mu/mu2D_hat_dims01.csv shape=(120, 120)
Saved ./mu/mu2D_hat_dims01.csv shape=(120, 120)
Saved plots/replicate_42/mu_3D.png
Benchmark 1 evaluation grid shape: (800, 3)
Replicate 42, benchmark 1 metrics: {'run_id': '42_b1', 'RMSE': 0.5098703157936263, 'MAE': 0.4655720062737237, 'SupNorm': 0.8642998337745667, 'Bias': 0.4655720062737237, 'Corr': 0.989592430930285, 'deming_slope': 3.1825390129506745, 'deming_intercept': -0.10305422487669491, 'beta_sum': 2.424454689025879, 'beta_l1': 12.570938110351562, 'beta_l2': 0.5610035061836243, 'beta_min': -0.06618090718984604, 'beta_max': 0.05981677025556564, 'beta_neg_frac': 0.45625, 'offline_data_id': 42, 'benchmark_id': 1, 'benchmark_point_source': 'fixed_config', 'target_set_size': 100, 'benchmark_z_path': 'data/Z_true.pt', 'projected_bellman_test_risk': 0.19434046745300293, 'oracle_embedding_risk': 1.6313949823379517, 'benchmark_embedding_risk': 1.6313949823379517, 'risk_bellman_final': 0.06141694833564772, 'risk_obj_final': 0.8005471229553223, 'B_num_rows': 3083, 'B_num_cols': 800, 'B_min_dim': 800, 'B_numerical_rank': 800, 'B_rank_fraction': 1.0, 'B_rank_tolerance': 3.733164181518589e-05, 'B_stable_rank': 239.73829650878906, 'B_effective_rank': 771.668305756849, 'B_entropy_rank': 6.648554801940918, 'B_spectral_norm': 0.1015765517950058, 'B_frobenius_norm': 1.5727590322494507, 'B_nuclear_norm': 42.97761154174805, 'B_condition_number': 3.687293473584396, 'B_condition_number_tol': 3.687293473584396, 'B_smallest_singular_value': 0.027547726407647133, 'B_rank_rel_1em2': 800, 'B_rank_rel_1em3': 800, 'B_rank_rel_1em4': 800}
Benchmark 2 evaluation grid shape: (800, 3)
Replicate 42, benchmark 2 metrics: {'run_id': '42_b2', 'RMSE': 0.4915799771100421, 'MAE': 0.4489849840759416, 'SupNorm': 0.8294654786586761, 'Bias': 0.4489849840759416, 'Corr': 0.9459430134017128, 'deming_slope': 3.2209995470452055, 'deming_intercept': -0.14631748721907445, 'beta_sum': 2.3967416286468506, 'beta_l1': 12.184048652648926, 'beta_l2': 0.5424184799194336, 'beta_min': -0.05988645553588867, 'beta_max': 0.05854669213294983, 'beta_neg_frac': 0.44625, 'offline_data_id': 42, 'benchmark_id': 2, 'benchmark_point_source': 'fixed_config', 'target_set_size': 100, 'benchmark_z_path': 'data/Z_true.pt', 'projected_bellman_test_risk': 0.13847848773002625, 'oracle_embedding_risk': 1.5761396884918213, 'benchmark_embedding_risk': 1.5761396884918213, 'risk_bellman_final': 0.06141694833564772, 'risk_obj_final': 0.8005471229553223, 'B_num_rows': 3083, 'B_num_cols': 800, 'B_min_dim': 800, 'B_numerical_rank': 800, 'B_rank_fraction': 1.0, 'B_rank_tolerance': 3.733164181518589e-05, 'B_stable_rank': 239.73829650878906, 'B_effective_rank': 771.668305756849, 'B_entropy_rank': 6.648554801940918, 'B_spectral_norm': 0.1015765517950058, 'B_frobenius_norm': 1.5727590322494507, 'B_nuclear_norm': 42.97761154174805, 'B_condition_number': 3.687293473584396, 'B_condition_number_tol': 3.687293473584396, 'B_smallest_singular_value': 0.027547726407647133, 'B_rank_rel_1em2': 800, 'B_rank_rel_1em3': 800, 'B_rank_rel_1em4': 800}
Benchmark 3 evaluation grid shape: (800, 3)
Replicate 42, benchmark 3 metrics: {'run_id': '42_b3', 'RMSE': 0.4845678290143484, 'MAE': 0.4384088430320844, 'SupNorm': 0.8430770635604858, 'Bias': 0.4384088430320844, 'Corr': 0.9625599548246075, 'deming_slope': 3.2111689851839316, 'deming_intercept': -0.13483681539472903, 'beta_sum': 2.384359836578369, 'beta_l1': 11.897622108459473, 'beta_l2': 0.5346677303314209, 'beta_min': -0.061852581799030304, 'beta_max': 0.05745694041252136, 'beta_neg_frac': 0.4525, 'offline_data_id': 42, 'benchmark_id': 3, 'benchmark_point_source': 'fixed_config', 'target_set_size': 100, 'benchmark_z_path': 'data/Z_true.pt', 'projected_bellman_test_risk': 0.15664561092853546, 'oracle_embedding_risk': 1.5879195928573608, 'benchmark_embedding_risk': 1.5879195928573608, 'risk_bellman_final': 0.06141694833564772, 'risk_obj_final': 0.8005471229553223, 'B_num_rows': 3083, 'B_num_cols': 800, 'B_min_dim': 800, 'B_numerical_rank': 800, 'B_rank_fraction': 1.0, 'B_rank_tolerance': 3.733164181518589e-05, 'B_stable_rank': 239.73829650878906, 'B_effective_rank': 771.668305756849, 'B_entropy_rank': 6.648554801940918, 'B_spectral_norm': 0.1015765517950058, 'B_frobenius_norm': 1.5727590322494507, 'B_nuclear_norm': 42.97761154174805, 'B_condition_number': 3.687293473584396, 'B_condition_number_tol': 3.687293473584396, 'B_smallest_singular_value': 0.027547726407647133, 'B_rank_rel_1em2': 800, 'B_rank_rel_1em3': 800, 'B_rank_rel_1em4': 800}
Benchmark 4 evaluation grid shape: (800, 3)
Replicate 42, benchmark 4 metrics: {'run_id': '42_b4', 'RMSE': 0.12352807977568969, 'MAE': 0.09363252267386997, 'SupNorm': 0.37252719700336456, 'Bias': 0.04699712404370075, 'Corr': 0.6131157687236249, 'deming_slope': 1.942149174310601, 'deming_intercept': -0.20418425850152389, 'beta_sum': 1.6360477209091187, 'beta_l1': 6.405911922454834, 'beta_l2': 0.3056541383266449, 'beta_min': -0.027703670784831047, 'beta_max': 0.06587926298379898, 'beta_neg_frac': 0.45375, 'offline_data_id': 42, 'benchmark_id': 4, 'benchmark_point_source': 'support_safe_target_policy_draw', 'target_set_size': 100, 'benchmark_z_path': 'data/Z_true.pt', 'projected_bellman_test_risk': 0.02693018689751625, 'oracle_embedding_risk': 0.968039870262146, 'benchmark_embedding_risk': 0.968039870262146, 'risk_bellman_final': 0.06141694833564772, 'risk_obj_final': 0.8005471229553223, 'B_num_rows': 3083, 'B_num_cols': 800, 'B_min_dim': 800, 'B_numerical_rank': 800, 'B_rank_fraction': 1.0, 'B_rank_tolerance': 3.733164181518589e-05, 'B_stable_rank': 239.73829650878906, 'B_effective_rank': 771.668305756849, 'B_entropy_rank': 6.648554801940918, 'B_spectral_norm': 0.1015765517950058, 'B_frobenius_norm': 1.5727590322494507, 'B_nuclear_norm': 42.97761154174805, 'B_condition_number': 3.687293473584396, 'B_condition_number_tol': 3.687293473584396, 'B_smallest_singular_value': 0.027547726407647133, 'B_rank_rel_1em2': 800, 'B_rank_rel_1em3': 800, 'B_rank_rel_1em4': 800}
Benchmark 5 evaluation grid shape: (800, 3)
Replicate 42, benchmark 5 metrics: {'run_id': '42_b5', 'RMSE': 0.23392586648377114, 'MAE': 0.21553002965107226, 'SupNorm': 0.38450226932764053, 'Bias': -0.21486280680803246, 'Corr': 0.19485755734184973, 'deming_slope': 0.07606837754269648, 'deming_intercept': 0.022573395697189372, 'beta_sum': 0.38061094284057617, 'beta_l1': 0.7858799695968628, 'beta_l2': 0.03523339703679085, 'beta_min': -0.0027156341820955276, 'beta_max': 0.006346136797219515, 'beta_neg_frac': 0.3525, 'offline_data_id': 42, 'benchmark_id': 5, 'benchmark_point_source': 'support_safe_target_policy_draw', 'target_set_size': 100, 'benchmark_z_path': 'data/Z_true.pt', 'projected_bellman_test_risk': 0.01163945160806179, 'oracle_embedding_risk': 0.9486992955207825, 'benchmark_embedding_risk': 0.9486992955207825, 'risk_bellman_final': 0.06141694833564772, 'risk_obj_final': 0.8005471229553223, 'B_num_rows': 3083, 'B_num_cols': 800, 'B_min_dim': 800, 'B_numerical_rank': 800, 'B_rank_fraction': 1.0, 'B_rank_tolerance': 3.733164181518589e-05, 'B_stable_rank': 239.73829650878906, 'B_effective_rank': 771.668305756849, 'B_entropy_rank': 6.648554801940918, 'B_spectral_norm': 0.1015765517950058, 'B_frobenius_norm': 1.5727590322494507, 'B_nuclear_norm': 42.97761154174805, 'B_condition_number': 3.687293473584396, 'B_condition_number_tol': 3.687293473584396, 'B_smallest_singular_value': 0.027547726407647133, 'B_rank_rel_1em2': 800, 'B_rank_rel_1em3': 800, 'B_rank_rel_1em4': 800}
Benchmark 6 evaluation grid shape: (800, 3)
Replicate 42, benchmark 6 metrics: {'run_id': '42_b6', 'RMSE': 0.2544607331800448, 'MAE': 0.2141105712146964, 'SupNorm': 0.5041235685348511, 'Bias': 0.21156894444837235, 'Corr': 0.8091661235781168, 'deming_slope': 2.509801559056015, 'deming_intercept': -0.18700536416938984, 'beta_sum': 1.836051106452942, 'beta_l1': 8.273710250854492, 'beta_l2': 0.36990708112716675, 'beta_min': -0.03741934150457382, 'beta_max': 0.0401112399995327, 'beta_neg_frac': 0.41625, 'offline_data_id': 42, 'benchmark_id': 6, 'benchmark_point_source': 'support_safe_target_policy_draw', 'target_set_size': 100, 'benchmark_z_path': 'data/Z_true.pt', 'projected_bellman_test_risk': 0.027385061606764793, 'oracle_embedding_risk': 1.0690746307373047, 'benchmark_embedding_risk': 1.0690746307373047, 'risk_bellman_final': 0.06141694833564772, 'risk_obj_final': 0.8005471229553223, 'B_num_rows': 3083, 'B_num_cols': 800, 'B_min_dim': 800, 'B_numerical_rank': 800, 'B_rank_fraction': 1.0, 'B_rank_tolerance': 3.733164181518589e-05, 'B_stable_rank': 239.73829650878906, 'B_effective_rank': 771.668305756849, 'B_entropy_rank': 6.648554801940918, 'B_spectral_norm': 0.1015765517950058, 'B_frobenius_norm': 1.5727590322494507, 'B_nuclear_norm': 42.97761154174805, 'B_condition_number': 3.687293473584396, 'B_condition_number_tol': 3.687293473584396, 'B_smallest_singular_value': 0.027547726407647133, 'B_rank_rel_1em2': 800, 'B_rank_rel_1em3': 800, 'B_rank_rel_1em4': 800}
Benchmark 7 evaluation grid shape: (800, 3)
Replicate 42, benchmark 7 metrics: {'run_id': '42_b7', 'RMSE': 0.2704278236054499, 'MAE': 0.21889800362056122, 'SupNorm': 0.6049095392227173, 'Bias': 0.21786616976605727, 'Corr': 0.7381120040378912, 'deming_slope': 2.9035739269145644, 'deming_intercept': -0.27989022317135026, 'beta_sum': 1.9837005138397217, 'beta_l1': 8.813220977783203, 'beta_l2': 0.4039325416088104, 'beta_min': -0.040669508278369904, 'beta_max': 0.05974690988659859, 'beta_neg_frac': 0.42625, 'offline_data_id': 42, 'benchmark_id': 7, 'benchmark_point_source': 'support_safe_target_policy_draw', 'target_set_size': 100, 'benchmark_z_path': 'data/Z_true.pt', 'projected_bellman_test_risk': 0.04744008556008339, 'oracle_embedding_risk': 1.1890088319778442, 'benchmark_embedding_risk': 1.1890088319778442, 'risk_bellman_final': 0.06141694833564772, 'risk_obj_final': 0.8005471229553223, 'B_num_rows': 3083, 'B_num_cols': 800, 'B_min_dim': 800, 'B_numerical_rank': 800, 'B_rank_fraction': 1.0, 'B_rank_tolerance': 3.733164181518589e-05, 'B_stable_rank': 239.73829650878906, 'B_effective_rank': 771.668305756849, 'B_entropy_rank': 6.648554801940918, 'B_spectral_norm': 0.1015765517950058, 'B_frobenius_norm': 1.5727590322494507, 'B_nuclear_norm': 42.97761154174805, 'B_condition_number': 3.687293473584396, 'B_condition_number_tol': 3.687293473584396, 'B_smallest_singular_value': 0.027547726407647133, 'B_rank_rel_1em2': 800, 'B_rank_rel_1em3': 800, 'B_rank_rel_1em4': 800}
Benchmark 8 evaluation grid shape: (800, 3)
Replicate 42, benchmark 8 metrics: {'run_id': '42_b8', 'RMSE': 0.09381196106701314, 'MAE': 0.06959616365638795, 'SupNorm': 0.2713131457567215, 'Bias': 0.04735007855313597, 'Corr': 0.7841871158794772, 'deming_slope': 1.445064110505063, 'deming_intercept': -0.06858653287470984, 'beta_sum': 1.3461766242980957, 'beta_l1': 4.830436706542969, 'beta_l2': 0.21540111303329468, 'beta_min': -0.02221819944679737, 'beta_max': 0.025830723345279694, 'beta_neg_frac': 0.42625, 'offline_data_id': 42, 'benchmark_id': 8, 'benchmark_point_source': 'support_safe_target_policy_draw', 'target_set_size': 100, 'benchmark_z_path': 'data/Z_true.pt', 'projected_bellman_test_risk': 0.019036566838622093, 'oracle_embedding_risk': 0.843002438545227, 'benchmark_embedding_risk': 0.843002438545227, 'risk_bellman_final': 0.06141694833564772, 'risk_obj_final': 0.8005471229553223, 'B_num_rows': 3083, 'B_num_cols': 800, 'B_min_dim': 800, 'B_numerical_rank': 800, 'B_rank_fraction': 1.0, 'B_rank_tolerance': 3.733164181518589e-05, 'B_stable_rank': 239.73829650878906, 'B_effective_rank': 771.668305756849, 'B_entropy_rank': 6.648554801940918, 'B_spectral_norm': 0.1015765517950058, 'B_frobenius_norm': 1.5727590322494507, 'B_nuclear_norm': 42.97761154174805, 'B_condition_number': 3.687293473584396, 'B_condition_number_tol': 3.687293473584396, 'B_smallest_singular_value': 0.027547726407647133, 'B_rank_rel_1em2': 800, 'B_rank_rel_1em3': 800, 'B_rank_rel_1em4': 800}
Benchmark 9 evaluation grid shape: (800, 3)
Replicate 42, benchmark 9 metrics: {'run_id': '42_b9', 'RMSE': 0.28434433273967646, 'MAE': 0.24253748845658266, 'SupNorm': 0.5508657991886139, 'Bias': 0.2424826422415208, 'Corr': 0.8295724315596098, 'deming_slope': 2.6061968836528377, 'deming_intercept': -0.1843885909191355, 'beta_sum': 1.9786231517791748, 'beta_l1': 8.846208572387695, 'beta_l2': 0.40449461340904236, 'beta_min': -0.04480237886309624, 'beta_max': 0.055843282490968704, 'beta_neg_frac': 0.45, 'offline_data_id': 42, 'benchmark_id': 9, 'benchmark_point_source': 'support_safe_target_policy_draw', 'target_set_size': 100, 'benchmark_z_path': 'data/Z_true.pt', 'projected_bellman_test_risk': 0.010287461802363396, 'oracle_embedding_risk': 1.115438461303711, 'benchmark_embedding_risk': 1.115438461303711, 'risk_bellman_final': 0.06141694833564772, 'risk_obj_final': 0.8005471229553223, 'B_num_rows': 3083, 'B_num_cols': 800, 'B_min_dim': 800, 'B_numerical_rank': 800, 'B_rank_fraction': 1.0, 'B_rank_tolerance': 3.733164181518589e-05, 'B_stable_rank': 239.73829650878906, 'B_effective_rank': 771.668305756849, 'B_entropy_rank': 6.648554801940918, 'B_spectral_norm': 0.1015765517950058, 'B_frobenius_norm': 1.5727590322494507, 'B_nuclear_norm': 42.97761154174805, 'B_condition_number': 3.687293473584396, 'B_condition_number_tol': 3.687293473584396, 'B_smallest_singular_value': 0.027547726407647133, 'B_rank_rel_1em2': 800, 'B_rank_rel_1em3': 800, 'B_rank_rel_1em4': 800}
Replicate 42 finished in 20.9s
Finished combo 2, offline replicate 42.
