Job ID:    2359240
Array idx: 447
CPUs/node: 64
Mem/node:  131072
Using CC = cc 
Using CXX = CC 
Using FC = ftn 
Using F77 = ftn 
Using F90 = ftn 
cuda/12.6.1 is deprecated; loading cudatoolkit/25.5_12.9 instead.
Using CC = /opt/nvidia/hpc_sdk/Linux_aarch64/25.5/compilers/bin/nvc 
Using CXX = /opt/nvidia/hpc_sdk/Linux_aarch64/25.5/compilers/bin/nvc++ 
Using FC = /opt/nvidia/hpc_sdk/Linux_aarch64/25.5/compilers/bin/nvfortran 
Using F77 = /opt/nvidia/hpc_sdk/Linux_aarch64/25.5/compilers/bin/nvfortran 
Using F90 = /opt/nvidia/hpc_sdk/Linux_aarch64/25.5/compilers/bin/nvfortran 
Using CC = /opt/nvidia/hpc_sdk/Linux_aarch64/25.5/compilers/bin/nvc 
Using CXX = /opt/nvidia/hpc_sdk/Linux_aarch64/25.5/compilers/bin/nvc++ 
Using FC = /opt/nvidia/hpc_sdk/Linux_aarch64/25.5/compilers/bin/nvfortran 
Using F77 = /opt/nvidia/hpc_sdk/Linux_aarch64/25.5/compilers/bin/nvfortran 
Using F90 = /opt/nvidia/hpc_sdk/Linux_aarch64/25.5/compilers/bin/nvfortran 

Lmod is automatically replacing "gcc-native/14" with "gcc/14.2.0".

ghx4
0
Tuning combo id: 4 / 6
Offline replicate id: 47 / 99
Installing ke_drl from git: https://github.com/mehrdadmhmdi/ke-drl.git@main
Collecting git+https://github.com/mehrdadmhmdi/ke-drl.git@main
  Cloning https://github.com/mehrdadmhmdi/ke-drl.git (to revision main) to /tmp/pip-req-build-ydouh4vm
  Running command git clone --filter=blob:none --quiet https://github.com/mehrdadmhmdi/ke-drl.git /tmp/pip-req-build-ydouh4vm
  Resolved https://github.com/mehrdadmhmdi/ke-drl.git to commit 3c5d570e40ea15b1fbe4817b5f43b64c7b333e82
  Installing build dependencies: started
  Installing build dependencies: finished with status 'done'
  Getting requirements to build wheel: started
  Getting requirements to build wheel: finished with status 'done'
  Preparing metadata (pyproject.toml): started
  Preparing metadata (pyproject.toml): finished with status 'done'
Building wheels for collected packages: ke_drl
  Building wheel for ke_drl (pyproject.toml): started
  Building wheel for ke_drl (pyproject.toml): finished with status 'done'
  Created wheel for ke_drl: filename=ke_drl-0.1.0-py3-none-any.whl size=47219 sha256=23b0378d1c5faf16b2d66aabd4fb3d0130719c6280dc428c40164859fd784314
  Stored in directory: /tmp/pip-ephem-wheel-cache-95g_5rec/wheels/24/47/ad/9a4ffd3b05d3e90e35ffc6e7324b735b8bfcf5f51aaf29a333
Successfully built ke_drl
Installing collected packages: ke_drl
Successfully installed ke_drl-0.1.0
Installed ke_drl source: /work/nvme/bfez/mehrdad3/DistRL/simulation_3/runs/sim3_global_2358722_4/.kedrl_site_447/ke_drl/__init__.py
Tuning combo 4: kernel_length_1.5
Overrides: {'kernel': {'length_scale': 1.5}}
RUN: /sw/user/python/miniforge3-pytorch-24.11.3/bin/python3 validate_sim_config.py --params params.yaml
ke_drl import source: /work/nvme/bfez/mehrdad3/DistRL/simulation_3/runs/sim3_global_2358722_4/.kedrl_site_447/ke_drl/__init__.py
ke_drl package API OK: prediction weights, RFF operators, rank diagnostics, and best-checkpoint optimizer available
Policy config OK: behavior=uniform, target=logistic, state_dim=5, action_dim=1
Note: policy.logistic.theta_scale/theta_std are log-scale coefficients in Probability_Densities.
Behavior-policy linearized state-process diagnostic: spectral_radius=0.653, offline_burn_in=50
Replicate config OK: num_replicates=100, benchmark points=10 independent of D_i, loss target points=100
Transition reduction OK: method=kmeans, raw rows N(T-1)=12000, target rows about 3000, B rows reduced from 12000 to about 3000
Return-operator approximation OK: method=rff, features=512, exact G avoided for estimated N=12000, m=800, L=100
Fixed benchmark config rows=4 (benchmark.num_points=10; additional points are support-safe target-policy draws if needed)
Fixed benchmark point 0: s_star=[0.6, -0.8, 0.7, -0.5, 0.9], a_star=[0.5]
Fixed benchmark behavior-support interval for configured rows: min_lower=-0.12, max_upper=1.11
Fixed benchmark target-policy location range: [-0.02, 0.14]
Reusing shared data from /work/nvme/bfez/mehrdad3/DistRL/simulation_3/runs/sim3_shared_data/data for offline replicate 47.
RUN: /sw/user/python/miniforge3-pytorch-24.11.3/bin/python3 validate_sim_config.py --params params.yaml --data data/offline_data_47.pt
ke_drl import source: /work/nvme/bfez/mehrdad3/DistRL/simulation_3/runs/sim3_global_2358722_4/.kedrl_site_447/ke_drl/__init__.py
ke_drl package API OK: prediction weights, RFF operators, rank diagnostics, and best-checkpoint optimizer available
Policy config OK: behavior=uniform, target=logistic, state_dim=5, action_dim=1
Note: policy.logistic.theta_scale/theta_std are log-scale coefficients in Probability_Densities.
Behavior-policy linearized state-process diagnostic: spectral_radius=0.653, offline_burn_in=50
Replicate config OK: num_replicates=100, benchmark points=10 independent of D_i, loss target points=100
Transition reduction OK: method=kmeans, raw rows N(T-1)=12000, target rows about 3000, B rows reduced from 12000 to about 3000
Return-operator approximation OK: method=rff, features=512, exact G avoided for estimated N=12000, m=800, L=100
Fixed benchmark config rows=4 (benchmark.num_points=10; additional points are support-safe target-policy draws if needed)
Fixed benchmark point 0: s_star=[0.6, -0.8, 0.7, -0.5, 0.9], a_star=[0.5]
Fixed benchmark behavior-support interval for configured rows: min_lower=-0.12, max_upper=1.11
Fixed benchmark target-policy location range: [-0.02, 0.14]
Full benchmark support check OK: 10 points, min_lower=-2.177, max_upper=2.05
observed behavior actions: mean=0.4033, sd=0.681, q0/q10/q50/q90/q100=[-2.596773624420166, -0.4233716011047363, 0.3433905392885208, 1.3247459292411805, 2.94461989402771]
target-policy sampled actions: mean=-0.01383, sd=0.6652, q0/q10/q50/q90/q100=[-2.68594604558946, -0.8733361208770062, -0.012745763673087909, 0.8394163214980026, 2.35659930772864]
behavior uniform lower: mean=-0.1143, sd=0.6599, q0/q10/q50/q90/q100=[-2.778627669811249, -0.9679191252589227, -0.11229392290115353, 0.731392253637314, 2.2360517501831056]
behavior uniform upper: mean=0.926, sd=0.6505, q0/q10/q50/q90/q100=[-0.9173751294612884, 0.06148899979889401, 0.9324358358979226, 1.7714698278903962, 3.2360517501831056]
target location inside behavior uniform support: 0.968
RUN: /sw/user/python/miniforge3-pytorch-24.11.3/bin/python3 main_est.py
# ================================================================ #
#   Global KE-DRL estimation for one offline replicate              #
# ================================================================ #
Slurm Job ID: 2359240
Slurm Array ID: 47 -- used as the offline-replicate id
Offline data id: 47
ke_drl import source: /work/nvme/bfez/mehrdad3/DistRL/simulation_3/runs/sim3_global_2358722_4/.kedrl_site_447/ke_drl/__init__.py
Estimator device: cuda (NVIDIA GH200 120GB, capability 9.0); torch CUDA=13.0
Random seed: 20460559
Number of offline replicates: 100
[transition reduction] enabled: original rows=12000, target basis=3000, method=kmeans, device=cuda
[transition reduction] kmeans iter 1/20, mean center shift=2.7096e-01
[transition reduction] kmeans iter 5/20, mean center shift=5.7499e-03
[transition reduction] kmeans iter 10/20, mean center shift=5.2547e-08
[transition reduction] selected 3079 rows from 12000 transitions (ratio 0.2566); indices saved to data/reduced_transition_indices_47.pt
Data and parameters loaded.
offline path: data/offline_data_47.pt
benchmark true-Z path: data/Z_true.pt
offline shapes after reduction: s0=(3079, 5), a0=(3079, 1), r0=(3079, 3)
transition reduction: {'enabled': True, 'method': 'kmeans', 'original_rows': 12000, 'reduced_rows': 3079, 'selected_indices_path': 'data/reduced_transition_indices_47.pt', 'target_basis': 3000, 'compression_ratio': 0.25658333333333333}
fixed benchmark point source: fixed_config_plus_support_safe_target_policy_draws
benchmark row excluded from this offline data: None
global loss target set shape: s_star=(100, 5), a_star=(100, 1)
benchmark true-Z count=10, shape each=(50000, 3)
target policy: logistic
behavior policy: uniform
lambda_Gamma=0.005, lambda_B=0.02, d_r_method=song
dtype=torch.float32, operator_method=rff, operator_num_features=512
ridge_mode=rkhs, diagnostic_interval=50
mass_anchor_lambda=1.0, target_mass=1.0
uLSIF basis: source=numerator, n_basis=512, lambda_reg=0.005
optimizer stabilizers: lambda_neg=0.0, max_B_norm=None, eta_clip_min=0.0, eta_clip_max=5.0, normalize_eta=True
========================================
Estimating the global KE-DRL mean embedding
torch device=cuda, dtype=torch.float32
Data dims: N=3079, L=100, Ds=5, Da=1, Dr=3
lambda_Gamma=0.005, lambda_B=0.02
return-operator construction: method=rff, rff_features=512
[uLSIF] basis=512/3079 (numerator); eta_hat min=-8.806e-01 max=4.648e+00 neg%=4.68
ESS for eta_plus: 2216.6 / 3079
eta_plus diagnostics: raw_mean=1, raw_min=-0.881, raw_max=4.65; used_mean=1, used_min=0, used_max=4.58
[timing] Z-grid: 0.03s
[timing] K_X: 0.00s
[timing] K_plus: 0.00s
[timing] k_star: 0.00s
[timing] Gamma_stack: 0.01s
[timing] Phi_stack: 0.00s
[timing] RFF feature sample: 0.00s
[timing] K_Z RFF: 0.00s
[timing] G_stack RFF: 0.01s
[timing] H_stack RFF: 0.01s
findfont: Font family 'Nimbus Roman' not found.
findfont: Font family 'Nimbus Roman' not found.
findfont: Font family 'Nimbus Roman' not found.
findfont: Font family 'Nimbus Roman' not found.
findfont: Font family 'Nimbus Roman' not found.
findfont: Font family 'Nimbus Roman' not found.
findfont: Font family 'Nimbus Roman' not found.
findfont: Font family 'Nimbus Roman' not found.
findfont: Font family 'Nimbus Roman' not found.
findfont: Font family 'Nimbus Roman' not found.
findfont: Font family 'Nimbus Roman' not found.
findfont: Font family 'Nimbus Roman' not found.
findfont: Font family 'Nimbus Roman' not found.
findfont: Font family 'Nimbus Roman' not found.
findfont: Font family 'Nimbus Roman' not found.
findfont: Font family 'Nimbus Roman' not found.
findfont: Font family 'Nimbus Roman' not found.
findfont: Font family 'Nimbus Roman' not found.
findfont: Font family 'Nimbus Roman' not found.
findfont: Font family 'Nimbus Roman' not found.
findfont: Font family 'Nimbus Roman' not found.
findfont: Font family 'Nimbus Roman' not found.
findfont: Font family 'Nimbus Roman' not found.
findfont: Font family 'Nimbus Roman' not found.
findfont: Font family 'Nimbus Roman' not found.
findfont: Font family 'Nimbus Roman' not found.
findfont: Font family 'Nimbus Roman' not found.
findfont: Font family 'Nimbus Roman' not found.
findfont: Font family 'Nimbus Roman' not found.
findfont: Font family 'Nimbus Roman' not found.
findfont: Font family 'Nimbus Roman' not found.
findfont: Font family 'Nimbus Roman' not found.
findfont: Font family 'Nimbus Roman' not found.
findfont: Font family 'Nimbus Roman' not found.
findfont: Font family 'Nimbus Roman' not found.
findfont: Font family 'Nimbus Roman' not found.
findfont: Font family 'Nimbus Roman' not found.
findfont: Font family 'Nimbus Roman' not found.
findfont: Font family 'Nimbus Roman' not found.
findfont: Font family 'Nimbus Roman' not found.
findfont: Font family 'Nimbus Roman' not found.
findfont: Font family 'Nimbus Roman' not found.
findfont: Font family ['Nimbus Roman'] not found. Falling back to DejaVu Sans.
findfont: Font family 'Nimbus Roman' not found.
findfont: Font family ['Nimbus Roman'] not found. Falling back to DejaVu Sans.
findfont: Font family 'Nimbus Roman' not found.
findfont: Font family 'Nimbus Roman' not found.
findfont: Font family 'Nimbus Roman' not found.
findfont: Font family 'Nimbus Roman' not found.
findfont: Font family 'Nimbus Roman' not found.
findfont: Font family 'Nimbus Roman' not found.
findfont: Font family 'Nimbus Roman' not found.
findfont: Font family 'Nimbus Roman' not found.
findfont: Font family ['Nimbus Roman'] not found. Falling back to DejaVu Sans.
findfont: Font family 'Nimbus Roman' not found.
findfont: Font family 'Nimbus Roman' not found.
findfont: Font family 'Nimbus Roman' not found.
findfont: Font family 'Nimbus Roman' not found.
findfont: Font family 'Nimbus Roman' not found.
findfont: Font family 'Nimbus Roman' not found.
findfont: Font family 'Nimbus Roman' not found.
findfont: Font family 'Nimbus Roman' not found.
findfont: Font family 'Nimbus Roman' not found.
findfont: Font family 'Nimbus Roman' not found.
findfont: Font family 'Nimbus Roman' not found.
findfont: Font family 'Nimbus Roman' not found.
findfont: Font family 'Nimbus Roman' not found.
findfont: Font family 'Nimbus Roman' not found.
findfont: Font family 'Nimbus Roman' not found.
findfont: Font family 'Nimbus Roman' not found.
findfont: Font family 'Nimbus Roman' not found.
findfont: Font family 'Nimbus Roman' not found.
findfont: Font family 'Nimbus Roman' not found.
findfont: Font family 'Nimbus Roman' not found.
findfont: Font family 'Nimbus Roman' not found.
findfont: Font family 'Nimbus Roman' not found.
findfont: Font family 'Nimbus Roman' not found.
findfont: Font family 'Nimbus Roman' not found.
findfont: Font family 'Nimbus Roman' not found.
findfont: Font family 'Nimbus Roman' not found.
findfont: Font family 'Nimbus Roman' not found.
findfont: Font family 'Nimbus Roman' not found.
findfont: Font family 'Nimbus Roman' not found.
findfont: Font family 'Nimbus Roman' not found.
findfont: Font family 'Nimbus Roman' not found.
findfont: Font family 'Nimbus Roman' not found.
findfont: Font family 'Nimbus Roman' not found.
findfont: Font family 'Nimbus Roman' not found.
findfont: Font family 'Nimbus Roman' not found.
findfont: Font family 'Nimbus Roman' not found.
findfont: Font family 'Nimbus Roman' not found.
findfont: Font family 'Nimbus Roman' not found.
findfont: Font family 'Nimbus Roman' not found.
findfont: Font family 'Nimbus Roman' not found.
findfont: Font family 'Nimbus Roman' not found.
findfont: Font family 'Nimbus Roman' not found.
findfont: Font family 'Nimbus Roman' not found.
findfont: Font family 'Nimbus Roman' not found.
findfont: Font family 'Nimbus Roman' not found.
findfont: Font family 'Nimbus Roman' not found.
findfont: Font family 'Nimbus Roman' not found.
findfont: Font family 'Nimbus Roman' not found.
findfont: Font family 'Nimbus Roman' not found.
findfont: Font family 'Nimbus Roman' not found.
findfont: Font family 'Nimbus Roman' not found.
findfont: Font family 'Nimbus Roman' not found.
findfont: Font family 'Nimbus Roman' not found.
findfont: Font family 'Nimbus Roman' not found.
findfont: Font family 'Nimbus Roman' not found.
findfont: Font family 'Nimbus Roman' not found.
findfont: Font family 'Nimbus Roman' not found.
findfont: Font family 'Nimbus Roman' not found.
findfont: Font family 'Nimbus Roman' not found.
findfont: Font family 'Nimbus Roman' not found.
findfont: Font family 'Nimbus Roman' not found.
findfont: Font family 'Nimbus Roman' not found.
findfont: Font family 'Nimbus Roman' not found.
findfont: Font family 'Nimbus Roman' not found.
findfont: Font family 'Nimbus Roman' not found.
findfont: Font family 'Nimbus Roman' not found.
findfont: Font family 'Nimbus Roman' not found.
findfont: Font family 'Nimbus Roman' not found.
findfont: Font family 'Nimbus Roman' not found.
findfont: Font family 'Nimbus Roman' not found.
findfont: Font family 'Nimbus Roman' not found.
findfont: Font family 'Nimbus Roman' not found.
findfont: Font family 'Nimbus Roman' not found.
findfont: Font family 'Nimbus Roman' not found.
findfont: Font family 'Nimbus Roman' not found.
Ridge mode: rkhs; diagnostic interval: 50
Iter 1/4000 | log_obj=1.133e+01 | log_Bellman_root=4.256e+00 | mass=7.79e+04 | neg=0.00e+00 | grad=9.25e+02
Iter 400/4000 | log_obj=6.975e+00 | log_Bellman_root=2.082e+00 | mass=1.00e+03 | neg=0.00e+00 | grad=2.66e+04
Iter 800/4000 | log_obj=6.385e+00 | log_Bellman_root=1.781e+00 | mass=5.58e+02 | neg=0.00e+00 | grad=5.43e+04
Iter 1200/4000 | log_obj=7.675e+00 | log_Bellman_root=2.428e+00 | mass=2.03e+03 | neg=0.00e+00 | grad=4.01e+04
Iter 1600/4000 | log_obj=6.819e+00 | log_Bellman_root=2.003e+00 | mass=8.60e+02 | neg=0.00e+00 | grad=6.86e+04
Iter 2000/4000 | log_obj=1.294e+00 | log_Bellman_root=-7.725e-01 | mass=3.41e+00 | neg=0.00e+00 | grad=2.30e+04
Iter 2400/4000 | log_obj=6.684e+00 | log_Bellman_root=1.935e+00 | mass=7.51e+02 | neg=0.00e+00 | grad=2.49e+04
Iter 2800/4000 | log_obj=5.090e+00 | log_Bellman_root=1.180e+00 | mass=1.52e+02 | neg=0.00e+00 | grad=1.31e+04
Iter 3200/4000 | log_obj=3.552e+00 | log_Bellman_root=3.780e-01 | mass=3.27e+01 | neg=0.00e+00 | grad=1.33e+04
Iter 3600/4000 | log_obj=3.206e+00 | log_Bellman_root=2.068e-01 | mass=2.31e+01 | neg=0.00e+00 | grad=1.14e+02
Iter 4000/4000 | log_obj=1.890e+00 | log_Bellman_root=-4.727e-01 | mass=6.22e+00 | neg=0.00e+00 | grad=3.53e+03
Returning best diagnostic checkpoint from step 3650 (objective=1.814e-01, Bellman=2.051e-02).
Done in 12.95s.
KE-DRL global estimation is done.
B_hat shape: (3079, 800)
B_hat rank diagnostics: {'B_num_rows': 3079, 'B_num_cols': 800, 'B_min_dim': 800, 'B_numerical_rank': 800, 'B_rank_fraction': 1.0, 'B_rank_tolerance': 3.0486571024113118e-05, 'B_stable_rank': 355.5207214355469, 'B_effective_rank': 771.6962712328466, 'B_entropy_rank': 6.648591041564941, 'B_spectral_norm': 0.0830594003200531, 'B_frobenius_norm': 1.5661063194274902, 'B_nuclear_norm': 42.800384521484375, 'B_condition_number': 3.068046979627965, 'B_condition_number_tol': 3.068046979627965, 'B_smallest_singular_value': 0.027072401717305183, 'B_rank_rel_1em2': 800, 'B_rank_rel_1em3': 800, 'B_rank_rel_1em4': 800}
Global-loss target mass diagnostics: {'target_mass_mean': 1.3474245071411133, 'target_mass_min': 0.9037021994590759, 'target_mass_max': 1.5266658067703247, 'target_mass_sd': 0.15423469245433807, 'target_mass_rmse_to_target': 0.37980812788009644, 'target_beta_min': -0.01631901226937771, 'target_beta_max': 0.04943577200174332, 'target_neg_frac_mean': 0.36425}
Return dictionary Z_grid shape: (800, 3)
Replicate 47 risk metrics: {'risk_n_steps_recorded': 81.0, 'risk_n_diagnostics_recorded': 81.0, 'risk_log_obj_initial': 11.325106921138646, 'risk_log_obj_final': 1.890485173889421, 'risk_log_obj_min': -1.70699307116582, 'risk_obj_initial': 82876.5078125, 'risk_obj_final': 6.622581005096435, 'risk_obj_min': 0.18141046166419983, 'risk_log_obj_drop': 9.434621747249224, 'risk_log_bellman_root_initial': 4.256411258842421, 'risk_log_bellman_root_final': -0.4727470090821244, 'risk_log_bellman_root_min': -1.9433230656801677, 'risk_bellman_root_initial': 70.55632019042967, 'risk_bellman_root_final': 0.6232877373695374, 'risk_bellman_root_min': 0.14322720468044284, 'risk_bellman_initial': 4978.194318814434, 'risk_bellman_final': 0.38848760355523737, 'risk_bellman_min': 0.020514032160573462, 'risk_log_bellman_root_drop': 4.729158267924546, 'risk_bellman_returned': 0.020514031872153282, 'risk_obj_returned': 0.18141046166419983, 'risk_returned_step': 3650.0, 'offline_data_id': 47, 'benchmark_point_source': 'fixed_config_plus_support_safe_target_policy_draws', 'target_set_size': 100, 'lambda_reg': 0.005, 'lambda_B': 0.02, 'num_steps': 4000, 'transition_reduction_enabled': 1, 'transition_reduction_method': 'kmeans', 'transition_original_rows': 12000, 'transition_reduced_rows': 3079, 'transition_compression_ratio': 0.25658333333333333, 'target_mass_mean': 1.3474245071411133, 'target_mass_min': 0.9037021994590759, 'target_mass_max': 1.5266658067703247, 'target_mass_sd': 0.15423469245433807, 'target_mass_rmse_to_target': 0.37980812788009644, 'target_beta_min': -0.01631901226937771, 'target_beta_max': 0.04943577200174332, 'target_neg_frac_mean': 0.36425, 'B_num_rows': 3079, 'B_num_cols': 800, 'B_min_dim': 800, 'B_numerical_rank': 800, 'B_rank_fraction': 1.0, 'B_rank_tolerance': 3.0486571024113118e-05, 'B_stable_rank': 355.5207214355469, 'B_effective_rank': 771.6962712328466, 'B_entropy_rank': 6.648591041564941, 'B_spectral_norm': 0.0830594003200531, 'B_frobenius_norm': 1.5661063194274902, 'B_nuclear_norm': 42.800384521484375, 'B_condition_number': 3.068046979627965, 'B_condition_number_tol': 3.068046979627965, 'B_smallest_singular_value': 0.027072401717305183, 'B_rank_rel_1em2': 800, 'B_rank_rel_1em3': 800, 'B_rank_rel_1em4': 800, 'risk_objective_final_raw': 6.6225810050964355, 'risk_objective_min_raw': 0.18141046166419983, 'risk_objective_max_raw': 82876.5078125, 'risk_bellman_final_raw': 0.3884876072406769, 'risk_bellman_min_raw': 0.020514031872153282, 'risk_bellman_max_raw': 4978.19482421875, 'risk_rkhs_ridge_final_raw': 0.015931937843561172, 'risk_rkhs_ridge_min_raw': 0.015931937843561172, 'risk_rkhs_ridge_max_raw': 4.945942401885986, 'risk_mass_final_raw': 6.218161582946777, 'risk_mass_min_raw': 0.14425420761108398, 'risk_mass_max_raw': 77893.3671875, 'risk_negativity_final_raw': 0.0, 'risk_negativity_min_raw': 0.0, 'risk_negativity_max_raw': 0.0, 'risk_B_norm_final_raw': 1.565666675567627, 'risk_B_norm_min_raw': 1.565666675567627, 'risk_B_norm_max_raw': 1.638153314590454, 'risk_diagnostic_step_final_raw': 4000.0, 'risk_diagnostic_step_min_raw': 1.0, 'risk_diagnostic_step_max_raw': 4000.0, 'risk_best_step_final_raw': 3650.0, 'risk_best_step_min_raw': 3650.0, 'risk_best_step_max_raw': 3650.0, 'risk_best_objective_final_raw': 0.18141046166419983, 'risk_best_objective_min_raw': 0.18141046166419983, 'risk_best_objective_max_raw': 0.18141046166419983, 'risk_best_bellman_final_raw': 0.020514031872153282, 'risk_best_bellman_min_raw': 0.020514031872153282, 'risk_best_bellman_max_raw': 0.020514031872153282, 'risk_returned_step_final_raw': 3650.0, 'risk_returned_step_min_raw': 3650.0, 'risk_returned_step_max_raw': 3650.0, 'risk_returned_objective_final_raw': 0.18141046166419983, 'risk_returned_objective_min_raw': 0.18141046166419983, 'risk_returned_objective_max_raw': 0.18141046166419983, 'risk_returned_bellman_final_raw': 0.020514031872153282, 'risk_returned_bellman_min_raw': 0.020514031872153282, 'risk_returned_bellman_max_raw': 0.020514031872153282, 'risk_returned_best_checkpoint_final_raw': 1.0, 'risk_returned_best_checkpoint_min_raw': 1.0, 'risk_returned_best_checkpoint_max_raw': 1.0}
Benchmark 0 evaluation grid shape: (800, 3)
Replicate 47, benchmark 0 metrics: {'run_id': '47_b0', 'RMSE': 0.1869151503847288, 'MAE': 0.15204447595169768, 'SupNorm': 0.3861781656742096, 'Bias': 0.13503189832204954, 'Corr': 0.7426390015691817, 'deming_slope': 1.981288157092154, 'deming_intercept': -0.31947508467997987, 'beta_sum': 1.2883293628692627, 'beta_l1': 3.2201459407806396, 'beta_l2': 0.14035575091838837, 'beta_min': -0.011595770716667175, 'beta_max': 0.0189575906842947, 'beta_neg_frac': 0.36125, 'offline_data_id': 47, 'benchmark_id': 0, 'benchmark_point_source': 'fixed_config', 'target_set_size': 100, 'benchmark_z_path': 'data/Z_true.pt', 'projected_bellman_test_risk': 0.03718007355928421, 'oracle_embedding_risk': 0.7266919016838074, 'benchmark_embedding_risk': 0.7266919016838074, 'risk_bellman_final': 0.38848760355523737, 'risk_obj_final': 6.622581005096435, 'B_num_rows': 3079, 'B_num_cols': 800, 'B_min_dim': 800, 'B_numerical_rank': 800, 'B_rank_fraction': 1.0, 'B_rank_tolerance': 3.0486571024113118e-05, 'B_stable_rank': 355.5207214355469, 'B_effective_rank': 771.6962712328466, 'B_entropy_rank': 6.648591041564941, 'B_spectral_norm': 0.0830594003200531, 'B_frobenius_norm': 1.5661063194274902, 'B_nuclear_norm': 42.800384521484375, 'B_condition_number': 3.068046979627965, 'B_condition_number_tol': 3.068046979627965, 'B_smallest_singular_value': 0.027072401717305183, 'B_rank_rel_1em2': 800, 'B_rank_rel_1em3': 800, 'B_rank_rel_1em4': 800}
Saved ./mu/mu_hat.csv shape=(800,)
Saved ./mu/mu2D_hat_dims01.csv shape=(120, 120)
Saved ./mu/mu2D_hat_dims01.csv shape=(120, 120)
Saved plots/replicate_47/mu_3D.png
Benchmark 1 evaluation grid shape: (800, 3)
Replicate 47, benchmark 1 metrics: {'run_id': '47_b1', 'RMSE': 0.308469062037938, 'MAE': 0.2951867627957836, 'SupNorm': 0.4427949786186218, 'Bias': 0.2951867627957836, 'Corr': 0.9929887156969586, 'deming_slope': 1.779641532496988, 'deming_intercept': -0.06419606170931813, 'beta_sum': 1.51700758934021, 'beta_l1': 2.2999427318573, 'beta_l2': 0.10292670130729675, 'beta_min': -0.006146958097815514, 'beta_max': 0.014890569262206554, 'beta_neg_frac': 0.29125, 'offline_data_id': 47, 'benchmark_id': 1, 'benchmark_point_source': 'fixed_config', 'target_set_size': 100, 'benchmark_z_path': 'data/Z_true.pt', 'projected_bellman_test_risk': 0.027126692235469818, 'oracle_embedding_risk': 0.7404563426971436, 'benchmark_embedding_risk': 0.7404563426971436, 'risk_bellman_final': 0.38848760355523737, 'risk_obj_final': 6.622581005096435, 'B_num_rows': 3079, 'B_num_cols': 800, 'B_min_dim': 800, 'B_numerical_rank': 800, 'B_rank_fraction': 1.0, 'B_rank_tolerance': 3.0486571024113118e-05, 'B_stable_rank': 355.5207214355469, 'B_effective_rank': 771.6962712328466, 'B_entropy_rank': 6.648591041564941, 'B_spectral_norm': 0.0830594003200531, 'B_frobenius_norm': 1.5661063194274902, 'B_nuclear_norm': 42.800384521484375, 'B_condition_number': 3.068046979627965, 'B_condition_number_tol': 3.068046979627965, 'B_smallest_singular_value': 0.027072401717305183, 'B_rank_rel_1em2': 800, 'B_rank_rel_1em3': 800, 'B_rank_rel_1em4': 800}
Benchmark 2 evaluation grid shape: (800, 3)
Replicate 47, benchmark 2 metrics: {'run_id': '47_b2', 'RMSE': 0.3202223970729254, 'MAE': 0.3063313206913881, 'SupNorm': 0.4647810459136963, 'Bias': 0.3063313206913881, 'Corr': 0.9788528996058459, 'deming_slope': 1.844794528697829, 'deming_intercept': -0.09108342236019262, 'beta_sum': 1.5193673372268677, 'beta_l1': 2.4701426029205322, 'beta_l2': 0.11099317669868469, 'beta_min': -0.008203726261854172, 'beta_max': 0.01566120609641075, 'beta_neg_frac': 0.2875, 'offline_data_id': 47, 'benchmark_id': 2, 'benchmark_point_source': 'fixed_config', 'target_set_size': 100, 'benchmark_z_path': 'data/Z_true.pt', 'projected_bellman_test_risk': 0.02145671471953392, 'oracle_embedding_risk': 0.7568409442901611, 'benchmark_embedding_risk': 0.7568409442901611, 'risk_bellman_final': 0.38848760355523737, 'risk_obj_final': 6.622581005096435, 'B_num_rows': 3079, 'B_num_cols': 800, 'B_min_dim': 800, 'B_numerical_rank': 800, 'B_rank_fraction': 1.0, 'B_rank_tolerance': 3.0486571024113118e-05, 'B_stable_rank': 355.5207214355469, 'B_effective_rank': 771.6962712328466, 'B_entropy_rank': 6.648591041564941, 'B_spectral_norm': 0.0830594003200531, 'B_frobenius_norm': 1.5661063194274902, 'B_nuclear_norm': 42.800384521484375, 'B_condition_number': 3.068046979627965, 'B_condition_number_tol': 3.068046979627965, 'B_smallest_singular_value': 0.027072401717305183, 'B_rank_rel_1em2': 800, 'B_rank_rel_1em3': 800, 'B_rank_rel_1em4': 800}
Benchmark 3 evaluation grid shape: (800, 3)
Replicate 47, benchmark 3 metrics: {'run_id': '47_b3', 'RMSE': 0.29394938584177843, 'MAE': 0.2790531819825992, 'SupNorm': 0.4379522204399109, 'Bias': 0.2790531819825992, 'Corr': 0.9748375817389512, 'deming_slope': 1.7946053581372066, 'deming_intercept': -0.08632530099912916, 'beta_sum': 1.4977946281433105, 'beta_l1': 2.463703155517578, 'beta_l2': 0.11046768724918365, 'beta_min': -0.009914174675941467, 'beta_max': 0.01639704406261444, 'beta_neg_frac': 0.2825, 'offline_data_id': 47, 'benchmark_id': 3, 'benchmark_point_source': 'fixed_config', 'target_set_size': 100, 'benchmark_z_path': 'data/Z_true.pt', 'projected_bellman_test_risk': 0.02796674519777298, 'oracle_embedding_risk': 0.7366737127304077, 'benchmark_embedding_risk': 0.7366737127304077, 'risk_bellman_final': 0.38848760355523737, 'risk_obj_final': 6.622581005096435, 'B_num_rows': 3079, 'B_num_cols': 800, 'B_min_dim': 800, 'B_numerical_rank': 800, 'B_rank_fraction': 1.0, 'B_rank_tolerance': 3.0486571024113118e-05, 'B_stable_rank': 355.5207214355469, 'B_effective_rank': 771.6962712328466, 'B_entropy_rank': 6.648591041564941, 'B_spectral_norm': 0.0830594003200531, 'B_frobenius_norm': 1.5661063194274902, 'B_nuclear_norm': 42.800384521484375, 'B_condition_number': 3.068046979627965, 'B_condition_number_tol': 3.068046979627965, 'B_smallest_singular_value': 0.027072401717305183, 'B_rank_rel_1em2': 800, 'B_rank_rel_1em3': 800, 'B_rank_rel_1em4': 800}
Benchmark 4 evaluation grid shape: (800, 3)
Replicate 47, benchmark 4 metrics: {'run_id': '47_b4', 'RMSE': 0.10949092320458043, 'MAE': 0.09182529527926818, 'SupNorm': 0.27741095423698425, 'Bias': 0.00470815742155537, 'Corr': 0.6621510791368834, 'deming_slope': 1.4929001494144736, 'deming_intercept': -0.22614451360929644, 'beta_sum': 1.2476130723953247, 'beta_l1': 3.2466235160827637, 'beta_l2': 0.16796307265758514, 'beta_min': -0.015001668594777584, 'beta_max': 0.04371378943324089, 'beta_neg_frac': 0.40125, 'offline_data_id': 47, 'benchmark_id': 4, 'benchmark_point_source': 'support_safe_target_policy_draw', 'target_set_size': 100, 'benchmark_z_path': 'data/Z_true.pt', 'projected_bellman_test_risk': 0.02538965828716755, 'oracle_embedding_risk': 0.6774766445159912, 'benchmark_embedding_risk': 0.6774766445159912, 'risk_bellman_final': 0.38848760355523737, 'risk_obj_final': 6.622581005096435, 'B_num_rows': 3079, 'B_num_cols': 800, 'B_min_dim': 800, 'B_numerical_rank': 800, 'B_rank_fraction': 1.0, 'B_rank_tolerance': 3.0486571024113118e-05, 'B_stable_rank': 355.5207214355469, 'B_effective_rank': 771.6962712328466, 'B_entropy_rank': 6.648591041564941, 'B_spectral_norm': 0.0830594003200531, 'B_frobenius_norm': 1.5661063194274902, 'B_nuclear_norm': 42.800384521484375, 'B_condition_number': 3.068046979627965, 'B_condition_number_tol': 3.068046979627965, 'B_smallest_singular_value': 0.027072401717305183, 'B_rank_rel_1em2': 800, 'B_rank_rel_1em3': 800, 'B_rank_rel_1em4': 800}
Benchmark 5 evaluation grid shape: (800, 3)
Replicate 47, benchmark 5 metrics: {'run_id': '47_b5', 'RMSE': 0.31327650398452145, 'MAE': 0.2958783100545406, 'SupNorm': 0.46289798617362976, 'Bias': -0.29497255923226473, 'Corr': 0.3713500130816201, 'deming_slope': 0.3440406324835019, 'deming_intercept': 0.00531202691790672, 'beta_sum': 0.5693488121032715, 'beta_l1': 1.3972500562667847, 'beta_l2': 0.06354799121618271, 'beta_min': -0.006175565533339977, 'beta_max': 0.009388798847794533, 'beta_neg_frac': 0.3775, 'offline_data_id': 47, 'benchmark_id': 5, 'benchmark_point_source': 'support_safe_target_policy_draw', 'target_set_size': 100, 'benchmark_z_path': 'data/Z_true.pt', 'projected_bellman_test_risk': 0.01296246238052845, 'oracle_embedding_risk': 0.7992314100265503, 'benchmark_embedding_risk': 0.7992314100265503, 'risk_bellman_final': 0.38848760355523737, 'risk_obj_final': 6.622581005096435, 'B_num_rows': 3079, 'B_num_cols': 800, 'B_min_dim': 800, 'B_numerical_rank': 800, 'B_rank_fraction': 1.0, 'B_rank_tolerance': 3.0486571024113118e-05, 'B_stable_rank': 355.5207214355469, 'B_effective_rank': 771.6962712328466, 'B_entropy_rank': 6.648591041564941, 'B_spectral_norm': 0.0830594003200531, 'B_frobenius_norm': 1.5661063194274902, 'B_nuclear_norm': 42.800384521484375, 'B_condition_number': 3.068046979627965, 'B_condition_number_tol': 3.068046979627965, 'B_smallest_singular_value': 0.027072401717305183, 'B_rank_rel_1em2': 800, 'B_rank_rel_1em3': 800, 'B_rank_rel_1em4': 800}
Benchmark 6 evaluation grid shape: (800, 3)
Replicate 47, benchmark 6 metrics: {'run_id': '47_b6', 'RMSE': 0.21499377986693405, 'MAE': 0.18861251311376692, 'SupNorm': 0.3825865387916565, 'Bias': 0.18675789282657207, 'Corr': 0.8597083776262499, 'deming_slope': 1.7937699784286187, 'deming_intercept': -0.1824528558143792, 'beta_sum': 1.3477935791015625, 'beta_l1': 3.030012369155884, 'beta_l2': 0.13604508340358734, 'beta_min': -0.013638713397085667, 'beta_max': 0.016088536009192467, 'beta_neg_frac': 0.35625, 'offline_data_id': 47, 'benchmark_id': 6, 'benchmark_point_source': 'support_safe_target_policy_draw', 'target_set_size': 100, 'benchmark_z_path': 'data/Z_true.pt', 'projected_bellman_test_risk': 0.01942729391157627, 'oracle_embedding_risk': 0.6992647647857666, 'benchmark_embedding_risk': 0.6992647647857666, 'risk_bellman_final': 0.38848760355523737, 'risk_obj_final': 6.622581005096435, 'B_num_rows': 3079, 'B_num_cols': 800, 'B_min_dim': 800, 'B_numerical_rank': 800, 'B_rank_fraction': 1.0, 'B_rank_tolerance': 3.0486571024113118e-05, 'B_stable_rank': 355.5207214355469, 'B_effective_rank': 771.6962712328466, 'B_entropy_rank': 6.648591041564941, 'B_spectral_norm': 0.0830594003200531, 'B_frobenius_norm': 1.5661063194274902, 'B_nuclear_norm': 42.800384521484375, 'B_condition_number': 3.068046979627965, 'B_condition_number_tol': 3.068046979627965, 'B_smallest_singular_value': 0.027072401717305183, 'B_rank_rel_1em2': 800, 'B_rank_rel_1em3': 800, 'B_rank_rel_1em4': 800}
Benchmark 7 evaluation grid shape: (800, 3)
Replicate 47, benchmark 7 metrics: {'run_id': '47_b7', 'RMSE': 0.1634329805611232, 'MAE': 0.13910937695764006, 'SupNorm': 0.3168865144252777, 'Bias': 0.13692680741660296, 'Corr': 0.8418239492321479, 'deming_slope': 1.5514619591841408, 'deming_intercept': -0.11824318187716432, 'beta_sum': 1.3808391094207764, 'beta_l1': 2.9194185733795166, 'beta_l2': 0.1434088498353958, 'beta_min': -0.009770601987838745, 'beta_max': 0.03169633075594902, 'beta_neg_frac': 0.37875, 'offline_data_id': 47, 'benchmark_id': 7, 'benchmark_point_source': 'support_safe_target_policy_draw', 'target_set_size': 100, 'benchmark_z_path': 'data/Z_true.pt', 'projected_bellman_test_risk': 0.015015274286270142, 'oracle_embedding_risk': 0.6624951362609863, 'benchmark_embedding_risk': 0.6624951362609863, 'risk_bellman_final': 0.38848760355523737, 'risk_obj_final': 6.622581005096435, 'B_num_rows': 3079, 'B_num_cols': 800, 'B_min_dim': 800, 'B_numerical_rank': 800, 'B_rank_fraction': 1.0, 'B_rank_tolerance': 3.0486571024113118e-05, 'B_stable_rank': 355.5207214355469, 'B_effective_rank': 771.6962712328466, 'B_entropy_rank': 6.648591041564941, 'B_spectral_norm': 0.0830594003200531, 'B_frobenius_norm': 1.5661063194274902, 'B_nuclear_norm': 42.800384521484375, 'B_condition_number': 3.068046979627965, 'B_condition_number_tol': 3.068046979627965, 'B_smallest_singular_value': 0.027072401717305183, 'B_rank_rel_1em2': 800, 'B_rank_rel_1em3': 800, 'B_rank_rel_1em4': 800}
Benchmark 8 evaluation grid shape: (800, 3)
Replicate 47, benchmark 8 metrics: {'run_id': '47_b8', 'RMSE': 0.07430971477998553, 'MAE': 0.0602534125931561, 'SupNorm': 0.16493526101112366, 'Bias': 0.045732649061828855, 'Corr': 0.9071020130526057, 'deming_slope': 1.2263106312376033, 'deming_intercept': -0.05858732106265274, 'beta_sum': 1.0826431512832642, 'beta_l1': 3.0555930137634277, 'beta_l2': 0.13900381326675415, 'beta_min': -0.014102637767791748, 'beta_max': 0.023356158286333084, 'beta_neg_frac': 0.39625, 'offline_data_id': 47, 'benchmark_id': 8, 'benchmark_point_source': 'support_safe_target_policy_draw', 'target_set_size': 100, 'benchmark_z_path': 'data/Z_true.pt', 'projected_bellman_test_risk': 0.05351101607084274, 'oracle_embedding_risk': 0.580566942691803, 'benchmark_embedding_risk': 0.580566942691803, 'risk_bellman_final': 0.38848760355523737, 'risk_obj_final': 6.622581005096435, 'B_num_rows': 3079, 'B_num_cols': 800, 'B_min_dim': 800, 'B_numerical_rank': 800, 'B_rank_fraction': 1.0, 'B_rank_tolerance': 3.0486571024113118e-05, 'B_stable_rank': 355.5207214355469, 'B_effective_rank': 771.6962712328466, 'B_entropy_rank': 6.648591041564941, 'B_spectral_norm': 0.0830594003200531, 'B_frobenius_norm': 1.5661063194274902, 'B_nuclear_norm': 42.800384521484375, 'B_condition_number': 3.068046979627965, 'B_condition_number_tol': 3.068046979627965, 'B_smallest_singular_value': 0.027072401717305183, 'B_rank_rel_1em2': 800, 'B_rank_rel_1em3': 800, 'B_rank_rel_1em4': 800}
Benchmark 9 evaluation grid shape: (800, 3)
Replicate 47, benchmark 9 metrics: {'run_id': '47_b9', 'RMSE': 0.16641087813440394, 'MAE': 0.1496446896251291, 'SupNorm': 0.28178513050079346, 'Bias': 0.14955085779540242, 'Corr': 0.907823244505886, 'deming_slope': 1.4585435402866647, 'deming_intercept': -0.0647446003989407, 'beta_sum': 1.3828798532485962, 'beta_l1': 2.9976658821105957, 'beta_l2': 0.14528687298297882, 'beta_min': -0.01263533066958189, 'beta_max': 0.027441859245300293, 'beta_neg_frac': 0.3675, 'offline_data_id': 47, 'benchmark_id': 9, 'benchmark_point_source': 'support_safe_target_policy_draw', 'target_set_size': 100, 'benchmark_z_path': 'data/Z_true.pt', 'projected_bellman_test_risk': 0.01325654424726963, 'oracle_embedding_risk': 0.6267539858818054, 'benchmark_embedding_risk': 0.6267539858818054, 'risk_bellman_final': 0.38848760355523737, 'risk_obj_final': 6.622581005096435, 'B_num_rows': 3079, 'B_num_cols': 800, 'B_min_dim': 800, 'B_numerical_rank': 800, 'B_rank_fraction': 1.0, 'B_rank_tolerance': 3.0486571024113118e-05, 'B_stable_rank': 355.5207214355469, 'B_effective_rank': 771.6962712328466, 'B_entropy_rank': 6.648591041564941, 'B_spectral_norm': 0.0830594003200531, 'B_frobenius_norm': 1.5661063194274902, 'B_nuclear_norm': 42.800384521484375, 'B_condition_number': 3.068046979627965, 'B_condition_number_tol': 3.068046979627965, 'B_smallest_singular_value': 0.027072401717305183, 'B_rank_rel_1em2': 800, 'B_rank_rel_1em3': 800, 'B_rank_rel_1em4': 800}
Replicate 47 finished in 22.2s
Finished combo 4, offline replicate 47.
