Job ID:    2359369
Array idx: 550
CPUs/node: 64
Mem/node:  131072
Using CC = cc 
Using CXX = CC 
Using FC = ftn 
Using F77 = ftn 
Using F90 = ftn 
cuda/12.6.1 is deprecated; loading cudatoolkit/25.5_12.9 instead.
Using CC = /opt/nvidia/hpc_sdk/Linux_aarch64/25.5/compilers/bin/nvc 
Using CXX = /opt/nvidia/hpc_sdk/Linux_aarch64/25.5/compilers/bin/nvc++ 
Using FC = /opt/nvidia/hpc_sdk/Linux_aarch64/25.5/compilers/bin/nvfortran 
Using F77 = /opt/nvidia/hpc_sdk/Linux_aarch64/25.5/compilers/bin/nvfortran 
Using F90 = /opt/nvidia/hpc_sdk/Linux_aarch64/25.5/compilers/bin/nvfortran 
Using CC = /opt/nvidia/hpc_sdk/Linux_aarch64/25.5/compilers/bin/nvc 
Using CXX = /opt/nvidia/hpc_sdk/Linux_aarch64/25.5/compilers/bin/nvc++ 
Using FC = /opt/nvidia/hpc_sdk/Linux_aarch64/25.5/compilers/bin/nvfortran 
Using F77 = /opt/nvidia/hpc_sdk/Linux_aarch64/25.5/compilers/bin/nvfortran 
Using F90 = /opt/nvidia/hpc_sdk/Linux_aarch64/25.5/compilers/bin/nvfortran 

Lmod is automatically replacing "gcc-native/14" with "gcc/14.2.0".

ghx4
0
Tuning combo id: 5 / 6
Offline replicate id: 50 / 99
Installing ke_drl from git: https://github.com/mehrdadmhmdi/ke-drl.git@main
Collecting git+https://github.com/mehrdadmhmdi/ke-drl.git@main
  Cloning https://github.com/mehrdadmhmdi/ke-drl.git (to revision main) to /tmp/pip-req-build-vyiqbjf5
  Running command git clone --filter=blob:none --quiet https://github.com/mehrdadmhmdi/ke-drl.git /tmp/pip-req-build-vyiqbjf5
  Resolved https://github.com/mehrdadmhmdi/ke-drl.git to commit 3c5d570e40ea15b1fbe4817b5f43b64c7b333e82
  Installing build dependencies: started
  Installing build dependencies: finished with status 'done'
  Getting requirements to build wheel: started
  Getting requirements to build wheel: finished with status 'done'
  Preparing metadata (pyproject.toml): started
  Preparing metadata (pyproject.toml): finished with status 'done'
Building wheels for collected packages: ke_drl
  Building wheel for ke_drl (pyproject.toml): started
  Building wheel for ke_drl (pyproject.toml): finished with status 'done'
  Created wheel for ke_drl: filename=ke_drl-0.1.0-py3-none-any.whl size=47219 sha256=de48ed2b1a17b19742f93c7f8641b4884669cd577b79fe1fb5d24aa78038c8d8
  Stored in directory: /tmp/pip-ephem-wheel-cache-jdgvks96/wheels/24/47/ad/9a4ffd3b05d3e90e35ffc6e7324b735b8bfcf5f51aaf29a333
Successfully built ke_drl
Installing collected packages: ke_drl
Successfully installed ke_drl-0.1.0
Installed ke_drl source: /work/nvme/bfez/mehrdad3/DistRL/simulation_3/runs/sim3_global_2358722_5/.kedrl_site_550/ke_drl/__init__.py
Tuning combo 5: kernel_sigma_0.7
Overrides: {'kernel': {'sigma': 0.7}}
RUN: /sw/user/python/miniforge3-pytorch-24.11.3/bin/python3 validate_sim_config.py --params params.yaml
ke_drl import source: /work/nvme/bfez/mehrdad3/DistRL/simulation_3/runs/sim3_global_2358722_5/.kedrl_site_550/ke_drl/__init__.py
ke_drl package API OK: prediction weights, RFF operators, rank diagnostics, and best-checkpoint optimizer available
Policy config OK: behavior=uniform, target=logistic, state_dim=5, action_dim=1
Note: policy.logistic.theta_scale/theta_std are log-scale coefficients in Probability_Densities.
Behavior-policy linearized state-process diagnostic: spectral_radius=0.653, offline_burn_in=50
Replicate config OK: num_replicates=100, benchmark points=10 independent of D_i, loss target points=100
Transition reduction OK: method=kmeans, raw rows N(T-1)=12000, target rows about 3000, B rows reduced from 12000 to about 3000
Return-operator approximation OK: method=rff, features=512, exact G avoided for estimated N=12000, m=800, L=100
Fixed benchmark config rows=4 (benchmark.num_points=10; additional points are support-safe target-policy draws if needed)
Fixed benchmark point 0: s_star=[0.6, -0.8, 0.7, -0.5, 0.9], a_star=[0.5]
Fixed benchmark behavior-support interval for configured rows: min_lower=-0.12, max_upper=1.11
Fixed benchmark target-policy location range: [-0.02, 0.14]
Reusing shared data from /work/nvme/bfez/mehrdad3/DistRL/simulation_3/runs/sim3_shared_data/data for offline replicate 50.
RUN: /sw/user/python/miniforge3-pytorch-24.11.3/bin/python3 validate_sim_config.py --params params.yaml --data data/offline_data_50.pt
ke_drl import source: /work/nvme/bfez/mehrdad3/DistRL/simulation_3/runs/sim3_global_2358722_5/.kedrl_site_550/ke_drl/__init__.py
ke_drl package API OK: prediction weights, RFF operators, rank diagnostics, and best-checkpoint optimizer available
Policy config OK: behavior=uniform, target=logistic, state_dim=5, action_dim=1
Note: policy.logistic.theta_scale/theta_std are log-scale coefficients in Probability_Densities.
Behavior-policy linearized state-process diagnostic: spectral_radius=0.653, offline_burn_in=50
Replicate config OK: num_replicates=100, benchmark points=10 independent of D_i, loss target points=100
Transition reduction OK: method=kmeans, raw rows N(T-1)=12000, target rows about 3000, B rows reduced from 12000 to about 3000
Return-operator approximation OK: method=rff, features=512, exact G avoided for estimated N=12000, m=800, L=100
Fixed benchmark config rows=4 (benchmark.num_points=10; additional points are support-safe target-policy draws if needed)
Fixed benchmark point 0: s_star=[0.6, -0.8, 0.7, -0.5, 0.9], a_star=[0.5]
Fixed benchmark behavior-support interval for configured rows: min_lower=-0.12, max_upper=1.11
Fixed benchmark target-policy location range: [-0.02, 0.14]
Full benchmark support check OK: 10 points, min_lower=-2.177, max_upper=2.05
observed behavior actions: mean=0.3955, sd=0.6767, q0/q10/q50/q90/q100=[-2.927995443344116, -0.4067163556814194, 0.3404756039381027, 1.3137704372406005, 3.416597366333008]
target-policy sampled actions: mean=-0.03097, sd=0.6712, q0/q10/q50/q90/q100=[-3.516983234448765, -0.8879118212477509, -0.025379323981390655, 0.8204107172250439, 2.5143014263186196]
behavior uniform lower: mean=-0.1302, sd=0.6651, q0/q10/q50/q90/q100=[-3.4752849102020265, -0.9748925518989563, -0.12136387377977371, 0.7118740344047549, 2.4454769492149353]
behavior uniform upper: mean=0.9186, sd=0.6492, q0/q10/q50/q90/q100=[-1.0237401127815247, 0.06702043712139129, 0.9271435506641865, 1.7579783153533937, 3.4454769492149353]
target location inside behavior uniform support: 0.966
RUN: /sw/user/python/miniforge3-pytorch-24.11.3/bin/python3 main_est.py
# ================================================================ #
#   Global KE-DRL estimation for one offline replicate              #
# ================================================================ #
Slurm Job ID: 2359369
Slurm Array ID: 50 -- used as the offline-replicate id
Offline data id: 50
ke_drl import source: /work/nvme/bfez/mehrdad3/DistRL/simulation_3/runs/sim3_global_2358722_5/.kedrl_site_550/ke_drl/__init__.py
Estimator device: cuda (NVIDIA GH200 120GB, capability 9.0); torch CUDA=13.0
Random seed: 20460562
Number of offline replicates: 100
[transition reduction] enabled: original rows=12000, target basis=3000, method=kmeans, device=cuda
[transition reduction] kmeans iter 1/20, mean center shift=2.7349e-01
[transition reduction] kmeans iter 5/20, mean center shift=5.8320e-03
[transition reduction] kmeans iter 10/20, mean center shift=4.2105e-04
[transition reduction] selected 3085 rows from 12000 transitions (ratio 0.2571); indices saved to data/reduced_transition_indices_50.pt
Data and parameters loaded.
offline path: data/offline_data_50.pt
benchmark true-Z path: data/Z_true.pt
offline shapes after reduction: s0=(3085, 5), a0=(3085, 1), r0=(3085, 3)
transition reduction: {'enabled': True, 'method': 'kmeans', 'original_rows': 12000, 'reduced_rows': 3085, 'selected_indices_path': 'data/reduced_transition_indices_50.pt', 'target_basis': 3000, 'compression_ratio': 0.25708333333333333}
fixed benchmark point source: fixed_config_plus_support_safe_target_policy_draws
benchmark row excluded from this offline data: None
global loss target set shape: s_star=(100, 5), a_star=(100, 1)
benchmark true-Z count=10, shape each=(50000, 3)
target policy: logistic
behavior policy: uniform
lambda_Gamma=0.005, lambda_B=0.02, d_r_method=song
dtype=torch.float32, operator_method=rff, operator_num_features=512
ridge_mode=rkhs, diagnostic_interval=50
mass_anchor_lambda=1.0, target_mass=1.0
uLSIF basis: source=numerator, n_basis=512, lambda_reg=0.005
optimizer stabilizers: lambda_neg=0.0, max_B_norm=None, eta_clip_min=0.0, eta_clip_max=5.0, normalize_eta=True
========================================
Estimating the global KE-DRL mean embedding
torch device=cuda, dtype=torch.float32
Data dims: N=3085, L=100, Ds=5, Da=1, Dr=3
lambda_Gamma=0.005, lambda_B=0.02
return-operator construction: method=rff, rff_features=512
[uLSIF] basis=512/3085 (numerator); eta_hat min=2.237e-02 max=4.409e+00 neg%=0.00
ESS for eta_plus: 2400.9 / 3085
eta_plus diagnostics: raw_mean=0.995, raw_min=0.0224, raw_max=4.41; used_mean=1, used_min=0.0225, used_max=4.43
[timing] Z-grid: 0.12s
[timing] K_X: 0.00s
[timing] K_plus: 0.00s
[timing] k_star: 0.00s
[timing] Gamma_stack: 0.01s
[timing] Phi_stack: 0.00s
[timing] RFF feature sample: 0.00s
[timing] K_Z RFF: 0.00s
[timing] G_stack RFF: 0.03s
[timing] H_stack RFF: 0.01s
findfont: Font family 'Nimbus Roman' not found.
findfont: Font family 'Nimbus Roman' not found.
findfont: Font family 'Nimbus Roman' not found.
findfont: Font family 'Nimbus Roman' not found.
findfont: Font family 'Nimbus Roman' not found.
findfont: Font family 'Nimbus Roman' not found.
findfont: Font family 'Nimbus Roman' not found.
findfont: Font family 'Nimbus Roman' not found.
findfont: Font family 'Nimbus Roman' not found.
findfont: Font family 'Nimbus Roman' not found.
findfont: Font family 'Nimbus Roman' not found.
findfont: Font family 'Nimbus Roman' not found.
findfont: Font family 'Nimbus Roman' not found.
findfont: Font family 'Nimbus Roman' not found.
findfont: Font family 'Nimbus Roman' not found.
findfont: Font family 'Nimbus Roman' not found.
findfont: Font family 'Nimbus Roman' not found.
findfont: Font family 'Nimbus Roman' not found.
findfont: Font family 'Nimbus Roman' not found.
findfont: Font family 'Nimbus Roman' not found.
findfont: Font family 'Nimbus Roman' not found.
findfont: Font family 'Nimbus Roman' not found.
findfont: Font family 'Nimbus Roman' not found.
findfont: Font family 'Nimbus Roman' not found.
findfont: Font family 'Nimbus Roman' not found.
findfont: Font family 'Nimbus Roman' not found.
findfont: Font family 'Nimbus Roman' not found.
findfont: Font family 'Nimbus Roman' not found.
findfont: Font family 'Nimbus Roman' not found.
findfont: Font family 'Nimbus Roman' not found.
findfont: Font family 'Nimbus Roman' not found.
findfont: Font family 'Nimbus Roman' not found.
findfont: Font family 'Nimbus Roman' not found.
findfont: Font family 'Nimbus Roman' not found.
findfont: Font family 'Nimbus Roman' not found.
findfont: Font family 'Nimbus Roman' not found.
findfont: Font family 'Nimbus Roman' not found.
findfont: Font family 'Nimbus Roman' not found.
findfont: Font family 'Nimbus Roman' not found.
findfont: Font family 'Nimbus Roman' not found.
findfont: Font family 'Nimbus Roman' not found.
findfont: Font family 'Nimbus Roman' not found.
findfont: Font family 'Nimbus Roman' not found.
findfont: Font family 'Nimbus Roman' not found.
findfont: Font family 'Nimbus Roman' not found.
findfont: Font family ['Nimbus Roman'] not found. Falling back to DejaVu Sans.
findfont: Font family 'Nimbus Roman' not found.
findfont: Font family ['Nimbus Roman'] not found. Falling back to DejaVu Sans.
findfont: Font family 'Nimbus Roman' not found.
findfont: Font family 'Nimbus Roman' not found.
findfont: Font family 'Nimbus Roman' not found.
findfont: Font family 'Nimbus Roman' not found.
findfont: Font family 'Nimbus Roman' not found.
findfont: Font family 'Nimbus Roman' not found.
findfont: Font family 'Nimbus Roman' not found.
findfont: Font family 'Nimbus Roman' not found.
findfont: Font family 'Nimbus Roman' not found.
findfont: Font family ['Nimbus Roman'] not found. Falling back to DejaVu Sans.
findfont: Font family 'Nimbus Roman' not found.
findfont: Font family 'Nimbus Roman' not found.
findfont: Font family 'Nimbus Roman' not found.
findfont: Font family 'Nimbus Roman' not found.
findfont: Font family 'Nimbus Roman' not found.
findfont: Font family 'Nimbus Roman' not found.
findfont: Font family 'Nimbus Roman' not found.
findfont: Font family 'Nimbus Roman' not found.
findfont: Font family 'Nimbus Roman' not found.
findfont: Font family 'Nimbus Roman' not found.
findfont: Font family 'Nimbus Roman' not found.
findfont: Font family 'Nimbus Roman' not found.
findfont: Font family 'Nimbus Roman' not found.
findfont: Font family 'Nimbus Roman' not found.
findfont: Font family 'Nimbus Roman' not found.
findfont: Font family 'Nimbus Roman' not found.
findfont: Font family 'Nimbus Roman' not found.
findfont: Font family 'Nimbus Roman' not found.
findfont: Font family 'Nimbus Roman' not found.
findfont: Font family 'Nimbus Roman' not found.
findfont: Font family 'Nimbus Roman' not found.
findfont: Font family 'Nimbus Roman' not found.
findfont: Font family 'Nimbus Roman' not found.
findfont: Font family 'Nimbus Roman' not found.
findfont: Font family 'Nimbus Roman' not found.
findfont: Font family 'Nimbus Roman' not found.
findfont: Font family 'Nimbus Roman' not found.
findfont: Font family 'Nimbus Roman' not found.
findfont: Font family 'Nimbus Roman' not found.
findfont: Font family 'Nimbus Roman' not found.
findfont: Font family 'Nimbus Roman' not found.
findfont: Font family 'Nimbus Roman' not found.
findfont: Font family 'Nimbus Roman' not found.
findfont: Font family 'Nimbus Roman' not found.
findfont: Font family 'Nimbus Roman' not found.
findfont: Font family 'Nimbus Roman' not found.
findfont: Font family 'Nimbus Roman' not found.
findfont: Font family 'Nimbus Roman' not found.
findfont: Font family 'Nimbus Roman' not found.
findfont: Font family 'Nimbus Roman' not found.
findfont: Font family 'Nimbus Roman' not found.
findfont: Font family 'Nimbus Roman' not found.
findfont: Font family 'Nimbus Roman' not found.
findfont: Font family 'Nimbus Roman' not found.
findfont: Font family 'Nimbus Roman' not found.
findfont: Font family 'Nimbus Roman' not found.
findfont: Font family 'Nimbus Roman' not found.
findfont: Font family 'Nimbus Roman' not found.
findfont: Font family 'Nimbus Roman' not found.
findfont: Font family 'Nimbus Roman' not found.
findfont: Font family 'Nimbus Roman' not found.
findfont: Font family 'Nimbus Roman' not found.
findfont: Font family 'Nimbus Roman' not found.
findfont: Font family 'Nimbus Roman' not found.
findfont: Font family 'Nimbus Roman' not found.
findfont: Font family 'Nimbus Roman' not found.
findfont: Font family 'Nimbus Roman' not found.
findfont: Font family 'Nimbus Roman' not found.
findfont: Font family 'Nimbus Roman' not found.
findfont: Font family 'Nimbus Roman' not found.
findfont: Font family 'Nimbus Roman' not found.
findfont: Font family 'Nimbus Roman' not found.
findfont: Font family 'Nimbus Roman' not found.
findfont: Font family 'Nimbus Roman' not found.
findfont: Font family 'Nimbus Roman' not found.
findfont: Font family 'Nimbus Roman' not found.
findfont: Font family 'Nimbus Roman' not found.
findfont: Font family 'Nimbus Roman' not found.
findfont: Font family 'Nimbus Roman' not found.
findfont: Font family 'Nimbus Roman' not found.
findfont: Font family 'Nimbus Roman' not found.
findfont: Font family 'Nimbus Roman' not found.
findfont: Font family 'Nimbus Roman' not found.
findfont: Font family 'Nimbus Roman' not found.
findfont: Font family 'Nimbus Roman' not found.
findfont: Font family 'Nimbus Roman' not found.
findfont: Font family 'Nimbus Roman' not found.
findfont: Font family 'Nimbus Roman' not found.
findfont: Font family 'Nimbus Roman' not found.
Ridge mode: rkhs; diagnostic interval: 50
Iter 1/4000 | log_obj=8.429e+00 | log_Bellman_root=2.396e+00 | mass=4.46e+03 | neg=0.00e+00 | grad=2.81e+02
Iter 400/4000 | log_obj=5.409e+00 | log_Bellman_root=8.669e-01 | mass=2.18e+02 | neg=0.00e+00 | grad=2.91e+03
Iter 800/4000 | log_obj=5.410e+00 | log_Bellman_root=8.681e-01 | mass=2.18e+02 | neg=0.00e+00 | grad=2.91e+03
Iter 1200/4000 | log_obj=5.412e+00 | log_Bellman_root=8.689e-01 | mass=2.18e+02 | neg=0.00e+00 | grad=2.91e+03
Iter 1600/4000 | log_obj=5.412e+00 | log_Bellman_root=8.694e-01 | mass=2.18e+02 | neg=0.00e+00 | grad=2.91e+03
Iter 2000/4000 | log_obj=5.413e+00 | log_Bellman_root=8.698e-01 | mass=2.18e+02 | neg=0.00e+00 | grad=2.91e+03
Iter 2400/4000 | log_obj=5.413e+00 | log_Bellman_root=8.700e-01 | mass=2.19e+02 | neg=0.00e+00 | grad=2.91e+03
Iter 2800/4000 | log_obj=5.413e+00 | log_Bellman_root=8.702e-01 | mass=2.19e+02 | neg=0.00e+00 | grad=2.91e+03
Iter 3200/4000 | log_obj=5.413e+00 | log_Bellman_root=8.703e-01 | mass=2.19e+02 | neg=0.00e+00 | grad=2.91e+03
Iter 3600/4000 | log_obj=5.413e+00 | log_Bellman_root=8.704e-01 | mass=2.19e+02 | neg=0.00e+00 | grad=2.91e+03
Iter 4000/4000 | log_obj=5.413e+00 | log_Bellman_root=8.705e-01 | mass=2.19e+02 | neg=0.00e+00 | grad=2.91e+03
Returning best diagnostic checkpoint from step 3950 (objective=2.717e+01, Bellman=7.377e-01).
Done in 12.01s.
KE-DRL global estimation is done.
B_hat shape: (3085, 800)
B_hat rank diagnostics: {'B_num_rows': 3085, 'B_num_cols': 800, 'B_min_dim': 800, 'B_numerical_rank': 800, 'B_rank_fraction': 1.0, 'B_rank_tolerance': 4.822964289274978e-05, 'B_stable_rank': 140.78848266601562, 'B_effective_rank': 770.9025929360101, 'B_entropy_rank': 6.647562026977539, 'B_spectral_norm': 0.13114410638809204, 'B_frobenius_norm': 1.5560815334320068, 'B_nuclear_norm': 42.47187805175781, 'B_condition_number': 4.855701690108694, 'B_condition_number_tol': 4.855701690108694, 'B_smallest_singular_value': 0.02700827084481716, 'B_rank_rel_1em2': 800, 'B_rank_rel_1em3': 800, 'B_rank_rel_1em4': 800}
Global-loss target mass diagnostics: {'target_mass_mean': 5.795650005340576, 'target_mass_min': 1.9781978130340576, 'target_mass_max': 9.193775177001953, 'target_mass_sd': 1.8559828996658325, 'target_mass_rmse_to_target': 5.138918876647949, 'target_beta_min': -0.0005223256885074079, 'target_beta_max': 0.031763434410095215, 'target_neg_frac_mean': 0.0001125}
Return dictionary Z_grid shape: (800, 3)
Replicate 50 risk metrics: {'risk_n_steps_recorded': 81.0, 'risk_n_diagnostics_recorded': 81.0, 'risk_log_obj_initial': 8.428995422020913, 'risk_log_obj_final': 5.413288292204611, 'risk_log_obj_min': 3.301946966916222, 'risk_obj_initial': 4577.898925781246, 'risk_obj_final': 224.36816406249991, 'risk_obj_min': 27.165477752685543, 'risk_log_obj_drop': 3.0157071298163016, 'risk_log_bellman_root_initial': 2.396406693573262, 'risk_log_bellman_root_final': 0.8704771665607565, 'risk_log_bellman_root_min': -0.1893661414671317, 'risk_bellman_root_initial': 10.983637809753418, 'risk_bellman_root_final': 2.388050079345703, 'risk_bellman_root_min': 0.8274834752082825, 'risk_bellman_initial': 120.64029953584487, 'risk_bellman_final': 5.702783181463019, 'risk_bellman_min': 0.6847289017427762, 'risk_log_bellman_root_drop': 1.5259295270125057, 'risk_bellman_returned': 0.7377339005470276, 'risk_obj_returned': 27.165477752685547, 'risk_returned_step': 3950.0, 'offline_data_id': 50, 'benchmark_point_source': 'fixed_config_plus_support_safe_target_policy_draws', 'target_set_size': 100, 'lambda_reg': 0.005, 'lambda_B': 0.02, 'num_steps': 4000, 'transition_reduction_enabled': 1, 'transition_reduction_method': 'kmeans', 'transition_original_rows': 12000, 'transition_reduced_rows': 3085, 'transition_compression_ratio': 0.25708333333333333, 'target_mass_mean': 5.795650005340576, 'target_mass_min': 1.9781978130340576, 'target_mass_max': 9.193775177001953, 'target_mass_sd': 1.8559828996658325, 'target_mass_rmse_to_target': 5.138918876647949, 'target_beta_min': -0.0005223256885074079, 'target_beta_max': 0.031763434410095215, 'target_neg_frac_mean': 0.0001125, 'B_num_rows': 3085, 'B_num_cols': 800, 'B_min_dim': 800, 'B_numerical_rank': 800, 'B_rank_fraction': 1.0, 'B_rank_tolerance': 4.822964289274978e-05, 'B_stable_rank': 140.78848266601562, 'B_effective_rank': 770.9025929360101, 'B_entropy_rank': 6.647562026977539, 'B_spectral_norm': 0.13114410638809204, 'B_frobenius_norm': 1.5560815334320068, 'B_nuclear_norm': 42.47187805175781, 'B_condition_number': 4.855701690108694, 'B_condition_number_tol': 4.855701690108694, 'B_smallest_singular_value': 0.02700827084481716, 'B_rank_rel_1em2': 800, 'B_rank_rel_1em3': 800, 'B_rank_rel_1em4': 800, 'risk_objective_final_raw': 224.3681640625, 'risk_objective_min_raw': 27.165477752685547, 'risk_objective_max_raw': 4577.89892578125, 'risk_bellman_final_raw': 5.702783107757568, 'risk_bellman_min_raw': 0.6847288608551025, 'risk_bellman_max_raw': 120.64028930664062, 'risk_rkhs_ridge_final_raw': 0.055153001099824905, 'risk_rkhs_ridge_min_raw': 0.0139889782294631, 'risk_rkhs_ridge_max_raw': 1.1368515491485596, 'risk_mass_final_raw': 218.6102294921875, 'risk_mass_min_raw': 26.408485412597656, 'risk_mass_max_raw': 4456.12158203125, 'risk_negativity_final_raw': 0.0, 'risk_negativity_min_raw': 0.0, 'risk_negativity_max_raw': 0.0, 'risk_B_norm_final_raw': 1.5565563440322876, 'risk_B_norm_min_raw': 1.5550652742385864, 'risk_B_norm_max_raw': 1.6399030685424805, 'risk_diagnostic_step_final_raw': 4000.0, 'risk_diagnostic_step_min_raw': 1.0, 'risk_diagnostic_step_max_raw': 4000.0, 'risk_best_step_final_raw': 3950.0, 'risk_best_step_min_raw': 3950.0, 'risk_best_step_max_raw': 3950.0, 'risk_best_objective_final_raw': 27.165477752685547, 'risk_best_objective_min_raw': 27.165477752685547, 'risk_best_objective_max_raw': 27.165477752685547, 'risk_best_bellman_final_raw': 0.7377339005470276, 'risk_best_bellman_min_raw': 0.7377339005470276, 'risk_best_bellman_max_raw': 0.7377339005470276, 'risk_returned_step_final_raw': 3950.0, 'risk_returned_step_min_raw': 3950.0, 'risk_returned_step_max_raw': 3950.0, 'risk_returned_objective_final_raw': 27.165477752685547, 'risk_returned_objective_min_raw': 27.165477752685547, 'risk_returned_objective_max_raw': 27.165477752685547, 'risk_returned_bellman_final_raw': 0.7377339005470276, 'risk_returned_bellman_min_raw': 0.7377339005470276, 'risk_returned_bellman_max_raw': 0.7377339005470276, 'risk_returned_best_checkpoint_final_raw': 1.0, 'risk_returned_best_checkpoint_min_raw': 1.0, 'risk_returned_best_checkpoint_max_raw': 1.0}
Benchmark 0 evaluation grid shape: (800, 3)
Replicate 50, benchmark 0 metrics: {'run_id': '50_b0', 'RMSE': 0.4471419364888894, 'MAE': 0.3604456098709488, 'SupNorm': 1.0246589928865433, 'Bias': 0.35980992050783245, 'Corr': 0.47712721276529896, 'deming_slope': 12.516174843399105, 'deming_intercept': -1.1198740186261493, 'beta_sum': 4.625871181488037, 'beta_l1': 4.625871181488037, 'beta_l2': 0.17374388873577118, 'beta_min': 0.0009822368156164885, 'beta_max': 0.014911903068423271, 'beta_neg_frac': 0.0, 'offline_data_id': 50, 'benchmark_id': 0, 'benchmark_point_source': 'fixed_config', 'target_set_size': 100, 'benchmark_z_path': 'data/Z_true.pt', 'projected_bellman_test_risk': 0.011355471797287464, 'oracle_embedding_risk': 3.0182383060455322, 'benchmark_embedding_risk': 3.0182383060455322, 'risk_bellman_final': 5.702783181463019, 'risk_obj_final': 224.36816406249991, 'B_num_rows': 3085, 'B_num_cols': 800, 'B_min_dim': 800, 'B_numerical_rank': 800, 'B_rank_fraction': 1.0, 'B_rank_tolerance': 4.822964289274978e-05, 'B_stable_rank': 140.78848266601562, 'B_effective_rank': 770.9025929360101, 'B_entropy_rank': 6.647562026977539, 'B_spectral_norm': 0.13114410638809204, 'B_frobenius_norm': 1.5560815334320068, 'B_nuclear_norm': 42.47187805175781, 'B_condition_number': 4.855701690108694, 'B_condition_number_tol': 4.855701690108694, 'B_smallest_singular_value': 0.02700827084481716, 'B_rank_rel_1em2': 800, 'B_rank_rel_1em3': 800, 'B_rank_rel_1em4': 800}
Saved ./mu/mu_hat.csv shape=(800,)
Saved ./mu/mu2D_hat_dims01.csv shape=(120, 120)
Saved ./mu/mu2D_hat_dims01.csv shape=(120, 120)
Saved plots/replicate_50/mu_3D.png
Benchmark 1 evaluation grid shape: (800, 3)
Replicate 50, benchmark 1 metrics: {'run_id': '50_b1', 'RMSE': 1.4542327828666541, 'MAE': 1.3333164787266287, 'SupNorm': 2.4489183574914932, 'Bias': 1.3333164787266287, 'Corr': 0.9874111109856878, 'deming_slope': 13.526759906834824, 'deming_intercept': -0.265872114266386, 'beta_sum': 9.657373428344727, 'beta_l1': 9.657373428344727, 'beta_l2': 0.34332093596458435, 'beta_min': 0.008780512027442455, 'beta_max': 0.017449162900447845, 'beta_neg_frac': 0.0, 'offline_data_id': 50, 'benchmark_id': 1, 'benchmark_point_source': 'fixed_config', 'target_set_size': 100, 'benchmark_z_path': 'data/Z_true.pt', 'projected_bellman_test_risk': 1.2960689067840576, 'oracle_embedding_risk': 14.988959312438965, 'benchmark_embedding_risk': 14.988959312438965, 'risk_bellman_final': 5.702783181463019, 'risk_obj_final': 224.36816406249991, 'B_num_rows': 3085, 'B_num_cols': 800, 'B_min_dim': 800, 'B_numerical_rank': 800, 'B_rank_fraction': 1.0, 'B_rank_tolerance': 4.822964289274978e-05, 'B_stable_rank': 140.78848266601562, 'B_effective_rank': 770.9025929360101, 'B_entropy_rank': 6.647562026977539, 'B_spectral_norm': 0.13114410638809204, 'B_frobenius_norm': 1.5560815334320068, 'B_nuclear_norm': 42.47187805175781, 'B_condition_number': 4.855701690108694, 'B_condition_number_tol': 4.855701690108694, 'B_smallest_singular_value': 0.02700827084481716, 'B_rank_rel_1em2': 800, 'B_rank_rel_1em3': 800, 'B_rank_rel_1em4': 800}
Benchmark 2 evaluation grid shape: (800, 3)
Replicate 50, benchmark 2 metrics: {'run_id': '50_b2', 'RMSE': 1.3821044255680688, 'MAE': 1.2650949274723826, 'SupNorm': 2.331752359867096, 'Bias': 1.2650949274723826, 'Corr': 0.910170838275859, 'deming_slope': 14.424037016790226, 'deming_intercept': -0.4979704450383511, 'beta_sum': 9.292285919189453, 'beta_l1': 9.292285919189453, 'beta_l2': 0.33095216751098633, 'beta_min': 0.008229777216911316, 'beta_max': 0.017977586016058922, 'beta_neg_frac': 0.0, 'offline_data_id': 50, 'benchmark_id': 2, 'benchmark_point_source': 'fixed_config', 'target_set_size': 100, 'benchmark_z_path': 'data/Z_true.pt', 'projected_bellman_test_risk': 1.0319041013717651, 'oracle_embedding_risk': 13.737439155578613, 'benchmark_embedding_risk': 13.737439155578613, 'risk_bellman_final': 5.702783181463019, 'risk_obj_final': 224.36816406249991, 'B_num_rows': 3085, 'B_num_cols': 800, 'B_min_dim': 800, 'B_numerical_rank': 800, 'B_rank_fraction': 1.0, 'B_rank_tolerance': 4.822964289274978e-05, 'B_stable_rank': 140.78848266601562, 'B_effective_rank': 770.9025929360101, 'B_entropy_rank': 6.647562026977539, 'B_spectral_norm': 0.13114410638809204, 'B_frobenius_norm': 1.5560815334320068, 'B_nuclear_norm': 42.47187805175781, 'B_condition_number': 4.855701690108694, 'B_condition_number_tol': 4.855701690108694, 'B_smallest_singular_value': 0.02700827084481716, 'B_rank_rel_1em2': 800, 'B_rank_rel_1em3': 800, 'B_rank_rel_1em4': 800}
Benchmark 3 evaluation grid shape: (800, 3)
Replicate 50, benchmark 3 metrics: {'run_id': '50_b3', 'RMSE': 1.3391332107644842, 'MAE': 1.216694479015132, 'SupNorm': 2.3012731075286865, 'Bias': 1.216694479015132, 'Corr': 0.9323448833216722, 'deming_slope': 13.838447359925707, 'deming_intercept': -0.41420578095781746, 'beta_sum': 9.191344261169434, 'beta_l1': 9.191344261169434, 'beta_l2': 0.32729604840278625, 'beta_min': 0.007707837037742138, 'beta_max': 0.01826595328748226, 'beta_neg_frac': 0.0, 'offline_data_id': 50, 'benchmark_id': 3, 'benchmark_point_source': 'fixed_config', 'target_set_size': 100, 'benchmark_z_path': 'data/Z_true.pt', 'projected_bellman_test_risk': 1.1085182428359985, 'oracle_embedding_risk': 13.444897651672363, 'benchmark_embedding_risk': 13.444897651672363, 'risk_bellman_final': 5.702783181463019, 'risk_obj_final': 224.36816406249991, 'B_num_rows': 3085, 'B_num_cols': 800, 'B_min_dim': 800, 'B_numerical_rank': 800, 'B_rank_fraction': 1.0, 'B_rank_tolerance': 4.822964289274978e-05, 'B_stable_rank': 140.78848266601562, 'B_effective_rank': 770.9025929360101, 'B_entropy_rank': 6.647562026977539, 'B_spectral_norm': 0.13114410638809204, 'B_frobenius_norm': 1.5560815334320068, 'B_nuclear_norm': 42.47187805175781, 'B_condition_number': 4.855701690108694, 'B_condition_number_tol': 4.855701690108694, 'B_smallest_singular_value': 0.02700827084481716, 'B_rank_rel_1em2': 800, 'B_rank_rel_1em3': 800, 'B_rank_rel_1em4': 800}
Benchmark 4 evaluation grid shape: (800, 3)
Replicate 50, benchmark 4 metrics: {'run_id': '50_b4', 'RMSE': 0.24690237079000607, 'MAE': 0.16868094213485166, 'SupNorm': 0.7702838853001595, 'Bias': 0.14951022145858586, 'Corr': 0.2366871655422904, 'deming_slope': 17.552464775839503, 'deming_intercept': -2.0128423527816772, 'beta_sum': 3.666388988494873, 'beta_l1': 3.666388988494873, 'beta_l2': 0.14526142179965973, 'beta_min': 0.001758401864208281, 'beta_max': 0.02398412674665451, 'beta_neg_frac': 0.0, 'offline_data_id': 50, 'benchmark_id': 4, 'benchmark_point_source': 'support_safe_target_policy_draw', 'target_set_size': 100, 'benchmark_z_path': 'data/Z_true.pt', 'projected_bellman_test_risk': 0.04909694939851761, 'oracle_embedding_risk': 1.9904682636260986, 'benchmark_embedding_risk': 1.9904682636260986, 'risk_bellman_final': 5.702783181463019, 'risk_obj_final': 224.36816406249991, 'B_num_rows': 3085, 'B_num_cols': 800, 'B_min_dim': 800, 'B_numerical_rank': 800, 'B_rank_fraction': 1.0, 'B_rank_tolerance': 4.822964289274978e-05, 'B_stable_rank': 140.78848266601562, 'B_effective_rank': 770.9025929360101, 'B_entropy_rank': 6.647562026977539, 'B_spectral_norm': 0.13114410638809204, 'B_frobenius_norm': 1.5560815334320068, 'B_nuclear_norm': 42.47187805175781, 'B_condition_number': 4.855701690108694, 'B_condition_number_tol': 4.855701690108694, 'B_smallest_singular_value': 0.02700827084481716, 'B_rank_rel_1em2': 800, 'B_rank_rel_1em3': 800, 'B_rank_rel_1em4': 800}
Benchmark 5 evaluation grid shape: (800, 3)
Replicate 50, benchmark 5 metrics: {'run_id': '50_b5', 'RMSE': 0.10984309412156082, 'MAE': 0.09983663799452415, 'SupNorm': 0.18465602584183216, 'Bias': -0.09863909106912842, 'Corr': 0.14097534419797483, 'deming_slope': 0.09778884280187297, 'deming_intercept': 0.014969547782141141, 'beta_sum': 0.4914811849594116, 'beta_l1': 0.4931586682796478, 'beta_l2': 0.01985395886003971, 'beta_min': -0.00021771749015897512, 'beta_max': 0.002129195025190711, 'beta_neg_frac': 0.01625, 'offline_data_id': 50, 'benchmark_id': 5, 'benchmark_point_source': 'support_safe_target_policy_draw', 'target_set_size': 100, 'benchmark_z_path': 'data/Z_true.pt', 'projected_bellman_test_risk': 0.00022949324920773506, 'oracle_embedding_risk': 0.4715351164340973, 'benchmark_embedding_risk': 0.4715351164340973, 'risk_bellman_final': 5.702783181463019, 'risk_obj_final': 224.36816406249991, 'B_num_rows': 3085, 'B_num_cols': 800, 'B_min_dim': 800, 'B_numerical_rank': 800, 'B_rank_fraction': 1.0, 'B_rank_tolerance': 4.822964289274978e-05, 'B_stable_rank': 140.78848266601562, 'B_effective_rank': 770.9025929360101, 'B_entropy_rank': 6.647562026977539, 'B_spectral_norm': 0.13114410638809204, 'B_frobenius_norm': 1.5560815334320068, 'B_nuclear_norm': 42.47187805175781, 'B_condition_number': 4.855701690108694, 'B_condition_number_tol': 4.855701690108694, 'B_smallest_singular_value': 0.02700827084481716, 'B_rank_rel_1em2': 800, 'B_rank_rel_1em3': 800, 'B_rank_rel_1em4': 800}
Benchmark 6 evaluation grid shape: (800, 3)
Replicate 50, benchmark 6 metrics: {'run_id': '50_b6', 'RMSE': 0.7325171108091884, 'MAE': 0.6323509874776937, 'SupNorm': 1.447414368391037, 'Bias': 0.6323426258063409, 'Corr': 0.648917717872478, 'deming_slope': 13.02670885634601, 'deming_intercept': -0.9233804208234605, 'beta_sum': 6.121931076049805, 'beta_l1': 6.121931076049805, 'beta_l2': 0.22183433175086975, 'beta_min': 0.0015382978599518538, 'beta_max': 0.01516230870038271, 'beta_neg_frac': 0.0, 'offline_data_id': 50, 'benchmark_id': 6, 'benchmark_point_source': 'support_safe_target_policy_draw', 'target_set_size': 100, 'benchmark_z_path': 'data/Z_true.pt', 'projected_bellman_test_risk': 0.1608603149652481, 'oracle_embedding_risk': 5.551665306091309, 'benchmark_embedding_risk': 5.551665306091309, 'risk_bellman_final': 5.702783181463019, 'risk_obj_final': 224.36816406249991, 'B_num_rows': 3085, 'B_num_cols': 800, 'B_min_dim': 800, 'B_numerical_rank': 800, 'B_rank_fraction': 1.0, 'B_rank_tolerance': 4.822964289274978e-05, 'B_stable_rank': 140.78848266601562, 'B_effective_rank': 770.9025929360101, 'B_entropy_rank': 6.647562026977539, 'B_spectral_norm': 0.13114410638809204, 'B_frobenius_norm': 1.5560815334320068, 'B_nuclear_norm': 42.47187805175781, 'B_condition_number': 4.855701690108694, 'B_condition_number_tol': 4.855701690108694, 'B_smallest_singular_value': 0.02700827084481716, 'B_rank_rel_1em2': 800, 'B_rank_rel_1em3': 800, 'B_rank_rel_1em4': 800}
Benchmark 7 evaluation grid shape: (800, 3)
Replicate 50, benchmark 7 metrics: {'run_id': '50_b7', 'RMSE': 0.7079741718833659, 'MAE': 0.600739451071131, 'SupNorm': 1.4790725111961365, 'Bias': 0.600739451071131, 'Corr': 0.5939771994476764, 'deming_slope': 14.6266671228859, 'deming_intercept': -1.1452145690174627, 'beta_sum': 6.240616798400879, 'beta_l1': 6.240616798400879, 'beta_l2': 0.22906698286533356, 'beta_min': 0.003961913753300905, 'beta_max': 0.026556503027677536, 'beta_neg_frac': 0.0, 'offline_data_id': 50, 'benchmark_id': 7, 'benchmark_point_source': 'support_safe_target_policy_draw', 'target_set_size': 100, 'benchmark_z_path': 'data/Z_true.pt', 'projected_bellman_test_risk': 0.15569297969341278, 'oracle_embedding_risk': 5.810838222503662, 'benchmark_embedding_risk': 5.810838222503662, 'risk_bellman_final': 5.702783181463019, 'risk_obj_final': 224.36816406249991, 'B_num_rows': 3085, 'B_num_cols': 800, 'B_min_dim': 800, 'B_numerical_rank': 800, 'B_rank_fraction': 1.0, 'B_rank_tolerance': 4.822964289274978e-05, 'B_stable_rank': 140.78848266601562, 'B_effective_rank': 770.9025929360101, 'B_entropy_rank': 6.647562026977539, 'B_spectral_norm': 0.13114410638809204, 'B_frobenius_norm': 1.5560815334320068, 'B_nuclear_norm': 42.47187805175781, 'B_condition_number': 4.855701690108694, 'B_condition_number_tol': 4.855701690108694, 'B_smallest_singular_value': 0.02700827084481716, 'B_rank_rel_1em2': 800, 'B_rank_rel_1em3': 800, 'B_rank_rel_1em4': 800}
Benchmark 8 evaluation grid shape: (800, 3)
Replicate 50, benchmark 8 metrics: {'run_id': '50_b8', 'RMSE': 0.25499338581478526, 'MAE': 0.207668483024172, 'SupNorm': 0.5878990441560745, 'Bias': 0.20740512886404758, 'Corr': 0.6422353505717487, 'deming_slope': 5.448934935457448, 'deming_intercept': -0.3604664602357176, 'beta_sum': 2.9624996185302734, 'beta_l1': 2.9624996185302734, 'beta_l2': 0.1130080372095108, 'beta_min': 0.0005784594686701894, 'beta_max': 0.01189497485756874, 'beta_neg_frac': 0.0, 'offline_data_id': 50, 'benchmark_id': 8, 'benchmark_point_source': 'support_safe_target_policy_draw', 'target_set_size': 100, 'benchmark_z_path': 'data/Z_true.pt', 'projected_bellman_test_risk': 0.0433042049407959, 'oracle_embedding_risk': 1.2270177602767944, 'benchmark_embedding_risk': 1.2270177602767944, 'risk_bellman_final': 5.702783181463019, 'risk_obj_final': 224.36816406249991, 'B_num_rows': 3085, 'B_num_cols': 800, 'B_min_dim': 800, 'B_numerical_rank': 800, 'B_rank_fraction': 1.0, 'B_rank_tolerance': 4.822964289274978e-05, 'B_stable_rank': 140.78848266601562, 'B_effective_rank': 770.9025929360101, 'B_entropy_rank': 6.647562026977539, 'B_spectral_norm': 0.13114410638809204, 'B_frobenius_norm': 1.5560815334320068, 'B_nuclear_norm': 42.47187805175781, 'B_condition_number': 4.855701690108694, 'B_condition_number_tol': 4.855701690108694, 'B_smallest_singular_value': 0.02700827084481716, 'B_rank_rel_1em2': 800, 'B_rank_rel_1em3': 800, 'B_rank_rel_1em4': 800}
Benchmark 9 evaluation grid shape: (800, 3)
Replicate 50, benchmark 9 metrics: {'run_id': '50_b9', 'RMSE': 0.7776563528868823, 'MAE': 0.6784820939449128, 'SupNorm': 1.4721445441246033, 'Bias': 0.6784820939449128, 'Corr': 0.7001211119257161, 'deming_slope': 12.479402451073305, 'deming_intercept': -0.8164223887233909, 'beta_sum': 6.307193279266357, 'beta_l1': 6.307193279266357, 'beta_l2': 0.23001988232135773, 'beta_min': 0.004053953103721142, 'beta_max': 0.020817022770643234, 'beta_neg_frac': 0.0, 'offline_data_id': 50, 'benchmark_id': 9, 'benchmark_point_source': 'support_safe_target_policy_draw', 'target_set_size': 100, 'benchmark_z_path': 'data/Z_true.pt', 'projected_bellman_test_risk': 0.0025157888885587454, 'oracle_embedding_risk': 5.734557628631592, 'benchmark_embedding_risk': 5.734557628631592, 'risk_bellman_final': 5.702783181463019, 'risk_obj_final': 224.36816406249991, 'B_num_rows': 3085, 'B_num_cols': 800, 'B_min_dim': 800, 'B_numerical_rank': 800, 'B_rank_fraction': 1.0, 'B_rank_tolerance': 4.822964289274978e-05, 'B_stable_rank': 140.78848266601562, 'B_effective_rank': 770.9025929360101, 'B_entropy_rank': 6.647562026977539, 'B_spectral_norm': 0.13114410638809204, 'B_frobenius_norm': 1.5560815334320068, 'B_nuclear_norm': 42.47187805175781, 'B_condition_number': 4.855701690108694, 'B_condition_number_tol': 4.855701690108694, 'B_smallest_singular_value': 0.02700827084481716, 'B_rank_rel_1em2': 800, 'B_rank_rel_1em3': 800, 'B_rank_rel_1em4': 800}
Replicate 50 finished in 20.8s
Finished combo 5, offline replicate 50.
