Job ID:    2359078
Array idx: 290
CPUs/node: 64
Mem/node:  131072
Using CC = cc 
Using CXX = CC 
Using FC = ftn 
Using F77 = ftn 
Using F90 = ftn 
cuda/12.6.1 is deprecated; loading cudatoolkit/25.5_12.9 instead.
Using CC = /opt/nvidia/hpc_sdk/Linux_aarch64/25.5/compilers/bin/nvc 
Using CXX = /opt/nvidia/hpc_sdk/Linux_aarch64/25.5/compilers/bin/nvc++ 
Using FC = /opt/nvidia/hpc_sdk/Linux_aarch64/25.5/compilers/bin/nvfortran 
Using F77 = /opt/nvidia/hpc_sdk/Linux_aarch64/25.5/compilers/bin/nvfortran 
Using F90 = /opt/nvidia/hpc_sdk/Linux_aarch64/25.5/compilers/bin/nvfortran 
Using CC = /opt/nvidia/hpc_sdk/Linux_aarch64/25.5/compilers/bin/nvc 
Using CXX = /opt/nvidia/hpc_sdk/Linux_aarch64/25.5/compilers/bin/nvc++ 
Using FC = /opt/nvidia/hpc_sdk/Linux_aarch64/25.5/compilers/bin/nvfortran 
Using F77 = /opt/nvidia/hpc_sdk/Linux_aarch64/25.5/compilers/bin/nvfortran 
Using F90 = /opt/nvidia/hpc_sdk/Linux_aarch64/25.5/compilers/bin/nvfortran 

Lmod is automatically replacing "gcc-native/14" with "gcc/14.2.0".

ghx4
0
Tuning combo id: 2 / 6
Offline replicate id: 90 / 99
Installing ke_drl from git: https://github.com/mehrdadmhmdi/ke-drl.git@main
Collecting git+https://github.com/mehrdadmhmdi/ke-drl.git@main
  Cloning https://github.com/mehrdadmhmdi/ke-drl.git (to revision main) to /tmp/pip-req-build-fzm_0fcn
  Running command git clone --filter=blob:none --quiet https://github.com/mehrdadmhmdi/ke-drl.git /tmp/pip-req-build-fzm_0fcn
  Resolved https://github.com/mehrdadmhmdi/ke-drl.git to commit 3c5d570e40ea15b1fbe4817b5f43b64c7b333e82
  Installing build dependencies: started
  Installing build dependencies: finished with status 'done'
  Getting requirements to build wheel: started
  Getting requirements to build wheel: finished with status 'done'
  Preparing metadata (pyproject.toml): started
  Preparing metadata (pyproject.toml): finished with status 'done'
Building wheels for collected packages: ke_drl
  Building wheel for ke_drl (pyproject.toml): started
  Building wheel for ke_drl (pyproject.toml): finished with status 'done'
  Created wheel for ke_drl: filename=ke_drl-0.1.0-py3-none-any.whl size=47219 sha256=ff9802717dd107d3644136caae837f5a66cf127b314d53860d376df79bb67e46
  Stored in directory: /tmp/pip-ephem-wheel-cache-5m4fposs/wheels/24/47/ad/9a4ffd3b05d3e90e35ffc6e7324b735b8bfcf5f51aaf29a333
Successfully built ke_drl
Installing collected packages: ke_drl
Successfully installed ke_drl-0.1.0
Installed ke_drl source: /work/nvme/bfez/mehrdad3/DistRL/simulation_3/runs/sim3_global_2358722_2/.kedrl_site_290/ke_drl/__init__.py
Tuning combo 2: lambda_B_0.00002
Overrides: {'lambda_B': 2e-05}
RUN: /sw/user/python/miniforge3-pytorch-24.11.3/bin/python3 validate_sim_config.py --params params.yaml
ke_drl import source: /work/nvme/bfez/mehrdad3/DistRL/simulation_3/runs/sim3_global_2358722_2/.kedrl_site_290/ke_drl/__init__.py
ke_drl package API OK: prediction weights, RFF operators, rank diagnostics, and best-checkpoint optimizer available
Policy config OK: behavior=uniform, target=logistic, state_dim=5, action_dim=1
Note: policy.logistic.theta_scale/theta_std are log-scale coefficients in Probability_Densities.
Behavior-policy linearized state-process diagnostic: spectral_radius=0.653, offline_burn_in=50
Replicate config OK: num_replicates=100, benchmark points=10 independent of D_i, loss target points=100
Transition reduction OK: method=kmeans, raw rows N(T-1)=12000, target rows about 3000, B rows reduced from 12000 to about 3000
Return-operator approximation OK: method=rff, features=512, exact G avoided for estimated N=12000, m=800, L=100
Fixed benchmark config rows=4 (benchmark.num_points=10; additional points are support-safe target-policy draws if needed)
Fixed benchmark point 0: s_star=[0.6, -0.8, 0.7, -0.5, 0.9], a_star=[0.5]
Fixed benchmark behavior-support interval for configured rows: min_lower=-0.12, max_upper=1.11
Fixed benchmark target-policy location range: [-0.02, 0.14]
Reusing shared data from /work/nvme/bfez/mehrdad3/DistRL/simulation_3/runs/sim3_shared_data/data for offline replicate 90.
RUN: /sw/user/python/miniforge3-pytorch-24.11.3/bin/python3 validate_sim_config.py --params params.yaml --data data/offline_data_90.pt
ke_drl import source: /work/nvme/bfez/mehrdad3/DistRL/simulation_3/runs/sim3_global_2358722_2/.kedrl_site_290/ke_drl/__init__.py
ke_drl package API OK: prediction weights, RFF operators, rank diagnostics, and best-checkpoint optimizer available
Policy config OK: behavior=uniform, target=logistic, state_dim=5, action_dim=1
Note: policy.logistic.theta_scale/theta_std are log-scale coefficients in Probability_Densities.
Behavior-policy linearized state-process diagnostic: spectral_radius=0.653, offline_burn_in=50
Replicate config OK: num_replicates=100, benchmark points=10 independent of D_i, loss target points=100
Transition reduction OK: method=kmeans, raw rows N(T-1)=12000, target rows about 3000, B rows reduced from 12000 to about 3000
Return-operator approximation OK: method=rff, features=512, exact G avoided for estimated N=12000, m=800, L=100
Fixed benchmark config rows=4 (benchmark.num_points=10; additional points are support-safe target-policy draws if needed)
Fixed benchmark point 0: s_star=[0.6, -0.8, 0.7, -0.5, 0.9], a_star=[0.5]
Fixed benchmark behavior-support interval for configured rows: min_lower=-0.12, max_upper=1.11
Fixed benchmark target-policy location range: [-0.02, 0.14]
Full benchmark support check OK: 10 points, min_lower=-2.177, max_upper=2.05
observed behavior actions: mean=0.3988, sd=0.6824, q0/q10/q50/q90/q100=[-2.1112558841705322, -0.4203435659408569, 0.3463674485683441, 1.308300042152405, 2.983825206756592]
target-policy sampled actions: mean=-0.02538, sd=0.6724, q0/q10/q50/q90/q100=[-3.0002984379373863, -0.8957310935519818, -0.02142195712182573, 0.8196694952961399, 2.3241670175787283]
behavior uniform lower: mean=-0.1254, sd=0.6681, q0/q10/q50/q90/q100=[-3.067106413841248, -0.9872361558675766, -0.11480706855654721, 0.7139766722917558, 2.379485994577408]
behavior uniform upper: mean=0.925, sd=0.6486, q0/q10/q50/q90/q100=[-1.072010862827301, 0.0729889339208603, 0.9392810553312301, 1.7587733602523807, 3.379485994577408]
target location inside behavior uniform support: 0.971
RUN: /sw/user/python/miniforge3-pytorch-24.11.3/bin/python3 main_est.py
# ================================================================ #
#   Global KE-DRL estimation for one offline replicate              #
# ================================================================ #
Slurm Job ID: 2359078
Slurm Array ID: 90 -- used as the offline-replicate id
Offline data id: 90
ke_drl import source: /work/nvme/bfez/mehrdad3/DistRL/simulation_3/runs/sim3_global_2358722_2/.kedrl_site_290/ke_drl/__init__.py
Estimator device: cuda (NVIDIA GH200 120GB, capability 9.0); torch CUDA=13.0
Random seed: 20460602
Number of offline replicates: 100
[transition reduction] enabled: original rows=12000, target basis=3000, method=kmeans, device=cuda
[transition reduction] kmeans iter 1/20, mean center shift=2.7274e-01
[transition reduction] kmeans iter 5/20, mean center shift=3.9270e-03
[transition reduction] kmeans iter 10/20, mean center shift=5.2520e-08
[transition reduction] selected 3083 rows from 12000 transitions (ratio 0.2569); indices saved to data/reduced_transition_indices_90.pt
Data and parameters loaded.
offline path: data/offline_data_90.pt
benchmark true-Z path: data/Z_true.pt
offline shapes after reduction: s0=(3083, 5), a0=(3083, 1), r0=(3083, 3)
transition reduction: {'enabled': True, 'method': 'kmeans', 'original_rows': 12000, 'reduced_rows': 3083, 'selected_indices_path': 'data/reduced_transition_indices_90.pt', 'target_basis': 3000, 'compression_ratio': 0.2569166666666667}
fixed benchmark point source: fixed_config_plus_support_safe_target_policy_draws
benchmark row excluded from this offline data: None
global loss target set shape: s_star=(100, 5), a_star=(100, 1)
benchmark true-Z count=10, shape each=(50000, 3)
target policy: logistic
behavior policy: uniform
lambda_Gamma=0.005, lambda_B=2e-05, d_r_method=song
dtype=torch.float32, operator_method=rff, operator_num_features=512
ridge_mode=rkhs, diagnostic_interval=50
mass_anchor_lambda=1.0, target_mass=1.0
uLSIF basis: source=numerator, n_basis=512, lambda_reg=0.005
optimizer stabilizers: lambda_neg=0.0, max_B_norm=None, eta_clip_min=0.0, eta_clip_max=5.0, normalize_eta=True
========================================
Estimating the global KE-DRL mean embedding
torch device=cuda, dtype=torch.float32
Data dims: N=3083, L=100, Ds=5, Da=1, Dr=3
lambda_Gamma=0.005, lambda_B=2e-05
return-operator construction: method=rff, rff_features=512
[uLSIF] basis=512/3083 (numerator); eta_hat min=-8.732e-01 max=4.603e+00 neg%=4.51
ESS for eta_plus: 2188.3 / 3083
eta_plus diagnostics: raw_mean=0.998, raw_min=-0.873, raw_max=4.6; used_mean=1, used_min=0, used_max=4.56
[timing] Z-grid: 0.03s
[timing] K_X: 0.00s
[timing] K_plus: 0.00s
[timing] k_star: 0.00s
[timing] Gamma_stack: 0.01s
[timing] Phi_stack: 0.00s
[timing] RFF feature sample: 0.00s
[timing] K_Z RFF: 0.00s
[timing] G_stack RFF: 0.01s
[timing] H_stack RFF: 0.01s
findfont: Font family 'Nimbus Roman' not found.
findfont: Font family 'Nimbus Roman' not found.
findfont: Font family 'Nimbus Roman' not found.
findfont: Font family 'Nimbus Roman' not found.
findfont: Font family 'Nimbus Roman' not found.
findfont: Font family 'Nimbus Roman' not found.
findfont: Font family 'Nimbus Roman' not found.
findfont: Font family 'Nimbus Roman' not found.
findfont: Font family 'Nimbus Roman' not found.
findfont: Font family 'Nimbus Roman' not found.
findfont: Font family 'Nimbus Roman' not found.
findfont: Font family 'Nimbus Roman' not found.
findfont: Font family 'Nimbus Roman' not found.
findfont: Font family 'Nimbus Roman' not found.
findfont: Font family 'Nimbus Roman' not found.
findfont: Font family 'Nimbus Roman' not found.
findfont: Font family 'Nimbus Roman' not found.
findfont: Font family 'Nimbus Roman' not found.
findfont: Font family 'Nimbus Roman' not found.
findfont: Font family 'Nimbus Roman' not found.
findfont: Font family 'Nimbus Roman' not found.
findfont: Font family 'Nimbus Roman' not found.
findfont: Font family 'Nimbus Roman' not found.
findfont: Font family 'Nimbus Roman' not found.
findfont: Font family 'Nimbus Roman' not found.
findfont: Font family 'Nimbus Roman' not found.
findfont: Font family 'Nimbus Roman' not found.
findfont: Font family 'Nimbus Roman' not found.
findfont: Font family 'Nimbus Roman' not found.
findfont: Font family 'Nimbus Roman' not found.
findfont: Font family 'Nimbus Roman' not found.
findfont: Font family 'Nimbus Roman' not found.
findfont: Font family 'Nimbus Roman' not found.
findfont: Font family 'Nimbus Roman' not found.
findfont: Font family 'Nimbus Roman' not found.
findfont: Font family 'Nimbus Roman' not found.
findfont: Font family 'Nimbus Roman' not found.
findfont: Font family 'Nimbus Roman' not found.
findfont: Font family 'Nimbus Roman' not found.
findfont: Font family 'Nimbus Roman' not found.
findfont: Font family 'Nimbus Roman' not found.
findfont: Font family 'Nimbus Roman' not found.
findfont: Font family 'Nimbus Roman' not found.
findfont: Font family 'Nimbus Roman' not found.
findfont: Font family 'Nimbus Roman' not found.
findfont: Font family 'Nimbus Roman' not found.
findfont: Font family 'Nimbus Roman' not found.
findfont: Font family 'Nimbus Roman' not found.
findfont: Font family ['Nimbus Roman'] not found. Falling back to DejaVu Sans.
findfont: Font family 'Nimbus Roman' not found.
findfont: Font family ['Nimbus Roman'] not found. Falling back to DejaVu Sans.
findfont: Font family 'Nimbus Roman' not found.
findfont: Font family 'Nimbus Roman' not found.
findfont: Font family 'Nimbus Roman' not found.
findfont: Font family 'Nimbus Roman' not found.
findfont: Font family 'Nimbus Roman' not found.
findfont: Font family 'Nimbus Roman' not found.
findfont: Font family 'Nimbus Roman' not found.
findfont: Font family 'Nimbus Roman' not found.
findfont: Font family 'Nimbus Roman' not found.
findfont: Font family 'Nimbus Roman' not found.
findfont: Font family 'Nimbus Roman' not found.
findfont: Font family ['Nimbus Roman'] not found. Falling back to DejaVu Sans.
findfont: Font family 'Nimbus Roman' not found.
findfont: Font family 'Nimbus Roman' not found.
findfont: Font family 'Nimbus Roman' not found.
findfont: Font family 'Nimbus Roman' not found.
findfont: Font family 'Nimbus Roman' not found.
findfont: Font family 'Nimbus Roman' not found.
findfont: Font family 'Nimbus Roman' not found.
findfont: Font family 'Nimbus Roman' not found.
findfont: Font family 'Nimbus Roman' not found.
findfont: Font family 'Nimbus Roman' not found.
findfont: Font family 'Nimbus Roman' not found.
findfont: Font family 'Nimbus Roman' not found.
findfont: Font family 'Nimbus Roman' not found.
findfont: Font family 'Nimbus Roman' not found.
findfont: Font family 'Nimbus Roman' not found.
findfont: Font family 'Nimbus Roman' not found.
findfont: Font family 'Nimbus Roman' not found.
findfont: Font family 'Nimbus Roman' not found.
findfont: Font family 'Nimbus Roman' not found.
findfont: Font family 'Nimbus Roman' not found.
findfont: Font family 'Nimbus Roman' not found.
findfont: Font family 'Nimbus Roman' not found.
findfont: Font family 'Nimbus Roman' not found.
findfont: Font family 'Nimbus Roman' not found.
findfont: Font family 'Nimbus Roman' not found.
findfont: Font family 'Nimbus Roman' not found.
findfont: Font family 'Nimbus Roman' not found.
findfont: Font family 'Nimbus Roman' not found.
findfont: Font family 'Nimbus Roman' not found.
findfont: Font family 'Nimbus Roman' not found.
findfont: Font family 'Nimbus Roman' not found.
findfont: Font family 'Nimbus Roman' not found.
findfont: Font family 'Nimbus Roman' not found.
findfont: Font family 'Nimbus Roman' not found.
findfont: Font family 'Nimbus Roman' not found.
findfont: Font family 'Nimbus Roman' not found.
findfont: Font family 'Nimbus Roman' not found.
findfont: Font family 'Nimbus Roman' not found.
findfont: Font family 'Nimbus Roman' not found.
findfont: Font family 'Nimbus Roman' not found.
findfont: Font family 'Nimbus Roman' not found.
findfont: Font family 'Nimbus Roman' not found.
findfont: Font family 'Nimbus Roman' not found.
findfont: Font family 'Nimbus Roman' not found.
findfont: Font family 'Nimbus Roman' not found.
findfont: Font family 'Nimbus Roman' not found.
findfont: Font family 'Nimbus Roman' not found.
findfont: Font family 'Nimbus Roman' not found.
findfont: Font family 'Nimbus Roman' not found.
findfont: Font family 'Nimbus Roman' not found.
findfont: Font family 'Nimbus Roman' not found.
findfont: Font family 'Nimbus Roman' not found.
findfont: Font family 'Nimbus Roman' not found.
findfont: Font family 'Nimbus Roman' not found.
findfont: Font family 'Nimbus Roman' not found.
findfont: Font family 'Nimbus Roman' not found.
findfont: Font family 'Nimbus Roman' not found.
findfont: Font family 'Nimbus Roman' not found.
findfont: Font family 'Nimbus Roman' not found.
findfont: Font family 'Nimbus Roman' not found.
findfont: Font family 'Nimbus Roman' not found.
findfont: Font family 'Nimbus Roman' not found.
findfont: Font family 'Nimbus Roman' not found.
findfont: Font family 'Nimbus Roman' not found.
findfont: Font family 'Nimbus Roman' not found.
findfont: Font family 'Nimbus Roman' not found.
findfont: Font family 'Nimbus Roman' not found.
findfont: Font family 'Nimbus Roman' not found.
findfont: Font family 'Nimbus Roman' not found.
findfont: Font family 'Nimbus Roman' not found.
findfont: Font family 'Nimbus Roman' not found.
findfont: Font family 'Nimbus Roman' not found.
findfont: Font family 'Nimbus Roman' not found.
findfont: Font family 'Nimbus Roman' not found.
findfont: Font family 'Nimbus Roman' not found.
findfont: Font family 'Nimbus Roman' not found.
findfont: Font family 'Nimbus Roman' not found.
findfont: Font family 'Nimbus Roman' not found.
findfont: Font family 'Nimbus Roman' not found.
findfont: Font family 'Nimbus Roman' not found.
findfont: Font family 'Nimbus Roman' not found.
findfont: Font family 'Nimbus Roman' not found.
findfont: Font family 'Nimbus Roman' not found.
findfont: Font family 'Nimbus Roman' not found.
Ridge mode: rkhs; diagnostic interval: 50
Iter 1/4000 | log_obj=9.664e+00 | log_Bellman_root=3.455e+00 | mass=1.47e+04 | neg=0.00e+00 | grad=5.62e+02
Iter 400/4000 | log_obj=4.274e+00 | log_Bellman_root=7.615e-01 | mass=6.72e+01 | neg=0.00e+00 | grad=9.64e+03
Iter 800/4000 | log_obj=4.847e+00 | log_Bellman_root=1.045e+00 | mass=1.19e+02 | neg=0.00e+00 | grad=4.99e+03
Iter 1200/4000 | log_obj=3.817e+00 | log_Bellman_root=5.240e-01 | mass=4.26e+01 | neg=0.00e+00 | grad=1.86e+03
Iter 1600/4000 | log_obj=3.938e+00 | log_Bellman_root=5.923e-01 | mass=4.80e+01 | neg=0.00e+00 | grad=2.68e+03
Iter 2000/4000 | log_obj=3.347e+00 | log_Bellman_root=2.898e-01 | mass=2.66e+01 | neg=0.00e+00 | grad=5.47e+03
Iter 2400/4000 | log_obj=4.028e+00 | log_Bellman_root=6.554e-01 | mass=5.24e+01 | neg=0.00e+00 | grad=2.63e+03
Iter 2800/4000 | log_obj=4.123e+00 | log_Bellman_root=6.779e-01 | mass=5.79e+01 | neg=0.00e+00 | grad=3.00e+03
Iter 3200/4000 | log_obj=4.123e+00 | log_Bellman_root=6.779e-01 | mass=5.79e+01 | neg=0.00e+00 | grad=3.00e+03
Iter 3600/4000 | log_obj=4.122e+00 | log_Bellman_root=6.777e-01 | mass=5.78e+01 | neg=0.00e+00 | grad=3.00e+03
Iter 4000/4000 | log_obj=1.046e+00 | log_Bellman_root=-8.450e-01 | mass=2.66e+00 | neg=0.00e+00 | grad=4.66e+02
Returning best diagnostic checkpoint from step 3900 (objective=1.803e+00, Bellman=1.195e-01).
Done in 11.97s.
KE-DRL global estimation is done.
B_hat shape: (3083, 800)
B_hat rank diagnostics: {'B_num_rows': 3083, 'B_num_cols': 800, 'B_min_dim': 800, 'B_numerical_rank': 800, 'B_rank_fraction': 1.0, 'B_rank_tolerance': 4.260563415670049e-05, 'B_stable_rank': 184.32568359375, 'B_effective_rank': 771.3692121560151, 'B_entropy_rank': 6.648167133331299, 'B_spectral_norm': 0.11592668294906616, 'B_frobenius_norm': 1.573897123336792, 'B_nuclear_norm': 42.989925384521484, 'B_condition_number': 4.266138917798138, 'B_condition_number_tol': 4.266138917798138, 'B_smallest_singular_value': 0.02717367745935917, 'B_rank_rel_1em2': 800, 'B_rank_rel_1em3': 800, 'B_rank_rel_1em4': 800}
Global-loss target mass diagnostics: {'target_mass_mean': -0.19748859107494354, 'target_mass_min': -1.3725875616073608, 'target_mass_max': 0.7540181875228882, 'target_mass_sd': 0.5016160011291504, 'target_mass_rmse_to_target': 1.297336220741272, 'target_beta_min': -0.0778922513127327, 'target_beta_max': 0.06912344694137573, 'target_neg_frac_mean': 0.5102375000000001}
Return dictionary Z_grid shape: (800, 3)
Replicate 90 risk metrics: {'risk_n_steps_recorded': 81.0, 'risk_n_diagnostics_recorded': 81.0, 'risk_log_obj_initial': 9.66376686589201, 'risk_log_obj_final': 1.0464899244472943, 'risk_log_obj_min': 0.5892576582409607, 'risk_obj_initial': 15736.952148437502, 'risk_obj_final': 2.847638130187988, 'risk_obj_min': 1.802649736404419, 'risk_log_obj_drop': 8.617276941444715, 'risk_log_bellman_root_initial': 3.4552919880683515, 'risk_log_bellman_root_final': -0.8449969588517867, 'risk_log_bellman_root_min': -1.0621460132536704, 'risk_bellman_root_initial': 31.667533874511726, 'risk_bellman_root_final': 0.429558664560318, 'risk_bellman_root_min': 0.34571310877799993, 'risk_bellman_initial': 1002.8327016933476, 'risk_bellman_final': 0.18452064629884377, 'risk_bellman_min': 0.11951755358094919, 'risk_log_bellman_root_drop': 4.300288946920138, 'risk_bellman_returned': 0.11951754987239838, 'risk_obj_returned': 1.802649736404419, 'risk_returned_step': 3900.0, 'offline_data_id': 90, 'benchmark_point_source': 'fixed_config_plus_support_safe_target_policy_draws', 'target_set_size': 100, 'lambda_reg': 0.005, 'lambda_B': 2e-05, 'num_steps': 4000, 'transition_reduction_enabled': 1, 'transition_reduction_method': 'kmeans', 'transition_original_rows': 12000, 'transition_reduced_rows': 3083, 'transition_compression_ratio': 0.2569166666666667, 'target_mass_mean': -0.19748859107494354, 'target_mass_min': -1.3725875616073608, 'target_mass_max': 0.7540181875228882, 'target_mass_sd': 0.5016160011291504, 'target_mass_rmse_to_target': 1.297336220741272, 'target_beta_min': -0.0778922513127327, 'target_beta_max': 0.06912344694137573, 'target_neg_frac_mean': 0.5102375000000001, 'B_num_rows': 3083, 'B_num_cols': 800, 'B_min_dim': 800, 'B_numerical_rank': 800, 'B_rank_fraction': 1.0, 'B_rank_tolerance': 4.260563415670049e-05, 'B_stable_rank': 184.32568359375, 'B_effective_rank': 771.3692121560151, 'B_entropy_rank': 6.648167133331299, 'B_spectral_norm': 0.11592668294906616, 'B_frobenius_norm': 1.573897123336792, 'B_nuclear_norm': 42.989925384521484, 'B_condition_number': 4.266138917798138, 'B_condition_number_tol': 4.266138917798138, 'B_smallest_singular_value': 0.02717367745935917, 'B_rank_rel_1em2': 800, 'B_rank_rel_1em3': 800, 'B_rank_rel_1em4': 800, 'risk_objective_final_raw': 2.8476381301879883, 'risk_objective_min_raw': 1.802649736404419, 'risk_objective_max_raw': 15736.9521484375, 'risk_bellman_final_raw': 0.1845206469297409, 'risk_bellman_min_raw': 0.11951754987239838, 'risk_bellman_max_raw': 1002.8327026367188, 'risk_rkhs_ridge_final_raw': 5.097151733934879e-05, 'risk_rkhs_ridge_min_raw': 5.0262879085494205e-05, 'risk_rkhs_ridge_max_raw': 0.0023154316004365683, 'risk_mass_final_raw': 2.6630663871765137, 'risk_mass_min_raw': 1.6830812692642212, 'risk_mass_max_raw': 14734.1171875, 'risk_negativity_final_raw': 0.0, 'risk_negativity_min_raw': 0.0, 'risk_negativity_max_raw': 0.0, 'risk_B_norm_final_raw': 1.573790192604065, 'risk_B_norm_min_raw': 1.5709056854248047, 'risk_B_norm_max_raw': 1.639513611793518, 'risk_diagnostic_step_final_raw': 4000.0, 'risk_diagnostic_step_min_raw': 1.0, 'risk_diagnostic_step_max_raw': 4000.0, 'risk_best_step_final_raw': 3900.0, 'risk_best_step_min_raw': 3900.0, 'risk_best_step_max_raw': 3900.0, 'risk_best_objective_final_raw': 1.802649736404419, 'risk_best_objective_min_raw': 1.802649736404419, 'risk_best_objective_max_raw': 1.802649736404419, 'risk_best_bellman_final_raw': 0.11951754987239838, 'risk_best_bellman_min_raw': 0.11951754987239838, 'risk_best_bellman_max_raw': 0.11951754987239838, 'risk_returned_step_final_raw': 3900.0, 'risk_returned_step_min_raw': 3900.0, 'risk_returned_step_max_raw': 3900.0, 'risk_returned_objective_final_raw': 1.802649736404419, 'risk_returned_objective_min_raw': 1.802649736404419, 'risk_returned_objective_max_raw': 1.802649736404419, 'risk_returned_bellman_final_raw': 0.11951754987239838, 'risk_returned_bellman_min_raw': 0.11951754987239838, 'risk_returned_bellman_max_raw': 0.11951754987239838, 'risk_returned_best_checkpoint_final_raw': 1.0, 'risk_returned_best_checkpoint_min_raw': 1.0, 'risk_returned_best_checkpoint_max_raw': 1.0}
Benchmark 0 evaluation grid shape: (800, 3)
Replicate 90, benchmark 0 metrics: {'run_id': '90_b0', 'RMSE': 0.30672850022975856, 'MAE': 0.28156183684812275, 'SupNorm': 0.5548707693815231, 'Bias': -0.28156183684812275, 'Corr': 0.0766408062920306, 'deming_slope': 0.26706516085795995, 'deming_intercept': -0.0893721788020726, 'beta_sum': -0.14964434504508972, 'beta_l1': 6.506401062011719, 'beta_l2': 0.28472867608070374, 'beta_min': -0.02889733389019966, 'beta_max': 0.02765572816133499, 'beta_neg_frac': 0.5, 'offline_data_id': 90, 'benchmark_id': 0, 'benchmark_point_source': 'fixed_config', 'target_set_size': 100, 'benchmark_z_path': 'data/Z_true.pt', 'projected_bellman_test_risk': 0.025550521910190582, 'oracle_embedding_risk': 1.1541310548782349, 'benchmark_embedding_risk': 1.1541310548782349, 'risk_bellman_final': 0.18452064629884377, 'risk_obj_final': 2.847638130187988, 'B_num_rows': 3083, 'B_num_cols': 800, 'B_min_dim': 800, 'B_numerical_rank': 800, 'B_rank_fraction': 1.0, 'B_rank_tolerance': 4.260563415670049e-05, 'B_stable_rank': 184.32568359375, 'B_effective_rank': 771.3692121560151, 'B_entropy_rank': 6.648167133331299, 'B_spectral_norm': 0.11592668294906616, 'B_frobenius_norm': 1.573897123336792, 'B_nuclear_norm': 42.989925384521484, 'B_condition_number': 4.266138917798138, 'B_condition_number_tol': 4.266138917798138, 'B_smallest_singular_value': 0.02717367745935917, 'B_rank_rel_1em2': 800, 'B_rank_rel_1em3': 800, 'B_rank_rel_1em4': 800}
Saved ./mu/mu_hat.csv shape=(800,)
Saved ./mu/mu2D_hat_dims01.csv shape=(120, 120)
Saved ./mu/mu2D_hat_dims01.csv shape=(120, 120)
Saved plots/replicate_90/mu_3D.png
Benchmark 1 evaluation grid shape: (800, 3)
Replicate 90, benchmark 1 metrics: {'run_id': '90_b1', 'RMSE': 0.8067742479098731, 'MAE': 0.7448545230165473, 'SupNorm': 1.3350188732147217, 'Bias': -0.7448545230165473, 'Corr': -0.9950472065534055, 'deming_slope': -2.24746959067643, 'deming_intercept': 0.10122262986120689, 'beta_sum': -1.5018423795700073, 'beta_l1': 12.65121841430664, 'beta_l2': 0.5592923760414124, 'beta_min': -0.07582435011863708, 'beta_max': 0.060699768364429474, 'beta_neg_frac': 0.53625, 'offline_data_id': 90, 'benchmark_id': 1, 'benchmark_point_source': 'fixed_config', 'target_set_size': 100, 'benchmark_z_path': 'data/Z_true.pt', 'projected_bellman_test_risk': 0.19805122911930084, 'oracle_embedding_risk': 2.9343698024749756, 'benchmark_embedding_risk': 2.9343698024749756, 'risk_bellman_final': 0.18452064629884377, 'risk_obj_final': 2.847638130187988, 'B_num_rows': 3083, 'B_num_cols': 800, 'B_min_dim': 800, 'B_numerical_rank': 800, 'B_rank_fraction': 1.0, 'B_rank_tolerance': 4.260563415670049e-05, 'B_stable_rank': 184.32568359375, 'B_effective_rank': 771.3692121560151, 'B_entropy_rank': 6.648167133331299, 'B_spectral_norm': 0.11592668294906616, 'B_frobenius_norm': 1.573897123336792, 'B_nuclear_norm': 42.989925384521484, 'B_condition_number': 4.266138917798138, 'B_condition_number_tol': 4.266138917798138, 'B_smallest_singular_value': 0.02717367745935917, 'B_rank_rel_1em2': 800, 'B_rank_rel_1em3': 800, 'B_rank_rel_1em4': 800}
Benchmark 2 evaluation grid shape: (800, 3)
Replicate 90, benchmark 2 metrics: {'run_id': '90_b2', 'RMSE': 0.766678412492391, 'MAE': 0.7093480541720055, 'SupNorm': 1.2662524282932281, 'Bias': -0.7093480541720055, 'Corr': -0.8867092896108206, 'deming_slope': -2.4028058137725776, 'deming_intercept': 0.2027181877913628, 'beta_sum': -1.3623664379119873, 'beta_l1': 12.120247840881348, 'beta_l2': 0.5344218611717224, 'beta_min': -0.07274997979402542, 'beta_max': 0.05727115273475647, 'beta_neg_frac': 0.52875, 'offline_data_id': 90, 'benchmark_id': 2, 'benchmark_point_source': 'fixed_config', 'target_set_size': 100, 'benchmark_z_path': 'data/Z_true.pt', 'projected_bellman_test_risk': 0.1582489311695099, 'oracle_embedding_risk': 2.6945018768310547, 'benchmark_embedding_risk': 2.6945018768310547, 'risk_bellman_final': 0.18452064629884377, 'risk_obj_final': 2.847638130187988, 'B_num_rows': 3083, 'B_num_cols': 800, 'B_min_dim': 800, 'B_numerical_rank': 800, 'B_rank_fraction': 1.0, 'B_rank_tolerance': 4.260563415670049e-05, 'B_stable_rank': 184.32568359375, 'B_effective_rank': 771.3692121560151, 'B_entropy_rank': 6.648167133331299, 'B_spectral_norm': 0.11592668294906616, 'B_frobenius_norm': 1.573897123336792, 'B_nuclear_norm': 42.989925384521484, 'B_condition_number': 4.266138917798138, 'B_condition_number_tol': 4.266138917798138, 'B_smallest_singular_value': 0.02717367745935917, 'B_rank_rel_1em2': 800, 'B_rank_rel_1em3': 800, 'B_rank_rel_1em4': 800}
Benchmark 3 evaluation grid shape: (800, 3)
Replicate 90, benchmark 3 metrics: {'run_id': '90_b3', 'RMSE': 0.7517602073843721, 'MAE': 0.690350670851185, 'SupNorm': 1.2675720155239105, 'Bias': -0.690350670851185, 'Corr': -0.9237265865917795, 'deming_slope': -2.2950801067478612, 'deming_intercept': 0.16389899437946637, 'beta_sum': -1.3385196924209595, 'beta_l1': 11.938401222229004, 'beta_l2': 0.5278307199478149, 'beta_min': -0.06924788653850555, 'beta_max': 0.0545259565114975, 'beta_neg_frac': 0.53, 'offline_data_id': 90, 'benchmark_id': 3, 'benchmark_point_source': 'fixed_config', 'target_set_size': 100, 'benchmark_z_path': 'data/Z_true.pt', 'projected_bellman_test_risk': 0.15956959128379822, 'oracle_embedding_risk': 2.7053425312042236, 'benchmark_embedding_risk': 2.7053425312042236, 'risk_bellman_final': 0.18452064629884377, 'risk_obj_final': 2.847638130187988, 'B_num_rows': 3083, 'B_num_cols': 800, 'B_min_dim': 800, 'B_numerical_rank': 800, 'B_rank_fraction': 1.0, 'B_rank_tolerance': 4.260563415670049e-05, 'B_stable_rank': 184.32568359375, 'B_effective_rank': 771.3692121560151, 'B_entropy_rank': 6.648167133331299, 'B_spectral_norm': 0.11592668294906616, 'B_frobenius_norm': 1.573897123336792, 'B_nuclear_norm': 42.989925384521484, 'B_condition_number': 4.266138917798138, 'B_condition_number_tol': 4.266138917798138, 'B_smallest_singular_value': 0.02717367745935917, 'B_rank_rel_1em2': 800, 'B_rank_rel_1em3': 800, 'B_rank_rel_1em4': 800}
Benchmark 4 evaluation grid shape: (800, 3)
Replicate 90, benchmark 4 metrics: {'run_id': '90_b4', 'RMSE': 0.1711092187911346, 'MAE': 0.16106565400801628, 'SupNorm': 0.2948679178953171, 'Bias': -0.16106565400801628, 'Corr': 0.7965435064357127, 'deming_slope': 0.6471530774539078, 'deming_intercept': -0.06699501185433883, 'beta_sum': 0.3027861416339874, 'beta_l1': 5.9516706466674805, 'beta_l2': 0.27893128991127014, 'beta_min': -0.028698649257421494, 'beta_max': 0.05625457316637039, 'beta_neg_frac': 0.51125, 'offline_data_id': 90, 'benchmark_id': 4, 'benchmark_point_source': 'support_safe_target_policy_draw', 'target_set_size': 100, 'benchmark_z_path': 'data/Z_true.pt', 'projected_bellman_test_risk': 0.021152731031179428, 'oracle_embedding_risk': 0.8927394151687622, 'benchmark_embedding_risk': 0.8927394151687622, 'risk_bellman_final': 0.18452064629884377, 'risk_obj_final': 2.847638130187988, 'B_num_rows': 3083, 'B_num_cols': 800, 'B_min_dim': 800, 'B_numerical_rank': 800, 'B_rank_fraction': 1.0, 'B_rank_tolerance': 4.260563415670049e-05, 'B_stable_rank': 184.32568359375, 'B_effective_rank': 771.3692121560151, 'B_entropy_rank': 6.648167133331299, 'B_spectral_norm': 0.11592668294906616, 'B_frobenius_norm': 1.573897123336792, 'B_nuclear_norm': 42.989925384521484, 'B_condition_number': 4.266138917798138, 'B_condition_number_tol': 4.266138917798138, 'B_smallest_singular_value': 0.02717367745935917, 'B_rank_rel_1em2': 800, 'B_rank_rel_1em3': 800, 'B_rank_rel_1em4': 800}
Benchmark 5 evaluation grid shape: (800, 3)
Replicate 90, benchmark 5 metrics: {'run_id': '90_b5', 'RMSE': 0.2419619075820515, 'MAE': 0.22535526524748092, 'SupNorm': 0.3869357332587242, 'Bias': -0.22528793700256755, 'Corr': 0.36181952303910675, 'deming_slope': 0.073087138636193, 'deming_intercept': 0.012914398003713603, 'beta_sum': 0.26233139634132385, 'beta_l1': 0.84110426902771, 'beta_l2': 0.03973839804530144, 'beta_min': -0.002937957178801298, 'beta_max': 0.006283794529736042, 'beta_neg_frac': 0.44125, 'offline_data_id': 90, 'benchmark_id': 5, 'benchmark_point_source': 'support_safe_target_policy_draw', 'target_set_size': 100, 'benchmark_z_path': 'data/Z_true.pt', 'projected_bellman_test_risk': 0.013350111432373524, 'oracle_embedding_risk': 0.9465708136558533, 'benchmark_embedding_risk': 0.9465708136558533, 'risk_bellman_final': 0.18452064629884377, 'risk_obj_final': 2.847638130187988, 'B_num_rows': 3083, 'B_num_cols': 800, 'B_min_dim': 800, 'B_numerical_rank': 800, 'B_rank_fraction': 1.0, 'B_rank_tolerance': 4.260563415670049e-05, 'B_stable_rank': 184.32568359375, 'B_effective_rank': 771.3692121560151, 'B_entropy_rank': 6.648167133331299, 'B_spectral_norm': 0.11592668294906616, 'B_frobenius_norm': 1.573897123336792, 'B_nuclear_norm': 42.989925384521484, 'B_condition_number': 4.266138917798138, 'B_condition_number_tol': 4.266138917798138, 'B_smallest_singular_value': 0.02717367745935917, 'B_rank_rel_1em2': 800, 'B_rank_rel_1em3': 800, 'B_rank_rel_1em4': 800}
Benchmark 6 evaluation grid shape: (800, 3)
Replicate 90, benchmark 6 metrics: {'run_id': '90_b6', 'RMSE': 0.460864005116104, 'MAE': 0.4183226711104362, 'SupNorm': 0.8244553804397583, 'Bias': -0.4183226711104362, 'Corr': -0.4294262888128507, 'deming_slope': -2.035464176581486, 'deming_intercept': 0.38301312580806723, 'beta_sum': -0.5119176506996155, 'beta_l1': 8.124422073364258, 'beta_l2': 0.35918715596199036, 'beta_min': -0.04513488709926605, 'beta_max': 0.040347542613744736, 'beta_neg_frac': 0.505, 'offline_data_id': 90, 'benchmark_id': 6, 'benchmark_point_source': 'support_safe_target_policy_draw', 'target_set_size': 100, 'benchmark_z_path': 'data/Z_true.pt', 'projected_bellman_test_risk': 0.012440783903002739, 'oracle_embedding_risk': 1.5652738809585571, 'benchmark_embedding_risk': 1.5652738809585571, 'risk_bellman_final': 0.18452064629884377, 'risk_obj_final': 2.847638130187988, 'B_num_rows': 3083, 'B_num_cols': 800, 'B_min_dim': 800, 'B_numerical_rank': 800, 'B_rank_fraction': 1.0, 'B_rank_tolerance': 4.260563415670049e-05, 'B_stable_rank': 184.32568359375, 'B_effective_rank': 771.3692121560151, 'B_entropy_rank': 6.648167133331299, 'B_spectral_norm': 0.11592668294906616, 'B_frobenius_norm': 1.573897123336792, 'B_nuclear_norm': 42.989925384521484, 'B_condition_number': 4.266138917798138, 'B_condition_number_tol': 4.266138917798138, 'B_smallest_singular_value': 0.02717367745935917, 'B_rank_rel_1em2': 800, 'B_rank_rel_1em3': 800, 'B_rank_rel_1em4': 800}
Benchmark 7 evaluation grid shape: (800, 3)
Replicate 90, benchmark 7 metrics: {'run_id': '90_b7', 'RMSE': 0.4057731647174016, 'MAE': 0.3596814623460523, 'SupNorm': 0.7840223908424377, 'Bias': -0.3596814623460523, 'Corr': -0.1473691186751813, 'deming_slope': -6.853313988409894, 'deming_intercept': 1.693843850333458, 'beta_sum': -0.4874418377876282, 'beta_l1': 9.02926254272461, 'beta_l2': 0.40759989619255066, 'beta_min': -0.05409155786037445, 'beta_max': 0.056450992822647095, 'beta_neg_frac': 0.545, 'offline_data_id': 90, 'benchmark_id': 7, 'benchmark_point_source': 'support_safe_target_policy_draw', 'target_set_size': 100, 'benchmark_z_path': 'data/Z_true.pt', 'projected_bellman_test_risk': 0.04571527987718582, 'oracle_embedding_risk': 1.5328205823898315, 'benchmark_embedding_risk': 1.5328205823898315, 'risk_bellman_final': 0.18452064629884377, 'risk_obj_final': 2.847638130187988, 'B_num_rows': 3083, 'B_num_cols': 800, 'B_min_dim': 800, 'B_numerical_rank': 800, 'B_rank_fraction': 1.0, 'B_rank_tolerance': 4.260563415670049e-05, 'B_stable_rank': 184.32568359375, 'B_effective_rank': 771.3692121560151, 'B_entropy_rank': 6.648167133331299, 'B_spectral_norm': 0.11592668294906616, 'B_frobenius_norm': 1.573897123336792, 'B_nuclear_norm': 42.989925384521484, 'B_condition_number': 4.266138917798138, 'B_condition_number_tol': 4.266138917798138, 'B_smallest_singular_value': 0.02717367745935917, 'B_rank_rel_1em2': 800, 'B_rank_rel_1em3': 800, 'B_rank_rel_1em4': 800}
Benchmark 8 evaluation grid shape: (800, 3)
Replicate 90, benchmark 8 metrics: {'run_id': '90_b8', 'RMSE': 0.2644331660549811, 'MAE': 0.2428052666788426, 'SupNorm': 0.4518481194972992, 'Bias': -0.2428052666788426, 'Corr': 0.16246975851059098, 'deming_slope': 0.1443377552011272, 'deming_intercept': -0.019910230105012527, 'beta_sum': 0.09404771775007248, 'beta_l1': 4.448065757751465, 'beta_l2': 0.197907492518425, 'beta_min': -0.020543411374092102, 'beta_max': 0.03065488487482071, 'beta_neg_frac': 0.5, 'offline_data_id': 90, 'benchmark_id': 8, 'benchmark_point_source': 'support_safe_target_policy_draw', 'target_set_size': 100, 'benchmark_z_path': 'data/Z_true.pt', 'projected_bellman_test_risk': 0.031780488789081573, 'oracle_embedding_risk': 1.013332486152649, 'benchmark_embedding_risk': 1.013332486152649, 'risk_bellman_final': 0.18452064629884377, 'risk_obj_final': 2.847638130187988, 'B_num_rows': 3083, 'B_num_cols': 800, 'B_min_dim': 800, 'B_numerical_rank': 800, 'B_rank_fraction': 1.0, 'B_rank_tolerance': 4.260563415670049e-05, 'B_stable_rank': 184.32568359375, 'B_effective_rank': 771.3692121560151, 'B_entropy_rank': 6.648167133331299, 'B_spectral_norm': 0.11592668294906616, 'B_frobenius_norm': 1.573897123336792, 'B_nuclear_norm': 42.989925384521484, 'B_condition_number': 4.266138917798138, 'B_condition_number_tol': 4.266138917798138, 'B_smallest_singular_value': 0.02717367745935917, 'B_rank_rel_1em2': 800, 'B_rank_rel_1em3': 800, 'B_rank_rel_1em4': 800}
Benchmark 9 evaluation grid shape: (800, 3)
Replicate 90, benchmark 9 metrics: {'run_id': '90_b9', 'RMSE': 0.4422058642877576, 'MAE': 0.39429724436689867, 'SupNorm': 0.8049706816673279, 'Bias': -0.39429724436689867, 'Corr': -0.2623554758281924, 'deming_slope': -3.9685835314878988, 'deming_intercept': 0.9261793427402069, 'beta_sum': -0.4766097664833069, 'beta_l1': 8.893765449523926, 'beta_l2': 0.4022250473499298, 'beta_min': -0.04583071917295456, 'beta_max': 0.04496845602989197, 'beta_neg_frac': 0.545, 'offline_data_id': 90, 'benchmark_id': 9, 'benchmark_point_source': 'support_safe_target_policy_draw', 'target_set_size': 100, 'benchmark_z_path': 'data/Z_true.pt', 'projected_bellman_test_risk': 0.016838226467370987, 'oracle_embedding_risk': 1.5654445886611938, 'benchmark_embedding_risk': 1.5654445886611938, 'risk_bellman_final': 0.18452064629884377, 'risk_obj_final': 2.847638130187988, 'B_num_rows': 3083, 'B_num_cols': 800, 'B_min_dim': 800, 'B_numerical_rank': 800, 'B_rank_fraction': 1.0, 'B_rank_tolerance': 4.260563415670049e-05, 'B_stable_rank': 184.32568359375, 'B_effective_rank': 771.3692121560151, 'B_entropy_rank': 6.648167133331299, 'B_spectral_norm': 0.11592668294906616, 'B_frobenius_norm': 1.573897123336792, 'B_nuclear_norm': 42.989925384521484, 'B_condition_number': 4.266138917798138, 'B_condition_number_tol': 4.266138917798138, 'B_smallest_singular_value': 0.02717367745935917, 'B_rank_rel_1em2': 800, 'B_rank_rel_1em3': 800, 'B_rank_rel_1em4': 800}
Replicate 90 finished in 21.2s
Finished combo 2, offline replicate 90.
