Job ID:    2359103
Array idx: 315
CPUs/node: 64
Mem/node:  131072
Using CC = cc 
Using CXX = CC 
Using FC = ftn 
Using F77 = ftn 
Using F90 = ftn 
cuda/12.6.1 is deprecated; loading cudatoolkit/25.5_12.9 instead.
Using CC = /opt/nvidia/hpc_sdk/Linux_aarch64/25.5/compilers/bin/nvc 
Using CXX = /opt/nvidia/hpc_sdk/Linux_aarch64/25.5/compilers/bin/nvc++ 
Using FC = /opt/nvidia/hpc_sdk/Linux_aarch64/25.5/compilers/bin/nvfortran 
Using F77 = /opt/nvidia/hpc_sdk/Linux_aarch64/25.5/compilers/bin/nvfortran 
Using F90 = /opt/nvidia/hpc_sdk/Linux_aarch64/25.5/compilers/bin/nvfortran 
Using CC = /opt/nvidia/hpc_sdk/Linux_aarch64/25.5/compilers/bin/nvc 
Using CXX = /opt/nvidia/hpc_sdk/Linux_aarch64/25.5/compilers/bin/nvc++ 
Using FC = /opt/nvidia/hpc_sdk/Linux_aarch64/25.5/compilers/bin/nvfortran 
Using F77 = /opt/nvidia/hpc_sdk/Linux_aarch64/25.5/compilers/bin/nvfortran 
Using F90 = /opt/nvidia/hpc_sdk/Linux_aarch64/25.5/compilers/bin/nvfortran 

Lmod is automatically replacing "gcc-native/14" with "gcc/14.2.0".

ghx4
0
Tuning combo id: 3 / 6
Offline replicate id: 15 / 99
Installing ke_drl from git: https://github.com/mehrdadmhmdi/ke-drl.git@main
Collecting git+https://github.com/mehrdadmhmdi/ke-drl.git@main
  Cloning https://github.com/mehrdadmhmdi/ke-drl.git (to revision main) to /tmp/pip-req-build-nthclmly
  Running command git clone --filter=blob:none --quiet https://github.com/mehrdadmhmdi/ke-drl.git /tmp/pip-req-build-nthclmly
  Resolved https://github.com/mehrdadmhmdi/ke-drl.git to commit 3c5d570e40ea15b1fbe4817b5f43b64c7b333e82
  Installing build dependencies: started
  Installing build dependencies: finished with status 'done'
  Getting requirements to build wheel: started
  Getting requirements to build wheel: finished with status 'done'
  Preparing metadata (pyproject.toml): started
  Preparing metadata (pyproject.toml): finished with status 'done'
Building wheels for collected packages: ke_drl
  Building wheel for ke_drl (pyproject.toml): started
  Building wheel for ke_drl (pyproject.toml): finished with status 'done'
  Created wheel for ke_drl: filename=ke_drl-0.1.0-py3-none-any.whl size=47219 sha256=da8b2fa2c8105748641f77d663a9544e393b58683f699ce330b5d4ac2de54f53
  Stored in directory: /tmp/pip-ephem-wheel-cache-gbdt1z27/wheels/24/47/ad/9a4ffd3b05d3e90e35ffc6e7324b735b8bfcf5f51aaf29a333
Successfully built ke_drl
Installing collected packages: ke_drl
Successfully installed ke_drl-0.1.0
Installed ke_drl source: /work/nvme/bfez/mehrdad3/DistRL/simulation_3/runs/sim3_global_2358722_3/.kedrl_site_315/ke_drl/__init__.py
Tuning combo 3: kernel_nu_7.5
Overrides: {'kernel': {'nu': 7.5}}
RUN: /sw/user/python/miniforge3-pytorch-24.11.3/bin/python3 validate_sim_config.py --params params.yaml
ke_drl import source: /work/nvme/bfez/mehrdad3/DistRL/simulation_3/runs/sim3_global_2358722_3/.kedrl_site_315/ke_drl/__init__.py
ke_drl package API OK: prediction weights, RFF operators, rank diagnostics, and best-checkpoint optimizer available
Policy config OK: behavior=uniform, target=logistic, state_dim=5, action_dim=1
Note: policy.logistic.theta_scale/theta_std are log-scale coefficients in Probability_Densities.
Behavior-policy linearized state-process diagnostic: spectral_radius=0.653, offline_burn_in=50
Replicate config OK: num_replicates=100, benchmark points=10 independent of D_i, loss target points=100
Transition reduction OK: method=kmeans, raw rows N(T-1)=12000, target rows about 3000, B rows reduced from 12000 to about 3000
Return-operator approximation OK: method=rff, features=512, exact G avoided for estimated N=12000, m=800, L=100
Fixed benchmark config rows=4 (benchmark.num_points=10; additional points are support-safe target-policy draws if needed)
Fixed benchmark point 0: s_star=[0.6, -0.8, 0.7, -0.5, 0.9], a_star=[0.5]
Fixed benchmark behavior-support interval for configured rows: min_lower=-0.12, max_upper=1.11
Fixed benchmark target-policy location range: [-0.02, 0.14]
Reusing shared data from /work/nvme/bfez/mehrdad3/DistRL/simulation_3/runs/sim3_shared_data/data for offline replicate 15.
RUN: /sw/user/python/miniforge3-pytorch-24.11.3/bin/python3 validate_sim_config.py --params params.yaml --data data/offline_data_15.pt
ke_drl import source: /work/nvme/bfez/mehrdad3/DistRL/simulation_3/runs/sim3_global_2358722_3/.kedrl_site_315/ke_drl/__init__.py
ke_drl package API OK: prediction weights, RFF operators, rank diagnostics, and best-checkpoint optimizer available
Policy config OK: behavior=uniform, target=logistic, state_dim=5, action_dim=1
Note: policy.logistic.theta_scale/theta_std are log-scale coefficients in Probability_Densities.
Behavior-policy linearized state-process diagnostic: spectral_radius=0.653, offline_burn_in=50
Replicate config OK: num_replicates=100, benchmark points=10 independent of D_i, loss target points=100
Transition reduction OK: method=kmeans, raw rows N(T-1)=12000, target rows about 3000, B rows reduced from 12000 to about 3000
Return-operator approximation OK: method=rff, features=512, exact G avoided for estimated N=12000, m=800, L=100
Fixed benchmark config rows=4 (benchmark.num_points=10; additional points are support-safe target-policy draws if needed)
Fixed benchmark point 0: s_star=[0.6, -0.8, 0.7, -0.5, 0.9], a_star=[0.5]
Fixed benchmark behavior-support interval for configured rows: min_lower=-0.12, max_upper=1.11
Fixed benchmark target-policy location range: [-0.02, 0.14]
Full benchmark support check OK: 10 points, min_lower=-2.177, max_upper=2.05
observed behavior actions: mean=0.3909, sd=0.6689, q0/q10/q50/q90/q100=[-2.0815374851226807, -0.412397813796997, 0.32614369690418243, 1.3068520069122316, 2.8722970485687256]
target-policy sampled actions: mean=-0.02488, sd=0.6609, q0/q10/q50/q90/q100=[-2.3667297174012716, -0.8709466477602587, -0.021823465207940262, 0.813150066475967, 2.2951934896217687]
behavior uniform lower: mean=-0.1252, sd=0.6543, q0/q10/q50/q90/q100=[-2.4683861970901493, -0.9712838466465473, -0.1186975508928299, 0.7090378308296205, 2.1204907655715943]
behavior uniform upper: mean=0.9108, sd=0.643, q0/q10/q50/q90/q100=[-0.9198440253734588, 0.06074061691761019, 0.9207879118621349, 1.746537952423096, 3.1204907655715943]
target location inside behavior uniform support: 0.968
RUN: /sw/user/python/miniforge3-pytorch-24.11.3/bin/python3 main_est.py
# ================================================================ #
#   Global KE-DRL estimation for one offline replicate              #
# ================================================================ #
Slurm Job ID: 2359103
Slurm Array ID: 15 -- used as the offline-replicate id
Offline data id: 15
ke_drl import source: /work/nvme/bfez/mehrdad3/DistRL/simulation_3/runs/sim3_global_2358722_3/.kedrl_site_315/ke_drl/__init__.py
Estimator device: cuda (NVIDIA GH200 120GB, capability 9.0); torch CUDA=13.0
Random seed: 20460527
Number of offline replicates: 100
[transition reduction] enabled: original rows=12000, target basis=3000, method=kmeans, device=cuda
[transition reduction] kmeans iter 1/20, mean center shift=2.7378e-01
[transition reduction] kmeans iter 5/20, mean center shift=5.4999e-03
[transition reduction] kmeans iter 10/20, mean center shift=5.2016e-08
[transition reduction] selected 3084 rows from 12000 transitions (ratio 0.2570); indices saved to data/reduced_transition_indices_15.pt
Data and parameters loaded.
offline path: data/offline_data_15.pt
benchmark true-Z path: data/Z_true.pt
offline shapes after reduction: s0=(3084, 5), a0=(3084, 1), r0=(3084, 3)
transition reduction: {'enabled': True, 'method': 'kmeans', 'original_rows': 12000, 'reduced_rows': 3084, 'selected_indices_path': 'data/reduced_transition_indices_15.pt', 'target_basis': 3000, 'compression_ratio': 0.257}
fixed benchmark point source: fixed_config_plus_support_safe_target_policy_draws
benchmark row excluded from this offline data: None
global loss target set shape: s_star=(100, 5), a_star=(100, 1)
benchmark true-Z count=10, shape each=(50000, 3)
target policy: logistic
behavior policy: uniform
lambda_Gamma=0.005, lambda_B=0.02, d_r_method=song
dtype=torch.float32, operator_method=rff, operator_num_features=512
ridge_mode=rkhs, diagnostic_interval=50
mass_anchor_lambda=1.0, target_mass=1.0
uLSIF basis: source=numerator, n_basis=512, lambda_reg=0.005
optimizer stabilizers: lambda_neg=0.0, max_B_norm=None, eta_clip_min=0.0, eta_clip_max=5.0, normalize_eta=True
========================================
Estimating the global KE-DRL mean embedding
torch device=cuda, dtype=torch.float32
Data dims: N=3084, L=100, Ds=5, Da=1, Dr=3
lambda_Gamma=0.005, lambda_B=0.02
return-operator construction: method=rff, rff_features=512
[uLSIF] basis=512/3084 (numerator); eta_hat min=-7.651e-01 max=6.693e+00 neg%=3.18
ESS for eta_plus: 2133.0 / 3084
eta_plus diagnostics: raw_mean=0.999, raw_min=-0.765, raw_max=6.69; used_mean=1, used_min=0, used_max=4.98
[timing] Z-grid: 0.03s
[timing] K_X: 0.00s
[timing] K_plus: 0.00s
[timing] k_star: 0.00s
[timing] Gamma_stack: 0.01s
[timing] Phi_stack: 0.00s
[timing] RFF feature sample: 0.00s
[timing] K_Z RFF: 0.00s
[timing] G_stack RFF: 0.01s
[timing] H_stack RFF: 0.01s
findfont: Font family 'Nimbus Roman' not found.
findfont: Font family 'Nimbus Roman' not found.
findfont: Font family 'Nimbus Roman' not found.
findfont: Font family 'Nimbus Roman' not found.
findfont: Font family 'Nimbus Roman' not found.
findfont: Font family 'Nimbus Roman' not found.
findfont: Font family 'Nimbus Roman' not found.
findfont: Font family 'Nimbus Roman' not found.
findfont: Font family 'Nimbus Roman' not found.
findfont: Font family 'Nimbus Roman' not found.
findfont: Font family 'Nimbus Roman' not found.
findfont: Font family 'Nimbus Roman' not found.
findfont: Font family 'Nimbus Roman' not found.
findfont: Font family 'Nimbus Roman' not found.
findfont: Font family 'Nimbus Roman' not found.
findfont: Font family 'Nimbus Roman' not found.
findfont: Font family 'Nimbus Roman' not found.
findfont: Font family 'Nimbus Roman' not found.
findfont: Font family 'Nimbus Roman' not found.
findfont: Font family 'Nimbus Roman' not found.
findfont: Font family 'Nimbus Roman' not found.
findfont: Font family 'Nimbus Roman' not found.
findfont: Font family 'Nimbus Roman' not found.
findfont: Font family 'Nimbus Roman' not found.
findfont: Font family 'Nimbus Roman' not found.
findfont: Font family 'Nimbus Roman' not found.
findfont: Font family 'Nimbus Roman' not found.
findfont: Font family 'Nimbus Roman' not found.
findfont: Font family 'Nimbus Roman' not found.
findfont: Font family 'Nimbus Roman' not found.
findfont: Font family 'Nimbus Roman' not found.
findfont: Font family 'Nimbus Roman' not found.
findfont: Font family 'Nimbus Roman' not found.
findfont: Font family 'Nimbus Roman' not found.
findfont: Font family 'Nimbus Roman' not found.
findfont: Font family 'Nimbus Roman' not found.
findfont: Font family 'Nimbus Roman' not found.
findfont: Font family 'Nimbus Roman' not found.
findfont: Font family 'Nimbus Roman' not found.
findfont: Font family 'Nimbus Roman' not found.
findfont: Font family 'Nimbus Roman' not found.
findfont: Font family 'Nimbus Roman' not found.
findfont: Font family 'Nimbus Roman' not found.
findfont: Font family 'Nimbus Roman' not found.
findfont: Font family 'Nimbus Roman' not found.
findfont: Font family 'Nimbus Roman' not found.
findfont: Font family 'Nimbus Roman' not found.
findfont: Font family ['Nimbus Roman'] not found. Falling back to DejaVu Sans.
findfont: Font family 'Nimbus Roman' not found.
findfont: Font family ['Nimbus Roman'] not found. Falling back to DejaVu Sans.
findfont: Font family 'Nimbus Roman' not found.
findfont: Font family 'Nimbus Roman' not found.
findfont: Font family 'Nimbus Roman' not found.
findfont: Font family 'Nimbus Roman' not found.
findfont: Font family 'Nimbus Roman' not found.
findfont: Font family 'Nimbus Roman' not found.
findfont: Font family 'Nimbus Roman' not found.
findfont: Font family 'Nimbus Roman' not found.
findfont: Font family 'Nimbus Roman' not found.
findfont: Font family 'Nimbus Roman' not found.
findfont: Font family 'Nimbus Roman' not found.
findfont: Font family 'Nimbus Roman' not found.
findfont: Font family 'Nimbus Roman' not found.
findfont: Font family ['Nimbus Roman'] not found. Falling back to DejaVu Sans.
findfont: Font family 'Nimbus Roman' not found.
findfont: Font family 'Nimbus Roman' not found.
findfont: Font family 'Nimbus Roman' not found.
findfont: Font family 'Nimbus Roman' not found.
findfont: Font family 'Nimbus Roman' not found.
findfont: Font family 'Nimbus Roman' not found.
findfont: Font family 'Nimbus Roman' not found.
findfont: Font family 'Nimbus Roman' not found.
findfont: Font family 'Nimbus Roman' not found.
findfont: Font family 'Nimbus Roman' not found.
findfont: Font family 'Nimbus Roman' not found.
findfont: Font family 'Nimbus Roman' not found.
findfont: Font family 'Nimbus Roman' not found.
findfont: Font family 'Nimbus Roman' not found.
findfont: Font family 'Nimbus Roman' not found.
findfont: Font family 'Nimbus Roman' not found.
findfont: Font family 'Nimbus Roman' not found.
findfont: Font family 'Nimbus Roman' not found.
findfont: Font family 'Nimbus Roman' not found.
findfont: Font family 'Nimbus Roman' not found.
findfont: Font family 'Nimbus Roman' not found.
findfont: Font family 'Nimbus Roman' not found.
findfont: Font family 'Nimbus Roman' not found.
findfont: Font family 'Nimbus Roman' not found.
findfont: Font family 'Nimbus Roman' not found.
findfont: Font family 'Nimbus Roman' not found.
findfont: Font family 'Nimbus Roman' not found.
findfont: Font family 'Nimbus Roman' not found.
findfont: Font family 'Nimbus Roman' not found.
findfont: Font family 'Nimbus Roman' not found.
findfont: Font family 'Nimbus Roman' not found.
findfont: Font family 'Nimbus Roman' not found.
findfont: Font family 'Nimbus Roman' not found.
findfont: Font family 'Nimbus Roman' not found.
findfont: Font family 'Nimbus Roman' not found.
findfont: Font family 'Nimbus Roman' not found.
findfont: Font family 'Nimbus Roman' not found.
findfont: Font family 'Nimbus Roman' not found.
findfont: Font family 'Nimbus Roman' not found.
findfont: Font family 'Nimbus Roman' not found.
findfont: Font family 'Nimbus Roman' not found.
findfont: Font family 'Nimbus Roman' not found.
findfont: Font family 'Nimbus Roman' not found.
findfont: Font family 'Nimbus Roman' not found.
findfont: Font family 'Nimbus Roman' not found.
findfont: Font family 'Nimbus Roman' not found.
findfont: Font family 'Nimbus Roman' not found.
findfont: Font family 'Nimbus Roman' not found.
findfont: Font family 'Nimbus Roman' not found.
findfont: Font family 'Nimbus Roman' not found.
findfont: Font family 'Nimbus Roman' not found.
findfont: Font family 'Nimbus Roman' not found.
findfont: Font family 'Nimbus Roman' not found.
findfont: Font family 'Nimbus Roman' not found.
findfont: Font family 'Nimbus Roman' not found.
findfont: Font family 'Nimbus Roman' not found.
findfont: Font family 'Nimbus Roman' not found.
findfont: Font family 'Nimbus Roman' not found.
findfont: Font family 'Nimbus Roman' not found.
findfont: Font family 'Nimbus Roman' not found.
findfont: Font family 'Nimbus Roman' not found.
findfont: Font family 'Nimbus Roman' not found.
findfont: Font family 'Nimbus Roman' not found.
findfont: Font family 'Nimbus Roman' not found.
findfont: Font family 'Nimbus Roman' not found.
findfont: Font family 'Nimbus Roman' not found.
findfont: Font family 'Nimbus Roman' not found.
findfont: Font family 'Nimbus Roman' not found.
findfont: Font family 'Nimbus Roman' not found.
findfont: Font family 'Nimbus Roman' not found.
findfont: Font family 'Nimbus Roman' not found.
findfont: Font family 'Nimbus Roman' not found.
findfont: Font family 'Nimbus Roman' not found.
findfont: Font family 'Nimbus Roman' not found.
findfont: Font family 'Nimbus Roman' not found.
findfont: Font family 'Nimbus Roman' not found.
findfont: Font family 'Nimbus Roman' not found.
findfont: Font family 'Nimbus Roman' not found.
findfont: Font family 'Nimbus Roman' not found.
findfont: Font family 'Nimbus Roman' not found.
findfont: Font family 'Nimbus Roman' not found.
findfont: Font family 'Nimbus Roman' not found.
findfont: Font family 'Nimbus Roman' not found.
findfont: Font family 'Nimbus Roman' not found.
findfont: Font family 'Nimbus Roman' not found.
Ridge mode: rkhs; diagnostic interval: 50
Iter 1/4000 | log_obj=9.801e+00 | log_Bellman_root=3.472e+00 | mass=1.70e+04 | neg=0.00e+00 | grad=8.01e+02
Iter 400/4000 | log_obj=4.261e+00 | log_Bellman_root=6.912e-01 | mass=6.69e+01 | neg=0.00e+00 | grad=1.08e+04
Iter 800/4000 | log_obj=4.865e+00 | log_Bellman_root=9.948e-01 | mass=1.22e+02 | neg=0.00e+00 | grad=6.28e+03
Iter 1200/4000 | log_obj=3.224e+00 | log_Bellman_root=1.902e-01 | mass=2.36e+01 | neg=0.00e+00 | grad=1.42e+03
Iter 1600/4000 | log_obj=3.707e+00 | log_Bellman_root=4.144e-01 | mass=3.84e+01 | neg=0.00e+00 | grad=6.79e+03
Iter 2000/4000 | log_obj=4.125e+00 | log_Bellman_root=6.243e-01 | mass=5.84e+01 | neg=0.00e+00 | grad=1.76e+03
Iter 2400/4000 | log_obj=1.006e+00 | log_Bellman_root=-6.701e-01 | mass=2.45e+00 | neg=0.00e+00 | grad=1.27e+03
Iter 2800/4000 | log_obj=1.977e+00 | log_Bellman_root=-3.990e-01 | mass=6.75e+00 | neg=0.00e+00 | grad=4.82e+02
Iter 3200/4000 | log_obj=5.836e-01 | log_Bellman_root=-7.302e-01 | mass=1.54e+00 | neg=0.00e+00 | grad=1.58e+03
Iter 3600/4000 | log_obj=1.950e-01 | log_Bellman_root=-1.073e+00 | mass=1.08e+00 | neg=0.00e+00 | grad=1.59e+03
Iter 4000/4000 | log_obj=1.958e+00 | log_Bellman_root=-4.080e-01 | mass=6.62e+00 | neg=0.00e+00 | grad=5.01e+02
Returning best diagnostic checkpoint from step 2950 (objective=9.166e-01, Bellman=8.318e-02).
Done in 14.80s.
KE-DRL global estimation is done.
B_hat shape: (3084, 800)
B_hat rank diagnostics: {'B_num_rows': 3084, 'B_num_cols': 800, 'B_min_dim': 800, 'B_numerical_rank': 800, 'B_rank_fraction': 1.0, 'B_rank_tolerance': 3.5355508675394276e-05, 'B_stable_rank': 262.5146179199219, 'B_effective_rank': 771.4210761674391, 'B_entropy_rank': 6.6482343673706055, 'B_spectral_norm': 0.09616845101118088, 'B_frobenius_norm': 1.5581504106521606, 'B_nuclear_norm': 42.56651306152344, 'B_condition_number': 3.5531321146024863, 'B_condition_number_tol': 3.5531321146024863, 'B_smallest_singular_value': 0.02706582471728325, 'B_rank_rel_1em2': 800, 'B_rank_rel_1em3': 800, 'B_rank_rel_1em4': 800}
Global-loss target mass diagnostics: {'target_mass_mean': 0.2747596502304077, 'target_mass_min': -0.8553129434585571, 'target_mass_max': 1.3741270303726196, 'target_mass_sd': 0.5402299165725708, 'target_mass_rmse_to_target': 0.902720034122467, 'target_beta_min': -0.011142188683152199, 'target_beta_max': 0.04445095360279083, 'target_neg_frac_mean': 0.48674999999999996}
Return dictionary Z_grid shape: (800, 3)
Replicate 15 risk metrics: {'risk_n_steps_recorded': 81.0, 'risk_n_diagnostics_recorded': 81.0, 'risk_log_obj_initial': 9.800958527893654, 'risk_log_obj_final': 1.9579100162463572, 'risk_log_obj_min': -0.08708717529598682, 'risk_obj_initial': 18051.039062499993, 'risk_obj_final': 7.084505081176757, 'risk_obj_min': 0.9165971875190735, 'risk_log_obj_drop': 7.8430485116472966, 'risk_log_bellman_root_initial': 3.4721917786264695, 'risk_log_bellman_root_final': -0.4080376725293059, 'risk_log_bellman_root_min': -1.2433605992822667, 'risk_bellman_root_initial': 32.20725631713868, 'risk_bellman_root_final': 0.6649538278579712, 'risk_bellman_root_min': 0.2884133458137513, 'risk_bellman_initial': 1037.307359477869, 'risk_bellman_final': 0.4421635931829684, 'risk_bellman_min': 0.08318225804348246, 'risk_log_bellman_root_drop': 3.8802294511557753, 'risk_bellman_returned': 0.08318226039409637, 'risk_obj_returned': 0.9165971875190735, 'risk_returned_step': 2950.0, 'offline_data_id': 15, 'benchmark_point_source': 'fixed_config_plus_support_safe_target_policy_draws', 'target_set_size': 100, 'lambda_reg': 0.005, 'lambda_B': 0.02, 'num_steps': 4000, 'transition_reduction_enabled': 1, 'transition_reduction_method': 'kmeans', 'transition_original_rows': 12000, 'transition_reduced_rows': 3084, 'transition_compression_ratio': 0.257, 'target_mass_mean': 0.2747596502304077, 'target_mass_min': -0.8553129434585571, 'target_mass_max': 1.3741270303726196, 'target_mass_sd': 0.5402299165725708, 'target_mass_rmse_to_target': 0.902720034122467, 'target_beta_min': -0.011142188683152199, 'target_beta_max': 0.04445095360279083, 'target_neg_frac_mean': 0.48674999999999996, 'B_num_rows': 3084, 'B_num_cols': 800, 'B_min_dim': 800, 'B_numerical_rank': 800, 'B_rank_fraction': 1.0, 'B_rank_tolerance': 3.5355508675394276e-05, 'B_stable_rank': 262.5146179199219, 'B_effective_rank': 771.4210761674391, 'B_entropy_rank': 6.6482343673706055, 'B_spectral_norm': 0.09616845101118088, 'B_frobenius_norm': 1.5581504106521606, 'B_nuclear_norm': 42.56651306152344, 'B_condition_number': 3.5531321146024863, 'B_condition_number_tol': 3.5531321146024863, 'B_smallest_singular_value': 0.02706582471728325, 'B_rank_rel_1em2': 800, 'B_rank_rel_1em3': 800, 'B_rank_rel_1em4': 800, 'risk_objective_final_raw': 7.084505081176758, 'risk_objective_min_raw': 0.9165971875190735, 'risk_objective_max_raw': 18051.0390625, 'risk_bellman_final_raw': 0.4421636164188385, 'risk_bellman_min_raw': 0.08318226039409637, 'risk_bellman_max_raw': 1037.307373046875, 'risk_rkhs_ridge_final_raw': 0.017568314447999, 'risk_rkhs_ridge_min_raw': 0.016104936599731445, 'risk_rkhs_ridge_max_raw': 2.32975435256958, 'risk_mass_final_raw': 6.624773025512695, 'risk_mass_min_raw': 0.8149033784866333, 'risk_mass_max_raw': 17011.40234375, 'risk_negativity_final_raw': 0.0, 'risk_negativity_min_raw': 0.0, 'risk_negativity_max_raw': 0.0, 'risk_B_norm_final_raw': 1.5537707805633545, 'risk_B_norm_min_raw': 1.5537707805633545, 'risk_B_norm_max_raw': 1.6399264335632324, 'risk_diagnostic_step_final_raw': 4000.0, 'risk_diagnostic_step_min_raw': 1.0, 'risk_diagnostic_step_max_raw': 4000.0, 'risk_best_step_final_raw': 2950.0, 'risk_best_step_min_raw': 2950.0, 'risk_best_step_max_raw': 2950.0, 'risk_best_objective_final_raw': 0.9165971875190735, 'risk_best_objective_min_raw': 0.9165971875190735, 'risk_best_objective_max_raw': 0.9165971875190735, 'risk_best_bellman_final_raw': 0.08318226039409637, 'risk_best_bellman_min_raw': 0.08318226039409637, 'risk_best_bellman_max_raw': 0.08318226039409637, 'risk_returned_step_final_raw': 2950.0, 'risk_returned_step_min_raw': 2950.0, 'risk_returned_step_max_raw': 2950.0, 'risk_returned_objective_final_raw': 0.9165971875190735, 'risk_returned_objective_min_raw': 0.9165971875190735, 'risk_returned_objective_max_raw': 0.9165971875190735, 'risk_returned_bellman_final_raw': 0.08318226039409637, 'risk_returned_bellman_min_raw': 0.08318226039409637, 'risk_returned_bellman_max_raw': 0.08318226039409637, 'risk_returned_best_checkpoint_final_raw': 1.0, 'risk_returned_best_checkpoint_min_raw': 1.0, 'risk_returned_best_checkpoint_max_raw': 1.0}
Benchmark 0 evaluation grid shape: (800, 3)
Replicate 15, benchmark 0 metrics: {'run_id': '15_b0', 'RMSE': 0.2315427695541762, 'MAE': 0.21706976897596178, 'SupNorm': 0.3612733483314514, 'Bias': -0.21706976897596178, 'Corr': 0.5763214895083706, 'deming_slope': 0.27967898690705667, 'deming_intercept': -0.026235483858187338, 'beta_sum': 0.125838041305542, 'beta_l1': 1.6621079444885254, 'beta_l2': 0.07481801509857178, 'beta_min': -0.009231536649167538, 'beta_max': 0.009547156281769276, 'beta_neg_frac': 0.48875, 'offline_data_id': 15, 'benchmark_id': 0, 'benchmark_point_source': 'fixed_config', 'target_set_size': 100, 'benchmark_z_path': 'data/Z_true.pt', 'projected_bellman_test_risk': 0.01829049177467823, 'oracle_embedding_risk': 0.9395594596862793, 'benchmark_embedding_risk': 0.9395594596862793, 'risk_bellman_final': 0.4421635931829684, 'risk_obj_final': 7.084505081176757, 'B_num_rows': 3084, 'B_num_cols': 800, 'B_min_dim': 800, 'B_numerical_rank': 800, 'B_rank_fraction': 1.0, 'B_rank_tolerance': 3.5355508675394276e-05, 'B_stable_rank': 262.5146179199219, 'B_effective_rank': 771.4210761674391, 'B_entropy_rank': 6.6482343673706055, 'B_spectral_norm': 0.09616845101118088, 'B_frobenius_norm': 1.5581504106521606, 'B_nuclear_norm': 42.56651306152344, 'B_condition_number': 3.5531321146024863, 'B_condition_number_tol': 3.5531321146024863, 'B_smallest_singular_value': 0.02706582471728325, 'B_rank_rel_1em2': 800, 'B_rank_rel_1em3': 800, 'B_rank_rel_1em4': 800}
Saved ./mu/mu_hat.csv shape=(800,)
Saved ./mu/mu2D_hat_dims01.csv shape=(120, 120)
Saved ./mu/mu2D_hat_dims01.csv shape=(120, 120)
Saved plots/replicate_15/mu_3D.png
Benchmark 1 evaluation grid shape: (800, 3)
Replicate 15, benchmark 1 metrics: {'run_id': '15_b1', 'RMSE': 0.4488005699189519, 'MAE': 0.41648787619422367, 'SupNorm': 0.7245884239673615, 'Bias': -0.41648787619422367, 'Corr': -0.9870345245365847, 'deming_slope': -0.7160205113775944, 'deming_intercept': 0.035198200780874545, 'beta_sum': -0.4626571536064148, 'beta_l1': 1.561592698097229, 'beta_l2': 0.06898253411054611, 'beta_min': -0.009825333952903748, 'beta_max': 0.006756755523383617, 'beta_neg_frac': 0.60375, 'offline_data_id': 15, 'benchmark_id': 1, 'benchmark_point_source': 'fixed_config', 'target_set_size': 100, 'benchmark_z_path': 'data/Z_true.pt', 'projected_bellman_test_risk': 0.06756603717803955, 'oracle_embedding_risk': 1.4063926935195923, 'benchmark_embedding_risk': 1.4063926935195923, 'risk_bellman_final': 0.4421635931829684, 'risk_obj_final': 7.084505081176757, 'B_num_rows': 3084, 'B_num_cols': 800, 'B_min_dim': 800, 'B_numerical_rank': 800, 'B_rank_fraction': 1.0, 'B_rank_tolerance': 3.5355508675394276e-05, 'B_stable_rank': 262.5146179199219, 'B_effective_rank': 771.4210761674391, 'B_entropy_rank': 6.6482343673706055, 'B_spectral_norm': 0.09616845101118088, 'B_frobenius_norm': 1.5581504106521606, 'B_nuclear_norm': 42.56651306152344, 'B_condition_number': 3.5531321146024863, 'B_condition_number_tol': 3.5531321146024863, 'B_smallest_singular_value': 0.02706582471728325, 'B_rank_rel_1em2': 800, 'B_rank_rel_1em3': 800, 'B_rank_rel_1em4': 800}
Benchmark 2 evaluation grid shape: (800, 3)
Replicate 15, benchmark 2 metrics: {'run_id': '15_b2', 'RMSE': 0.4462325791039711, 'MAE': 0.4167143126051087, 'SupNorm': 0.7116682529449463, 'Bias': -0.4167143126051087, 'Corr': -0.8063643880689331, 'deming_slope': -0.729198289833537, 'deming_intercept': 0.05164596249390463, 'beta_sum': -0.4634937644004822, 'beta_l1': 1.5669763088226318, 'beta_l2': 0.07007695734500885, 'beta_min': -0.008760357275605202, 'beta_max': 0.007175370119512081, 'beta_neg_frac': 0.61625, 'offline_data_id': 15, 'benchmark_id': 2, 'benchmark_point_source': 'fixed_config', 'target_set_size': 100, 'benchmark_z_path': 'data/Z_true.pt', 'projected_bellman_test_risk': 0.04008305445313454, 'oracle_embedding_risk': 1.3832359313964844, 'benchmark_embedding_risk': 1.3832359313964844, 'risk_bellman_final': 0.4421635931829684, 'risk_obj_final': 7.084505081176757, 'B_num_rows': 3084, 'B_num_cols': 800, 'B_min_dim': 800, 'B_numerical_rank': 800, 'B_rank_fraction': 1.0, 'B_rank_tolerance': 3.5355508675394276e-05, 'B_stable_rank': 262.5146179199219, 'B_effective_rank': 771.4210761674391, 'B_entropy_rank': 6.6482343673706055, 'B_spectral_norm': 0.09616845101118088, 'B_frobenius_norm': 1.5581504106521606, 'B_nuclear_norm': 42.56651306152344, 'B_condition_number': 3.5531321146024863, 'B_condition_number_tol': 3.5531321146024863, 'B_smallest_singular_value': 0.02706582471728325, 'B_rank_rel_1em2': 800, 'B_rank_rel_1em3': 800, 'B_rank_rel_1em4': 800}
Benchmark 3 evaluation grid shape: (800, 3)
Replicate 15, benchmark 3 metrics: {'run_id': '15_b3', 'RMSE': 0.4037829013837531, 'MAE': 0.3730341413239512, 'SupNorm': 0.6668132394552231, 'Bias': -0.3730341413239512, 'Corr': -0.8277567346736802, 'deming_slope': -0.6115171312765777, 'deming_intercept': 0.04902816936351574, 'beta_sum': -0.31779801845550537, 'beta_l1': 1.5865952968597412, 'beta_l2': 0.07105724513530731, 'beta_min': -0.008366566151380539, 'beta_max': 0.007638521492481232, 'beta_neg_frac': 0.57625, 'offline_data_id': 15, 'benchmark_id': 3, 'benchmark_point_source': 'fixed_config', 'target_set_size': 100, 'benchmark_z_path': 'data/Z_true.pt', 'projected_bellman_test_risk': 0.06442919373512268, 'oracle_embedding_risk': 1.2916390895843506, 'benchmark_embedding_risk': 1.2916390895843506, 'risk_bellman_final': 0.4421635931829684, 'risk_obj_final': 7.084505081176757, 'B_num_rows': 3084, 'B_num_cols': 800, 'B_min_dim': 800, 'B_numerical_rank': 800, 'B_rank_fraction': 1.0, 'B_rank_tolerance': 3.5355508675394276e-05, 'B_stable_rank': 262.5146179199219, 'B_effective_rank': 771.4210761674391, 'B_entropy_rank': 6.6482343673706055, 'B_spectral_norm': 0.09616845101118088, 'B_frobenius_norm': 1.5581504106521606, 'B_nuclear_norm': 42.56651306152344, 'B_condition_number': 3.5531321146024863, 'B_condition_number_tol': 3.5531321146024863, 'B_smallest_singular_value': 0.02706582471728325, 'B_rank_rel_1em2': 800, 'B_rank_rel_1em3': 800, 'B_rank_rel_1em4': 800}
Benchmark 4 evaluation grid shape: (800, 3)
Replicate 15, benchmark 4 metrics: {'run_id': '15_b4', 'RMSE': 0.127520347072322, 'MAE': 0.10594858585798647, 'SupNorm': 0.3972836807370186, 'Bias': -0.024826093697338365, 'Corr': 0.42553791318380524, 'deming_slope': 1.9698558562812842, 'deming_intercept': -0.2861071895263737, 'beta_sum': 1.5691564083099365, 'beta_l1': 2.107130765914917, 'beta_l2': 0.12079884856939316, 'beta_min': -0.004447226878255606, 'beta_max': 0.029647966846823692, 'beta_neg_frac': 0.2775, 'offline_data_id': 15, 'benchmark_id': 4, 'benchmark_point_source': 'support_safe_target_policy_draw', 'target_set_size': 100, 'benchmark_z_path': 'data/Z_true.pt', 'projected_bellman_test_risk': 0.07176201045513153, 'oracle_embedding_risk': 1.0211093425750732, 'benchmark_embedding_risk': 1.0211093425750732, 'risk_bellman_final': 0.4421635931829684, 'risk_obj_final': 7.084505081176757, 'B_num_rows': 3084, 'B_num_cols': 800, 'B_min_dim': 800, 'B_numerical_rank': 800, 'B_rank_fraction': 1.0, 'B_rank_tolerance': 3.5355508675394276e-05, 'B_stable_rank': 262.5146179199219, 'B_effective_rank': 771.4210761674391, 'B_entropy_rank': 6.6482343673706055, 'B_spectral_norm': 0.09616845101118088, 'B_frobenius_norm': 1.5581504106521606, 'B_nuclear_norm': 42.56651306152344, 'B_condition_number': 3.5531321146024863, 'B_condition_number_tol': 3.5531321146024863, 'B_smallest_singular_value': 0.02706582471728325, 'B_rank_rel_1em2': 800, 'B_rank_rel_1em3': 800, 'B_rank_rel_1em4': 800}
Benchmark 5 evaluation grid shape: (800, 3)
Replicate 15, benchmark 5 metrics: {'run_id': '15_b5', 'RMSE': 0.2522074710155628, 'MAE': 0.23513008862450532, 'SupNorm': 0.40247194841504097, 'Bias': -0.23507497543651426, 'Corr': 0.29599039572262353, 'deming_slope': 0.05551771588874373, 'deming_intercept': 0.010107817284673911, 'beta_sum': 0.1843298077583313, 'beta_l1': 0.4936278164386749, 'beta_l2': 0.021996160969138145, 'beta_min': -0.0016832544934004545, 'beta_max': 0.00306368968449533, 'beta_neg_frac': 0.40125, 'offline_data_id': 15, 'benchmark_id': 5, 'benchmark_point_source': 'support_safe_target_policy_draw', 'target_set_size': 100, 'benchmark_z_path': 'data/Z_true.pt', 'projected_bellman_test_risk': 0.01128342468291521, 'oracle_embedding_risk': 0.9587805867195129, 'benchmark_embedding_risk': 0.9587805867195129, 'risk_bellman_final': 0.4421635931829684, 'risk_obj_final': 7.084505081176757, 'B_num_rows': 3084, 'B_num_cols': 800, 'B_min_dim': 800, 'B_numerical_rank': 800, 'B_rank_fraction': 1.0, 'B_rank_tolerance': 3.5355508675394276e-05, 'B_stable_rank': 262.5146179199219, 'B_effective_rank': 771.4210761674391, 'B_entropy_rank': 6.6482343673706055, 'B_spectral_norm': 0.09616845101118088, 'B_frobenius_norm': 1.5581504106521606, 'B_nuclear_norm': 42.56651306152344, 'B_condition_number': 3.5531321146024863, 'B_condition_number_tol': 3.5531321146024863, 'B_smallest_singular_value': 0.02706582471728325, 'B_rank_rel_1em2': 800, 'B_rank_rel_1em3': 800, 'B_rank_rel_1em4': 800}
Benchmark 6 evaluation grid shape: (800, 3)
Replicate 15, benchmark 6 metrics: {'run_id': '15_b6', 'RMSE': 0.25386765594230243, 'MAE': 0.23678484910939004, 'SupNorm': 0.40990310721099377, 'Bias': -0.23678484910939004, 'Corr': 0.34208262689830066, 'deming_slope': 0.16044395828269964, 'deming_intercept': -0.012843678228717653, 'beta_sum': 0.09882009029388428, 'beta_l1': 1.7983039617538452, 'beta_l2': 0.08024580031633377, 'beta_min': -0.008379279635846615, 'beta_max': 0.009128841571509838, 'beta_neg_frac': 0.4825, 'offline_data_id': 15, 'benchmark_id': 6, 'benchmark_point_source': 'support_safe_target_policy_draw', 'target_set_size': 100, 'benchmark_z_path': 'data/Z_true.pt', 'projected_bellman_test_risk': 0.01103262696415186, 'oracle_embedding_risk': 0.9660640358924866, 'benchmark_embedding_risk': 0.9660640358924866, 'risk_bellman_final': 0.4421635931829684, 'risk_obj_final': 7.084505081176757, 'B_num_rows': 3084, 'B_num_cols': 800, 'B_min_dim': 800, 'B_numerical_rank': 800, 'B_rank_fraction': 1.0, 'B_rank_tolerance': 3.5355508675394276e-05, 'B_stable_rank': 262.5146179199219, 'B_effective_rank': 771.4210761674391, 'B_entropy_rank': 6.6482343673706055, 'B_spectral_norm': 0.09616845101118088, 'B_frobenius_norm': 1.5581504106521606, 'B_nuclear_norm': 42.56651306152344, 'B_condition_number': 3.5531321146024863, 'B_condition_number_tol': 3.5531321146024863, 'B_smallest_singular_value': 0.02706582471728325, 'B_rank_rel_1em2': 800, 'B_rank_rel_1em3': 800, 'B_rank_rel_1em4': 800}
Benchmark 7 evaluation grid shape: (800, 3)
Replicate 15, benchmark 7 metrics: {'run_id': '15_b7', 'RMSE': 0.05632294580492041, 'MAE': 0.04701542185561266, 'SupNorm': 0.1264655590057373, 'Bias': 0.013245851193205453, 'Corr': 0.870207532710136, 'deming_slope': 1.1973336905907415, 'deming_intercept': -0.03888648361581709, 'beta_sum': 1.114532470703125, 'beta_l1': 1.915556788444519, 'beta_l2': 0.09900031983852386, 'beta_min': -0.005917455535382032, 'beta_max': 0.02534729242324829, 'beta_neg_frac': 0.31875, 'offline_data_id': 15, 'benchmark_id': 7, 'benchmark_point_source': 'support_safe_target_policy_draw', 'target_set_size': 100, 'benchmark_z_path': 'data/Z_true.pt', 'projected_bellman_test_risk': 0.0232841819524765, 'oracle_embedding_risk': 0.7730495929718018, 'benchmark_embedding_risk': 0.7730495929718018, 'risk_bellman_final': 0.4421635931829684, 'risk_obj_final': 7.084505081176757, 'B_num_rows': 3084, 'B_num_cols': 800, 'B_min_dim': 800, 'B_numerical_rank': 800, 'B_rank_fraction': 1.0, 'B_rank_tolerance': 3.5355508675394276e-05, 'B_stable_rank': 262.5146179199219, 'B_effective_rank': 771.4210761674391, 'B_entropy_rank': 6.6482343673706055, 'B_spectral_norm': 0.09616845101118088, 'B_frobenius_norm': 1.5581504106521606, 'B_nuclear_norm': 42.56651306152344, 'B_condition_number': 3.5531321146024863, 'B_condition_number_tol': 3.5531321146024863, 'B_smallest_singular_value': 0.02706582471728325, 'B_rank_rel_1em2': 800, 'B_rank_rel_1em3': 800, 'B_rank_rel_1em4': 800}
Benchmark 8 evaluation grid shape: (800, 3)
Replicate 15, benchmark 8 metrics: {'run_id': '15_b8', 'RMSE': 0.12540501137179438, 'MAE': 0.11259261115046684, 'SupNorm': 0.2112463265657425, 'Bias': -0.11217134847829584, 'Corr': 0.8975055779926543, 'deming_slope': 0.5119891222710954, 'deming_intercept': 0.01625830333513162, 'beta_sum': 0.7301622629165649, 'beta_l1': 1.7237247228622437, 'beta_l2': 0.0854315459728241, 'beta_min': -0.008364258334040642, 'beta_max': 0.016109872609376907, 'beta_neg_frac': 0.4, 'offline_data_id': 15, 'benchmark_id': 8, 'benchmark_point_source': 'support_safe_target_policy_draw', 'target_set_size': 100, 'benchmark_z_path': 'data/Z_true.pt', 'projected_bellman_test_risk': 0.030078303068876266, 'oracle_embedding_risk': 0.7964795231819153, 'benchmark_embedding_risk': 0.7964795231819153, 'risk_bellman_final': 0.4421635931829684, 'risk_obj_final': 7.084505081176757, 'B_num_rows': 3084, 'B_num_cols': 800, 'B_min_dim': 800, 'B_numerical_rank': 800, 'B_rank_fraction': 1.0, 'B_rank_tolerance': 3.5355508675394276e-05, 'B_stable_rank': 262.5146179199219, 'B_effective_rank': 771.4210761674391, 'B_entropy_rank': 6.6482343673706055, 'B_spectral_norm': 0.09616845101118088, 'B_frobenius_norm': 1.5581504106521606, 'B_nuclear_norm': 42.56651306152344, 'B_condition_number': 3.5531321146024863, 'B_condition_number_tol': 3.5531321146024863, 'B_smallest_singular_value': 0.02706582471728325, 'B_rank_rel_1em2': 800, 'B_rank_rel_1em3': 800, 'B_rank_rel_1em4': 800}
Benchmark 9 evaluation grid shape: (800, 3)
Replicate 15, benchmark 9 metrics: {'run_id': '15_b9', 'RMSE': 0.059552835006559696, 'MAE': 0.05207047832140233, 'SupNorm': 0.10551708936691284, 'Bias': -0.050907223664107736, 'Corr': 0.9566166376138732, 'deming_slope': 0.8229126247136437, 'deming_intercept': -0.003351387702235087, 'beta_sum': 0.887908935546875, 'beta_l1': 1.9200595617294312, 'beta_l2': 0.09625297039747238, 'beta_min': -0.006074514240026474, 'beta_max': 0.016818609088659286, 'beta_neg_frac': 0.3875, 'offline_data_id': 15, 'benchmark_id': 9, 'benchmark_point_source': 'support_safe_target_policy_draw', 'target_set_size': 100, 'benchmark_z_path': 'data/Z_true.pt', 'projected_bellman_test_risk': 0.017344176769256592, 'oracle_embedding_risk': 0.7527960538864136, 'benchmark_embedding_risk': 0.7527960538864136, 'risk_bellman_final': 0.4421635931829684, 'risk_obj_final': 7.084505081176757, 'B_num_rows': 3084, 'B_num_cols': 800, 'B_min_dim': 800, 'B_numerical_rank': 800, 'B_rank_fraction': 1.0, 'B_rank_tolerance': 3.5355508675394276e-05, 'B_stable_rank': 262.5146179199219, 'B_effective_rank': 771.4210761674391, 'B_entropy_rank': 6.6482343673706055, 'B_spectral_norm': 0.09616845101118088, 'B_frobenius_norm': 1.5581504106521606, 'B_nuclear_norm': 42.56651306152344, 'B_condition_number': 3.5531321146024863, 'B_condition_number_tol': 3.5531321146024863, 'B_smallest_singular_value': 0.02706582471728325, 'B_rank_rel_1em2': 800, 'B_rank_rel_1em3': 800, 'B_rank_rel_1em4': 800}
Replicate 15 finished in 24.7s
Finished combo 3, offline replicate 15.
