Job ID:    2359303
Array idx: 493
CPUs/node: 64
Mem/node:  131072
Using CC = cc 
Using CXX = CC 
Using FC = ftn 
Using F77 = ftn 
Using F90 = ftn 
cuda/12.6.1 is deprecated; loading cudatoolkit/25.5_12.9 instead.
Using CC = /opt/nvidia/hpc_sdk/Linux_aarch64/25.5/compilers/bin/nvc 
Using CXX = /opt/nvidia/hpc_sdk/Linux_aarch64/25.5/compilers/bin/nvc++ 
Using FC = /opt/nvidia/hpc_sdk/Linux_aarch64/25.5/compilers/bin/nvfortran 
Using F77 = /opt/nvidia/hpc_sdk/Linux_aarch64/25.5/compilers/bin/nvfortran 
Using F90 = /opt/nvidia/hpc_sdk/Linux_aarch64/25.5/compilers/bin/nvfortran 
Using CC = /opt/nvidia/hpc_sdk/Linux_aarch64/25.5/compilers/bin/nvc 
Using CXX = /opt/nvidia/hpc_sdk/Linux_aarch64/25.5/compilers/bin/nvc++ 
Using FC = /opt/nvidia/hpc_sdk/Linux_aarch64/25.5/compilers/bin/nvfortran 
Using F77 = /opt/nvidia/hpc_sdk/Linux_aarch64/25.5/compilers/bin/nvfortran 
Using F90 = /opt/nvidia/hpc_sdk/Linux_aarch64/25.5/compilers/bin/nvfortran 

Lmod is automatically replacing "gcc-native/14" with "gcc/14.2.0".

ghx4
0
Tuning combo id: 4 / 6
Offline replicate id: 93 / 99
Installing ke_drl from git: https://github.com/mehrdadmhmdi/ke-drl.git@main
Collecting git+https://github.com/mehrdadmhmdi/ke-drl.git@main
  Cloning https://github.com/mehrdadmhmdi/ke-drl.git (to revision main) to /tmp/pip-req-build-5k42cw8u
  Running command git clone --filter=blob:none --quiet https://github.com/mehrdadmhmdi/ke-drl.git /tmp/pip-req-build-5k42cw8u
  Resolved https://github.com/mehrdadmhmdi/ke-drl.git to commit 3c5d570e40ea15b1fbe4817b5f43b64c7b333e82
  Installing build dependencies: started
  Installing build dependencies: finished with status 'done'
  Getting requirements to build wheel: started
  Getting requirements to build wheel: finished with status 'done'
  Preparing metadata (pyproject.toml): started
  Preparing metadata (pyproject.toml): finished with status 'done'
Building wheels for collected packages: ke_drl
  Building wheel for ke_drl (pyproject.toml): started
  Building wheel for ke_drl (pyproject.toml): finished with status 'done'
  Created wheel for ke_drl: filename=ke_drl-0.1.0-py3-none-any.whl size=47219 sha256=68a862405bdfab377754351279b42480c738f4b43aba46fcb82143fe8ea89af7
  Stored in directory: /tmp/pip-ephem-wheel-cache-u6h65r22/wheels/24/47/ad/9a4ffd3b05d3e90e35ffc6e7324b735b8bfcf5f51aaf29a333
Successfully built ke_drl
Installing collected packages: ke_drl
Successfully installed ke_drl-0.1.0
Installed ke_drl source: /work/nvme/bfez/mehrdad3/DistRL/simulation_3/runs/sim3_global_2358722_4/.kedrl_site_493/ke_drl/__init__.py
Tuning combo 4: kernel_length_1.5
Overrides: {'kernel': {'length_scale': 1.5}}
RUN: /sw/user/python/miniforge3-pytorch-24.11.3/bin/python3 validate_sim_config.py --params params.yaml
ke_drl import source: /work/nvme/bfez/mehrdad3/DistRL/simulation_3/runs/sim3_global_2358722_4/.kedrl_site_493/ke_drl/__init__.py
ke_drl package API OK: prediction weights, RFF operators, rank diagnostics, and best-checkpoint optimizer available
Policy config OK: behavior=uniform, target=logistic, state_dim=5, action_dim=1
Note: policy.logistic.theta_scale/theta_std are log-scale coefficients in Probability_Densities.
Behavior-policy linearized state-process diagnostic: spectral_radius=0.653, offline_burn_in=50
Replicate config OK: num_replicates=100, benchmark points=10 independent of D_i, loss target points=100
Transition reduction OK: method=kmeans, raw rows N(T-1)=12000, target rows about 3000, B rows reduced from 12000 to about 3000
Return-operator approximation OK: method=rff, features=512, exact G avoided for estimated N=12000, m=800, L=100
Fixed benchmark config rows=4 (benchmark.num_points=10; additional points are support-safe target-policy draws if needed)
Fixed benchmark point 0: s_star=[0.6, -0.8, 0.7, -0.5, 0.9], a_star=[0.5]
Fixed benchmark behavior-support interval for configured rows: min_lower=-0.12, max_upper=1.11
Fixed benchmark target-policy location range: [-0.02, 0.14]
Reusing shared data from /work/nvme/bfez/mehrdad3/DistRL/simulation_3/runs/sim3_shared_data/data for offline replicate 93.
RUN: /sw/user/python/miniforge3-pytorch-24.11.3/bin/python3 validate_sim_config.py --params params.yaml --data data/offline_data_93.pt
ke_drl import source: /work/nvme/bfez/mehrdad3/DistRL/simulation_3/runs/sim3_global_2358722_4/.kedrl_site_493/ke_drl/__init__.py
ke_drl package API OK: prediction weights, RFF operators, rank diagnostics, and best-checkpoint optimizer available
Policy config OK: behavior=uniform, target=logistic, state_dim=5, action_dim=1
Note: policy.logistic.theta_scale/theta_std are log-scale coefficients in Probability_Densities.
Behavior-policy linearized state-process diagnostic: spectral_radius=0.653, offline_burn_in=50
Replicate config OK: num_replicates=100, benchmark points=10 independent of D_i, loss target points=100
Transition reduction OK: method=kmeans, raw rows N(T-1)=12000, target rows about 3000, B rows reduced from 12000 to about 3000
Return-operator approximation OK: method=rff, features=512, exact G avoided for estimated N=12000, m=800, L=100
Fixed benchmark config rows=4 (benchmark.num_points=10; additional points are support-safe target-policy draws if needed)
Fixed benchmark point 0: s_star=[0.6, -0.8, 0.7, -0.5, 0.9], a_star=[0.5]
Fixed benchmark behavior-support interval for configured rows: min_lower=-0.12, max_upper=1.11
Fixed benchmark target-policy location range: [-0.02, 0.14]
Full benchmark support check OK: 10 points, min_lower=-2.177, max_upper=2.05
observed behavior actions: mean=0.3949, sd=0.6748, q0/q10/q50/q90/q100=[-2.150975227355957, -0.4227300643920898, 0.32415470480918884, 1.3094727158546453, 3.341336488723755]
target-policy sampled actions: mean=-0.02697, sd=0.6649, q0/q10/q50/q90/q100=[-2.677865849120594, -0.8943096041527699, -0.024252460555159717, 0.8225368355410541, 2.4446192815332233]
behavior uniform lower: mean=-0.1267, sd=0.6598, q0/q10/q50/q90/q100=[-2.767871677875519, -0.9857633298635483, -0.12030786275863647, 0.7108649514615536, 2.460712891817093]
behavior uniform upper: mean=0.9181, sd=0.6427, q0/q10/q50/q90/q100=[-1.1788792967796324, 0.08018420189619072, 0.928332781791687, 1.7474094992876053, 3.460712891817093]
target location inside behavior uniform support: 0.969
RUN: /sw/user/python/miniforge3-pytorch-24.11.3/bin/python3 main_est.py
# ================================================================ #
#   Global KE-DRL estimation for one offline replicate              #
# ================================================================ #
Slurm Job ID: 2359303
Slurm Array ID: 93 -- used as the offline-replicate id
Offline data id: 93
ke_drl import source: /work/nvme/bfez/mehrdad3/DistRL/simulation_3/runs/sim3_global_2358722_4/.kedrl_site_493/ke_drl/__init__.py
Estimator device: cuda (NVIDIA GH200 120GB, capability 9.0); torch CUDA=13.0
Random seed: 20460605
Number of offline replicates: 100
[transition reduction] enabled: original rows=12000, target basis=3000, method=kmeans, device=cuda
[transition reduction] kmeans iter 1/20, mean center shift=2.6606e-01
[transition reduction] kmeans iter 5/20, mean center shift=4.1048e-03
[transition reduction] kmeans iter 10/20, mean center shift=4.6483e-05
[transition reduction] selected 3086 rows from 12000 transitions (ratio 0.2572); indices saved to data/reduced_transition_indices_93.pt
Data and parameters loaded.
offline path: data/offline_data_93.pt
benchmark true-Z path: data/Z_true.pt
offline shapes after reduction: s0=(3086, 5), a0=(3086, 1), r0=(3086, 3)
transition reduction: {'enabled': True, 'method': 'kmeans', 'original_rows': 12000, 'reduced_rows': 3086, 'selected_indices_path': 'data/reduced_transition_indices_93.pt', 'target_basis': 3000, 'compression_ratio': 0.25716666666666665}
fixed benchmark point source: fixed_config_plus_support_safe_target_policy_draws
benchmark row excluded from this offline data: None
global loss target set shape: s_star=(100, 5), a_star=(100, 1)
benchmark true-Z count=10, shape each=(50000, 3)
target policy: logistic
behavior policy: uniform
lambda_Gamma=0.005, lambda_B=0.02, d_r_method=song
dtype=torch.float32, operator_method=rff, operator_num_features=512
ridge_mode=rkhs, diagnostic_interval=50
mass_anchor_lambda=1.0, target_mass=1.0
uLSIF basis: source=numerator, n_basis=512, lambda_reg=0.005
optimizer stabilizers: lambda_neg=0.0, max_B_norm=None, eta_clip_min=0.0, eta_clip_max=5.0, normalize_eta=True
========================================
Estimating the global KE-DRL mean embedding
torch device=cuda, dtype=torch.float32
Data dims: N=3086, L=100, Ds=5, Da=1, Dr=3
lambda_Gamma=0.005, lambda_B=0.02
return-operator construction: method=rff, rff_features=512
[uLSIF] basis=512/3086 (numerator); eta_hat min=-8.466e-01 max=5.554e+00 neg%=4.73
ESS for eta_plus: 2170.6 / 3086
eta_plus diagnostics: raw_mean=1, raw_min=-0.847, raw_max=5.55; used_mean=1, used_min=0, used_max=4.93
[timing] Z-grid: 0.03s
[timing] K_X: 0.00s
[timing] K_plus: 0.00s
[timing] k_star: 0.00s
[timing] Gamma_stack: 0.01s
[timing] Phi_stack: 0.00s
[timing] RFF feature sample: 0.00s
[timing] K_Z RFF: 0.00s
[timing] G_stack RFF: 0.01s
[timing] H_stack RFF: 0.01s
findfont: Font family 'Nimbus Roman' not found.
findfont: Font family 'Nimbus Roman' not found.
findfont: Font family 'Nimbus Roman' not found.
findfont: Font family 'Nimbus Roman' not found.
findfont: Font family 'Nimbus Roman' not found.
findfont: Font family 'Nimbus Roman' not found.
findfont: Font family 'Nimbus Roman' not found.
findfont: Font family 'Nimbus Roman' not found.
findfont: Font family 'Nimbus Roman' not found.
findfont: Font family 'Nimbus Roman' not found.
findfont: Font family 'Nimbus Roman' not found.
findfont: Font family 'Nimbus Roman' not found.
findfont: Font family 'Nimbus Roman' not found.
findfont: Font family 'Nimbus Roman' not found.
findfont: Font family 'Nimbus Roman' not found.
findfont: Font family 'Nimbus Roman' not found.
findfont: Font family 'Nimbus Roman' not found.
findfont: Font family 'Nimbus Roman' not found.
findfont: Font family 'Nimbus Roman' not found.
findfont: Font family 'Nimbus Roman' not found.
findfont: Font family 'Nimbus Roman' not found.
findfont: Font family 'Nimbus Roman' not found.
findfont: Font family 'Nimbus Roman' not found.
findfont: Font family 'Nimbus Roman' not found.
findfont: Font family 'Nimbus Roman' not found.
findfont: Font family 'Nimbus Roman' not found.
findfont: Font family 'Nimbus Roman' not found.
findfont: Font family 'Nimbus Roman' not found.
findfont: Font family 'Nimbus Roman' not found.
findfont: Font family 'Nimbus Roman' not found.
findfont: Font family 'Nimbus Roman' not found.
findfont: Font family 'Nimbus Roman' not found.
findfont: Font family 'Nimbus Roman' not found.
findfont: Font family 'Nimbus Roman' not found.
findfont: Font family 'Nimbus Roman' not found.
findfont: Font family 'Nimbus Roman' not found.
findfont: Font family 'Nimbus Roman' not found.
findfont: Font family 'Nimbus Roman' not found.
findfont: Font family 'Nimbus Roman' not found.
findfont: Font family 'Nimbus Roman' not found.
findfont: Font family 'Nimbus Roman' not found.
findfont: Font family 'Nimbus Roman' not found.
findfont: Font family 'Nimbus Roman' not found.
findfont: Font family 'Nimbus Roman' not found.
findfont: Font family 'Nimbus Roman' not found.
findfont: Font family ['Nimbus Roman'] not found. Falling back to DejaVu Sans.
findfont: Font family 'Nimbus Roman' not found.
findfont: Font family ['Nimbus Roman'] not found. Falling back to DejaVu Sans.
findfont: Font family 'Nimbus Roman' not found.
findfont: Font family 'Nimbus Roman' not found.
findfont: Font family 'Nimbus Roman' not found.
findfont: Font family 'Nimbus Roman' not found.
findfont: Font family 'Nimbus Roman' not found.
findfont: Font family 'Nimbus Roman' not found.
findfont: Font family 'Nimbus Roman' not found.
findfont: Font family 'Nimbus Roman' not found.
findfont: Font family 'Nimbus Roman' not found.
findfont: Font family ['Nimbus Roman'] not found. Falling back to DejaVu Sans.
findfont: Font family 'Nimbus Roman' not found.
findfont: Font family 'Nimbus Roman' not found.
findfont: Font family 'Nimbus Roman' not found.
findfont: Font family 'Nimbus Roman' not found.
findfont: Font family 'Nimbus Roman' not found.
findfont: Font family 'Nimbus Roman' not found.
findfont: Font family 'Nimbus Roman' not found.
findfont: Font family 'Nimbus Roman' not found.
findfont: Font family 'Nimbus Roman' not found.
findfont: Font family 'Nimbus Roman' not found.
findfont: Font family 'Nimbus Roman' not found.
findfont: Font family 'Nimbus Roman' not found.
findfont: Font family 'Nimbus Roman' not found.
findfont: Font family 'Nimbus Roman' not found.
findfont: Font family 'Nimbus Roman' not found.
findfont: Font family 'Nimbus Roman' not found.
findfont: Font family 'Nimbus Roman' not found.
findfont: Font family 'Nimbus Roman' not found.
findfont: Font family 'Nimbus Roman' not found.
findfont: Font family 'Nimbus Roman' not found.
findfont: Font family 'Nimbus Roman' not found.
findfont: Font family 'Nimbus Roman' not found.
findfont: Font family 'Nimbus Roman' not found.
findfont: Font family 'Nimbus Roman' not found.
findfont: Font family 'Nimbus Roman' not found.
findfont: Font family 'Nimbus Roman' not found.
findfont: Font family 'Nimbus Roman' not found.
findfont: Font family 'Nimbus Roman' not found.
findfont: Font family 'Nimbus Roman' not found.
findfont: Font family 'Nimbus Roman' not found.
findfont: Font family 'Nimbus Roman' not found.
findfont: Font family 'Nimbus Roman' not found.
findfont: Font family 'Nimbus Roman' not found.
findfont: Font family 'Nimbus Roman' not found.
findfont: Font family 'Nimbus Roman' not found.
findfont: Font family 'Nimbus Roman' not found.
findfont: Font family 'Nimbus Roman' not found.
findfont: Font family 'Nimbus Roman' not found.
findfont: Font family 'Nimbus Roman' not found.
findfont: Font family 'Nimbus Roman' not found.
findfont: Font family 'Nimbus Roman' not found.
findfont: Font family 'Nimbus Roman' not found.
findfont: Font family 'Nimbus Roman' not found.
findfont: Font family 'Nimbus Roman' not found.
findfont: Font family 'Nimbus Roman' not found.
findfont: Font family 'Nimbus Roman' not found.
findfont: Font family 'Nimbus Roman' not found.
findfont: Font family 'Nimbus Roman' not found.
findfont: Font family 'Nimbus Roman' not found.
findfont: Font family 'Nimbus Roman' not found.
findfont: Font family 'Nimbus Roman' not found.
findfont: Font family 'Nimbus Roman' not found.
findfont: Font family 'Nimbus Roman' not found.
findfont: Font family 'Nimbus Roman' not found.
findfont: Font family 'Nimbus Roman' not found.
findfont: Font family 'Nimbus Roman' not found.
findfont: Font family 'Nimbus Roman' not found.
findfont: Font family 'Nimbus Roman' not found.
findfont: Font family 'Nimbus Roman' not found.
findfont: Font family 'Nimbus Roman' not found.
findfont: Font family 'Nimbus Roman' not found.
findfont: Font family 'Nimbus Roman' not found.
findfont: Font family 'Nimbus Roman' not found.
findfont: Font family 'Nimbus Roman' not found.
findfont: Font family 'Nimbus Roman' not found.
findfont: Font family 'Nimbus Roman' not found.
findfont: Font family 'Nimbus Roman' not found.
findfont: Font family 'Nimbus Roman' not found.
findfont: Font family 'Nimbus Roman' not found.
findfont: Font family 'Nimbus Roman' not found.
findfont: Font family 'Nimbus Roman' not found.
findfont: Font family 'Nimbus Roman' not found.
findfont: Font family 'Nimbus Roman' not found.
findfont: Font family 'Nimbus Roman' not found.
findfont: Font family 'Nimbus Roman' not found.
findfont: Font family 'Nimbus Roman' not found.
findfont: Font family 'Nimbus Roman' not found.
findfont: Font family 'Nimbus Roman' not found.
findfont: Font family 'Nimbus Roman' not found.
Ridge mode: rkhs; diagnostic interval: 50
Iter 1/4000 | log_obj=1.132e+01 | log_Bellman_root=4.275e+00 | mass=7.73e+04 | neg=0.00e+00 | grad=1.02e+03
Iter 400/4000 | log_obj=5.288e+00 | log_Bellman_root=1.249e+00 | mass=1.86e+02 | neg=0.00e+00 | grad=5.43e+04
Iter 800/4000 | log_obj=5.125e+00 | log_Bellman_root=1.183e+00 | mass=1.57e+02 | neg=0.00e+00 | grad=1.12e+04
Iter 1200/4000 | log_obj=6.849e+00 | log_Bellman_root=2.040e+00 | mass=8.83e+02 | neg=0.00e+00 | grad=3.62e+04
Iter 1600/4000 | log_obj=8.056e+00 | log_Bellman_root=2.639e+00 | mass=2.96e+03 | neg=0.00e+00 | grad=8.63e+04
Iter 2000/4000 | log_obj=8.608e+00 | log_Bellman_root=2.918e+00 | mass=5.13e+03 | neg=0.00e+00 | grad=9.73e+04
Iter 2400/4000 | log_obj=6.646e+00 | log_Bellman_root=1.933e+00 | mass=7.22e+02 | neg=0.00e+00 | grad=4.62e+04
Iter 2800/4000 | log_obj=3.534e+00 | log_Bellman_root=3.690e-01 | mass=3.21e+01 | neg=0.00e+00 | grad=1.53e+04
Iter 3200/4000 | log_obj=7.787e+00 | log_Bellman_root=2.505e+00 | mass=2.26e+03 | neg=0.00e+00 | grad=4.92e+03
Iter 3600/4000 | log_obj=7.725e+00 | log_Bellman_root=2.477e+00 | mass=2.12e+03 | neg=0.00e+00 | grad=2.12e+04
Iter 4000/4000 | log_obj=5.281e+00 | log_Bellman_root=1.249e+00 | mass=1.84e+02 | neg=0.00e+00 | grad=5.44e+04
Returning best diagnostic checkpoint from step 3700 (objective=3.417e+01, Bellman=2.090e+00).
Done in 12.22s.
KE-DRL global estimation is done.
B_hat shape: (3086, 800)
B_hat rank diagnostics: {'B_num_rows': 3086, 'B_num_cols': 800, 'B_min_dim': 800, 'B_numerical_rank': 800, 'B_rank_fraction': 1.0, 'B_rank_tolerance': 3.063151409676834e-05, 'B_stable_rank': 354.4605407714844, 'B_effective_rank': 771.8464190084089, 'B_entropy_rank': 6.648785591125488, 'B_spectral_norm': 0.08326499164104462, 'B_frobenius_norm': 1.5676401853561401, 'B_nuclear_norm': 42.84905242919922, 'B_condition_number': 3.028685844222373, 'B_condition_number_tol': 3.028685844222373, 'B_smallest_singular_value': 0.027492118999361992, 'B_rank_rel_1em2': 800, 'B_rank_rel_1em3': 800, 'B_rank_rel_1em4': 800}
Global-loss target mass diagnostics: {'target_mass_mean': -4.533864974975586, 'target_mass_min': -6.669852256774902, 'target_mass_max': -1.5231988430023193, 'target_mass_sd': 1.205501914024353, 'target_mass_rmse_to_target': 5.662363529205322, 'target_beta_min': -0.023917127400636673, 'target_beta_max': 0.04000263288617134, 'target_neg_frac_mean': 0.8789750000000001}
Return dictionary Z_grid shape: (800, 3)
Replicate 93 risk metrics: {'risk_n_steps_recorded': 81.0, 'risk_n_diagnostics_recorded': 81.0, 'risk_log_obj_initial': 11.31995623486136, 'risk_log_obj_final': 5.280629117672958, 'risk_log_obj_min': 3.531349463843805, 'risk_obj_initial': 82450.73437500006, 'risk_obj_final': 196.4934539794921, 'risk_obj_min': 34.17004776000976, 'risk_log_obj_drop': 6.039327117188402, 'risk_log_bellman_root_initial': 4.274974566330861, 'risk_log_bellman_root_final': 1.248758042294191, 'risk_log_bellman_root_min': 0.3684811062294425, 'risk_bellman_root_initial': 71.87831115722656, 'risk_bellman_root_final': 3.486010789871216, 'risk_bellman_root_min': 1.4455373287200928, 'risk_bellman_initial': 5166.4916148150805, 'risk_bellman_final': 12.152271227098538, 'risk_bellman_min': 2.0895781687232216, 'risk_log_bellman_root_drop': 3.02621652403667, 'risk_bellman_returned': 2.089578151702881, 'risk_obj_returned': 34.170047760009766, 'risk_returned_step': 3700.0, 'offline_data_id': 93, 'benchmark_point_source': 'fixed_config_plus_support_safe_target_policy_draws', 'target_set_size': 100, 'lambda_reg': 0.005, 'lambda_B': 0.02, 'num_steps': 4000, 'transition_reduction_enabled': 1, 'transition_reduction_method': 'kmeans', 'transition_original_rows': 12000, 'transition_reduced_rows': 3086, 'transition_compression_ratio': 0.25716666666666665, 'target_mass_mean': -4.533864974975586, 'target_mass_min': -6.669852256774902, 'target_mass_max': -1.5231988430023193, 'target_mass_sd': 1.205501914024353, 'target_mass_rmse_to_target': 5.662363529205322, 'target_beta_min': -0.023917127400636673, 'target_beta_max': 0.04000263288617134, 'target_neg_frac_mean': 0.8789750000000001, 'B_num_rows': 3086, 'B_num_cols': 800, 'B_min_dim': 800, 'B_numerical_rank': 800, 'B_rank_fraction': 1.0, 'B_rank_tolerance': 3.063151409676834e-05, 'B_stable_rank': 354.4605407714844, 'B_effective_rank': 771.8464190084089, 'B_entropy_rank': 6.648785591125488, 'B_spectral_norm': 0.08326499164104462, 'B_frobenius_norm': 1.5676401853561401, 'B_nuclear_norm': 42.84905242919922, 'B_condition_number': 3.028685844222373, 'B_condition_number_tol': 3.028685844222373, 'B_smallest_singular_value': 0.027492118999361992, 'B_rank_rel_1em2': 800, 'B_rank_rel_1em3': 800, 'B_rank_rel_1em4': 800, 'risk_objective_final_raw': 196.4934539794922, 'risk_objective_min_raw': 34.170047760009766, 'risk_objective_max_raw': 82450.734375, 'risk_bellman_final_raw': 12.152271270751953, 'risk_bellman_min_raw': 2.089578151702881, 'risk_bellman_max_raw': 5166.4912109375, 'risk_rkhs_ridge_final_raw': 0.02617446333169937, 'risk_rkhs_ridge_min_raw': 0.018107106909155846, 'risk_rkhs_ridge_max_raw': 4.942752361297607, 'risk_mass_final_raw': 184.31500244140625, 'risk_mass_min_raw': 32.06236267089844, 'risk_mass_max_raw': 77279.296875, 'risk_negativity_final_raw': 0.0, 'risk_negativity_min_raw': 0.0, 'risk_negativity_max_raw': 0.0, 'risk_B_norm_final_raw': 1.5673657655715942, 'risk_B_norm_min_raw': 1.5673657655715942, 'risk_B_norm_max_raw': 1.6403917074203491, 'risk_diagnostic_step_final_raw': 4000.0, 'risk_diagnostic_step_min_raw': 1.0, 'risk_diagnostic_step_max_raw': 4000.0, 'risk_best_step_final_raw': 3700.0, 'risk_best_step_min_raw': 3700.0, 'risk_best_step_max_raw': 3700.0, 'risk_best_objective_final_raw': 34.170047760009766, 'risk_best_objective_min_raw': 34.170047760009766, 'risk_best_objective_max_raw': 34.170047760009766, 'risk_best_bellman_final_raw': 2.089578151702881, 'risk_best_bellman_min_raw': 2.089578151702881, 'risk_best_bellman_max_raw': 2.089578151702881, 'risk_returned_step_final_raw': 3700.0, 'risk_returned_step_min_raw': 3700.0, 'risk_returned_step_max_raw': 3700.0, 'risk_returned_objective_final_raw': 34.170047760009766, 'risk_returned_objective_min_raw': 34.170047760009766, 'risk_returned_objective_max_raw': 34.170047760009766, 'risk_returned_bellman_final_raw': 2.089578151702881, 'risk_returned_bellman_min_raw': 2.089578151702881, 'risk_returned_bellman_max_raw': 2.089578151702881, 'risk_returned_best_checkpoint_final_raw': 1.0, 'risk_returned_best_checkpoint_min_raw': 1.0, 'risk_returned_best_checkpoint_max_raw': 1.0}
Benchmark 0 evaluation grid shape: (800, 3)
Replicate 93, benchmark 0 metrics: {'run_id': '93_b0', 'RMSE': 2.1083655640724475, 'MAE': 1.979071390714962, 'SupNorm': 3.408651649951935, 'Bias': -1.979071390714962, 'Corr': -0.43554513129798317, 'deming_slope': -13.518724066212867, 'deming_intercept': 4.745621478225534, 'beta_sum': -3.8472280502319336, 'beta_l1': 4.546595573425293, 'beta_l2': 0.19176189601421356, 'beta_min': -0.018252704292535782, 'beta_max': 0.01245732419192791, 'beta_neg_frac': 0.85125, 'offline_data_id': 93, 'benchmark_id': 0, 'benchmark_point_source': 'fixed_config', 'target_set_size': 100, 'benchmark_z_path': 'data/Z_true.pt', 'projected_bellman_test_risk': 0.036177635192871094, 'oracle_embedding_risk': 13.270208358764648, 'benchmark_embedding_risk': 13.270208358764648, 'risk_bellman_final': 12.152271227098538, 'risk_obj_final': 196.4934539794921, 'B_num_rows': 3086, 'B_num_cols': 800, 'B_min_dim': 800, 'B_numerical_rank': 800, 'B_rank_fraction': 1.0, 'B_rank_tolerance': 3.063151409676834e-05, 'B_stable_rank': 354.4605407714844, 'B_effective_rank': 771.8464190084089, 'B_entropy_rank': 6.648785591125488, 'B_spectral_norm': 0.08326499164104462, 'B_frobenius_norm': 1.5676401853561401, 'B_nuclear_norm': 42.84905242919922, 'B_condition_number': 3.028685844222373, 'B_condition_number_tol': 3.028685844222373, 'B_smallest_singular_value': 0.027492118999361992, 'B_rank_rel_1em2': 800, 'B_rank_rel_1em3': 800, 'B_rank_rel_1em4': 800}
Saved ./mu/mu_hat.csv shape=(800,)
Saved ./mu/mu2D_hat_dims01.csv shape=(120, 120)
Saved ./mu/mu2D_hat_dims01.csv shape=(120, 120)
Saved plots/replicate_93/mu_3D.png
Benchmark 1 evaluation grid shape: (800, 3)
Replicate 93, benchmark 1 metrics: {'run_id': '93_b1', 'RMSE': 4.255305245549417, 'MAE': 4.10936099242419, 'SupNorm': 5.879928886890411, 'Bias': -4.10936099242419, 'Corr': -0.9904509032160127, 'deming_slope': -8.82725025316313, 'deming_intercept': 0.420599003150937, 'beta_sum': -7.051365375518799, 'beta_l1': 7.104031085968018, 'beta_l2': 0.26656049489974976, 'beta_min': -0.018763622269034386, 'beta_max': 0.007866868749260902, 'beta_neg_frac': 0.985, 'offline_data_id': 93, 'benchmark_id': 1, 'benchmark_point_source': 'fixed_config', 'target_set_size': 100, 'benchmark_z_path': 'data/Z_true.pt', 'projected_bellman_test_risk': 1.4155495166778564, 'oracle_embedding_risk': 37.84056854248047, 'benchmark_embedding_risk': 37.84056854248047, 'risk_bellman_final': 12.152271227098538, 'risk_obj_final': 196.4934539794921, 'B_num_rows': 3086, 'B_num_cols': 800, 'B_min_dim': 800, 'B_numerical_rank': 800, 'B_rank_fraction': 1.0, 'B_rank_tolerance': 3.063151409676834e-05, 'B_stable_rank': 354.4605407714844, 'B_effective_rank': 771.8464190084089, 'B_entropy_rank': 6.648785591125488, 'B_spectral_norm': 0.08326499164104462, 'B_frobenius_norm': 1.5676401853561401, 'B_nuclear_norm': 42.84905242919922, 'B_condition_number': 3.028685844222373, 'B_condition_number_tol': 3.028685844222373, 'B_smallest_singular_value': 0.027492118999361992, 'B_rank_rel_1em2': 800, 'B_rank_rel_1em3': 800, 'B_rank_rel_1em4': 800}
Benchmark 2 evaluation grid shape: (800, 3)
Replicate 93, benchmark 2 metrics: {'run_id': '93_b2', 'RMSE': 4.086572613673698, 'MAE': 3.950181378370617, 'SupNorm': 5.654164612293243, 'Bias': -3.950181378370617, 'Corr': -0.8960927210955605, 'deming_slope': -9.848778151040504, 'deming_intercept': 1.1533843229426717, 'beta_sum': -6.763006210327148, 'beta_l1': 6.830576419830322, 'beta_l2': 0.26018279790878296, 'beta_min': -0.017899811267852783, 'beta_max': 0.0068162064999341965, 'beta_neg_frac': 0.985, 'offline_data_id': 93, 'benchmark_id': 2, 'benchmark_point_source': 'fixed_config', 'target_set_size': 100, 'benchmark_z_path': 'data/Z_true.pt', 'projected_bellman_test_risk': 1.04050874710083, 'oracle_embedding_risk': 35.077003479003906, 'benchmark_embedding_risk': 35.077003479003906, 'risk_bellman_final': 12.152271227098538, 'risk_obj_final': 196.4934539794921, 'B_num_rows': 3086, 'B_num_cols': 800, 'B_min_dim': 800, 'B_numerical_rank': 800, 'B_rank_fraction': 1.0, 'B_rank_tolerance': 3.063151409676834e-05, 'B_stable_rank': 354.4605407714844, 'B_effective_rank': 771.8464190084089, 'B_entropy_rank': 6.648785591125488, 'B_spectral_norm': 0.08326499164104462, 'B_frobenius_norm': 1.5676401853561401, 'B_nuclear_norm': 42.84905242919922, 'B_condition_number': 3.028685844222373, 'B_condition_number_tol': 3.028685844222373, 'B_smallest_singular_value': 0.027492118999361992, 'B_rank_rel_1em2': 800, 'B_rank_rel_1em3': 800, 'B_rank_rel_1em4': 800}
Benchmark 3 evaluation grid shape: (800, 3)
Replicate 93, benchmark 3 metrics: {'run_id': '93_b3', 'RMSE': 4.035140918424942, 'MAE': 3.887599928160198, 'SupNorm': 5.64631450176239, 'Bias': -3.887599928160198, 'Corr': -0.9257866897257425, 'deming_slope': -9.424592634678168, 'deming_intercept': 0.9058762340072248, 'beta_sum': -6.78031587600708, 'beta_l1': 6.840579509735107, 'beta_l2': 0.26083359122276306, 'beta_min': -0.019085723906755447, 'beta_max': 0.0062479679472744465, 'beta_neg_frac': 0.985, 'offline_data_id': 93, 'benchmark_id': 3, 'benchmark_point_source': 'fixed_config', 'target_set_size': 100, 'benchmark_z_path': 'data/Z_true.pt', 'projected_bellman_test_risk': 0.9709469079971313, 'oracle_embedding_risk': 35.197654724121094, 'benchmark_embedding_risk': 35.197654724121094, 'risk_bellman_final': 12.152271227098538, 'risk_obj_final': 196.4934539794921, 'B_num_rows': 3086, 'B_num_cols': 800, 'B_min_dim': 800, 'B_numerical_rank': 800, 'B_rank_fraction': 1.0, 'B_rank_tolerance': 3.063151409676834e-05, 'B_stable_rank': 354.4605407714844, 'B_effective_rank': 771.8464190084089, 'B_entropy_rank': 6.648785591125488, 'B_spectral_norm': 0.08326499164104462, 'B_frobenius_norm': 1.5676401853561401, 'B_nuclear_norm': 42.84905242919922, 'B_condition_number': 3.028685844222373, 'B_condition_number_tol': 3.028685844222373, 'B_smallest_singular_value': 0.027492118999361992, 'B_rank_rel_1em2': 800, 'B_rank_rel_1em3': 800, 'B_rank_rel_1em4': 800}
Benchmark 4 evaluation grid shape: (800, 3)
Replicate 93, benchmark 4 metrics: {'run_id': '93_b4', 'RMSE': 1.4611242384351057, 'MAE': 1.3298261111081229, 'SupNorm': 2.86632439494133, 'Bias': -1.3298261111081229, 'Corr': -0.11540354302447088, 'deming_slope': -44.06046433527462, 'deming_intercept': 19.77450620050859, 'beta_sum': -3.071279525756836, 'beta_l1': 4.478733062744141, 'beta_l2': 0.1954924464225769, 'beta_min': -0.016829609870910645, 'beta_max': 0.026748547330498695, 'beta_neg_frac': 0.81, 'offline_data_id': 93, 'benchmark_id': 4, 'benchmark_point_source': 'support_safe_target_policy_draw', 'target_set_size': 100, 'benchmark_z_path': 'data/Z_true.pt', 'projected_bellman_test_risk': 0.025449145585298538, 'oracle_embedding_risk': 9.660537719726562, 'benchmark_embedding_risk': 9.660537719726562, 'risk_bellman_final': 12.152271227098538, 'risk_obj_final': 196.4934539794921, 'B_num_rows': 3086, 'B_num_cols': 800, 'B_min_dim': 800, 'B_numerical_rank': 800, 'B_rank_fraction': 1.0, 'B_rank_tolerance': 3.063151409676834e-05, 'B_stable_rank': 354.4605407714844, 'B_effective_rank': 771.8464190084089, 'B_entropy_rank': 6.648785591125488, 'B_spectral_norm': 0.08326499164104462, 'B_frobenius_norm': 1.5676401853561401, 'B_nuclear_norm': 42.84905242919922, 'B_condition_number': 3.028685844222373, 'B_condition_number_tol': 3.028685844222373, 'B_smallest_singular_value': 0.027492118999361992, 'B_rank_rel_1em2': 800, 'B_rank_rel_1em3': 800, 'B_rank_rel_1em4': 800}
Benchmark 5 evaluation grid shape: (800, 3)
Replicate 93, benchmark 5 metrics: {'run_id': '93_b5', 'RMSE': 0.5528869233842565, 'MAE': 0.5359550126119575, 'SupNorm': 0.7716027796268463, 'Bias': -0.5359550126119575, 'Corr': -0.022656391755500594, 'deming_slope': -0.03273459604011947, 'deming_intercept': -0.0631905455856183, 'beta_sum': -0.35002589225769043, 'beta_l1': 1.4705973863601685, 'beta_l2': 0.06617143005132675, 'beta_min': -0.00749647431075573, 'beta_max': 0.009729087352752686, 'beta_neg_frac': 0.61625, 'offline_data_id': 93, 'benchmark_id': 5, 'benchmark_point_source': 'support_safe_target_policy_draw', 'target_set_size': 100, 'benchmark_z_path': 'data/Z_true.pt', 'projected_bellman_test_risk': 0.17723321914672852, 'oracle_embedding_risk': 1.31105637550354, 'benchmark_embedding_risk': 1.31105637550354, 'risk_bellman_final': 12.152271227098538, 'risk_obj_final': 196.4934539794921, 'B_num_rows': 3086, 'B_num_cols': 800, 'B_min_dim': 800, 'B_numerical_rank': 800, 'B_rank_fraction': 1.0, 'B_rank_tolerance': 3.063151409676834e-05, 'B_stable_rank': 354.4605407714844, 'B_effective_rank': 771.8464190084089, 'B_entropy_rank': 6.648785591125488, 'B_spectral_norm': 0.08326499164104462, 'B_frobenius_norm': 1.5676401853561401, 'B_nuclear_norm': 42.84905242919922, 'B_condition_number': 3.028685844222373, 'B_condition_number_tol': 3.028685844222373, 'B_smallest_singular_value': 0.027492118999361992, 'B_rank_rel_1em2': 800, 'B_rank_rel_1em3': 800, 'B_rank_rel_1em4': 800}
Benchmark 6 evaluation grid shape: (800, 3)
Replicate 93, benchmark 6 metrics: {'run_id': '93_b6', 'RMSE': 2.8069353092388636, 'MAE': 2.6664066290156914, 'SupNorm': 4.23769223690033, 'Bias': -2.6664066290156914, 'Corr': -0.6119642855310271, 'deming_slope': -11.612198630647503, 'deming_intercept': 3.199977115615304, 'beta_sum': -4.90422248840332, 'beta_l1': 5.314633369445801, 'beta_l2': 0.2200842946767807, 'beta_min': -0.018848957493901253, 'beta_max': 0.008873443119227886, 'beta_neg_frac': 0.89875, 'offline_data_id': 93, 'benchmark_id': 6, 'benchmark_point_source': 'support_safe_target_policy_draw', 'target_set_size': 100, 'benchmark_z_path': 'data/Z_true.pt', 'projected_bellman_test_risk': 0.01353934034705162, 'oracle_embedding_risk': 20.005949020385742, 'benchmark_embedding_risk': 20.005949020385742, 'risk_bellman_final': 12.152271227098538, 'risk_obj_final': 196.4934539794921, 'B_num_rows': 3086, 'B_num_cols': 800, 'B_min_dim': 800, 'B_numerical_rank': 800, 'B_rank_fraction': 1.0, 'B_rank_tolerance': 3.063151409676834e-05, 'B_stable_rank': 354.4605407714844, 'B_effective_rank': 771.8464190084089, 'B_entropy_rank': 6.648785591125488, 'B_spectral_norm': 0.08326499164104462, 'B_frobenius_norm': 1.5676401853561401, 'B_nuclear_norm': 42.84905242919922, 'B_condition_number': 3.028685844222373, 'B_condition_number_tol': 3.028685844222373, 'B_smallest_singular_value': 0.027492118999361992, 'B_rank_rel_1em2': 800, 'B_rank_rel_1em3': 800, 'B_rank_rel_1em4': 800}
Benchmark 7 evaluation grid shape: (800, 3)
Replicate 93, benchmark 7 metrics: {'run_id': '93_b7', 'RMSE': 2.790709662917585, 'MAE': 2.6335317680751906, 'SupNorm': 4.382409036159515, 'Bias': -2.6335317680751906, 'Corr': -0.5498274153685104, 'deming_slope': -14.097564831349189, 'deming_intercept': 4.352345303258655, 'beta_sum': -5.056225299835205, 'beta_l1': 5.5147175788879395, 'beta_l2': 0.22141455113887787, 'beta_min': -0.01839524507522583, 'beta_max': 0.020831860601902008, 'beta_neg_frac': 0.92125, 'offline_data_id': 93, 'benchmark_id': 7, 'benchmark_point_source': 'support_safe_target_policy_draw', 'target_set_size': 100, 'benchmark_z_path': 'data/Z_true.pt', 'projected_bellman_test_risk': 0.4127703905105591, 'oracle_embedding_risk': 21.444934844970703, 'benchmark_embedding_risk': 21.444934844970703, 'risk_bellman_final': 12.152271227098538, 'risk_obj_final': 196.4934539794921, 'B_num_rows': 3086, 'B_num_cols': 800, 'B_min_dim': 800, 'B_numerical_rank': 800, 'B_rank_fraction': 1.0, 'B_rank_tolerance': 3.063151409676834e-05, 'B_stable_rank': 354.4605407714844, 'B_effective_rank': 771.8464190084089, 'B_entropy_rank': 6.648785591125488, 'B_spectral_norm': 0.08326499164104462, 'B_frobenius_norm': 1.5676401853561401, 'B_nuclear_norm': 42.84905242919922, 'B_condition_number': 3.028685844222373, 'B_condition_number_tol': 3.028685844222373, 'B_smallest_singular_value': 0.027492118999361992, 'B_rank_rel_1em2': 800, 'B_rank_rel_1em3': 800, 'B_rank_rel_1em4': 800}
Benchmark 8 evaluation grid shape: (800, 3)
Replicate 93, benchmark 8 metrics: {'run_id': '93_b8', 'RMSE': 1.7765546575203297, 'MAE': 1.679308480671607, 'SupNorm': 2.8195778727531433, 'Bias': -1.679308480671607, 'Corr': -0.5368291778325451, 'deming_slope': -8.070121660879169, 'deming_intercept': 2.5016476481410947, 'beta_sum': -2.8893628120422363, 'beta_l1': 3.999673366546631, 'beta_l2': 0.17104953527450562, 'beta_min': -0.015527547337114811, 'beta_max': 0.01711259037256241, 'beta_neg_frac': 0.795, 'offline_data_id': 93, 'benchmark_id': 8, 'benchmark_point_source': 'support_safe_target_policy_draw', 'target_set_size': 100, 'benchmark_z_path': 'data/Z_true.pt', 'projected_bellman_test_risk': 0.5849381685256958, 'oracle_embedding_risk': 9.061264038085938, 'benchmark_embedding_risk': 9.061264038085938, 'risk_bellman_final': 12.152271227098538, 'risk_obj_final': 196.4934539794921, 'B_num_rows': 3086, 'B_num_cols': 800, 'B_min_dim': 800, 'B_numerical_rank': 800, 'B_rank_fraction': 1.0, 'B_rank_tolerance': 3.063151409676834e-05, 'B_stable_rank': 354.4605407714844, 'B_effective_rank': 771.8464190084089, 'B_entropy_rank': 6.648785591125488, 'B_spectral_norm': 0.08326499164104462, 'B_frobenius_norm': 1.5676401853561401, 'B_nuclear_norm': 42.84905242919922, 'B_condition_number': 3.028685844222373, 'B_condition_number_tol': 3.028685844222373, 'B_smallest_singular_value': 0.027492118999361992, 'B_rank_rel_1em2': 800, 'B_rank_rel_1em3': 800, 'B_rank_rel_1em4': 800}
Benchmark 9 evaluation grid shape: (800, 3)
Replicate 93, benchmark 9 metrics: {'run_id': '93_b9', 'RMSE': 2.98040804378587, 'MAE': 2.8246983726602046, 'SupNorm': 4.47063547372818, 'Bias': -2.8246983726602046, 'Corr': -0.6363064570357766, 'deming_slope': -12.229661069908367, 'deming_intercept': 3.3580433555506075, 'beta_sum': -5.074151992797852, 'beta_l1': 5.557755470275879, 'beta_l2': 0.22687788307666779, 'beta_min': -0.021443456411361694, 'beta_max': 0.016495035961270332, 'beta_neg_frac': 0.91375, 'offline_data_id': 93, 'benchmark_id': 9, 'benchmark_point_source': 'support_safe_target_policy_draw', 'target_set_size': 100, 'benchmark_z_path': 'data/Z_true.pt', 'projected_bellman_test_risk': 0.12257227301597595, 'oracle_embedding_risk': 22.040233612060547, 'benchmark_embedding_risk': 22.040233612060547, 'risk_bellman_final': 12.152271227098538, 'risk_obj_final': 196.4934539794921, 'B_num_rows': 3086, 'B_num_cols': 800, 'B_min_dim': 800, 'B_numerical_rank': 800, 'B_rank_fraction': 1.0, 'B_rank_tolerance': 3.063151409676834e-05, 'B_stable_rank': 354.4605407714844, 'B_effective_rank': 771.8464190084089, 'B_entropy_rank': 6.648785591125488, 'B_spectral_norm': 0.08326499164104462, 'B_frobenius_norm': 1.5676401853561401, 'B_nuclear_norm': 42.84905242919922, 'B_condition_number': 3.028685844222373, 'B_condition_number_tol': 3.028685844222373, 'B_smallest_singular_value': 0.027492118999361992, 'B_rank_rel_1em2': 800, 'B_rank_rel_1em3': 800, 'B_rank_rel_1em4': 800}
Replicate 93 finished in 21.3s
Finished combo 4, offline replicate 93.
