Job ID:    2359137
Array idx: 346
CPUs/node: 64
Mem/node:  131072
Using CC = cc 
Using CXX = CC 
Using FC = ftn 
Using F77 = ftn 
Using F90 = ftn 
cuda/12.6.1 is deprecated; loading cudatoolkit/25.5_12.9 instead.
Using CC = /opt/nvidia/hpc_sdk/Linux_aarch64/25.5/compilers/bin/nvc 
Using CXX = /opt/nvidia/hpc_sdk/Linux_aarch64/25.5/compilers/bin/nvc++ 
Using FC = /opt/nvidia/hpc_sdk/Linux_aarch64/25.5/compilers/bin/nvfortran 
Using F77 = /opt/nvidia/hpc_sdk/Linux_aarch64/25.5/compilers/bin/nvfortran 
Using F90 = /opt/nvidia/hpc_sdk/Linux_aarch64/25.5/compilers/bin/nvfortran 
Using CC = /opt/nvidia/hpc_sdk/Linux_aarch64/25.5/compilers/bin/nvc 
Using CXX = /opt/nvidia/hpc_sdk/Linux_aarch64/25.5/compilers/bin/nvc++ 
Using FC = /opt/nvidia/hpc_sdk/Linux_aarch64/25.5/compilers/bin/nvfortran 
Using F77 = /opt/nvidia/hpc_sdk/Linux_aarch64/25.5/compilers/bin/nvfortran 
Using F90 = /opt/nvidia/hpc_sdk/Linux_aarch64/25.5/compilers/bin/nvfortran 

Lmod is automatically replacing "gcc-native/14" with "gcc/14.2.0".

ghx4
0
Tuning combo id: 3 / 6
Offline replicate id: 46 / 99
Installing ke_drl from git: https://github.com/mehrdadmhmdi/ke-drl.git@main
Collecting git+https://github.com/mehrdadmhmdi/ke-drl.git@main
  Cloning https://github.com/mehrdadmhmdi/ke-drl.git (to revision main) to /tmp/pip-req-build-jtp3alal
  Running command git clone --filter=blob:none --quiet https://github.com/mehrdadmhmdi/ke-drl.git /tmp/pip-req-build-jtp3alal
  Resolved https://github.com/mehrdadmhmdi/ke-drl.git to commit 3c5d570e40ea15b1fbe4817b5f43b64c7b333e82
  Installing build dependencies: started
  Installing build dependencies: finished with status 'done'
  Getting requirements to build wheel: started
  Getting requirements to build wheel: finished with status 'done'
  Preparing metadata (pyproject.toml): started
  Preparing metadata (pyproject.toml): finished with status 'done'
Building wheels for collected packages: ke_drl
  Building wheel for ke_drl (pyproject.toml): started
  Building wheel for ke_drl (pyproject.toml): finished with status 'done'
  Created wheel for ke_drl: filename=ke_drl-0.1.0-py3-none-any.whl size=47219 sha256=db01fa23ee74cdbf42be0ff0423c6d88319d85fc5fba0f0a61552c43537a34d5
  Stored in directory: /tmp/pip-ephem-wheel-cache-tl11jagt/wheels/24/47/ad/9a4ffd3b05d3e90e35ffc6e7324b735b8bfcf5f51aaf29a333
Successfully built ke_drl
Installing collected packages: ke_drl
Successfully installed ke_drl-0.1.0
Installed ke_drl source: /work/nvme/bfez/mehrdad3/DistRL/simulation_3/runs/sim3_global_2358722_3/.kedrl_site_346/ke_drl/__init__.py
Tuning combo 3: kernel_nu_7.5
Overrides: {'kernel': {'nu': 7.5}}
RUN: /sw/user/python/miniforge3-pytorch-24.11.3/bin/python3 validate_sim_config.py --params params.yaml
ke_drl import source: /work/nvme/bfez/mehrdad3/DistRL/simulation_3/runs/sim3_global_2358722_3/.kedrl_site_346/ke_drl/__init__.py
ke_drl package API OK: prediction weights, RFF operators, rank diagnostics, and best-checkpoint optimizer available
Policy config OK: behavior=uniform, target=logistic, state_dim=5, action_dim=1
Note: policy.logistic.theta_scale/theta_std are log-scale coefficients in Probability_Densities.
Behavior-policy linearized state-process diagnostic: spectral_radius=0.653, offline_burn_in=50
Replicate config OK: num_replicates=100, benchmark points=10 independent of D_i, loss target points=100
Transition reduction OK: method=kmeans, raw rows N(T-1)=12000, target rows about 3000, B rows reduced from 12000 to about 3000
Return-operator approximation OK: method=rff, features=512, exact G avoided for estimated N=12000, m=800, L=100
Fixed benchmark config rows=4 (benchmark.num_points=10; additional points are support-safe target-policy draws if needed)
Fixed benchmark point 0: s_star=[0.6, -0.8, 0.7, -0.5, 0.9], a_star=[0.5]
Fixed benchmark behavior-support interval for configured rows: min_lower=-0.12, max_upper=1.11
Fixed benchmark target-policy location range: [-0.02, 0.14]
Reusing shared data from /work/nvme/bfez/mehrdad3/DistRL/simulation_3/runs/sim3_shared_data/data for offline replicate 46.
RUN: /sw/user/python/miniforge3-pytorch-24.11.3/bin/python3 validate_sim_config.py --params params.yaml --data data/offline_data_46.pt
ke_drl import source: /work/nvme/bfez/mehrdad3/DistRL/simulation_3/runs/sim3_global_2358722_3/.kedrl_site_346/ke_drl/__init__.py
ke_drl package API OK: prediction weights, RFF operators, rank diagnostics, and best-checkpoint optimizer available
Policy config OK: behavior=uniform, target=logistic, state_dim=5, action_dim=1
Note: policy.logistic.theta_scale/theta_std are log-scale coefficients in Probability_Densities.
Behavior-policy linearized state-process diagnostic: spectral_radius=0.653, offline_burn_in=50
Replicate config OK: num_replicates=100, benchmark points=10 independent of D_i, loss target points=100
Transition reduction OK: method=kmeans, raw rows N(T-1)=12000, target rows about 3000, B rows reduced from 12000 to about 3000
Return-operator approximation OK: method=rff, features=512, exact G avoided for estimated N=12000, m=800, L=100
Fixed benchmark config rows=4 (benchmark.num_points=10; additional points are support-safe target-policy draws if needed)
Fixed benchmark point 0: s_star=[0.6, -0.8, 0.7, -0.5, 0.9], a_star=[0.5]
Fixed benchmark behavior-support interval for configured rows: min_lower=-0.12, max_upper=1.11
Fixed benchmark target-policy location range: [-0.02, 0.14]
Full benchmark support check OK: 10 points, min_lower=-2.177, max_upper=2.05
observed behavior actions: mean=0.3983, sd=0.6812, q0/q10/q50/q90/q100=[-2.01339054107666, -0.42498878240585325, 0.3393982946872711, 1.3222103834152223, 3.2453064918518066]
target-policy sampled actions: mean=-0.0229, sd=0.6685, q0/q10/q50/q90/q100=[-2.9492428977259366, -0.895845939054125, -0.018834959279378338, 0.8371156815265679, 2.5468605224672802]
behavior uniform lower: mean=-0.1228, sd=0.6623, q0/q10/q50/q90/q100=[-2.984770798683167, -0.9861426132917404, -0.11685506552457811, 0.7371604245901109, 2.52570960521698]
behavior uniform upper: mean=0.9262, sd=0.6507, q0/q10/q50/q90/q100=[-0.8964338541030883, 0.05669999986886984, 0.9467947304248809, 1.7668747615814209, 3.52570960521698]
target location inside behavior uniform support: 0.968
RUN: /sw/user/python/miniforge3-pytorch-24.11.3/bin/python3 main_est.py
# ================================================================ #
#   Global KE-DRL estimation for one offline replicate              #
# ================================================================ #
Slurm Job ID: 2359137
Slurm Array ID: 46 -- used as the offline-replicate id
Offline data id: 46
ke_drl import source: /work/nvme/bfez/mehrdad3/DistRL/simulation_3/runs/sim3_global_2358722_3/.kedrl_site_346/ke_drl/__init__.py
Estimator device: cuda (NVIDIA GH200 120GB, capability 9.0); torch CUDA=13.0
Random seed: 20460558
Number of offline replicates: 100
[transition reduction] enabled: original rows=12000, target basis=3000, method=kmeans, device=cuda
[transition reduction] kmeans iter 1/20, mean center shift=2.6923e-01
[transition reduction] kmeans iter 5/20, mean center shift=5.2000e-03
[transition reduction] selected 3083 rows from 12000 transitions (ratio 0.2569); indices saved to data/reduced_transition_indices_46.pt
Data and parameters loaded.
offline path: data/offline_data_46.pt
benchmark true-Z path: data/Z_true.pt
offline shapes after reduction: s0=(3083, 5), a0=(3083, 1), r0=(3083, 3)
transition reduction: {'enabled': True, 'method': 'kmeans', 'original_rows': 12000, 'reduced_rows': 3083, 'selected_indices_path': 'data/reduced_transition_indices_46.pt', 'target_basis': 3000, 'compression_ratio': 0.2569166666666667}
fixed benchmark point source: fixed_config_plus_support_safe_target_policy_draws
benchmark row excluded from this offline data: None
global loss target set shape: s_star=(100, 5), a_star=(100, 1)
benchmark true-Z count=10, shape each=(50000, 3)
target policy: logistic
behavior policy: uniform
lambda_Gamma=0.005, lambda_B=0.02, d_r_method=song
dtype=torch.float32, operator_method=rff, operator_num_features=512
ridge_mode=rkhs, diagnostic_interval=50
mass_anchor_lambda=1.0, target_mass=1.0
uLSIF basis: source=numerator, n_basis=512, lambda_reg=0.005
optimizer stabilizers: lambda_neg=0.0, max_B_norm=None, eta_clip_min=0.0, eta_clip_max=5.0, normalize_eta=True
========================================
Estimating the global KE-DRL mean embedding
torch device=cuda, dtype=torch.float32
Data dims: N=3083, L=100, Ds=5, Da=1, Dr=3
lambda_Gamma=0.005, lambda_B=0.02
return-operator construction: method=rff, rff_features=512
[uLSIF] basis=512/3083 (numerator); eta_hat min=-9.720e-01 max=5.057e+00 neg%=5.25
ESS for eta_plus: 2112.1 / 3083
eta_plus diagnostics: raw_mean=0.996, raw_min=-0.972, raw_max=5.06; used_mean=1, used_min=0, used_max=4.95
[timing] Z-grid: 0.03s
[timing] K_X: 0.00s
[timing] K_plus: 0.00s
[timing] k_star: 0.00s
[timing] Gamma_stack: 0.01s
[timing] Phi_stack: 0.00s
[timing] RFF feature sample: 0.00s
[timing] K_Z RFF: 0.00s
[timing] G_stack RFF: 0.01s
[timing] H_stack RFF: 0.01s
findfont: Font family 'Nimbus Roman' not found.
findfont: Font family 'Nimbus Roman' not found.
findfont: Font family 'Nimbus Roman' not found.
findfont: Font family 'Nimbus Roman' not found.
findfont: Font family 'Nimbus Roman' not found.
findfont: Font family 'Nimbus Roman' not found.
findfont: Font family 'Nimbus Roman' not found.
findfont: Font family 'Nimbus Roman' not found.
findfont: Font family 'Nimbus Roman' not found.
findfont: Font family 'Nimbus Roman' not found.
findfont: Font family 'Nimbus Roman' not found.
findfont: Font family 'Nimbus Roman' not found.
findfont: Font family 'Nimbus Roman' not found.
findfont: Font family 'Nimbus Roman' not found.
findfont: Font family 'Nimbus Roman' not found.
findfont: Font family 'Nimbus Roman' not found.
findfont: Font family 'Nimbus Roman' not found.
findfont: Font family 'Nimbus Roman' not found.
findfont: Font family 'Nimbus Roman' not found.
findfont: Font family 'Nimbus Roman' not found.
findfont: Font family 'Nimbus Roman' not found.
findfont: Font family 'Nimbus Roman' not found.
findfont: Font family 'Nimbus Roman' not found.
findfont: Font family 'Nimbus Roman' not found.
findfont: Font family 'Nimbus Roman' not found.
findfont: Font family 'Nimbus Roman' not found.
findfont: Font family 'Nimbus Roman' not found.
findfont: Font family 'Nimbus Roman' not found.
findfont: Font family 'Nimbus Roman' not found.
findfont: Font family 'Nimbus Roman' not found.
findfont: Font family 'Nimbus Roman' not found.
findfont: Font family 'Nimbus Roman' not found.
findfont: Font family 'Nimbus Roman' not found.
findfont: Font family 'Nimbus Roman' not found.
findfont: Font family 'Nimbus Roman' not found.
findfont: Font family 'Nimbus Roman' not found.
findfont: Font family 'Nimbus Roman' not found.
findfont: Font family 'Nimbus Roman' not found.
findfont: Font family 'Nimbus Roman' not found.
findfont: Font family 'Nimbus Roman' not found.
findfont: Font family 'Nimbus Roman' not found.
findfont: Font family ['Nimbus Roman'] not found. Falling back to DejaVu Sans.
findfont: Font family 'Nimbus Roman' not found.
findfont: Font family ['Nimbus Roman'] not found. Falling back to DejaVu Sans.
findfont: Font family 'Nimbus Roman' not found.
findfont: Font family 'Nimbus Roman' not found.
findfont: Font family 'Nimbus Roman' not found.
findfont: Font family 'Nimbus Roman' not found.
findfont: Font family 'Nimbus Roman' not found.
findfont: Font family 'Nimbus Roman' not found.
findfont: Font family 'Nimbus Roman' not found.
findfont: Font family 'Nimbus Roman' not found.
findfont: Font family 'Nimbus Roman' not found.
findfont: Font family 'Nimbus Roman' not found.
findfont: Font family 'Nimbus Roman' not found.
findfont: Font family ['Nimbus Roman'] not found. Falling back to DejaVu Sans.
findfont: Font family 'Nimbus Roman' not found.
findfont: Font family 'Nimbus Roman' not found.
findfont: Font family 'Nimbus Roman' not found.
findfont: Font family 'Nimbus Roman' not found.
findfont: Font family 'Nimbus Roman' not found.
findfont: Font family 'Nimbus Roman' not found.
findfont: Font family 'Nimbus Roman' not found.
findfont: Font family 'Nimbus Roman' not found.
findfont: Font family 'Nimbus Roman' not found.
findfont: Font family 'Nimbus Roman' not found.
findfont: Font family 'Nimbus Roman' not found.
findfont: Font family 'Nimbus Roman' not found.
findfont: Font family 'Nimbus Roman' not found.
findfont: Font family 'Nimbus Roman' not found.
findfont: Font family 'Nimbus Roman' not found.
findfont: Font family 'Nimbus Roman' not found.
findfont: Font family 'Nimbus Roman' not found.
findfont: Font family 'Nimbus Roman' not found.
findfont: Font family 'Nimbus Roman' not found.
findfont: Font family 'Nimbus Roman' not found.
findfont: Font family 'Nimbus Roman' not found.
findfont: Font family 'Nimbus Roman' not found.
findfont: Font family 'Nimbus Roman' not found.
findfont: Font family 'Nimbus Roman' not found.
findfont: Font family 'Nimbus Roman' not found.
findfont: Font family 'Nimbus Roman' not found.
findfont: Font family 'Nimbus Roman' not found.
findfont: Font family 'Nimbus Roman' not found.
findfont: Font family 'Nimbus Roman' not found.
findfont: Font family 'Nimbus Roman' not found.
findfont: Font family 'Nimbus Roman' not found.
findfont: Font family 'Nimbus Roman' not found.
findfont: Font family 'Nimbus Roman' not found.
findfont: Font family 'Nimbus Roman' not found.
findfont: Font family 'Nimbus Roman' not found.
findfont: Font family 'Nimbus Roman' not found.
findfont: Font family 'Nimbus Roman' not found.
findfont: Font family 'Nimbus Roman' not found.
findfont: Font family 'Nimbus Roman' not found.
findfont: Font family 'Nimbus Roman' not found.
findfont: Font family 'Nimbus Roman' not found.
findfont: Font family 'Nimbus Roman' not found.
findfont: Font family 'Nimbus Roman' not found.
findfont: Font family 'Nimbus Roman' not found.
findfont: Font family 'Nimbus Roman' not found.
findfont: Font family 'Nimbus Roman' not found.
findfont: Font family 'Nimbus Roman' not found.
findfont: Font family 'Nimbus Roman' not found.
findfont: Font family 'Nimbus Roman' not found.
findfont: Font family 'Nimbus Roman' not found.
findfont: Font family 'Nimbus Roman' not found.
findfont: Font family 'Nimbus Roman' not found.
findfont: Font family 'Nimbus Roman' not found.
findfont: Font family 'Nimbus Roman' not found.
findfont: Font family 'Nimbus Roman' not found.
findfont: Font family 'Nimbus Roman' not found.
findfont: Font family 'Nimbus Roman' not found.
findfont: Font family 'Nimbus Roman' not found.
findfont: Font family 'Nimbus Roman' not found.
findfont: Font family 'Nimbus Roman' not found.
findfont: Font family 'Nimbus Roman' not found.
findfont: Font family 'Nimbus Roman' not found.
findfont: Font family 'Nimbus Roman' not found.
findfont: Font family 'Nimbus Roman' not found.
findfont: Font family 'Nimbus Roman' not found.
findfont: Font family 'Nimbus Roman' not found.
findfont: Font family 'Nimbus Roman' not found.
findfont: Font family 'Nimbus Roman' not found.
findfont: Font family 'Nimbus Roman' not found.
findfont: Font family 'Nimbus Roman' not found.
findfont: Font family 'Nimbus Roman' not found.
findfont: Font family 'Nimbus Roman' not found.
findfont: Font family 'Nimbus Roman' not found.
findfont: Font family 'Nimbus Roman' not found.
findfont: Font family 'Nimbus Roman' not found.
findfont: Font family 'Nimbus Roman' not found.
findfont: Font family 'Nimbus Roman' not found.
Ridge mode: rkhs; diagnostic interval: 50
Iter 1/4000 | log_obj=9.881e+00 | log_Bellman_root=3.530e+00 | mass=1.84e+04 | neg=0.00e+00 | grad=6.90e+02
Iter 400/4000 | log_obj=6.165e+00 | log_Bellman_root=1.670e+00 | mass=4.47e+02 | neg=0.00e+00 | grad=4.93e+03
Iter 800/4000 | log_obj=6.169e+00 | log_Bellman_root=1.671e+00 | mass=4.49e+02 | neg=0.00e+00 | grad=4.90e+03
Iter 1200/4000 | log_obj=6.170e+00 | log_Bellman_root=1.672e+00 | mass=4.50e+02 | neg=0.00e+00 | grad=4.89e+03
Iter 1600/4000 | log_obj=6.171e+00 | log_Bellman_root=1.672e+00 | mass=4.50e+02 | neg=0.00e+00 | grad=4.89e+03
Iter 2000/4000 | log_obj=6.171e+00 | log_Bellman_root=1.672e+00 | mass=4.50e+02 | neg=0.00e+00 | grad=4.88e+03
Iter 2400/4000 | log_obj=6.171e+00 | log_Bellman_root=1.672e+00 | mass=4.50e+02 | neg=0.00e+00 | grad=4.88e+03
Iter 2800/4000 | log_obj=6.171e+00 | log_Bellman_root=1.672e+00 | mass=4.50e+02 | neg=0.00e+00 | grad=4.88e+03
Iter 3200/4000 | log_obj=6.171e+00 | log_Bellman_root=1.672e+00 | mass=4.50e+02 | neg=0.00e+00 | grad=4.88e+03
Iter 3600/4000 | log_obj=2.584e+00 | log_Bellman_root=-1.315e-01 | mass=1.25e+01 | neg=0.00e+00 | grad=3.51e+03
Iter 4000/4000 | log_obj=3.345e+00 | log_Bellman_root=3.706e-01 | mass=2.62e+01 | neg=0.00e+00 | grad=3.69e+03
Returning best diagnostic checkpoint from step 3850 (objective=2.700e+00, Bellman=1.591e-01).
Done in 12.90s.
KE-DRL global estimation is done.
B_hat shape: (3083, 800)
B_hat rank diagnostics: {'B_num_rows': 3083, 'B_num_cols': 800, 'B_min_dim': 800, 'B_numerical_rank': 800, 'B_rank_fraction': 1.0, 'B_rank_tolerance': 3.3193814066301286e-05, 'B_stable_rank': 297.6004333496094, 'B_effective_rank': 771.644020770939, 'B_entropy_rank': 6.648523330688477, 'B_spectral_norm': 0.09031783789396286, 'B_frobenius_norm': 1.5580819845199585, 'B_nuclear_norm': 42.5770263671875, 'B_condition_number': 3.3151226934682216, 'B_condition_number_tol': 3.3151226934682216, 'B_smallest_singular_value': 0.027244191616773605, 'B_rank_rel_1em2': 800, 'B_rank_rel_1em3': 800, 'B_rank_rel_1em4': 800}
Global-loss target mass diagnostics: {'target_mass_mean': -0.4828720986843109, 'target_mass_min': -1.6067955493927002, 'target_mass_max': 0.5931434631347656, 'target_mass_sd': 0.5704928636550903, 'target_mass_rmse_to_target': 1.587802529335022, 'target_beta_min': -0.013979627750813961, 'target_beta_max': 0.043848101049661636, 'target_neg_frac_mean': 0.6002375}
Return dictionary Z_grid shape: (800, 3)
Replicate 46 risk metrics: {'risk_n_steps_recorded': 81.0, 'risk_n_diagnostics_recorded': 81.0, 'risk_log_obj_initial': 9.88099517634085, 'risk_log_obj_final': 3.3448924897924925, 'risk_log_obj_min': 0.9933783211166483, 'risk_obj_initial': 19555.173828125, 'risk_obj_final': 28.3575267791748, 'risk_obj_min': 2.7003417015075684, 'risk_log_obj_drop': 6.536102686548357, 'risk_log_bellman_root_initial': 3.5301974713801205, 'risk_log_bellman_root_final': 0.37060287663204144, 'risk_log_bellman_root_min': -0.919068347628922, 'risk_bellman_root_initial': 34.130706787109375, 'risk_bellman_root_final': 1.4486076831817627, 'risk_bellman_root_min': 0.39889049530029297, 'risk_bellman_initial': 1164.9051457876337, 'risk_bellman_final': 2.098464219773234, 'risk_bellman_min': 0.15911362724091305, 'risk_log_bellman_root_drop': 3.159594594748079, 'risk_bellman_returned': 0.15911363065242767, 'risk_obj_returned': 2.7003417015075684, 'risk_returned_step': 3850.0, 'offline_data_id': 46, 'benchmark_point_source': 'fixed_config_plus_support_safe_target_policy_draws', 'target_set_size': 100, 'lambda_reg': 0.005, 'lambda_B': 0.02, 'num_steps': 4000, 'transition_reduction_enabled': 1, 'transition_reduction_method': 'kmeans', 'transition_original_rows': 12000, 'transition_reduced_rows': 3083, 'transition_compression_ratio': 0.2569166666666667, 'target_mass_mean': -0.4828720986843109, 'target_mass_min': -1.6067955493927002, 'target_mass_max': 0.5931434631347656, 'target_mass_sd': 0.5704928636550903, 'target_mass_rmse_to_target': 1.587802529335022, 'target_beta_min': -0.013979627750813961, 'target_beta_max': 0.043848101049661636, 'target_neg_frac_mean': 0.6002375, 'B_num_rows': 3083, 'B_num_cols': 800, 'B_min_dim': 800, 'B_numerical_rank': 800, 'B_rank_fraction': 1.0, 'B_rank_tolerance': 3.3193814066301286e-05, 'B_stable_rank': 297.6004333496094, 'B_effective_rank': 771.644020770939, 'B_entropy_rank': 6.648523330688477, 'B_spectral_norm': 0.09031783789396286, 'B_frobenius_norm': 1.5580819845199585, 'B_nuclear_norm': 42.5770263671875, 'B_condition_number': 3.3151226934682216, 'B_condition_number_tol': 3.3151226934682216, 'B_smallest_singular_value': 0.027244191616773605, 'B_rank_rel_1em2': 800, 'B_rank_rel_1em3': 800, 'B_rank_rel_1em4': 800, 'risk_objective_final_raw': 28.357526779174805, 'risk_objective_min_raw': 2.7003417015075684, 'risk_objective_max_raw': 19555.173828125, 'risk_bellman_final_raw': 2.098464250564575, 'risk_bellman_min_raw': 0.15911363065242767, 'risk_bellman_max_raw': 1164.905029296875, 'risk_rkhs_ridge_final_raw': 0.024337846785783768, 'risk_rkhs_ridge_min_raw': 0.019742390140891075, 'risk_rkhs_ridge_max_raw': 2.3153135776519775, 'risk_mass_final_raw': 26.234724044799805, 'risk_mass_min_raw': 2.5211169719696045, 'risk_mass_max_raw': 18387.953125, 'risk_negativity_final_raw': 0.0, 'risk_negativity_min_raw': 0.0, 'risk_negativity_max_raw': 0.0, 'risk_B_norm_final_raw': 1.557539939880371, 'risk_B_norm_min_raw': 1.5574290752410889, 'risk_B_norm_max_raw': 1.6392542123794556, 'risk_diagnostic_step_final_raw': 4000.0, 'risk_diagnostic_step_min_raw': 1.0, 'risk_diagnostic_step_max_raw': 4000.0, 'risk_best_step_final_raw': 3850.0, 'risk_best_step_min_raw': 3850.0, 'risk_best_step_max_raw': 3850.0, 'risk_best_objective_final_raw': 2.7003417015075684, 'risk_best_objective_min_raw': 2.7003417015075684, 'risk_best_objective_max_raw': 2.7003417015075684, 'risk_best_bellman_final_raw': 0.15911363065242767, 'risk_best_bellman_min_raw': 0.15911363065242767, 'risk_best_bellman_max_raw': 0.15911363065242767, 'risk_returned_step_final_raw': 3850.0, 'risk_returned_step_min_raw': 3850.0, 'risk_returned_step_max_raw': 3850.0, 'risk_returned_objective_final_raw': 2.7003417015075684, 'risk_returned_objective_min_raw': 2.7003417015075684, 'risk_returned_objective_max_raw': 2.7003417015075684, 'risk_returned_bellman_final_raw': 0.15911363065242767, 'risk_returned_bellman_min_raw': 0.15911363065242767, 'risk_returned_bellman_max_raw': 0.15911363065242767, 'risk_returned_best_checkpoint_final_raw': 1.0, 'risk_returned_best_checkpoint_min_raw': 1.0, 'risk_returned_best_checkpoint_max_raw': 1.0}
Benchmark 0 evaluation grid shape: (800, 3)
Replicate 46, benchmark 0 metrics: {'run_id': '46_b0', 'RMSE': 0.29807513781441775, 'MAE': 0.27562973377032907, 'SupNorm': 0.5231471508741379, 'Bias': -0.27562973377032907, 'Corr': 0.15113286480545185, 'deming_slope': 0.2726032702801857, 'deming_intercept': -0.08292088259153281, 'beta_sum': -0.14700038731098175, 'beta_l1': 1.9313733577728271, 'beta_l2': 0.08560851961374283, 'beta_min': -0.00955676008015871, 'beta_max': 0.01218043640255928, 'beta_neg_frac': 0.5325, 'offline_data_id': 46, 'benchmark_id': 0, 'benchmark_point_source': 'fixed_config', 'target_set_size': 100, 'benchmark_z_path': 'data/Z_true.pt', 'projected_bellman_test_risk': 0.016432851552963257, 'oracle_embedding_risk': 1.1160773038864136, 'benchmark_embedding_risk': 1.1160773038864136, 'risk_bellman_final': 2.098464219773234, 'risk_obj_final': 28.3575267791748, 'B_num_rows': 3083, 'B_num_cols': 800, 'B_min_dim': 800, 'B_numerical_rank': 800, 'B_rank_fraction': 1.0, 'B_rank_tolerance': 3.3193814066301286e-05, 'B_stable_rank': 297.6004333496094, 'B_effective_rank': 771.644020770939, 'B_entropy_rank': 6.648523330688477, 'B_spectral_norm': 0.09031783789396286, 'B_frobenius_norm': 1.5580819845199585, 'B_nuclear_norm': 42.5770263671875, 'B_condition_number': 3.3151226934682216, 'B_condition_number_tol': 3.3151226934682216, 'B_smallest_singular_value': 0.027244191616773605, 'B_rank_rel_1em2': 800, 'B_rank_rel_1em3': 800, 'B_rank_rel_1em4': 800}
Saved ./mu/mu_hat.csv shape=(800,)
Saved ./mu/mu2D_hat_dims01.csv shape=(120, 120)
Saved ./mu/mu2D_hat_dims01.csv shape=(120, 120)
Saved plots/replicate_46/mu_3D.png
Benchmark 1 evaluation grid shape: (800, 3)
Replicate 46, benchmark 1 metrics: {'run_id': '46_b1', 'RMSE': 0.9037046532293243, 'MAE': 0.832323515463504, 'SupNorm': 1.500800460577011, 'Bias': -0.832323515463504, 'Corr': -0.9845688046924377, 'deming_slope': -2.6493515731376207, 'deming_intercept': 0.12824850838145363, 'beta_sum': -1.750476598739624, 'beta_l1': 2.375293254852295, 'beta_l2': 0.10344712436199188, 'beta_min': -0.011579729616641998, 'beta_max': 0.006614016368985176, 'beta_neg_frac': 0.76375, 'offline_data_id': 46, 'benchmark_id': 1, 'benchmark_point_source': 'fixed_config', 'target_set_size': 100, 'benchmark_z_path': 'data/Z_true.pt', 'projected_bellman_test_risk': 0.24629545211791992, 'oracle_embedding_risk': 3.4653782844543457, 'benchmark_embedding_risk': 3.4653782844543457, 'risk_bellman_final': 2.098464219773234, 'risk_obj_final': 28.3575267791748, 'B_num_rows': 3083, 'B_num_cols': 800, 'B_min_dim': 800, 'B_numerical_rank': 800, 'B_rank_fraction': 1.0, 'B_rank_tolerance': 3.3193814066301286e-05, 'B_stable_rank': 297.6004333496094, 'B_effective_rank': 771.644020770939, 'B_entropy_rank': 6.648523330688477, 'B_spectral_norm': 0.09031783789396286, 'B_frobenius_norm': 1.5580819845199585, 'B_nuclear_norm': 42.5770263671875, 'B_condition_number': 3.3151226934682216, 'B_condition_number_tol': 3.3151226934682216, 'B_smallest_singular_value': 0.027244191616773605, 'B_rank_rel_1em2': 800, 'B_rank_rel_1em3': 800, 'B_rank_rel_1em4': 800}
Benchmark 2 evaluation grid shape: (800, 3)
Replicate 46, benchmark 2 metrics: {'run_id': '46_b2', 'RMSE': 0.8309958724498571, 'MAE': 0.7661807198933093, 'SupNorm': 1.3807181119918823, 'Bias': -0.7661807198933093, 'Corr': -0.8359026601402877, 'deming_slope': -2.888087319375278, 'deming_intercept': 0.28692328629148367, 'beta_sum': -1.552423357963562, 'beta_l1': 2.2730979919433594, 'beta_l2': 0.09967982023954391, 'beta_min': -0.012212752364575863, 'beta_max': 0.007329046726226807, 'beta_neg_frac': 0.74125, 'offline_data_id': 46, 'benchmark_id': 2, 'benchmark_point_source': 'fixed_config', 'target_set_size': 100, 'benchmark_z_path': 'data/Z_true.pt', 'projected_bellman_test_risk': 0.18853405117988586, 'oracle_embedding_risk': 3.0435566902160645, 'benchmark_embedding_risk': 3.0435566902160645, 'risk_bellman_final': 2.098464219773234, 'risk_obj_final': 28.3575267791748, 'B_num_rows': 3083, 'B_num_cols': 800, 'B_min_dim': 800, 'B_numerical_rank': 800, 'B_rank_fraction': 1.0, 'B_rank_tolerance': 3.3193814066301286e-05, 'B_stable_rank': 297.6004333496094, 'B_effective_rank': 771.644020770939, 'B_entropy_rank': 6.648523330688477, 'B_spectral_norm': 0.09031783789396286, 'B_frobenius_norm': 1.5580819845199585, 'B_nuclear_norm': 42.5770263671875, 'B_condition_number': 3.3151226934682216, 'B_condition_number_tol': 3.3151226934682216, 'B_smallest_singular_value': 0.027244191616773605, 'B_rank_rel_1em2': 800, 'B_rank_rel_1em3': 800, 'B_rank_rel_1em4': 800}
Benchmark 3 evaluation grid shape: (800, 3)
Replicate 46, benchmark 3 metrics: {'run_id': '46_b3', 'RMSE': 0.8275152751012413, 'MAE': 0.7572145190567244, 'SupNorm': 1.3944816589355469, 'Bias': -0.7572145190567244, 'Corr': -0.8917003884679556, 'deming_slope': -2.7419493383929288, 'deming_intercept': 0.2228158843349372, 'beta_sum': -1.5665245056152344, 'beta_l1': 2.3523921966552734, 'beta_l2': 0.10333564877510071, 'beta_min': -0.01141556166112423, 'beta_max': 0.0065817805007100105, 'beta_neg_frac': 0.735, 'offline_data_id': 46, 'benchmark_id': 3, 'benchmark_point_source': 'fixed_config', 'target_set_size': 100, 'benchmark_z_path': 'data/Z_true.pt', 'projected_bellman_test_risk': 0.2198173999786377, 'oracle_embedding_risk': 3.1100101470947266, 'benchmark_embedding_risk': 3.1100101470947266, 'risk_bellman_final': 2.098464219773234, 'risk_obj_final': 28.3575267791748, 'B_num_rows': 3083, 'B_num_cols': 800, 'B_min_dim': 800, 'B_numerical_rank': 800, 'B_rank_fraction': 1.0, 'B_rank_tolerance': 3.3193814066301286e-05, 'B_stable_rank': 297.6004333496094, 'B_effective_rank': 771.644020770939, 'B_entropy_rank': 6.648523330688477, 'B_spectral_norm': 0.09031783789396286, 'B_frobenius_norm': 1.5580819845199585, 'B_nuclear_norm': 42.5770263671875, 'B_condition_number': 3.3151226934682216, 'B_condition_number_tol': 3.3151226934682216, 'B_smallest_singular_value': 0.027244191616773605, 'B_rank_rel_1em2': 800, 'B_rank_rel_1em3': 800, 'B_rank_rel_1em4': 800}
Benchmark 4 evaluation grid shape: (800, 3)
Replicate 46, benchmark 4 metrics: {'run_id': '46_b4', 'RMSE': 0.20711956075384183, 'MAE': 0.1923844759399799, 'SupNorm': 0.4286407083272934, 'Bias': -0.1923844759399799, 'Corr': 0.6477882542022039, 'deming_slope': 0.8253918721561029, 'deming_intercept': -0.14534469916465856, 'beta_sum': 0.07005906105041504, 'beta_l1': 2.3660874366760254, 'beta_l2': 0.12764081358909607, 'beta_min': -0.008782634511590004, 'beta_max': 0.03724287450313568, 'beta_neg_frac': 0.56625, 'offline_data_id': 46, 'benchmark_id': 4, 'benchmark_point_source': 'support_safe_target_policy_draw', 'target_set_size': 100, 'benchmark_z_path': 'data/Z_true.pt', 'projected_bellman_test_risk': 0.025327980518341064, 'oracle_embedding_risk': 1.0098944902420044, 'benchmark_embedding_risk': 1.0098944902420044, 'risk_bellman_final': 2.098464219773234, 'risk_obj_final': 28.3575267791748, 'B_num_rows': 3083, 'B_num_cols': 800, 'B_min_dim': 800, 'B_numerical_rank': 800, 'B_rank_fraction': 1.0, 'B_rank_tolerance': 3.3193814066301286e-05, 'B_stable_rank': 297.6004333496094, 'B_effective_rank': 771.644020770939, 'B_entropy_rank': 6.648523330688477, 'B_spectral_norm': 0.09031783789396286, 'B_frobenius_norm': 1.5580819845199585, 'B_nuclear_norm': 42.5770263671875, 'B_condition_number': 3.3151226934682216, 'B_condition_number_tol': 3.3151226934682216, 'B_smallest_singular_value': 0.027244191616773605, 'B_rank_rel_1em2': 800, 'B_rank_rel_1em3': 800, 'B_rank_rel_1em4': 800}
Benchmark 5 evaluation grid shape: (800, 3)
Replicate 46, benchmark 5 metrics: {'run_id': '46_b5', 'RMSE': 0.25862974639664904, 'MAE': 0.2422438498606334, 'SupNorm': 0.41042567044496536, 'Bias': -0.2422438498606334, 'Corr': 0.4768128715125762, 'deming_slope': 0.05124159796538927, 'deming_intercept': 0.004049001304308117, 'beta_sum': 0.11006693542003632, 'beta_l1': 0.46264758706092834, 'beta_l2': 0.021221913397312164, 'beta_min': -0.0019183836411684752, 'beta_max': 0.002860870212316513, 'beta_neg_frac': 0.435, 'offline_data_id': 46, 'benchmark_id': 5, 'benchmark_point_source': 'support_safe_target_policy_draw', 'target_set_size': 100, 'benchmark_z_path': 'data/Z_true.pt', 'projected_bellman_test_risk': 0.0028391764499247074, 'oracle_embedding_risk': 0.9673603177070618, 'benchmark_embedding_risk': 0.9673603177070618, 'risk_bellman_final': 2.098464219773234, 'risk_obj_final': 28.3575267791748, 'B_num_rows': 3083, 'B_num_cols': 800, 'B_min_dim': 800, 'B_numerical_rank': 800, 'B_rank_fraction': 1.0, 'B_rank_tolerance': 3.3193814066301286e-05, 'B_stable_rank': 297.6004333496094, 'B_effective_rank': 771.644020770939, 'B_entropy_rank': 6.648523330688477, 'B_spectral_norm': 0.09031783789396286, 'B_frobenius_norm': 1.5580819845199585, 'B_nuclear_norm': 42.5770263671875, 'B_condition_number': 3.3151226934682216, 'B_condition_number_tol': 3.3151226934682216, 'B_smallest_singular_value': 0.027244191616773605, 'B_rank_rel_1em2': 800, 'B_rank_rel_1em3': 800, 'B_rank_rel_1em4': 800}
Benchmark 6 evaluation grid shape: (800, 3)
Replicate 46, benchmark 6 metrics: {'run_id': '46_b6', 'RMSE': 0.4598074401689294, 'MAE': 0.4163572508812649, 'SupNorm': 0.8394916355609894, 'Bias': -0.4163572508812649, 'Corr': -0.35159078155309037, 'deming_slope': -2.457680507113052, 'deming_intercept': 0.5059361790014134, 'beta_sum': -0.5795077085494995, 'beta_l1': 2.2199454307556152, 'beta_l2': 0.09702733904123306, 'beta_min': -0.010548804886639118, 'beta_max': 0.009472394362092018, 'beta_neg_frac': 0.59, 'offline_data_id': 46, 'benchmark_id': 6, 'benchmark_point_source': 'support_safe_target_policy_draw', 'target_set_size': 100, 'benchmark_z_path': 'data/Z_true.pt', 'projected_bellman_test_risk': 0.02367730811238289, 'oracle_embedding_risk': 1.588816523551941, 'benchmark_embedding_risk': 1.588816523551941, 'risk_bellman_final': 2.098464219773234, 'risk_obj_final': 28.3575267791748, 'B_num_rows': 3083, 'B_num_cols': 800, 'B_min_dim': 800, 'B_numerical_rank': 800, 'B_rank_fraction': 1.0, 'B_rank_tolerance': 3.3193814066301286e-05, 'B_stable_rank': 297.6004333496094, 'B_effective_rank': 771.644020770939, 'B_entropy_rank': 6.648523330688477, 'B_spectral_norm': 0.09031783789396286, 'B_frobenius_norm': 1.5580819845199585, 'B_nuclear_norm': 42.5770263671875, 'B_condition_number': 3.3151226934682216, 'B_condition_number_tol': 3.3151226934682216, 'B_smallest_singular_value': 0.027244191616773605, 'B_rank_rel_1em2': 800, 'B_rank_rel_1em3': 800, 'B_rank_rel_1em4': 800}
Benchmark 7 evaluation grid shape: (800, 3)
Replicate 46, benchmark 7 metrics: {'run_id': '46_b7', 'RMSE': 0.4782222015389153, 'MAE': 0.42859752286152797, 'SupNorm': 0.891245037317276, 'Bias': -0.42859752286152797, 'Corr': -0.2747293889282121, 'deming_slope': -4.477064545619639, 'deming_intercept': 1.0183533845486359, 'beta_sum': -0.7671977281570435, 'beta_l1': 2.3183465003967285, 'beta_l2': 0.10553591698408127, 'beta_min': -0.009918764233589172, 'beta_max': 0.02079428732395172, 'beta_neg_frac': 0.6575, 'offline_data_id': 46, 'benchmark_id': 7, 'benchmark_point_source': 'support_safe_target_policy_draw', 'target_set_size': 100, 'benchmark_z_path': 'data/Z_true.pt', 'projected_bellman_test_risk': 0.06383168697357178, 'oracle_embedding_risk': 1.7659671306610107, 'benchmark_embedding_risk': 1.7659671306610107, 'risk_bellman_final': 2.098464219773234, 'risk_obj_final': 28.3575267791748, 'B_num_rows': 3083, 'B_num_cols': 800, 'B_min_dim': 800, 'B_numerical_rank': 800, 'B_rank_fraction': 1.0, 'B_rank_tolerance': 3.3193814066301286e-05, 'B_stable_rank': 297.6004333496094, 'B_effective_rank': 771.644020770939, 'B_entropy_rank': 6.648523330688477, 'B_spectral_norm': 0.09031783789396286, 'B_frobenius_norm': 1.5580819845199585, 'B_nuclear_norm': 42.5770263671875, 'B_condition_number': 3.3151226934682216, 'B_condition_number_tol': 3.3151226934682216, 'B_smallest_singular_value': 0.027244191616773605, 'B_rank_rel_1em2': 800, 'B_rank_rel_1em3': 800, 'B_rank_rel_1em4': 800}
Benchmark 8 evaluation grid shape: (800, 3)
Replicate 46, benchmark 8 metrics: {'run_id': '46_b8', 'RMSE': 0.2733891418205544, 'MAE': 0.25100267364352474, 'SupNorm': 0.46754586696624756, 'Bias': -0.25100267364352474, 'Corr': 0.11211545369463592, 'deming_slope': 0.09218212873994776, 'deming_intercept': -0.012092562339196715, 'beta_sum': 0.07335010170936584, 'beta_l1': 1.7890625, 'beta_l2': 0.08221200853586197, 'beta_min': -0.0064983912743628025, 'beta_max': 0.015558184124529362, 'beta_neg_frac': 0.5225, 'offline_data_id': 46, 'benchmark_id': 8, 'benchmark_point_source': 'support_safe_target_policy_draw', 'target_set_size': 100, 'benchmark_z_path': 'data/Z_true.pt', 'projected_bellman_test_risk': 0.02860761433839798, 'oracle_embedding_risk': 1.0265531539916992, 'benchmark_embedding_risk': 1.0265531539916992, 'risk_bellman_final': 2.098464219773234, 'risk_obj_final': 28.3575267791748, 'B_num_rows': 3083, 'B_num_cols': 800, 'B_min_dim': 800, 'B_numerical_rank': 800, 'B_rank_fraction': 1.0, 'B_rank_tolerance': 3.3193814066301286e-05, 'B_stable_rank': 297.6004333496094, 'B_effective_rank': 771.644020770939, 'B_entropy_rank': 6.648523330688477, 'B_spectral_norm': 0.09031783789396286, 'B_frobenius_norm': 1.5580819845199585, 'B_nuclear_norm': 42.5770263671875, 'B_condition_number': 3.3151226934682216, 'B_condition_number_tol': 3.3151226934682216, 'B_smallest_singular_value': 0.027244191616773605, 'B_rank_rel_1em2': 800, 'B_rank_rel_1em3': 800, 'B_rank_rel_1em4': 800}
Benchmark 9 evaluation grid shape: (800, 3)
Replicate 46, benchmark 9 metrics: {'run_id': '46_b9', 'RMSE': 0.5044270830160779, 'MAE': 0.4520489837958303, 'SupNorm': 0.9038049876689911, 'Bias': -0.4520489837958303, 'Corr': -0.39696034956921833, 'deming_slope': -3.162544382499498, 'deming_intercept': 0.6657793058722701, 'beta_sum': -0.6514241695404053, 'beta_l1': 2.419989585876465, 'beta_l2': 0.11056160181760788, 'beta_min': -0.011199655942618847, 'beta_max': 0.01923881284892559, 'beta_neg_frac': 0.60125, 'offline_data_id': 46, 'benchmark_id': 9, 'benchmark_point_source': 'support_safe_target_policy_draw', 'target_set_size': 100, 'benchmark_z_path': 'data/Z_true.pt', 'projected_bellman_test_risk': 0.009880777448415756, 'oracle_embedding_risk': 1.7431894540786743, 'benchmark_embedding_risk': 1.7431894540786743, 'risk_bellman_final': 2.098464219773234, 'risk_obj_final': 28.3575267791748, 'B_num_rows': 3083, 'B_num_cols': 800, 'B_min_dim': 800, 'B_numerical_rank': 800, 'B_rank_fraction': 1.0, 'B_rank_tolerance': 3.3193814066301286e-05, 'B_stable_rank': 297.6004333496094, 'B_effective_rank': 771.644020770939, 'B_entropy_rank': 6.648523330688477, 'B_spectral_norm': 0.09031783789396286, 'B_frobenius_norm': 1.5580819845199585, 'B_nuclear_norm': 42.5770263671875, 'B_condition_number': 3.3151226934682216, 'B_condition_number_tol': 3.3151226934682216, 'B_smallest_singular_value': 0.027244191616773605, 'B_rank_rel_1em2': 800, 'B_rank_rel_1em3': 800, 'B_rank_rel_1em4': 800}
Replicate 46 finished in 23.6s
Finished combo 3, offline replicate 46.
