Job ID:    2359001
Array idx: 217
CPUs/node: 64
Mem/node:  131072
Using CC = cc 
Using CXX = CC 
Using FC = ftn 
Using F77 = ftn 
Using F90 = ftn 
cuda/12.6.1 is deprecated; loading cudatoolkit/25.5_12.9 instead.
Using CC = /opt/nvidia/hpc_sdk/Linux_aarch64/25.5/compilers/bin/nvc 
Using CXX = /opt/nvidia/hpc_sdk/Linux_aarch64/25.5/compilers/bin/nvc++ 
Using FC = /opt/nvidia/hpc_sdk/Linux_aarch64/25.5/compilers/bin/nvfortran 
Using F77 = /opt/nvidia/hpc_sdk/Linux_aarch64/25.5/compilers/bin/nvfortran 
Using F90 = /opt/nvidia/hpc_sdk/Linux_aarch64/25.5/compilers/bin/nvfortran 
Using CC = /opt/nvidia/hpc_sdk/Linux_aarch64/25.5/compilers/bin/nvc 
Using CXX = /opt/nvidia/hpc_sdk/Linux_aarch64/25.5/compilers/bin/nvc++ 
Using FC = /opt/nvidia/hpc_sdk/Linux_aarch64/25.5/compilers/bin/nvfortran 
Using F77 = /opt/nvidia/hpc_sdk/Linux_aarch64/25.5/compilers/bin/nvfortran 
Using F90 = /opt/nvidia/hpc_sdk/Linux_aarch64/25.5/compilers/bin/nvfortran 

Lmod is automatically replacing "gcc-native/14" with "gcc/14.2.0".

ghx4
0
Tuning combo id: 2 / 6
Offline replicate id: 17 / 99
Installing ke_drl from git: https://github.com/mehrdadmhmdi/ke-drl.git@main
Collecting git+https://github.com/mehrdadmhmdi/ke-drl.git@main
  Cloning https://github.com/mehrdadmhmdi/ke-drl.git (to revision main) to /tmp/pip-req-build-d5i2qh9m
  Running command git clone --filter=blob:none --quiet https://github.com/mehrdadmhmdi/ke-drl.git /tmp/pip-req-build-d5i2qh9m
  Resolved https://github.com/mehrdadmhmdi/ke-drl.git to commit 3c5d570e40ea15b1fbe4817b5f43b64c7b333e82
  Installing build dependencies: started
  Installing build dependencies: finished with status 'done'
  Getting requirements to build wheel: started
  Getting requirements to build wheel: finished with status 'done'
  Preparing metadata (pyproject.toml): started
  Preparing metadata (pyproject.toml): finished with status 'done'
Building wheels for collected packages: ke_drl
  Building wheel for ke_drl (pyproject.toml): started
  Building wheel for ke_drl (pyproject.toml): finished with status 'done'
  Created wheel for ke_drl: filename=ke_drl-0.1.0-py3-none-any.whl size=47219 sha256=7bf45bbde55311a98a8e1b9e09452ce467cc97516aeb586ff6397ad452763160
  Stored in directory: /tmp/pip-ephem-wheel-cache-di8hsunn/wheels/24/47/ad/9a4ffd3b05d3e90e35ffc6e7324b735b8bfcf5f51aaf29a333
Successfully built ke_drl
Installing collected packages: ke_drl
Successfully installed ke_drl-0.1.0
Installed ke_drl source: /work/nvme/bfez/mehrdad3/DistRL/simulation_3/runs/sim3_global_2358722_2/.kedrl_site_217/ke_drl/__init__.py
Tuning combo 2: lambda_B_0.00002
Overrides: {'lambda_B': 2e-05}
RUN: /sw/user/python/miniforge3-pytorch-24.11.3/bin/python3 validate_sim_config.py --params params.yaml
ke_drl import source: /work/nvme/bfez/mehrdad3/DistRL/simulation_3/runs/sim3_global_2358722_2/.kedrl_site_217/ke_drl/__init__.py
ke_drl package API OK: prediction weights, RFF operators, rank diagnostics, and best-checkpoint optimizer available
Policy config OK: behavior=uniform, target=logistic, state_dim=5, action_dim=1
Note: policy.logistic.theta_scale/theta_std are log-scale coefficients in Probability_Densities.
Behavior-policy linearized state-process diagnostic: spectral_radius=0.653, offline_burn_in=50
Replicate config OK: num_replicates=100, benchmark points=10 independent of D_i, loss target points=100
Transition reduction OK: method=kmeans, raw rows N(T-1)=12000, target rows about 3000, B rows reduced from 12000 to about 3000
Return-operator approximation OK: method=rff, features=512, exact G avoided for estimated N=12000, m=800, L=100
Fixed benchmark config rows=4 (benchmark.num_points=10; additional points are support-safe target-policy draws if needed)
Fixed benchmark point 0: s_star=[0.6, -0.8, 0.7, -0.5, 0.9], a_star=[0.5]
Fixed benchmark behavior-support interval for configured rows: min_lower=-0.12, max_upper=1.11
Fixed benchmark target-policy location range: [-0.02, 0.14]
Reusing shared data from /work/nvme/bfez/mehrdad3/DistRL/simulation_3/runs/sim3_shared_data/data for offline replicate 17.
RUN: /sw/user/python/miniforge3-pytorch-24.11.3/bin/python3 validate_sim_config.py --params params.yaml --data data/offline_data_17.pt
ke_drl import source: /work/nvme/bfez/mehrdad3/DistRL/simulation_3/runs/sim3_global_2358722_2/.kedrl_site_217/ke_drl/__init__.py
ke_drl package API OK: prediction weights, RFF operators, rank diagnostics, and best-checkpoint optimizer available
Policy config OK: behavior=uniform, target=logistic, state_dim=5, action_dim=1
Note: policy.logistic.theta_scale/theta_std are log-scale coefficients in Probability_Densities.
Behavior-policy linearized state-process diagnostic: spectral_radius=0.653, offline_burn_in=50
Replicate config OK: num_replicates=100, benchmark points=10 independent of D_i, loss target points=100
Transition reduction OK: method=kmeans, raw rows N(T-1)=12000, target rows about 3000, B rows reduced from 12000 to about 3000
Return-operator approximation OK: method=rff, features=512, exact G avoided for estimated N=12000, m=800, L=100
Fixed benchmark config rows=4 (benchmark.num_points=10; additional points are support-safe target-policy draws if needed)
Fixed benchmark point 0: s_star=[0.6, -0.8, 0.7, -0.5, 0.9], a_star=[0.5]
Fixed benchmark behavior-support interval for configured rows: min_lower=-0.12, max_upper=1.11
Fixed benchmark target-policy location range: [-0.02, 0.14]
Full benchmark support check OK: 10 points, min_lower=-2.177, max_upper=2.05
observed behavior actions: mean=0.3979, sd=0.6854, q0/q10/q50/q90/q100=[-2.2983815670013428, -0.4275708943605423, 0.3434569984674454, 1.319045615196228, 3.150285482406616]
target-policy sampled actions: mean=-0.01878, sd=0.6693, q0/q10/q50/q90/q100=[-2.832903899592246, -0.8804344145963605, -0.01554041781650738, 0.8408969434090828, 2.4056366608468784]
behavior uniform lower: mean=-0.1197, sd=0.663, q0/q10/q50/q90/q100=[-2.7918944120407105, -0.9821877112984658, -0.11467718183994294, 0.7313575756549835, 2.1985718309879303]
behavior uniform upper: mean=0.9202, sd=0.6509, q0/q10/q50/q90/q100=[-1.1129840970039369, 0.05762503735721113, 0.9297427356243134, 1.771675220578909, 3.3002906560897824]
target location inside behavior uniform support: 0.968
RUN: /sw/user/python/miniforge3-pytorch-24.11.3/bin/python3 main_est.py
# ================================================================ #
#   Global KE-DRL estimation for one offline replicate              #
# ================================================================ #
Slurm Job ID: 2359001
Slurm Array ID: 17 -- used as the offline-replicate id
Offline data id: 17
ke_drl import source: /work/nvme/bfez/mehrdad3/DistRL/simulation_3/runs/sim3_global_2358722_2/.kedrl_site_217/ke_drl/__init__.py
Estimator device: cuda (NVIDIA GH200 120GB, capability 9.0); torch CUDA=13.0
Random seed: 20460529
Number of offline replicates: 100
[transition reduction] enabled: original rows=12000, target basis=3000, method=kmeans, device=cuda
[transition reduction] kmeans iter 1/20, mean center shift=2.7454e-01
[transition reduction] kmeans iter 5/20, mean center shift=4.9874e-03
[transition reduction] selected 3080 rows from 12000 transitions (ratio 0.2567); indices saved to data/reduced_transition_indices_17.pt
Data and parameters loaded.
offline path: data/offline_data_17.pt
benchmark true-Z path: data/Z_true.pt
offline shapes after reduction: s0=(3080, 5), a0=(3080, 1), r0=(3080, 3)
transition reduction: {'enabled': True, 'method': 'kmeans', 'original_rows': 12000, 'reduced_rows': 3080, 'selected_indices_path': 'data/reduced_transition_indices_17.pt', 'target_basis': 3000, 'compression_ratio': 0.25666666666666665}
fixed benchmark point source: fixed_config_plus_support_safe_target_policy_draws
benchmark row excluded from this offline data: None
global loss target set shape: s_star=(100, 5), a_star=(100, 1)
benchmark true-Z count=10, shape each=(50000, 3)
target policy: logistic
behavior policy: uniform
lambda_Gamma=0.005, lambda_B=2e-05, d_r_method=song
dtype=torch.float32, operator_method=rff, operator_num_features=512
ridge_mode=rkhs, diagnostic_interval=50
mass_anchor_lambda=1.0, target_mass=1.0
uLSIF basis: source=numerator, n_basis=512, lambda_reg=0.005
optimizer stabilizers: lambda_neg=0.0, max_B_norm=None, eta_clip_min=0.0, eta_clip_max=5.0, normalize_eta=True
========================================
Estimating the global KE-DRL mean embedding
torch device=cuda, dtype=torch.float32
Data dims: N=3080, L=100, Ds=5, Da=1, Dr=3
lambda_Gamma=0.005, lambda_B=2e-05
return-operator construction: method=rff, rff_features=512
[uLSIF] basis=512/3080 (numerator); eta_hat min=-6.353e-01 max=5.048e+00 neg%=3.70
ESS for eta_plus: 2188.8 / 3080
eta_plus diagnostics: raw_mean=0.999, raw_min=-0.635, raw_max=5.05; used_mean=1, used_min=0, used_max=4.97
[timing] Z-grid: 0.03s
[timing] K_X: 0.00s
[timing] K_plus: 0.00s
[timing] k_star: 0.00s
[timing] Gamma_stack: 0.01s
[timing] Phi_stack: 0.00s
[timing] RFF feature sample: 0.00s
[timing] K_Z RFF: 0.00s
[timing] G_stack RFF: 0.01s
[timing] H_stack RFF: 0.01s
findfont: Font family 'Nimbus Roman' not found.
findfont: Font family 'Nimbus Roman' not found.
findfont: Font family 'Nimbus Roman' not found.
findfont: Font family 'Nimbus Roman' not found.
findfont: Font family 'Nimbus Roman' not found.
findfont: Font family 'Nimbus Roman' not found.
findfont: Font family 'Nimbus Roman' not found.
findfont: Font family 'Nimbus Roman' not found.
findfont: Font family 'Nimbus Roman' not found.
findfont: Font family 'Nimbus Roman' not found.
findfont: Font family 'Nimbus Roman' not found.
findfont: Font family 'Nimbus Roman' not found.
findfont: Font family 'Nimbus Roman' not found.
findfont: Font family 'Nimbus Roman' not found.
findfont: Font family 'Nimbus Roman' not found.
findfont: Font family 'Nimbus Roman' not found.
findfont: Font family 'Nimbus Roman' not found.
findfont: Font family 'Nimbus Roman' not found.
findfont: Font family 'Nimbus Roman' not found.
findfont: Font family 'Nimbus Roman' not found.
findfont: Font family 'Nimbus Roman' not found.
findfont: Font family 'Nimbus Roman' not found.
findfont: Font family 'Nimbus Roman' not found.
findfont: Font family 'Nimbus Roman' not found.
findfont: Font family 'Nimbus Roman' not found.
findfont: Font family 'Nimbus Roman' not found.
findfont: Font family 'Nimbus Roman' not found.
findfont: Font family 'Nimbus Roman' not found.
findfont: Font family 'Nimbus Roman' not found.
findfont: Font family 'Nimbus Roman' not found.
findfont: Font family 'Nimbus Roman' not found.
findfont: Font family 'Nimbus Roman' not found.
findfont: Font family 'Nimbus Roman' not found.
findfont: Font family 'Nimbus Roman' not found.
findfont: Font family 'Nimbus Roman' not found.
findfont: Font family 'Nimbus Roman' not found.
findfont: Font family 'Nimbus Roman' not found.
findfont: Font family 'Nimbus Roman' not found.
findfont: Font family 'Nimbus Roman' not found.
findfont: Font family 'Nimbus Roman' not found.
findfont: Font family 'Nimbus Roman' not found.
findfont: Font family 'Nimbus Roman' not found.
findfont: Font family 'Nimbus Roman' not found.
findfont: Font family 'Nimbus Roman' not found.
findfont: Font family ['Nimbus Roman'] not found. Falling back to DejaVu Sans.
findfont: Font family 'Nimbus Roman' not found.
findfont: Font family ['Nimbus Roman'] not found. Falling back to DejaVu Sans.
findfont: Font family 'Nimbus Roman' not found.
findfont: Font family 'Nimbus Roman' not found.
findfont: Font family 'Nimbus Roman' not found.
findfont: Font family 'Nimbus Roman' not found.
findfont: Font family 'Nimbus Roman' not found.
findfont: Font family 'Nimbus Roman' not found.
findfont: Font family 'Nimbus Roman' not found.
findfont: Font family 'Nimbus Roman' not found.
findfont: Font family 'Nimbus Roman' not found.
findfont: Font family 'Nimbus Roman' not found.
findfont: Font family 'Nimbus Roman' not found.
findfont: Font family ['Nimbus Roman'] not found. Falling back to DejaVu Sans.
findfont: Font family 'Nimbus Roman' not found.
findfont: Font family 'Nimbus Roman' not found.
findfont: Font family 'Nimbus Roman' not found.
findfont: Font family 'Nimbus Roman' not found.
findfont: Font family 'Nimbus Roman' not found.
findfont: Font family 'Nimbus Roman' not found.
findfont: Font family 'Nimbus Roman' not found.
findfont: Font family 'Nimbus Roman' not found.
findfont: Font family 'Nimbus Roman' not found.
findfont: Font family 'Nimbus Roman' not found.
findfont: Font family 'Nimbus Roman' not found.
findfont: Font family 'Nimbus Roman' not found.
findfont: Font family 'Nimbus Roman' not found.
findfont: Font family 'Nimbus Roman' not found.
findfont: Font family 'Nimbus Roman' not found.
findfont: Font family 'Nimbus Roman' not found.
findfont: Font family 'Nimbus Roman' not found.
findfont: Font family 'Nimbus Roman' not found.
findfont: Font family 'Nimbus Roman' not found.
findfont: Font family 'Nimbus Roman' not found.
findfont: Font family 'Nimbus Roman' not found.
findfont: Font family 'Nimbus Roman' not found.
findfont: Font family 'Nimbus Roman' not found.
findfont: Font family 'Nimbus Roman' not found.
findfont: Font family 'Nimbus Roman' not found.
findfont: Font family 'Nimbus Roman' not found.
findfont: Font family 'Nimbus Roman' not found.
findfont: Font family 'Nimbus Roman' not found.
findfont: Font family 'Nimbus Roman' not found.
findfont: Font family 'Nimbus Roman' not found.
findfont: Font family 'Nimbus Roman' not found.
findfont: Font family 'Nimbus Roman' not found.
findfont: Font family 'Nimbus Roman' not found.
findfont: Font family 'Nimbus Roman' not found.
findfont: Font family 'Nimbus Roman' not found.
findfont: Font family 'Nimbus Roman' not found.
findfont: Font family 'Nimbus Roman' not found.
findfont: Font family 'Nimbus Roman' not found.
findfont: Font family 'Nimbus Roman' not found.
findfont: Font family 'Nimbus Roman' not found.
findfont: Font family 'Nimbus Roman' not found.
findfont: Font family 'Nimbus Roman' not found.
findfont: Font family 'Nimbus Roman' not found.
findfont: Font family 'Nimbus Roman' not found.
findfont: Font family 'Nimbus Roman' not found.
findfont: Font family 'Nimbus Roman' not found.
findfont: Font family 'Nimbus Roman' not found.
findfont: Font family 'Nimbus Roman' not found.
findfont: Font family 'Nimbus Roman' not found.
findfont: Font family 'Nimbus Roman' not found.
findfont: Font family 'Nimbus Roman' not found.
findfont: Font family 'Nimbus Roman' not found.
findfont: Font family 'Nimbus Roman' not found.
findfont: Font family 'Nimbus Roman' not found.
findfont: Font family 'Nimbus Roman' not found.
findfont: Font family 'Nimbus Roman' not found.
findfont: Font family 'Nimbus Roman' not found.
findfont: Font family 'Nimbus Roman' not found.
findfont: Font family 'Nimbus Roman' not found.
findfont: Font family 'Nimbus Roman' not found.
findfont: Font family 'Nimbus Roman' not found.
findfont: Font family 'Nimbus Roman' not found.
findfont: Font family 'Nimbus Roman' not found.
findfont: Font family 'Nimbus Roman' not found.
findfont: Font family 'Nimbus Roman' not found.
findfont: Font family 'Nimbus Roman' not found.
findfont: Font family 'Nimbus Roman' not found.
findfont: Font family 'Nimbus Roman' not found.
findfont: Font family 'Nimbus Roman' not found.
findfont: Font family 'Nimbus Roman' not found.
findfont: Font family 'Nimbus Roman' not found.
findfont: Font family 'Nimbus Roman' not found.
findfont: Font family 'Nimbus Roman' not found.
findfont: Font family 'Nimbus Roman' not found.
findfont: Font family 'Nimbus Roman' not found.
findfont: Font family 'Nimbus Roman' not found.
findfont: Font family 'Nimbus Roman' not found.
findfont: Font family 'Nimbus Roman' not found.
findfont: Font family 'Nimbus Roman' not found.
findfont: Font family 'Nimbus Roman' not found.
Ridge mode: rkhs; diagnostic interval: 50
Iter 1/4000 | log_obj=9.798e+00 | log_Bellman_root=3.501e+00 | mass=1.69e+04 | neg=0.00e+00 | grad=3.66e+02
Iter 400/4000 | log_obj=5.266e+00 | log_Bellman_root=1.236e+00 | mass=1.82e+02 | neg=0.00e+00 | grad=8.79e+03
Iter 800/4000 | log_obj=5.270e+00 | log_Bellman_root=1.237e+00 | mass=1.82e+02 | neg=0.00e+00 | grad=8.78e+03
Iter 1200/4000 | log_obj=5.271e+00 | log_Bellman_root=1.237e+00 | mass=1.83e+02 | neg=0.00e+00 | grad=8.78e+03
Iter 1600/4000 | log_obj=5.187e+00 | log_Bellman_root=1.188e+00 | mass=1.68e+02 | neg=0.00e+00 | grad=4.70e+03
Iter 2000/4000 | log_obj=5.186e+00 | log_Bellman_root=1.188e+00 | mass=1.68e+02 | neg=0.00e+00 | grad=4.70e+03
Iter 2400/4000 | log_obj=5.186e+00 | log_Bellman_root=1.188e+00 | mass=1.68e+02 | neg=0.00e+00 | grad=4.70e+03
Iter 2800/4000 | log_obj=5.186e+00 | log_Bellman_root=1.188e+00 | mass=1.68e+02 | neg=0.00e+00 | grad=4.70e+03
Iter 3200/4000 | log_obj=5.185e+00 | log_Bellman_root=1.188e+00 | mass=1.68e+02 | neg=0.00e+00 | grad=4.70e+03
Iter 3600/4000 | log_obj=5.185e+00 | log_Bellman_root=1.188e+00 | mass=1.68e+02 | neg=0.00e+00 | grad=4.70e+03
Iter 4000/4000 | log_obj=5.185e+00 | log_Bellman_root=1.188e+00 | mass=1.68e+02 | neg=0.00e+00 | grad=4.69e+03
Returning best diagnostic checkpoint from step 3850 (objective=1.469e+01, Bellman=8.812e-01).
Done in 13.82s.
KE-DRL global estimation is done.
B_hat shape: (3080, 800)
B_hat rank diagnostics: {'B_num_rows': 3080, 'B_num_cols': 800, 'B_min_dim': 800, 'B_numerical_rank': 800, 'B_rank_fraction': 1.0, 'B_rank_tolerance': 3.4644482447276914e-05, 'B_stable_rank': 276.8472900390625, 'B_effective_rank': 771.6259915030085, 'B_entropy_rank': 6.648499965667725, 'B_spectral_norm': 0.09435681253671646, 'B_frobenius_norm': 1.5699774026870728, 'B_nuclear_norm': 42.901031494140625, 'B_condition_number': 3.447417476912155, 'B_condition_number_tol': 3.447417476912155, 'B_smallest_singular_value': 0.027370288968086243, 'B_rank_rel_1em2': 800, 'B_rank_rel_1em3': 800, 'B_rank_rel_1em4': 800}
Global-loss target mass diagnostics: {'target_mass_mean': -2.5126192569732666, 'target_mass_min': -5.518677711486816, 'target_mass_max': 0.5256557464599609, 'target_mass_sd': 1.2196260690689087, 'target_mass_rmse_to_target': 3.716330051422119, 'target_beta_min': -0.08077377080917358, 'target_beta_max': 0.07208596169948578, 'target_neg_frac_mean': 0.5894375000000001}
Return dictionary Z_grid shape: (800, 3)
Replicate 17 risk metrics: {'risk_n_steps_recorded': 81.0, 'risk_n_diagnostics_recorded': 81.0, 'risk_log_obj_initial': 9.798395663989252, 'risk_log_obj_final': 5.1847566474873465, 'risk_log_obj_min': 2.6873302869245355, 'risk_obj_initial': 18004.83593749999, 'risk_obj_final': 178.52999877929688, 'risk_obj_min': 14.692399024963375, 'risk_log_obj_drop': 4.613639016501906, 'risk_log_bellman_root_initial': 3.501313954876152, 'risk_log_bellman_root_final': 1.1878520635784378, 'risk_log_bellman_root_min': -0.06354395210362122, 'risk_bellman_root_initial': 33.15899276733398, 'risk_bellman_root_final': 3.280028343200683, 'risk_bellman_root_min': 0.9384328722953796, 'risk_bellman_initial': 1099.518801344107, 'risk_bellman_final': 10.75858593219982, 'risk_bellman_min': 0.8806562558045563, 'risk_log_bellman_root_drop': 2.313461891297714, 'risk_bellman_returned': 0.8812409043312073, 'risk_obj_returned': 14.692399024963379, 'risk_returned_step': 3850.0, 'offline_data_id': 17, 'benchmark_point_source': 'fixed_config_plus_support_safe_target_policy_draws', 'target_set_size': 100, 'lambda_reg': 0.005, 'lambda_B': 2e-05, 'num_steps': 4000, 'transition_reduction_enabled': 1, 'transition_reduction_method': 'kmeans', 'transition_original_rows': 12000, 'transition_reduced_rows': 3080, 'transition_compression_ratio': 0.25666666666666665, 'target_mass_mean': -2.5126192569732666, 'target_mass_min': -5.518677711486816, 'target_mass_max': 0.5256557464599609, 'target_mass_sd': 1.2196260690689087, 'target_mass_rmse_to_target': 3.716330051422119, 'target_beta_min': -0.08077377080917358, 'target_beta_max': 0.07208596169948578, 'target_neg_frac_mean': 0.5894375000000001, 'B_num_rows': 3080, 'B_num_cols': 800, 'B_min_dim': 800, 'B_numerical_rank': 800, 'B_rank_fraction': 1.0, 'B_rank_tolerance': 3.4644482447276914e-05, 'B_stable_rank': 276.8472900390625, 'B_effective_rank': 771.6259915030085, 'B_entropy_rank': 6.648499965667725, 'B_spectral_norm': 0.09435681253671646, 'B_frobenius_norm': 1.5699774026870728, 'B_nuclear_norm': 42.901031494140625, 'B_condition_number': 3.447417476912155, 'B_condition_number_tol': 3.447417476912155, 'B_smallest_singular_value': 0.027370288968086243, 'B_rank_rel_1em2': 800, 'B_rank_rel_1em3': 800, 'B_rank_rel_1em4': 800, 'risk_objective_final_raw': 178.52999877929688, 'risk_objective_min_raw': 14.692399024963379, 'risk_objective_max_raw': 18004.8359375, 'risk_bellman_final_raw': 10.758585929870605, 'risk_bellman_min_raw': 0.8806562423706055, 'risk_bellman_max_raw': 1099.5189208984375, 'risk_rkhs_ridge_final_raw': 6.893712998135015e-05, 'risk_rkhs_ridge_min_raw': 5.044406861998141e-05, 'risk_rkhs_ridge_max_raw': 0.002312989206984639, 'risk_mass_final_raw': 167.77134704589844, 'risk_mass_min_raw': 13.81110668182373, 'risk_mass_max_raw': 16905.314453125, 'risk_negativity_final_raw': 0.0, 'risk_negativity_min_raw': 0.0, 'risk_negativity_max_raw': 0.0, 'risk_B_norm_final_raw': 1.570224642753601, 'risk_B_norm_min_raw': 1.5690240859985352, 'risk_B_norm_max_raw': 1.6377407312393188, 'risk_diagnostic_step_final_raw': 4000.0, 'risk_diagnostic_step_min_raw': 1.0, 'risk_diagnostic_step_max_raw': 4000.0, 'risk_best_step_final_raw': 3850.0, 'risk_best_step_min_raw': 3850.0, 'risk_best_step_max_raw': 3850.0, 'risk_best_objective_final_raw': 14.692399024963379, 'risk_best_objective_min_raw': 14.692399024963379, 'risk_best_objective_max_raw': 14.692399024963379, 'risk_best_bellman_final_raw': 0.8812409043312073, 'risk_best_bellman_min_raw': 0.8812409043312073, 'risk_best_bellman_max_raw': 0.8812409043312073, 'risk_returned_step_final_raw': 3850.0, 'risk_returned_step_min_raw': 3850.0, 'risk_returned_step_max_raw': 3850.0, 'risk_returned_objective_final_raw': 14.692399024963379, 'risk_returned_objective_min_raw': 14.692399024963379, 'risk_returned_objective_max_raw': 14.692399024963379, 'risk_returned_bellman_final_raw': 0.8812409043312073, 'risk_returned_bellman_min_raw': 0.8812409043312073, 'risk_returned_bellman_max_raw': 0.8812409043312073, 'risk_returned_best_checkpoint_final_raw': 1.0, 'risk_returned_best_checkpoint_min_raw': 1.0, 'risk_returned_best_checkpoint_max_raw': 1.0}
Benchmark 0 evaluation grid shape: (800, 3)
Replicate 17, benchmark 0 metrics: {'run_id': '17_b0', 'RMSE': 0.7483296029715099, 'MAE': 0.6579489724901396, 'SupNorm': 1.5342739522457123, 'Bias': -0.6579489724901396, 'Corr': -0.2861319323741763, 'deming_slope': -10.692319184609792, 'deming_intercept': 2.4080027408789397, 'beta_sum': -1.9053353071212769, 'beta_l1': 6.643848896026611, 'beta_l2': 0.2956407070159912, 'beta_min': -0.035708338022232056, 'beta_max': 0.030256038531661034, 'beta_neg_frac': 0.59125, 'offline_data_id': 17, 'benchmark_id': 0, 'benchmark_point_source': 'fixed_config', 'target_set_size': 100, 'benchmark_z_path': 'data/Z_true.pt', 'projected_bellman_test_risk': 0.02386564016342163, 'oracle_embedding_risk': 3.6633901596069336, 'benchmark_embedding_risk': 3.6633901596069336, 'risk_bellman_final': 10.75858593219982, 'risk_obj_final': 178.52999877929688, 'B_num_rows': 3080, 'B_num_cols': 800, 'B_min_dim': 800, 'B_numerical_rank': 800, 'B_rank_fraction': 1.0, 'B_rank_tolerance': 3.4644482447276914e-05, 'B_stable_rank': 276.8472900390625, 'B_effective_rank': 771.6259915030085, 'B_entropy_rank': 6.648499965667725, 'B_spectral_norm': 0.09435681253671646, 'B_frobenius_norm': 1.5699774026870728, 'B_nuclear_norm': 42.901031494140625, 'B_condition_number': 3.447417476912155, 'B_condition_number_tol': 3.447417476912155, 'B_smallest_singular_value': 0.027370288968086243, 'B_rank_rel_1em2': 800, 'B_rank_rel_1em3': 800, 'B_rank_rel_1em4': 800}
Saved ./mu/mu_hat.csv shape=(800,)
Saved ./mu/mu2D_hat_dims01.csv shape=(120, 120)
Saved ./mu/mu2D_hat_dims01.csv shape=(120, 120)
Saved plots/replicate_17/mu_3D.png
Benchmark 1 evaluation grid shape: (800, 3)
Replicate 17, benchmark 1 metrics: {'run_id': '17_b1', 'RMSE': 2.182229238400427, 'MAE': 2.0107617252759518, 'SupNorm': 3.6247801184654236, 'Bias': -2.0107617252759518, 'Corr': -0.9837591972356619, 'deming_slope': -7.994084974945389, 'deming_intercept': 0.33250573138938555, 'beta_sum': -5.612246990203857, 'beta_l1': 13.850707054138184, 'beta_l2': 0.6151966452598572, 'beta_min': -0.08053572475910187, 'beta_max': 0.0679820105433464, 'beta_neg_frac': 0.635, 'offline_data_id': 17, 'benchmark_id': 1, 'benchmark_point_source': 'fixed_config', 'target_set_size': 100, 'benchmark_z_path': 'data/Z_true.pt', 'projected_bellman_test_risk': 1.65203857421875, 'oracle_embedding_risk': 16.841564178466797, 'benchmark_embedding_risk': 16.841564178466797, 'risk_bellman_final': 10.75858593219982, 'risk_obj_final': 178.52999877929688, 'B_num_rows': 3080, 'B_num_cols': 800, 'B_min_dim': 800, 'B_numerical_rank': 800, 'B_rank_fraction': 1.0, 'B_rank_tolerance': 3.4644482447276914e-05, 'B_stable_rank': 276.8472900390625, 'B_effective_rank': 771.6259915030085, 'B_entropy_rank': 6.648499965667725, 'B_spectral_norm': 0.09435681253671646, 'B_frobenius_norm': 1.5699774026870728, 'B_nuclear_norm': 42.901031494140625, 'B_condition_number': 3.447417476912155, 'B_condition_number_tol': 3.447417476912155, 'B_smallest_singular_value': 0.027370288968086243, 'B_rank_rel_1em2': 800, 'B_rank_rel_1em3': 800, 'B_rank_rel_1em4': 800}
Benchmark 2 evaluation grid shape: (800, 3)
Replicate 17, benchmark 2 metrics: {'run_id': '17_b2', 'RMSE': 2.0488418283616063, 'MAE': 1.8868782134147477, 'SupNorm': 3.4113196432590485, 'Bias': -1.8868782134147477, 'Corr': -0.8776056700132042, 'deming_slope': -8.753598344589957, 'deming_intercept': 0.7274137193675323, 'beta_sum': -5.241307258605957, 'beta_l1': 13.469635009765625, 'beta_l2': 0.5955057740211487, 'beta_min': -0.0721207708120346, 'beta_max': 0.06403537094593048, 'beta_neg_frac': 0.6225, 'offline_data_id': 17, 'benchmark_id': 2, 'benchmark_point_source': 'fixed_config', 'target_set_size': 100, 'benchmark_z_path': 'data/Z_true.pt', 'projected_bellman_test_risk': 1.380035161972046, 'oracle_embedding_risk': 15.044429779052734, 'benchmark_embedding_risk': 15.044429779052734, 'risk_bellman_final': 10.75858593219982, 'risk_obj_final': 178.52999877929688, 'B_num_rows': 3080, 'B_num_cols': 800, 'B_min_dim': 800, 'B_numerical_rank': 800, 'B_rank_fraction': 1.0, 'B_rank_tolerance': 3.4644482447276914e-05, 'B_stable_rank': 276.8472900390625, 'B_effective_rank': 771.6259915030085, 'B_entropy_rank': 6.648499965667725, 'B_spectral_norm': 0.09435681253671646, 'B_frobenius_norm': 1.5699774026870728, 'B_nuclear_norm': 42.901031494140625, 'B_condition_number': 3.447417476912155, 'B_condition_number_tol': 3.447417476912155, 'B_smallest_singular_value': 0.027370288968086243, 'B_rank_rel_1em2': 800, 'B_rank_rel_1em3': 800, 'B_rank_rel_1em4': 800}
Benchmark 3 evaluation grid shape: (800, 3)
Replicate 17, benchmark 3 metrics: {'run_id': '17_b3', 'RMSE': 2.006152081857186, 'MAE': 1.833092465447262, 'SupNorm': 3.406023859977722, 'Bias': -1.833092465447262, 'Corr': -0.9058875242386049, 'deming_slope': -8.409338633895947, 'deming_intercept': 0.6062789967478173, 'beta_sum': -5.225123882293701, 'beta_l1': 13.30858039855957, 'beta_l2': 0.5890896916389465, 'beta_min': -0.07331237196922302, 'beta_max': 0.06961840391159058, 'beta_neg_frac': 0.61625, 'offline_data_id': 17, 'benchmark_id': 3, 'benchmark_point_source': 'fixed_config', 'target_set_size': 100, 'benchmark_z_path': 'data/Z_true.pt', 'projected_bellman_test_risk': 1.3017939329147339, 'oracle_embedding_risk': 15.046485900878906, 'benchmark_embedding_risk': 15.046485900878906, 'risk_bellman_final': 10.75858593219982, 'risk_obj_final': 178.52999877929688, 'B_num_rows': 3080, 'B_num_cols': 800, 'B_min_dim': 800, 'B_numerical_rank': 800, 'B_rank_fraction': 1.0, 'B_rank_tolerance': 3.4644482447276914e-05, 'B_stable_rank': 276.8472900390625, 'B_effective_rank': 771.6259915030085, 'B_entropy_rank': 6.648499965667725, 'B_spectral_norm': 0.09435681253671646, 'B_frobenius_norm': 1.5699774026870728, 'B_nuclear_norm': 42.901031494140625, 'B_condition_number': 3.447417476912155, 'B_condition_number_tol': 3.447417476912155, 'B_smallest_singular_value': 0.027370288968086243, 'B_rank_rel_1em2': 800, 'B_rank_rel_1em3': 800, 'B_rank_rel_1em4': 800}
Benchmark 4 evaluation grid shape: (800, 3)
Replicate 17, benchmark 4 metrics: {'run_id': '17_b4', 'RMSE': 0.4210120276377878, 'MAE': 0.35488853507391466, 'SupNorm': 1.077648639678955, 'Bias': -0.35488853507391466, 'Corr': 0.16371180539053495, 'deming_slope': 11.837474271111875, 'deming_intercept': -3.244209934424582, 'beta_sum': -1.087906837463379, 'beta_l1': 6.704311370849609, 'beta_l2': 0.30345651507377625, 'beta_min': -0.030993403866887093, 'beta_max': 0.06490345299243927, 'beta_neg_frac': 0.57875, 'offline_data_id': 17, 'benchmark_id': 4, 'benchmark_point_source': 'support_safe_target_policy_draw', 'target_set_size': 100, 'benchmark_z_path': 'data/Z_true.pt', 'projected_bellman_test_risk': 0.04883778095245361, 'oracle_embedding_risk': 2.274868965148926, 'benchmark_embedding_risk': 2.274868965148926, 'risk_bellman_final': 10.75858593219982, 'risk_obj_final': 178.52999877929688, 'B_num_rows': 3080, 'B_num_cols': 800, 'B_min_dim': 800, 'B_numerical_rank': 800, 'B_rank_fraction': 1.0, 'B_rank_tolerance': 3.4644482447276914e-05, 'B_stable_rank': 276.8472900390625, 'B_effective_rank': 771.6259915030085, 'B_entropy_rank': 6.648499965667725, 'B_spectral_norm': 0.09435681253671646, 'B_frobenius_norm': 1.5699774026870728, 'B_nuclear_norm': 42.901031494140625, 'B_condition_number': 3.447417476912155, 'B_condition_number_tol': 3.447417476912155, 'B_smallest_singular_value': 0.027370288968086243, 'B_rank_rel_1em2': 800, 'B_rank_rel_1em3': 800, 'B_rank_rel_1em4': 800}
Benchmark 5 evaluation grid shape: (800, 3)
Replicate 17, benchmark 5 metrics: {'run_id': '17_b5', 'RMSE': 0.2533014944998594, 'MAE': 0.23724672156873566, 'SupNorm': 0.4008752107620239, 'Bias': -0.23724672156873566, 'Corr': 0.45535049237261077, 'deming_slope': 0.05426252280095239, 'deming_intercept': 0.00579324989126017, 'beta_sum': 0.14865335822105408, 'beta_l1': 0.7472417950630188, 'beta_l2': 0.03362327069044113, 'beta_min': -0.0031149699352681637, 'beta_max': 0.004720135126262903, 'beta_neg_frac': 0.455, 'offline_data_id': 17, 'benchmark_id': 5, 'benchmark_point_source': 'support_safe_target_policy_draw', 'target_set_size': 100, 'benchmark_z_path': 'data/Z_true.pt', 'projected_bellman_test_risk': 0.05552157387137413, 'oracle_embedding_risk': 0.9643411040306091, 'benchmark_embedding_risk': 0.9643411040306091, 'risk_bellman_final': 10.75858593219982, 'risk_obj_final': 178.52999877929688, 'B_num_rows': 3080, 'B_num_cols': 800, 'B_min_dim': 800, 'B_numerical_rank': 800, 'B_rank_fraction': 1.0, 'B_rank_tolerance': 3.4644482447276914e-05, 'B_stable_rank': 276.8472900390625, 'B_effective_rank': 771.6259915030085, 'B_entropy_rank': 6.648499965667725, 'B_spectral_norm': 0.09435681253671646, 'B_frobenius_norm': 1.5699774026870728, 'B_nuclear_norm': 42.901031494140625, 'B_condition_number': 3.447417476912155, 'B_condition_number_tol': 3.447417476912155, 'B_smallest_singular_value': 0.027370288968086243, 'B_rank_rel_1em2': 800, 'B_rank_rel_1em3': 800, 'B_rank_rel_1em4': 800}
Benchmark 6 evaluation grid shape: (800, 3)
Replicate 17, benchmark 6 metrics: {'run_id': '17_b6', 'RMSE': 1.1084413973424951, 'MAE': 0.9863807561976137, 'SupNorm': 2.0902599096298218, 'Bias': -0.9863807561976137, 'Corr': -0.5351790865966488, 'deming_slope': -8.49549838848147, 'deming_intercept': 1.5203471528240136, 'beta_sum': -2.8309226036071777, 'beta_l1': 9.034526824951172, 'beta_l2': 0.39599230885505676, 'beta_min': -0.041240040212869644, 'beta_max': 0.04708767309784889, 'beta_neg_frac': 0.61125, 'offline_data_id': 17, 'benchmark_id': 6, 'benchmark_point_source': 'support_safe_target_policy_draw', 'target_set_size': 100, 'benchmark_z_path': 'data/Z_true.pt', 'projected_bellman_test_risk': 0.0920131504535675, 'oracle_embedding_risk': 6.101956367492676, 'benchmark_embedding_risk': 6.101956367492676, 'risk_bellman_final': 10.75858593219982, 'risk_obj_final': 178.52999877929688, 'B_num_rows': 3080, 'B_num_cols': 800, 'B_min_dim': 800, 'B_numerical_rank': 800, 'B_rank_fraction': 1.0, 'B_rank_tolerance': 3.4644482447276914e-05, 'B_stable_rank': 276.8472900390625, 'B_effective_rank': 771.6259915030085, 'B_entropy_rank': 6.648499965667725, 'B_spectral_norm': 0.09435681253671646, 'B_frobenius_norm': 1.5699774026870728, 'B_nuclear_norm': 42.901031494140625, 'B_condition_number': 3.447417476912155, 'B_condition_number_tol': 3.447417476912155, 'B_smallest_singular_value': 0.027370288968086243, 'B_rank_rel_1em2': 800, 'B_rank_rel_1em3': 800, 'B_rank_rel_1em4': 800}
Benchmark 7 evaluation grid shape: (800, 3)
Replicate 17, benchmark 7 metrics: {'run_id': '17_b7', 'RMSE': 1.1153918147677837, 'MAE': 0.9767573346778227, 'SupNorm': 2.2014540433883667, 'Bias': -0.9767573346778227, 'Corr': -0.45796301607448053, 'deming_slope': -11.147832297488137, 'deming_intercept': 2.1997209207304413, 'beta_sum': -3.0961360931396484, 'beta_l1': 9.500587463378906, 'beta_l2': 0.4202243983745575, 'beta_min': -0.04334404319524765, 'beta_max': 0.04655398428440094, 'beta_neg_frac': 0.59875, 'offline_data_id': 17, 'benchmark_id': 7, 'benchmark_point_source': 'support_safe_target_policy_draw', 'target_set_size': 100, 'benchmark_z_path': 'data/Z_true.pt', 'projected_bellman_test_risk': 0.43336525559425354, 'oracle_embedding_risk': 6.835221767425537, 'benchmark_embedding_risk': 6.835221767425537, 'risk_bellman_final': 10.75858593219982, 'risk_obj_final': 178.52999877929688, 'B_num_rows': 3080, 'B_num_cols': 800, 'B_min_dim': 800, 'B_numerical_rank': 800, 'B_rank_fraction': 1.0, 'B_rank_tolerance': 3.4644482447276914e-05, 'B_stable_rank': 276.8472900390625, 'B_effective_rank': 771.6259915030085, 'B_entropy_rank': 6.648499965667725, 'B_spectral_norm': 0.09435681253671646, 'B_frobenius_norm': 1.5699774026870728, 'B_nuclear_norm': 42.901031494140625, 'B_condition_number': 3.447417476912155, 'B_condition_number_tol': 3.447417476912155, 'B_smallest_singular_value': 0.027370288968086243, 'B_rank_rel_1em2': 800, 'B_rank_rel_1em3': 800, 'B_rank_rel_1em4': 800}
Benchmark 8 evaluation grid shape: (800, 3)
Replicate 17, benchmark 8 metrics: {'run_id': '17_b8', 'RMSE': 0.555722192593773, 'MAE': 0.49636315440075124, 'SupNorm': 1.068114995956421, 'Bias': -0.49636315440075124, 'Corr': -0.43152926928616653, 'deming_slope': -3.6648497870355783, 'deming_intercept': 0.7188030752803559, 'beta_sum': -0.9251892566680908, 'beta_l1': 4.809512138366699, 'beta_l2': 0.2109658271074295, 'beta_min': -0.020293675363063812, 'beta_max': 0.02258840575814247, 'beta_neg_frac': 0.57125, 'offline_data_id': 17, 'benchmark_id': 8, 'benchmark_point_source': 'support_safe_target_policy_draw', 'target_set_size': 100, 'benchmark_z_path': 'data/Z_true.pt', 'projected_bellman_test_risk': 0.07775584608316422, 'oracle_embedding_risk': 2.123302459716797, 'benchmark_embedding_risk': 2.123302459716797, 'risk_bellman_final': 10.75858593219982, 'risk_obj_final': 178.52999877929688, 'B_num_rows': 3080, 'B_num_cols': 800, 'B_min_dim': 800, 'B_numerical_rank': 800, 'B_rank_fraction': 1.0, 'B_rank_tolerance': 3.4644482447276914e-05, 'B_stable_rank': 276.8472900390625, 'B_effective_rank': 771.6259915030085, 'B_entropy_rank': 6.648499965667725, 'B_spectral_norm': 0.09435681253671646, 'B_frobenius_norm': 1.5699774026870728, 'B_nuclear_norm': 42.901031494140625, 'B_condition_number': 3.447417476912155, 'B_condition_number_tol': 3.447417476912155, 'B_smallest_singular_value': 0.027370288968086243, 'B_rank_rel_1em2': 800, 'B_rank_rel_1em3': 800, 'B_rank_rel_1em4': 800}
Benchmark 9 evaluation grid shape: (800, 3)
Replicate 17, benchmark 9 metrics: {'run_id': '17_b9', 'RMSE': 1.2094333306719833, 'MAE': 1.0719835590737057, 'SupNorm': 2.2136131525039673, 'Bias': -1.0719835590737057, 'Corr': -0.5794804570950615, 'deming_slope': -8.810754653623173, 'deming_intercept': 1.5353735961117274, 'beta_sum': -2.9930520057678223, 'beta_l1': 9.376615524291992, 'beta_l2': 0.4137403666973114, 'beta_min': -0.05288281291723251, 'beta_max': 0.04288934916257858, 'beta_neg_frac': 0.60125, 'offline_data_id': 17, 'benchmark_id': 9, 'benchmark_point_source': 'support_safe_target_policy_draw', 'target_set_size': 100, 'benchmark_z_path': 'data/Z_true.pt', 'projected_bellman_test_risk': 0.04910992830991745, 'oracle_embedding_risk': 6.791990280151367, 'benchmark_embedding_risk': 6.791990280151367, 'risk_bellman_final': 10.75858593219982, 'risk_obj_final': 178.52999877929688, 'B_num_rows': 3080, 'B_num_cols': 800, 'B_min_dim': 800, 'B_numerical_rank': 800, 'B_rank_fraction': 1.0, 'B_rank_tolerance': 3.4644482447276914e-05, 'B_stable_rank': 276.8472900390625, 'B_effective_rank': 771.6259915030085, 'B_entropy_rank': 6.648499965667725, 'B_spectral_norm': 0.09435681253671646, 'B_frobenius_norm': 1.5699774026870728, 'B_nuclear_norm': 42.901031494140625, 'B_condition_number': 3.447417476912155, 'B_condition_number_tol': 3.447417476912155, 'B_smallest_singular_value': 0.027370288968086243, 'B_rank_rel_1em2': 800, 'B_rank_rel_1em3': 800, 'B_rank_rel_1em4': 800}
Replicate 17 finished in 23.5s
Finished combo 2, offline replicate 17.
