Job ID:    2358817
Array idx: 67
CPUs/node: 64
Mem/node:  131072
Using CC = cc 
Using CXX = CC 
Using FC = ftn 
Using F77 = ftn 
Using F90 = ftn 
cuda/12.6.1 is deprecated; loading cudatoolkit/25.5_12.9 instead.
Using CC = /opt/nvidia/hpc_sdk/Linux_aarch64/25.5/compilers/bin/nvc 
Using CXX = /opt/nvidia/hpc_sdk/Linux_aarch64/25.5/compilers/bin/nvc++ 
Using FC = /opt/nvidia/hpc_sdk/Linux_aarch64/25.5/compilers/bin/nvfortran 
Using F77 = /opt/nvidia/hpc_sdk/Linux_aarch64/25.5/compilers/bin/nvfortran 
Using F90 = /opt/nvidia/hpc_sdk/Linux_aarch64/25.5/compilers/bin/nvfortran 
Using CC = /opt/nvidia/hpc_sdk/Linux_aarch64/25.5/compilers/bin/nvc 
Using CXX = /opt/nvidia/hpc_sdk/Linux_aarch64/25.5/compilers/bin/nvc++ 
Using FC = /opt/nvidia/hpc_sdk/Linux_aarch64/25.5/compilers/bin/nvfortran 
Using F77 = /opt/nvidia/hpc_sdk/Linux_aarch64/25.5/compilers/bin/nvfortran 
Using F90 = /opt/nvidia/hpc_sdk/Linux_aarch64/25.5/compilers/bin/nvfortran 

Lmod is automatically replacing "gcc-native/14" with "gcc/14.2.0".

ghx4
0
Tuning combo id: 0 / 6
Offline replicate id: 67 / 99
Installing ke_drl from git: https://github.com/mehrdadmhmdi/ke-drl.git@main
Collecting git+https://github.com/mehrdadmhmdi/ke-drl.git@main
  Cloning https://github.com/mehrdadmhmdi/ke-drl.git (to revision main) to /tmp/pip-req-build-p_vvotpq
  Running command git clone --filter=blob:none --quiet https://github.com/mehrdadmhmdi/ke-drl.git /tmp/pip-req-build-p_vvotpq
  Resolved https://github.com/mehrdadmhmdi/ke-drl.git to commit 3c5d570e40ea15b1fbe4817b5f43b64c7b333e82
  Installing build dependencies: started
  Installing build dependencies: finished with status 'done'
  Getting requirements to build wheel: started
  Getting requirements to build wheel: finished with status 'done'
  Preparing metadata (pyproject.toml): started
  Preparing metadata (pyproject.toml): finished with status 'done'
Building wheels for collected packages: ke_drl
  Building wheel for ke_drl (pyproject.toml): started
  Building wheel for ke_drl (pyproject.toml): finished with status 'done'
  Created wheel for ke_drl: filename=ke_drl-0.1.0-py3-none-any.whl size=47219 sha256=509d61392cc05ad310571eb572d1eddc47f1745ae9ecd2c945f9d29fabf2c722
  Stored in directory: /tmp/pip-ephem-wheel-cache-ym7w6gnk/wheels/24/47/ad/9a4ffd3b05d3e90e35ffc6e7324b735b8bfcf5f51aaf29a333
Successfully built ke_drl
Installing collected packages: ke_drl
Successfully installed ke_drl-0.1.0
Installed ke_drl source: /work/nvme/bfez/mehrdad3/DistRL/simulation_3/runs/sim3_global_2358722_0/.kedrl_site_67/ke_drl/__init__.py
Tuning combo 0: base
Overrides: {}
RUN: /sw/user/python/miniforge3-pytorch-24.11.3/bin/python3 validate_sim_config.py --params params.yaml
ke_drl import source: /work/nvme/bfez/mehrdad3/DistRL/simulation_3/runs/sim3_global_2358722_0/.kedrl_site_67/ke_drl/__init__.py
ke_drl package API OK: prediction weights, RFF operators, rank diagnostics, and best-checkpoint optimizer available
Policy config OK: behavior=uniform, target=logistic, state_dim=5, action_dim=1
Note: policy.logistic.theta_scale/theta_std are log-scale coefficients in Probability_Densities.
Behavior-policy linearized state-process diagnostic: spectral_radius=0.653, offline_burn_in=50
Replicate config OK: num_replicates=100, benchmark points=10 independent of D_i, loss target points=100
Transition reduction OK: method=kmeans, raw rows N(T-1)=12000, target rows about 3000, B rows reduced from 12000 to about 3000
Return-operator approximation OK: method=rff, features=512, exact G avoided for estimated N=12000, m=800, L=100
Fixed benchmark config rows=4 (benchmark.num_points=10; additional points are support-safe target-policy draws if needed)
Fixed benchmark point 0: s_star=[0.6, -0.8, 0.7, -0.5, 0.9], a_star=[0.5]
Fixed benchmark behavior-support interval for configured rows: min_lower=-0.12, max_upper=1.11
Fixed benchmark target-policy location range: [-0.02, 0.14]
Reusing shared data from /work/nvme/bfez/mehrdad3/DistRL/simulation_3/runs/sim3_shared_data/data for offline replicate 67.
RUN: /sw/user/python/miniforge3-pytorch-24.11.3/bin/python3 validate_sim_config.py --params params.yaml --data data/offline_data_67.pt
ke_drl import source: /work/nvme/bfez/mehrdad3/DistRL/simulation_3/runs/sim3_global_2358722_0/.kedrl_site_67/ke_drl/__init__.py
ke_drl package API OK: prediction weights, RFF operators, rank diagnostics, and best-checkpoint optimizer available
Policy config OK: behavior=uniform, target=logistic, state_dim=5, action_dim=1
Note: policy.logistic.theta_scale/theta_std are log-scale coefficients in Probability_Densities.
Behavior-policy linearized state-process diagnostic: spectral_radius=0.653, offline_burn_in=50
Replicate config OK: num_replicates=100, benchmark points=10 independent of D_i, loss target points=100
Transition reduction OK: method=kmeans, raw rows N(T-1)=12000, target rows about 3000, B rows reduced from 12000 to about 3000
Return-operator approximation OK: method=rff, features=512, exact G avoided for estimated N=12000, m=800, L=100
Fixed benchmark config rows=4 (benchmark.num_points=10; additional points are support-safe target-policy draws if needed)
Fixed benchmark point 0: s_star=[0.6, -0.8, 0.7, -0.5, 0.9], a_star=[0.5]
Fixed benchmark behavior-support interval for configured rows: min_lower=-0.12, max_upper=1.11
Fixed benchmark target-policy location range: [-0.02, 0.14]
Full benchmark support check OK: 10 points, min_lower=-2.177, max_upper=2.05
observed behavior actions: mean=0.4064, sd=0.6831, q0/q10/q50/q90/q100=[-2.19477915763855, -0.411262246966362, 0.34380070865154266, 1.3250336885452272, 2.9625697135925293]
target-policy sampled actions: mean=-0.01766, sd=0.6713, q0/q10/q50/q90/q100=[-2.5467194142642384, -0.8819864231464245, -0.010590701650605097, 0.8382422723865046, 2.326162111400806]
behavior uniform lower: mean=-0.1182, sd=0.6651, q0/q10/q50/q90/q100=[-2.5839778423309325, -0.9733218234777451, -0.11012650430202486, 0.7289448559284214, 2.158345913887024]
behavior uniform upper: mean=0.9287, sd=0.6484, q0/q10/q50/q90/q100=[-0.9803538560867309, 0.0812560340715572, 0.9439884155988694, 1.7685029888153077, 3.158345913887024]
target location inside behavior uniform support: 0.968
RUN: /sw/user/python/miniforge3-pytorch-24.11.3/bin/python3 main_est.py
# ================================================================ #
#   Global KE-DRL estimation for one offline replicate              #
# ================================================================ #
Slurm Job ID: 2358817
Slurm Array ID: 67 -- used as the offline-replicate id
Offline data id: 67
ke_drl import source: /work/nvme/bfez/mehrdad3/DistRL/simulation_3/runs/sim3_global_2358722_0/.kedrl_site_67/ke_drl/__init__.py
Estimator device: cuda (NVIDIA GH200 120GB, capability 9.0); torch CUDA=13.0
Random seed: 20460579
Number of offline replicates: 100
[transition reduction] enabled: original rows=12000, target basis=3000, method=kmeans, device=cuda
[transition reduction] kmeans iter 1/20, mean center shift=2.7335e-01
[transition reduction] kmeans iter 5/20, mean center shift=3.4159e-03
[transition reduction] kmeans iter 10/20, mean center shift=5.5524e-08
[transition reduction] selected 3086 rows from 12000 transitions (ratio 0.2572); indices saved to data/reduced_transition_indices_67.pt
Data and parameters loaded.
offline path: data/offline_data_67.pt
benchmark true-Z path: data/Z_true.pt
offline shapes after reduction: s0=(3086, 5), a0=(3086, 1), r0=(3086, 3)
transition reduction: {'enabled': True, 'method': 'kmeans', 'original_rows': 12000, 'reduced_rows': 3086, 'selected_indices_path': 'data/reduced_transition_indices_67.pt', 'target_basis': 3000, 'compression_ratio': 0.25716666666666665}
fixed benchmark point source: fixed_config_plus_support_safe_target_policy_draws
benchmark row excluded from this offline data: None
global loss target set shape: s_star=(100, 5), a_star=(100, 1)
benchmark true-Z count=10, shape each=(50000, 3)
target policy: logistic
behavior policy: uniform
lambda_Gamma=0.005, lambda_B=0.02, d_r_method=song
dtype=torch.float32, operator_method=rff, operator_num_features=512
ridge_mode=rkhs, diagnostic_interval=50
mass_anchor_lambda=1.0, target_mass=1.0
uLSIF basis: source=numerator, n_basis=512, lambda_reg=0.005
optimizer stabilizers: lambda_neg=0.0, max_B_norm=None, eta_clip_min=0.0, eta_clip_max=5.0, normalize_eta=True
========================================
Estimating the global KE-DRL mean embedding
torch device=cuda, dtype=torch.float32
Data dims: N=3086, L=100, Ds=5, Da=1, Dr=3
lambda_Gamma=0.005, lambda_B=0.02
return-operator construction: method=rff, rff_features=512
[uLSIF] basis=512/3086 (numerator); eta_hat min=-5.669e-01 max=5.715e+00 neg%=3.53
ESS for eta_plus: 2105.3 / 3086
eta_plus diagnostics: raw_mean=1, raw_min=-0.567, raw_max=5.72; used_mean=1, used_min=0, used_max=4.96
[timing] Z-grid: 0.03s
[timing] K_X: 0.00s
[timing] K_plus: 0.00s
[timing] k_star: 0.00s
[timing] Gamma_stack: 0.01s
[timing] Phi_stack: 0.00s
[timing] RFF feature sample: 0.00s
[timing] K_Z RFF: 0.00s
[timing] G_stack RFF: 0.01s
[timing] H_stack RFF: 0.01s
findfont: Font family 'Nimbus Roman' not found.
findfont: Font family 'Nimbus Roman' not found.
findfont: Font family 'Nimbus Roman' not found.
findfont: Font family 'Nimbus Roman' not found.
findfont: Font family 'Nimbus Roman' not found.
findfont: Font family 'Nimbus Roman' not found.
findfont: Font family 'Nimbus Roman' not found.
findfont: Font family 'Nimbus Roman' not found.
findfont: Font family 'Nimbus Roman' not found.
findfont: Font family 'Nimbus Roman' not found.
findfont: Font family 'Nimbus Roman' not found.
findfont: Font family 'Nimbus Roman' not found.
findfont: Font family 'Nimbus Roman' not found.
findfont: Font family 'Nimbus Roman' not found.
findfont: Font family 'Nimbus Roman' not found.
findfont: Font family 'Nimbus Roman' not found.
findfont: Font family 'Nimbus Roman' not found.
findfont: Font family 'Nimbus Roman' not found.
findfont: Font family 'Nimbus Roman' not found.
findfont: Font family 'Nimbus Roman' not found.
findfont: Font family 'Nimbus Roman' not found.
findfont: Font family 'Nimbus Roman' not found.
findfont: Font family 'Nimbus Roman' not found.
findfont: Font family 'Nimbus Roman' not found.
findfont: Font family 'Nimbus Roman' not found.
findfont: Font family 'Nimbus Roman' not found.
findfont: Font family 'Nimbus Roman' not found.
findfont: Font family 'Nimbus Roman' not found.
findfont: Font family 'Nimbus Roman' not found.
findfont: Font family 'Nimbus Roman' not found.
findfont: Font family 'Nimbus Roman' not found.
findfont: Font family 'Nimbus Roman' not found.
findfont: Font family 'Nimbus Roman' not found.
findfont: Font family 'Nimbus Roman' not found.
findfont: Font family 'Nimbus Roman' not found.
findfont: Font family 'Nimbus Roman' not found.
findfont: Font family 'Nimbus Roman' not found.
findfont: Font family 'Nimbus Roman' not found.
findfont: Font family 'Nimbus Roman' not found.
findfont: Font family 'Nimbus Roman' not found.
findfont: Font family 'Nimbus Roman' not found.
findfont: Font family ['Nimbus Roman'] not found. Falling back to DejaVu Sans.
findfont: Font family 'Nimbus Roman' not found.
findfont: Font family ['Nimbus Roman'] not found. Falling back to DejaVu Sans.
findfont: Font family 'Nimbus Roman' not found.
findfont: Font family 'Nimbus Roman' not found.
findfont: Font family 'Nimbus Roman' not found.
findfont: Font family 'Nimbus Roman' not found.
findfont: Font family 'Nimbus Roman' not found.
findfont: Font family 'Nimbus Roman' not found.
findfont: Font family 'Nimbus Roman' not found.
findfont: Font family 'Nimbus Roman' not found.
findfont: Font family 'Nimbus Roman' not found.
findfont: Font family ['Nimbus Roman'] not found. Falling back to DejaVu Sans.
findfont: Font family 'Nimbus Roman' not found.
findfont: Font family 'Nimbus Roman' not found.
findfont: Font family 'Nimbus Roman' not found.
findfont: Font family 'Nimbus Roman' not found.
findfont: Font family 'Nimbus Roman' not found.
findfont: Font family 'Nimbus Roman' not found.
findfont: Font family 'Nimbus Roman' not found.
findfont: Font family 'Nimbus Roman' not found.
findfont: Font family 'Nimbus Roman' not found.
findfont: Font family 'Nimbus Roman' not found.
findfont: Font family 'Nimbus Roman' not found.
findfont: Font family 'Nimbus Roman' not found.
findfont: Font family 'Nimbus Roman' not found.
findfont: Font family 'Nimbus Roman' not found.
findfont: Font family 'Nimbus Roman' not found.
findfont: Font family 'Nimbus Roman' not found.
findfont: Font family 'Nimbus Roman' not found.
findfont: Font family 'Nimbus Roman' not found.
findfont: Font family 'Nimbus Roman' not found.
findfont: Font family 'Nimbus Roman' not found.
findfont: Font family 'Nimbus Roman' not found.
findfont: Font family 'Nimbus Roman' not found.
findfont: Font family 'Nimbus Roman' not found.
findfont: Font family 'Nimbus Roman' not found.
findfont: Font family 'Nimbus Roman' not found.
findfont: Font family 'Nimbus Roman' not found.
findfont: Font family 'Nimbus Roman' not found.
findfont: Font family 'Nimbus Roman' not found.
findfont: Font family 'Nimbus Roman' not found.
findfont: Font family 'Nimbus Roman' not found.
findfont: Font family 'Nimbus Roman' not found.
findfont: Font family 'Nimbus Roman' not found.
findfont: Font family 'Nimbus Roman' not found.
findfont: Font family 'Nimbus Roman' not found.
findfont: Font family 'Nimbus Roman' not found.
findfont: Font family 'Nimbus Roman' not found.
findfont: Font family 'Nimbus Roman' not found.
findfont: Font family 'Nimbus Roman' not found.
findfont: Font family 'Nimbus Roman' not found.
findfont: Font family 'Nimbus Roman' not found.
findfont: Font family 'Nimbus Roman' not found.
findfont: Font family 'Nimbus Roman' not found.
findfont: Font family 'Nimbus Roman' not found.
findfont: Font family 'Nimbus Roman' not found.
findfont: Font family 'Nimbus Roman' not found.
findfont: Font family 'Nimbus Roman' not found.
findfont: Font family 'Nimbus Roman' not found.
findfont: Font family 'Nimbus Roman' not found.
findfont: Font family 'Nimbus Roman' not found.
findfont: Font family 'Nimbus Roman' not found.
findfont: Font family 'Nimbus Roman' not found.
findfont: Font family 'Nimbus Roman' not found.
findfont: Font family 'Nimbus Roman' not found.
findfont: Font family 'Nimbus Roman' not found.
findfont: Font family 'Nimbus Roman' not found.
findfont: Font family 'Nimbus Roman' not found.
findfont: Font family 'Nimbus Roman' not found.
findfont: Font family 'Nimbus Roman' not found.
findfont: Font family 'Nimbus Roman' not found.
findfont: Font family 'Nimbus Roman' not found.
findfont: Font family 'Nimbus Roman' not found.
findfont: Font family 'Nimbus Roman' not found.
findfont: Font family 'Nimbus Roman' not found.
findfont: Font family 'Nimbus Roman' not found.
findfont: Font family 'Nimbus Roman' not found.
findfont: Font family 'Nimbus Roman' not found.
findfont: Font family 'Nimbus Roman' not found.
findfont: Font family 'Nimbus Roman' not found.
findfont: Font family 'Nimbus Roman' not found.
findfont: Font family 'Nimbus Roman' not found.
findfont: Font family 'Nimbus Roman' not found.
findfont: Font family 'Nimbus Roman' not found.
findfont: Font family 'Nimbus Roman' not found.
findfont: Font family 'Nimbus Roman' not found.
findfont: Font family 'Nimbus Roman' not found.
Ridge mode: rkhs; diagnostic interval: 50
Iter 1/4000 | log_obj=9.739e+00 | log_Bellman_root=3.488e+00 | mass=1.59e+04 | neg=0.00e+00 | grad=6.10e+02
Iter 400/4000 | log_obj=6.870e+00 | log_Bellman_root=2.050e+00 | mass=9.02e+02 | neg=0.00e+00 | grad=1.20e+04
Iter 800/4000 | log_obj=6.872e+00 | log_Bellman_root=2.051e+00 | mass=9.04e+02 | neg=0.00e+00 | grad=1.20e+04
Iter 1200/4000 | log_obj=6.873e+00 | log_Bellman_root=2.051e+00 | mass=9.06e+02 | neg=0.00e+00 | grad=1.20e+04
Iter 1600/4000 | log_obj=6.874e+00 | log_Bellman_root=2.052e+00 | mass=9.06e+02 | neg=0.00e+00 | grad=1.20e+04
Iter 2000/4000 | log_obj=6.875e+00 | log_Bellman_root=2.052e+00 | mass=9.07e+02 | neg=0.00e+00 | grad=1.20e+04
Iter 2400/4000 | log_obj=6.875e+00 | log_Bellman_root=2.052e+00 | mass=9.07e+02 | neg=0.00e+00 | grad=1.20e+04
Iter 2800/4000 | log_obj=6.875e+00 | log_Bellman_root=2.052e+00 | mass=9.07e+02 | neg=0.00e+00 | grad=1.20e+04
Iter 3200/4000 | log_obj=6.876e+00 | log_Bellman_root=2.052e+00 | mass=9.08e+02 | neg=0.00e+00 | grad=1.20e+04
Iter 3600/4000 | log_obj=6.876e+00 | log_Bellman_root=2.052e+00 | mass=9.08e+02 | neg=0.00e+00 | grad=1.20e+04
Iter 4000/4000 | log_obj=6.876e+00 | log_Bellman_root=2.052e+00 | mass=9.08e+02 | neg=0.00e+00 | grad=1.20e+04
Returning best diagnostic checkpoint from step 3950 (objective=5.689e+01, Bellman=3.500e+00).
Done in 11.80s.
KE-DRL global estimation is done.
B_hat shape: (3086, 800)
B_hat rank diagnostics: {'B_num_rows': 3086, 'B_num_cols': 800, 'B_min_dim': 800, 'B_numerical_rank': 800, 'B_rank_fraction': 1.0, 'B_rank_tolerance': 3.3845413836885996e-05, 'B_stable_rank': 288.1564636230469, 'B_effective_rank': 771.5660196226472, 'B_entropy_rank': 6.6484222412109375, 'B_spectral_norm': 0.09200126677751541, 'B_frobenius_norm': 1.561737298965454, 'B_nuclear_norm': 42.672447204589844, 'B_condition_number': 3.377539318849374, 'B_condition_number_tol': 3.377539318849374, 'B_smallest_singular_value': 0.02723914012312889, 'B_rank_rel_1em2': 800, 'B_rank_rel_1em3': 800, 'B_rank_rel_1em4': 800}
Global-loss target mass diagnostics: {'target_mass_mean': -5.755334854125977, 'target_mass_min': -11.374490737915039, 'target_mass_max': -0.39647340774536133, 'target_mass_sd': 2.794726610183716, 'target_mass_rmse_to_target': 7.305267810821533, 'target_beta_min': -0.025794176384806633, 'target_beta_max': 0.03903685510158539, 'target_neg_frac_mean': 0.9346875}
Return dictionary Z_grid shape: (800, 3)
Replicate 67 risk metrics: {'risk_n_steps_recorded': 81.0, 'risk_n_diagnostics_recorded': 81.0, 'risk_log_obj_initial': 9.739026365834741, 'risk_log_obj_final': 6.875969344591238, 'risk_log_obj_min': 4.041184407069036, 'risk_obj_initial': 16967.013671875007, 'risk_obj_final': 968.7139282226559, 'risk_obj_min': 56.893688201904276, 'risk_log_obj_drop': 2.8630570212435034, 'risk_log_bellman_root_initial': 3.488037495869069, 'risk_log_bellman_root_final': 2.052093306314035, 'risk_log_bellman_root_min': 0.6263188745408684, 'risk_bellman_root_initial': 32.7216682434082, 'risk_bellman_root_final': 7.784178733825683, 'risk_bellman_root_min': 1.8707115650177002, 'risk_bellman_initial': 1070.7075726316687, 'risk_bellman_final': 60.59343856014401, 'risk_bellman_min': 3.4995617594909736, 'risk_log_bellman_root_drop': 1.435944189555034, 'risk_bellman_returned': 3.4995617866516113, 'risk_obj_returned': 56.8936882019043, 'risk_returned_step': 3950.0, 'offline_data_id': 67, 'benchmark_point_source': 'fixed_config_plus_support_safe_target_policy_draws', 'target_set_size': 100, 'lambda_reg': 0.005, 'lambda_B': 0.02, 'num_steps': 4000, 'transition_reduction_enabled': 1, 'transition_reduction_method': 'kmeans', 'transition_original_rows': 12000, 'transition_reduced_rows': 3086, 'transition_compression_ratio': 0.25716666666666665, 'target_mass_mean': -5.755334854125977, 'target_mass_min': -11.374490737915039, 'target_mass_max': -0.39647340774536133, 'target_mass_sd': 2.794726610183716, 'target_mass_rmse_to_target': 7.305267810821533, 'target_beta_min': -0.025794176384806633, 'target_beta_max': 0.03903685510158539, 'target_neg_frac_mean': 0.9346875, 'B_num_rows': 3086, 'B_num_cols': 800, 'B_min_dim': 800, 'B_numerical_rank': 800, 'B_rank_fraction': 1.0, 'B_rank_tolerance': 3.3845413836885996e-05, 'B_stable_rank': 288.1564636230469, 'B_effective_rank': 771.5660196226472, 'B_entropy_rank': 6.6484222412109375, 'B_spectral_norm': 0.09200126677751541, 'B_frobenius_norm': 1.561737298965454, 'B_nuclear_norm': 42.672447204589844, 'B_condition_number': 3.377539318849374, 'B_condition_number_tol': 3.377539318849374, 'B_smallest_singular_value': 0.02723914012312889, 'B_rank_rel_1em2': 800, 'B_rank_rel_1em3': 800, 'B_rank_rel_1em4': 800, 'risk_objective_final_raw': 968.7139282226562, 'risk_objective_min_raw': 56.8936882019043, 'risk_objective_max_raw': 16967.013671875, 'risk_bellman_final_raw': 60.59343719482422, 'risk_bellman_min_raw': 3.4995617866516113, 'risk_bellman_max_raw': 1070.7076416015625, 'risk_rkhs_ridge_final_raw': 0.1564643681049347, 'risk_rkhs_ridge_min_raw': 0.027184395119547844, 'risk_rkhs_ridge_max_raw': 2.2855241298675537, 'risk_mass_final_raw': 907.9640502929688, 'risk_mass_min_raw': 53.366943359375, 'risk_mass_max_raw': 15894.0205078125, 'risk_negativity_final_raw': 0.0, 'risk_negativity_min_raw': 0.0, 'risk_negativity_max_raw': 0.0, 'risk_B_norm_final_raw': 1.5663262605667114, 'risk_B_norm_min_raw': 1.5615622997283936, 'risk_B_norm_max_raw': 1.640934944152832, 'risk_diagnostic_step_final_raw': 4000.0, 'risk_diagnostic_step_min_raw': 1.0, 'risk_diagnostic_step_max_raw': 4000.0, 'risk_best_step_final_raw': 3950.0, 'risk_best_step_min_raw': 3950.0, 'risk_best_step_max_raw': 3950.0, 'risk_best_objective_final_raw': 56.8936882019043, 'risk_best_objective_min_raw': 56.8936882019043, 'risk_best_objective_max_raw': 56.8936882019043, 'risk_best_bellman_final_raw': 3.4995617866516113, 'risk_best_bellman_min_raw': 3.4995617866516113, 'risk_best_bellman_max_raw': 3.4995617866516113, 'risk_returned_step_final_raw': 3950.0, 'risk_returned_step_min_raw': 3950.0, 'risk_returned_step_max_raw': 3950.0, 'risk_returned_objective_final_raw': 56.8936882019043, 'risk_returned_objective_min_raw': 56.8936882019043, 'risk_returned_objective_max_raw': 56.8936882019043, 'risk_returned_bellman_final_raw': 3.4995617866516113, 'risk_returned_bellman_min_raw': 3.4995617866516113, 'risk_returned_bellman_max_raw': 3.4995617866516113, 'risk_returned_best_checkpoint_final_raw': 1.0, 'risk_returned_best_checkpoint_min_raw': 1.0, 'risk_returned_best_checkpoint_max_raw': 1.0}
Benchmark 0 evaluation grid shape: (800, 3)
Replicate 67, benchmark 0 metrics: {'run_id': '67_b0', 'RMSE': 1.4394484376954053, 'MAE': 1.251432231990475, 'SupNorm': 2.966917484998703, 'Bias': -1.251432231990475, 'Corr': -0.3867429773105377, 'deming_slope': -17.852395104235704, 'deming_intercept': 3.6920295533346477, 'beta_sum': -4.622111797332764, 'beta_l1': 4.842196941375732, 'beta_l2': 0.1919543743133545, 'beta_min': -0.016323115676641464, 'beta_max': 0.007466794922947884, 'beta_neg_frac': 0.94, 'offline_data_id': 67, 'benchmark_id': 0, 'benchmark_point_source': 'fixed_config', 'target_set_size': 100, 'benchmark_z_path': 'data/Z_true.pt', 'projected_bellman_test_risk': 0.1366795003414154, 'oracle_embedding_risk': 11.713001251220703, 'benchmark_embedding_risk': 11.713001251220703, 'risk_bellman_final': 60.59343856014401, 'risk_obj_final': 968.7139282226559, 'B_num_rows': 3086, 'B_num_cols': 800, 'B_min_dim': 800, 'B_numerical_rank': 800, 'B_rank_fraction': 1.0, 'B_rank_tolerance': 3.3845413836885996e-05, 'B_stable_rank': 288.1564636230469, 'B_effective_rank': 771.5660196226472, 'B_entropy_rank': 6.6484222412109375, 'B_spectral_norm': 0.09200126677751541, 'B_frobenius_norm': 1.561737298965454, 'B_nuclear_norm': 42.672447204589844, 'B_condition_number': 3.377539318849374, 'B_condition_number_tol': 3.377539318849374, 'B_smallest_singular_value': 0.02723914012312889, 'B_rank_rel_1em2': 800, 'B_rank_rel_1em3': 800, 'B_rank_rel_1em4': 800}
Saved ./mu/mu_hat.csv shape=(800,)
Saved ./mu/mu2D_hat_dims01.csv shape=(120, 120)
Saved ./mu/mu2D_hat_dims01.csv shape=(120, 120)
Saved plots/replicate_67/mu_3D.png
Benchmark 1 evaluation grid shape: (800, 3)
Replicate 67, benchmark 1 metrics: {'run_id': '67_b1', 'RMSE': 4.311932355918523, 'MAE': 3.9798421721064368, 'SupNorm': 7.1099109053611755, 'Bias': -3.9798421721064368, 'Corr': -0.9927064154990743, 'deming_slope': -16.453326322448433, 'deming_intercept': 0.5673476416302572, 'beta_sum': -12.286928176879883, 'beta_l1': 12.286928176879883, 'beta_l2': 0.44290992617607117, 'beta_min': -0.02491525560617447, 'beta_max': -0.004946941509842873, 'beta_neg_frac': 1.0, 'offline_data_id': 67, 'benchmark_id': 1, 'benchmark_point_source': 'fixed_config', 'target_set_size': 100, 'benchmark_z_path': 'data/Z_true.pt', 'projected_bellman_test_risk': 6.562376022338867, 'oracle_embedding_risk': 63.428977966308594, 'benchmark_embedding_risk': 63.428977966308594, 'risk_bellman_final': 60.59343856014401, 'risk_obj_final': 968.7139282226559, 'B_num_rows': 3086, 'B_num_cols': 800, 'B_min_dim': 800, 'B_numerical_rank': 800, 'B_rank_fraction': 1.0, 'B_rank_tolerance': 3.3845413836885996e-05, 'B_stable_rank': 288.1564636230469, 'B_effective_rank': 771.5660196226472, 'B_entropy_rank': 6.6484222412109375, 'B_spectral_norm': 0.09200126677751541, 'B_frobenius_norm': 1.561737298965454, 'B_nuclear_norm': 42.672447204589844, 'B_condition_number': 3.377539318849374, 'B_condition_number_tol': 3.377539318849374, 'B_smallest_singular_value': 0.02723914012312889, 'B_rank_rel_1em2': 800, 'B_rank_rel_1em3': 800, 'B_rank_rel_1em4': 800}
Benchmark 2 evaluation grid shape: (800, 3)
Replicate 67, benchmark 2 metrics: {'run_id': '67_b2', 'RMSE': 4.073050299100633, 'MAE': 3.760507174313825, 'SupNorm': 6.716238886117935, 'Bias': -3.760507174313825, 'Corr': -0.9116699374106898, 'deming_slope': -17.47585406527934, 'deming_intercept': 1.1916422302096668, 'beta_sum': -11.524767875671387, 'beta_l1': 11.524767875671387, 'beta_l2': 0.41745054721832275, 'beta_min': -0.025064939633011818, 'beta_max': -0.004166722297668457, 'beta_neg_frac': 1.0, 'offline_data_id': 67, 'benchmark_id': 2, 'benchmark_point_source': 'fixed_config', 'target_set_size': 100, 'benchmark_z_path': 'data/Z_true.pt', 'projected_bellman_test_risk': 4.418239593505859, 'oracle_embedding_risk': 56.6576042175293, 'benchmark_embedding_risk': 56.6576042175293, 'risk_bellman_final': 60.59343856014401, 'risk_obj_final': 968.7139282226559, 'B_num_rows': 3086, 'B_num_cols': 800, 'B_min_dim': 800, 'B_numerical_rank': 800, 'B_rank_fraction': 1.0, 'B_rank_tolerance': 3.3845413836885996e-05, 'B_stable_rank': 288.1564636230469, 'B_effective_rank': 771.5660196226472, 'B_entropy_rank': 6.6484222412109375, 'B_spectral_norm': 0.09200126677751541, 'B_frobenius_norm': 1.561737298965454, 'B_nuclear_norm': 42.672447204589844, 'B_condition_number': 3.377539318849374, 'B_condition_number_tol': 3.377539318849374, 'B_smallest_singular_value': 0.02723914012312889, 'B_rank_rel_1em2': 800, 'B_rank_rel_1em3': 800, 'B_rank_rel_1em4': 800}
Benchmark 3 evaluation grid shape: (800, 3)
Replicate 67, benchmark 3 metrics: {'run_id': '67_b3', 'RMSE': 3.9756118426023805, 'MAE': 3.644907327913679, 'SupNorm': 6.647512793540955, 'Bias': -3.644907327913679, 'Corr': -0.935355518156335, 'deming_slope': -16.805496571668638, 'deming_intercept': 0.9711684556354996, 'beta_sum': -11.493125915527344, 'beta_l1': 11.493125915527344, 'beta_l2': 0.4171927273273468, 'beta_min': -0.02675774320960045, 'beta_max': -0.0033744527027010918, 'beta_neg_frac': 1.0, 'offline_data_id': 67, 'benchmark_id': 3, 'benchmark_point_source': 'fixed_config', 'target_set_size': 100, 'benchmark_z_path': 'data/Z_true.pt', 'projected_bellman_test_risk': 5.143973350524902, 'oracle_embedding_risk': 56.28813171386719, 'benchmark_embedding_risk': 56.28813171386719, 'risk_bellman_final': 60.59343856014401, 'risk_obj_final': 968.7139282226559, 'B_num_rows': 3086, 'B_num_cols': 800, 'B_min_dim': 800, 'B_numerical_rank': 800, 'B_rank_fraction': 1.0, 'B_rank_tolerance': 3.3845413836885996e-05, 'B_stable_rank': 288.1564636230469, 'B_effective_rank': 771.5660196226472, 'B_entropy_rank': 6.6484222412109375, 'B_spectral_norm': 0.09200126677751541, 'B_frobenius_norm': 1.561737298965454, 'B_nuclear_norm': 42.672447204589844, 'B_condition_number': 3.377539318849374, 'B_condition_number_tol': 3.377539318849374, 'B_smallest_singular_value': 0.02723914012312889, 'B_rank_rel_1em2': 800, 'B_rank_rel_1em3': 800, 'B_rank_rel_1em4': 800}
Benchmark 4 evaluation grid shape: (800, 3)
Replicate 67, benchmark 4 metrics: {'run_id': '67_b4', 'RMSE': 0.8141170430850144, 'MAE': 0.6674651924754653, 'SupNorm': 2.185106873512268, 'Bias': -0.6674651924754653, 'Corr': 0.0007866410440688259, 'deming_slope': 5881.922864540663, 'deming_intercept': -1568.549044920062, 'beta_sum': -3.339226722717285, 'beta_l1': 4.088343620300293, 'beta_l2': 0.16939671337604523, 'beta_min': -0.013113399036228657, 'beta_max': 0.03928427770733833, 'beta_neg_frac': 0.9, 'offline_data_id': 67, 'benchmark_id': 4, 'benchmark_point_source': 'support_safe_target_policy_draw', 'target_set_size': 100, 'benchmark_z_path': 'data/Z_true.pt', 'projected_bellman_test_risk': 0.07278279215097427, 'oracle_embedding_risk': 7.144209861755371, 'benchmark_embedding_risk': 7.144209861755371, 'risk_bellman_final': 60.59343856014401, 'risk_obj_final': 968.7139282226559, 'B_num_rows': 3086, 'B_num_cols': 800, 'B_min_dim': 800, 'B_numerical_rank': 800, 'B_rank_fraction': 1.0, 'B_rank_tolerance': 3.3845413836885996e-05, 'B_stable_rank': 288.1564636230469, 'B_effective_rank': 771.5660196226472, 'B_entropy_rank': 6.6484222412109375, 'B_spectral_norm': 0.09200126677751541, 'B_frobenius_norm': 1.561737298965454, 'B_nuclear_norm': 42.672447204589844, 'B_condition_number': 3.377539318849374, 'B_condition_number_tol': 3.377539318849374, 'B_smallest_singular_value': 0.02723914012312889, 'B_rank_rel_1em2': 800, 'B_rank_rel_1em3': 800, 'B_rank_rel_1em4': 800}
Benchmark 5 evaluation grid shape: (800, 3)
Replicate 67, benchmark 5 metrics: {'run_id': '67_b5', 'RMSE': 0.27712236924225897, 'MAE': 0.2612170826677357, 'SupNorm': 0.4266250398941338, 'Bias': -0.2612170826677357, 'Corr': 0.13891649442032203, 'deming_slope': 0.030332040575368795, 'deming_intercept': -0.012027345699498607, 'beta_sum': -0.048729777336120605, 'beta_l1': 0.5913583636283875, 'beta_l2': 0.029429512098431587, 'beta_min': -0.002223416930064559, 'beta_max': 0.006717660464346409, 'beta_neg_frac': 0.605, 'offline_data_id': 67, 'benchmark_id': 5, 'benchmark_point_source': 'support_safe_target_policy_draw', 'target_set_size': 100, 'benchmark_z_path': 'data/Z_true.pt', 'projected_bellman_test_risk': 0.0564088448882103, 'oracle_embedding_risk': 1.0246092081069946, 'benchmark_embedding_risk': 1.0246092081069946, 'risk_bellman_final': 60.59343856014401, 'risk_obj_final': 968.7139282226559, 'B_num_rows': 3086, 'B_num_cols': 800, 'B_min_dim': 800, 'B_numerical_rank': 800, 'B_rank_fraction': 1.0, 'B_rank_tolerance': 3.3845413836885996e-05, 'B_stable_rank': 288.1564636230469, 'B_effective_rank': 771.5660196226472, 'B_entropy_rank': 6.6484222412109375, 'B_spectral_norm': 0.09200126677751541, 'B_frobenius_norm': 1.561737298965454, 'B_nuclear_norm': 42.672447204589844, 'B_condition_number': 3.377539318849374, 'B_condition_number_tol': 3.377539318849374, 'B_smallest_singular_value': 0.02723914012312889, 'B_rank_rel_1em2': 800, 'B_rank_rel_1em3': 800, 'B_rank_rel_1em4': 800}
Benchmark 6 evaluation grid shape: (800, 3)
Replicate 67, benchmark 6 metrics: {'run_id': '67_b6', 'RMSE': 2.2483563365085755, 'MAE': 2.0007154328597245, 'SupNorm': 4.187066316604614, 'Bias': -2.0007154328597245, 'Corr': -0.6076244557183121, 'deming_slope': -16.54209861704261, 'deming_intercept': 2.630244037313241, 'beta_sum': -6.789881706237793, 'beta_l1': 6.828900337219238, 'beta_l2': 0.2617548406124115, 'beta_min': -0.019087346270680428, 'beta_max': 0.003457740880548954, 'beta_neg_frac': 0.98, 'offline_data_id': 67, 'benchmark_id': 6, 'benchmark_point_source': 'support_safe_target_policy_draw', 'target_set_size': 100, 'benchmark_z_path': 'data/Z_true.pt', 'projected_bellman_test_risk': 0.5127660036087036, 'oracle_embedding_risk': 22.362056732177734, 'benchmark_embedding_risk': 22.362056732177734, 'risk_bellman_final': 60.59343856014401, 'risk_obj_final': 968.7139282226559, 'B_num_rows': 3086, 'B_num_cols': 800, 'B_min_dim': 800, 'B_numerical_rank': 800, 'B_rank_fraction': 1.0, 'B_rank_tolerance': 3.3845413836885996e-05, 'B_stable_rank': 288.1564636230469, 'B_effective_rank': 771.5660196226472, 'B_entropy_rank': 6.6484222412109375, 'B_spectral_norm': 0.09200126677751541, 'B_frobenius_norm': 1.561737298965454, 'B_nuclear_norm': 42.672447204589844, 'B_condition_number': 3.377539318849374, 'B_condition_number_tol': 3.377539318849374, 'B_smallest_singular_value': 0.02723914012312889, 'B_rank_rel_1em2': 800, 'B_rank_rel_1em3': 800, 'B_rank_rel_1em4': 800}
Benchmark 7 evaluation grid shape: (800, 3)
Replicate 67, benchmark 7 metrics: {'run_id': '67_b7', 'RMSE': 2.1598469046282887, 'MAE': 1.885674243309768, 'SupNorm': 4.314556956291199, 'Bias': -1.885674243309768, 'Corr': -0.49695579943709517, 'deming_slope': -21.54201344637045, 'deming_intercept': 4.008728460975373, 'beta_sum': -7.188628196716309, 'beta_l1': 7.2692670822143555, 'beta_l2': 0.2716272473335266, 'beta_min': -0.018928349018096924, 'beta_max': 0.008546942844986916, 'beta_neg_frac': 0.98875, 'offline_data_id': 67, 'benchmark_id': 7, 'benchmark_point_source': 'support_safe_target_policy_draw', 'target_set_size': 100, 'benchmark_z_path': 'data/Z_true.pt', 'projected_bellman_test_risk': 1.1313611268997192, 'oracle_embedding_risk': 24.186786651611328, 'benchmark_embedding_risk': 24.186786651611328, 'risk_bellman_final': 60.59343856014401, 'risk_obj_final': 968.7139282226559, 'B_num_rows': 3086, 'B_num_cols': 800, 'B_min_dim': 800, 'B_numerical_rank': 800, 'B_rank_fraction': 1.0, 'B_rank_tolerance': 3.3845413836885996e-05, 'B_stable_rank': 288.1564636230469, 'B_effective_rank': 771.5660196226472, 'B_entropy_rank': 6.6484222412109375, 'B_spectral_norm': 0.09200126677751541, 'B_frobenius_norm': 1.561737298965454, 'B_nuclear_norm': 42.672447204589844, 'B_condition_number': 3.377539318849374, 'B_condition_number_tol': 3.377539318849374, 'B_smallest_singular_value': 0.02723914012312889, 'B_rank_rel_1em2': 800, 'B_rank_rel_1em3': 800, 'B_rank_rel_1em4': 800}
Benchmark 8 evaluation grid shape: (800, 3)
Replicate 67, benchmark 8 metrics: {'run_id': '67_b8', 'RMSE': 1.0233371210877023, 'MAE': 0.9086956318771263, 'SupNorm': 2.0068235397338867, 'Bias': -0.9086956318771263, 'Corr': -0.5142359274304101, 'deming_slope': -7.91744062444924, 'deming_intercept': 1.4142457696086648, 'beta_sum': -2.808548927307129, 'beta_l1': 3.1753063201904297, 'beta_l2': 0.13211092352867126, 'beta_min': -0.012311792001128197, 'beta_max': 0.014037774875760078, 'beta_neg_frac': 0.885, 'offline_data_id': 67, 'benchmark_id': 8, 'benchmark_point_source': 'support_safe_target_policy_draw', 'target_set_size': 100, 'benchmark_z_path': 'data/Z_true.pt', 'projected_bellman_test_risk': 0.4419832229614258, 'oracle_embedding_risk': 5.751759052276611, 'benchmark_embedding_risk': 5.751759052276611, 'risk_bellman_final': 60.59343856014401, 'risk_obj_final': 968.7139282226559, 'B_num_rows': 3086, 'B_num_cols': 800, 'B_min_dim': 800, 'B_numerical_rank': 800, 'B_rank_fraction': 1.0, 'B_rank_tolerance': 3.3845413836885996e-05, 'B_stable_rank': 288.1564636230469, 'B_effective_rank': 771.5660196226472, 'B_entropy_rank': 6.6484222412109375, 'B_spectral_norm': 0.09200126677751541, 'B_frobenius_norm': 1.561737298965454, 'B_nuclear_norm': 42.672447204589844, 'B_condition_number': 3.377539318849374, 'B_condition_number_tol': 3.377539318849374, 'B_smallest_singular_value': 0.02723914012312889, 'B_rank_rel_1em2': 800, 'B_rank_rel_1em3': 800, 'B_rank_rel_1em4': 800}
Benchmark 9 evaluation grid shape: (800, 3)
Replicate 67, benchmark 9 metrics: {'run_id': '67_b9', 'RMSE': 2.362888958103216, 'MAE': 2.088180098418379, 'SupNorm': 4.377852261066437, 'Bias': -2.088180098418379, 'Corr': -0.5999694634486187, 'deming_slope': -18.168162841495946, 'deming_intercept': 3.006050498621036, 'beta_sum': -7.1348490715026855, 'beta_l1': 7.251521110534668, 'beta_l2': 0.2743084132671356, 'beta_min': -0.020458344370126724, 'beta_max': 0.015255282633006573, 'beta_neg_frac': 0.97625, 'offline_data_id': 67, 'benchmark_id': 9, 'benchmark_point_source': 'support_safe_target_policy_draw', 'target_set_size': 100, 'benchmark_z_path': 'data/Z_true.pt', 'projected_bellman_test_risk': 0.3237583041191101, 'oracle_embedding_risk': 24.643470764160156, 'benchmark_embedding_risk': 24.643470764160156, 'risk_bellman_final': 60.59343856014401, 'risk_obj_final': 968.7139282226559, 'B_num_rows': 3086, 'B_num_cols': 800, 'B_min_dim': 800, 'B_numerical_rank': 800, 'B_rank_fraction': 1.0, 'B_rank_tolerance': 3.3845413836885996e-05, 'B_stable_rank': 288.1564636230469, 'B_effective_rank': 771.5660196226472, 'B_entropy_rank': 6.6484222412109375, 'B_spectral_norm': 0.09200126677751541, 'B_frobenius_norm': 1.561737298965454, 'B_nuclear_norm': 42.672447204589844, 'B_condition_number': 3.377539318849374, 'B_condition_number_tol': 3.377539318849374, 'B_smallest_singular_value': 0.02723914012312889, 'B_rank_rel_1em2': 800, 'B_rank_rel_1em3': 800, 'B_rank_rel_1em4': 800}
Replicate 67 finished in 21.0s
Finished combo 0, offline replicate 67.
