Job ID:    2359230
Array idx: 437
CPUs/node: 64
Mem/node:  131072
Using CC = cc 
Using CXX = CC 
Using FC = ftn 
Using F77 = ftn 
Using F90 = ftn 
cuda/12.6.1 is deprecated; loading cudatoolkit/25.5_12.9 instead.
Using CC = /opt/nvidia/hpc_sdk/Linux_aarch64/25.5/compilers/bin/nvc 
Using CXX = /opt/nvidia/hpc_sdk/Linux_aarch64/25.5/compilers/bin/nvc++ 
Using FC = /opt/nvidia/hpc_sdk/Linux_aarch64/25.5/compilers/bin/nvfortran 
Using F77 = /opt/nvidia/hpc_sdk/Linux_aarch64/25.5/compilers/bin/nvfortran 
Using F90 = /opt/nvidia/hpc_sdk/Linux_aarch64/25.5/compilers/bin/nvfortran 
Using CC = /opt/nvidia/hpc_sdk/Linux_aarch64/25.5/compilers/bin/nvc 
Using CXX = /opt/nvidia/hpc_sdk/Linux_aarch64/25.5/compilers/bin/nvc++ 
Using FC = /opt/nvidia/hpc_sdk/Linux_aarch64/25.5/compilers/bin/nvfortran 
Using F77 = /opt/nvidia/hpc_sdk/Linux_aarch64/25.5/compilers/bin/nvfortran 
Using F90 = /opt/nvidia/hpc_sdk/Linux_aarch64/25.5/compilers/bin/nvfortran 

Lmod is automatically replacing "gcc-native/14" with "gcc/14.2.0".

ghx4
0
Tuning combo id: 4 / 6
Offline replicate id: 37 / 99
Installing ke_drl from git: https://github.com/mehrdadmhmdi/ke-drl.git@main
Collecting git+https://github.com/mehrdadmhmdi/ke-drl.git@main
  Cloning https://github.com/mehrdadmhmdi/ke-drl.git (to revision main) to /tmp/pip-req-build-ehytqwdo
  Running command git clone --filter=blob:none --quiet https://github.com/mehrdadmhmdi/ke-drl.git /tmp/pip-req-build-ehytqwdo
  Resolved https://github.com/mehrdadmhmdi/ke-drl.git to commit 3c5d570e40ea15b1fbe4817b5f43b64c7b333e82
  Installing build dependencies: started
  Installing build dependencies: finished with status 'done'
  Getting requirements to build wheel: started
  Getting requirements to build wheel: finished with status 'done'
  Preparing metadata (pyproject.toml): started
  Preparing metadata (pyproject.toml): finished with status 'done'
Building wheels for collected packages: ke_drl
  Building wheel for ke_drl (pyproject.toml): started
  Building wheel for ke_drl (pyproject.toml): finished with status 'done'
  Created wheel for ke_drl: filename=ke_drl-0.1.0-py3-none-any.whl size=47219 sha256=6b2bc85e575e7856084e4cb8524d67b1ac88677a023d6ec94fa5a65136534a82
  Stored in directory: /tmp/pip-ephem-wheel-cache-b3wixovq/wheels/24/47/ad/9a4ffd3b05d3e90e35ffc6e7324b735b8bfcf5f51aaf29a333
Successfully built ke_drl
Installing collected packages: ke_drl
Successfully installed ke_drl-0.1.0
Installed ke_drl source: /work/nvme/bfez/mehrdad3/DistRL/simulation_3/runs/sim3_global_2358722_4/.kedrl_site_437/ke_drl/__init__.py
Tuning combo 4: kernel_length_1.5
Overrides: {'kernel': {'length_scale': 1.5}}
RUN: /sw/user/python/miniforge3-pytorch-24.11.3/bin/python3 validate_sim_config.py --params params.yaml
ke_drl import source: /work/nvme/bfez/mehrdad3/DistRL/simulation_3/runs/sim3_global_2358722_4/.kedrl_site_437/ke_drl/__init__.py
ke_drl package API OK: prediction weights, RFF operators, rank diagnostics, and best-checkpoint optimizer available
Policy config OK: behavior=uniform, target=logistic, state_dim=5, action_dim=1
Note: policy.logistic.theta_scale/theta_std are log-scale coefficients in Probability_Densities.
Behavior-policy linearized state-process diagnostic: spectral_radius=0.653, offline_burn_in=50
Replicate config OK: num_replicates=100, benchmark points=10 independent of D_i, loss target points=100
Transition reduction OK: method=kmeans, raw rows N(T-1)=12000, target rows about 3000, B rows reduced from 12000 to about 3000
Return-operator approximation OK: method=rff, features=512, exact G avoided for estimated N=12000, m=800, L=100
Fixed benchmark config rows=4 (benchmark.num_points=10; additional points are support-safe target-policy draws if needed)
Fixed benchmark point 0: s_star=[0.6, -0.8, 0.7, -0.5, 0.9], a_star=[0.5]
Fixed benchmark behavior-support interval for configured rows: min_lower=-0.12, max_upper=1.11
Fixed benchmark target-policy location range: [-0.02, 0.14]
Reusing shared data from /work/nvme/bfez/mehrdad3/DistRL/simulation_3/runs/sim3_shared_data/data for offline replicate 37.
RUN: /sw/user/python/miniforge3-pytorch-24.11.3/bin/python3 validate_sim_config.py --params params.yaml --data data/offline_data_37.pt
ke_drl import source: /work/nvme/bfez/mehrdad3/DistRL/simulation_3/runs/sim3_global_2358722_4/.kedrl_site_437/ke_drl/__init__.py
ke_drl package API OK: prediction weights, RFF operators, rank diagnostics, and best-checkpoint optimizer available
Policy config OK: behavior=uniform, target=logistic, state_dim=5, action_dim=1
Note: policy.logistic.theta_scale/theta_std are log-scale coefficients in Probability_Densities.
Behavior-policy linearized state-process diagnostic: spectral_radius=0.653, offline_burn_in=50
Replicate config OK: num_replicates=100, benchmark points=10 independent of D_i, loss target points=100
Transition reduction OK: method=kmeans, raw rows N(T-1)=12000, target rows about 3000, B rows reduced from 12000 to about 3000
Return-operator approximation OK: method=rff, features=512, exact G avoided for estimated N=12000, m=800, L=100
Fixed benchmark config rows=4 (benchmark.num_points=10; additional points are support-safe target-policy draws if needed)
Fixed benchmark point 0: s_star=[0.6, -0.8, 0.7, -0.5, 0.9], a_star=[0.5]
Fixed benchmark behavior-support interval for configured rows: min_lower=-0.12, max_upper=1.11
Fixed benchmark target-policy location range: [-0.02, 0.14]
Full benchmark support check OK: 10 points, min_lower=-2.177, max_upper=2.05
observed behavior actions: mean=0.3965, sd=0.6802, q0/q10/q50/q90/q100=[-2.280027151107788, -0.4257642537355423, 0.33066442608833313, 1.322707557678223, 3.1504900455474854]
target-policy sampled actions: mean=-0.02207, sd=0.6678, q0/q10/q50/q90/q100=[-2.6066702657777214, -0.8810473907845167, -0.01883843362470259, 0.8362690730493016, 2.6019905548010795]
behavior uniform lower: mean=-0.1214, sd=0.6619, q0/q10/q50/q90/q100=[-2.625410866737366, -0.9761938339471817, -0.11399031728506087, 0.7338013961911202, 2.539966654777527]
behavior uniform upper: mean=0.9239, sd=0.6469, q0/q10/q50/q90/q100=[-1.0221043825149536, 0.07287730753421787, 0.9351614236831665, 1.7604186898469925, 3.539966654777527]
target location inside behavior uniform support: 0.969
RUN: /sw/user/python/miniforge3-pytorch-24.11.3/bin/python3 main_est.py
# ================================================================ #
#   Global KE-DRL estimation for one offline replicate              #
# ================================================================ #
Slurm Job ID: 2359230
Slurm Array ID: 37 -- used as the offline-replicate id
Offline data id: 37
ke_drl import source: /work/nvme/bfez/mehrdad3/DistRL/simulation_3/runs/sim3_global_2358722_4/.kedrl_site_437/ke_drl/__init__.py
Estimator device: cuda (NVIDIA GH200 120GB, capability 9.0); torch CUDA=13.0
Random seed: 20460549
Number of offline replicates: 100
[transition reduction] enabled: original rows=12000, target basis=3000, method=kmeans, device=cuda
[transition reduction] kmeans iter 1/20, mean center shift=2.7232e-01
[transition reduction] kmeans iter 5/20, mean center shift=4.2520e-03
[transition reduction] kmeans iter 10/20, mean center shift=4.7992e-08
[transition reduction] selected 3090 rows from 12000 transitions (ratio 0.2575); indices saved to data/reduced_transition_indices_37.pt
Data and parameters loaded.
offline path: data/offline_data_37.pt
benchmark true-Z path: data/Z_true.pt
offline shapes after reduction: s0=(3090, 5), a0=(3090, 1), r0=(3090, 3)
transition reduction: {'enabled': True, 'method': 'kmeans', 'original_rows': 12000, 'reduced_rows': 3090, 'selected_indices_path': 'data/reduced_transition_indices_37.pt', 'target_basis': 3000, 'compression_ratio': 0.2575}
fixed benchmark point source: fixed_config_plus_support_safe_target_policy_draws
benchmark row excluded from this offline data: None
global loss target set shape: s_star=(100, 5), a_star=(100, 1)
benchmark true-Z count=10, shape each=(50000, 3)
target policy: logistic
behavior policy: uniform
lambda_Gamma=0.005, lambda_B=0.02, d_r_method=song
dtype=torch.float32, operator_method=rff, operator_num_features=512
ridge_mode=rkhs, diagnostic_interval=50
mass_anchor_lambda=1.0, target_mass=1.0
uLSIF basis: source=numerator, n_basis=512, lambda_reg=0.005
optimizer stabilizers: lambda_neg=0.0, max_B_norm=None, eta_clip_min=0.0, eta_clip_max=5.0, normalize_eta=True
========================================
Estimating the global KE-DRL mean embedding
torch device=cuda, dtype=torch.float32
Data dims: N=3090, L=100, Ds=5, Da=1, Dr=3
lambda_Gamma=0.005, lambda_B=0.02
return-operator construction: method=rff, rff_features=512
[uLSIF] basis=512/3090 (numerator); eta_hat min=-8.482e-01 max=5.595e+00 neg%=4.69
ESS for eta_plus: 2231.0 / 3090
eta_plus diagnostics: raw_mean=0.999, raw_min=-0.848, raw_max=5.59; used_mean=1, used_min=0, used_max=4.95
[timing] Z-grid: 0.03s
[timing] K_X: 0.00s
[timing] K_plus: 0.00s
[timing] k_star: 0.00s
[timing] Gamma_stack: 0.01s
[timing] Phi_stack: 0.00s
[timing] RFF feature sample: 0.00s
[timing] K_Z RFF: 0.00s
[timing] G_stack RFF: 0.01s
[timing] H_stack RFF: 0.01s
findfont: Font family 'Nimbus Roman' not found.
findfont: Font family 'Nimbus Roman' not found.
findfont: Font family 'Nimbus Roman' not found.
findfont: Font family 'Nimbus Roman' not found.
findfont: Font family 'Nimbus Roman' not found.
findfont: Font family 'Nimbus Roman' not found.
findfont: Font family 'Nimbus Roman' not found.
findfont: Font family 'Nimbus Roman' not found.
findfont: Font family 'Nimbus Roman' not found.
findfont: Font family 'Nimbus Roman' not found.
findfont: Font family 'Nimbus Roman' not found.
findfont: Font family 'Nimbus Roman' not found.
findfont: Font family 'Nimbus Roman' not found.
findfont: Font family 'Nimbus Roman' not found.
findfont: Font family 'Nimbus Roman' not found.
findfont: Font family 'Nimbus Roman' not found.
findfont: Font family 'Nimbus Roman' not found.
findfont: Font family 'Nimbus Roman' not found.
findfont: Font family 'Nimbus Roman' not found.
findfont: Font family 'Nimbus Roman' not found.
findfont: Font family 'Nimbus Roman' not found.
findfont: Font family 'Nimbus Roman' not found.
findfont: Font family 'Nimbus Roman' not found.
findfont: Font family 'Nimbus Roman' not found.
findfont: Font family 'Nimbus Roman' not found.
findfont: Font family 'Nimbus Roman' not found.
findfont: Font family 'Nimbus Roman' not found.
findfont: Font family 'Nimbus Roman' not found.
findfont: Font family 'Nimbus Roman' not found.
findfont: Font family 'Nimbus Roman' not found.
findfont: Font family 'Nimbus Roman' not found.
findfont: Font family 'Nimbus Roman' not found.
findfont: Font family 'Nimbus Roman' not found.
findfont: Font family 'Nimbus Roman' not found.
findfont: Font family 'Nimbus Roman' not found.
findfont: Font family 'Nimbus Roman' not found.
findfont: Font family 'Nimbus Roman' not found.
findfont: Font family 'Nimbus Roman' not found.
findfont: Font family 'Nimbus Roman' not found.
findfont: Font family 'Nimbus Roman' not found.
findfont: Font family 'Nimbus Roman' not found.
findfont: Font family 'Nimbus Roman' not found.
findfont: Font family 'Nimbus Roman' not found.
findfont: Font family 'Nimbus Roman' not found.
findfont: Font family ['Nimbus Roman'] not found. Falling back to DejaVu Sans.
findfont: Font family 'Nimbus Roman' not found.
findfont: Font family ['Nimbus Roman'] not found. Falling back to DejaVu Sans.
findfont: Font family 'Nimbus Roman' not found.
findfont: Font family 'Nimbus Roman' not found.
findfont: Font family 'Nimbus Roman' not found.
findfont: Font family 'Nimbus Roman' not found.
findfont: Font family 'Nimbus Roman' not found.
findfont: Font family 'Nimbus Roman' not found.
findfont: Font family 'Nimbus Roman' not found.
findfont: Font family 'Nimbus Roman' not found.
findfont: Font family 'Nimbus Roman' not found.
findfont: Font family 'Nimbus Roman' not found.
findfont: Font family ['Nimbus Roman'] not found. Falling back to DejaVu Sans.
findfont: Font family 'Nimbus Roman' not found.
findfont: Font family 'Nimbus Roman' not found.
findfont: Font family 'Nimbus Roman' not found.
findfont: Font family 'Nimbus Roman' not found.
findfont: Font family 'Nimbus Roman' not found.
findfont: Font family 'Nimbus Roman' not found.
findfont: Font family 'Nimbus Roman' not found.
findfont: Font family 'Nimbus Roman' not found.
findfont: Font family 'Nimbus Roman' not found.
findfont: Font family 'Nimbus Roman' not found.
findfont: Font family 'Nimbus Roman' not found.
findfont: Font family 'Nimbus Roman' not found.
findfont: Font family 'Nimbus Roman' not found.
findfont: Font family 'Nimbus Roman' not found.
findfont: Font family 'Nimbus Roman' not found.
findfont: Font family 'Nimbus Roman' not found.
findfont: Font family 'Nimbus Roman' not found.
findfont: Font family 'Nimbus Roman' not found.
findfont: Font family 'Nimbus Roman' not found.
findfont: Font family 'Nimbus Roman' not found.
findfont: Font family 'Nimbus Roman' not found.
findfont: Font family 'Nimbus Roman' not found.
findfont: Font family 'Nimbus Roman' not found.
findfont: Font family 'Nimbus Roman' not found.
findfont: Font family 'Nimbus Roman' not found.
findfont: Font family 'Nimbus Roman' not found.
findfont: Font family 'Nimbus Roman' not found.
findfont: Font family 'Nimbus Roman' not found.
findfont: Font family 'Nimbus Roman' not found.
findfont: Font family 'Nimbus Roman' not found.
findfont: Font family 'Nimbus Roman' not found.
findfont: Font family 'Nimbus Roman' not found.
findfont: Font family 'Nimbus Roman' not found.
findfont: Font family 'Nimbus Roman' not found.
findfont: Font family 'Nimbus Roman' not found.
findfont: Font family 'Nimbus Roman' not found.
findfont: Font family 'Nimbus Roman' not found.
findfont: Font family 'Nimbus Roman' not found.
findfont: Font family 'Nimbus Roman' not found.
findfont: Font family 'Nimbus Roman' not found.
findfont: Font family 'Nimbus Roman' not found.
findfont: Font family 'Nimbus Roman' not found.
findfont: Font family 'Nimbus Roman' not found.
findfont: Font family 'Nimbus Roman' not found.
findfont: Font family 'Nimbus Roman' not found.
findfont: Font family 'Nimbus Roman' not found.
findfont: Font family 'Nimbus Roman' not found.
findfont: Font family 'Nimbus Roman' not found.
findfont: Font family 'Nimbus Roman' not found.
findfont: Font family 'Nimbus Roman' not found.
findfont: Font family 'Nimbus Roman' not found.
findfont: Font family 'Nimbus Roman' not found.
findfont: Font family 'Nimbus Roman' not found.
findfont: Font family 'Nimbus Roman' not found.
findfont: Font family 'Nimbus Roman' not found.
findfont: Font family 'Nimbus Roman' not found.
findfont: Font family 'Nimbus Roman' not found.
findfont: Font family 'Nimbus Roman' not found.
findfont: Font family 'Nimbus Roman' not found.
findfont: Font family 'Nimbus Roman' not found.
findfont: Font family 'Nimbus Roman' not found.
findfont: Font family 'Nimbus Roman' not found.
findfont: Font family 'Nimbus Roman' not found.
findfont: Font family 'Nimbus Roman' not found.
findfont: Font family 'Nimbus Roman' not found.
findfont: Font family 'Nimbus Roman' not found.
findfont: Font family 'Nimbus Roman' not found.
findfont: Font family 'Nimbus Roman' not found.
findfont: Font family 'Nimbus Roman' not found.
findfont: Font family 'Nimbus Roman' not found.
findfont: Font family 'Nimbus Roman' not found.
findfont: Font family 'Nimbus Roman' not found.
findfont: Font family 'Nimbus Roman' not found.
findfont: Font family 'Nimbus Roman' not found.
findfont: Font family 'Nimbus Roman' not found.
findfont: Font family 'Nimbus Roman' not found.
findfont: Font family 'Nimbus Roman' not found.
findfont: Font family 'Nimbus Roman' not found.
findfont: Font family 'Nimbus Roman' not found.
Ridge mode: rkhs; diagnostic interval: 50
Iter 1/4000 | log_obj=1.135e+01 | log_Bellman_root=4.291e+00 | mass=7.98e+04 | neg=0.00e+00 | grad=2.06e+03
Iter 400/4000 | log_obj=6.492e+00 | log_Bellman_root=1.853e+00 | mass=6.19e+02 | neg=0.00e+00 | grad=7.87e+04
Iter 800/4000 | log_obj=6.490e+00 | log_Bellman_root=1.852e+00 | mass=6.18e+02 | neg=0.00e+00 | grad=7.87e+04
Iter 1200/4000 | log_obj=2.324e+00 | log_Bellman_root=-2.555e-01 | mass=9.58e+00 | neg=0.00e+00 | grad=2.68e+04
Iter 1600/4000 | log_obj=3.737e+00 | log_Bellman_root=4.654e-01 | mass=3.94e+01 | neg=0.00e+00 | grad=3.11e+04
Iter 2000/4000 | log_obj=3.733e+00 | log_Bellman_root=4.643e-01 | mass=3.93e+01 | neg=0.00e+00 | grad=3.11e+04
Iter 2400/4000 | log_obj=6.884e+00 | log_Bellman_root=2.050e+00 | mass=9.16e+02 | neg=0.00e+00 | grad=3.74e+04
Iter 2800/4000 | log_obj=1.922e+00 | log_Bellman_root=-3.905e-01 | mass=6.36e+00 | neg=0.00e+00 | grad=9.79e+03
Iter 3200/4000 | log_obj=6.560e+00 | log_Bellman_root=1.888e+00 | mass=6.62e+02 | neg=0.00e+00 | grad=3.27e+04
Iter 3600/4000 | log_obj=2.186e+00 | log_Bellman_root=-2.657e-01 | mass=8.29e+00 | neg=0.00e+00 | grad=5.29e+03
Iter 4000/4000 | log_obj=-1.683e+00 | log_Bellman_root=-1.955e+00 | mass=1.47e-01 | neg=0.00e+00 | grad=1.54e+03
Returning best diagnostic checkpoint from step 3550 (objective=6.444e-02, Bellman=1.080e-02).
Done in 11.13s.
KE-DRL global estimation is done.
B_hat shape: (3090, 800)
B_hat rank diagnostics: {'B_num_rows': 3090, 'B_num_cols': 800, 'B_min_dim': 800, 'B_numerical_rank': 800, 'B_rank_fraction': 1.0, 'B_rank_tolerance': 3.0737708245354156e-05, 'B_stable_rank': 354.4770202636719, 'B_effective_rank': 771.919663449007, 'B_entropy_rank': 6.648880481719971, 'B_spectral_norm': 0.08344549685716629, 'B_frobenius_norm': 1.5710750818252563, 'B_nuclear_norm': 42.94707107543945, 'B_condition_number': 3.0256482157983156, 'B_condition_number_tol': 3.0256482157983156, 'B_smallest_singular_value': 0.027579378336668015, 'B_rank_rel_1em2': 800, 'B_rank_rel_1em3': 800, 'B_rank_rel_1em4': 800}
Global-loss target mass diagnostics: {'target_mass_mean': 1.1688635349273682, 'target_mass_min': 0.9279128313064575, 'target_mass_max': 1.2708632946014404, 'target_mass_sd': 0.07403738796710968, 'target_mass_rmse_to_target': 0.18423250317573547, 'target_beta_min': -0.023679358884692192, 'target_beta_max': 0.04526699706912041, 'target_neg_frac_mean': 0.41345}
Return dictionary Z_grid shape: (800, 3)
Replicate 37 risk metrics: {'risk_n_steps_recorded': 81.0, 'risk_n_diagnostics_recorded': 81.0, 'risk_log_obj_initial': 11.351868242393484, 'risk_log_obj_final': -1.682731068103979, 'risk_log_obj_min': -2.742012325777319, 'risk_obj_initial': 85124.33593749994, 'risk_obj_final': 0.1858656704425812, 'risk_obj_min': 0.06444054096937181, 'risk_log_obj_drop': 13.034599310497464, 'risk_log_bellman_root_initial': 4.290563425434422, 'risk_log_bellman_root_final': -1.9545726505402605, 'risk_log_bellman_root_min': -2.264227781298053, 'risk_bellman_root_initial': 73.00759124755861, 'risk_bellman_root_final': 0.14162498712539673, 'risk_bellman_root_min': 0.10391024500131607, 'risk_bellman_initial': 5330.108379770597, 'risk_bellman_final': 0.020057636978268786, 'risk_bellman_min': 0.010797339016233531, 'risk_log_bellman_root_drop': 6.245136075974682, 'risk_bellman_returned': 0.010797339491546154, 'risk_obj_returned': 0.0644405409693718, 'risk_returned_step': 3550.0, 'offline_data_id': 37, 'benchmark_point_source': 'fixed_config_plus_support_safe_target_policy_draws', 'target_set_size': 100, 'lambda_reg': 0.005, 'lambda_B': 0.02, 'num_steps': 4000, 'transition_reduction_enabled': 1, 'transition_reduction_method': 'kmeans', 'transition_original_rows': 12000, 'transition_reduced_rows': 3090, 'transition_compression_ratio': 0.2575, 'target_mass_mean': 1.1688635349273682, 'target_mass_min': 0.9279128313064575, 'target_mass_max': 1.2708632946014404, 'target_mass_sd': 0.07403738796710968, 'target_mass_rmse_to_target': 0.18423250317573547, 'target_beta_min': -0.023679358884692192, 'target_beta_max': 0.04526699706912041, 'target_neg_frac_mean': 0.41345, 'B_num_rows': 3090, 'B_num_cols': 800, 'B_min_dim': 800, 'B_numerical_rank': 800, 'B_rank_fraction': 1.0, 'B_rank_tolerance': 3.0737708245354156e-05, 'B_stable_rank': 354.4770202636719, 'B_effective_rank': 771.919663449007, 'B_entropy_rank': 6.648880481719971, 'B_spectral_norm': 0.08344549685716629, 'B_frobenius_norm': 1.5710750818252563, 'B_nuclear_norm': 42.94707107543945, 'B_condition_number': 3.0256482157983156, 'B_condition_number_tol': 3.0256482157983156, 'B_smallest_singular_value': 0.027579378336668015, 'B_rank_rel_1em2': 800, 'B_rank_rel_1em3': 800, 'B_rank_rel_1em4': 800, 'risk_objective_final_raw': 0.18586567044258118, 'risk_objective_min_raw': 0.0644405409693718, 'risk_objective_max_raw': 85124.3359375, 'risk_bellman_final_raw': 0.020057635381817818, 'risk_bellman_min_raw': 0.010797339491546154, 'risk_bellman_max_raw': 5330.1083984375, 'risk_rkhs_ridge_final_raw': 0.018444420769810677, 'risk_rkhs_ridge_min_raw': 0.018444420769810677, 'risk_rkhs_ridge_max_raw': 4.979755401611328, 'risk_mass_final_raw': 0.14736361801624298, 'risk_mass_min_raw': 0.033941615372896194, 'risk_mass_max_raw': 79789.25, 'risk_negativity_final_raw': 0.0, 'risk_negativity_min_raw': 0.0, 'risk_negativity_max_raw': 0.0, 'risk_B_norm_final_raw': 1.5705755949020386, 'risk_B_norm_min_raw': 1.5705755949020386, 'risk_B_norm_max_raw': 1.6422438621520996, 'risk_diagnostic_step_final_raw': 4000.0, 'risk_diagnostic_step_min_raw': 1.0, 'risk_diagnostic_step_max_raw': 4000.0, 'risk_best_step_final_raw': 3550.0, 'risk_best_step_min_raw': 3550.0, 'risk_best_step_max_raw': 3550.0, 'risk_best_objective_final_raw': 0.0644405409693718, 'risk_best_objective_min_raw': 0.0644405409693718, 'risk_best_objective_max_raw': 0.0644405409693718, 'risk_best_bellman_final_raw': 0.010797339491546154, 'risk_best_bellman_min_raw': 0.010797339491546154, 'risk_best_bellman_max_raw': 0.010797339491546154, 'risk_returned_step_final_raw': 3550.0, 'risk_returned_step_min_raw': 3550.0, 'risk_returned_step_max_raw': 3550.0, 'risk_returned_objective_final_raw': 0.0644405409693718, 'risk_returned_objective_min_raw': 0.0644405409693718, 'risk_returned_objective_max_raw': 0.0644405409693718, 'risk_returned_bellman_final_raw': 0.010797339491546154, 'risk_returned_bellman_min_raw': 0.010797339491546154, 'risk_returned_bellman_max_raw': 0.010797339491546154, 'risk_returned_best_checkpoint_final_raw': 1.0, 'risk_returned_best_checkpoint_min_raw': 1.0, 'risk_returned_best_checkpoint_max_raw': 1.0}
Benchmark 0 evaluation grid shape: (800, 3)
Replicate 37, benchmark 0 metrics: {'run_id': '37_b0', 'RMSE': 0.08625247645142033, 'MAE': 0.07303329839371145, 'SupNorm': 0.18654385209083557, 'Bias': 0.01180400519631803, 'Corr': 0.7877290903989906, 'deming_slope': 1.3169688034865994, 'deming_intercept': -0.13500764593515302, 'beta_sum': 1.0822176933288574, 'beta_l1': 3.960270881652832, 'beta_l2': 0.1744331419467926, 'beta_min': -0.020559797063469887, 'beta_max': 0.020900974050164223, 'beta_neg_frac': 0.4225, 'offline_data_id': 37, 'benchmark_id': 0, 'benchmark_point_source': 'fixed_config', 'target_set_size': 100, 'benchmark_z_path': 'data/Z_true.pt', 'projected_bellman_test_risk': 0.03250002861022949, 'oracle_embedding_risk': 0.6077823638916016, 'benchmark_embedding_risk': 0.6077823638916016, 'risk_bellman_final': 0.020057636978268786, 'risk_obj_final': 0.1858656704425812, 'B_num_rows': 3090, 'B_num_cols': 800, 'B_min_dim': 800, 'B_numerical_rank': 800, 'B_rank_fraction': 1.0, 'B_rank_tolerance': 3.0737708245354156e-05, 'B_stable_rank': 354.4770202636719, 'B_effective_rank': 771.919663449007, 'B_entropy_rank': 6.648880481719971, 'B_spectral_norm': 0.08344549685716629, 'B_frobenius_norm': 1.5710750818252563, 'B_nuclear_norm': 42.94707107543945, 'B_condition_number': 3.0256482157983156, 'B_condition_number_tol': 3.0256482157983156, 'B_smallest_singular_value': 0.027579378336668015, 'B_rank_rel_1em2': 800, 'B_rank_rel_1em3': 800, 'B_rank_rel_1em4': 800}
Saved ./mu/mu_hat.csv shape=(800,)
Saved ./mu/mu2D_hat_dims01.csv shape=(120, 120)
Saved ./mu/mu2D_hat_dims01.csv shape=(120, 120)
Saved plots/replicate_37/mu_3D.png
Benchmark 1 evaluation grid shape: (800, 3)
Replicate 37, benchmark 1 metrics: {'run_id': '37_b1', 'RMSE': 0.11052124674086569, 'MAE': 0.10409230401273817, 'SupNorm': 0.16769689321517944, 'Bias': 0.10409230401273817, 'Corr': 0.9836313326232237, 'deming_slope': 1.2616062333186153, 'deming_intercept': -0.01649745822975479, 'beta_sum': 1.241964340209961, 'beta_l1': 3.3101234436035156, 'beta_l2': 0.15179495513439178, 'beta_min': -0.012821534648537636, 'beta_max': 0.021541249006986618, 'beta_neg_frac': 0.38875, 'offline_data_id': 37, 'benchmark_id': 1, 'benchmark_point_source': 'fixed_config', 'target_set_size': 100, 'benchmark_z_path': 'data/Z_true.pt', 'projected_bellman_test_risk': 0.006831822916865349, 'oracle_embedding_risk': 0.5685849189758301, 'benchmark_embedding_risk': 0.5685849189758301, 'risk_bellman_final': 0.020057636978268786, 'risk_obj_final': 0.1858656704425812, 'B_num_rows': 3090, 'B_num_cols': 800, 'B_min_dim': 800, 'B_numerical_rank': 800, 'B_rank_fraction': 1.0, 'B_rank_tolerance': 3.0737708245354156e-05, 'B_stable_rank': 354.4770202636719, 'B_effective_rank': 771.919663449007, 'B_entropy_rank': 6.648880481719971, 'B_spectral_norm': 0.08344549685716629, 'B_frobenius_norm': 1.5710750818252563, 'B_nuclear_norm': 42.94707107543945, 'B_condition_number': 3.0256482157983156, 'B_condition_number_tol': 3.0256482157983156, 'B_smallest_singular_value': 0.027579378336668015, 'B_rank_rel_1em2': 800, 'B_rank_rel_1em3': 800, 'B_rank_rel_1em4': 800}
Benchmark 2 evaluation grid shape: (800, 3)
Replicate 37, benchmark 2 metrics: {'run_id': '37_b2', 'RMSE': 0.11525888615813959, 'MAE': 0.1078115181834437, 'SupNorm': 0.17863935232162476, 'Bias': 0.10780358011135832, 'Corr': 0.9715045837247573, 'deming_slope': 1.277114492168143, 'deming_intercept': -0.022558751745390127, 'beta_sum': 1.2510645389556885, 'beta_l1': 3.5275192260742188, 'beta_l2': 0.16203151643276215, 'beta_min': -0.01678154245018959, 'beta_max': 0.021182291209697723, 'beta_neg_frac': 0.38375, 'offline_data_id': 37, 'benchmark_id': 2, 'benchmark_point_source': 'fixed_config', 'target_set_size': 100, 'benchmark_z_path': 'data/Z_true.pt', 'projected_bellman_test_risk': 0.008239077404141426, 'oracle_embedding_risk': 0.5704476833343506, 'benchmark_embedding_risk': 0.5704476833343506, 'risk_bellman_final': 0.020057636978268786, 'risk_obj_final': 0.1858656704425812, 'B_num_rows': 3090, 'B_num_cols': 800, 'B_min_dim': 800, 'B_numerical_rank': 800, 'B_rank_fraction': 1.0, 'B_rank_tolerance': 3.0737708245354156e-05, 'B_stable_rank': 354.4770202636719, 'B_effective_rank': 771.919663449007, 'B_entropy_rank': 6.648880481719971, 'B_spectral_norm': 0.08344549685716629, 'B_frobenius_norm': 1.5710750818252563, 'B_nuclear_norm': 42.94707107543945, 'B_condition_number': 3.0256482157983156, 'B_condition_number_tol': 3.0256482157983156, 'B_smallest_singular_value': 0.027579378336668015, 'B_rank_rel_1em2': 800, 'B_rank_rel_1em3': 800, 'B_rank_rel_1em4': 800}
Benchmark 3 evaluation grid shape: (800, 3)
Replicate 37, benchmark 3 metrics: {'run_id': '37_b3', 'RMSE': 0.10930908310028888, 'MAE': 0.0998068529786542, 'SupNorm': 0.1779918670654297, 'Bias': 0.09980168696958572, 'Corr': 0.9666449913133683, 'deming_slope': 1.2829852105619524, 'deming_intercept': -0.030321657760663756, 'beta_sum': 1.2385833263397217, 'beta_l1': 3.506410598754883, 'beta_l2': 0.1595832109451294, 'beta_min': -0.015312733128666878, 'beta_max': 0.019875328987836838, 'beta_neg_frac': 0.39125, 'offline_data_id': 37, 'benchmark_id': 3, 'benchmark_point_source': 'fixed_config', 'target_set_size': 100, 'benchmark_z_path': 'data/Z_true.pt', 'projected_bellman_test_risk': 0.009220672771334648, 'oracle_embedding_risk': 0.5741126537322998, 'benchmark_embedding_risk': 0.5741126537322998, 'risk_bellman_final': 0.020057636978268786, 'risk_obj_final': 0.1858656704425812, 'B_num_rows': 3090, 'B_num_cols': 800, 'B_min_dim': 800, 'B_numerical_rank': 800, 'B_rank_fraction': 1.0, 'B_rank_tolerance': 3.0737708245354156e-05, 'B_stable_rank': 354.4770202636719, 'B_effective_rank': 771.919663449007, 'B_entropy_rank': 6.648880481719971, 'B_spectral_norm': 0.08344549685716629, 'B_frobenius_norm': 1.5710750818252563, 'B_nuclear_norm': 42.94707107543945, 'B_condition_number': 3.0256482157983156, 'B_condition_number_tol': 3.0256482157983156, 'B_smallest_singular_value': 0.027579378336668015, 'B_rank_rel_1em2': 800, 'B_rank_rel_1em3': 800, 'B_rank_rel_1em4': 800}
Benchmark 4 evaluation grid shape: (800, 3)
Replicate 37, benchmark 4 metrics: {'run_id': '37_b4', 'RMSE': 0.09179176884746086, 'MAE': 0.07802435451885685, 'SupNorm': 0.1818525791168213, 'Bias': -0.04480681728338823, 'Corr': 0.7638041233602013, 'deming_slope': 1.1245921751600352, 'deming_intercept': -0.1031602920376673, 'beta_sum': 1.0796878337860107, 'beta_l1': 4.1832685470581055, 'beta_l2': 0.19476301968097687, 'beta_min': -0.016730835661292076, 'beta_max': 0.04020252451300621, 'beta_neg_frac': 0.42625, 'offline_data_id': 37, 'benchmark_id': 4, 'benchmark_point_source': 'support_safe_target_policy_draw', 'target_set_size': 100, 'benchmark_z_path': 'data/Z_true.pt', 'projected_bellman_test_risk': 0.02875392511487007, 'oracle_embedding_risk': 0.6142599582672119, 'benchmark_embedding_risk': 0.6142599582672119, 'risk_bellman_final': 0.020057636978268786, 'risk_obj_final': 0.1858656704425812, 'B_num_rows': 3090, 'B_num_cols': 800, 'B_min_dim': 800, 'B_numerical_rank': 800, 'B_rank_fraction': 1.0, 'B_rank_tolerance': 3.0737708245354156e-05, 'B_stable_rank': 354.4770202636719, 'B_effective_rank': 771.919663449007, 'B_entropy_rank': 6.648880481719971, 'B_spectral_norm': 0.08344549685716629, 'B_frobenius_norm': 1.5710750818252563, 'B_nuclear_norm': 42.94707107543945, 'B_condition_number': 3.0256482157983156, 'B_condition_number_tol': 3.0256482157983156, 'B_smallest_singular_value': 0.027579378336668015, 'B_rank_rel_1em2': 800, 'B_rank_rel_1em3': 800, 'B_rank_rel_1em4': 800}
Benchmark 5 evaluation grid shape: (800, 3)
Replicate 37, benchmark 5 metrics: {'run_id': '37_b5', 'RMSE': 0.34149363867322513, 'MAE': 0.32759843889885815, 'SupNorm': 0.4851396381855011, 'Bias': -0.3274950250823167, 'Corr': 0.46686233111912084, 'deming_slope': 0.2675898610703508, 'deming_intercept': 0.007787137734190014, 'beta_sum': 0.3993269205093384, 'beta_l1': 1.5886595249176025, 'beta_l2': 0.07031407952308655, 'beta_min': -0.00765190040692687, 'beta_max': 0.008180231787264347, 'beta_neg_frac': 0.43125, 'offline_data_id': 37, 'benchmark_id': 5, 'benchmark_point_source': 'support_safe_target_policy_draw', 'target_set_size': 100, 'benchmark_z_path': 'data/Z_true.pt', 'projected_bellman_test_risk': 0.0012821174459531903, 'oracle_embedding_risk': 0.8038434386253357, 'benchmark_embedding_risk': 0.8038434386253357, 'risk_bellman_final': 0.020057636978268786, 'risk_obj_final': 0.1858656704425812, 'B_num_rows': 3090, 'B_num_cols': 800, 'B_min_dim': 800, 'B_numerical_rank': 800, 'B_rank_fraction': 1.0, 'B_rank_tolerance': 3.0737708245354156e-05, 'B_stable_rank': 354.4770202636719, 'B_effective_rank': 771.919663449007, 'B_entropy_rank': 6.648880481719971, 'B_spectral_norm': 0.08344549685716629, 'B_frobenius_norm': 1.5710750818252563, 'B_nuclear_norm': 42.94707107543945, 'B_condition_number': 3.0256482157983156, 'B_condition_number_tol': 3.0256482157983156, 'B_smallest_singular_value': 0.027579378336668015, 'B_rank_rel_1em2': 800, 'B_rank_rel_1em3': 800, 'B_rank_rel_1em4': 800}
Benchmark 6 evaluation grid shape: (800, 3)
Replicate 37, benchmark 6 metrics: {'run_id': '37_b6', 'RMSE': 0.07757013556339679, 'MAE': 0.0640242388471961, 'SupNorm': 0.17459708452224731, 'Bias': 0.035717773539945485, 'Corr': 0.8592034708673837, 'deming_slope': 1.238361867710627, 'deming_intercept': -0.07515283887489532, 'beta_sum': 1.1330446004867554, 'beta_l1': 4.070104122161865, 'beta_l2': 0.18381910026073456, 'beta_min': -0.020130492746829987, 'beta_max': 0.02391272410750389, 'beta_neg_frac': 0.42875, 'offline_data_id': 37, 'benchmark_id': 6, 'benchmark_point_source': 'support_safe_target_policy_draw', 'target_set_size': 100, 'benchmark_z_path': 'data/Z_true.pt', 'projected_bellman_test_risk': 0.023305879905819893, 'oracle_embedding_risk': 0.5863165259361267, 'benchmark_embedding_risk': 0.5863165259361267, 'risk_bellman_final': 0.020057636978268786, 'risk_obj_final': 0.1858656704425812, 'B_num_rows': 3090, 'B_num_cols': 800, 'B_min_dim': 800, 'B_numerical_rank': 800, 'B_rank_fraction': 1.0, 'B_rank_tolerance': 3.0737708245354156e-05, 'B_stable_rank': 354.4770202636719, 'B_effective_rank': 771.919663449007, 'B_entropy_rank': 6.648880481719971, 'B_spectral_norm': 0.08344549685716629, 'B_frobenius_norm': 1.5710750818252563, 'B_nuclear_norm': 42.94707107543945, 'B_condition_number': 3.0256482157983156, 'B_condition_number_tol': 3.0256482157983156, 'B_smallest_singular_value': 0.027579378336668015, 'B_rank_rel_1em2': 800, 'B_rank_rel_1em3': 800, 'B_rank_rel_1em4': 800}
Benchmark 7 evaluation grid shape: (800, 3)
Replicate 37, benchmark 7 metrics: {'run_id': '37_b7', 'RMSE': 0.0738897674385707, 'MAE': 0.06017336971126497, 'SupNorm': 0.16619178652763367, 'Bias': 0.04298726179637015, 'Corr': 0.8827313252394635, 'deming_slope': 1.1900239562529593, 'deming_intercept': -0.04493976576209102, 'beta_sum': 1.176060438156128, 'beta_l1': 3.9361672401428223, 'beta_l2': 0.18129640817642212, 'beta_min': -0.01778373308479786, 'beta_max': 0.03676190227270126, 'beta_neg_frac': 0.42625, 'offline_data_id': 37, 'benchmark_id': 7, 'benchmark_point_source': 'support_safe_target_policy_draw', 'target_set_size': 100, 'benchmark_z_path': 'data/Z_true.pt', 'projected_bellman_test_risk': 0.013326531276106834, 'oracle_embedding_risk': 0.58492112159729, 'benchmark_embedding_risk': 0.58492112159729, 'risk_bellman_final': 0.020057636978268786, 'risk_obj_final': 0.1858656704425812, 'B_num_rows': 3090, 'B_num_cols': 800, 'B_min_dim': 800, 'B_numerical_rank': 800, 'B_rank_fraction': 1.0, 'B_rank_tolerance': 3.0737708245354156e-05, 'B_stable_rank': 354.4770202636719, 'B_effective_rank': 771.919663449007, 'B_entropy_rank': 6.648880481719971, 'B_spectral_norm': 0.08344549685716629, 'B_frobenius_norm': 1.5710750818252563, 'B_nuclear_norm': 42.94707107543945, 'B_condition_number': 3.0256482157983156, 'B_condition_number_tol': 3.0256482157983156, 'B_smallest_singular_value': 0.027579378336668015, 'B_rank_rel_1em2': 800, 'B_rank_rel_1em3': 800, 'B_rank_rel_1em4': 800}
Benchmark 8 evaluation grid shape: (800, 3)
Replicate 37, benchmark 8 metrics: {'run_id': '37_b8', 'RMSE': 0.060326185354738375, 'MAE': 0.050636548527982085, 'SupNorm': 0.12293723225593567, 'Bias': -0.0372987083834596, 'Corr': 0.911797122937496, 'deming_slope': 0.981361521327448, 'deming_intercept': -0.028707129951401622, 'beta_sum': 0.9517768621444702, 'beta_l1': 3.577545642852783, 'beta_l2': 0.1615881472826004, 'beta_min': -0.016263164579868317, 'beta_max': 0.026531923562288284, 'beta_neg_frac': 0.40875, 'offline_data_id': 37, 'benchmark_id': 8, 'benchmark_point_source': 'support_safe_target_policy_draw', 'target_set_size': 100, 'benchmark_z_path': 'data/Z_true.pt', 'projected_bellman_test_risk': 0.05136757344007492, 'oracle_embedding_risk': 0.5665945410728455, 'benchmark_embedding_risk': 0.5665945410728455, 'risk_bellman_final': 0.020057636978268786, 'risk_obj_final': 0.1858656704425812, 'B_num_rows': 3090, 'B_num_cols': 800, 'B_min_dim': 800, 'B_numerical_rank': 800, 'B_rank_fraction': 1.0, 'B_rank_tolerance': 3.0737708245354156e-05, 'B_stable_rank': 354.4770202636719, 'B_effective_rank': 771.919663449007, 'B_entropy_rank': 6.648880481719971, 'B_spectral_norm': 0.08344549685716629, 'B_frobenius_norm': 1.5710750818252563, 'B_nuclear_norm': 42.94707107543945, 'B_condition_number': 3.0256482157983156, 'B_condition_number_tol': 3.0256482157983156, 'B_smallest_singular_value': 0.027579378336668015, 'B_rank_rel_1em2': 800, 'B_rank_rel_1em3': 800, 'B_rank_rel_1em4': 800}
Benchmark 9 evaluation grid shape: (800, 3)
Replicate 37, benchmark 9 metrics: {'run_id': '37_b9', 'RMSE': 0.05947195642852963, 'MAE': 0.05048019625246525, 'SupNorm': 0.11605009436607361, 'Bias': 0.04813562028110027, 'Corr': 0.9606154824228105, 'deming_slope': 1.1098467625315203, 'deming_intercept': -0.003200098663149187, 'beta_sum': 1.1901898384094238, 'beta_l1': 4.001175403594971, 'beta_l2': 0.186027392745018, 'beta_min': -0.01620444655418396, 'beta_max': 0.032917238771915436, 'beta_neg_frac': 0.41125, 'offline_data_id': 37, 'benchmark_id': 9, 'benchmark_point_source': 'support_safe_target_policy_draw', 'target_set_size': 100, 'benchmark_z_path': 'data/Z_true.pt', 'projected_bellman_test_risk': 0.010343264788389206, 'oracle_embedding_risk': 0.5563684105873108, 'benchmark_embedding_risk': 0.5563684105873108, 'risk_bellman_final': 0.020057636978268786, 'risk_obj_final': 0.1858656704425812, 'B_num_rows': 3090, 'B_num_cols': 800, 'B_min_dim': 800, 'B_numerical_rank': 800, 'B_rank_fraction': 1.0, 'B_rank_tolerance': 3.0737708245354156e-05, 'B_stable_rank': 354.4770202636719, 'B_effective_rank': 771.919663449007, 'B_entropy_rank': 6.648880481719971, 'B_spectral_norm': 0.08344549685716629, 'B_frobenius_norm': 1.5710750818252563, 'B_nuclear_norm': 42.94707107543945, 'B_condition_number': 3.0256482157983156, 'B_condition_number_tol': 3.0256482157983156, 'B_smallest_singular_value': 0.027579378336668015, 'B_rank_rel_1em2': 800, 'B_rank_rel_1em3': 800, 'B_rank_rel_1em4': 800}
Replicate 37 finished in 20.5s
Finished combo 4, offline replicate 37.
