Job ID:    2358988
Array idx: 207
CPUs/node: 64
Mem/node:  131072
Using CC = cc 
Using CXX = CC 
Using FC = ftn 
Using F77 = ftn 
Using F90 = ftn 
cuda/12.6.1 is deprecated; loading cudatoolkit/25.5_12.9 instead.
Using CC = /opt/nvidia/hpc_sdk/Linux_aarch64/25.5/compilers/bin/nvc 
Using CXX = /opt/nvidia/hpc_sdk/Linux_aarch64/25.5/compilers/bin/nvc++ 
Using FC = /opt/nvidia/hpc_sdk/Linux_aarch64/25.5/compilers/bin/nvfortran 
Using F77 = /opt/nvidia/hpc_sdk/Linux_aarch64/25.5/compilers/bin/nvfortran 
Using F90 = /opt/nvidia/hpc_sdk/Linux_aarch64/25.5/compilers/bin/nvfortran 
Using CC = /opt/nvidia/hpc_sdk/Linux_aarch64/25.5/compilers/bin/nvc 
Using CXX = /opt/nvidia/hpc_sdk/Linux_aarch64/25.5/compilers/bin/nvc++ 
Using FC = /opt/nvidia/hpc_sdk/Linux_aarch64/25.5/compilers/bin/nvfortran 
Using F77 = /opt/nvidia/hpc_sdk/Linux_aarch64/25.5/compilers/bin/nvfortran 
Using F90 = /opt/nvidia/hpc_sdk/Linux_aarch64/25.5/compilers/bin/nvfortran 

Lmod is automatically replacing "gcc-native/14" with "gcc/14.2.0".

ghx4
0
Tuning combo id: 2 / 6
Offline replicate id: 7 / 99
Installing ke_drl from git: https://github.com/mehrdadmhmdi/ke-drl.git@main
Collecting git+https://github.com/mehrdadmhmdi/ke-drl.git@main
  Cloning https://github.com/mehrdadmhmdi/ke-drl.git (to revision main) to /tmp/pip-req-build-n0pwkxrw
  Running command git clone --filter=blob:none --quiet https://github.com/mehrdadmhmdi/ke-drl.git /tmp/pip-req-build-n0pwkxrw
  Resolved https://github.com/mehrdadmhmdi/ke-drl.git to commit 3c5d570e40ea15b1fbe4817b5f43b64c7b333e82
  Installing build dependencies: started
  Installing build dependencies: finished with status 'done'
  Getting requirements to build wheel: started
  Getting requirements to build wheel: finished with status 'done'
  Preparing metadata (pyproject.toml): started
  Preparing metadata (pyproject.toml): finished with status 'done'
Building wheels for collected packages: ke_drl
  Building wheel for ke_drl (pyproject.toml): started
  Building wheel for ke_drl (pyproject.toml): finished with status 'done'
  Created wheel for ke_drl: filename=ke_drl-0.1.0-py3-none-any.whl size=47219 sha256=e3875503bf003c5cf793b5616d56207f0b24da7c3c7dee238c3abe04f4b3bb17
  Stored in directory: /tmp/pip-ephem-wheel-cache-fmhok8s0/wheels/24/47/ad/9a4ffd3b05d3e90e35ffc6e7324b735b8bfcf5f51aaf29a333
Successfully built ke_drl
Installing collected packages: ke_drl
Successfully installed ke_drl-0.1.0
Installed ke_drl source: /work/nvme/bfez/mehrdad3/DistRL/simulation_3/runs/sim3_global_2358722_2/.kedrl_site_207/ke_drl/__init__.py
Tuning combo 2: lambda_B_0.00002
Overrides: {'lambda_B': 2e-05}
RUN: /sw/user/python/miniforge3-pytorch-24.11.3/bin/python3 validate_sim_config.py --params params.yaml
ke_drl import source: /work/nvme/bfez/mehrdad3/DistRL/simulation_3/runs/sim3_global_2358722_2/.kedrl_site_207/ke_drl/__init__.py
ke_drl package API OK: prediction weights, RFF operators, rank diagnostics, and best-checkpoint optimizer available
Policy config OK: behavior=uniform, target=logistic, state_dim=5, action_dim=1
Note: policy.logistic.theta_scale/theta_std are log-scale coefficients in Probability_Densities.
Behavior-policy linearized state-process diagnostic: spectral_radius=0.653, offline_burn_in=50
Replicate config OK: num_replicates=100, benchmark points=10 independent of D_i, loss target points=100
Transition reduction OK: method=kmeans, raw rows N(T-1)=12000, target rows about 3000, B rows reduced from 12000 to about 3000
Return-operator approximation OK: method=rff, features=512, exact G avoided for estimated N=12000, m=800, L=100
Fixed benchmark config rows=4 (benchmark.num_points=10; additional points are support-safe target-policy draws if needed)
Fixed benchmark point 0: s_star=[0.6, -0.8, 0.7, -0.5, 0.9], a_star=[0.5]
Fixed benchmark behavior-support interval for configured rows: min_lower=-0.12, max_upper=1.11
Fixed benchmark target-policy location range: [-0.02, 0.14]
Reusing shared data from /work/nvme/bfez/mehrdad3/DistRL/simulation_3/runs/sim3_shared_data/data for offline replicate 7.
RUN: /sw/user/python/miniforge3-pytorch-24.11.3/bin/python3 validate_sim_config.py --params params.yaml --data data/offline_data_7.pt
ke_drl import source: /work/nvme/bfez/mehrdad3/DistRL/simulation_3/runs/sim3_global_2358722_2/.kedrl_site_207/ke_drl/__init__.py
ke_drl package API OK: prediction weights, RFF operators, rank diagnostics, and best-checkpoint optimizer available
Policy config OK: behavior=uniform, target=logistic, state_dim=5, action_dim=1
Note: policy.logistic.theta_scale/theta_std are log-scale coefficients in Probability_Densities.
Behavior-policy linearized state-process diagnostic: spectral_radius=0.653, offline_burn_in=50
Replicate config OK: num_replicates=100, benchmark points=10 independent of D_i, loss target points=100
Transition reduction OK: method=kmeans, raw rows N(T-1)=12000, target rows about 3000, B rows reduced from 12000 to about 3000
Return-operator approximation OK: method=rff, features=512, exact G avoided for estimated N=12000, m=800, L=100
Fixed benchmark config rows=4 (benchmark.num_points=10; additional points are support-safe target-policy draws if needed)
Fixed benchmark point 0: s_star=[0.6, -0.8, 0.7, -0.5, 0.9], a_star=[0.5]
Fixed benchmark behavior-support interval for configured rows: min_lower=-0.12, max_upper=1.11
Fixed benchmark target-policy location range: [-0.02, 0.14]
Full benchmark support check OK: 10 points, min_lower=-2.177, max_upper=2.05
observed behavior actions: mean=0.406, sd=0.6816, q0/q10/q50/q90/q100=[-2.268192768096924, -0.4137269496917724, 0.3474394232034683, 1.3139595508575441, 3.0165867805480957]
target-policy sampled actions: mean=-0.02296, sd=0.6694, q0/q10/q50/q90/q100=[-3.1445626267502966, -0.8837457861394882, -0.015789940518670983, 0.8254824067157343, 2.5692487588730044]
behavior uniform lower: mean=-0.1222, sd=0.6628, q0/q10/q50/q90/q100=[-3.2335878372192384, -0.9733240121603012, -0.11774118840694427, 0.7139112401008609, 2.3760004475712777]
behavior uniform upper: mean=0.9269, sd=0.6472, q0/q10/q50/q90/q100=[-0.9615711092948913, 0.0764788578823209, 0.9371757447719573, 1.7605428194999695, 3.3760004475712777]
target location inside behavior uniform support: 0.970
RUN: /sw/user/python/miniforge3-pytorch-24.11.3/bin/python3 main_est.py
# ================================================================ #
#   Global KE-DRL estimation for one offline replicate              #
# ================================================================ #
Slurm Job ID: 2358988
Slurm Array ID: 7 -- used as the offline-replicate id
Offline data id: 7
ke_drl import source: /work/nvme/bfez/mehrdad3/DistRL/simulation_3/runs/sim3_global_2358722_2/.kedrl_site_207/ke_drl/__init__.py
Estimator device: cuda (NVIDIA GH200 120GB, capability 9.0); torch CUDA=13.0
Random seed: 20460519
Number of offline replicates: 100
[transition reduction] enabled: original rows=12000, target basis=3000, method=kmeans, device=cuda
[transition reduction] kmeans iter 1/20, mean center shift=2.7740e-01
[transition reduction] kmeans iter 5/20, mean center shift=3.8535e-03
[transition reduction] kmeans iter 10/20, mean center shift=5.3385e-08
[transition reduction] selected 3084 rows from 12000 transitions (ratio 0.2570); indices saved to data/reduced_transition_indices_7.pt
Data and parameters loaded.
offline path: data/offline_data_7.pt
benchmark true-Z path: data/Z_true.pt
offline shapes after reduction: s0=(3084, 5), a0=(3084, 1), r0=(3084, 3)
transition reduction: {'enabled': True, 'method': 'kmeans', 'original_rows': 12000, 'reduced_rows': 3084, 'selected_indices_path': 'data/reduced_transition_indices_7.pt', 'target_basis': 3000, 'compression_ratio': 0.257}
fixed benchmark point source: fixed_config_plus_support_safe_target_policy_draws
benchmark row excluded from this offline data: None
global loss target set shape: s_star=(100, 5), a_star=(100, 1)
benchmark true-Z count=10, shape each=(50000, 3)
target policy: logistic
behavior policy: uniform
lambda_Gamma=0.005, lambda_B=2e-05, d_r_method=song
dtype=torch.float32, operator_method=rff, operator_num_features=512
ridge_mode=rkhs, diagnostic_interval=50
mass_anchor_lambda=1.0, target_mass=1.0
uLSIF basis: source=numerator, n_basis=512, lambda_reg=0.005
optimizer stabilizers: lambda_neg=0.0, max_B_norm=None, eta_clip_min=0.0, eta_clip_max=5.0, normalize_eta=True
========================================
Estimating the global KE-DRL mean embedding
torch device=cuda, dtype=torch.float32
Data dims: N=3084, L=100, Ds=5, Da=1, Dr=3
lambda_Gamma=0.005, lambda_B=2e-05
return-operator construction: method=rff, rff_features=512
[uLSIF] basis=512/3084 (numerator); eta_hat min=-4.443e-01 max=5.254e+00 neg%=3.40
ESS for eta_plus: 2171.9 / 3084
eta_plus diagnostics: raw_mean=0.999, raw_min=-0.444, raw_max=5.25; used_mean=1, used_min=0, used_max=4.98
[timing] Z-grid: 0.06s
[timing] K_X: 0.00s
[timing] K_plus: 0.00s
[timing] k_star: 0.00s
[timing] Gamma_stack: 0.02s
[timing] Phi_stack: 0.00s
[timing] RFF feature sample: 0.00s
[timing] K_Z RFF: 0.00s
[timing] G_stack RFF: 0.03s
[timing] H_stack RFF: 0.04s
findfont: Font family 'Nimbus Roman' not found.
findfont: Font family 'Nimbus Roman' not found.
findfont: Font family 'Nimbus Roman' not found.
findfont: Font family 'Nimbus Roman' not found.
findfont: Font family 'Nimbus Roman' not found.
findfont: Font family 'Nimbus Roman' not found.
findfont: Font family 'Nimbus Roman' not found.
findfont: Font family 'Nimbus Roman' not found.
findfont: Font family 'Nimbus Roman' not found.
findfont: Font family 'Nimbus Roman' not found.
findfont: Font family 'Nimbus Roman' not found.
findfont: Font family 'Nimbus Roman' not found.
findfont: Font family 'Nimbus Roman' not found.
findfont: Font family 'Nimbus Roman' not found.
findfont: Font family 'Nimbus Roman' not found.
findfont: Font family 'Nimbus Roman' not found.
findfont: Font family 'Nimbus Roman' not found.
findfont: Font family 'Nimbus Roman' not found.
findfont: Font family 'Nimbus Roman' not found.
findfont: Font family 'Nimbus Roman' not found.
findfont: Font family 'Nimbus Roman' not found.
findfont: Font family 'Nimbus Roman' not found.
findfont: Font family 'Nimbus Roman' not found.
findfont: Font family 'Nimbus Roman' not found.
findfont: Font family 'Nimbus Roman' not found.
findfont: Font family 'Nimbus Roman' not found.
findfont: Font family 'Nimbus Roman' not found.
findfont: Font family 'Nimbus Roman' not found.
findfont: Font family 'Nimbus Roman' not found.
findfont: Font family 'Nimbus Roman' not found.
findfont: Font family 'Nimbus Roman' not found.
findfont: Font family 'Nimbus Roman' not found.
findfont: Font family 'Nimbus Roman' not found.
findfont: Font family 'Nimbus Roman' not found.
findfont: Font family 'Nimbus Roman' not found.
findfont: Font family 'Nimbus Roman' not found.
findfont: Font family 'Nimbus Roman' not found.
findfont: Font family 'Nimbus Roman' not found.
findfont: Font family 'Nimbus Roman' not found.
findfont: Font family 'Nimbus Roman' not found.
findfont: Font family 'Nimbus Roman' not found.
findfont: Font family 'Nimbus Roman' not found.
findfont: Font family 'Nimbus Roman' not found.
findfont: Font family 'Nimbus Roman' not found.
findfont: Font family 'Nimbus Roman' not found.
findfont: Font family ['Nimbus Roman'] not found. Falling back to DejaVu Sans.
findfont: Font family 'Nimbus Roman' not found.
findfont: Font family ['Nimbus Roman'] not found. Falling back to DejaVu Sans.
findfont: Font family 'Nimbus Roman' not found.
findfont: Font family 'Nimbus Roman' not found.
findfont: Font family 'Nimbus Roman' not found.
findfont: Font family 'Nimbus Roman' not found.
findfont: Font family 'Nimbus Roman' not found.
findfont: Font family 'Nimbus Roman' not found.
findfont: Font family 'Nimbus Roman' not found.
findfont: Font family 'Nimbus Roman' not found.
findfont: Font family 'Nimbus Roman' not found.
findfont: Font family 'Nimbus Roman' not found.
findfont: Font family ['Nimbus Roman'] not found. Falling back to DejaVu Sans.
findfont: Font family 'Nimbus Roman' not found.
findfont: Font family 'Nimbus Roman' not found.
findfont: Font family 'Nimbus Roman' not found.
findfont: Font family 'Nimbus Roman' not found.
findfont: Font family 'Nimbus Roman' not found.
findfont: Font family 'Nimbus Roman' not found.
findfont: Font family 'Nimbus Roman' not found.
findfont: Font family 'Nimbus Roman' not found.
findfont: Font family 'Nimbus Roman' not found.
findfont: Font family 'Nimbus Roman' not found.
findfont: Font family 'Nimbus Roman' not found.
findfont: Font family 'Nimbus Roman' not found.
findfont: Font family 'Nimbus Roman' not found.
findfont: Font family 'Nimbus Roman' not found.
findfont: Font family 'Nimbus Roman' not found.
findfont: Font family 'Nimbus Roman' not found.
findfont: Font family 'Nimbus Roman' not found.
findfont: Font family 'Nimbus Roman' not found.
findfont: Font family 'Nimbus Roman' not found.
findfont: Font family 'Nimbus Roman' not found.
findfont: Font family 'Nimbus Roman' not found.
findfont: Font family 'Nimbus Roman' not found.
findfont: Font family 'Nimbus Roman' not found.
findfont: Font family 'Nimbus Roman' not found.
findfont: Font family 'Nimbus Roman' not found.
findfont: Font family 'Nimbus Roman' not found.
findfont: Font family 'Nimbus Roman' not found.
findfont: Font family 'Nimbus Roman' not found.
findfont: Font family 'Nimbus Roman' not found.
findfont: Font family 'Nimbus Roman' not found.
findfont: Font family 'Nimbus Roman' not found.
findfont: Font family 'Nimbus Roman' not found.
findfont: Font family 'Nimbus Roman' not found.
findfont: Font family 'Nimbus Roman' not found.
findfont: Font family 'Nimbus Roman' not found.
findfont: Font family 'Nimbus Roman' not found.
findfont: Font family 'Nimbus Roman' not found.
findfont: Font family 'Nimbus Roman' not found.
findfont: Font family 'Nimbus Roman' not found.
findfont: Font family 'Nimbus Roman' not found.
findfont: Font family 'Nimbus Roman' not found.
findfont: Font family 'Nimbus Roman' not found.
findfont: Font family 'Nimbus Roman' not found.
findfont: Font family 'Nimbus Roman' not found.
findfont: Font family 'Nimbus Roman' not found.
findfont: Font family 'Nimbus Roman' not found.
findfont: Font family 'Nimbus Roman' not found.
findfont: Font family 'Nimbus Roman' not found.
findfont: Font family 'Nimbus Roman' not found.
findfont: Font family 'Nimbus Roman' not found.
findfont: Font family 'Nimbus Roman' not found.
findfont: Font family 'Nimbus Roman' not found.
findfont: Font family 'Nimbus Roman' not found.
findfont: Font family 'Nimbus Roman' not found.
findfont: Font family 'Nimbus Roman' not found.
findfont: Font family 'Nimbus Roman' not found.
findfont: Font family 'Nimbus Roman' not found.
findfont: Font family 'Nimbus Roman' not found.
findfont: Font family 'Nimbus Roman' not found.
findfont: Font family 'Nimbus Roman' not found.
findfont: Font family 'Nimbus Roman' not found.
findfont: Font family 'Nimbus Roman' not found.
findfont: Font family 'Nimbus Roman' not found.
findfont: Font family 'Nimbus Roman' not found.
findfont: Font family 'Nimbus Roman' not found.
findfont: Font family 'Nimbus Roman' not found.
findfont: Font family 'Nimbus Roman' not found.
findfont: Font family 'Nimbus Roman' not found.
findfont: Font family 'Nimbus Roman' not found.
findfont: Font family 'Nimbus Roman' not found.
findfont: Font family 'Nimbus Roman' not found.
findfont: Font family 'Nimbus Roman' not found.
findfont: Font family 'Nimbus Roman' not found.
findfont: Font family 'Nimbus Roman' not found.
findfont: Font family 'Nimbus Roman' not found.
findfont: Font family 'Nimbus Roman' not found.
findfont: Font family 'Nimbus Roman' not found.
findfont: Font family 'Nimbus Roman' not found.
findfont: Font family 'Nimbus Roman' not found.
findfont: Font family 'Nimbus Roman' not found.
Ridge mode: rkhs; diagnostic interval: 50
Iter 1/4000 | log_obj=9.881e+00 | log_Bellman_root=3.485e+00 | mass=1.85e+04 | neg=0.00e+00 | grad=4.89e+02
Iter 400/4000 | log_obj=5.936e+00 | log_Bellman_root=1.504e+00 | mass=3.58e+02 | neg=0.00e+00 | grad=9.07e+03
Iter 800/4000 | log_obj=4.225e+00 | log_Bellman_root=6.583e-01 | mass=6.47e+01 | neg=0.00e+00 | grad=1.13e+04
Iter 1200/4000 | log_obj=5.019e+00 | log_Bellman_root=1.046e+00 | mass=1.43e+02 | neg=0.00e+00 | grad=5.63e+02
Iter 1600/4000 | log_obj=5.670e+00 | log_Bellman_root=1.376e+00 | mass=2.74e+02 | neg=0.00e+00 | grad=7.23e+03
Iter 2000/4000 | log_obj=5.670e+00 | log_Bellman_root=1.376e+00 | mass=2.74e+02 | neg=0.00e+00 | grad=7.23e+03
Iter 2400/4000 | log_obj=5.670e+00 | log_Bellman_root=1.376e+00 | mass=2.74e+02 | neg=0.00e+00 | grad=7.23e+03
Iter 2800/4000 | log_obj=5.670e+00 | log_Bellman_root=1.376e+00 | mass=2.74e+02 | neg=0.00e+00 | grad=7.23e+03
Iter 3200/4000 | log_obj=5.670e+00 | log_Bellman_root=1.376e+00 | mass=2.74e+02 | neg=0.00e+00 | grad=7.23e+03
Iter 3600/4000 | log_obj=5.671e+00 | log_Bellman_root=1.376e+00 | mass=2.75e+02 | neg=0.00e+00 | grad=7.23e+03
Iter 4000/4000 | log_obj=5.671e+00 | log_Bellman_root=1.376e+00 | mass=2.75e+02 | neg=0.00e+00 | grad=7.23e+03
Returning best diagnostic checkpoint from step 3950 (objective=1.350e+01, Bellman=7.245e-01).
Done in 15.17s.
KE-DRL global estimation is done.
B_hat shape: (3084, 800)
B_hat rank diagnostics: {'B_num_rows': 3084, 'B_num_cols': 800, 'B_min_dim': 800, 'B_numerical_rank': 800, 'B_rank_fraction': 1.0, 'B_rank_tolerance': 4.481866169925297e-05, 'B_stable_rank': 166.85980224609375, 'B_effective_rank': 771.3144092949208, 'B_entropy_rank': 6.648096084594727, 'B_spectral_norm': 0.12190861999988556, 'B_frobenius_norm': 1.5747450590133667, 'B_nuclear_norm': 43.006874084472656, 'B_condition_number': 4.4050931986540505, 'B_condition_number_tol': 4.4050931986540505, 'B_smallest_singular_value': 0.027674470096826553, 'B_rank_rel_1em2': 800, 'B_rank_rel_1em3': 800, 'B_rank_rel_1em4': 800}
Global-loss target mass diagnostics: {'target_mass_mean': -2.3358075618743896, 'target_mass_min': -4.797686576843262, 'target_mass_max': 0.7330455183982849, 'target_mass_sd': 1.2898062467575073, 'target_mass_rmse_to_target': 3.5741541385650635, 'target_beta_min': -0.06406749039888382, 'target_beta_max': 0.07095850259065628, 'target_neg_frac_mean': 0.5848875}
Return dictionary Z_grid shape: (800, 3)
Replicate 7 risk metrics: {'risk_n_steps_recorded': 81.0, 'risk_n_diagnostics_recorded': 81.0, 'risk_log_obj_initial': 9.881272298445069, 'risk_log_obj_final': 5.670615390195046, 'risk_log_obj_min': 2.6026268822525056, 'risk_obj_initial': 19560.593750000007, 'risk_obj_final': 290.2130737304688, 'risk_obj_min': 13.499152183532713, 'risk_log_obj_drop': 4.210656908250023, 'risk_log_bellman_root_initial': 3.4851203733646736, 'risk_log_bellman_root_final': 1.3758838134804348, 'risk_log_bellman_root_min': -0.16112036283964232, 'risk_bellman_root_initial': 32.6263542175293, 'risk_bellman_root_final': 3.9585738182067867, 'risk_bellman_root_min': 0.8511896133422852, 'risk_bellman_initial': 1064.478989527692, 'risk_bellman_final': 15.67030667419226, 'risk_bellman_min': 0.7245237578617889, 'risk_log_bellman_root_drop': 2.1092365598842386, 'risk_bellman_returned': 0.7245237827301025, 'risk_obj_returned': 13.499152183532715, 'risk_returned_step': 3950.0, 'offline_data_id': 7, 'benchmark_point_source': 'fixed_config_plus_support_safe_target_policy_draws', 'target_set_size': 100, 'lambda_reg': 0.005, 'lambda_B': 2e-05, 'num_steps': 4000, 'transition_reduction_enabled': 1, 'transition_reduction_method': 'kmeans', 'transition_original_rows': 12000, 'transition_reduced_rows': 3084, 'transition_compression_ratio': 0.257, 'target_mass_mean': -2.3358075618743896, 'target_mass_min': -4.797686576843262, 'target_mass_max': 0.7330455183982849, 'target_mass_sd': 1.2898062467575073, 'target_mass_rmse_to_target': 3.5741541385650635, 'target_beta_min': -0.06406749039888382, 'target_beta_max': 0.07095850259065628, 'target_neg_frac_mean': 0.5848875, 'B_num_rows': 3084, 'B_num_cols': 800, 'B_min_dim': 800, 'B_numerical_rank': 800, 'B_rank_fraction': 1.0, 'B_rank_tolerance': 4.481866169925297e-05, 'B_stable_rank': 166.85980224609375, 'B_effective_rank': 771.3144092949208, 'B_entropy_rank': 6.648096084594727, 'B_spectral_norm': 0.12190861999988556, 'B_frobenius_norm': 1.5747450590133667, 'B_nuclear_norm': 43.006874084472656, 'B_condition_number': 4.4050931986540505, 'B_condition_number_tol': 4.4050931986540505, 'B_smallest_singular_value': 0.027674470096826553, 'B_rank_rel_1em2': 800, 'B_rank_rel_1em3': 800, 'B_rank_rel_1em4': 800, 'risk_objective_final_raw': 290.21307373046875, 'risk_objective_min_raw': 13.499152183532715, 'risk_objective_max_raw': 19560.59375, 'risk_bellman_final_raw': 15.670307159423828, 'risk_bellman_min_raw': 0.7245237827301025, 'risk_bellman_max_raw': 1064.47900390625, 'risk_rkhs_ridge_final_raw': 8.808839629637077e-05, 'risk_rkhs_ridge_min_raw': 5.036251968704164e-05, 'risk_rkhs_ridge_max_raw': 0.002305508591234684, 'risk_mass_final_raw': 274.54266357421875, 'risk_mass_min_raw': 12.774577140808105, 'risk_mass_max_raw': 18496.11328125, 'risk_negativity_final_raw': 0.0, 'risk_negativity_min_raw': 0.0, 'risk_negativity_max_raw': 0.0, 'risk_B_norm_final_raw': 1.5761656761169434, 'risk_B_norm_min_raw': 1.5713040828704834, 'risk_B_norm_max_raw': 1.6401234865188599, 'risk_diagnostic_step_final_raw': 4000.0, 'risk_diagnostic_step_min_raw': 1.0, 'risk_diagnostic_step_max_raw': 4000.0, 'risk_best_step_final_raw': 3950.0, 'risk_best_step_min_raw': 3950.0, 'risk_best_step_max_raw': 3950.0, 'risk_best_objective_final_raw': 13.499152183532715, 'risk_best_objective_min_raw': 13.499152183532715, 'risk_best_objective_max_raw': 13.499152183532715, 'risk_best_bellman_final_raw': 0.7245237827301025, 'risk_best_bellman_min_raw': 0.7245237827301025, 'risk_best_bellman_max_raw': 0.7245237827301025, 'risk_returned_step_final_raw': 3950.0, 'risk_returned_step_min_raw': 3950.0, 'risk_returned_step_max_raw': 3950.0, 'risk_returned_objective_final_raw': 13.499152183532715, 'risk_returned_objective_min_raw': 13.499152183532715, 'risk_returned_objective_max_raw': 13.499152183532715, 'risk_returned_bellman_final_raw': 0.7245237827301025, 'risk_returned_bellman_min_raw': 0.7245237827301025, 'risk_returned_bellman_max_raw': 0.7245237827301025, 'risk_returned_best_checkpoint_final_raw': 1.0, 'risk_returned_best_checkpoint_min_raw': 1.0, 'risk_returned_best_checkpoint_max_raw': 1.0}
Benchmark 0 evaluation grid shape: (800, 3)
Replicate 7, benchmark 0 metrics: {'run_id': '7_b0', 'RMSE': 0.6933038919698935, 'MAE': 0.6152433825392655, 'SupNorm': 1.384764403104782, 'Bias': -0.6152433825392655, 'Corr': -0.31840778974721273, 'deming_slope': -8.150743163944039, 'deming_intercept': 1.784258054183694, 'beta_sum': -1.6352449655532837, 'beta_l1': 6.596963882446289, 'beta_l2': 0.2880079448223114, 'beta_min': -0.03761269152164459, 'beta_max': 0.025737950578331947, 'beta_neg_frac': 0.59125, 'offline_data_id': 7, 'benchmark_id': 0, 'benchmark_point_source': 'fixed_config', 'target_set_size': 100, 'benchmark_z_path': 'data/Z_true.pt', 'projected_bellman_test_risk': 0.03442041575908661, 'oracle_embedding_risk': 3.0858335494995117, 'benchmark_embedding_risk': 3.0858335494995117, 'risk_bellman_final': 15.67030667419226, 'risk_obj_final': 290.2130737304688, 'B_num_rows': 3084, 'B_num_cols': 800, 'B_min_dim': 800, 'B_numerical_rank': 800, 'B_rank_fraction': 1.0, 'B_rank_tolerance': 4.481866169925297e-05, 'B_stable_rank': 166.85980224609375, 'B_effective_rank': 771.3144092949208, 'B_entropy_rank': 6.648096084594727, 'B_spectral_norm': 0.12190861999988556, 'B_frobenius_norm': 1.5747450590133667, 'B_nuclear_norm': 43.006874084472656, 'B_condition_number': 4.4050931986540505, 'B_condition_number_tol': 4.4050931986540505, 'B_smallest_singular_value': 0.027674470096826553, 'B_rank_rel_1em2': 800, 'B_rank_rel_1em3': 800, 'B_rank_rel_1em4': 800}
Saved ./mu/mu_hat.csv shape=(800,)
Saved ./mu/mu2D_hat_dims01.csv shape=(120, 120)
Saved ./mu/mu2D_hat_dims01.csv shape=(120, 120)
Saved plots/replicate_7/mu_3D.png
Benchmark 1 evaluation grid shape: (800, 3)
Replicate 7, benchmark 1 metrics: {'run_id': '7_b1', 'RMSE': 1.9833860704804491, 'MAE': 1.8300156082687318, 'SupNorm': 3.287801206111908, 'Bias': -1.8300156082687318, 'Corr': -0.9928271564701016, 'deming_slope': -7.040365817684845, 'deming_intercept': 0.26477531407072274, 'beta_sum': -5.083539962768555, 'beta_l1': 13.221487045288086, 'beta_l2': 0.5791009068489075, 'beta_min': -0.06811273097991943, 'beta_max': 0.05498456209897995, 'beta_neg_frac': 0.62875, 'offline_data_id': 7, 'benchmark_id': 1, 'benchmark_point_source': 'fixed_config', 'target_set_size': 100, 'benchmark_z_path': 'data/Z_true.pt', 'projected_bellman_test_risk': 1.4125266075134277, 'oracle_embedding_risk': 13.993993759155273, 'benchmark_embedding_risk': 13.993993759155273, 'risk_bellman_final': 15.67030667419226, 'risk_obj_final': 290.2130737304688, 'B_num_rows': 3084, 'B_num_cols': 800, 'B_min_dim': 800, 'B_numerical_rank': 800, 'B_rank_fraction': 1.0, 'B_rank_tolerance': 4.481866169925297e-05, 'B_stable_rank': 166.85980224609375, 'B_effective_rank': 771.3144092949208, 'B_entropy_rank': 6.648096084594727, 'B_spectral_norm': 0.12190861999988556, 'B_frobenius_norm': 1.5747450590133667, 'B_nuclear_norm': 43.006874084472656, 'B_condition_number': 4.4050931986540505, 'B_condition_number_tol': 4.4050931986540505, 'B_smallest_singular_value': 0.027674470096826553, 'B_rank_rel_1em2': 800, 'B_rank_rel_1em3': 800, 'B_rank_rel_1em4': 800}
Benchmark 2 evaluation grid shape: (800, 3)
Replicate 7, benchmark 2 metrics: {'run_id': '7_b2', 'RMSE': 1.8774698249845794, 'MAE': 1.733860356991936, 'SupNorm': 3.115396410226822, 'Bias': -1.733860356991936, 'Corr': -0.9091097291257035, 'deming_slope': -7.495548085883523, 'deming_intercept': 0.5432318546028139, 'beta_sum': -4.717589378356934, 'beta_l1': 12.865241050720215, 'beta_l2': 0.5635619759559631, 'beta_min': -0.06990408897399902, 'beta_max': 0.05536814033985138, 'beta_neg_frac': 0.62375, 'offline_data_id': 7, 'benchmark_id': 2, 'benchmark_point_source': 'fixed_config', 'target_set_size': 100, 'benchmark_z_path': 'data/Z_true.pt', 'projected_bellman_test_risk': 1.0164294242858887, 'oracle_embedding_risk': 12.556965827941895, 'benchmark_embedding_risk': 12.556965827941895, 'risk_bellman_final': 15.67030667419226, 'risk_obj_final': 290.2130737304688, 'B_num_rows': 3084, 'B_num_cols': 800, 'B_min_dim': 800, 'B_numerical_rank': 800, 'B_rank_fraction': 1.0, 'B_rank_tolerance': 4.481866169925297e-05, 'B_stable_rank': 166.85980224609375, 'B_effective_rank': 771.3144092949208, 'B_entropy_rank': 6.648096084594727, 'B_spectral_norm': 0.12190861999988556, 'B_frobenius_norm': 1.5747450590133667, 'B_nuclear_norm': 43.006874084472656, 'B_condition_number': 4.4050931986540505, 'B_condition_number_tol': 4.4050931986540505, 'B_smallest_singular_value': 0.027674470096826553, 'B_rank_rel_1em2': 800, 'B_rank_rel_1em3': 800, 'B_rank_rel_1em4': 800}
Benchmark 3 evaluation grid shape: (800, 3)
Replicate 7, benchmark 3 metrics: {'run_id': '7_b3', 'RMSE': 1.8342815051768608, 'MAE': 1.6809275794215501, 'SupNorm': 3.087098240852356, 'Bias': -1.6809275794215501, 'Corr': -0.9324091056529338, 'deming_slope': -7.237433909432207, 'deming_intercept': 0.45462753047749294, 'beta_sum': -4.736085891723633, 'beta_l1': 12.486336708068848, 'beta_l2': 0.548840343952179, 'beta_min': -0.06519943475723267, 'beta_max': 0.051193661987781525, 'beta_neg_frac': 0.61875, 'offline_data_id': 7, 'benchmark_id': 3, 'benchmark_point_source': 'fixed_config', 'target_set_size': 100, 'benchmark_z_path': 'data/Z_true.pt', 'projected_bellman_test_risk': 1.0123697519302368, 'oracle_embedding_risk': 12.54198932647705, 'benchmark_embedding_risk': 12.54198932647705, 'risk_bellman_final': 15.67030667419226, 'risk_obj_final': 290.2130737304688, 'B_num_rows': 3084, 'B_num_cols': 800, 'B_min_dim': 800, 'B_numerical_rank': 800, 'B_rank_fraction': 1.0, 'B_rank_tolerance': 4.481866169925297e-05, 'B_stable_rank': 166.85980224609375, 'B_effective_rank': 771.3144092949208, 'B_entropy_rank': 6.648096084594727, 'B_spectral_norm': 0.12190861999988556, 'B_frobenius_norm': 1.5747450590133667, 'B_nuclear_norm': 43.006874084472656, 'B_condition_number': 4.4050931986540505, 'B_condition_number_tol': 4.4050931986540505, 'B_smallest_singular_value': 0.027674470096826553, 'B_rank_rel_1em2': 800, 'B_rank_rel_1em3': 800, 'B_rank_rel_1em4': 800}
Benchmark 4 evaluation grid shape: (800, 3)
Replicate 7, benchmark 4 metrics: {'run_id': '7_b4', 'RMSE': 0.35556320485122367, 'MAE': 0.3098534634846874, 'SupNorm': 0.8782891035079956, 'Bias': -0.3098534634846874, 'Corr': 0.2589598033547979, 'deming_slope': 5.164172981633466, 'deming_intercept': -1.4200414838154665, 'beta_sum': -0.8786789774894714, 'beta_l1': 6.141278266906738, 'beta_l2': 0.27547013759613037, 'beta_min': -0.03137315809726715, 'beta_max': 0.04367098957300186, 'beta_neg_frac': 0.5525, 'offline_data_id': 7, 'benchmark_id': 4, 'benchmark_point_source': 'support_safe_target_policy_draw', 'target_set_size': 100, 'benchmark_z_path': 'data/Z_true.pt', 'projected_bellman_test_risk': 0.04496980458498001, 'oracle_embedding_risk': 1.8108307123184204, 'benchmark_embedding_risk': 1.8108307123184204, 'risk_bellman_final': 15.67030667419226, 'risk_obj_final': 290.2130737304688, 'B_num_rows': 3084, 'B_num_cols': 800, 'B_min_dim': 800, 'B_numerical_rank': 800, 'B_rank_fraction': 1.0, 'B_rank_tolerance': 4.481866169925297e-05, 'B_stable_rank': 166.85980224609375, 'B_effective_rank': 771.3144092949208, 'B_entropy_rank': 6.648096084594727, 'B_spectral_norm': 0.12190861999988556, 'B_frobenius_norm': 1.5747450590133667, 'B_nuclear_norm': 43.006874084472656, 'B_condition_number': 4.4050931986540505, 'B_condition_number_tol': 4.4050931986540505, 'B_smallest_singular_value': 0.027674470096826553, 'B_rank_rel_1em2': 800, 'B_rank_rel_1em3': 800, 'B_rank_rel_1em4': 800}
Benchmark 5 evaluation grid shape: (800, 3)
Replicate 7, benchmark 5 metrics: {'run_id': '7_b5', 'RMSE': 0.23681827286258855, 'MAE': 0.2197197266402236, 'SupNorm': 0.382054403424263, 'Bias': -0.21936585926353472, 'Corr': 0.29565171914958177, 'deming_slope': 0.0726611074886368, 'deming_intercept': 0.018945959188670335, 'beta_sum': 0.3720851242542267, 'beta_l1': 0.8699464797973633, 'beta_l2': 0.04224598407745361, 'beta_min': -0.0036505868192762136, 'beta_max': 0.008212530985474586, 'beta_neg_frac': 0.3975, 'offline_data_id': 7, 'benchmark_id': 5, 'benchmark_point_source': 'support_safe_target_policy_draw', 'target_set_size': 100, 'benchmark_z_path': 'data/Z_true.pt', 'projected_bellman_test_risk': 0.061260975897312164, 'oracle_embedding_risk': 0.9455353021621704, 'benchmark_embedding_risk': 0.9455353021621704, 'risk_bellman_final': 15.67030667419226, 'risk_obj_final': 290.2130737304688, 'B_num_rows': 3084, 'B_num_cols': 800, 'B_min_dim': 800, 'B_numerical_rank': 800, 'B_rank_fraction': 1.0, 'B_rank_tolerance': 4.481866169925297e-05, 'B_stable_rank': 166.85980224609375, 'B_effective_rank': 771.3144092949208, 'B_entropy_rank': 6.648096084594727, 'B_spectral_norm': 0.12190861999988556, 'B_frobenius_norm': 1.5747450590133667, 'B_nuclear_norm': 43.006874084472656, 'B_condition_number': 4.4050931986540505, 'B_condition_number_tol': 4.4050931986540505, 'B_smallest_singular_value': 0.027674470096826553, 'B_rank_rel_1em2': 800, 'B_rank_rel_1em3': 800, 'B_rank_rel_1em4': 800}
Benchmark 6 evaluation grid shape: (800, 3)
Replicate 7, benchmark 6 metrics: {'run_id': '7_b6', 'RMSE': 1.0420496424200256, 'MAE': 0.9315788788923237, 'SupNorm': 1.9402081966400146, 'Bias': -0.9315788788923237, 'Corr': -0.5729305401318685, 'deming_slope': -7.150015998644836, 'deming_intercept': 1.2199535343571237, 'beta_sum': -2.5252718925476074, 'beta_l1': 8.607255935668945, 'beta_l2': 0.3731214106082916, 'beta_min': -0.0444449782371521, 'beta_max': 0.034368325024843216, 'beta_neg_frac': 0.5975, 'offline_data_id': 7, 'benchmark_id': 6, 'benchmark_point_source': 'support_safe_target_policy_draw', 'target_set_size': 100, 'benchmark_z_path': 'data/Z_true.pt', 'projected_bellman_test_risk': 0.010531928390264511, 'oracle_embedding_risk': 5.263411521911621, 'benchmark_embedding_risk': 5.263411521911621, 'risk_bellman_final': 15.67030667419226, 'risk_obj_final': 290.2130737304688, 'B_num_rows': 3084, 'B_num_cols': 800, 'B_min_dim': 800, 'B_numerical_rank': 800, 'B_rank_fraction': 1.0, 'B_rank_tolerance': 4.481866169925297e-05, 'B_stable_rank': 166.85980224609375, 'B_effective_rank': 771.3144092949208, 'B_entropy_rank': 6.648096084594727, 'B_spectral_norm': 0.12190861999988556, 'B_frobenius_norm': 1.5747450590133667, 'B_nuclear_norm': 43.006874084472656, 'B_condition_number': 4.4050931986540505, 'B_condition_number_tol': 4.4050931986540505, 'B_smallest_singular_value': 0.027674470096826553, 'B_rank_rel_1em2': 800, 'B_rank_rel_1em3': 800, 'B_rank_rel_1em4': 800}
Benchmark 7 evaluation grid shape: (800, 3)
Replicate 7, benchmark 7 metrics: {'run_id': '7_b7', 'RMSE': 0.9824258364193013, 'MAE': 0.8615379600791493, 'SupNorm': 1.9506642818450928, 'Bias': -0.8615379600791493, 'Corr': -0.41002174867924757, 'deming_slope': -10.719351304755333, 'deming_intercept': 2.2028988608624136, 'beta_sum': -2.7564139366149902, 'beta_l1': 9.290765762329102, 'beta_l2': 0.41010573506355286, 'beta_min': -0.047942131757736206, 'beta_max': 0.04153863340616226, 'beta_neg_frac': 0.5925, 'offline_data_id': 7, 'benchmark_id': 7, 'benchmark_point_source': 'support_safe_target_policy_draw', 'target_set_size': 100, 'benchmark_z_path': 'data/Z_true.pt', 'projected_bellman_test_risk': 0.19238939881324768, 'oracle_embedding_risk': 5.5659637451171875, 'benchmark_embedding_risk': 5.5659637451171875, 'risk_bellman_final': 15.67030667419226, 'risk_obj_final': 290.2130737304688, 'B_num_rows': 3084, 'B_num_cols': 800, 'B_min_dim': 800, 'B_numerical_rank': 800, 'B_rank_fraction': 1.0, 'B_rank_tolerance': 4.481866169925297e-05, 'B_stable_rank': 166.85980224609375, 'B_effective_rank': 771.3144092949208, 'B_entropy_rank': 6.648096084594727, 'B_spectral_norm': 0.12190861999988556, 'B_frobenius_norm': 1.5747450590133667, 'B_nuclear_norm': 43.006874084472656, 'B_condition_number': 4.4050931986540505, 'B_condition_number_tol': 4.4050931986540505, 'B_smallest_singular_value': 0.027674470096826553, 'B_rank_rel_1em2': 800, 'B_rank_rel_1em3': 800, 'B_rank_rel_1em4': 800}
Benchmark 8 evaluation grid shape: (800, 3)
Replicate 7, benchmark 8 metrics: {'run_id': '7_b8', 'RMSE': 0.45781920249349084, 'MAE': 0.4131207047886346, 'SupNorm': 0.8661386966705322, 'Bias': -0.4131207047886346, 'Corr': -0.3495031174553356, 'deming_slope': -2.5547390904580816, 'deming_intercept': 0.5128681469975268, 'beta_sum': -0.6615482568740845, 'beta_l1': 4.3452301025390625, 'beta_l2': 0.19220058619976044, 'beta_min': -0.024695221334695816, 'beta_max': 0.018010850995779037, 'beta_neg_frac': 0.5525, 'offline_data_id': 7, 'benchmark_id': 8, 'benchmark_point_source': 'support_safe_target_policy_draw', 'target_set_size': 100, 'benchmark_z_path': 'data/Z_true.pt', 'projected_bellman_test_risk': 0.4172724187374115, 'oracle_embedding_risk': 1.664650559425354, 'benchmark_embedding_risk': 1.664650559425354, 'risk_bellman_final': 15.67030667419226, 'risk_obj_final': 290.2130737304688, 'B_num_rows': 3084, 'B_num_cols': 800, 'B_min_dim': 800, 'B_numerical_rank': 800, 'B_rank_fraction': 1.0, 'B_rank_tolerance': 4.481866169925297e-05, 'B_stable_rank': 166.85980224609375, 'B_effective_rank': 771.3144092949208, 'B_entropy_rank': 6.648096084594727, 'B_spectral_norm': 0.12190861999988556, 'B_frobenius_norm': 1.5747450590133667, 'B_nuclear_norm': 43.006874084472656, 'B_condition_number': 4.4050931986540505, 'B_condition_number_tol': 4.4050931986540505, 'B_smallest_singular_value': 0.027674470096826553, 'B_rank_rel_1em2': 800, 'B_rank_rel_1em3': 800, 'B_rank_rel_1em4': 800}
Benchmark 9 evaluation grid shape: (800, 3)
Replicate 7, benchmark 9 metrics: {'run_id': '7_b9', 'RMSE': 1.0538817217041296, 'MAE': 0.9313064969819971, 'SupNorm': 1.9598918557167053, 'Bias': -0.9313064969819971, 'Corr': -0.5171496271919913, 'deming_slope': -8.551205875887414, 'deming_intercept': 1.607071625841329, 'beta_sum': -2.612637519836426, 'beta_l1': 8.65073013305664, 'beta_l2': 0.3855433762073517, 'beta_min': -0.04347275197505951, 'beta_max': 0.03507370874285698, 'beta_neg_frac': 0.59125, 'offline_data_id': 7, 'benchmark_id': 9, 'benchmark_point_source': 'support_safe_target_policy_draw', 'target_set_size': 100, 'benchmark_z_path': 'data/Z_true.pt', 'projected_bellman_test_risk': 0.023830436170101166, 'oracle_embedding_risk': 5.487887382507324, 'benchmark_embedding_risk': 5.487887382507324, 'risk_bellman_final': 15.67030667419226, 'risk_obj_final': 290.2130737304688, 'B_num_rows': 3084, 'B_num_cols': 800, 'B_min_dim': 800, 'B_numerical_rank': 800, 'B_rank_fraction': 1.0, 'B_rank_tolerance': 4.481866169925297e-05, 'B_stable_rank': 166.85980224609375, 'B_effective_rank': 771.3144092949208, 'B_entropy_rank': 6.648096084594727, 'B_spectral_norm': 0.12190861999988556, 'B_frobenius_norm': 1.5747450590133667, 'B_nuclear_norm': 43.006874084472656, 'B_condition_number': 4.4050931986540505, 'B_condition_number_tol': 4.4050931986540505, 'B_smallest_singular_value': 0.027674470096826553, 'B_rank_rel_1em2': 800, 'B_rank_rel_1em3': 800, 'B_rank_rel_1em4': 800}
Replicate 7 finished in 25.7s
Finished combo 2, offline replicate 7.
