Job ID:    2358908
Array idx: 131
CPUs/node: 64
Mem/node:  131072
Using CC = cc 
Using CXX = CC 
Using FC = ftn 
Using F77 = ftn 
Using F90 = ftn 
cuda/12.6.1 is deprecated; loading cudatoolkit/25.5_12.9 instead.
Using CC = /opt/nvidia/hpc_sdk/Linux_aarch64/25.5/compilers/bin/nvc 
Using CXX = /opt/nvidia/hpc_sdk/Linux_aarch64/25.5/compilers/bin/nvc++ 
Using FC = /opt/nvidia/hpc_sdk/Linux_aarch64/25.5/compilers/bin/nvfortran 
Using F77 = /opt/nvidia/hpc_sdk/Linux_aarch64/25.5/compilers/bin/nvfortran 
Using F90 = /opt/nvidia/hpc_sdk/Linux_aarch64/25.5/compilers/bin/nvfortran 
Using CC = /opt/nvidia/hpc_sdk/Linux_aarch64/25.5/compilers/bin/nvc 
Using CXX = /opt/nvidia/hpc_sdk/Linux_aarch64/25.5/compilers/bin/nvc++ 
Using FC = /opt/nvidia/hpc_sdk/Linux_aarch64/25.5/compilers/bin/nvfortran 
Using F77 = /opt/nvidia/hpc_sdk/Linux_aarch64/25.5/compilers/bin/nvfortran 
Using F90 = /opt/nvidia/hpc_sdk/Linux_aarch64/25.5/compilers/bin/nvfortran 

Lmod is automatically replacing "gcc-native/14" with "gcc/14.2.0".

ghx4
0
Tuning combo id: 1 / 6
Offline replicate id: 31 / 99
Installing ke_drl from git: https://github.com/mehrdadmhmdi/ke-drl.git@main
Collecting git+https://github.com/mehrdadmhmdi/ke-drl.git@main
  Cloning https://github.com/mehrdadmhmdi/ke-drl.git (to revision main) to /tmp/pip-req-build-m30bk51c
  Running command git clone --filter=blob:none --quiet https://github.com/mehrdadmhmdi/ke-drl.git /tmp/pip-req-build-m30bk51c
  Resolved https://github.com/mehrdadmhmdi/ke-drl.git to commit 3c5d570e40ea15b1fbe4817b5f43b64c7b333e82
  Installing build dependencies: started
  Installing build dependencies: finished with status 'done'
  Getting requirements to build wheel: started
  Getting requirements to build wheel: finished with status 'done'
  Preparing metadata (pyproject.toml): started
  Preparing metadata (pyproject.toml): finished with status 'done'
Building wheels for collected packages: ke_drl
  Building wheel for ke_drl (pyproject.toml): started
  Building wheel for ke_drl (pyproject.toml): finished with status 'done'
  Created wheel for ke_drl: filename=ke_drl-0.1.0-py3-none-any.whl size=47219 sha256=6f73197f22760d7839d2fab9b71ec31868b425eb5af98e2aa24af220a719ae6b
  Stored in directory: /tmp/pip-ephem-wheel-cache-64b0tc95/wheels/24/47/ad/9a4ffd3b05d3e90e35ffc6e7324b735b8bfcf5f51aaf29a333
Successfully built ke_drl
Installing collected packages: ke_drl
Successfully installed ke_drl-0.1.0
Installed ke_drl source: /work/nvme/bfez/mehrdad3/DistRL/simulation_3/runs/sim3_global_2358722_1/.kedrl_site_131/ke_drl/__init__.py
Tuning combo 1: lambda_B_0.002
Overrides: {'lambda_B': 0.002}
RUN: /sw/user/python/miniforge3-pytorch-24.11.3/bin/python3 validate_sim_config.py --params params.yaml
ke_drl import source: /work/nvme/bfez/mehrdad3/DistRL/simulation_3/runs/sim3_global_2358722_1/.kedrl_site_131/ke_drl/__init__.py
ke_drl package API OK: prediction weights, RFF operators, rank diagnostics, and best-checkpoint optimizer available
Policy config OK: behavior=uniform, target=logistic, state_dim=5, action_dim=1
Note: policy.logistic.theta_scale/theta_std are log-scale coefficients in Probability_Densities.
Behavior-policy linearized state-process diagnostic: spectral_radius=0.653, offline_burn_in=50
Replicate config OK: num_replicates=100, benchmark points=10 independent of D_i, loss target points=100
Transition reduction OK: method=kmeans, raw rows N(T-1)=12000, target rows about 3000, B rows reduced from 12000 to about 3000
Return-operator approximation OK: method=rff, features=512, exact G avoided for estimated N=12000, m=800, L=100
Fixed benchmark config rows=4 (benchmark.num_points=10; additional points are support-safe target-policy draws if needed)
Fixed benchmark point 0: s_star=[0.6, -0.8, 0.7, -0.5, 0.9], a_star=[0.5]
Fixed benchmark behavior-support interval for configured rows: min_lower=-0.12, max_upper=1.11
Fixed benchmark target-policy location range: [-0.02, 0.14]
Reusing shared data from /work/nvme/bfez/mehrdad3/DistRL/simulation_3/runs/sim3_shared_data/data for offline replicate 31.
RUN: /sw/user/python/miniforge3-pytorch-24.11.3/bin/python3 validate_sim_config.py --params params.yaml --data data/offline_data_31.pt
ke_drl import source: /work/nvme/bfez/mehrdad3/DistRL/simulation_3/runs/sim3_global_2358722_1/.kedrl_site_131/ke_drl/__init__.py
ke_drl package API OK: prediction weights, RFF operators, rank diagnostics, and best-checkpoint optimizer available
Policy config OK: behavior=uniform, target=logistic, state_dim=5, action_dim=1
Note: policy.logistic.theta_scale/theta_std are log-scale coefficients in Probability_Densities.
Behavior-policy linearized state-process diagnostic: spectral_radius=0.653, offline_burn_in=50
Replicate config OK: num_replicates=100, benchmark points=10 independent of D_i, loss target points=100
Transition reduction OK: method=kmeans, raw rows N(T-1)=12000, target rows about 3000, B rows reduced from 12000 to about 3000
Return-operator approximation OK: method=rff, features=512, exact G avoided for estimated N=12000, m=800, L=100
Fixed benchmark config rows=4 (benchmark.num_points=10; additional points are support-safe target-policy draws if needed)
Fixed benchmark point 0: s_star=[0.6, -0.8, 0.7, -0.5, 0.9], a_star=[0.5]
Fixed benchmark behavior-support interval for configured rows: min_lower=-0.12, max_upper=1.11
Fixed benchmark target-policy location range: [-0.02, 0.14]
Full benchmark support check OK: 10 points, min_lower=-2.177, max_upper=2.05
observed behavior actions: mean=0.4054, sd=0.6784, q0/q10/q50/q90/q100=[-2.0136020183563232, -0.41156204640865324, 0.3493739068508148, 1.3246073007583619, 3.5442469120025635]
target-policy sampled actions: mean=-0.02607, sd=0.6744, q0/q10/q50/q90/q100=[-2.7780550730315454, -0.8864122891972132, -0.017614194525469404, 0.827882213935091, 3.042374649548855]
behavior uniform lower: mean=-0.1271, sd=0.6684, q0/q10/q50/q90/q100=[-2.9027692079544067, -0.9824732917547226, -0.11577503625303506, 0.7150072400271894, 2.938991230726242]
behavior uniform upper: mean=0.9284, sd=0.6466, q0/q10/q50/q90/q100=[-0.9459594786167145, 0.08172636121511465, 0.9367322787642478, 1.7553910887241364, 3.938991230726242]
target location inside behavior uniform support: 0.970
RUN: /sw/user/python/miniforge3-pytorch-24.11.3/bin/python3 main_est.py
# ================================================================ #
#   Global KE-DRL estimation for one offline replicate              #
# ================================================================ #
Slurm Job ID: 2358908
Slurm Array ID: 31 -- used as the offline-replicate id
Offline data id: 31
ke_drl import source: /work/nvme/bfez/mehrdad3/DistRL/simulation_3/runs/sim3_global_2358722_1/.kedrl_site_131/ke_drl/__init__.py
Estimator device: cuda (NVIDIA GH200 120GB, capability 9.0); torch CUDA=13.0
Random seed: 20460543
Number of offline replicates: 100
[transition reduction] enabled: original rows=12000, target basis=3000, method=kmeans, device=cuda
[transition reduction] kmeans iter 1/20, mean center shift=2.6883e-01
[transition reduction] kmeans iter 5/20, mean center shift=4.0955e-03
[transition reduction] kmeans iter 10/20, mean center shift=5.2924e-08
[transition reduction] selected 3077 rows from 12000 transitions (ratio 0.2564); indices saved to data/reduced_transition_indices_31.pt
Data and parameters loaded.
offline path: data/offline_data_31.pt
benchmark true-Z path: data/Z_true.pt
offline shapes after reduction: s0=(3077, 5), a0=(3077, 1), r0=(3077, 3)
transition reduction: {'enabled': True, 'method': 'kmeans', 'original_rows': 12000, 'reduced_rows': 3077, 'selected_indices_path': 'data/reduced_transition_indices_31.pt', 'target_basis': 3000, 'compression_ratio': 0.2564166666666667}
fixed benchmark point source: fixed_config_plus_support_safe_target_policy_draws
benchmark row excluded from this offline data: None
global loss target set shape: s_star=(100, 5), a_star=(100, 1)
benchmark true-Z count=10, shape each=(50000, 3)
target policy: logistic
behavior policy: uniform
lambda_Gamma=0.005, lambda_B=0.002, d_r_method=song
dtype=torch.float32, operator_method=rff, operator_num_features=512
ridge_mode=rkhs, diagnostic_interval=50
mass_anchor_lambda=1.0, target_mass=1.0
uLSIF basis: source=numerator, n_basis=512, lambda_reg=0.005
optimizer stabilizers: lambda_neg=0.0, max_B_norm=None, eta_clip_min=0.0, eta_clip_max=5.0, normalize_eta=True
========================================
Estimating the global KE-DRL mean embedding
torch device=cuda, dtype=torch.float32
Data dims: N=3077, L=100, Ds=5, Da=1, Dr=3
lambda_Gamma=0.005, lambda_B=0.002
return-operator construction: method=rff, rff_features=512
[uLSIF] basis=512/3077 (numerator); eta_hat min=-7.980e-01 max=5.913e+00 neg%=3.74
ESS for eta_plus: 2092.1 / 3077
eta_plus diagnostics: raw_mean=1, raw_min=-0.798, raw_max=5.91; used_mean=1, used_min=0, used_max=4.94
[timing] Z-grid: 0.03s
[timing] K_X: 0.00s
[timing] K_plus: 0.00s
[timing] k_star: 0.00s
[timing] Gamma_stack: 0.01s
[timing] Phi_stack: 0.00s
[timing] RFF feature sample: 0.00s
[timing] K_Z RFF: 0.00s
[timing] G_stack RFF: 0.01s
[timing] H_stack RFF: 0.01s
findfont: Font family 'Nimbus Roman' not found.
findfont: Font family 'Nimbus Roman' not found.
findfont: Font family 'Nimbus Roman' not found.
findfont: Font family 'Nimbus Roman' not found.
findfont: Font family 'Nimbus Roman' not found.
findfont: Font family 'Nimbus Roman' not found.
findfont: Font family 'Nimbus Roman' not found.
findfont: Font family 'Nimbus Roman' not found.
findfont: Font family 'Nimbus Roman' not found.
findfont: Font family 'Nimbus Roman' not found.
findfont: Font family 'Nimbus Roman' not found.
findfont: Font family 'Nimbus Roman' not found.
findfont: Font family 'Nimbus Roman' not found.
findfont: Font family 'Nimbus Roman' not found.
findfont: Font family 'Nimbus Roman' not found.
findfont: Font family 'Nimbus Roman' not found.
findfont: Font family 'Nimbus Roman' not found.
findfont: Font family 'Nimbus Roman' not found.
findfont: Font family 'Nimbus Roman' not found.
findfont: Font family 'Nimbus Roman' not found.
findfont: Font family 'Nimbus Roman' not found.
findfont: Font family 'Nimbus Roman' not found.
findfont: Font family 'Nimbus Roman' not found.
findfont: Font family 'Nimbus Roman' not found.
findfont: Font family 'Nimbus Roman' not found.
findfont: Font family 'Nimbus Roman' not found.
findfont: Font family 'Nimbus Roman' not found.
findfont: Font family 'Nimbus Roman' not found.
findfont: Font family 'Nimbus Roman' not found.
findfont: Font family 'Nimbus Roman' not found.
findfont: Font family 'Nimbus Roman' not found.
findfont: Font family 'Nimbus Roman' not found.
findfont: Font family 'Nimbus Roman' not found.
findfont: Font family 'Nimbus Roman' not found.
findfont: Font family 'Nimbus Roman' not found.
findfont: Font family 'Nimbus Roman' not found.
findfont: Font family 'Nimbus Roman' not found.
findfont: Font family ['Nimbus Roman'] not found. Falling back to DejaVu Sans.
findfont: Font family 'Nimbus Roman' not found.
findfont: Font family ['Nimbus Roman'] not found. Falling back to DejaVu Sans.
findfont: Font family 'Nimbus Roman' not found.
findfont: Font family 'Nimbus Roman' not found.
findfont: Font family 'Nimbus Roman' not found.
findfont: Font family 'Nimbus Roman' not found.
findfont: Font family 'Nimbus Roman' not found.
findfont: Font family 'Nimbus Roman' not found.
findfont: Font family 'Nimbus Roman' not found.
findfont: Font family 'Nimbus Roman' not found.
findfont: Font family 'Nimbus Roman' not found.
findfont: Font family 'Nimbus Roman' not found.
findfont: Font family ['Nimbus Roman'] not found. Falling back to DejaVu Sans.
findfont: Font family 'Nimbus Roman' not found.
findfont: Font family 'Nimbus Roman' not found.
findfont: Font family 'Nimbus Roman' not found.
findfont: Font family 'Nimbus Roman' not found.
findfont: Font family 'Nimbus Roman' not found.
findfont: Font family 'Nimbus Roman' not found.
findfont: Font family 'Nimbus Roman' not found.
findfont: Font family 'Nimbus Roman' not found.
findfont: Font family 'Nimbus Roman' not found.
findfont: Font family 'Nimbus Roman' not found.
findfont: Font family 'Nimbus Roman' not found.
findfont: Font family 'Nimbus Roman' not found.
findfont: Font family 'Nimbus Roman' not found.
findfont: Font family 'Nimbus Roman' not found.
findfont: Font family 'Nimbus Roman' not found.
findfont: Font family 'Nimbus Roman' not found.
findfont: Font family 'Nimbus Roman' not found.
findfont: Font family 'Nimbus Roman' not found.
findfont: Font family 'Nimbus Roman' not found.
findfont: Font family 'Nimbus Roman' not found.
findfont: Font family 'Nimbus Roman' not found.
findfont: Font family 'Nimbus Roman' not found.
findfont: Font family 'Nimbus Roman' not found.
findfont: Font family 'Nimbus Roman' not found.
findfont: Font family 'Nimbus Roman' not found.
findfont: Font family 'Nimbus Roman' not found.
findfont: Font family 'Nimbus Roman' not found.
findfont: Font family 'Nimbus Roman' not found.
findfont: Font family 'Nimbus Roman' not found.
findfont: Font family 'Nimbus Roman' not found.
findfont: Font family 'Nimbus Roman' not found.
findfont: Font family 'Nimbus Roman' not found.
findfont: Font family 'Nimbus Roman' not found.
findfont: Font family 'Nimbus Roman' not found.
findfont: Font family 'Nimbus Roman' not found.
findfont: Font family 'Nimbus Roman' not found.
findfont: Font family 'Nimbus Roman' not found.
findfont: Font family 'Nimbus Roman' not found.
findfont: Font family 'Nimbus Roman' not found.
findfont: Font family 'Nimbus Roman' not found.
findfont: Font family 'Nimbus Roman' not found.
findfont: Font family 'Nimbus Roman' not found.
findfont: Font family 'Nimbus Roman' not found.
findfont: Font family 'Nimbus Roman' not found.
findfont: Font family 'Nimbus Roman' not found.
findfont: Font family 'Nimbus Roman' not found.
findfont: Font family 'Nimbus Roman' not found.
findfont: Font family 'Nimbus Roman' not found.
findfont: Font family 'Nimbus Roman' not found.
findfont: Font family 'Nimbus Roman' not found.
findfont: Font family 'Nimbus Roman' not found.
findfont: Font family 'Nimbus Roman' not found.
findfont: Font family 'Nimbus Roman' not found.
findfont: Font family 'Nimbus Roman' not found.
findfont: Font family 'Nimbus Roman' not found.
findfont: Font family 'Nimbus Roman' not found.
findfont: Font family 'Nimbus Roman' not found.
findfont: Font family 'Nimbus Roman' not found.
findfont: Font family 'Nimbus Roman' not found.
findfont: Font family 'Nimbus Roman' not found.
findfont: Font family 'Nimbus Roman' not found.
findfont: Font family 'Nimbus Roman' not found.
findfont: Font family 'Nimbus Roman' not found.
findfont: Font family 'Nimbus Roman' not found.
findfont: Font family 'Nimbus Roman' not found.
findfont: Font family 'Nimbus Roman' not found.
findfont: Font family 'Nimbus Roman' not found.
findfont: Font family 'Nimbus Roman' not found.
findfont: Font family 'Nimbus Roman' not found.
findfont: Font family 'Nimbus Roman' not found.
findfont: Font family 'Nimbus Roman' not found.
findfont: Font family 'Nimbus Roman' not found.
Ridge mode: rkhs; diagnostic interval: 50
Iter 1/4000 | log_obj=9.724e+00 | log_Bellman_root=3.476e+00 | mass=1.57e+04 | neg=0.00e+00 | grad=5.96e+02
Iter 400/4000 | log_obj=5.838e+00 | log_Bellman_root=1.528e+00 | mass=3.22e+02 | neg=0.00e+00 | grad=5.17e+03
Iter 800/4000 | log_obj=5.841e+00 | log_Bellman_root=1.528e+00 | mass=3.23e+02 | neg=0.00e+00 | grad=5.16e+03
Iter 1200/4000 | log_obj=5.843e+00 | log_Bellman_root=1.529e+00 | mass=3.24e+02 | neg=0.00e+00 | grad=5.15e+03
Iter 1600/4000 | log_obj=5.844e+00 | log_Bellman_root=1.529e+00 | mass=3.24e+02 | neg=0.00e+00 | grad=5.14e+03
Iter 2000/4000 | log_obj=5.845e+00 | log_Bellman_root=1.530e+00 | mass=3.24e+02 | neg=0.00e+00 | grad=5.14e+03
Iter 2400/4000 | log_obj=5.846e+00 | log_Bellman_root=1.530e+00 | mass=3.24e+02 | neg=0.00e+00 | grad=5.13e+03
Iter 2800/4000 | log_obj=5.846e+00 | log_Bellman_root=1.530e+00 | mass=3.25e+02 | neg=0.00e+00 | grad=5.13e+03
Iter 3200/4000 | log_obj=5.847e+00 | log_Bellman_root=1.530e+00 | mass=3.25e+02 | neg=0.00e+00 | grad=5.13e+03
Iter 3600/4000 | log_obj=5.847e+00 | log_Bellman_root=1.530e+00 | mass=3.25e+02 | neg=0.00e+00 | grad=5.13e+03
Iter 4000/4000 | log_obj=5.847e+00 | log_Bellman_root=1.530e+00 | mass=3.25e+02 | neg=0.00e+00 | grad=5.12e+03
Returning best diagnostic checkpoint from step 3900 (objective=2.420e+02, Bellman=1.482e+01).
Done in 13.85s.
KE-DRL global estimation is done.
B_hat shape: (3077, 800)
B_hat rank diagnostics: {'B_num_rows': 3077, 'B_num_cols': 800, 'B_min_dim': 800, 'B_numerical_rank': 800, 'B_rank_fraction': 1.0, 'B_rank_tolerance': 4.0251421227210926e-05, 'B_stable_rank': 204.75045776367188, 'B_effective_rank': 771.4089374692311, 'B_entropy_rank': 6.648218631744385, 'B_spectral_norm': 0.10973460972309113, 'B_frobenius_norm': 1.5702039003372192, 'B_nuclear_norm': 42.89101028442383, 'B_condition_number': 4.0322211824166185, 'B_condition_number_tol': 4.0322211824166185, 'B_smallest_singular_value': 0.027214432135224342, 'B_rank_rel_1em2': 800, 'B_rank_rel_1em3': 800, 'B_rank_rel_1em4': 800}
Global-loss target mass diagnostics: {'target_mass_mean': -12.777640342712402, 'target_mass_min': -24.681854248046875, 'target_mass_max': -0.37846052646636963, 'target_mass_sd': 6.138185024261475, 'target_mass_rmse_to_target': 15.070630073547363, 'target_beta_min': -0.07985851913690567, 'target_beta_max': 0.06145728379487991, 'target_neg_frac_mean': 0.9316875000000002}
Return dictionary Z_grid shape: (800, 3)
Replicate 31 risk metrics: {'risk_n_steps_recorded': 81.0, 'risk_n_diagnostics_recorded': 81.0, 'risk_log_obj_initial': 9.724191375599363, 'risk_log_obj_final': 5.847206006570294, 'risk_log_obj_min': 5.488738963829867, 'risk_obj_initial': 16717.166015625004, 'risk_obj_final': 346.2655639648436, 'risk_obj_min': 241.951904296875, 'risk_log_obj_drop': 3.876985369029068, 'risk_log_bellman_root_initial': 3.4759145842507317, 'risk_log_bellman_root_final': 1.53029641813907, 'risk_log_bellman_root_min': 1.3468684152684154, 'risk_bellman_root_initial': 32.3273811340332, 'risk_bellman_root_final': 4.619545936584473, 'risk_bellman_root_min': 3.8453645706176753, 'risk_bellman_initial': 1045.059570985046, 'risk_bellman_final': 21.34020466021411, 'risk_bellman_min': 14.786828680961658, 'risk_log_bellman_root_drop': 1.9456181661116618, 'risk_bellman_returned': 14.821134567260742, 'risk_obj_returned': 241.951904296875, 'risk_returned_step': 3900.0, 'offline_data_id': 31, 'benchmark_point_source': 'fixed_config_plus_support_safe_target_policy_draws', 'target_set_size': 100, 'lambda_reg': 0.005, 'lambda_B': 0.002, 'num_steps': 4000, 'transition_reduction_enabled': 1, 'transition_reduction_method': 'kmeans', 'transition_original_rows': 12000, 'transition_reduced_rows': 3077, 'transition_compression_ratio': 0.2564166666666667, 'target_mass_mean': -12.777640342712402, 'target_mass_min': -24.681854248046875, 'target_mass_max': -0.37846052646636963, 'target_mass_sd': 6.138185024261475, 'target_mass_rmse_to_target': 15.070630073547363, 'target_beta_min': -0.07985851913690567, 'target_beta_max': 0.06145728379487991, 'target_neg_frac_mean': 0.9316875000000002, 'B_num_rows': 3077, 'B_num_cols': 800, 'B_min_dim': 800, 'B_numerical_rank': 800, 'B_rank_fraction': 1.0, 'B_rank_tolerance': 4.0251421227210926e-05, 'B_stable_rank': 204.75045776367188, 'B_effective_rank': 771.4089374692311, 'B_entropy_rank': 6.648218631744385, 'B_spectral_norm': 0.10973460972309113, 'B_frobenius_norm': 1.5702039003372192, 'B_nuclear_norm': 42.89101028442383, 'B_condition_number': 4.0322211824166185, 'B_condition_number_tol': 4.0322211824166185, 'B_smallest_singular_value': 0.027214432135224342, 'B_rank_rel_1em2': 800, 'B_rank_rel_1em3': 800, 'B_rank_rel_1em4': 800, 'risk_objective_final_raw': 346.26556396484375, 'risk_objective_min_raw': 241.951904296875, 'risk_objective_max_raw': 16717.166015625, 'risk_bellman_final_raw': 21.3402042388916, 'risk_bellman_min_raw': 14.78682804107666, 'risk_bellman_max_raw': 1045.0594482421875, 'risk_rkhs_ridge_final_raw': 0.009169798344373703, 'risk_rkhs_ridge_min_raw': 0.006864308845251799, 'risk_rkhs_ridge_max_raw': 0.2256808876991272, 'risk_mass_final_raw': 324.91619873046875, 'risk_mass_min_raw': 227.1239013671875, 'risk_mass_max_raw': 15671.880859375, 'risk_negativity_final_raw': 0.0, 'risk_negativity_min_raw': 0.0, 'risk_negativity_max_raw': 0.0, 'risk_B_norm_final_raw': 1.5714716911315918, 'risk_B_norm_min_raw': 1.569637417793274, 'risk_B_norm_max_raw': 1.6375776529312134, 'risk_diagnostic_step_final_raw': 4000.0, 'risk_diagnostic_step_min_raw': 1.0, 'risk_diagnostic_step_max_raw': 4000.0, 'risk_best_step_final_raw': 3900.0, 'risk_best_step_min_raw': 3900.0, 'risk_best_step_max_raw': 3900.0, 'risk_best_objective_final_raw': 241.951904296875, 'risk_best_objective_min_raw': 241.951904296875, 'risk_best_objective_max_raw': 241.951904296875, 'risk_best_bellman_final_raw': 14.821134567260742, 'risk_best_bellman_min_raw': 14.821134567260742, 'risk_best_bellman_max_raw': 14.821134567260742, 'risk_returned_step_final_raw': 3900.0, 'risk_returned_step_min_raw': 3900.0, 'risk_returned_step_max_raw': 3900.0, 'risk_returned_objective_final_raw': 241.951904296875, 'risk_returned_objective_min_raw': 241.951904296875, 'risk_returned_objective_max_raw': 241.951904296875, 'risk_returned_bellman_final_raw': 14.821134567260742, 'risk_returned_bellman_min_raw': 14.821134567260742, 'risk_returned_bellman_max_raw': 14.821134567260742, 'risk_returned_best_checkpoint_final_raw': 1.0, 'risk_returned_best_checkpoint_min_raw': 1.0, 'risk_returned_best_checkpoint_max_raw': 1.0}
Benchmark 0 evaluation grid shape: (800, 3)
Replicate 31, benchmark 0 metrics: {'run_id': '31_b0', 'RMSE': 3.0619166165745995, 'MAE': 2.6156260001915506, 'SupNorm': 6.574813097715378, 'Bias': -2.6156260001915506, 'Corr': -0.4072889780573146, 'deming_slope': -39.85195058812263, 'deming_intercept': 8.096543751809921, 'beta_sum': -10.695384979248047, 'beta_l1': 10.960134506225586, 'beta_l2': 0.44371363520622253, 'beta_min': -0.04120849072933197, 'beta_max': 0.008869422599673271, 'beta_neg_frac': 0.9425, 'offline_data_id': 31, 'benchmark_id': 0, 'benchmark_point_source': 'fixed_config', 'target_set_size': 100, 'benchmark_z_path': 'data/Z_true.pt', 'projected_bellman_test_risk': 0.8156929016113281, 'oracle_embedding_risk': 53.044654846191406, 'benchmark_embedding_risk': 53.044654846191406, 'risk_bellman_final': 21.34020466021411, 'risk_obj_final': 346.2655639648436, 'B_num_rows': 3077, 'B_num_cols': 800, 'B_min_dim': 800, 'B_numerical_rank': 800, 'B_rank_fraction': 1.0, 'B_rank_tolerance': 4.0251421227210926e-05, 'B_stable_rank': 204.75045776367188, 'B_effective_rank': 771.4089374692311, 'B_entropy_rank': 6.648218631744385, 'B_spectral_norm': 0.10973460972309113, 'B_frobenius_norm': 1.5702039003372192, 'B_nuclear_norm': 42.89101028442383, 'B_condition_number': 4.0322211824166185, 'B_condition_number_tol': 4.0322211824166185, 'B_smallest_singular_value': 0.027214432135224342, 'B_rank_rel_1em2': 800, 'B_rank_rel_1em3': 800, 'B_rank_rel_1em4': 800}
Saved ./mu/mu_hat.csv shape=(800,)
Saved ./mu/mu2D_hat_dims01.csv shape=(120, 120)
Saved ./mu/mu2D_hat_dims01.csv shape=(120, 120)
Saved plots/replicate_31/mu_3D.png
Benchmark 1 evaluation grid shape: (800, 3)
Replicate 31, benchmark 1 metrics: {'run_id': '31_b1', 'RMSE': 9.219067168021814, 'MAE': 8.469515735753522, 'SupNorm': 15.481609761714935, 'Bias': -8.469515735753522, 'Corr': -0.9843937026553103, 'deming_slope': -37.62284180623273, 'deming_intercept': 1.5930585606415555, 'beta_sum': -26.331058502197266, 'beta_l1': 26.418254852294922, 'beta_l2': 1.0126423835754395, 'beta_min': -0.07988833636045456, 'beta_max': 0.016028765588998795, 'beta_neg_frac': 0.99125, 'offline_data_id': 31, 'benchmark_id': 1, 'benchmark_point_source': 'fixed_config', 'target_set_size': 100, 'benchmark_z_path': 'data/Z_true.pt', 'projected_bellman_test_risk': 26.719451904296875, 'oracle_embedding_risk': 288.8554992675781, 'benchmark_embedding_risk': 288.8554992675781, 'risk_bellman_final': 21.34020466021411, 'risk_obj_final': 346.2655639648436, 'B_num_rows': 3077, 'B_num_cols': 800, 'B_min_dim': 800, 'B_numerical_rank': 800, 'B_rank_fraction': 1.0, 'B_rank_tolerance': 4.0251421227210926e-05, 'B_stable_rank': 204.75045776367188, 'B_effective_rank': 771.4089374692311, 'B_entropy_rank': 6.648218631744385, 'B_spectral_norm': 0.10973460972309113, 'B_frobenius_norm': 1.5702039003372192, 'B_nuclear_norm': 42.89101028442383, 'B_condition_number': 4.0322211824166185, 'B_condition_number_tol': 4.0322211824166185, 'B_smallest_singular_value': 0.027214432135224342, 'B_rank_rel_1em2': 800, 'B_rank_rel_1em3': 800, 'B_rank_rel_1em4': 800}
Benchmark 2 evaluation grid shape: (800, 3)
Replicate 31, benchmark 2 metrics: {'run_id': '31_b2', 'RMSE': 8.709049635156545, 'MAE': 7.995588508073997, 'SupNorm': 14.688358217477798, 'Bias': -7.995588508073997, 'Corr': -0.8932902369221566, 'deming_slope': -40.631615370965676, 'deming_intercept': 3.163082616965638, 'beta_sum': -24.907878875732422, 'beta_l1': 24.973251342773438, 'beta_l2': 0.9611929655075073, 'beta_min': -0.07567774504423141, 'beta_max': 0.015275764279067516, 'beta_neg_frac': 0.99, 'offline_data_id': 31, 'benchmark_id': 2, 'benchmark_point_source': 'fixed_config', 'target_set_size': 100, 'benchmark_z_path': 'data/Z_true.pt', 'projected_bellman_test_risk': 19.300212860107422, 'oracle_embedding_risk': 260.06097412109375, 'benchmark_embedding_risk': 260.06097412109375, 'risk_bellman_final': 21.34020466021411, 'risk_obj_final': 346.2655639648436, 'B_num_rows': 3077, 'B_num_cols': 800, 'B_min_dim': 800, 'B_numerical_rank': 800, 'B_rank_fraction': 1.0, 'B_rank_tolerance': 4.0251421227210926e-05, 'B_stable_rank': 204.75045776367188, 'B_effective_rank': 771.4089374692311, 'B_entropy_rank': 6.648218631744385, 'B_spectral_norm': 0.10973460972309113, 'B_frobenius_norm': 1.5702039003372192, 'B_nuclear_norm': 42.89101028442383, 'B_condition_number': 4.0322211824166185, 'B_condition_number_tol': 4.0322211824166185, 'B_smallest_singular_value': 0.027214432135224342, 'B_rank_rel_1em2': 800, 'B_rank_rel_1em3': 800, 'B_rank_rel_1em4': 800}
Benchmark 3 evaluation grid shape: (800, 3)
Replicate 31, benchmark 3 metrics: {'run_id': '31_b3', 'RMSE': 8.458945531278445, 'MAE': 7.706318445331417, 'SupNorm': 14.520372748374939, 'Bias': -7.706318445331417, 'Corr': -0.9231664178444344, 'deming_slope': -38.659869297754454, 'deming_intercept': 2.5755044461114407, 'beta_sum': -24.697269439697266, 'beta_l1': 24.77963638305664, 'beta_l2': 0.9527876973152161, 'beta_min': -0.07113061100244522, 'beta_max': 0.018580026924610138, 'beta_neg_frac': 0.9925, 'offline_data_id': 31, 'benchmark_id': 3, 'benchmark_point_source': 'fixed_config', 'target_set_size': 100, 'benchmark_z_path': 'data/Z_true.pt', 'projected_bellman_test_risk': 18.26705551147461, 'oracle_embedding_risk': 255.12673950195312, 'benchmark_embedding_risk': 255.12673950195312, 'risk_bellman_final': 21.34020466021411, 'risk_obj_final': 346.2655639648436, 'B_num_rows': 3077, 'B_num_cols': 800, 'B_min_dim': 800, 'B_numerical_rank': 800, 'B_rank_fraction': 1.0, 'B_rank_tolerance': 4.0251421227210926e-05, 'B_stable_rank': 204.75045776367188, 'B_effective_rank': 771.4089374692311, 'B_entropy_rank': 6.648218631744385, 'B_spectral_norm': 0.10973460972309113, 'B_frobenius_norm': 1.5702039003372192, 'B_nuclear_norm': 42.89101028442383, 'B_condition_number': 4.0322211824166185, 'B_condition_number_tol': 4.0322211824166185, 'B_smallest_singular_value': 0.027214432135224342, 'B_rank_rel_1em2': 800, 'B_rank_rel_1em3': 800, 'B_rank_rel_1em4': 800}
Benchmark 4 evaluation grid shape: (800, 3)
Replicate 31, benchmark 4 metrics: {'run_id': '31_b4', 'RMSE': 1.7829742841290452, 'MAE': 1.4010510657171016, 'SupNorm': 4.930109739303589, 'Bias': -1.4010510657171016, 'Corr': -0.09001260137592476, 'deming_slope': -127.28777003207213, 'deming_intercept': 32.80106927672084, 'beta_sum': -7.997117042541504, 'beta_l1': 9.068764686584473, 'beta_l2': 0.3724765181541443, 'beta_min': -0.03293261304497719, 'beta_max': 0.03901411592960358, 'beta_neg_frac': 0.915, 'offline_data_id': 31, 'benchmark_id': 4, 'benchmark_point_source': 'support_safe_target_policy_draw', 'target_set_size': 100, 'benchmark_z_path': 'data/Z_true.pt', 'projected_bellman_test_risk': 0.030389051884412766, 'oracle_embedding_risk': 31.900117874145508, 'benchmark_embedding_risk': 31.900117874145508, 'risk_bellman_final': 21.34020466021411, 'risk_obj_final': 346.2655639648436, 'B_num_rows': 3077, 'B_num_cols': 800, 'B_min_dim': 800, 'B_numerical_rank': 800, 'B_rank_fraction': 1.0, 'B_rank_tolerance': 4.0251421227210926e-05, 'B_stable_rank': 204.75045776367188, 'B_effective_rank': 771.4089374692311, 'B_entropy_rank': 6.648218631744385, 'B_spectral_norm': 0.10973460972309113, 'B_frobenius_norm': 1.5702039003372192, 'B_nuclear_norm': 42.89101028442383, 'B_condition_number': 4.0322211824166185, 'B_condition_number_tol': 4.0322211824166185, 'B_smallest_singular_value': 0.027214432135224342, 'B_rank_rel_1em2': 800, 'B_rank_rel_1em3': 800, 'B_rank_rel_1em4': 800}
Benchmark 5 evaluation grid shape: (800, 3)
Replicate 31, benchmark 5 metrics: {'run_id': '31_b5', 'RMSE': 0.3190819937944279, 'MAE': 0.30030555000543585, 'SupNorm': 0.4925946146249771, 'Bias': -0.30030555000543585, 'Corr': -0.041926653882774424, 'deming_slope': -0.03209626928242911, 'deming_intercept': -0.03507269852399268, 'beta_sum': -0.38062047958374023, 'beta_l1': 0.7681484222412109, 'beta_l2': 0.033896904438734055, 'beta_min': -0.003662009257823229, 'beta_max': 0.003583174664527178, 'beta_neg_frac': 0.6975, 'offline_data_id': 31, 'benchmark_id': 5, 'benchmark_point_source': 'support_safe_target_policy_draw', 'target_set_size': 100, 'benchmark_z_path': 'data/Z_true.pt', 'projected_bellman_test_risk': 0.3763600289821625, 'oracle_embedding_risk': 1.176668643951416, 'benchmark_embedding_risk': 1.176668643951416, 'risk_bellman_final': 21.34020466021411, 'risk_obj_final': 346.2655639648436, 'B_num_rows': 3077, 'B_num_cols': 800, 'B_min_dim': 800, 'B_numerical_rank': 800, 'B_rank_fraction': 1.0, 'B_rank_tolerance': 4.0251421227210926e-05, 'B_stable_rank': 204.75045776367188, 'B_effective_rank': 771.4089374692311, 'B_entropy_rank': 6.648218631744385, 'B_spectral_norm': 0.10973460972309113, 'B_frobenius_norm': 1.5702039003372192, 'B_nuclear_norm': 42.89101028442383, 'B_condition_number': 4.0322211824166185, 'B_condition_number_tol': 4.0322211824166185, 'B_smallest_singular_value': 0.027214432135224342, 'B_rank_rel_1em2': 800, 'B_rank_rel_1em3': 800, 'B_rank_rel_1em4': 800}
Benchmark 6 evaluation grid shape: (800, 3)
Replicate 31, benchmark 6 metrics: {'run_id': '31_b6', 'RMSE': 4.673714615927684, 'MAE': 4.117091591395438, 'SupNorm': 8.984909176826477, 'Bias': -4.117091591395438, 'Corr': -0.6046023953720174, 'deming_slope': -37.27483270016567, 'deming_intercept': 5.987126999071034, 'beta_sum': -14.932774543762207, 'beta_l1': 15.067911148071289, 'beta_l2': 0.5944454073905945, 'beta_min': -0.048309698700904846, 'beta_max': 0.011415477842092514, 'beta_neg_frac': 0.97875, 'offline_data_id': 31, 'benchmark_id': 6, 'benchmark_point_source': 'support_safe_target_policy_draw', 'target_set_size': 100, 'benchmark_z_path': 'data/Z_true.pt', 'projected_bellman_test_risk': 1.6185522079467773, 'oracle_embedding_risk': 98.40853118896484, 'benchmark_embedding_risk': 98.40853118896484, 'risk_bellman_final': 21.34020466021411, 'risk_obj_final': 346.2655639648436, 'B_num_rows': 3077, 'B_num_cols': 800, 'B_min_dim': 800, 'B_numerical_rank': 800, 'B_rank_fraction': 1.0, 'B_rank_tolerance': 4.0251421227210926e-05, 'B_stable_rank': 204.75045776367188, 'B_effective_rank': 771.4089374692311, 'B_entropy_rank': 6.648218631744385, 'B_spectral_norm': 0.10973460972309113, 'B_frobenius_norm': 1.5702039003372192, 'B_nuclear_norm': 42.89101028442383, 'B_condition_number': 4.0322211824166185, 'B_condition_number_tol': 4.0322211824166185, 'B_smallest_singular_value': 0.027214432135224342, 'B_rank_rel_1em2': 800, 'B_rank_rel_1em3': 800, 'B_rank_rel_1em4': 800}
Benchmark 7 evaluation grid shape: (800, 3)
Replicate 31, benchmark 7 metrics: {'run_id': '31_b7', 'RMSE': 4.706558079422633, 'MAE': 4.077621689620428, 'SupNorm': 9.534850001335144, 'Bias': -4.077621689620428, 'Corr': -0.5420688129827043, 'deming_slope': -45.46812295034844, 'deming_intercept': 8.07310434171773, 'beta_sum': -16.04070281982422, 'beta_l1': 16.290538787841797, 'beta_l2': 0.6452187299728394, 'beta_min': -0.04907394200563431, 'beta_max': 0.01331367902457714, 'beta_neg_frac': 0.9625, 'offline_data_id': 31, 'benchmark_id': 7, 'benchmark_point_source': 'support_safe_target_policy_draw', 'target_set_size': 100, 'benchmark_z_path': 'data/Z_true.pt', 'projected_bellman_test_risk': 3.661900281906128, 'oracle_embedding_risk': 111.78703308105469, 'benchmark_embedding_risk': 111.78703308105469, 'risk_bellman_final': 21.34020466021411, 'risk_obj_final': 346.2655639648436, 'B_num_rows': 3077, 'B_num_cols': 800, 'B_min_dim': 800, 'B_numerical_rank': 800, 'B_rank_fraction': 1.0, 'B_rank_tolerance': 4.0251421227210926e-05, 'B_stable_rank': 204.75045776367188, 'B_effective_rank': 771.4089374692311, 'B_entropy_rank': 6.648218631744385, 'B_spectral_norm': 0.10973460972309113, 'B_frobenius_norm': 1.5702039003372192, 'B_nuclear_norm': 42.89101028442383, 'B_condition_number': 4.0322211824166185, 'B_condition_number_tol': 4.0322211824166185, 'B_smallest_singular_value': 0.027214432135224342, 'B_rank_rel_1em2': 800, 'B_rank_rel_1em3': 800, 'B_rank_rel_1em4': 800}
Benchmark 8 evaluation grid shape: (800, 3)
Replicate 31, benchmark 8 metrics: {'run_id': '31_b8', 'RMSE': 2.064116421032246, 'MAE': 1.8095294194092275, 'SupNorm': 4.178714960813522, 'Bias': -1.8095294194092275, 'Corr': -0.5724357951746418, 'deming_slope': -16.636046828987688, 'deming_intercept': 2.784558173983404, 'beta_sum': -6.406444549560547, 'beta_l1': 6.792940616607666, 'beta_l2': 0.2763298749923706, 'beta_min': -0.02364519238471985, 'beta_max': 0.013286927714943886, 'beta_neg_frac': 0.915, 'offline_data_id': 31, 'benchmark_id': 8, 'benchmark_point_source': 'support_safe_target_policy_draw', 'target_set_size': 100, 'benchmark_z_path': 'data/Z_true.pt', 'projected_bellman_test_risk': 2.3874807357788086, 'oracle_embedding_risk': 21.631715774536133, 'benchmark_embedding_risk': 21.631715774536133, 'risk_bellman_final': 21.34020466021411, 'risk_obj_final': 346.2655639648436, 'B_num_rows': 3077, 'B_num_cols': 800, 'B_min_dim': 800, 'B_numerical_rank': 800, 'B_rank_fraction': 1.0, 'B_rank_tolerance': 4.0251421227210926e-05, 'B_stable_rank': 204.75045776367188, 'B_effective_rank': 771.4089374692311, 'B_entropy_rank': 6.648218631744385, 'B_spectral_norm': 0.10973460972309113, 'B_frobenius_norm': 1.5702039003372192, 'B_nuclear_norm': 42.89101028442383, 'B_condition_number': 4.0322211824166185, 'B_condition_number_tol': 4.0322211824166185, 'B_smallest_singular_value': 0.027214432135224342, 'B_rank_rel_1em2': 800, 'B_rank_rel_1em3': 800, 'B_rank_rel_1em4': 800}
Benchmark 9 evaluation grid shape: (800, 3)
Replicate 31, benchmark 9 metrics: {'run_id': '31_b9', 'RMSE': 5.151744206729286, 'MAE': 4.541500924141146, 'SupNorm': 9.536229968070984, 'Bias': -4.541500924141146, 'Corr': -0.6560208572102975, 'deming_slope': -37.793502536361025, 'deming_intercept': 5.768461966993879, 'beta_sum': -15.85545825958252, 'beta_l1': 16.072063446044922, 'beta_l2': 0.6352365612983704, 'beta_min': -0.048554956912994385, 'beta_max': 0.014703815802931786, 'beta_neg_frac': 0.97125, 'offline_data_id': 31, 'benchmark_id': 9, 'benchmark_point_source': 'support_safe_target_policy_draw', 'target_set_size': 100, 'benchmark_z_path': 'data/Z_true.pt', 'projected_bellman_test_risk': 0.6568649411201477, 'oracle_embedding_risk': 111.36164855957031, 'benchmark_embedding_risk': 111.36164855957031, 'risk_bellman_final': 21.34020466021411, 'risk_obj_final': 346.2655639648436, 'B_num_rows': 3077, 'B_num_cols': 800, 'B_min_dim': 800, 'B_numerical_rank': 800, 'B_rank_fraction': 1.0, 'B_rank_tolerance': 4.0251421227210926e-05, 'B_stable_rank': 204.75045776367188, 'B_effective_rank': 771.4089374692311, 'B_entropy_rank': 6.648218631744385, 'B_spectral_norm': 0.10973460972309113, 'B_frobenius_norm': 1.5702039003372192, 'B_nuclear_norm': 42.89101028442383, 'B_condition_number': 4.0322211824166185, 'B_condition_number_tol': 4.0322211824166185, 'B_smallest_singular_value': 0.027214432135224342, 'B_rank_rel_1em2': 800, 'B_rank_rel_1em3': 800, 'B_rank_rel_1em4': 800}
Replicate 31 finished in 24.1s
Finished combo 1, offline replicate 31.
