Job ID:    2358919
Array idx: 142
CPUs/node: 64
Mem/node:  131072
Using CC = cc 
Using CXX = CC 
Using FC = ftn 
Using F77 = ftn 
Using F90 = ftn 
cuda/12.6.1 is deprecated; loading cudatoolkit/25.5_12.9 instead.
Using CC = /opt/nvidia/hpc_sdk/Linux_aarch64/25.5/compilers/bin/nvc 
Using CXX = /opt/nvidia/hpc_sdk/Linux_aarch64/25.5/compilers/bin/nvc++ 
Using FC = /opt/nvidia/hpc_sdk/Linux_aarch64/25.5/compilers/bin/nvfortran 
Using F77 = /opt/nvidia/hpc_sdk/Linux_aarch64/25.5/compilers/bin/nvfortran 
Using F90 = /opt/nvidia/hpc_sdk/Linux_aarch64/25.5/compilers/bin/nvfortran 
Using CC = /opt/nvidia/hpc_sdk/Linux_aarch64/25.5/compilers/bin/nvc 
Using CXX = /opt/nvidia/hpc_sdk/Linux_aarch64/25.5/compilers/bin/nvc++ 
Using FC = /opt/nvidia/hpc_sdk/Linux_aarch64/25.5/compilers/bin/nvfortran 
Using F77 = /opt/nvidia/hpc_sdk/Linux_aarch64/25.5/compilers/bin/nvfortran 
Using F90 = /opt/nvidia/hpc_sdk/Linux_aarch64/25.5/compilers/bin/nvfortran 

Lmod is automatically replacing "gcc-native/14" with "gcc/14.2.0".

ghx4
0
Tuning combo id: 1 / 6
Offline replicate id: 42 / 99
Installing ke_drl from git: https://github.com/mehrdadmhmdi/ke-drl.git@main
Collecting git+https://github.com/mehrdadmhmdi/ke-drl.git@main
  Cloning https://github.com/mehrdadmhmdi/ke-drl.git (to revision main) to /tmp/pip-req-build-bidlv8kd
  Running command git clone --filter=blob:none --quiet https://github.com/mehrdadmhmdi/ke-drl.git /tmp/pip-req-build-bidlv8kd
  Resolved https://github.com/mehrdadmhmdi/ke-drl.git to commit 3c5d570e40ea15b1fbe4817b5f43b64c7b333e82
  Installing build dependencies: started
  Installing build dependencies: finished with status 'done'
  Getting requirements to build wheel: started
  Getting requirements to build wheel: finished with status 'done'
  Preparing metadata (pyproject.toml): started
  Preparing metadata (pyproject.toml): finished with status 'done'
Building wheels for collected packages: ke_drl
  Building wheel for ke_drl (pyproject.toml): started
  Building wheel for ke_drl (pyproject.toml): finished with status 'done'
  Created wheel for ke_drl: filename=ke_drl-0.1.0-py3-none-any.whl size=47219 sha256=519bbcba1c2c5caf367d1497a246508902572f2f291d9d135a463f20b7eba8d7
  Stored in directory: /tmp/pip-ephem-wheel-cache-tl3at1ul/wheels/24/47/ad/9a4ffd3b05d3e90e35ffc6e7324b735b8bfcf5f51aaf29a333
Successfully built ke_drl
Installing collected packages: ke_drl
Successfully installed ke_drl-0.1.0
Installed ke_drl source: /work/nvme/bfez/mehrdad3/DistRL/simulation_3/runs/sim3_global_2358722_1/.kedrl_site_142/ke_drl/__init__.py
Tuning combo 1: lambda_B_0.002
Overrides: {'lambda_B': 0.002}
RUN: /sw/user/python/miniforge3-pytorch-24.11.3/bin/python3 validate_sim_config.py --params params.yaml
ke_drl import source: /work/nvme/bfez/mehrdad3/DistRL/simulation_3/runs/sim3_global_2358722_1/.kedrl_site_142/ke_drl/__init__.py
ke_drl package API OK: prediction weights, RFF operators, rank diagnostics, and best-checkpoint optimizer available
Policy config OK: behavior=uniform, target=logistic, state_dim=5, action_dim=1
Note: policy.logistic.theta_scale/theta_std are log-scale coefficients in Probability_Densities.
Behavior-policy linearized state-process diagnostic: spectral_radius=0.653, offline_burn_in=50
Replicate config OK: num_replicates=100, benchmark points=10 independent of D_i, loss target points=100
Transition reduction OK: method=kmeans, raw rows N(T-1)=12000, target rows about 3000, B rows reduced from 12000 to about 3000
Return-operator approximation OK: method=rff, features=512, exact G avoided for estimated N=12000, m=800, L=100
Fixed benchmark config rows=4 (benchmark.num_points=10; additional points are support-safe target-policy draws if needed)
Fixed benchmark point 0: s_star=[0.6, -0.8, 0.7, -0.5, 0.9], a_star=[0.5]
Fixed benchmark behavior-support interval for configured rows: min_lower=-0.12, max_upper=1.11
Fixed benchmark target-policy location range: [-0.02, 0.14]
Reusing shared data from /work/nvme/bfez/mehrdad3/DistRL/simulation_3/runs/sim3_shared_data/data for offline replicate 42.
RUN: /sw/user/python/miniforge3-pytorch-24.11.3/bin/python3 validate_sim_config.py --params params.yaml --data data/offline_data_42.pt
ke_drl import source: /work/nvme/bfez/mehrdad3/DistRL/simulation_3/runs/sim3_global_2358722_1/.kedrl_site_142/ke_drl/__init__.py
ke_drl package API OK: prediction weights, RFF operators, rank diagnostics, and best-checkpoint optimizer available
Policy config OK: behavior=uniform, target=logistic, state_dim=5, action_dim=1
Note: policy.logistic.theta_scale/theta_std are log-scale coefficients in Probability_Densities.
Behavior-policy linearized state-process diagnostic: spectral_radius=0.653, offline_burn_in=50
Replicate config OK: num_replicates=100, benchmark points=10 independent of D_i, loss target points=100
Transition reduction OK: method=kmeans, raw rows N(T-1)=12000, target rows about 3000, B rows reduced from 12000 to about 3000
Return-operator approximation OK: method=rff, features=512, exact G avoided for estimated N=12000, m=800, L=100
Fixed benchmark config rows=4 (benchmark.num_points=10; additional points are support-safe target-policy draws if needed)
Fixed benchmark point 0: s_star=[0.6, -0.8, 0.7, -0.5, 0.9], a_star=[0.5]
Fixed benchmark behavior-support interval for configured rows: min_lower=-0.12, max_upper=1.11
Fixed benchmark target-policy location range: [-0.02, 0.14]
Full benchmark support check OK: 10 points, min_lower=-2.177, max_upper=2.05
observed behavior actions: mean=0.4044, sd=0.6809, q0/q10/q50/q90/q100=[-2.3320207595825195, -0.41428176164627073, 0.3408023566007614, 1.3253890395164492, 2.8798258304595947]
target-policy sampled actions: mean=-0.008058, sd=0.6628, q0/q10/q50/q90/q100=[-2.7312567014021627, -0.8593182742035936, -0.006452575035924932, 0.8490183334437449, 2.2782995503640904]
behavior uniform lower: mean=-0.1084, sd=0.6568, q0/q10/q50/q90/q100=[-2.751205563545227, -0.9454405552148819, -0.10776476413011551, 0.7451298448443414, 2.1614640593528747]
behavior uniform upper: mean=0.9257, sd=0.6484, q0/q10/q50/q90/q100=[-0.9787215620279313, 0.07876502633094792, 0.941090276837349, 1.7698619389533998, 3.1614640593528747]
target location inside behavior uniform support: 0.969
RUN: /sw/user/python/miniforge3-pytorch-24.11.3/bin/python3 main_est.py
# ================================================================ #
#   Global KE-DRL estimation for one offline replicate              #
# ================================================================ #
Slurm Job ID: 2358919
Slurm Array ID: 42 -- used as the offline-replicate id
Offline data id: 42
ke_drl import source: /work/nvme/bfez/mehrdad3/DistRL/simulation_3/runs/sim3_global_2358722_1/.kedrl_site_142/ke_drl/__init__.py
Estimator device: cuda (NVIDIA GH200 120GB, capability 9.0); torch CUDA=13.0
Random seed: 20460554
Number of offline replicates: 100
[transition reduction] enabled: original rows=12000, target basis=3000, method=kmeans, device=cuda
[transition reduction] kmeans iter 1/20, mean center shift=2.7576e-01
[transition reduction] kmeans iter 5/20, mean center shift=4.9992e-03
[transition reduction] selected 3083 rows from 12000 transitions (ratio 0.2569); indices saved to data/reduced_transition_indices_42.pt
Data and parameters loaded.
offline path: data/offline_data_42.pt
benchmark true-Z path: data/Z_true.pt
offline shapes after reduction: s0=(3083, 5), a0=(3083, 1), r0=(3083, 3)
transition reduction: {'enabled': True, 'method': 'kmeans', 'original_rows': 12000, 'reduced_rows': 3083, 'selected_indices_path': 'data/reduced_transition_indices_42.pt', 'target_basis': 3000, 'compression_ratio': 0.2569166666666667}
fixed benchmark point source: fixed_config_plus_support_safe_target_policy_draws
benchmark row excluded from this offline data: None
global loss target set shape: s_star=(100, 5), a_star=(100, 1)
benchmark true-Z count=10, shape each=(50000, 3)
target policy: logistic
behavior policy: uniform
lambda_Gamma=0.005, lambda_B=0.002, d_r_method=song
dtype=torch.float32, operator_method=rff, operator_num_features=512
ridge_mode=rkhs, diagnostic_interval=50
mass_anchor_lambda=1.0, target_mass=1.0
uLSIF basis: source=numerator, n_basis=512, lambda_reg=0.005
optimizer stabilizers: lambda_neg=0.0, max_B_norm=None, eta_clip_min=0.0, eta_clip_max=5.0, normalize_eta=True
========================================
Estimating the global KE-DRL mean embedding
torch device=cuda, dtype=torch.float32
Data dims: N=3083, L=100, Ds=5, Da=1, Dr=3
lambda_Gamma=0.005, lambda_B=0.002
return-operator construction: method=rff, rff_features=512
[uLSIF] basis=512/3083 (numerator); eta_hat min=-8.149e-01 max=5.796e+00 neg%=4.54
ESS for eta_plus: 2087.4 / 3083
eta_plus diagnostics: raw_mean=0.999, raw_min=-0.815, raw_max=5.8; used_mean=1, used_min=0, used_max=4.96
[timing] Z-grid: 0.03s
[timing] K_X: 0.00s
[timing] K_plus: 0.00s
[timing] k_star: 0.00s
[timing] Gamma_stack: 0.01s
[timing] Phi_stack: 0.00s
[timing] RFF feature sample: 0.00s
[timing] K_Z RFF: 0.00s
[timing] G_stack RFF: 0.01s
[timing] H_stack RFF: 0.01s
findfont: Font family 'Nimbus Roman' not found.
findfont: Font family 'Nimbus Roman' not found.
findfont: Font family 'Nimbus Roman' not found.
findfont: Font family 'Nimbus Roman' not found.
findfont: Font family 'Nimbus Roman' not found.
findfont: Font family 'Nimbus Roman' not found.
findfont: Font family 'Nimbus Roman' not found.
findfont: Font family 'Nimbus Roman' not found.
findfont: Font family 'Nimbus Roman' not found.
findfont: Font family 'Nimbus Roman' not found.
findfont: Font family 'Nimbus Roman' not found.
findfont: Font family 'Nimbus Roman' not found.
findfont: Font family 'Nimbus Roman' not found.
findfont: Font family 'Nimbus Roman' not found.
findfont: Font family 'Nimbus Roman' not found.
findfont: Font family 'Nimbus Roman' not found.
findfont: Font family 'Nimbus Roman' not found.
findfont: Font family 'Nimbus Roman' not found.
findfont: Font family 'Nimbus Roman' not found.
findfont: Font family 'Nimbus Roman' not found.
findfont: Font family 'Nimbus Roman' not found.
findfont: Font family 'Nimbus Roman' not found.
findfont: Font family 'Nimbus Roman' not found.
findfont: Font family 'Nimbus Roman' not found.
findfont: Font family 'Nimbus Roman' not found.
findfont: Font family 'Nimbus Roman' not found.
findfont: Font family 'Nimbus Roman' not found.
findfont: Font family 'Nimbus Roman' not found.
findfont: Font family 'Nimbus Roman' not found.
findfont: Font family 'Nimbus Roman' not found.
findfont: Font family 'Nimbus Roman' not found.
findfont: Font family 'Nimbus Roman' not found.
findfont: Font family 'Nimbus Roman' not found.
findfont: Font family 'Nimbus Roman' not found.
findfont: Font family 'Nimbus Roman' not found.
findfont: Font family 'Nimbus Roman' not found.
findfont: Font family 'Nimbus Roman' not found.
findfont: Font family 'Nimbus Roman' not found.
findfont: Font family 'Nimbus Roman' not found.
findfont: Font family 'Nimbus Roman' not found.
findfont: Font family 'Nimbus Roman' not found.
findfont: Font family 'Nimbus Roman' not found.
findfont: Font family 'Nimbus Roman' not found.
findfont: Font family 'Nimbus Roman' not found.
findfont: Font family 'Nimbus Roman' not found.
findfont: Font family ['Nimbus Roman'] not found. Falling back to DejaVu Sans.
findfont: Font family 'Nimbus Roman' not found.
findfont: Font family ['Nimbus Roman'] not found. Falling back to DejaVu Sans.
findfont: Font family 'Nimbus Roman' not found.
findfont: Font family 'Nimbus Roman' not found.
findfont: Font family 'Nimbus Roman' not found.
findfont: Font family 'Nimbus Roman' not found.
findfont: Font family 'Nimbus Roman' not found.
findfont: Font family 'Nimbus Roman' not found.
findfont: Font family 'Nimbus Roman' not found.
findfont: Font family 'Nimbus Roman' not found.
findfont: Font family 'Nimbus Roman' not found.
findfont: Font family ['Nimbus Roman'] not found. Falling back to DejaVu Sans.
findfont: Font family 'Nimbus Roman' not found.
findfont: Font family 'Nimbus Roman' not found.
findfont: Font family 'Nimbus Roman' not found.
findfont: Font family 'Nimbus Roman' not found.
findfont: Font family 'Nimbus Roman' not found.
findfont: Font family 'Nimbus Roman' not found.
findfont: Font family 'Nimbus Roman' not found.
findfont: Font family 'Nimbus Roman' not found.
findfont: Font family 'Nimbus Roman' not found.
findfont: Font family 'Nimbus Roman' not found.
findfont: Font family 'Nimbus Roman' not found.
findfont: Font family 'Nimbus Roman' not found.
findfont: Font family 'Nimbus Roman' not found.
findfont: Font family 'Nimbus Roman' not found.
findfont: Font family 'Nimbus Roman' not found.
findfont: Font family 'Nimbus Roman' not found.
findfont: Font family 'Nimbus Roman' not found.
findfont: Font family 'Nimbus Roman' not found.
findfont: Font family 'Nimbus Roman' not found.
findfont: Font family 'Nimbus Roman' not found.
findfont: Font family 'Nimbus Roman' not found.
findfont: Font family 'Nimbus Roman' not found.
findfont: Font family 'Nimbus Roman' not found.
findfont: Font family 'Nimbus Roman' not found.
findfont: Font family 'Nimbus Roman' not found.
findfont: Font family 'Nimbus Roman' not found.
findfont: Font family 'Nimbus Roman' not found.
findfont: Font family 'Nimbus Roman' not found.
findfont: Font family 'Nimbus Roman' not found.
findfont: Font family 'Nimbus Roman' not found.
findfont: Font family 'Nimbus Roman' not found.
findfont: Font family 'Nimbus Roman' not found.
findfont: Font family 'Nimbus Roman' not found.
findfont: Font family 'Nimbus Roman' not found.
findfont: Font family 'Nimbus Roman' not found.
findfont: Font family 'Nimbus Roman' not found.
findfont: Font family 'Nimbus Roman' not found.
findfont: Font family 'Nimbus Roman' not found.
findfont: Font family 'Nimbus Roman' not found.
findfont: Font family 'Nimbus Roman' not found.
findfont: Font family 'Nimbus Roman' not found.
findfont: Font family 'Nimbus Roman' not found.
findfont: Font family 'Nimbus Roman' not found.
findfont: Font family 'Nimbus Roman' not found.
findfont: Font family 'Nimbus Roman' not found.
findfont: Font family 'Nimbus Roman' not found.
findfont: Font family 'Nimbus Roman' not found.
findfont: Font family 'Nimbus Roman' not found.
findfont: Font family 'Nimbus Roman' not found.
findfont: Font family 'Nimbus Roman' not found.
findfont: Font family 'Nimbus Roman' not found.
findfont: Font family 'Nimbus Roman' not found.
findfont: Font family 'Nimbus Roman' not found.
findfont: Font family 'Nimbus Roman' not found.
findfont: Font family 'Nimbus Roman' not found.
findfont: Font family 'Nimbus Roman' not found.
findfont: Font family 'Nimbus Roman' not found.
findfont: Font family 'Nimbus Roman' not found.
findfont: Font family 'Nimbus Roman' not found.
findfont: Font family 'Nimbus Roman' not found.
findfont: Font family 'Nimbus Roman' not found.
findfont: Font family 'Nimbus Roman' not found.
findfont: Font family 'Nimbus Roman' not found.
findfont: Font family 'Nimbus Roman' not found.
findfont: Font family 'Nimbus Roman' not found.
findfont: Font family 'Nimbus Roman' not found.
findfont: Font family 'Nimbus Roman' not found.
findfont: Font family 'Nimbus Roman' not found.
findfont: Font family 'Nimbus Roman' not found.
findfont: Font family 'Nimbus Roman' not found.
findfont: Font family 'Nimbus Roman' not found.
findfont: Font family 'Nimbus Roman' not found.
findfont: Font family 'Nimbus Roman' not found.
findfont: Font family 'Nimbus Roman' not found.
findfont: Font family 'Nimbus Roman' not found.
findfont: Font family 'Nimbus Roman' not found.
findfont: Font family 'Nimbus Roman' not found.
findfont: Font family 'Nimbus Roman' not found.
findfont: Font family 'Nimbus Roman' not found.
Ridge mode: rkhs; diagnostic interval: 50
Iter 1/4000 | log_obj=9.845e+00 | log_Bellman_root=3.565e+00 | mass=1.76e+04 | neg=0.00e+00 | grad=6.31e+02
Iter 400/4000 | log_obj=4.493e+00 | log_Bellman_root=8.882e-01 | mass=8.35e+01 | neg=0.00e+00 | grad=7.86e+03
Iter 800/4000 | log_obj=6.079e+00 | log_Bellman_root=1.673e+00 | mass=4.08e+02 | neg=0.00e+00 | grad=9.83e+03
Iter 1200/4000 | log_obj=3.727e+00 | log_Bellman_root=5.059e-01 | mass=3.88e+01 | neg=0.00e+00 | grad=9.79e+03
Iter 1600/4000 | log_obj=4.151e+00 | log_Bellman_root=7.161e-01 | mass=5.93e+01 | neg=0.00e+00 | grad=1.85e+03
Iter 2000/4000 | log_obj=3.954e+00 | log_Bellman_root=6.089e-01 | mass=4.88e+01 | neg=0.00e+00 | grad=2.83e+03
Iter 2400/4000 | log_obj=3.731e+00 | log_Bellman_root=5.068e-01 | mass=3.90e+01 | neg=0.00e+00 | grad=6.98e+03
Iter 2800/4000 | log_obj=3.171e+00 | log_Bellman_root=2.289e-01 | mass=2.23e+01 | neg=0.00e+00 | grad=2.23e+03
Iter 3200/4000 | log_obj=1.346e+00 | log_Bellman_root=-6.924e-01 | mass=3.59e+00 | neg=0.00e+00 | grad=2.67e+03
Iter 3600/4000 | log_obj=1.998e+00 | log_Bellman_root=-3.687e-01 | mass=6.89e+00 | neg=0.00e+00 | grad=1.75e+03
Iter 4000/4000 | log_obj=3.175e+00 | log_Bellman_root=2.298e-01 | mass=2.23e+01 | neg=0.00e+00 | grad=2.24e+03
Returning best diagnostic checkpoint from step 3950 (objective=3.819e+00, Bellman=2.490e-01).
Done in 11.50s.
KE-DRL global estimation is done.
B_hat shape: (3083, 800)
B_hat rank diagnostics: {'B_num_rows': 3083, 'B_num_cols': 800, 'B_min_dim': 800, 'B_numerical_rank': 800, 'B_rank_fraction': 1.0, 'B_rank_tolerance': 3.570816109910169e-05, 'B_stable_rank': 261.14935302734375, 'B_effective_rank': 771.708782431802, 'B_entropy_rank': 6.64860725402832, 'B_spectral_norm': 0.09715918451547623, 'B_frobenius_norm': 1.5701037645339966, 'B_nuclear_norm': 42.907958984375, 'B_condition_number': 3.5310039863119114, 'B_condition_number_tol': 3.5310039863119114, 'B_smallest_singular_value': 0.027516022324562073, 'B_rank_rel_1em2': 800, 'B_rank_rel_1em3': 800, 'B_rank_rel_1em4': 800}
Global-loss target mass diagnostics: {'target_mass_mean': -0.7695396542549133, 'target_mass_min': -2.1965038776397705, 'target_mass_max': 0.5680598020553589, 'target_mass_sd': 0.6626313924789429, 'target_mass_rmse_to_target': 1.8883750438690186, 'target_beta_min': -0.04557207599282265, 'target_beta_max': 0.06790503859519958, 'target_neg_frac_mean': 0.5519750000000001}
Return dictionary Z_grid shape: (800, 3)
Replicate 42 risk metrics: {'risk_n_steps_recorded': 81.0, 'risk_n_diagnostics_recorded': 81.0, 'risk_log_obj_initial': 9.844552055103357, 'risk_log_obj_final': 3.1745205105324943, 'risk_log_obj_min': 1.3399455948336456, 'risk_obj_initial': 18855.351562500007, 'risk_obj_final': 23.915349960327145, 'risk_obj_min': 3.818835735321045, 'risk_log_obj_drop': 6.670031544570863, 'risk_log_bellman_root_initial': 3.5654989378992443, 'risk_log_bellman_root_final': 0.2297590981238479, 'risk_log_bellman_root_min': -0.6950558727501629, 'risk_bellman_root_initial': 35.35708999633789, 'risk_bellman_root_final': 1.2582968473434448, 'risk_bellman_root_min': 0.49904656410217285, 'risk_bellman_initial': 1250.123813009137, 'risk_bellman_final': 1.5833109560344525, 'risk_bellman_min': 0.24904747314218414, 'risk_log_bellman_root_drop': 3.3357398397753966, 'risk_bellman_returned': 0.24904748797416687, 'risk_obj_returned': 3.818835735321045, 'risk_returned_step': 3950.0, 'offline_data_id': 42, 'benchmark_point_source': 'fixed_config_plus_support_safe_target_policy_draws', 'target_set_size': 100, 'lambda_reg': 0.005, 'lambda_B': 0.002, 'num_steps': 4000, 'transition_reduction_enabled': 1, 'transition_reduction_method': 'kmeans', 'transition_original_rows': 12000, 'transition_reduced_rows': 3083, 'transition_compression_ratio': 0.2569166666666667, 'target_mass_mean': -0.7695396542549133, 'target_mass_min': -2.1965038776397705, 'target_mass_max': 0.5680598020553589, 'target_mass_sd': 0.6626313924789429, 'target_mass_rmse_to_target': 1.8883750438690186, 'target_beta_min': -0.04557207599282265, 'target_beta_max': 0.06790503859519958, 'target_neg_frac_mean': 0.5519750000000001, 'B_num_rows': 3083, 'B_num_cols': 800, 'B_min_dim': 800, 'B_numerical_rank': 800, 'B_rank_fraction': 1.0, 'B_rank_tolerance': 3.570816109910169e-05, 'B_stable_rank': 261.14935302734375, 'B_effective_rank': 771.708782431802, 'B_entropy_rank': 6.64860725402832, 'B_spectral_norm': 0.09715918451547623, 'B_frobenius_norm': 1.5701037645339966, 'B_nuclear_norm': 42.907958984375, 'B_condition_number': 3.5310039863119114, 'B_condition_number_tol': 3.5310039863119114, 'B_smallest_singular_value': 0.027516022324562073, 'B_rank_rel_1em2': 800, 'B_rank_rel_1em3': 800, 'B_rank_rel_1em4': 800, 'risk_objective_final_raw': 23.91534996032715, 'risk_objective_min_raw': 3.818835735321045, 'risk_objective_max_raw': 18855.3515625, 'risk_bellman_final_raw': 1.5833110809326172, 'risk_bellman_min_raw': 0.24904748797416687, 'risk_bellman_max_raw': 1250.1239013671875, 'risk_rkhs_ridge_final_raw': 0.004246251191943884, 'risk_rkhs_ridge_min_raw': 0.003828358370810747, 'risk_rkhs_ridge_max_raw': 0.2332272082567215, 'risk_mass_final_raw': 22.32779312133789, 'risk_mass_min_raw': 3.565959930419922, 'risk_mass_max_raw': 17604.994140625, 'risk_negativity_final_raw': 0.0, 'risk_negativity_min_raw': 0.0, 'risk_negativity_max_raw': 0.0, 'risk_B_norm_final_raw': 1.570192575454712, 'risk_B_norm_min_raw': 1.5699304342269897, 'risk_B_norm_max_raw': 1.6395817995071411, 'risk_diagnostic_step_final_raw': 4000.0, 'risk_diagnostic_step_min_raw': 1.0, 'risk_diagnostic_step_max_raw': 4000.0, 'risk_best_step_final_raw': 3950.0, 'risk_best_step_min_raw': 3950.0, 'risk_best_step_max_raw': 3950.0, 'risk_best_objective_final_raw': 3.818835735321045, 'risk_best_objective_min_raw': 3.818835735321045, 'risk_best_objective_max_raw': 3.818835735321045, 'risk_best_bellman_final_raw': 0.24904748797416687, 'risk_best_bellman_min_raw': 0.24904748797416687, 'risk_best_bellman_max_raw': 0.24904748797416687, 'risk_returned_step_final_raw': 3950.0, 'risk_returned_step_min_raw': 3950.0, 'risk_returned_step_max_raw': 3950.0, 'risk_returned_objective_final_raw': 3.818835735321045, 'risk_returned_objective_min_raw': 3.818835735321045, 'risk_returned_objective_max_raw': 3.818835735321045, 'risk_returned_bellman_final_raw': 0.24904748797416687, 'risk_returned_bellman_min_raw': 0.24904748797416687, 'risk_returned_bellman_max_raw': 0.24904748797416687, 'risk_returned_best_checkpoint_final_raw': 1.0, 'risk_returned_best_checkpoint_min_raw': 1.0, 'risk_returned_best_checkpoint_max_raw': 1.0}
Benchmark 0 evaluation grid shape: (800, 3)
Replicate 42, benchmark 0 metrics: {'run_id': '42_b0', 'RMSE': 0.3956717987876961, 'MAE': 0.35775978906298406, 'SupNorm': 0.7603084146976471, 'Bias': -0.35775978906298406, 'Corr': -0.13327778917153763, 'deming_slope': -4.656528876544456, 'deming_intercept': 1.1254912347023174, 'beta_sum': -0.41792863607406616, 'beta_l1': 4.561088562011719, 'beta_l2': 0.20227986574172974, 'beta_min': -0.02333768829703331, 'beta_max': 0.019892070442438126, 'beta_neg_frac': 0.53125, 'offline_data_id': 42, 'benchmark_id': 0, 'benchmark_point_source': 'fixed_config', 'target_set_size': 100, 'benchmark_z_path': 'data/Z_true.pt', 'projected_bellman_test_risk': 0.019744250923395157, 'oracle_embedding_risk': 1.462397575378418, 'benchmark_embedding_risk': 1.462397575378418, 'risk_bellman_final': 1.5833109560344525, 'risk_obj_final': 23.915349960327145, 'B_num_rows': 3083, 'B_num_cols': 800, 'B_min_dim': 800, 'B_numerical_rank': 800, 'B_rank_fraction': 1.0, 'B_rank_tolerance': 3.570816109910169e-05, 'B_stable_rank': 261.14935302734375, 'B_effective_rank': 771.708782431802, 'B_entropy_rank': 6.64860725402832, 'B_spectral_norm': 0.09715918451547623, 'B_frobenius_norm': 1.5701037645339966, 'B_nuclear_norm': 42.907958984375, 'B_condition_number': 3.5310039863119114, 'B_condition_number_tol': 3.5310039863119114, 'B_smallest_singular_value': 0.027516022324562073, 'B_rank_rel_1em2': 800, 'B_rank_rel_1em3': 800, 'B_rank_rel_1em4': 800}
Saved ./mu/mu_hat.csv shape=(800,)
Saved ./mu/mu2D_hat_dims01.csv shape=(120, 120)
Saved ./mu/mu2D_hat_dims01.csv shape=(120, 120)
Saved plots/replicate_42/mu_3D.png
Benchmark 1 evaluation grid shape: (800, 3)
Replicate 42, benchmark 1 metrics: {'run_id': '42_b1', 'RMSE': 1.1044587134034491, 'MAE': 1.0181170970524545, 'SupNorm': 1.838368833065033, 'Bias': -1.0181170970524545, 'Corr': -0.9853809914856402, 'deming_slope': -3.5253371211599784, 'deming_intercept': 0.1608883533066765, 'beta_sum': -2.3638739585876465, 'beta_l1': 8.039737701416016, 'beta_l2': 0.35304227471351624, 'beta_min': -0.0454137846827507, 'beta_max': 0.032224614173173904, 'beta_neg_frac': 0.6025, 'offline_data_id': 42, 'benchmark_id': 1, 'benchmark_point_source': 'fixed_config', 'target_set_size': 100, 'benchmark_z_path': 'data/Z_true.pt', 'projected_bellman_test_risk': 0.4781803786754608, 'oracle_embedding_risk': 4.8592634201049805, 'benchmark_embedding_risk': 4.8592634201049805, 'risk_bellman_final': 1.5833109560344525, 'risk_obj_final': 23.915349960327145, 'B_num_rows': 3083, 'B_num_cols': 800, 'B_min_dim': 800, 'B_numerical_rank': 800, 'B_rank_fraction': 1.0, 'B_rank_tolerance': 3.570816109910169e-05, 'B_stable_rank': 261.14935302734375, 'B_effective_rank': 771.708782431802, 'B_entropy_rank': 6.64860725402832, 'B_spectral_norm': 0.09715918451547623, 'B_frobenius_norm': 1.5701037645339966, 'B_nuclear_norm': 42.907958984375, 'B_condition_number': 3.5310039863119114, 'B_condition_number_tol': 3.5310039863119114, 'B_smallest_singular_value': 0.027516022324562073, 'B_rank_rel_1em2': 800, 'B_rank_rel_1em3': 800, 'B_rank_rel_1em4': 800}
Benchmark 2 evaluation grid shape: (800, 3)
Replicate 42, benchmark 2 metrics: {'run_id': '42_b2', 'RMSE': 1.0397982006031015, 'MAE': 0.9584857053935412, 'SupNorm': 1.7342222034931183, 'Bias': -0.9584857053935412, 'Corr': -0.86273831763293, 'deming_slope': -3.9193135461630884, 'deming_intercept': 0.36005554104748305, 'beta_sum': -2.158768653869629, 'beta_l1': 7.8240861892700195, 'beta_l2': 0.34495657682418823, 'beta_min': -0.04034459590911865, 'beta_max': 0.03215714544057846, 'beta_neg_frac': 0.61, 'offline_data_id': 42, 'benchmark_id': 2, 'benchmark_point_source': 'fixed_config', 'target_set_size': 100, 'benchmark_z_path': 'data/Z_true.pt', 'projected_bellman_test_risk': 0.3599378168582916, 'oracle_embedding_risk': 4.401263236999512, 'benchmark_embedding_risk': 4.401263236999512, 'risk_bellman_final': 1.5833109560344525, 'risk_obj_final': 23.915349960327145, 'B_num_rows': 3083, 'B_num_cols': 800, 'B_min_dim': 800, 'B_numerical_rank': 800, 'B_rank_fraction': 1.0, 'B_rank_tolerance': 3.570816109910169e-05, 'B_stable_rank': 261.14935302734375, 'B_effective_rank': 771.708782431802, 'B_entropy_rank': 6.64860725402832, 'B_spectral_norm': 0.09715918451547623, 'B_frobenius_norm': 1.5701037645339966, 'B_nuclear_norm': 42.907958984375, 'B_condition_number': 3.5310039863119114, 'B_condition_number_tol': 3.5310039863119114, 'B_smallest_singular_value': 0.027516022324562073, 'B_rank_rel_1em2': 800, 'B_rank_rel_1em3': 800, 'B_rank_rel_1em4': 800}
Benchmark 3 evaluation grid shape: (800, 3)
Replicate 42, benchmark 3 metrics: {'run_id': '42_b3', 'RMSE': 0.9993031000656797, 'MAE': 0.9142584807612002, 'SupNorm': 1.6918658018112183, 'Bias': -0.9142584807612002, 'Corr': -0.8846323039338158, 'deming_slope': -3.689399001863593, 'deming_intercept': 0.30146842046689704, 'beta_sum': -2.1237118244171143, 'beta_l1': 7.660160064697266, 'beta_l2': 0.33918270468711853, 'beta_min': -0.04260271415114403, 'beta_max': 0.031121617183089256, 'beta_neg_frac': 0.60125, 'offline_data_id': 42, 'benchmark_id': 3, 'benchmark_point_source': 'fixed_config', 'target_set_size': 100, 'benchmark_z_path': 'data/Z_true.pt', 'projected_bellman_test_risk': 0.31986773014068604, 'oracle_embedding_risk': 4.2764410972595215, 'benchmark_embedding_risk': 4.2764410972595215, 'risk_bellman_final': 1.5833109560344525, 'risk_obj_final': 23.915349960327145, 'B_num_rows': 3083, 'B_num_cols': 800, 'B_min_dim': 800, 'B_numerical_rank': 800, 'B_rank_fraction': 1.0, 'B_rank_tolerance': 3.570816109910169e-05, 'B_stable_rank': 261.14935302734375, 'B_effective_rank': 771.708782431802, 'B_entropy_rank': 6.64860725402832, 'B_spectral_norm': 0.09715918451547623, 'B_frobenius_norm': 1.5701037645339966, 'B_nuclear_norm': 42.907958984375, 'B_condition_number': 3.5310039863119114, 'B_condition_number_tol': 3.5310039863119114, 'B_smallest_singular_value': 0.027516022324562073, 'B_rank_rel_1em2': 800, 'B_rank_rel_1em3': 800, 'B_rank_rel_1em4': 800}
Benchmark 4 evaluation grid shape: (800, 3)
Replicate 42, benchmark 4 metrics: {'run_id': '42_b4', 'RMSE': 0.21342323516636225, 'MAE': 0.190798893571191, 'SupNorm': 0.510093554854393, 'Bias': -0.190798893571191, 'Corr': 0.5516616848771506, 'deming_slope': 1.2381238078218748, 'deming_intercept': -0.25428381601927186, 'beta_sum': 0.021311327815055847, 'beta_l1': 4.725628852844238, 'beta_l2': 0.22874385118484497, 'beta_min': -0.020153705030679703, 'beta_max': 0.0535421296954155, 'beta_neg_frac': 0.54625, 'offline_data_id': 42, 'benchmark_id': 4, 'benchmark_point_source': 'support_safe_target_policy_draw', 'target_set_size': 100, 'benchmark_z_path': 'data/Z_true.pt', 'projected_bellman_test_risk': 0.02652549371123314, 'oracle_embedding_risk': 1.0866775512695312, 'benchmark_embedding_risk': 1.0866775512695312, 'risk_bellman_final': 1.5833109560344525, 'risk_obj_final': 23.915349960327145, 'B_num_rows': 3083, 'B_num_cols': 800, 'B_min_dim': 800, 'B_numerical_rank': 800, 'B_rank_fraction': 1.0, 'B_rank_tolerance': 3.570816109910169e-05, 'B_stable_rank': 261.14935302734375, 'B_effective_rank': 771.708782431802, 'B_entropy_rank': 6.64860725402832, 'B_spectral_norm': 0.09715918451547623, 'B_frobenius_norm': 1.5701037645339966, 'B_nuclear_norm': 42.907958984375, 'B_condition_number': 3.5310039863119114, 'B_condition_number_tol': 3.5310039863119114, 'B_smallest_singular_value': 0.027516022324562073, 'B_rank_rel_1em2': 800, 'B_rank_rel_1em3': 800, 'B_rank_rel_1em4': 800}
Benchmark 5 evaluation grid shape: (800, 3)
Replicate 42, benchmark 5 metrics: {'run_id': '42_b5', 'RMSE': 0.24478425898410439, 'MAE': 0.2276057040861133, 'SupNorm': 0.39355603232979774, 'Bias': -0.2273725390115078, 'Corr': 0.2317726137418974, 'deming_slope': 0.054957536997516966, 'deming_intercept': 0.015488824500119939, 'beta_sum': 0.2721349895000458, 'beta_l1': 0.6715220212936401, 'beta_l2': 0.030327485874295235, 'beta_min': -0.0025858248118311167, 'beta_max': 0.005699226167052984, 'beta_neg_frac': 0.36375, 'offline_data_id': 42, 'benchmark_id': 5, 'benchmark_point_source': 'support_safe_target_policy_draw', 'target_set_size': 100, 'benchmark_z_path': 'data/Z_true.pt', 'projected_bellman_test_risk': 0.022520167753100395, 'oracle_embedding_risk': 0.9550588726997375, 'benchmark_embedding_risk': 0.9550588726997375, 'risk_bellman_final': 1.5833109560344525, 'risk_obj_final': 23.915349960327145, 'B_num_rows': 3083, 'B_num_cols': 800, 'B_min_dim': 800, 'B_numerical_rank': 800, 'B_rank_fraction': 1.0, 'B_rank_tolerance': 3.570816109910169e-05, 'B_stable_rank': 261.14935302734375, 'B_effective_rank': 771.708782431802, 'B_entropy_rank': 6.64860725402832, 'B_spectral_norm': 0.09715918451547623, 'B_frobenius_norm': 1.5701037645339966, 'B_nuclear_norm': 42.907958984375, 'B_condition_number': 3.5310039863119114, 'B_condition_number_tol': 3.5310039863119114, 'B_smallest_singular_value': 0.027516022324562073, 'B_rank_rel_1em2': 800, 'B_rank_rel_1em3': 800, 'B_rank_rel_1em4': 800}
Benchmark 6 evaluation grid shape: (800, 3)
Replicate 42, benchmark 6 metrics: {'run_id': '42_b6', 'RMSE': 0.5653100103074492, 'MAE': 0.5066501882216108, 'SupNorm': 1.063677430152893, 'Bias': -0.5066501882216108, 'Corr': -0.3911360677467487, 'deming_slope': -4.291704595984293, 'deming_intercept': 0.8903131995182899, 'beta_sum': -0.9496438503265381, 'beta_l1': 5.651793479919434, 'beta_l2': 0.25304779410362244, 'beta_min': -0.028015896677970886, 'beta_max': 0.02562773786485195, 'beta_neg_frac': 0.555, 'offline_data_id': 42, 'benchmark_id': 6, 'benchmark_point_source': 'support_safe_target_policy_draw', 'target_set_size': 100, 'benchmark_z_path': 'data/Z_true.pt', 'projected_bellman_test_risk': 0.029987983405590057, 'oracle_embedding_risk': 2.1120893955230713, 'benchmark_embedding_risk': 2.1120893955230713, 'risk_bellman_final': 1.5833109560344525, 'risk_obj_final': 23.915349960327145, 'B_num_rows': 3083, 'B_num_cols': 800, 'B_min_dim': 800, 'B_numerical_rank': 800, 'B_rank_fraction': 1.0, 'B_rank_tolerance': 3.570816109910169e-05, 'B_stable_rank': 261.14935302734375, 'B_effective_rank': 771.708782431802, 'B_entropy_rank': 6.64860725402832, 'B_spectral_norm': 0.09715918451547623, 'B_frobenius_norm': 1.5701037645339966, 'B_nuclear_norm': 42.907958984375, 'B_condition_number': 3.5310039863119114, 'B_condition_number_tol': 3.5310039863119114, 'B_smallest_singular_value': 0.027516022324562073, 'B_rank_rel_1em2': 800, 'B_rank_rel_1em3': 800, 'B_rank_rel_1em4': 800}
Benchmark 7 evaluation grid shape: (800, 3)
Replicate 42, benchmark 7 metrics: {'run_id': '42_b7', 'RMSE': 0.5402063632400221, 'MAE': 0.47761706619436156, 'SupNorm': 1.0460577011108398, 'Bias': -0.47761706619436156, 'Corr': -0.3084849117262092, 'deming_slope': -5.937651891978846, 'deming_intercept': 1.3364761677910602, 'beta_sum': -0.9637351036071777, 'beta_l1': 5.896676063537598, 'beta_l2': 0.2694803476333618, 'beta_min': -0.030809052288532257, 'beta_max': 0.0434221550822258, 'beta_neg_frac': 0.575, 'offline_data_id': 42, 'benchmark_id': 7, 'benchmark_point_source': 'support_safe_target_policy_draw', 'target_set_size': 100, 'benchmark_z_path': 'data/Z_true.pt', 'projected_bellman_test_risk': 0.07927022129297256, 'oracle_embedding_risk': 2.123807907104492, 'benchmark_embedding_risk': 2.123807907104492, 'risk_bellman_final': 1.5833109560344525, 'risk_obj_final': 23.915349960327145, 'B_num_rows': 3083, 'B_num_cols': 800, 'B_min_dim': 800, 'B_numerical_rank': 800, 'B_rank_fraction': 1.0, 'B_rank_tolerance': 3.570816109910169e-05, 'B_stable_rank': 261.14935302734375, 'B_effective_rank': 771.708782431802, 'B_entropy_rank': 6.64860725402832, 'B_spectral_norm': 0.09715918451547623, 'B_frobenius_norm': 1.5701037645339966, 'B_nuclear_norm': 42.907958984375, 'B_condition_number': 3.5310039863119114, 'B_condition_number_tol': 3.5310039863119114, 'B_smallest_singular_value': 0.027516022324562073, 'B_rank_rel_1em2': 800, 'B_rank_rel_1em3': 800, 'B_rank_rel_1em4': 800}
Benchmark 8 evaluation grid shape: (800, 3)
Replicate 42, benchmark 8 metrics: {'run_id': '42_b8', 'RMSE': 0.2828543795076062, 'MAE': 0.2580359583506652, 'SupNorm': 0.4918869137763977, 'Bias': -0.2580359583506652, 'Corr': -0.014310192932477428, 'deming_slope': -0.014980201662782444, 'deming_intercept': 0.006360479083028822, 'beta_sum': 0.054856546223163605, 'beta_l1': 3.5364890098571777, 'beta_l2': 0.15905623137950897, 'beta_min': -0.017890073359012604, 'beta_max': 0.02051236666738987, 'beta_neg_frac': 0.51375, 'offline_data_id': 42, 'benchmark_id': 8, 'benchmark_point_source': 'support_safe_target_policy_draw', 'target_set_size': 100, 'benchmark_z_path': 'data/Z_true.pt', 'projected_bellman_test_risk': 0.10057349503040314, 'oracle_embedding_risk': 1.0527317523956299, 'benchmark_embedding_risk': 1.0527317523956299, 'risk_bellman_final': 1.5833109560344525, 'risk_obj_final': 23.915349960327145, 'B_num_rows': 3083, 'B_num_cols': 800, 'B_min_dim': 800, 'B_numerical_rank': 800, 'B_rank_fraction': 1.0, 'B_rank_tolerance': 3.570816109910169e-05, 'B_stable_rank': 261.14935302734375, 'B_effective_rank': 771.708782431802, 'B_entropy_rank': 6.64860725402832, 'B_spectral_norm': 0.09715918451547623, 'B_frobenius_norm': 1.5701037645339966, 'B_nuclear_norm': 42.907958984375, 'B_condition_number': 3.5310039863119114, 'B_condition_number_tol': 3.5310039863119114, 'B_smallest_singular_value': 0.027516022324562073, 'B_rank_rel_1em2': 800, 'B_rank_rel_1em3': 800, 'B_rank_rel_1em4': 800}
Benchmark 9 evaluation grid shape: (800, 3)
Replicate 42, benchmark 9 metrics: {'run_id': '42_b9', 'RMSE': 0.5973392025052917, 'MAE': 0.5315114762171288, 'SupNorm': 1.0903185606002808, 'Bias': -0.5315114762171288, 'Corr': -0.4505024368685993, 'deming_slope': -4.2753068508433225, 'deming_intercept': 0.8704814946564634, 'beta_sum': -0.939481258392334, 'beta_l1': 6.050529479980469, 'beta_l2': 0.27159953117370605, 'beta_min': -0.030773205682635307, 'beta_max': 0.039959147572517395, 'beta_neg_frac': 0.5775, 'offline_data_id': 42, 'benchmark_id': 9, 'benchmark_point_source': 'support_safe_target_policy_draw', 'target_set_size': 100, 'benchmark_z_path': 'data/Z_true.pt', 'projected_bellman_test_risk': 0.009545164182782173, 'oracle_embedding_risk': 2.1961588859558105, 'benchmark_embedding_risk': 2.1961588859558105, 'risk_bellman_final': 1.5833109560344525, 'risk_obj_final': 23.915349960327145, 'B_num_rows': 3083, 'B_num_cols': 800, 'B_min_dim': 800, 'B_numerical_rank': 800, 'B_rank_fraction': 1.0, 'B_rank_tolerance': 3.570816109910169e-05, 'B_stable_rank': 261.14935302734375, 'B_effective_rank': 771.708782431802, 'B_entropy_rank': 6.64860725402832, 'B_spectral_norm': 0.09715918451547623, 'B_frobenius_norm': 1.5701037645339966, 'B_nuclear_norm': 42.907958984375, 'B_condition_number': 3.5310039863119114, 'B_condition_number_tol': 3.5310039863119114, 'B_smallest_singular_value': 0.027516022324562073, 'B_rank_rel_1em2': 800, 'B_rank_rel_1em3': 800, 'B_rank_rel_1em4': 800}
Replicate 42 finished in 20.7s
Finished combo 1, offline replicate 42.
