Job ID:    2359072
Array idx: 284
CPUs/node: 64
Mem/node:  131072
Using CC = cc 
Using CXX = CC 
Using FC = ftn 
Using F77 = ftn 
Using F90 = ftn 
cuda/12.6.1 is deprecated; loading cudatoolkit/25.5_12.9 instead.
Using CC = /opt/nvidia/hpc_sdk/Linux_aarch64/25.5/compilers/bin/nvc 
Using CXX = /opt/nvidia/hpc_sdk/Linux_aarch64/25.5/compilers/bin/nvc++ 
Using FC = /opt/nvidia/hpc_sdk/Linux_aarch64/25.5/compilers/bin/nvfortran 
Using F77 = /opt/nvidia/hpc_sdk/Linux_aarch64/25.5/compilers/bin/nvfortran 
Using F90 = /opt/nvidia/hpc_sdk/Linux_aarch64/25.5/compilers/bin/nvfortran 
Using CC = /opt/nvidia/hpc_sdk/Linux_aarch64/25.5/compilers/bin/nvc 
Using CXX = /opt/nvidia/hpc_sdk/Linux_aarch64/25.5/compilers/bin/nvc++ 
Using FC = /opt/nvidia/hpc_sdk/Linux_aarch64/25.5/compilers/bin/nvfortran 
Using F77 = /opt/nvidia/hpc_sdk/Linux_aarch64/25.5/compilers/bin/nvfortran 
Using F90 = /opt/nvidia/hpc_sdk/Linux_aarch64/25.5/compilers/bin/nvfortran 

Lmod is automatically replacing "gcc-native/14" with "gcc/14.2.0".

ghx4
0
Tuning combo id: 2 / 6
Offline replicate id: 84 / 99
Installing ke_drl from git: https://github.com/mehrdadmhmdi/ke-drl.git@main
Collecting git+https://github.com/mehrdadmhmdi/ke-drl.git@main
  Cloning https://github.com/mehrdadmhmdi/ke-drl.git (to revision main) to /tmp/pip-req-build-obs8ph4o
  Running command git clone --filter=blob:none --quiet https://github.com/mehrdadmhmdi/ke-drl.git /tmp/pip-req-build-obs8ph4o
  Resolved https://github.com/mehrdadmhmdi/ke-drl.git to commit 3c5d570e40ea15b1fbe4817b5f43b64c7b333e82
  Installing build dependencies: started
  Installing build dependencies: finished with status 'done'
  Getting requirements to build wheel: started
  Getting requirements to build wheel: finished with status 'done'
  Preparing metadata (pyproject.toml): started
  Preparing metadata (pyproject.toml): finished with status 'done'
Building wheels for collected packages: ke_drl
  Building wheel for ke_drl (pyproject.toml): started
  Building wheel for ke_drl (pyproject.toml): finished with status 'done'
  Created wheel for ke_drl: filename=ke_drl-0.1.0-py3-none-any.whl size=47219 sha256=ff9802717dd107d3644136caae837f5a66cf127b314d53860d376df79bb67e46
  Stored in directory: /tmp/pip-ephem-wheel-cache-3hm42bsa/wheels/24/47/ad/9a4ffd3b05d3e90e35ffc6e7324b735b8bfcf5f51aaf29a333
Successfully built ke_drl
Installing collected packages: ke_drl
Successfully installed ke_drl-0.1.0
Installed ke_drl source: /work/nvme/bfez/mehrdad3/DistRL/simulation_3/runs/sim3_global_2358722_2/.kedrl_site_284/ke_drl/__init__.py
Tuning combo 2: lambda_B_0.00002
Overrides: {'lambda_B': 2e-05}
RUN: /sw/user/python/miniforge3-pytorch-24.11.3/bin/python3 validate_sim_config.py --params params.yaml
ke_drl import source: /work/nvme/bfez/mehrdad3/DistRL/simulation_3/runs/sim3_global_2358722_2/.kedrl_site_284/ke_drl/__init__.py
ke_drl package API OK: prediction weights, RFF operators, rank diagnostics, and best-checkpoint optimizer available
Policy config OK: behavior=uniform, target=logistic, state_dim=5, action_dim=1
Note: policy.logistic.theta_scale/theta_std are log-scale coefficients in Probability_Densities.
Behavior-policy linearized state-process diagnostic: spectral_radius=0.653, offline_burn_in=50
Replicate config OK: num_replicates=100, benchmark points=10 independent of D_i, loss target points=100
Transition reduction OK: method=kmeans, raw rows N(T-1)=12000, target rows about 3000, B rows reduced from 12000 to about 3000
Return-operator approximation OK: method=rff, features=512, exact G avoided for estimated N=12000, m=800, L=100
Fixed benchmark config rows=4 (benchmark.num_points=10; additional points are support-safe target-policy draws if needed)
Fixed benchmark point 0: s_star=[0.6, -0.8, 0.7, -0.5, 0.9], a_star=[0.5]
Fixed benchmark behavior-support interval for configured rows: min_lower=-0.12, max_upper=1.11
Fixed benchmark target-policy location range: [-0.02, 0.14]
Reusing shared data from /work/nvme/bfez/mehrdad3/DistRL/simulation_3/runs/sim3_shared_data/data for offline replicate 84.
RUN: /sw/user/python/miniforge3-pytorch-24.11.3/bin/python3 validate_sim_config.py --params params.yaml --data data/offline_data_84.pt
ke_drl import source: /work/nvme/bfez/mehrdad3/DistRL/simulation_3/runs/sim3_global_2358722_2/.kedrl_site_284/ke_drl/__init__.py
ke_drl package API OK: prediction weights, RFF operators, rank diagnostics, and best-checkpoint optimizer available
Policy config OK: behavior=uniform, target=logistic, state_dim=5, action_dim=1
Note: policy.logistic.theta_scale/theta_std are log-scale coefficients in Probability_Densities.
Behavior-policy linearized state-process diagnostic: spectral_radius=0.653, offline_burn_in=50
Replicate config OK: num_replicates=100, benchmark points=10 independent of D_i, loss target points=100
Transition reduction OK: method=kmeans, raw rows N(T-1)=12000, target rows about 3000, B rows reduced from 12000 to about 3000
Return-operator approximation OK: method=rff, features=512, exact G avoided for estimated N=12000, m=800, L=100
Fixed benchmark config rows=4 (benchmark.num_points=10; additional points are support-safe target-policy draws if needed)
Fixed benchmark point 0: s_star=[0.6, -0.8, 0.7, -0.5, 0.9], a_star=[0.5]
Fixed benchmark behavior-support interval for configured rows: min_lower=-0.12, max_upper=1.11
Fixed benchmark target-policy location range: [-0.02, 0.14]
Full benchmark support check OK: 10 points, min_lower=-2.177, max_upper=2.05
observed behavior actions: mean=0.393, sd=0.6786, q0/q10/q50/q90/q100=[-2.115514039993286, -0.42570147216320037, 0.3279104083776474, 1.304693353176117, 3.203432083129883]
target-policy sampled actions: mean=-0.03207, sd=0.6694, q0/q10/q50/q90/q100=[-2.8682036414685075, -0.8899075449309733, -0.026924485561542946, 0.8277909928397336, 2.461826711972834]
behavior uniform lower: mean=-0.1313, sd=0.6634, q0/q10/q50/q90/q100=[-2.9454869985580445, -0.9775559735298157, -0.12865148261189455, 0.7128382200002672, 2.4026185750961306]
behavior uniform upper: mean=0.9152, sd=0.648, q0/q10/q50/q90/q100=[-0.9056912064552307, 0.0712007337808609, 0.9238100439310073, 1.748867127299309, 3.4026185750961306]
target location inside behavior uniform support: 0.966
RUN: /sw/user/python/miniforge3-pytorch-24.11.3/bin/python3 main_est.py
# ================================================================ #
#   Global KE-DRL estimation for one offline replicate              #
# ================================================================ #
Slurm Job ID: 2359072
Slurm Array ID: 84 -- used as the offline-replicate id
Offline data id: 84
ke_drl import source: /work/nvme/bfez/mehrdad3/DistRL/simulation_3/runs/sim3_global_2358722_2/.kedrl_site_284/ke_drl/__init__.py
Estimator device: cuda (NVIDIA GH200 120GB, capability 9.0); torch CUDA=13.0
Random seed: 20460596
Number of offline replicates: 100
[transition reduction] enabled: original rows=12000, target basis=3000, method=kmeans, device=cuda
[transition reduction] kmeans iter 1/20, mean center shift=2.7361e-01
[transition reduction] kmeans iter 5/20, mean center shift=4.6401e-03
[transition reduction] kmeans iter 10/20, mean center shift=1.5789e-04
[transition reduction] selected 3075 rows from 12000 transitions (ratio 0.2562); indices saved to data/reduced_transition_indices_84.pt
Data and parameters loaded.
offline path: data/offline_data_84.pt
benchmark true-Z path: data/Z_true.pt
offline shapes after reduction: s0=(3075, 5), a0=(3075, 1), r0=(3075, 3)
transition reduction: {'enabled': True, 'method': 'kmeans', 'original_rows': 12000, 'reduced_rows': 3075, 'selected_indices_path': 'data/reduced_transition_indices_84.pt', 'target_basis': 3000, 'compression_ratio': 0.25625}
fixed benchmark point source: fixed_config_plus_support_safe_target_policy_draws
benchmark row excluded from this offline data: None
global loss target set shape: s_star=(100, 5), a_star=(100, 1)
benchmark true-Z count=10, shape each=(50000, 3)
target policy: logistic
behavior policy: uniform
lambda_Gamma=0.005, lambda_B=2e-05, d_r_method=song
dtype=torch.float32, operator_method=rff, operator_num_features=512
ridge_mode=rkhs, diagnostic_interval=50
mass_anchor_lambda=1.0, target_mass=1.0
uLSIF basis: source=numerator, n_basis=512, lambda_reg=0.005
optimizer stabilizers: lambda_neg=0.0, max_B_norm=None, eta_clip_min=0.0, eta_clip_max=5.0, normalize_eta=True
========================================
Estimating the global KE-DRL mean embedding
torch device=cuda, dtype=torch.float32
Data dims: N=3075, L=100, Ds=5, Da=1, Dr=3
lambda_Gamma=0.005, lambda_B=2e-05
return-operator construction: method=rff, rff_features=512
[uLSIF] basis=512/3075 (numerator); eta_hat min=-8.006e-01 max=5.155e+00 neg%=4.03
ESS for eta_plus: 2169.3 / 3075
eta_plus diagnostics: raw_mean=1, raw_min=-0.801, raw_max=5.15; used_mean=1, used_min=0, used_max=4.95
[timing] Z-grid: 0.03s
[timing] K_X: 0.00s
[timing] K_plus: 0.00s
[timing] k_star: 0.00s
[timing] Gamma_stack: 0.01s
[timing] Phi_stack: 0.00s
[timing] RFF feature sample: 0.00s
[timing] K_Z RFF: 0.00s
[timing] G_stack RFF: 0.01s
[timing] H_stack RFF: 0.01s
findfont: Font family 'Nimbus Roman' not found.
findfont: Font family 'Nimbus Roman' not found.
findfont: Font family 'Nimbus Roman' not found.
findfont: Font family 'Nimbus Roman' not found.
findfont: Font family 'Nimbus Roman' not found.
findfont: Font family 'Nimbus Roman' not found.
findfont: Font family 'Nimbus Roman' not found.
findfont: Font family 'Nimbus Roman' not found.
findfont: Font family 'Nimbus Roman' not found.
findfont: Font family 'Nimbus Roman' not found.
findfont: Font family 'Nimbus Roman' not found.
findfont: Font family 'Nimbus Roman' not found.
findfont: Font family 'Nimbus Roman' not found.
findfont: Font family 'Nimbus Roman' not found.
findfont: Font family 'Nimbus Roman' not found.
findfont: Font family 'Nimbus Roman' not found.
findfont: Font family 'Nimbus Roman' not found.
findfont: Font family 'Nimbus Roman' not found.
findfont: Font family 'Nimbus Roman' not found.
findfont: Font family 'Nimbus Roman' not found.
findfont: Font family 'Nimbus Roman' not found.
findfont: Font family 'Nimbus Roman' not found.
findfont: Font family 'Nimbus Roman' not found.
findfont: Font family 'Nimbus Roman' not found.
findfont: Font family 'Nimbus Roman' not found.
findfont: Font family 'Nimbus Roman' not found.
findfont: Font family 'Nimbus Roman' not found.
findfont: Font family 'Nimbus Roman' not found.
findfont: Font family 'Nimbus Roman' not found.
findfont: Font family 'Nimbus Roman' not found.
findfont: Font family 'Nimbus Roman' not found.
findfont: Font family 'Nimbus Roman' not found.
findfont: Font family 'Nimbus Roman' not found.
findfont: Font family 'Nimbus Roman' not found.
findfont: Font family 'Nimbus Roman' not found.
findfont: Font family 'Nimbus Roman' not found.
findfont: Font family 'Nimbus Roman' not found.
findfont: Font family 'Nimbus Roman' not found.
findfont: Font family 'Nimbus Roman' not found.
findfont: Font family 'Nimbus Roman' not found.
findfont: Font family 'Nimbus Roman' not found.
findfont: Font family 'Nimbus Roman' not found.
findfont: Font family 'Nimbus Roman' not found.
findfont: Font family 'Nimbus Roman' not found.
findfont: Font family 'Nimbus Roman' not found.
findfont: Font family 'Nimbus Roman' not found.
findfont: Font family 'Nimbus Roman' not found.
findfont: Font family 'Nimbus Roman' not found.
findfont: Font family ['Nimbus Roman'] not found. Falling back to DejaVu Sans.
findfont: Font family 'Nimbus Roman' not found.
findfont: Font family ['Nimbus Roman'] not found. Falling back to DejaVu Sans.
findfont: Font family 'Nimbus Roman' not found.
findfont: Font family 'Nimbus Roman' not found.
findfont: Font family 'Nimbus Roman' not found.
findfont: Font family 'Nimbus Roman' not found.
findfont: Font family 'Nimbus Roman' not found.
findfont: Font family 'Nimbus Roman' not found.
findfont: Font family 'Nimbus Roman' not found.
findfont: Font family 'Nimbus Roman' not found.
findfont: Font family 'Nimbus Roman' not found.
findfont: Font family 'Nimbus Roman' not found.
findfont: Font family 'Nimbus Roman' not found.
findfont: Font family 'Nimbus Roman' not found.
findfont: Font family ['Nimbus Roman'] not found. Falling back to DejaVu Sans.
findfont: Font family 'Nimbus Roman' not found.
findfont: Font family 'Nimbus Roman' not found.
findfont: Font family 'Nimbus Roman' not found.
findfont: Font family 'Nimbus Roman' not found.
findfont: Font family 'Nimbus Roman' not found.
findfont: Font family 'Nimbus Roman' not found.
findfont: Font family 'Nimbus Roman' not found.
findfont: Font family 'Nimbus Roman' not found.
findfont: Font family 'Nimbus Roman' not found.
findfont: Font family 'Nimbus Roman' not found.
findfont: Font family 'Nimbus Roman' not found.
findfont: Font family 'Nimbus Roman' not found.
findfont: Font family 'Nimbus Roman' not found.
findfont: Font family 'Nimbus Roman' not found.
findfont: Font family 'Nimbus Roman' not found.
findfont: Font family 'Nimbus Roman' not found.
findfont: Font family 'Nimbus Roman' not found.
findfont: Font family 'Nimbus Roman' not found.
findfont: Font family 'Nimbus Roman' not found.
findfont: Font family 'Nimbus Roman' not found.
findfont: Font family 'Nimbus Roman' not found.
findfont: Font family 'Nimbus Roman' not found.
findfont: Font family 'Nimbus Roman' not found.
findfont: Font family 'Nimbus Roman' not found.
findfont: Font family 'Nimbus Roman' not found.
findfont: Font family 'Nimbus Roman' not found.
findfont: Font family 'Nimbus Roman' not found.
findfont: Font family 'Nimbus Roman' not found.
findfont: Font family 'Nimbus Roman' not found.
findfont: Font family 'Nimbus Roman' not found.
findfont: Font family 'Nimbus Roman' not found.
findfont: Font family 'Nimbus Roman' not found.
findfont: Font family 'Nimbus Roman' not found.
findfont: Font family 'Nimbus Roman' not found.
findfont: Font family 'Nimbus Roman' not found.
findfont: Font family 'Nimbus Roman' not found.
findfont: Font family 'Nimbus Roman' not found.
findfont: Font family 'Nimbus Roman' not found.
findfont: Font family 'Nimbus Roman' not found.
findfont: Font family 'Nimbus Roman' not found.
findfont: Font family 'Nimbus Roman' not found.
findfont: Font family 'Nimbus Roman' not found.
findfont: Font family 'Nimbus Roman' not found.
findfont: Font family 'Nimbus Roman' not found.
findfont: Font family 'Nimbus Roman' not found.
findfont: Font family 'Nimbus Roman' not found.
findfont: Font family 'Nimbus Roman' not found.
findfont: Font family 'Nimbus Roman' not found.
findfont: Font family 'Nimbus Roman' not found.
findfont: Font family 'Nimbus Roman' not found.
findfont: Font family 'Nimbus Roman' not found.
findfont: Font family 'Nimbus Roman' not found.
findfont: Font family 'Nimbus Roman' not found.
findfont: Font family 'Nimbus Roman' not found.
findfont: Font family 'Nimbus Roman' not found.
findfont: Font family 'Nimbus Roman' not found.
findfont: Font family 'Nimbus Roman' not found.
findfont: Font family 'Nimbus Roman' not found.
findfont: Font family 'Nimbus Roman' not found.
findfont: Font family 'Nimbus Roman' not found.
findfont: Font family 'Nimbus Roman' not found.
findfont: Font family 'Nimbus Roman' not found.
findfont: Font family 'Nimbus Roman' not found.
findfont: Font family 'Nimbus Roman' not found.
findfont: Font family 'Nimbus Roman' not found.
findfont: Font family 'Nimbus Roman' not found.
findfont: Font family 'Nimbus Roman' not found.
findfont: Font family 'Nimbus Roman' not found.
findfont: Font family 'Nimbus Roman' not found.
findfont: Font family 'Nimbus Roman' not found.
findfont: Font family 'Nimbus Roman' not found.
findfont: Font family 'Nimbus Roman' not found.
findfont: Font family 'Nimbus Roman' not found.
findfont: Font family 'Nimbus Roman' not found.
findfont: Font family 'Nimbus Roman' not found.
findfont: Font family 'Nimbus Roman' not found.
findfont: Font family 'Nimbus Roman' not found.
findfont: Font family 'Nimbus Roman' not found.
findfont: Font family 'Nimbus Roman' not found.
findfont: Font family 'Nimbus Roman' not found.
findfont: Font family 'Nimbus Roman' not found.
findfont: Font family 'Nimbus Roman' not found.
findfont: Font family 'Nimbus Roman' not found.
findfont: Font family 'Nimbus Roman' not found.
findfont: Font family 'Nimbus Roman' not found.
Ridge mode: rkhs; diagnostic interval: 50
Iter 1/4000 | log_obj=9.866e+00 | log_Bellman_root=3.530e+00 | mass=1.81e+04 | neg=0.00e+00 | grad=6.55e+02
Iter 400/4000 | log_obj=3.902e+00 | log_Bellman_root=5.359e-01 | mass=4.66e+01 | neg=0.00e+00 | grad=5.12e+03
Iter 800/4000 | log_obj=3.892e+00 | log_Bellman_root=5.322e-01 | mass=4.61e+01 | neg=0.00e+00 | grad=5.10e+03
Iter 1200/4000 | log_obj=3.271e+00 | log_Bellman_root=2.221e-01 | mass=2.48e+01 | neg=0.00e+00 | grad=4.73e+02
Iter 1600/4000 | log_obj=1.521e+00 | log_Bellman_root=-6.233e-01 | mass=4.29e+00 | neg=0.00e+00 | grad=1.01e+03
Iter 2000/4000 | log_obj=1.533e+00 | log_Bellman_root=-6.196e-01 | mass=4.34e+00 | neg=0.00e+00 | grad=1.00e+03
Iter 2400/4000 | log_obj=1.271e+00 | log_Bellman_root=-7.693e-01 | mass=3.35e+00 | neg=0.00e+00 | grad=2.36e+03
Iter 2800/4000 | log_obj=3.515e+00 | log_Bellman_root=3.529e-01 | mass=3.16e+01 | neg=0.00e+00 | grad=2.86e+03
Iter 3200/4000 | log_obj=1.221e+00 | log_Bellman_root=-7.938e-01 | mass=3.18e+00 | neg=0.00e+00 | grad=2.65e+03
Iter 3600/4000 | log_obj=-1.300e+00 | log_Bellman_root=-1.912e+00 | mass=2.51e-01 | neg=0.00e+00 | grad=2.67e+02
Iter 4000/4000 | log_obj=-1.319e+00 | log_Bellman_root=-1.923e+00 | mass=2.46e-01 | neg=0.00e+00 | grad=2.70e+02
Done in 11.51s.
KE-DRL global estimation is done.
B_hat shape: (3075, 800)
B_hat rank diagnostics: {'B_num_rows': 3075, 'B_num_cols': 800, 'B_min_dim': 800, 'B_numerical_rank': 800, 'B_rank_fraction': 1.0, 'B_rank_tolerance': 5.30885971183892e-05, 'B_stable_rank': 118.47440338134766, 'B_effective_rank': 770.8606882447881, 'B_entropy_rank': 6.647507667541504, 'B_spectral_norm': 0.14482583105564117, 'B_frobenius_norm': 1.5763704776763916, 'B_nuclear_norm': 43.014122009277344, 'B_condition_number': 5.281570043651042, 'B_condition_number_tol': 5.281570043651042, 'B_smallest_singular_value': 0.027420980855822563, 'B_rank_rel_1em2': 800, 'B_rank_rel_1em3': 800, 'B_rank_rel_1em4': 800}
Global-loss target mass diagnostics: {'target_mass_mean': 0.5312802195549011, 'target_mass_min': 0.1933230459690094, 'target_mass_max': 0.8544436097145081, 'target_mass_sd': 0.16254009306430817, 'target_mass_rmse_to_target': 0.4958359897136688, 'target_beta_min': -0.07482491433620453, 'target_beta_max': 0.07306961715221405, 'target_neg_frac_mean': 0.48058750000000006}
Return dictionary Z_grid shape: (800, 3)
Replicate 84 risk metrics: {'risk_n_steps_recorded': 81.0, 'risk_n_diagnostics_recorded': 81.0, 'risk_log_obj_initial': 9.865609320663967, 'risk_log_obj_final': -1.3194224200779732, 'risk_log_obj_min': -1.3194224200779732, 'risk_obj_initial': 19256.603515625007, 'risk_obj_final': 0.2672896385192871, 'risk_obj_min': 0.2672896385192871, 'risk_log_obj_drop': 11.185031740741941, 'risk_log_bellman_root_initial': 3.5303153789401716, 'risk_log_bellman_root_final': -1.9225658094254963, 'risk_log_bellman_root_min': -1.9225658094254963, 'risk_bellman_root_initial': 34.13473129272462, 'risk_bellman_root_final': 0.1462312787771225, 'risk_bellman_root_min': 0.1462312787771225, 'risk_bellman_initial': 1165.179880426513, 'risk_bellman_final': 0.02138358689279252, 'risk_bellman_min': 0.02138358689279252, 'risk_log_bellman_root_drop': 5.452881188365668, 'risk_bellman_returned': 0.021383585408329964, 'risk_obj_returned': 0.2672896385192871, 'risk_returned_step': 4000.0, 'offline_data_id': 84, 'benchmark_point_source': 'fixed_config_plus_support_safe_target_policy_draws', 'target_set_size': 100, 'lambda_reg': 0.005, 'lambda_B': 2e-05, 'num_steps': 4000, 'transition_reduction_enabled': 1, 'transition_reduction_method': 'kmeans', 'transition_original_rows': 12000, 'transition_reduced_rows': 3075, 'transition_compression_ratio': 0.25625, 'target_mass_mean': 0.5312802195549011, 'target_mass_min': 0.1933230459690094, 'target_mass_max': 0.8544436097145081, 'target_mass_sd': 0.16254009306430817, 'target_mass_rmse_to_target': 0.4958359897136688, 'target_beta_min': -0.07482491433620453, 'target_beta_max': 0.07306961715221405, 'target_neg_frac_mean': 0.48058750000000006, 'B_num_rows': 3075, 'B_num_cols': 800, 'B_min_dim': 800, 'B_numerical_rank': 800, 'B_rank_fraction': 1.0, 'B_rank_tolerance': 5.30885971183892e-05, 'B_stable_rank': 118.47440338134766, 'B_effective_rank': 770.8606882447881, 'B_entropy_rank': 6.647507667541504, 'B_spectral_norm': 0.14482583105564117, 'B_frobenius_norm': 1.5763704776763916, 'B_nuclear_norm': 43.014122009277344, 'B_condition_number': 5.281570043651042, 'B_condition_number_tol': 5.281570043651042, 'B_smallest_singular_value': 0.027420980855822563, 'B_rank_rel_1em2': 800, 'B_rank_rel_1em3': 800, 'B_rank_rel_1em4': 800, 'risk_objective_final_raw': 0.2672896385192871, 'risk_objective_min_raw': 0.2672896385192871, 'risk_objective_max_raw': 19256.603515625, 'risk_bellman_final_raw': 0.021383585408329964, 'risk_bellman_min_raw': 0.021383585408329964, 'risk_bellman_max_raw': 1165.1798095703125, 'risk_rkhs_ridge_final_raw': 5.268919630907476e-05, 'risk_rkhs_ridge_min_raw': 5.024386337026954e-05, 'risk_rkhs_ridge_max_raw': 0.002343009691685438, 'risk_mass_final_raw': 0.24585334956645966, 'risk_mass_min_raw': 0.24585334956645966, 'risk_mass_max_raw': 18091.421875, 'risk_negativity_final_raw': 0.0, 'risk_negativity_min_raw': 0.0, 'risk_negativity_max_raw': 0.0, 'risk_B_norm_final_raw': 1.576191782951355, 'risk_B_norm_min_raw': 1.5695741176605225, 'risk_B_norm_max_raw': 1.6380276679992676, 'risk_diagnostic_step_final_raw': 4000.0, 'risk_diagnostic_step_min_raw': 1.0, 'risk_diagnostic_step_max_raw': 4000.0, 'risk_best_step_final_raw': 4000.0, 'risk_best_step_min_raw': 4000.0, 'risk_best_step_max_raw': 4000.0, 'risk_best_objective_final_raw': 0.2672896385192871, 'risk_best_objective_min_raw': 0.2672896385192871, 'risk_best_objective_max_raw': 0.2672896385192871, 'risk_best_bellman_final_raw': 0.021383585408329964, 'risk_best_bellman_min_raw': 0.021383585408329964, 'risk_best_bellman_max_raw': 0.021383585408329964, 'risk_returned_step_final_raw': 4000.0, 'risk_returned_step_min_raw': 4000.0, 'risk_returned_step_max_raw': 4000.0, 'risk_returned_objective_final_raw': 0.2672896385192871, 'risk_returned_objective_min_raw': 0.2672896385192871, 'risk_returned_objective_max_raw': 0.2672896385192871, 'risk_returned_bellman_final_raw': 0.021383585408329964, 'risk_returned_bellman_min_raw': 0.021383585408329964, 'risk_returned_bellman_max_raw': 0.021383585408329964, 'risk_returned_best_checkpoint_final_raw': 1.0, 'risk_returned_best_checkpoint_min_raw': 1.0, 'risk_returned_best_checkpoint_max_raw': 1.0}
Benchmark 0 evaluation grid shape: (800, 3)
Replicate 84, benchmark 0 metrics: {'run_id': '84_b0', 'RMSE': 0.14617600760833266, 'MAE': 0.1371928495746397, 'SupNorm': 0.22132661938667297, 'Bias': -0.13717711563876947, 'Corr': 0.9454585708127635, 'deming_slope': 0.5103251669352403, 'deming_intercept': -0.008774925301308106, 'beta_sum': 0.523734450340271, 'beta_l1': 6.561341285705566, 'beta_l2': 0.2872527837753296, 'beta_min': -0.02879723533987999, 'beta_max': 0.030786581337451935, 'beta_neg_frac': 0.47125, 'offline_data_id': 84, 'benchmark_id': 0, 'benchmark_point_source': 'fixed_config', 'target_set_size': 100, 'benchmark_z_path': 'data/Z_true.pt', 'projected_bellman_test_risk': 0.019131764769554138, 'oracle_embedding_risk': 0.8212792277336121, 'benchmark_embedding_risk': 0.8212792277336121, 'risk_bellman_final': 0.02138358689279252, 'risk_obj_final': 0.2672896385192871, 'B_num_rows': 3075, 'B_num_cols': 800, 'B_min_dim': 800, 'B_numerical_rank': 800, 'B_rank_fraction': 1.0, 'B_rank_tolerance': 5.30885971183892e-05, 'B_stable_rank': 118.47440338134766, 'B_effective_rank': 770.8606882447881, 'B_entropy_rank': 6.647507667541504, 'B_spectral_norm': 0.14482583105564117, 'B_frobenius_norm': 1.5763704776763916, 'B_nuclear_norm': 43.014122009277344, 'B_condition_number': 5.281570043651042, 'B_condition_number_tol': 5.281570043651042, 'B_smallest_singular_value': 0.027420980855822563, 'B_rank_rel_1em2': 800, 'B_rank_rel_1em3': 800, 'B_rank_rel_1em4': 800}
Saved ./mu/mu_hat.csv shape=(800,)
Saved ./mu/mu2D_hat_dims01.csv shape=(120, 120)
Saved ./mu/mu2D_hat_dims01.csv shape=(120, 120)
Saved plots/replicate_84/mu_3D.png
Benchmark 1 evaluation grid shape: (800, 3)
Replicate 84, benchmark 1 metrics: {'run_id': '84_b1', 'RMSE': 0.2825322570831343, 'MAE': 0.26127853170244636, 'SupNorm': 0.46597447991371155, 'Bias': -0.26127853170244636, 'Corr': -0.6469206313489915, 'deming_slope': -0.116547740646681, 'deming_intercept': 0.029620430421987348, 'beta_sum': 0.07071980088949203, 'beta_l1': 13.090328216552734, 'beta_l2': 0.5797455906867981, 'beta_min': -0.07231777906417847, 'beta_max': 0.06710301339626312, 'beta_neg_frac': 0.505, 'offline_data_id': 84, 'benchmark_id': 1, 'benchmark_point_source': 'fixed_config', 'target_set_size': 100, 'benchmark_z_path': 'data/Z_true.pt', 'projected_bellman_test_risk': 0.014286890625953674, 'oracle_embedding_risk': 1.0132626295089722, 'benchmark_embedding_risk': 1.0132626295089722, 'risk_bellman_final': 0.02138358689279252, 'risk_obj_final': 0.2672896385192871, 'B_num_rows': 3075, 'B_num_cols': 800, 'B_min_dim': 800, 'B_numerical_rank': 800, 'B_rank_fraction': 1.0, 'B_rank_tolerance': 5.30885971183892e-05, 'B_stable_rank': 118.47440338134766, 'B_effective_rank': 770.8606882447881, 'B_entropy_rank': 6.647507667541504, 'B_spectral_norm': 0.14482583105564117, 'B_frobenius_norm': 1.5763704776763916, 'B_nuclear_norm': 43.014122009277344, 'B_condition_number': 5.281570043651042, 'B_condition_number_tol': 5.281570043651042, 'B_smallest_singular_value': 0.027420980855822563, 'B_rank_rel_1em2': 800, 'B_rank_rel_1em3': 800, 'B_rank_rel_1em4': 800}
Benchmark 2 evaluation grid shape: (800, 3)
Replicate 84, benchmark 2 metrics: {'run_id': '84_b2', 'RMSE': 0.24330667316075438, 'MAE': 0.22729905828091432, 'SupNorm': 0.39429183304309845, 'Bias': -0.22729905828091432, 'Corr': 0.36139021071025496, 'deming_slope': 0.112683627876332, 'deming_intercept': 0.010531530135228413, 'beta_sum': 0.18222221732139587, 'beta_l1': 12.57725715637207, 'beta_l2': 0.5544689297676086, 'beta_min': -0.06727340072393417, 'beta_max': 0.06948859989643097, 'beta_neg_frac': 0.5, 'offline_data_id': 84, 'benchmark_id': 2, 'benchmark_point_source': 'fixed_config', 'target_set_size': 100, 'benchmark_z_path': 'data/Z_true.pt', 'projected_bellman_test_risk': 0.010984383523464203, 'oracle_embedding_risk': 0.9357993006706238, 'benchmark_embedding_risk': 0.9357993006706238, 'risk_bellman_final': 0.02138358689279252, 'risk_obj_final': 0.2672896385192871, 'B_num_rows': 3075, 'B_num_cols': 800, 'B_min_dim': 800, 'B_numerical_rank': 800, 'B_rank_fraction': 1.0, 'B_rank_tolerance': 5.30885971183892e-05, 'B_stable_rank': 118.47440338134766, 'B_effective_rank': 770.8606882447881, 'B_entropy_rank': 6.647507667541504, 'B_spectral_norm': 0.14482583105564117, 'B_frobenius_norm': 1.5763704776763916, 'B_nuclear_norm': 43.014122009277344, 'B_condition_number': 5.281570043651042, 'B_condition_number_tol': 5.281570043651042, 'B_smallest_singular_value': 0.027420980855822563, 'B_rank_rel_1em2': 800, 'B_rank_rel_1em3': 800, 'B_rank_rel_1em4': 800}
Benchmark 3 evaluation grid shape: (800, 3)
Replicate 84, benchmark 3 metrics: {'run_id': '84_b3', 'RMSE': 0.2537306960765381, 'MAE': 0.23421126709639795, 'SupNorm': 0.4276330918073654, 'Bias': -0.23421126709639795, 'Corr': 0.006604028525666225, 'deming_slope': 0.0016016179695375547, 'deming_intercept': 0.024623558154061104, 'beta_sum': 0.1608760952949524, 'beta_l1': 12.38254165649414, 'beta_l2': 0.5466732382774353, 'beta_min': -0.06547462940216064, 'beta_max': 0.0639047846198082, 'beta_neg_frac': 0.49875, 'offline_data_id': 84, 'benchmark_id': 3, 'benchmark_point_source': 'fixed_config', 'target_set_size': 100, 'benchmark_z_path': 'data/Z_true.pt', 'projected_bellman_test_risk': 0.015314478427171707, 'oracle_embedding_risk': 0.9636998772621155, 'benchmark_embedding_risk': 0.9636998772621155, 'risk_bellman_final': 0.02138358689279252, 'risk_obj_final': 0.2672896385192871, 'B_num_rows': 3075, 'B_num_cols': 800, 'B_min_dim': 800, 'B_numerical_rank': 800, 'B_rank_fraction': 1.0, 'B_rank_tolerance': 5.30885971183892e-05, 'B_stable_rank': 118.47440338134766, 'B_effective_rank': 770.8606882447881, 'B_entropy_rank': 6.647507667541504, 'B_spectral_norm': 0.14482583105564117, 'B_frobenius_norm': 1.5763704776763916, 'B_nuclear_norm': 43.014122009277344, 'B_condition_number': 5.281570043651042, 'B_condition_number_tol': 5.281570043651042, 'B_smallest_singular_value': 0.027420980855822563, 'B_rank_rel_1em2': 800, 'B_rank_rel_1em3': 800, 'B_rank_rel_1em4': 800}
Benchmark 4 evaluation grid shape: (800, 3)
Replicate 84, benchmark 4 metrics: {'run_id': '84_b4', 'RMSE': 0.09160527053933491, 'MAE': 0.08408431657022447, 'SupNorm': 0.15033301711082458, 'Bias': -0.08374933733502984, 'Corr': 0.9254178120572406, 'deming_slope': 0.808584963136575, 'deming_intercept': -0.03271719199086845, 'beta_sum': 0.7682713270187378, 'beta_l1': 6.448993682861328, 'beta_l2': 0.30752861499786377, 'beta_min': -0.02808498777449131, 'beta_max': 0.07001446187496185, 'beta_neg_frac': 0.48375, 'offline_data_id': 84, 'benchmark_id': 4, 'benchmark_point_source': 'support_safe_target_policy_draw', 'target_set_size': 100, 'benchmark_z_path': 'data/Z_true.pt', 'projected_bellman_test_risk': 0.025125976651906967, 'oracle_embedding_risk': 0.7934956550598145, 'benchmark_embedding_risk': 0.7934956550598145, 'risk_bellman_final': 0.02138358689279252, 'risk_obj_final': 0.2672896385192871, 'B_num_rows': 3075, 'B_num_cols': 800, 'B_min_dim': 800, 'B_numerical_rank': 800, 'B_rank_fraction': 1.0, 'B_rank_tolerance': 5.30885971183892e-05, 'B_stable_rank': 118.47440338134766, 'B_effective_rank': 770.8606882447881, 'B_entropy_rank': 6.647507667541504, 'B_spectral_norm': 0.14482583105564117, 'B_frobenius_norm': 1.5763704776763916, 'B_nuclear_norm': 43.014122009277344, 'B_condition_number': 5.281570043651042, 'B_condition_number_tol': 5.281570043651042, 'B_smallest_singular_value': 0.027420980855822563, 'B_rank_rel_1em2': 800, 'B_rank_rel_1em3': 800, 'B_rank_rel_1em4': 800}
Benchmark 5 evaluation grid shape: (800, 3)
Replicate 84, benchmark 5 metrics: {'run_id': '84_b5', 'RMSE': 0.2100147193646134, 'MAE': 0.19016634908899505, 'SupNorm': 0.3565604016184807, 'Bias': -0.18773351265279417, 'Corr': 0.2497358982567712, 'deming_slope': 0.1821750341464486, 'deming_intercept': 0.022434912679139336, 'beta_sum': 0.5445830821990967, 'beta_l1': 0.87345290184021, 'beta_l2': 0.04280068352818489, 'beta_min': -0.0035886652767658234, 'beta_max': 0.010054919868707657, 'beta_neg_frac': 0.30625, 'offline_data_id': 84, 'benchmark_id': 5, 'benchmark_point_source': 'support_safe_target_policy_draw', 'target_set_size': 100, 'benchmark_z_path': 'data/Z_true.pt', 'projected_bellman_test_risk': 0.048611126840114594, 'oracle_embedding_risk': 0.9336763620376587, 'benchmark_embedding_risk': 0.9336763620376587, 'risk_bellman_final': 0.02138358689279252, 'risk_obj_final': 0.2672896385192871, 'B_num_rows': 3075, 'B_num_cols': 800, 'B_min_dim': 800, 'B_numerical_rank': 800, 'B_rank_fraction': 1.0, 'B_rank_tolerance': 5.30885971183892e-05, 'B_stable_rank': 118.47440338134766, 'B_effective_rank': 770.8606882447881, 'B_entropy_rank': 6.647507667541504, 'B_spectral_norm': 0.14482583105564117, 'B_frobenius_norm': 1.5763704776763916, 'B_nuclear_norm': 43.014122009277344, 'B_condition_number': 5.281570043651042, 'B_condition_number_tol': 5.281570043651042, 'B_smallest_singular_value': 0.027420980855822563, 'B_rank_rel_1em2': 800, 'B_rank_rel_1em3': 800, 'B_rank_rel_1em4': 800}
Benchmark 6 evaluation grid shape: (800, 3)
Replicate 84, benchmark 6 metrics: {'run_id': '84_b6', 'RMSE': 0.16815625154227518, 'MAE': 0.15714396356110227, 'SupNorm': 0.267303466796875, 'Bias': -0.15714396356110227, 'Corr': 0.8901404216596183, 'deming_slope': 0.4244747771789334, 'deming_intercept': -0.005210375731577704, 'beta_sum': 0.4285438060760498, 'beta_l1': 8.371781349182129, 'beta_l2': 0.36659902334213257, 'beta_min': -0.03663678839802742, 'beta_max': 0.044107697904109955, 'beta_neg_frac': 0.485, 'offline_data_id': 84, 'benchmark_id': 6, 'benchmark_point_source': 'support_safe_target_policy_draw', 'target_set_size': 100, 'benchmark_z_path': 'data/Z_true.pt', 'projected_bellman_test_risk': 0.01150459237396717, 'oracle_embedding_risk': 0.8421900272369385, 'benchmark_embedding_risk': 0.8421900272369385, 'risk_bellman_final': 0.02138358689279252, 'risk_obj_final': 0.2672896385192871, 'B_num_rows': 3075, 'B_num_cols': 800, 'B_min_dim': 800, 'B_numerical_rank': 800, 'B_rank_fraction': 1.0, 'B_rank_tolerance': 5.30885971183892e-05, 'B_stable_rank': 118.47440338134766, 'B_effective_rank': 770.8606882447881, 'B_entropy_rank': 6.647507667541504, 'B_spectral_norm': 0.14482583105564117, 'B_frobenius_norm': 1.5763704776763916, 'B_nuclear_norm': 43.014122009277344, 'B_condition_number': 5.281570043651042, 'B_condition_number_tol': 5.281570043651042, 'B_smallest_singular_value': 0.027420980855822563, 'B_rank_rel_1em2': 800, 'B_rank_rel_1em3': 800, 'B_rank_rel_1em4': 800}
Benchmark 7 evaluation grid shape: (800, 3)
Replicate 84, benchmark 7 metrics: {'run_id': '84_b7', 'RMSE': 0.1275505800844983, 'MAE': 0.11644235033076257, 'SupNorm': 0.20712867379188538, 'Bias': -0.11644235033076257, 'Corr': 0.8396887397260474, 'deming_slope': 0.664718621805879, 'deming_intercept': -0.0287712349254933, 'beta_sum': 0.5066328048706055, 'beta_l1': 9.43458366394043, 'beta_l2': 0.41967684030532837, 'beta_min': -0.0455273874104023, 'beta_max': 0.04547760635614395, 'beta_neg_frac': 0.49125, 'offline_data_id': 84, 'benchmark_id': 7, 'benchmark_point_source': 'support_safe_target_policy_draw', 'target_set_size': 100, 'benchmark_z_path': 'data/Z_true.pt', 'projected_bellman_test_risk': 0.017653506249189377, 'oracle_embedding_risk': 0.8153643012046814, 'benchmark_embedding_risk': 0.8153643012046814, 'risk_bellman_final': 0.02138358689279252, 'risk_obj_final': 0.2672896385192871, 'B_num_rows': 3075, 'B_num_cols': 800, 'B_min_dim': 800, 'B_numerical_rank': 800, 'B_rank_fraction': 1.0, 'B_rank_tolerance': 5.30885971183892e-05, 'B_stable_rank': 118.47440338134766, 'B_effective_rank': 770.8606882447881, 'B_entropy_rank': 6.647507667541504, 'B_spectral_norm': 0.14482583105564117, 'B_frobenius_norm': 1.5763704776763916, 'B_nuclear_norm': 43.014122009277344, 'B_condition_number': 5.281570043651042, 'B_condition_number_tol': 5.281570043651042, 'B_smallest_singular_value': 0.027420980855822563, 'B_rank_rel_1em2': 800, 'B_rank_rel_1em3': 800, 'B_rank_rel_1em4': 800}
Benchmark 8 evaluation grid shape: (800, 3)
Replicate 84, benchmark 8 metrics: {'run_id': '84_b8', 'RMSE': 0.14986562754736377, 'MAE': 0.13672762117057574, 'SupNorm': 0.25256507098674774, 'Bias': -0.13669390961236785, 'Corr': 0.8860470835895211, 'deming_slope': 0.4221386210770588, 'deming_intercept': 0.013835617631069691, 'beta_sum': 0.6084052324295044, 'beta_l1': 4.694960594177246, 'beta_l2': 0.20881888270378113, 'beta_min': -0.022607000544667244, 'beta_max': 0.033658530563116074, 'beta_neg_frac': 0.455, 'offline_data_id': 84, 'benchmark_id': 8, 'benchmark_point_source': 'support_safe_target_policy_draw', 'target_set_size': 100, 'benchmark_z_path': 'data/Z_true.pt', 'projected_bellman_test_risk': 0.02162787690758705, 'oracle_embedding_risk': 0.8215456008911133, 'benchmark_embedding_risk': 0.8215456008911133, 'risk_bellman_final': 0.02138358689279252, 'risk_obj_final': 0.2672896385192871, 'B_num_rows': 3075, 'B_num_cols': 800, 'B_min_dim': 800, 'B_numerical_rank': 800, 'B_rank_fraction': 1.0, 'B_rank_tolerance': 5.30885971183892e-05, 'B_stable_rank': 118.47440338134766, 'B_effective_rank': 770.8606882447881, 'B_entropy_rank': 6.647507667541504, 'B_spectral_norm': 0.14482583105564117, 'B_frobenius_norm': 1.5763704776763916, 'B_nuclear_norm': 43.014122009277344, 'B_condition_number': 5.281570043651042, 'B_condition_number_tol': 5.281570043651042, 'B_smallest_singular_value': 0.027420980855822563, 'B_rank_rel_1em2': 800, 'B_rank_rel_1em3': 800, 'B_rank_rel_1em4': 800}
Benchmark 9 evaluation grid shape: (800, 3)
Replicate 84, benchmark 9 metrics: {'run_id': '84_b9', 'RMSE': 0.15030899012373994, 'MAE': 0.1312999287364073, 'SupNorm': 0.27812081575393677, 'Bias': -0.13111999958986417, 'Corr': 0.6497652181470679, 'deming_slope': 0.6760264615274222, 'deming_intercept': -0.04501910792040828, 'beta_sum': 0.5354971885681152, 'beta_l1': 9.01424789428711, 'beta_l2': 0.4008843004703522, 'beta_min': -0.041719336062669754, 'beta_max': 0.056316301226615906, 'beta_neg_frac': 0.4975, 'offline_data_id': 84, 'benchmark_id': 9, 'benchmark_point_source': 'support_safe_target_policy_draw', 'target_set_size': 100, 'benchmark_z_path': 'data/Z_true.pt', 'projected_bellman_test_risk': 0.013484330847859383, 'oracle_embedding_risk': 0.839043915271759, 'benchmark_embedding_risk': 0.839043915271759, 'risk_bellman_final': 0.02138358689279252, 'risk_obj_final': 0.2672896385192871, 'B_num_rows': 3075, 'B_num_cols': 800, 'B_min_dim': 800, 'B_numerical_rank': 800, 'B_rank_fraction': 1.0, 'B_rank_tolerance': 5.30885971183892e-05, 'B_stable_rank': 118.47440338134766, 'B_effective_rank': 770.8606882447881, 'B_entropy_rank': 6.647507667541504, 'B_spectral_norm': 0.14482583105564117, 'B_frobenius_norm': 1.5763704776763916, 'B_nuclear_norm': 43.014122009277344, 'B_condition_number': 5.281570043651042, 'B_condition_number_tol': 5.281570043651042, 'B_smallest_singular_value': 0.027420980855822563, 'B_rank_rel_1em2': 800, 'B_rank_rel_1em3': 800, 'B_rank_rel_1em4': 800}
Replicate 84 finished in 21.1s
Finished combo 2, offline replicate 84.
