Job ID:    2359331
Array idx: 516
CPUs/node: 64
Mem/node:  131072
Using CC = cc 
Using CXX = CC 
Using FC = ftn 
Using F77 = ftn 
Using F90 = ftn 
cuda/12.6.1 is deprecated; loading cudatoolkit/25.5_12.9 instead.
Using CC = /opt/nvidia/hpc_sdk/Linux_aarch64/25.5/compilers/bin/nvc 
Using CXX = /opt/nvidia/hpc_sdk/Linux_aarch64/25.5/compilers/bin/nvc++ 
Using FC = /opt/nvidia/hpc_sdk/Linux_aarch64/25.5/compilers/bin/nvfortran 
Using F77 = /opt/nvidia/hpc_sdk/Linux_aarch64/25.5/compilers/bin/nvfortran 
Using F90 = /opt/nvidia/hpc_sdk/Linux_aarch64/25.5/compilers/bin/nvfortran 
Using CC = /opt/nvidia/hpc_sdk/Linux_aarch64/25.5/compilers/bin/nvc 
Using CXX = /opt/nvidia/hpc_sdk/Linux_aarch64/25.5/compilers/bin/nvc++ 
Using FC = /opt/nvidia/hpc_sdk/Linux_aarch64/25.5/compilers/bin/nvfortran 
Using F77 = /opt/nvidia/hpc_sdk/Linux_aarch64/25.5/compilers/bin/nvfortran 
Using F90 = /opt/nvidia/hpc_sdk/Linux_aarch64/25.5/compilers/bin/nvfortran 

Lmod is automatically replacing "gcc-native/14" with "gcc/14.2.0".

ghx4
0
Tuning combo id: 5 / 6
Offline replicate id: 16 / 99
Installing ke_drl from git: https://github.com/mehrdadmhmdi/ke-drl.git@main
Collecting git+https://github.com/mehrdadmhmdi/ke-drl.git@main
  Cloning https://github.com/mehrdadmhmdi/ke-drl.git (to revision main) to /tmp/pip-req-build-3c5hzwat
  Running command git clone --filter=blob:none --quiet https://github.com/mehrdadmhmdi/ke-drl.git /tmp/pip-req-build-3c5hzwat
  Resolved https://github.com/mehrdadmhmdi/ke-drl.git to commit 3c5d570e40ea15b1fbe4817b5f43b64c7b333e82
  Installing build dependencies: started
  Installing build dependencies: finished with status 'done'
  Getting requirements to build wheel: started
  Getting requirements to build wheel: finished with status 'done'
  Preparing metadata (pyproject.toml): started
  Preparing metadata (pyproject.toml): finished with status 'done'
Building wheels for collected packages: ke_drl
  Building wheel for ke_drl (pyproject.toml): started
  Building wheel for ke_drl (pyproject.toml): finished with status 'done'
  Created wheel for ke_drl: filename=ke_drl-0.1.0-py3-none-any.whl size=47219 sha256=76f0df718570c0a1bee831741d1526e453e6b1567c61f7e2ff4b78f896b82e80
  Stored in directory: /tmp/pip-ephem-wheel-cache-pvn1rfge/wheels/24/47/ad/9a4ffd3b05d3e90e35ffc6e7324b735b8bfcf5f51aaf29a333
Successfully built ke_drl
Installing collected packages: ke_drl
Successfully installed ke_drl-0.1.0
Installed ke_drl source: /work/nvme/bfez/mehrdad3/DistRL/simulation_3/runs/sim3_global_2358722_5/.kedrl_site_516/ke_drl/__init__.py
Tuning combo 5: kernel_sigma_0.7
Overrides: {'kernel': {'sigma': 0.7}}
RUN: /sw/user/python/miniforge3-pytorch-24.11.3/bin/python3 validate_sim_config.py --params params.yaml
ke_drl import source: /work/nvme/bfez/mehrdad3/DistRL/simulation_3/runs/sim3_global_2358722_5/.kedrl_site_516/ke_drl/__init__.py
ke_drl package API OK: prediction weights, RFF operators, rank diagnostics, and best-checkpoint optimizer available
Policy config OK: behavior=uniform, target=logistic, state_dim=5, action_dim=1
Note: policy.logistic.theta_scale/theta_std are log-scale coefficients in Probability_Densities.
Behavior-policy linearized state-process diagnostic: spectral_radius=0.653, offline_burn_in=50
Replicate config OK: num_replicates=100, benchmark points=10 independent of D_i, loss target points=100
Transition reduction OK: method=kmeans, raw rows N(T-1)=12000, target rows about 3000, B rows reduced from 12000 to about 3000
Return-operator approximation OK: method=rff, features=512, exact G avoided for estimated N=12000, m=800, L=100
Fixed benchmark config rows=4 (benchmark.num_points=10; additional points are support-safe target-policy draws if needed)
Fixed benchmark point 0: s_star=[0.6, -0.8, 0.7, -0.5, 0.9], a_star=[0.5]
Fixed benchmark behavior-support interval for configured rows: min_lower=-0.12, max_upper=1.11
Fixed benchmark target-policy location range: [-0.02, 0.14]
Reusing shared data from /work/nvme/bfez/mehrdad3/DistRL/simulation_3/runs/sim3_shared_data/data for offline replicate 16.
RUN: /sw/user/python/miniforge3-pytorch-24.11.3/bin/python3 validate_sim_config.py --params params.yaml --data data/offline_data_16.pt
ke_drl import source: /work/nvme/bfez/mehrdad3/DistRL/simulation_3/runs/sim3_global_2358722_5/.kedrl_site_516/ke_drl/__init__.py
ke_drl package API OK: prediction weights, RFF operators, rank diagnostics, and best-checkpoint optimizer available
Policy config OK: behavior=uniform, target=logistic, state_dim=5, action_dim=1
Note: policy.logistic.theta_scale/theta_std are log-scale coefficients in Probability_Densities.
Behavior-policy linearized state-process diagnostic: spectral_radius=0.653, offline_burn_in=50
Replicate config OK: num_replicates=100, benchmark points=10 independent of D_i, loss target points=100
Transition reduction OK: method=kmeans, raw rows N(T-1)=12000, target rows about 3000, B rows reduced from 12000 to about 3000
Return-operator approximation OK: method=rff, features=512, exact G avoided for estimated N=12000, m=800, L=100
Fixed benchmark config rows=4 (benchmark.num_points=10; additional points are support-safe target-policy draws if needed)
Fixed benchmark point 0: s_star=[0.6, -0.8, 0.7, -0.5, 0.9], a_star=[0.5]
Fixed benchmark behavior-support interval for configured rows: min_lower=-0.12, max_upper=1.11
Fixed benchmark target-policy location range: [-0.02, 0.14]
Full benchmark support check OK: 10 points, min_lower=-2.177, max_upper=2.05
observed behavior actions: mean=0.4086, sd=0.6688, q0/q10/q50/q90/q100=[-1.8335762023925781, -0.41186804771423335, 0.3538036048412323, 1.317699146270752, 2.913630485534668]
target-policy sampled actions: mean=-0.01828, sd=0.662, q0/q10/q50/q90/q100=[-2.5143336469280926, -0.8784702990192684, -0.016416761190123984, 0.8314354572662823, 2.4719751593426227]
behavior uniform lower: mean=-0.1189, sd=0.6551, q0/q10/q50/q90/q100=[-2.5808852910995483, -0.9678555473685264, -0.11453653573989872, 0.7245985531806948, 2.255778193473816]
behavior uniform upper: mean=0.9224, sd=0.6464, q0/q10/q50/q90/q100=[-0.8890199840068818, 0.06649135559797292, 0.9362714573740959, 1.7555252462625504, 3.255778193473816]
target location inside behavior uniform support: 0.972
RUN: /sw/user/python/miniforge3-pytorch-24.11.3/bin/python3 main_est.py
# ================================================================ #
#   Global KE-DRL estimation for one offline replicate              #
# ================================================================ #
Slurm Job ID: 2359331
Slurm Array ID: 16 -- used as the offline-replicate id
Offline data id: 16
ke_drl import source: /work/nvme/bfez/mehrdad3/DistRL/simulation_3/runs/sim3_global_2358722_5/.kedrl_site_516/ke_drl/__init__.py
Estimator device: cuda (NVIDIA GH200 120GB, capability 9.0); torch CUDA=13.0
Random seed: 20460528
Number of offline replicates: 100
[transition reduction] enabled: original rows=12000, target basis=3000, method=kmeans, device=cuda
[transition reduction] kmeans iter 1/20, mean center shift=2.7814e-01
[transition reduction] kmeans iter 5/20, mean center shift=4.4076e-03
[transition reduction] selected 3088 rows from 12000 transitions (ratio 0.2573); indices saved to data/reduced_transition_indices_16.pt
Data and parameters loaded.
offline path: data/offline_data_16.pt
benchmark true-Z path: data/Z_true.pt
offline shapes after reduction: s0=(3088, 5), a0=(3088, 1), r0=(3088, 3)
transition reduction: {'enabled': True, 'method': 'kmeans', 'original_rows': 12000, 'reduced_rows': 3088, 'selected_indices_path': 'data/reduced_transition_indices_16.pt', 'target_basis': 3000, 'compression_ratio': 0.25733333333333336}
fixed benchmark point source: fixed_config_plus_support_safe_target_policy_draws
benchmark row excluded from this offline data: None
global loss target set shape: s_star=(100, 5), a_star=(100, 1)
benchmark true-Z count=10, shape each=(50000, 3)
target policy: logistic
behavior policy: uniform
lambda_Gamma=0.005, lambda_B=0.02, d_r_method=song
dtype=torch.float32, operator_method=rff, operator_num_features=512
ridge_mode=rkhs, diagnostic_interval=50
mass_anchor_lambda=1.0, target_mass=1.0
uLSIF basis: source=numerator, n_basis=512, lambda_reg=0.005
optimizer stabilizers: lambda_neg=0.0, max_B_norm=None, eta_clip_min=0.0, eta_clip_max=5.0, normalize_eta=True
========================================
Estimating the global KE-DRL mean embedding
torch device=cuda, dtype=torch.float32
Data dims: N=3088, L=100, Ds=5, Da=1, Dr=3
lambda_Gamma=0.005, lambda_B=0.02
return-operator construction: method=rff, rff_features=512
[uLSIF] basis=512/3088 (numerator); eta_hat min=2.860e-02 max=4.247e+00 neg%=0.00
ESS for eta_plus: 2451.9 / 3088
eta_plus diagnostics: raw_mean=0.993, raw_min=0.0286, raw_max=4.25; used_mean=1, used_min=0.0288, used_max=4.28
[timing] Z-grid: 0.03s
[timing] K_X: 0.00s
[timing] K_plus: 0.00s
[timing] k_star: 0.00s
[timing] Gamma_stack: 0.01s
[timing] Phi_stack: 0.00s
[timing] RFF feature sample: 0.00s
[timing] K_Z RFF: 0.00s
[timing] G_stack RFF: 0.01s
[timing] H_stack RFF: 0.01s
findfont: Font family 'Nimbus Roman' not found.
findfont: Font family 'Nimbus Roman' not found.
findfont: Font family 'Nimbus Roman' not found.
findfont: Font family 'Nimbus Roman' not found.
findfont: Font family 'Nimbus Roman' not found.
findfont: Font family 'Nimbus Roman' not found.
findfont: Font family 'Nimbus Roman' not found.
findfont: Font family 'Nimbus Roman' not found.
findfont: Font family 'Nimbus Roman' not found.
findfont: Font family 'Nimbus Roman' not found.
findfont: Font family 'Nimbus Roman' not found.
findfont: Font family 'Nimbus Roman' not found.
findfont: Font family 'Nimbus Roman' not found.
findfont: Font family 'Nimbus Roman' not found.
findfont: Font family 'Nimbus Roman' not found.
findfont: Font family 'Nimbus Roman' not found.
findfont: Font family 'Nimbus Roman' not found.
findfont: Font family 'Nimbus Roman' not found.
findfont: Font family 'Nimbus Roman' not found.
findfont: Font family 'Nimbus Roman' not found.
findfont: Font family 'Nimbus Roman' not found.
findfont: Font family 'Nimbus Roman' not found.
findfont: Font family 'Nimbus Roman' not found.
findfont: Font family 'Nimbus Roman' not found.
findfont: Font family 'Nimbus Roman' not found.
findfont: Font family 'Nimbus Roman' not found.
findfont: Font family 'Nimbus Roman' not found.
findfont: Font family 'Nimbus Roman' not found.
findfont: Font family 'Nimbus Roman' not found.
findfont: Font family 'Nimbus Roman' not found.
findfont: Font family 'Nimbus Roman' not found.
findfont: Font family 'Nimbus Roman' not found.
findfont: Font family 'Nimbus Roman' not found.
findfont: Font family 'Nimbus Roman' not found.
findfont: Font family 'Nimbus Roman' not found.
findfont: Font family 'Nimbus Roman' not found.
findfont: Font family 'Nimbus Roman' not found.
findfont: Font family 'Nimbus Roman' not found.
findfont: Font family 'Nimbus Roman' not found.
findfont: Font family 'Nimbus Roman' not found.
findfont: Font family 'Nimbus Roman' not found.
findfont: Font family 'Nimbus Roman' not found.
findfont: Font family 'Nimbus Roman' not found.
findfont: Font family 'Nimbus Roman' not found.
findfont: Font family 'Nimbus Roman' not found.
findfont: Font family ['Nimbus Roman'] not found. Falling back to DejaVu Sans.
findfont: Font family 'Nimbus Roman' not found.
findfont: Font family ['Nimbus Roman'] not found. Falling back to DejaVu Sans.
findfont: Font family 'Nimbus Roman' not found.
findfont: Font family 'Nimbus Roman' not found.
findfont: Font family 'Nimbus Roman' not found.
findfont: Font family 'Nimbus Roman' not found.
findfont: Font family 'Nimbus Roman' not found.
findfont: Font family 'Nimbus Roman' not found.
findfont: Font family 'Nimbus Roman' not found.
findfont: Font family 'Nimbus Roman' not found.
findfont: Font family 'Nimbus Roman' not found.
findfont: Font family 'Nimbus Roman' not found.
findfont: Font family 'Nimbus Roman' not found.
findfont: Font family ['Nimbus Roman'] not found. Falling back to DejaVu Sans.
findfont: Font family 'Nimbus Roman' not found.
findfont: Font family 'Nimbus Roman' not found.
findfont: Font family 'Nimbus Roman' not found.
findfont: Font family 'Nimbus Roman' not found.
findfont: Font family 'Nimbus Roman' not found.
findfont: Font family 'Nimbus Roman' not found.
findfont: Font family 'Nimbus Roman' not found.
findfont: Font family 'Nimbus Roman' not found.
findfont: Font family 'Nimbus Roman' not found.
findfont: Font family 'Nimbus Roman' not found.
findfont: Font family 'Nimbus Roman' not found.
findfont: Font family 'Nimbus Roman' not found.
findfont: Font family 'Nimbus Roman' not found.
findfont: Font family 'Nimbus Roman' not found.
findfont: Font family 'Nimbus Roman' not found.
findfont: Font family 'Nimbus Roman' not found.
findfont: Font family 'Nimbus Roman' not found.
findfont: Font family 'Nimbus Roman' not found.
findfont: Font family 'Nimbus Roman' not found.
findfont: Font family 'Nimbus Roman' not found.
findfont: Font family 'Nimbus Roman' not found.
findfont: Font family 'Nimbus Roman' not found.
findfont: Font family 'Nimbus Roman' not found.
findfont: Font family 'Nimbus Roman' not found.
findfont: Font family 'Nimbus Roman' not found.
findfont: Font family 'Nimbus Roman' not found.
findfont: Font family 'Nimbus Roman' not found.
findfont: Font family 'Nimbus Roman' not found.
findfont: Font family 'Nimbus Roman' not found.
findfont: Font family 'Nimbus Roman' not found.
findfont: Font family 'Nimbus Roman' not found.
findfont: Font family 'Nimbus Roman' not found.
findfont: Font family 'Nimbus Roman' not found.
findfont: Font family 'Nimbus Roman' not found.
findfont: Font family 'Nimbus Roman' not found.
findfont: Font family 'Nimbus Roman' not found.
findfont: Font family 'Nimbus Roman' not found.
findfont: Font family 'Nimbus Roman' not found.
findfont: Font family 'Nimbus Roman' not found.
findfont: Font family 'Nimbus Roman' not found.
findfont: Font family 'Nimbus Roman' not found.
findfont: Font family 'Nimbus Roman' not found.
findfont: Font family 'Nimbus Roman' not found.
findfont: Font family 'Nimbus Roman' not found.
findfont: Font family 'Nimbus Roman' not found.
findfont: Font family 'Nimbus Roman' not found.
findfont: Font family 'Nimbus Roman' not found.
findfont: Font family 'Nimbus Roman' not found.
findfont: Font family 'Nimbus Roman' not found.
findfont: Font family 'Nimbus Roman' not found.
findfont: Font family 'Nimbus Roman' not found.
findfont: Font family 'Nimbus Roman' not found.
findfont: Font family 'Nimbus Roman' not found.
findfont: Font family 'Nimbus Roman' not found.
findfont: Font family 'Nimbus Roman' not found.
findfont: Font family 'Nimbus Roman' not found.
findfont: Font family 'Nimbus Roman' not found.
findfont: Font family 'Nimbus Roman' not found.
findfont: Font family 'Nimbus Roman' not found.
findfont: Font family 'Nimbus Roman' not found.
findfont: Font family 'Nimbus Roman' not found.
findfont: Font family 'Nimbus Roman' not found.
findfont: Font family 'Nimbus Roman' not found.
findfont: Font family 'Nimbus Roman' not found.
findfont: Font family 'Nimbus Roman' not found.
findfont: Font family 'Nimbus Roman' not found.
findfont: Font family 'Nimbus Roman' not found.
findfont: Font family 'Nimbus Roman' not found.
findfont: Font family 'Nimbus Roman' not found.
findfont: Font family 'Nimbus Roman' not found.
findfont: Font family 'Nimbus Roman' not found.
findfont: Font family 'Nimbus Roman' not found.
findfont: Font family 'Nimbus Roman' not found.
findfont: Font family 'Nimbus Roman' not found.
findfont: Font family 'Nimbus Roman' not found.
findfont: Font family 'Nimbus Roman' not found.
findfont: Font family 'Nimbus Roman' not found.
findfont: Font family 'Nimbus Roman' not found.
findfont: Font family 'Nimbus Roman' not found.
findfont: Font family 'Nimbus Roman' not found.
findfont: Font family 'Nimbus Roman' not found.
Ridge mode: rkhs; diagnostic interval: 50
Iter 1/4000 | log_obj=8.340e+00 | log_Bellman_root=2.346e+00 | mass=4.08e+03 | neg=0.00e+00 | grad=3.14e+02
Iter 400/4000 | log_obj=3.236e+00 | log_Bellman_root=-2.412e-01 | mass=2.48e+01 | neg=0.00e+00 | grad=2.81e+03
Iter 800/4000 | log_obj=3.740e+00 | log_Bellman_root=1.452e-02 | mass=4.11e+01 | neg=0.00e+00 | grad=1.17e+03
Iter 1200/4000 | log_obj=5.211e-01 | log_Bellman_root=-1.544e+00 | mass=1.63e+00 | neg=0.00e+00 | grad=1.03e+03
Iter 1600/4000 | log_obj=1.351e+00 | log_Bellman_root=-1.173e+00 | mass=3.75e+00 | neg=0.00e+00 | grad=9.80e+02
Iter 2000/4000 | log_obj=3.326e+00 | log_Bellman_root=-1.426e-01 | mass=2.71e+01 | neg=0.00e+00 | grad=1.20e+03
Iter 2400/4000 | log_obj=4.388e-01 | log_Bellman_root=-1.582e+00 | mass=1.50e+00 | neg=0.00e+00 | grad=1.01e+03
Iter 2800/4000 | log_obj=1.351e+00 | log_Bellman_root=-1.173e+00 | mass=3.76e+00 | neg=0.00e+00 | grad=9.78e+02
Iter 3200/4000 | log_obj=1.408e+00 | log_Bellman_root=-1.028e+00 | mass=3.95e+00 | neg=0.00e+00 | grad=4.10e+02
Iter 3600/4000 | log_obj=4.405e-01 | log_Bellman_root=-1.583e+00 | mass=1.50e+00 | neg=0.00e+00 | grad=6.96e+02
Iter 4000/4000 | log_obj=-1.188e+00 | log_Bellman_root=-2.091e+00 | mass=2.81e-01 | neg=0.00e+00 | grad=3.22e+02
Done in 11.35s.
KE-DRL global estimation is done.
B_hat shape: (3088, 800)
B_hat rank diagnostics: {'B_num_rows': 3088, 'B_num_cols': 800, 'B_min_dim': 800, 'B_numerical_rank': 800, 'B_rank_fraction': 1.0, 'B_rank_tolerance': 5.9967023133822295e-05, 'B_stable_rank': 90.86164855957031, 'B_effective_rank': 770.2823422269289, 'B_entropy_rank': 6.646757125854492, 'B_spectral_norm': 0.16290150582790375, 'B_frobenius_norm': 1.5527995824813843, 'B_nuclear_norm': 42.328636169433594, 'B_condition_number': 6.104982113745771, 'B_condition_number_tol': 6.104982113745771, 'B_smallest_singular_value': 0.026683371514081955, 'B_rank_rel_1em2': 800, 'B_rank_rel_1em3': 800, 'B_rank_rel_1em4': 800}
Global-loss target mass diagnostics: {'target_mass_mean': 0.5067310929298401, 'target_mass_min': 0.09396111965179443, 'target_mass_max': 0.8733316659927368, 'target_mass_sd': 0.1942853033542633, 'target_mass_rmse_to_target': 0.5297957062721252, 'target_beta_min': -0.0036319189239293337, 'target_beta_max': 0.022104091942310333, 'target_neg_frac_mean': 0.4382125}
Return dictionary Z_grid shape: (800, 3)
Replicate 16 risk metrics: {'risk_n_steps_recorded': 81.0, 'risk_n_diagnostics_recorded': 81.0, 'risk_log_obj_initial': 8.34047990228626, 'risk_log_obj_final': -1.187556343264955, 'risk_log_obj_min': -1.187556343264955, 'risk_obj_initial': 4190.100097656252, 'risk_obj_final': 0.3049655854701996, 'risk_obj_min': 0.3049655854701996, 'risk_log_obj_drop': 9.528036245551215, 'risk_log_bellman_root_initial': 2.345939096557365, 'risk_log_bellman_root_final': -2.0909747744417513, 'risk_log_bellman_root_min': -2.0909747744417513, 'risk_bellman_root_initial': 10.44307518005371, 'risk_bellman_root_final': 0.12356662750244139, 'risk_bellman_root_min': 0.12356662750244139, 'risk_bellman_initial': 109.0578192162538, 'risk_bellman_final': 0.015268711432327105, 'risk_bellman_min': 0.015268711432327105, 'risk_log_bellman_root_drop': 4.436913870999117, 'risk_bellman_returned': 0.015268711373209953, 'risk_obj_returned': 0.3049655854701996, 'risk_returned_step': 4000.0, 'offline_data_id': 16, 'benchmark_point_source': 'fixed_config_plus_support_safe_target_policy_draws', 'target_set_size': 100, 'lambda_reg': 0.005, 'lambda_B': 0.02, 'num_steps': 4000, 'transition_reduction_enabled': 1, 'transition_reduction_method': 'kmeans', 'transition_original_rows': 12000, 'transition_reduced_rows': 3088, 'transition_compression_ratio': 0.25733333333333336, 'target_mass_mean': 0.5067310929298401, 'target_mass_min': 0.09396111965179443, 'target_mass_max': 0.8733316659927368, 'target_mass_sd': 0.1942853033542633, 'target_mass_rmse_to_target': 0.5297957062721252, 'target_beta_min': -0.0036319189239293337, 'target_beta_max': 0.022104091942310333, 'target_neg_frac_mean': 0.4382125, 'B_num_rows': 3088, 'B_num_cols': 800, 'B_min_dim': 800, 'B_numerical_rank': 800, 'B_rank_fraction': 1.0, 'B_rank_tolerance': 5.9967023133822295e-05, 'B_stable_rank': 90.86164855957031, 'B_effective_rank': 770.2823422269289, 'B_entropy_rank': 6.646757125854492, 'B_spectral_norm': 0.16290150582790375, 'B_frobenius_norm': 1.5527995824813843, 'B_nuclear_norm': 42.328636169433594, 'B_condition_number': 6.104982113745771, 'B_condition_number_tol': 6.104982113745771, 'B_smallest_singular_value': 0.026683371514081955, 'B_rank_rel_1em2': 800, 'B_rank_rel_1em3': 800, 'B_rank_rel_1em4': 800, 'risk_objective_final_raw': 0.3049655854701996, 'risk_objective_min_raw': 0.3049655854701996, 'risk_objective_max_raw': 4190.10009765625, 'risk_bellman_final_raw': 0.015268711373209953, 'risk_bellman_min_raw': 0.015268711373209953, 'risk_bellman_max_raw': 109.05782318115234, 'risk_rkhs_ridge_final_raw': 0.009013392962515354, 'risk_rkhs_ridge_min_raw': 0.008978966623544693, 'risk_rkhs_ridge_max_raw': 1.1447421312332153, 'risk_mass_final_raw': 0.2806834876537323, 'risk_mass_min_raw': 0.2806834876537323, 'risk_mass_max_raw': 4079.897705078125, 'risk_negativity_final_raw': 0.0, 'risk_negativity_min_raw': 0.0, 'risk_negativity_max_raw': 0.0, 'risk_B_norm_final_raw': 1.5526342391967773, 'risk_B_norm_min_raw': 1.5526342391967773, 'risk_B_norm_max_raw': 1.6393769979476929, 'risk_diagnostic_step_final_raw': 4000.0, 'risk_diagnostic_step_min_raw': 1.0, 'risk_diagnostic_step_max_raw': 4000.0, 'risk_best_step_final_raw': 4000.0, 'risk_best_step_min_raw': 4000.0, 'risk_best_step_max_raw': 4000.0, 'risk_best_objective_final_raw': 0.3049655854701996, 'risk_best_objective_min_raw': 0.3049655854701996, 'risk_best_objective_max_raw': 0.3049655854701996, 'risk_best_bellman_final_raw': 0.015268711373209953, 'risk_best_bellman_min_raw': 0.015268711373209953, 'risk_best_bellman_max_raw': 0.015268711373209953, 'risk_returned_step_final_raw': 4000.0, 'risk_returned_step_min_raw': 4000.0, 'risk_returned_step_max_raw': 4000.0, 'risk_returned_objective_final_raw': 0.3049655854701996, 'risk_returned_objective_min_raw': 0.3049655854701996, 'risk_returned_objective_max_raw': 0.3049655854701996, 'risk_returned_bellman_final_raw': 0.015268711373209953, 'risk_returned_bellman_min_raw': 0.015268711373209953, 'risk_returned_bellman_max_raw': 0.015268711373209953, 'risk_returned_best_checkpoint_final_raw': 1.0, 'risk_returned_best_checkpoint_min_raw': 1.0, 'risk_returned_best_checkpoint_max_raw': 1.0}
Benchmark 0 evaluation grid shape: (800, 3)
Replicate 16, benchmark 0 metrics: {'run_id': '16_b0', 'RMSE': 0.09362616896973425, 'MAE': 0.08681091803095115, 'SupNorm': 0.14865825325250626, 'Bias': -0.08679131711802256, 'Corr': 0.784758053201082, 'deming_slope': 0.294319168623284, 'deming_intercept': 0.003879813404223109, 'beta_sum': 0.4470348656177521, 'beta_l1': 1.0101408958435059, 'beta_l2': 0.05129017308354378, 'beta_min': -0.0029848795384168625, 'beta_max': 0.00874918233603239, 'beta_neg_frac': 0.4175, 'offline_data_id': 16, 'benchmark_id': 0, 'benchmark_point_source': 'fixed_config', 'target_set_size': 100, 'benchmark_z_path': 'data/Z_true.pt', 'projected_bellman_test_risk': 0.008024235256016254, 'oracle_embedding_risk': 0.43025946617126465, 'benchmark_embedding_risk': 0.43025946617126465, 'risk_bellman_final': 0.015268711432327105, 'risk_obj_final': 0.3049655854701996, 'B_num_rows': 3088, 'B_num_cols': 800, 'B_min_dim': 800, 'B_numerical_rank': 800, 'B_rank_fraction': 1.0, 'B_rank_tolerance': 5.9967023133822295e-05, 'B_stable_rank': 90.86164855957031, 'B_effective_rank': 770.2823422269289, 'B_entropy_rank': 6.646757125854492, 'B_spectral_norm': 0.16290150582790375, 'B_frobenius_norm': 1.5527995824813843, 'B_nuclear_norm': 42.328636169433594, 'B_condition_number': 6.104982113745771, 'B_condition_number_tol': 6.104982113745771, 'B_smallest_singular_value': 0.026683371514081955, 'B_rank_rel_1em2': 800, 'B_rank_rel_1em3': 800, 'B_rank_rel_1em4': 800}
Saved ./mu/mu_hat.csv shape=(800,)
Saved ./mu/mu2D_hat_dims01.csv shape=(120, 120)
Saved ./mu/mu2D_hat_dims01.csv shape=(120, 120)
Saved plots/replicate_16/mu_3D.png
Benchmark 1 evaluation grid shape: (800, 3)
Replicate 16, benchmark 1 metrics: {'run_id': '16_b1', 'RMSE': 0.135904705016017, 'MAE': 0.12651668461707233, 'SupNorm': 0.21644242014735937, 'Bias': -0.12651668461707233, 'Corr': -0.2779920457030915, 'deming_slope': -0.0469832424801939, 'deming_intercept': 0.007143070250235749, 'beta_sum': 0.050992753356695175, 'beta_l1': 0.5660021305084229, 'beta_l2': 0.026467181742191315, 'beta_min': -0.002454840112477541, 'beta_max': 0.004194579087197781, 'beta_neg_frac': 0.50875, 'offline_data_id': 16, 'benchmark_id': 1, 'benchmark_point_source': 'fixed_config', 'target_set_size': 100, 'benchmark_z_path': 'data/Z_true.pt', 'projected_bellman_test_risk': 0.0103872986510396, 'oracle_embedding_risk': 0.49023324251174927, 'benchmark_embedding_risk': 0.49023324251174927, 'risk_bellman_final': 0.015268711432327105, 'risk_obj_final': 0.3049655854701996, 'B_num_rows': 3088, 'B_num_cols': 800, 'B_min_dim': 800, 'B_numerical_rank': 800, 'B_rank_fraction': 1.0, 'B_rank_tolerance': 5.9967023133822295e-05, 'B_stable_rank': 90.86164855957031, 'B_effective_rank': 770.2823422269289, 'B_entropy_rank': 6.646757125854492, 'B_spectral_norm': 0.16290150582790375, 'B_frobenius_norm': 1.5527995824813843, 'B_nuclear_norm': 42.328636169433594, 'B_condition_number': 6.104982113745771, 'B_condition_number_tol': 6.104982113745771, 'B_smallest_singular_value': 0.026683371514081955, 'B_rank_rel_1em2': 800, 'B_rank_rel_1em3': 800, 'B_rank_rel_1em4': 800}
Benchmark 2 evaluation grid shape: (800, 3)
Replicate 16, benchmark 2 metrics: {'run_id': '16_b2', 'RMSE': 0.12284103813404157, 'MAE': 0.11523081157329215, 'SupNorm': 0.19419268146157265, 'Bias': -0.11523081157329215, 'Corr': 0.4025939453030306, 'deming_slope': 0.08655576114140152, 'deming_intercept': 0.004737712443493525, 'beta_sum': 0.1584101915359497, 'beta_l1': 0.5690927505493164, 'beta_l2': 0.0271426010876894, 'beta_min': -0.002326466143131256, 'beta_max': 0.005487875081598759, 'beta_neg_frac': 0.42375, 'offline_data_id': 16, 'benchmark_id': 2, 'benchmark_point_source': 'fixed_config', 'target_set_size': 100, 'benchmark_z_path': 'data/Z_true.pt', 'projected_bellman_test_risk': 0.007613517343997955, 'oracle_embedding_risk': 0.46155184507369995, 'benchmark_embedding_risk': 0.46155184507369995, 'risk_bellman_final': 0.015268711432327105, 'risk_obj_final': 0.3049655854701996, 'B_num_rows': 3088, 'B_num_cols': 800, 'B_min_dim': 800, 'B_numerical_rank': 800, 'B_rank_fraction': 1.0, 'B_rank_tolerance': 5.9967023133822295e-05, 'B_stable_rank': 90.86164855957031, 'B_effective_rank': 770.2823422269289, 'B_entropy_rank': 6.646757125854492, 'B_spectral_norm': 0.16290150582790375, 'B_frobenius_norm': 1.5527995824813843, 'B_nuclear_norm': 42.328636169433594, 'B_condition_number': 6.104982113745771, 'B_condition_number_tol': 6.104982113745771, 'B_smallest_singular_value': 0.026683371514081955, 'B_rank_rel_1em2': 800, 'B_rank_rel_1em3': 800, 'B_rank_rel_1em4': 800}
Benchmark 3 evaluation grid shape: (800, 3)
Replicate 16, benchmark 3 metrics: {'run_id': '16_b3', 'RMSE': 0.11675344984141499, 'MAE': 0.10884563409992552, 'SupNorm': 0.18767160177230835, 'Bias': -0.10884563409992552, 'Corr': 0.7619341988774626, 'deming_slope': 0.09966881147227535, 'deming_intercept': 0.005525701332345749, 'beta_sum': 0.1738140732049942, 'beta_l1': 0.5739974975585938, 'beta_l2': 0.026337070390582085, 'beta_min': -0.0022776974365115166, 'beta_max': 0.00481185968965292, 'beta_neg_frac': 0.41125, 'offline_data_id': 16, 'benchmark_id': 3, 'benchmark_point_source': 'fixed_config', 'target_set_size': 100, 'benchmark_z_path': 'data/Z_true.pt', 'projected_bellman_test_risk': 0.005382933653891087, 'oracle_embedding_risk': 0.456929087638855, 'benchmark_embedding_risk': 0.456929087638855, 'risk_bellman_final': 0.015268711432327105, 'risk_obj_final': 0.3049655854701996, 'B_num_rows': 3088, 'B_num_cols': 800, 'B_min_dim': 800, 'B_numerical_rank': 800, 'B_rank_fraction': 1.0, 'B_rank_tolerance': 5.9967023133822295e-05, 'B_stable_rank': 90.86164855957031, 'B_effective_rank': 770.2823422269289, 'B_entropy_rank': 6.646757125854492, 'B_spectral_norm': 0.16290150582790375, 'B_frobenius_norm': 1.5527995824813843, 'B_nuclear_norm': 42.328636169433594, 'B_condition_number': 6.104982113745771, 'B_condition_number_tol': 6.104982113745771, 'B_smallest_singular_value': 0.026683371514081955, 'B_rank_rel_1em2': 800, 'B_rank_rel_1em3': 800, 'B_rank_rel_1em4': 800}
Benchmark 4 evaluation grid shape: (800, 3)
Replicate 16, benchmark 4 metrics: {'run_id': '16_b4', 'RMSE': 0.0723690518007927, 'MAE': 0.06529585465343189, 'SupNorm': 0.12331204861402512, 'Bias': -0.06496518514837589, 'Corr': 0.7322855264220798, 'deming_slope': 0.5381670012245134, 'deming_intercept': -0.004633035991416012, 'beta_sum': 0.7269265651702881, 'beta_l1': 1.2081574201583862, 'beta_l2': 0.08293209224939346, 'beta_min': -0.0026575480587780476, 'beta_max': 0.019294336438179016, 'beta_neg_frac': 0.46625, 'offline_data_id': 16, 'benchmark_id': 4, 'benchmark_point_source': 'support_safe_target_policy_draw', 'target_set_size': 100, 'benchmark_z_path': 'data/Z_true.pt', 'projected_bellman_test_risk': 0.00867178663611412, 'oracle_embedding_risk': 0.40887823700904846, 'benchmark_embedding_risk': 0.40887823700904846, 'risk_bellman_final': 0.015268711432327105, 'risk_obj_final': 0.3049655854701996, 'B_num_rows': 3088, 'B_num_cols': 800, 'B_min_dim': 800, 'B_numerical_rank': 800, 'B_rank_fraction': 1.0, 'B_rank_tolerance': 5.9967023133822295e-05, 'B_stable_rank': 90.86164855957031, 'B_effective_rank': 770.2823422269289, 'B_entropy_rank': 6.646757125854492, 'B_spectral_norm': 0.16290150582790375, 'B_frobenius_norm': 1.5527995824813843, 'B_nuclear_norm': 42.328636169433594, 'B_condition_number': 6.104982113745771, 'B_condition_number_tol': 6.104982113745771, 'B_smallest_singular_value': 0.026683371514081955, 'B_rank_rel_1em2': 800, 'B_rank_rel_1em3': 800, 'B_rank_rel_1em4': 800}
Benchmark 5 evaluation grid shape: (800, 3)
Replicate 16, benchmark 5 metrics: {'run_id': '16_b5', 'RMSE': 0.1172599535741828, 'MAE': 0.10831249228152501, 'SupNorm': 0.19129184447228909, 'Bias': -0.10805600020042676, 'Corr': 0.16598784439194514, 'deming_slope': 0.05752883331397723, 'deming_intercept': 0.010622277661142267, 'beta_sum': 0.3257848620414734, 'beta_l1': 0.3419581651687622, 'beta_l2': 0.01613314263522625, 'beta_min': -0.0004008884425275028, 'beta_max': 0.0026095290668308735, 'beta_neg_frac': 0.1, 'offline_data_id': 16, 'benchmark_id': 5, 'benchmark_point_source': 'support_safe_target_policy_draw', 'target_set_size': 100, 'benchmark_z_path': 'data/Z_true.pt', 'projected_bellman_test_risk': 0.010833872482180595, 'oracle_embedding_risk': 0.4672490060329437, 'benchmark_embedding_risk': 0.4672490060329437, 'risk_bellman_final': 0.015268711432327105, 'risk_obj_final': 0.3049655854701996, 'B_num_rows': 3088, 'B_num_cols': 800, 'B_min_dim': 800, 'B_numerical_rank': 800, 'B_rank_fraction': 1.0, 'B_rank_tolerance': 5.9967023133822295e-05, 'B_stable_rank': 90.86164855957031, 'B_effective_rank': 770.2823422269289, 'B_entropy_rank': 6.646757125854492, 'B_spectral_norm': 0.16290150582790375, 'B_frobenius_norm': 1.5527995824813843, 'B_nuclear_norm': 42.328636169433594, 'B_condition_number': 6.104982113745771, 'B_condition_number_tol': 6.104982113745771, 'B_smallest_singular_value': 0.026683371514081955, 'B_rank_rel_1em2': 800, 'B_rank_rel_1em3': 800, 'B_rank_rel_1em4': 800}
Benchmark 6 evaluation grid shape: (800, 3)
Replicate 16, benchmark 6 metrics: {'run_id': '16_b6', 'RMSE': 0.09026489729739053, 'MAE': 0.08351250207721023, 'SupNorm': 0.1464880108833313, 'Bias': -0.08351143055682769, 'Corr': 0.8715937015356643, 'deming_slope': 0.2919688849272441, 'deming_intercept': 0.008076412518667232, 'beta_sum': 0.45728111267089844, 'beta_l1': 0.9216259717941284, 'beta_l2': 0.04406581073999405, 'beta_min': -0.002600671723484993, 'beta_max': 0.00716216117143631, 'beta_neg_frac': 0.3875, 'offline_data_id': 16, 'benchmark_id': 6, 'benchmark_point_source': 'support_safe_target_policy_draw', 'target_set_size': 100, 'benchmark_z_path': 'data/Z_true.pt', 'projected_bellman_test_risk': 0.0024468344636261463, 'oracle_embedding_risk': 0.4205743372440338, 'benchmark_embedding_risk': 0.4205743372440338, 'risk_bellman_final': 0.015268711432327105, 'risk_obj_final': 0.3049655854701996, 'B_num_rows': 3088, 'B_num_cols': 800, 'B_min_dim': 800, 'B_numerical_rank': 800, 'B_rank_fraction': 1.0, 'B_rank_tolerance': 5.9967023133822295e-05, 'B_stable_rank': 90.86164855957031, 'B_effective_rank': 770.2823422269289, 'B_entropy_rank': 6.646757125854492, 'B_spectral_norm': 0.16290150582790375, 'B_frobenius_norm': 1.5527995824813843, 'B_nuclear_norm': 42.328636169433594, 'B_condition_number': 6.104982113745771, 'B_condition_number_tol': 6.104982113745771, 'B_smallest_singular_value': 0.026683371514081955, 'B_rank_rel_1em2': 800, 'B_rank_rel_1em3': 800, 'B_rank_rel_1em4': 800}
Benchmark 7 evaluation grid shape: (800, 3)
Replicate 16, benchmark 7 metrics: {'run_id': '16_b7', 'RMSE': 0.08120801938436585, 'MAE': 0.07567491040914319, 'SupNorm': 0.12877334654331207, 'Bias': -0.07567491040914319, 'Corr': 0.8199089172102045, 'deming_slope': 0.46227968221693333, 'deming_intercept': -0.006778023000783895, 'beta_sum': 0.41086897253990173, 'beta_l1': 0.9820505380630493, 'beta_l2': 0.057868290692567825, 'beta_min': -0.0029336106963455677, 'beta_max': 0.014528775587677956, 'beta_neg_frac': 0.495, 'offline_data_id': 16, 'benchmark_id': 7, 'benchmark_point_source': 'support_safe_target_policy_draw', 'target_set_size': 100, 'benchmark_z_path': 'data/Z_true.pt', 'projected_bellman_test_risk': 0.005215908866375685, 'oracle_embedding_risk': 0.4146172106266022, 'benchmark_embedding_risk': 0.4146172106266022, 'risk_bellman_final': 0.015268711432327105, 'risk_obj_final': 0.3049655854701996, 'B_num_rows': 3088, 'B_num_cols': 800, 'B_min_dim': 800, 'B_numerical_rank': 800, 'B_rank_fraction': 1.0, 'B_rank_tolerance': 5.9967023133822295e-05, 'B_stable_rank': 90.86164855957031, 'B_effective_rank': 770.2823422269289, 'B_entropy_rank': 6.646757125854492, 'B_spectral_norm': 0.16290150582790375, 'B_frobenius_norm': 1.5527995824813843, 'B_nuclear_norm': 42.328636169433594, 'B_condition_number': 6.104982113745771, 'B_condition_number_tol': 6.104982113745771, 'B_smallest_singular_value': 0.026683371514081955, 'B_rank_rel_1em2': 800, 'B_rank_rel_1em3': 800, 'B_rank_rel_1em4': 800}
Benchmark 8 evaluation grid shape: (800, 3)
Replicate 16, benchmark 8 metrics: {'run_id': '16_b8', 'RMSE': 0.08304536654423929, 'MAE': 0.0773751376979635, 'SupNorm': 0.1303698942065239, 'Bias': -0.0773751376979635, 'Corr': 0.9301383356341059, 'deming_slope': 0.3945778532737068, 'deming_intercept': -9.775748779396187e-05, 'beta_sum': 0.4367837905883789, 'beta_l1': 0.8118553161621094, 'beta_l2': 0.044938091188669205, 'beta_min': -0.0019995979964733124, 'beta_max': 0.009763164445757866, 'beta_neg_frac': 0.39875, 'offline_data_id': 16, 'benchmark_id': 8, 'benchmark_point_source': 'support_safe_target_policy_draw', 'target_set_size': 100, 'benchmark_z_path': 'data/Z_true.pt', 'projected_bellman_test_risk': 0.009780250489711761, 'oracle_embedding_risk': 0.4117358922958374, 'benchmark_embedding_risk': 0.4117358922958374, 'risk_bellman_final': 0.015268711432327105, 'risk_obj_final': 0.3049655854701996, 'B_num_rows': 3088, 'B_num_cols': 800, 'B_min_dim': 800, 'B_numerical_rank': 800, 'B_rank_fraction': 1.0, 'B_rank_tolerance': 5.9967023133822295e-05, 'B_stable_rank': 90.86164855957031, 'B_effective_rank': 770.2823422269289, 'B_entropy_rank': 6.646757125854492, 'B_spectral_norm': 0.16290150582790375, 'B_frobenius_norm': 1.5527995824813843, 'B_nuclear_norm': 42.328636169433594, 'B_condition_number': 6.104982113745771, 'B_condition_number_tol': 6.104982113745771, 'B_smallest_singular_value': 0.026683371514081955, 'B_rank_rel_1em2': 800, 'B_rank_rel_1em3': 800, 'B_rank_rel_1em4': 800}
Benchmark 9 evaluation grid shape: (800, 3)
Replicate 16, benchmark 9 metrics: {'run_id': '16_b9', 'RMSE': 0.08777598390988851, 'MAE': 0.08049152217921801, 'SupNorm': 0.15093409270048141, 'Bias': -0.08049152217921801, 'Corr': 0.6751265054967922, 'deming_slope': 0.43027835661136565, 'deming_intercept': -0.00629955598543832, 'beta_sum': 0.4337196946144104, 'beta_l1': 1.0108916759490967, 'beta_l2': 0.05990934371948242, 'beta_min': -0.0029226464685052633, 'beta_max': 0.014063422568142414, 'beta_neg_frac': 0.48875, 'offline_data_id': 16, 'benchmark_id': 9, 'benchmark_point_source': 'support_safe_target_policy_draw', 'target_set_size': 100, 'benchmark_z_path': 'data/Z_true.pt', 'projected_bellman_test_risk': 0.0033155360724776983, 'oracle_embedding_risk': 0.42053940892219543, 'benchmark_embedding_risk': 0.42053940892219543, 'risk_bellman_final': 0.015268711432327105, 'risk_obj_final': 0.3049655854701996, 'B_num_rows': 3088, 'B_num_cols': 800, 'B_min_dim': 800, 'B_numerical_rank': 800, 'B_rank_fraction': 1.0, 'B_rank_tolerance': 5.9967023133822295e-05, 'B_stable_rank': 90.86164855957031, 'B_effective_rank': 770.2823422269289, 'B_entropy_rank': 6.646757125854492, 'B_spectral_norm': 0.16290150582790375, 'B_frobenius_norm': 1.5527995824813843, 'B_nuclear_norm': 42.328636169433594, 'B_condition_number': 6.104982113745771, 'B_condition_number_tol': 6.104982113745771, 'B_smallest_singular_value': 0.026683371514081955, 'B_rank_rel_1em2': 800, 'B_rank_rel_1em3': 800, 'B_rank_rel_1em4': 800}
Replicate 16 finished in 20.4s
Finished combo 5, offline replicate 16.
