Job ID:    2359251
Array idx: 458
CPUs/node: 64
Mem/node:  131072
Using CC = cc 
Using CXX = CC 
Using FC = ftn 
Using F77 = ftn 
Using F90 = ftn 
cuda/12.6.1 is deprecated; loading cudatoolkit/25.5_12.9 instead.
Using CC = /opt/nvidia/hpc_sdk/Linux_aarch64/25.5/compilers/bin/nvc 
Using CXX = /opt/nvidia/hpc_sdk/Linux_aarch64/25.5/compilers/bin/nvc++ 
Using FC = /opt/nvidia/hpc_sdk/Linux_aarch64/25.5/compilers/bin/nvfortran 
Using F77 = /opt/nvidia/hpc_sdk/Linux_aarch64/25.5/compilers/bin/nvfortran 
Using F90 = /opt/nvidia/hpc_sdk/Linux_aarch64/25.5/compilers/bin/nvfortran 
Using CC = /opt/nvidia/hpc_sdk/Linux_aarch64/25.5/compilers/bin/nvc 
Using CXX = /opt/nvidia/hpc_sdk/Linux_aarch64/25.5/compilers/bin/nvc++ 
Using FC = /opt/nvidia/hpc_sdk/Linux_aarch64/25.5/compilers/bin/nvfortran 
Using F77 = /opt/nvidia/hpc_sdk/Linux_aarch64/25.5/compilers/bin/nvfortran 
Using F90 = /opt/nvidia/hpc_sdk/Linux_aarch64/25.5/compilers/bin/nvfortran 

Lmod is automatically replacing "gcc-native/14" with "gcc/14.2.0".

ghx4
0
Tuning combo id: 4 / 6
Offline replicate id: 58 / 99
Installing ke_drl from git: https://github.com/mehrdadmhmdi/ke-drl.git@main
Collecting git+https://github.com/mehrdadmhmdi/ke-drl.git@main
  Cloning https://github.com/mehrdadmhmdi/ke-drl.git (to revision main) to /tmp/pip-req-build-c85oqvy5
  Running command git clone --filter=blob:none --quiet https://github.com/mehrdadmhmdi/ke-drl.git /tmp/pip-req-build-c85oqvy5
  Resolved https://github.com/mehrdadmhmdi/ke-drl.git to commit 3c5d570e40ea15b1fbe4817b5f43b64c7b333e82
  Installing build dependencies: started
  Installing build dependencies: finished with status 'done'
  Getting requirements to build wheel: started
  Getting requirements to build wheel: finished with status 'done'
  Preparing metadata (pyproject.toml): started
  Preparing metadata (pyproject.toml): finished with status 'done'
Building wheels for collected packages: ke_drl
  Building wheel for ke_drl (pyproject.toml): started
  Building wheel for ke_drl (pyproject.toml): finished with status 'done'
  Created wheel for ke_drl: filename=ke_drl-0.1.0-py3-none-any.whl size=47219 sha256=23b0378d1c5faf16b2d66aabd4fb3d0130719c6280dc428c40164859fd784314
  Stored in directory: /tmp/pip-ephem-wheel-cache-l7c0c00l/wheels/24/47/ad/9a4ffd3b05d3e90e35ffc6e7324b735b8bfcf5f51aaf29a333
Successfully built ke_drl
Installing collected packages: ke_drl
Successfully installed ke_drl-0.1.0
Installed ke_drl source: /work/nvme/bfez/mehrdad3/DistRL/simulation_3/runs/sim3_global_2358722_4/.kedrl_site_458/ke_drl/__init__.py
Tuning combo 4: kernel_length_1.5
Overrides: {'kernel': {'length_scale': 1.5}}
RUN: /sw/user/python/miniforge3-pytorch-24.11.3/bin/python3 validate_sim_config.py --params params.yaml
ke_drl import source: /work/nvme/bfez/mehrdad3/DistRL/simulation_3/runs/sim3_global_2358722_4/.kedrl_site_458/ke_drl/__init__.py
ke_drl package API OK: prediction weights, RFF operators, rank diagnostics, and best-checkpoint optimizer available
Policy config OK: behavior=uniform, target=logistic, state_dim=5, action_dim=1
Note: policy.logistic.theta_scale/theta_std are log-scale coefficients in Probability_Densities.
Behavior-policy linearized state-process diagnostic: spectral_radius=0.653, offline_burn_in=50
Replicate config OK: num_replicates=100, benchmark points=10 independent of D_i, loss target points=100
Transition reduction OK: method=kmeans, raw rows N(T-1)=12000, target rows about 3000, B rows reduced from 12000 to about 3000
Return-operator approximation OK: method=rff, features=512, exact G avoided for estimated N=12000, m=800, L=100
Fixed benchmark config rows=4 (benchmark.num_points=10; additional points are support-safe target-policy draws if needed)
Fixed benchmark point 0: s_star=[0.6, -0.8, 0.7, -0.5, 0.9], a_star=[0.5]
Fixed benchmark behavior-support interval for configured rows: min_lower=-0.12, max_upper=1.11
Fixed benchmark target-policy location range: [-0.02, 0.14]
Reusing shared data from /work/nvme/bfez/mehrdad3/DistRL/simulation_3/runs/sim3_shared_data/data for offline replicate 58.
RUN: /sw/user/python/miniforge3-pytorch-24.11.3/bin/python3 validate_sim_config.py --params params.yaml --data data/offline_data_58.pt
ke_drl import source: /work/nvme/bfez/mehrdad3/DistRL/simulation_3/runs/sim3_global_2358722_4/.kedrl_site_458/ke_drl/__init__.py
ke_drl package API OK: prediction weights, RFF operators, rank diagnostics, and best-checkpoint optimizer available
Policy config OK: behavior=uniform, target=logistic, state_dim=5, action_dim=1
Note: policy.logistic.theta_scale/theta_std are log-scale coefficients in Probability_Densities.
Behavior-policy linearized state-process diagnostic: spectral_radius=0.653, offline_burn_in=50
Replicate config OK: num_replicates=100, benchmark points=10 independent of D_i, loss target points=100
Transition reduction OK: method=kmeans, raw rows N(T-1)=12000, target rows about 3000, B rows reduced from 12000 to about 3000
Return-operator approximation OK: method=rff, features=512, exact G avoided for estimated N=12000, m=800, L=100
Fixed benchmark config rows=4 (benchmark.num_points=10; additional points are support-safe target-policy draws if needed)
Fixed benchmark point 0: s_star=[0.6, -0.8, 0.7, -0.5, 0.9], a_star=[0.5]
Fixed benchmark behavior-support interval for configured rows: min_lower=-0.12, max_upper=1.11
Fixed benchmark target-policy location range: [-0.02, 0.14]
Full benchmark support check OK: 10 points, min_lower=-2.177, max_upper=2.05
observed behavior actions: mean=0.3969, sd=0.6765, q0/q10/q50/q90/q100=[-2.0125131607055664, -0.42599600553512573, 0.3389584422111511, 1.3109906911849976, 3.074364185333252]
target-policy sampled actions: mean=-0.02585, sd=0.6636, q0/q10/q50/q90/q100=[-2.9609659029676583, -0.8771012450542269, -0.018531734252945256, 0.8242865234906775, 2.524677134034882]
behavior uniform lower: mean=-0.1263, sd=0.6581, q0/q10/q50/q90/q100=[-2.995238697528839, -0.9718576765060425, -0.11742737591266633, 0.7163061600923538, 2.392044758796692]
behavior uniform upper: mean=0.9188, sd=0.6457, q0/q10/q50/q90/q100=[-0.862406313419342, 0.07513743575662385, 0.9259868003427982, 1.7520783805847169, 3.392044758796692]
target location inside behavior uniform support: 0.967
RUN: /sw/user/python/miniforge3-pytorch-24.11.3/bin/python3 main_est.py
# ================================================================ #
#   Global KE-DRL estimation for one offline replicate              #
# ================================================================ #
Slurm Job ID: 2359251
Slurm Array ID: 58 -- used as the offline-replicate id
Offline data id: 58
ke_drl import source: /work/nvme/bfez/mehrdad3/DistRL/simulation_3/runs/sim3_global_2358722_4/.kedrl_site_458/ke_drl/__init__.py
Estimator device: cuda (NVIDIA GH200 120GB, capability 9.0); torch CUDA=13.0
Random seed: 20460570
Number of offline replicates: 100
[transition reduction] enabled: original rows=12000, target basis=3000, method=kmeans, device=cuda
[transition reduction] kmeans iter 1/20, mean center shift=2.7909e-01
[transition reduction] kmeans iter 5/20, mean center shift=4.8417e-03
[transition reduction] selected 3075 rows from 12000 transitions (ratio 0.2562); indices saved to data/reduced_transition_indices_58.pt
Data and parameters loaded.
offline path: data/offline_data_58.pt
benchmark true-Z path: data/Z_true.pt
offline shapes after reduction: s0=(3075, 5), a0=(3075, 1), r0=(3075, 3)
transition reduction: {'enabled': True, 'method': 'kmeans', 'original_rows': 12000, 'reduced_rows': 3075, 'selected_indices_path': 'data/reduced_transition_indices_58.pt', 'target_basis': 3000, 'compression_ratio': 0.25625}
fixed benchmark point source: fixed_config_plus_support_safe_target_policy_draws
benchmark row excluded from this offline data: None
global loss target set shape: s_star=(100, 5), a_star=(100, 1)
benchmark true-Z count=10, shape each=(50000, 3)
target policy: logistic
behavior policy: uniform
lambda_Gamma=0.005, lambda_B=0.02, d_r_method=song
dtype=torch.float32, operator_method=rff, operator_num_features=512
ridge_mode=rkhs, diagnostic_interval=50
mass_anchor_lambda=1.0, target_mass=1.0
uLSIF basis: source=numerator, n_basis=512, lambda_reg=0.005
optimizer stabilizers: lambda_neg=0.0, max_B_norm=None, eta_clip_min=0.0, eta_clip_max=5.0, normalize_eta=True
========================================
Estimating the global KE-DRL mean embedding
torch device=cuda, dtype=torch.float32
Data dims: N=3075, L=100, Ds=5, Da=1, Dr=3
lambda_Gamma=0.005, lambda_B=0.02
return-operator construction: method=rff, rff_features=512
[uLSIF] basis=512/3075 (numerator); eta_hat min=-8.972e-01 max=4.965e+00 neg%=4.81
ESS for eta_plus: 2197.6 / 3075
eta_plus diagnostics: raw_mean=0.999, raw_min=-0.897, raw_max=4.97; used_mean=1, used_min=0, used_max=4.9
[timing] Z-grid: 0.03s
[timing] K_X: 0.00s
[timing] K_plus: 0.00s
[timing] k_star: 0.00s
[timing] Gamma_stack: 0.01s
[timing] Phi_stack: 0.00s
[timing] RFF feature sample: 0.00s
[timing] K_Z RFF: 0.00s
[timing] G_stack RFF: 0.01s
[timing] H_stack RFF: 0.01s
findfont: Font family 'Nimbus Roman' not found.
findfont: Font family 'Nimbus Roman' not found.
findfont: Font family 'Nimbus Roman' not found.
findfont: Font family 'Nimbus Roman' not found.
findfont: Font family 'Nimbus Roman' not found.
findfont: Font family 'Nimbus Roman' not found.
findfont: Font family 'Nimbus Roman' not found.
findfont: Font family 'Nimbus Roman' not found.
findfont: Font family 'Nimbus Roman' not found.
findfont: Font family 'Nimbus Roman' not found.
findfont: Font family 'Nimbus Roman' not found.
findfont: Font family 'Nimbus Roman' not found.
findfont: Font family 'Nimbus Roman' not found.
findfont: Font family 'Nimbus Roman' not found.
findfont: Font family 'Nimbus Roman' not found.
findfont: Font family 'Nimbus Roman' not found.
findfont: Font family 'Nimbus Roman' not found.
findfont: Font family 'Nimbus Roman' not found.
findfont: Font family 'Nimbus Roman' not found.
findfont: Font family 'Nimbus Roman' not found.
findfont: Font family 'Nimbus Roman' not found.
findfont: Font family 'Nimbus Roman' not found.
findfont: Font family 'Nimbus Roman' not found.
findfont: Font family 'Nimbus Roman' not found.
findfont: Font family 'Nimbus Roman' not found.
findfont: Font family 'Nimbus Roman' not found.
findfont: Font family 'Nimbus Roman' not found.
findfont: Font family 'Nimbus Roman' not found.
findfont: Font family 'Nimbus Roman' not found.
findfont: Font family 'Nimbus Roman' not found.
findfont: Font family 'Nimbus Roman' not found.
findfont: Font family 'Nimbus Roman' not found.
findfont: Font family 'Nimbus Roman' not found.
findfont: Font family 'Nimbus Roman' not found.
findfont: Font family 'Nimbus Roman' not found.
findfont: Font family 'Nimbus Roman' not found.
findfont: Font family 'Nimbus Roman' not found.
findfont: Font family 'Nimbus Roman' not found.
findfont: Font family 'Nimbus Roman' not found.
findfont: Font family 'Nimbus Roman' not found.
findfont: Font family ['Nimbus Roman'] not found. Falling back to DejaVu Sans.
findfont: Font family 'Nimbus Roman' not found.
findfont: Font family ['Nimbus Roman'] not found. Falling back to DejaVu Sans.
findfont: Font family 'Nimbus Roman' not found.
findfont: Font family 'Nimbus Roman' not found.
findfont: Font family 'Nimbus Roman' not found.
findfont: Font family 'Nimbus Roman' not found.
findfont: Font family 'Nimbus Roman' not found.
findfont: Font family 'Nimbus Roman' not found.
findfont: Font family 'Nimbus Roman' not found.
findfont: Font family 'Nimbus Roman' not found.
findfont: Font family ['Nimbus Roman'] not found. Falling back to DejaVu Sans.
findfont: Font family 'Nimbus Roman' not found.
findfont: Font family 'Nimbus Roman' not found.
findfont: Font family 'Nimbus Roman' not found.
findfont: Font family 'Nimbus Roman' not found.
findfont: Font family 'Nimbus Roman' not found.
findfont: Font family 'Nimbus Roman' not found.
findfont: Font family 'Nimbus Roman' not found.
findfont: Font family 'Nimbus Roman' not found.
findfont: Font family 'Nimbus Roman' not found.
findfont: Font family 'Nimbus Roman' not found.
findfont: Font family 'Nimbus Roman' not found.
findfont: Font family 'Nimbus Roman' not found.
findfont: Font family 'Nimbus Roman' not found.
findfont: Font family 'Nimbus Roman' not found.
findfont: Font family 'Nimbus Roman' not found.
findfont: Font family 'Nimbus Roman' not found.
findfont: Font family 'Nimbus Roman' not found.
findfont: Font family 'Nimbus Roman' not found.
findfont: Font family 'Nimbus Roman' not found.
findfont: Font family 'Nimbus Roman' not found.
findfont: Font family 'Nimbus Roman' not found.
findfont: Font family 'Nimbus Roman' not found.
findfont: Font family 'Nimbus Roman' not found.
findfont: Font family 'Nimbus Roman' not found.
findfont: Font family 'Nimbus Roman' not found.
findfont: Font family 'Nimbus Roman' not found.
findfont: Font family 'Nimbus Roman' not found.
findfont: Font family 'Nimbus Roman' not found.
findfont: Font family 'Nimbus Roman' not found.
findfont: Font family 'Nimbus Roman' not found.
findfont: Font family 'Nimbus Roman' not found.
findfont: Font family 'Nimbus Roman' not found.
findfont: Font family 'Nimbus Roman' not found.
findfont: Font family 'Nimbus Roman' not found.
findfont: Font family 'Nimbus Roman' not found.
findfont: Font family 'Nimbus Roman' not found.
findfont: Font family 'Nimbus Roman' not found.
findfont: Font family 'Nimbus Roman' not found.
findfont: Font family 'Nimbus Roman' not found.
findfont: Font family 'Nimbus Roman' not found.
findfont: Font family 'Nimbus Roman' not found.
findfont: Font family 'Nimbus Roman' not found.
findfont: Font family 'Nimbus Roman' not found.
findfont: Font family 'Nimbus Roman' not found.
findfont: Font family 'Nimbus Roman' not found.
findfont: Font family 'Nimbus Roman' not found.
findfont: Font family 'Nimbus Roman' not found.
findfont: Font family 'Nimbus Roman' not found.
findfont: Font family 'Nimbus Roman' not found.
findfont: Font family 'Nimbus Roman' not found.
findfont: Font family 'Nimbus Roman' not found.
findfont: Font family 'Nimbus Roman' not found.
findfont: Font family 'Nimbus Roman' not found.
findfont: Font family 'Nimbus Roman' not found.
findfont: Font family 'Nimbus Roman' not found.
findfont: Font family 'Nimbus Roman' not found.
findfont: Font family 'Nimbus Roman' not found.
findfont: Font family 'Nimbus Roman' not found.
findfont: Font family 'Nimbus Roman' not found.
findfont: Font family 'Nimbus Roman' not found.
findfont: Font family 'Nimbus Roman' not found.
findfont: Font family 'Nimbus Roman' not found.
findfont: Font family 'Nimbus Roman' not found.
findfont: Font family 'Nimbus Roman' not found.
findfont: Font family 'Nimbus Roman' not found.
findfont: Font family 'Nimbus Roman' not found.
findfont: Font family 'Nimbus Roman' not found.
findfont: Font family 'Nimbus Roman' not found.
findfont: Font family 'Nimbus Roman' not found.
findfont: Font family 'Nimbus Roman' not found.
findfont: Font family 'Nimbus Roman' not found.
findfont: Font family 'Nimbus Roman' not found.
findfont: Font family 'Nimbus Roman' not found.
Ridge mode: rkhs; diagnostic interval: 50
Iter 1/4000 | log_obj=1.137e+01 | log_Bellman_root=4.260e+00 | mass=8.19e+04 | neg=0.00e+00 | grad=9.90e+02
Iter 400/4000 | log_obj=6.392e+00 | log_Bellman_root=1.772e+00 | mass=5.62e+02 | neg=0.00e+00 | grad=5.65e+04
Iter 800/4000 | log_obj=6.865e+00 | log_Bellman_root=2.007e+00 | mass=9.03e+02 | neg=0.00e+00 | grad=2.02e+04
Iter 1200/4000 | log_obj=5.074e+00 | log_Bellman_root=1.102e+00 | mass=1.51e+02 | neg=0.00e+00 | grad=3.95e+03
Iter 1600/4000 | log_obj=5.113e+00 | log_Bellman_root=1.122e+00 | mass=1.57e+02 | neg=0.00e+00 | grad=3.46e+03
Iter 2000/4000 | log_obj=5.112e+00 | log_Bellman_root=1.122e+00 | mass=1.57e+02 | neg=0.00e+00 | grad=3.46e+03
Iter 2400/4000 | log_obj=4.955e+00 | log_Bellman_root=1.044e+00 | mass=1.34e+02 | neg=0.00e+00 | grad=2.69e+04
Iter 2800/4000 | log_obj=1.992e+00 | log_Bellman_root=-4.030e-01 | mass=6.87e+00 | neg=0.00e+00 | grad=4.90e+03
Iter 3200/4000 | log_obj=6.737e-01 | log_Bellman_root=-1.118e+00 | mass=1.84e+00 | neg=0.00e+00 | grad=1.09e+04
Iter 3600/4000 | log_obj=3.073e+00 | log_Bellman_root=9.547e-02 | mass=2.04e+01 | neg=0.00e+00 | grad=4.15e+02
Iter 4000/4000 | log_obj=1.704e+00 | log_Bellman_root=-5.443e-01 | mass=5.14e+00 | neg=0.00e+00 | grad=4.53e+03
Returning best diagnostic checkpoint from step 3800 (objective=4.510e-01, Bellman=3.544e-02).
Done in 11.97s.
KE-DRL global estimation is done.
B_hat shape: (3075, 800)
B_hat rank diagnostics: {'B_num_rows': 3075, 'B_num_cols': 800, 'B_min_dim': 800, 'B_numerical_rank': 800, 'B_rank_fraction': 1.0, 'B_rank_tolerance': 3.052888601917658e-05, 'B_stable_rank': 353.3267822265625, 'B_effective_rank': 771.7382213471232, 'B_entropy_rank': 6.648645401000977, 'B_spectral_norm': 0.08328288048505783, 'B_frobenius_norm': 1.565467357635498, 'B_nuclear_norm': 42.78398895263672, 'B_condition_number': 3.0355473905463315, 'B_condition_number_tol': 3.0355473905463315, 'B_smallest_singular_value': 0.027435868978500366, 'B_rank_rel_1em2': 800, 'B_rank_rel_1em3': 800, 'B_rank_rel_1em4': 800}
Global-loss target mass diagnostics: {'target_mass_mean': 1.611039400100708, 'target_mass_min': 0.980069637298584, 'target_mass_max': 1.8523659706115723, 'target_mass_sd': 0.16456107795238495, 'target_mass_rmse_to_target': 0.6325968503952026, 'target_beta_min': -0.014129431918263435, 'target_beta_max': 0.03761272877454758, 'target_neg_frac_mean': 0.3278375}
Return dictionary Z_grid shape: (800, 3)
Replicate 58 risk metrics: {'risk_n_steps_recorded': 81.0, 'risk_n_diagnostics_recorded': 81.0, 'risk_log_obj_initial': 11.37315186237084, 'risk_log_obj_final': 1.7035117999181693, 'risk_log_obj_min': -0.7962540296371643, 'risk_obj_initial': 86955.5078125, 'risk_obj_final': 5.493204593658447, 'risk_obj_min': 0.45101529359817505, 'risk_log_obj_drop': 9.66964006245267, 'risk_log_bellman_root_initial': 4.259544227863508, 'risk_log_bellman_root_final': -0.5442700999591648, 'risk_log_bellman_root_min': -1.669934042342419, 'risk_bellman_root_initial': 70.77771759033205, 'risk_bellman_root_final': 0.5802651643753052, 'risk_bellman_root_min': 0.18825948238372803, 'risk_bellman_initial': 5009.485307296797, 'risk_bellman_final': 0.3367076609874999, 'risk_bellman_min': 0.035441632707389197, 'risk_log_bellman_root_drop': 4.803814327822672, 'risk_bellman_returned': 0.03544163331389427, 'risk_obj_returned': 0.45101529359817505, 'risk_returned_step': 3800.0, 'offline_data_id': 58, 'benchmark_point_source': 'fixed_config_plus_support_safe_target_policy_draws', 'target_set_size': 100, 'lambda_reg': 0.005, 'lambda_B': 0.02, 'num_steps': 4000, 'transition_reduction_enabled': 1, 'transition_reduction_method': 'kmeans', 'transition_original_rows': 12000, 'transition_reduced_rows': 3075, 'transition_compression_ratio': 0.25625, 'target_mass_mean': 1.611039400100708, 'target_mass_min': 0.980069637298584, 'target_mass_max': 1.8523659706115723, 'target_mass_sd': 0.16456107795238495, 'target_mass_rmse_to_target': 0.6325968503952026, 'target_beta_min': -0.014129431918263435, 'target_beta_max': 0.03761272877454758, 'target_neg_frac_mean': 0.3278375, 'B_num_rows': 3075, 'B_num_cols': 800, 'B_min_dim': 800, 'B_numerical_rank': 800, 'B_rank_fraction': 1.0, 'B_rank_tolerance': 3.052888601917658e-05, 'B_stable_rank': 353.3267822265625, 'B_effective_rank': 771.7382213471232, 'B_entropy_rank': 6.648645401000977, 'B_spectral_norm': 0.08328288048505783, 'B_frobenius_norm': 1.565467357635498, 'B_nuclear_norm': 42.78398895263672, 'B_condition_number': 3.0355473905463315, 'B_condition_number_tol': 3.0355473905463315, 'B_smallest_singular_value': 0.027435868978500366, 'B_rank_rel_1em2': 800, 'B_rank_rel_1em3': 800, 'B_rank_rel_1em4': 800, 'risk_objective_final_raw': 5.493204593658447, 'risk_objective_min_raw': 0.45101529359817505, 'risk_objective_max_raw': 86955.5078125, 'risk_bellman_final_raw': 0.3367076516151428, 'risk_bellman_min_raw': 0.03544163331389427, 'risk_bellman_max_raw': 5009.48486328125, 'risk_rkhs_ridge_final_raw': 0.01561465859413147, 'risk_rkhs_ridge_min_raw': 0.015312137082219124, 'risk_rkhs_ridge_max_raw': 4.989200115203857, 'risk_mass_final_raw': 5.14088249206543, 'risk_mass_min_raw': 0.4001787602901459, 'risk_mass_max_raw': 81941.03125, 'risk_negativity_final_raw': 0.0, 'risk_negativity_min_raw': 0.0, 'risk_negativity_max_raw': 0.0, 'risk_B_norm_final_raw': 1.565195918083191, 'risk_B_norm_min_raw': 1.5651942491531372, 'risk_B_norm_max_raw': 1.6381350755691528, 'risk_diagnostic_step_final_raw': 4000.0, 'risk_diagnostic_step_min_raw': 1.0, 'risk_diagnostic_step_max_raw': 4000.0, 'risk_best_step_final_raw': 3800.0, 'risk_best_step_min_raw': 3800.0, 'risk_best_step_max_raw': 3800.0, 'risk_best_objective_final_raw': 0.45101529359817505, 'risk_best_objective_min_raw': 0.45101529359817505, 'risk_best_objective_max_raw': 0.45101529359817505, 'risk_best_bellman_final_raw': 0.03544163331389427, 'risk_best_bellman_min_raw': 0.03544163331389427, 'risk_best_bellman_max_raw': 0.03544163331389427, 'risk_returned_step_final_raw': 3800.0, 'risk_returned_step_min_raw': 3800.0, 'risk_returned_step_max_raw': 3800.0, 'risk_returned_objective_final_raw': 0.45101529359817505, 'risk_returned_objective_min_raw': 0.45101529359817505, 'risk_returned_objective_max_raw': 0.45101529359817505, 'risk_returned_bellman_final_raw': 0.03544163331389427, 'risk_returned_bellman_min_raw': 0.03544163331389427, 'risk_returned_bellman_max_raw': 0.03544163331389427, 'risk_returned_best_checkpoint_final_raw': 1.0, 'risk_returned_best_checkpoint_min_raw': 1.0, 'risk_returned_best_checkpoint_max_raw': 1.0}
Benchmark 0 evaluation grid shape: (800, 3)
Replicate 58, benchmark 0 metrics: {'run_id': '58_b0', 'RMSE': 0.22632060224549513, 'MAE': 0.18637485336745158, 'SupNorm': 0.4644092917442322, 'Bias': 0.17670581327518448, 'Corr': 0.7168578077356716, 'deming_slope': 2.1562144348173913, 'deming_intercept': -0.3588224417783392, 'beta_sum': 1.4912246465682983, 'beta_l1': 3.267533302307129, 'beta_l2': 0.1506999433040619, 'beta_min': -0.011820397339761257, 'beta_max': 0.021339084953069687, 'beta_neg_frac': 0.37375, 'offline_data_id': 58, 'benchmark_id': 0, 'benchmark_point_source': 'fixed_config', 'target_set_size': 100, 'benchmark_z_path': 'data/Z_true.pt', 'projected_bellman_test_risk': 0.026514224708080292, 'oracle_embedding_risk': 0.7951691150665283, 'benchmark_embedding_risk': 0.7951691150665283, 'risk_bellman_final': 0.3367076609874999, 'risk_obj_final': 5.493204593658447, 'B_num_rows': 3075, 'B_num_cols': 800, 'B_min_dim': 800, 'B_numerical_rank': 800, 'B_rank_fraction': 1.0, 'B_rank_tolerance': 3.052888601917658e-05, 'B_stable_rank': 353.3267822265625, 'B_effective_rank': 771.7382213471232, 'B_entropy_rank': 6.648645401000977, 'B_spectral_norm': 0.08328288048505783, 'B_frobenius_norm': 1.565467357635498, 'B_nuclear_norm': 42.78398895263672, 'B_condition_number': 3.0355473905463315, 'B_condition_number_tol': 3.0355473905463315, 'B_smallest_singular_value': 0.027435868978500366, 'B_rank_rel_1em2': 800, 'B_rank_rel_1em3': 800, 'B_rank_rel_1em4': 800}
Saved ./mu/mu_hat.csv shape=(800,)
Saved ./mu/mu2D_hat_dims01.csv shape=(120, 120)
Saved ./mu/mu2D_hat_dims01.csv shape=(120, 120)
Saved plots/replicate_58/mu_3D.png
Benchmark 1 evaluation grid shape: (800, 3)
Replicate 58, benchmark 1 metrics: {'run_id': '58_b1', 'RMSE': 0.45490490546365564, 'MAE': 0.4379063349496573, 'SupNorm': 0.6389729976654053, 'Bias': 0.4379063349496573, 'Corr': 0.99035105359731, 'deming_slope': 2.0795908392712414, 'deming_intercept': -0.05974083872580471, 'beta_sum': 1.8578832149505615, 'beta_l1': 2.3837661743164062, 'beta_l2': 0.10998092591762543, 'beta_min': -0.006474893074482679, 'beta_max': 0.015795595943927765, 'beta_neg_frac': 0.21875, 'offline_data_id': 58, 'benchmark_id': 1, 'benchmark_point_source': 'fixed_config', 'target_set_size': 100, 'benchmark_z_path': 'data/Z_true.pt', 'projected_bellman_test_risk': 0.02853575348854065, 'oracle_embedding_risk': 0.9703999757766724, 'benchmark_embedding_risk': 0.9703999757766724, 'risk_bellman_final': 0.3367076609874999, 'risk_obj_final': 5.493204593658447, 'B_num_rows': 3075, 'B_num_cols': 800, 'B_min_dim': 800, 'B_numerical_rank': 800, 'B_rank_fraction': 1.0, 'B_rank_tolerance': 3.052888601917658e-05, 'B_stable_rank': 353.3267822265625, 'B_effective_rank': 771.7382213471232, 'B_entropy_rank': 6.648645401000977, 'B_spectral_norm': 0.08328288048505783, 'B_frobenius_norm': 1.565467357635498, 'B_nuclear_norm': 42.78398895263672, 'B_condition_number': 3.0355473905463315, 'B_condition_number_tol': 3.0355473905463315, 'B_smallest_singular_value': 0.027435868978500366, 'B_rank_rel_1em2': 800, 'B_rank_rel_1em3': 800, 'B_rank_rel_1em4': 800}
Benchmark 2 evaluation grid shape: (800, 3)
Replicate 58, benchmark 2 metrics: {'run_id': '58_b2', 'RMSE': 0.4530416388586008, 'MAE': 0.43503849222091956, 'SupNorm': 0.6411289572715759, 'Bias': 0.43503849222091956, 'Corr': 0.9541850391858847, 'deming_slope': 2.157038161058605, 'deming_intercept': -0.10926430314253321, 'beta_sum': 1.8550820350646973, 'beta_l1': 2.5773520469665527, 'beta_l2': 0.11942131817340851, 'beta_min': -0.006871851161122322, 'beta_max': 0.016643492504954338, 'beta_neg_frac': 0.2525, 'offline_data_id': 58, 'benchmark_id': 2, 'benchmark_point_source': 'fixed_config', 'target_set_size': 100, 'benchmark_z_path': 'data/Z_true.pt', 'projected_bellman_test_risk': 0.03098105825483799, 'oracle_embedding_risk': 0.9763026237487793, 'benchmark_embedding_risk': 0.9763026237487793, 'risk_bellman_final': 0.3367076609874999, 'risk_obj_final': 5.493204593658447, 'B_num_rows': 3075, 'B_num_cols': 800, 'B_min_dim': 800, 'B_numerical_rank': 800, 'B_rank_fraction': 1.0, 'B_rank_tolerance': 3.052888601917658e-05, 'B_stable_rank': 353.3267822265625, 'B_effective_rank': 771.7382213471232, 'B_entropy_rank': 6.648645401000977, 'B_spectral_norm': 0.08328288048505783, 'B_frobenius_norm': 1.565467357635498, 'B_nuclear_norm': 42.78398895263672, 'B_condition_number': 3.0355473905463315, 'B_condition_number_tol': 3.0355473905463315, 'B_smallest_singular_value': 0.027435868978500366, 'B_rank_rel_1em2': 800, 'B_rank_rel_1em3': 800, 'B_rank_rel_1em4': 800}
Benchmark 3 evaluation grid shape: (800, 3)
Replicate 58, benchmark 3 metrics: {'run_id': '58_b3', 'RMSE': 0.4370879578548777, 'MAE': 0.4183956845337525, 'SupNorm': 0.6296236515045166, 'Bias': 0.4183956845337525, 'Corr': 0.9668931703963052, 'deming_slope': 2.113488386353129, 'deming_intercept': -0.09361281535510413, 'beta_sum': 1.83867609500885, 'beta_l1': 2.5730934143066406, 'beta_l2': 0.11804433912038803, 'beta_min': -0.008717439137399197, 'beta_max': 0.015669193118810654, 'beta_neg_frac': 0.2425, 'offline_data_id': 58, 'benchmark_id': 3, 'benchmark_point_source': 'fixed_config', 'target_set_size': 100, 'benchmark_z_path': 'data/Z_true.pt', 'projected_bellman_test_risk': 0.03599461913108826, 'oracle_embedding_risk': 0.9595062732696533, 'benchmark_embedding_risk': 0.9595062732696533, 'risk_bellman_final': 0.3367076609874999, 'risk_obj_final': 5.493204593658447, 'B_num_rows': 3075, 'B_num_cols': 800, 'B_min_dim': 800, 'B_numerical_rank': 800, 'B_rank_fraction': 1.0, 'B_rank_tolerance': 3.052888601917658e-05, 'B_stable_rank': 353.3267822265625, 'B_effective_rank': 771.7382213471232, 'B_entropy_rank': 6.648645401000977, 'B_spectral_norm': 0.08328288048505783, 'B_frobenius_norm': 1.565467357635498, 'B_nuclear_norm': 42.78398895263672, 'B_condition_number': 3.0355473905463315, 'B_condition_number_tol': 3.0355473905463315, 'B_smallest_singular_value': 0.027435868978500366, 'B_rank_rel_1em2': 800, 'B_rank_rel_1em3': 800, 'B_rank_rel_1em4': 800}
Benchmark 4 evaluation grid shape: (800, 3)
Replicate 58, benchmark 4 metrics: {'run_id': '58_b4', 'RMSE': 0.14657897944992765, 'MAE': 0.1173571990209166, 'SupNorm': 0.38366562128067017, 'Bias': 0.049979449700331316, 'Corr': 0.5990059757425633, 'deming_slope': 2.017720805374832, 'deming_intercept': -0.4266760485046176, 'beta_sum': 1.3695188760757446, 'beta_l1': 2.8670496940612793, 'beta_l2': 0.14700409770011902, 'beta_min': -0.008949661627411842, 'beta_max': 0.03864963352680206, 'beta_neg_frac': 0.37125, 'offline_data_id': 58, 'benchmark_id': 4, 'benchmark_point_source': 'support_safe_target_policy_draw', 'target_set_size': 100, 'benchmark_z_path': 'data/Z_true.pt', 'projected_bellman_test_risk': 0.031710803508758545, 'oracle_embedding_risk': 0.7611813545227051, 'benchmark_embedding_risk': 0.7611813545227051, 'risk_bellman_final': 0.3367076609874999, 'risk_obj_final': 5.493204593658447, 'B_num_rows': 3075, 'B_num_cols': 800, 'B_min_dim': 800, 'B_numerical_rank': 800, 'B_rank_fraction': 1.0, 'B_rank_tolerance': 3.052888601917658e-05, 'B_stable_rank': 353.3267822265625, 'B_effective_rank': 771.7382213471232, 'B_entropy_rank': 6.648645401000977, 'B_spectral_norm': 0.08328288048505783, 'B_frobenius_norm': 1.565467357635498, 'B_nuclear_norm': 42.78398895263672, 'B_condition_number': 3.0355473905463315, 'B_condition_number_tol': 3.0355473905463315, 'B_smallest_singular_value': 0.027435868978500366, 'B_rank_rel_1em2': 800, 'B_rank_rel_1em3': 800, 'B_rank_rel_1em4': 800}
Benchmark 5 evaluation grid shape: (800, 3)
Replicate 58, benchmark 5 metrics: {'run_id': '58_b5', 'RMSE': 0.3372623269913554, 'MAE': 0.32092385433701565, 'SupNorm': 0.48927563428878784, 'Bias': -0.3202917346553295, 'Corr': 0.34461171450912004, 'deming_slope': 0.2696855971243036, 'deming_intercept': 0.014031043685849384, 'beta_sum': 0.48407167196273804, 'beta_l1': 1.324941635131836, 'beta_l2': 0.05846032500267029, 'beta_min': -0.0046456921845674515, 'beta_max': 0.007897822186350822, 'beta_neg_frac': 0.39375, 'offline_data_id': 58, 'benchmark_id': 5, 'benchmark_point_source': 'support_safe_target_policy_draw', 'target_set_size': 100, 'benchmark_z_path': 'data/Z_true.pt', 'projected_bellman_test_risk': 0.004564696457237005, 'oracle_embedding_risk': 0.8219425678253174, 'benchmark_embedding_risk': 0.8219425678253174, 'risk_bellman_final': 0.3367076609874999, 'risk_obj_final': 5.493204593658447, 'B_num_rows': 3075, 'B_num_cols': 800, 'B_min_dim': 800, 'B_numerical_rank': 800, 'B_rank_fraction': 1.0, 'B_rank_tolerance': 3.052888601917658e-05, 'B_stable_rank': 353.3267822265625, 'B_effective_rank': 771.7382213471232, 'B_entropy_rank': 6.648645401000977, 'B_spectral_norm': 0.08328288048505783, 'B_frobenius_norm': 1.565467357635498, 'B_nuclear_norm': 42.78398895263672, 'B_condition_number': 3.0355473905463315, 'B_condition_number_tol': 3.0355473905463315, 'B_smallest_singular_value': 0.027435868978500366, 'B_rank_rel_1em2': 800, 'B_rank_rel_1em3': 800, 'B_rank_rel_1em4': 800}
Benchmark 6 evaluation grid shape: (800, 3)
Replicate 58, benchmark 6 metrics: {'run_id': '58_b6', 'RMSE': 0.3002754523322089, 'MAE': 0.27018139615654946, 'SupNorm': 0.5132015943527222, 'Bias': 0.2698422611225396, 'Corr': 0.8232202348286707, 'deming_slope': 2.0801714380025356, 'deming_intercept': -0.23258402876435202, 'beta_sum': 1.6283907890319824, 'beta_l1': 3.2160630226135254, 'beta_l2': 0.14581653475761414, 'beta_min': -0.014263194054365158, 'beta_max': 0.018560487776994705, 'beta_neg_frac': 0.36, 'offline_data_id': 58, 'benchmark_id': 6, 'benchmark_point_source': 'support_safe_target_policy_draw', 'target_set_size': 100, 'benchmark_z_path': 'data/Z_true.pt', 'projected_bellman_test_risk': 0.025460481643676758, 'oracle_embedding_risk': 0.8269386291503906, 'benchmark_embedding_risk': 0.8269386291503906, 'risk_bellman_final': 0.3367076609874999, 'risk_obj_final': 5.493204593658447, 'B_num_rows': 3075, 'B_num_cols': 800, 'B_min_dim': 800, 'B_numerical_rank': 800, 'B_rank_fraction': 1.0, 'B_rank_tolerance': 3.052888601917658e-05, 'B_stable_rank': 353.3267822265625, 'B_effective_rank': 771.7382213471232, 'B_entropy_rank': 6.648645401000977, 'B_spectral_norm': 0.08328288048505783, 'B_frobenius_norm': 1.565467357635498, 'B_nuclear_norm': 42.78398895263672, 'B_condition_number': 3.0355473905463315, 'B_condition_number_tol': 3.0355473905463315, 'B_smallest_singular_value': 0.027435868978500366, 'B_rank_rel_1em2': 800, 'B_rank_rel_1em3': 800, 'B_rank_rel_1em4': 800}
Benchmark 7 evaluation grid shape: (800, 3)
Replicate 58, benchmark 7 metrics: {'run_id': '58_b7', 'RMSE': 0.2999359916691133, 'MAE': 0.2681984198512509, 'SupNorm': 0.5261011719703674, 'Bias': 0.2679983012424782, 'Corr': 0.8048709447193942, 'deming_slope': 2.1443676871408175, 'deming_intercept': -0.2615183510173924, 'beta_sum': 1.6404531002044678, 'beta_l1': 2.57802152633667, 'beta_l2': 0.12856724858283997, 'beta_min': -0.006948234513401985, 'beta_max': 0.03135133907198906, 'beta_neg_frac': 0.30125, 'offline_data_id': 58, 'benchmark_id': 7, 'benchmark_point_source': 'support_safe_target_policy_draw', 'target_set_size': 100, 'benchmark_z_path': 'data/Z_true.pt', 'projected_bellman_test_risk': 0.022535519674420357, 'oracle_embedding_risk': 0.8585765361785889, 'benchmark_embedding_risk': 0.8585765361785889, 'risk_bellman_final': 0.3367076609874999, 'risk_obj_final': 5.493204593658447, 'B_num_rows': 3075, 'B_num_cols': 800, 'B_min_dim': 800, 'B_numerical_rank': 800, 'B_rank_fraction': 1.0, 'B_rank_tolerance': 3.052888601917658e-05, 'B_stable_rank': 353.3267822265625, 'B_effective_rank': 771.7382213471232, 'B_entropy_rank': 6.648645401000977, 'B_spectral_norm': 0.08328288048505783, 'B_frobenius_norm': 1.565467357635498, 'B_nuclear_norm': 42.78398895263672, 'B_condition_number': 3.0355473905463315, 'B_condition_number_tol': 3.0355473905463315, 'B_smallest_singular_value': 0.027435868978500366, 'B_rank_rel_1em2': 800, 'B_rank_rel_1em3': 800, 'B_rank_rel_1em4': 800}
Benchmark 8 evaluation grid shape: (800, 3)
Replicate 58, benchmark 8 metrics: {'run_id': '58_b8', 'RMSE': 0.14783742239676484, 'MAE': 0.12139552157139405, 'SupNorm': 0.32409656047821045, 'Bias': 0.11655276380246506, 'Corr': 0.8354895766909539, 'deming_slope': 1.5113903387031176, 'deming_intercept': -0.11917732348383447, 'beta_sum': 1.3363187313079834, 'beta_l1': 2.865467071533203, 'beta_l2': 0.13335852324962616, 'beta_min': -0.012280149385333061, 'beta_max': 0.017923636361956596, 'beta_neg_frac': 0.36625, 'offline_data_id': 58, 'benchmark_id': 8, 'benchmark_point_source': 'support_safe_target_policy_draw', 'target_set_size': 100, 'benchmark_z_path': 'data/Z_true.pt', 'projected_bellman_test_risk': 0.03707057610154152, 'oracle_embedding_risk': 0.6652759313583374, 'benchmark_embedding_risk': 0.6652759313583374, 'risk_bellman_final': 0.3367076609874999, 'risk_obj_final': 5.493204593658447, 'B_num_rows': 3075, 'B_num_cols': 800, 'B_min_dim': 800, 'B_numerical_rank': 800, 'B_rank_fraction': 1.0, 'B_rank_tolerance': 3.052888601917658e-05, 'B_stable_rank': 353.3267822265625, 'B_effective_rank': 771.7382213471232, 'B_entropy_rank': 6.648645401000977, 'B_spectral_norm': 0.08328288048505783, 'B_frobenius_norm': 1.565467357635498, 'B_nuclear_norm': 42.78398895263672, 'B_condition_number': 3.0355473905463315, 'B_condition_number_tol': 3.0355473905463315, 'B_smallest_singular_value': 0.027435868978500366, 'B_rank_rel_1em2': 800, 'B_rank_rel_1em3': 800, 'B_rank_rel_1em4': 800}
Benchmark 9 evaluation grid shape: (800, 3)
Replicate 58, benchmark 9 metrics: {'run_id': '58_b9', 'RMSE': 0.3104639381401605, 'MAE': 0.2868936879187822, 'SupNorm': 0.49238479137420654, 'Bias': 0.2868936879187822, 'Corr': 0.8774116053323818, 'deming_slope': 1.9675199973626916, 'deming_intercept': -0.16526651701488515, 'beta_sum': 1.6537563800811768, 'beta_l1': 2.767226457595825, 'beta_l2': 0.13212497532367706, 'beta_min': -0.008632791228592396, 'beta_max': 0.027076035737991333, 'beta_neg_frac': 0.30875, 'offline_data_id': 58, 'benchmark_id': 9, 'benchmark_point_source': 'support_safe_target_policy_draw', 'target_set_size': 100, 'benchmark_z_path': 'data/Z_true.pt', 'projected_bellman_test_risk': 0.01647632196545601, 'oracle_embedding_risk': 0.8026243448257446, 'benchmark_embedding_risk': 0.8026243448257446, 'risk_bellman_final': 0.3367076609874999, 'risk_obj_final': 5.493204593658447, 'B_num_rows': 3075, 'B_num_cols': 800, 'B_min_dim': 800, 'B_numerical_rank': 800, 'B_rank_fraction': 1.0, 'B_rank_tolerance': 3.052888601917658e-05, 'B_stable_rank': 353.3267822265625, 'B_effective_rank': 771.7382213471232, 'B_entropy_rank': 6.648645401000977, 'B_spectral_norm': 0.08328288048505783, 'B_frobenius_norm': 1.565467357635498, 'B_nuclear_norm': 42.78398895263672, 'B_condition_number': 3.0355473905463315, 'B_condition_number_tol': 3.0355473905463315, 'B_smallest_singular_value': 0.027435868978500366, 'B_rank_rel_1em2': 800, 'B_rank_rel_1em3': 800, 'B_rank_rel_1em4': 800}
Replicate 58 finished in 20.9s
Finished combo 4, offline replicate 58.
