Job ID:    2358763
Array idx: 24
CPUs/node: 64
Mem/node:  131072
Using CC = cc 
Using CXX = CC 
Using FC = ftn 
Using F77 = ftn 
Using F90 = ftn 
cuda/12.6.1 is deprecated; loading cudatoolkit/25.5_12.9 instead.
Using CC = /opt/nvidia/hpc_sdk/Linux_aarch64/25.5/compilers/bin/nvc 
Using CXX = /opt/nvidia/hpc_sdk/Linux_aarch64/25.5/compilers/bin/nvc++ 
Using FC = /opt/nvidia/hpc_sdk/Linux_aarch64/25.5/compilers/bin/nvfortran 
Using F77 = /opt/nvidia/hpc_sdk/Linux_aarch64/25.5/compilers/bin/nvfortran 
Using F90 = /opt/nvidia/hpc_sdk/Linux_aarch64/25.5/compilers/bin/nvfortran 
Using CC = /opt/nvidia/hpc_sdk/Linux_aarch64/25.5/compilers/bin/nvc 
Using CXX = /opt/nvidia/hpc_sdk/Linux_aarch64/25.5/compilers/bin/nvc++ 
Using FC = /opt/nvidia/hpc_sdk/Linux_aarch64/25.5/compilers/bin/nvfortran 
Using F77 = /opt/nvidia/hpc_sdk/Linux_aarch64/25.5/compilers/bin/nvfortran 
Using F90 = /opt/nvidia/hpc_sdk/Linux_aarch64/25.5/compilers/bin/nvfortran 

Lmod is automatically replacing "gcc-native/14" with "gcc/14.2.0".

ghx4
0
Tuning combo id: 0 / 6
Offline replicate id: 24 / 99
Installing ke_drl from git: https://github.com/mehrdadmhmdi/ke-drl.git@main
Collecting git+https://github.com/mehrdadmhmdi/ke-drl.git@main
  Cloning https://github.com/mehrdadmhmdi/ke-drl.git (to revision main) to /tmp/pip-req-build-kiipwwo8
  Running command git clone --filter=blob:none --quiet https://github.com/mehrdadmhmdi/ke-drl.git /tmp/pip-req-build-kiipwwo8
  Resolved https://github.com/mehrdadmhmdi/ke-drl.git to commit 3c5d570e40ea15b1fbe4817b5f43b64c7b333e82
  Installing build dependencies: started
  Installing build dependencies: finished with status 'done'
  Getting requirements to build wheel: started
  Getting requirements to build wheel: finished with status 'done'
  Preparing metadata (pyproject.toml): started
  Preparing metadata (pyproject.toml): finished with status 'done'
Building wheels for collected packages: ke_drl
  Building wheel for ke_drl (pyproject.toml): started
  Building wheel for ke_drl (pyproject.toml): finished with status 'done'
  Created wheel for ke_drl: filename=ke_drl-0.1.0-py3-none-any.whl size=47219 sha256=dfad8579e8a08f934762134f46cd2af1f5f5e59feba6ecc0b994678a92afefd0
  Stored in directory: /tmp/pip-ephem-wheel-cache-ixrzapkn/wheels/24/47/ad/9a4ffd3b05d3e90e35ffc6e7324b735b8bfcf5f51aaf29a333
Successfully built ke_drl
Installing collected packages: ke_drl
Successfully installed ke_drl-0.1.0
Installed ke_drl source: /work/nvme/bfez/mehrdad3/DistRL/simulation_3/runs/sim3_global_2358722_0/.kedrl_site_24/ke_drl/__init__.py
Tuning combo 0: base
Overrides: {}
RUN: /sw/user/python/miniforge3-pytorch-24.11.3/bin/python3 validate_sim_config.py --params params.yaml
ke_drl import source: /work/nvme/bfez/mehrdad3/DistRL/simulation_3/runs/sim3_global_2358722_0/.kedrl_site_24/ke_drl/__init__.py
ke_drl package API OK: prediction weights, RFF operators, rank diagnostics, and best-checkpoint optimizer available
Policy config OK: behavior=uniform, target=logistic, state_dim=5, action_dim=1
Note: policy.logistic.theta_scale/theta_std are log-scale coefficients in Probability_Densities.
Behavior-policy linearized state-process diagnostic: spectral_radius=0.653, offline_burn_in=50
Replicate config OK: num_replicates=100, benchmark points=10 independent of D_i, loss target points=100
Transition reduction OK: method=kmeans, raw rows N(T-1)=12000, target rows about 3000, B rows reduced from 12000 to about 3000
Return-operator approximation OK: method=rff, features=512, exact G avoided for estimated N=12000, m=800, L=100
Fixed benchmark config rows=4 (benchmark.num_points=10; additional points are support-safe target-policy draws if needed)
Fixed benchmark point 0: s_star=[0.6, -0.8, 0.7, -0.5, 0.9], a_star=[0.5]
Fixed benchmark behavior-support interval for configured rows: min_lower=-0.12, max_upper=1.11
Fixed benchmark target-policy location range: [-0.02, 0.14]
Reusing shared data from /work/nvme/bfez/mehrdad3/DistRL/simulation_3/runs/sim3_shared_data/data for offline replicate 24.
RUN: /sw/user/python/miniforge3-pytorch-24.11.3/bin/python3 validate_sim_config.py --params params.yaml --data data/offline_data_24.pt
ke_drl import source: /work/nvme/bfez/mehrdad3/DistRL/simulation_3/runs/sim3_global_2358722_0/.kedrl_site_24/ke_drl/__init__.py
ke_drl package API OK: prediction weights, RFF operators, rank diagnostics, and best-checkpoint optimizer available
Policy config OK: behavior=uniform, target=logistic, state_dim=5, action_dim=1
Note: policy.logistic.theta_scale/theta_std are log-scale coefficients in Probability_Densities.
Behavior-policy linearized state-process diagnostic: spectral_radius=0.653, offline_burn_in=50
Replicate config OK: num_replicates=100, benchmark points=10 independent of D_i, loss target points=100
Transition reduction OK: method=kmeans, raw rows N(T-1)=12000, target rows about 3000, B rows reduced from 12000 to about 3000
Return-operator approximation OK: method=rff, features=512, exact G avoided for estimated N=12000, m=800, L=100
Fixed benchmark config rows=4 (benchmark.num_points=10; additional points are support-safe target-policy draws if needed)
Fixed benchmark point 0: s_star=[0.6, -0.8, 0.7, -0.5, 0.9], a_star=[0.5]
Fixed benchmark behavior-support interval for configured rows: min_lower=-0.12, max_upper=1.11
Fixed benchmark target-policy location range: [-0.02, 0.14]
Full benchmark support check OK: 10 points, min_lower=-2.177, max_upper=2.05
observed behavior actions: mean=0.3997, sd=0.6784, q0/q10/q50/q90/q100=[-2.0785410404205322, -0.4195254236459732, 0.3436209261417389, 1.3129077434539798, 2.9156062602996826]
target-policy sampled actions: mean=-0.02005, sd=0.6711, q0/q10/q50/q90/q100=[-2.7669806272015642, -0.8705795126057195, -0.0174284645191286, 0.8380299777511248, 2.623355906425596]
behavior uniform lower: mean=-0.1196, sd=0.6655, q0/q10/q50/q90/q100=[-2.8341753482818604, -0.9700395375490188, -0.1176592566072941, 0.7274138609319926, 2.6064280569553375]
behavior uniform upper: mean=0.9234, sd=0.6514, q0/q10/q50/q90/q100=[-0.983052134513855, 0.0688287627696991, 0.9325523447245359, 1.7647373566031457, 3.6064280569553375]
target location inside behavior uniform support: 0.966
RUN: /sw/user/python/miniforge3-pytorch-24.11.3/bin/python3 main_est.py
# ================================================================ #
#   Global KE-DRL estimation for one offline replicate              #
# ================================================================ #
Slurm Job ID: 2358763
Slurm Array ID: 24 -- used as the offline-replicate id
Offline data id: 24
ke_drl import source: /work/nvme/bfez/mehrdad3/DistRL/simulation_3/runs/sim3_global_2358722_0/.kedrl_site_24/ke_drl/__init__.py
Estimator device: cuda (NVIDIA GH200 120GB, capability 9.0); torch CUDA=13.0
Random seed: 20460536
Number of offline replicates: 100
[transition reduction] enabled: original rows=12000, target basis=3000, method=kmeans, device=cuda
[transition reduction] kmeans iter 1/20, mean center shift=2.7626e-01
[transition reduction] kmeans iter 5/20, mean center shift=5.1455e-03
[transition reduction] selected 3081 rows from 12000 transitions (ratio 0.2567); indices saved to data/reduced_transition_indices_24.pt
Data and parameters loaded.
offline path: data/offline_data_24.pt
benchmark true-Z path: data/Z_true.pt
offline shapes after reduction: s0=(3081, 5), a0=(3081, 1), r0=(3081, 3)
transition reduction: {'enabled': True, 'method': 'kmeans', 'original_rows': 12000, 'reduced_rows': 3081, 'selected_indices_path': 'data/reduced_transition_indices_24.pt', 'target_basis': 3000, 'compression_ratio': 0.25675}
fixed benchmark point source: fixed_config_plus_support_safe_target_policy_draws
benchmark row excluded from this offline data: None
global loss target set shape: s_star=(100, 5), a_star=(100, 1)
benchmark true-Z count=10, shape each=(50000, 3)
target policy: logistic
behavior policy: uniform
lambda_Gamma=0.005, lambda_B=0.02, d_r_method=song
dtype=torch.float32, operator_method=rff, operator_num_features=512
ridge_mode=rkhs, diagnostic_interval=50
mass_anchor_lambda=1.0, target_mass=1.0
uLSIF basis: source=numerator, n_basis=512, lambda_reg=0.005
optimizer stabilizers: lambda_neg=0.0, max_B_norm=None, eta_clip_min=0.0, eta_clip_max=5.0, normalize_eta=True
========================================
Estimating the global KE-DRL mean embedding
torch device=cuda, dtype=torch.float32
Data dims: N=3081, L=100, Ds=5, Da=1, Dr=3
lambda_Gamma=0.005, lambda_B=0.02
return-operator construction: method=rff, rff_features=512
[uLSIF] basis=512/3081 (numerator); eta_hat min=-7.268e-01 max=5.526e+00 neg%=3.73
ESS for eta_plus: 2181.8 / 3081
eta_plus diagnostics: raw_mean=1, raw_min=-0.727, raw_max=5.53; used_mean=1, used_min=0, used_max=4.96
[timing] Z-grid: 0.03s
[timing] K_X: 0.00s
[timing] K_plus: 0.00s
[timing] k_star: 0.00s
[timing] Gamma_stack: 0.01s
[timing] Phi_stack: 0.00s
[timing] RFF feature sample: 0.00s
[timing] K_Z RFF: 0.00s
[timing] G_stack RFF: 0.01s
[timing] H_stack RFF: 0.01s
findfont: Font family 'Nimbus Roman' not found.
findfont: Font family 'Nimbus Roman' not found.
findfont: Font family 'Nimbus Roman' not found.
findfont: Font family 'Nimbus Roman' not found.
findfont: Font family 'Nimbus Roman' not found.
findfont: Font family 'Nimbus Roman' not found.
findfont: Font family 'Nimbus Roman' not found.
findfont: Font family 'Nimbus Roman' not found.
findfont: Font family 'Nimbus Roman' not found.
findfont: Font family 'Nimbus Roman' not found.
findfont: Font family 'Nimbus Roman' not found.
findfont: Font family 'Nimbus Roman' not found.
findfont: Font family 'Nimbus Roman' not found.
findfont: Font family 'Nimbus Roman' not found.
findfont: Font family 'Nimbus Roman' not found.
findfont: Font family 'Nimbus Roman' not found.
findfont: Font family 'Nimbus Roman' not found.
findfont: Font family 'Nimbus Roman' not found.
findfont: Font family 'Nimbus Roman' not found.
findfont: Font family 'Nimbus Roman' not found.
findfont: Font family 'Nimbus Roman' not found.
findfont: Font family 'Nimbus Roman' not found.
findfont: Font family 'Nimbus Roman' not found.
findfont: Font family 'Nimbus Roman' not found.
findfont: Font family 'Nimbus Roman' not found.
findfont: Font family 'Nimbus Roman' not found.
findfont: Font family 'Nimbus Roman' not found.
findfont: Font family 'Nimbus Roman' not found.
findfont: Font family 'Nimbus Roman' not found.
findfont: Font family 'Nimbus Roman' not found.
findfont: Font family 'Nimbus Roman' not found.
findfont: Font family 'Nimbus Roman' not found.
findfont: Font family 'Nimbus Roman' not found.
findfont: Font family 'Nimbus Roman' not found.
findfont: Font family 'Nimbus Roman' not found.
findfont: Font family 'Nimbus Roman' not found.
findfont: Font family 'Nimbus Roman' not found.
findfont: Font family 'Nimbus Roman' not found.
findfont: Font family 'Nimbus Roman' not found.
findfont: Font family 'Nimbus Roman' not found.
findfont: Font family 'Nimbus Roman' not found.
findfont: Font family 'Nimbus Roman' not found.
findfont: Font family ['Nimbus Roman'] not found. Falling back to DejaVu Sans.
findfont: Font family 'Nimbus Roman' not found.
findfont: Font family ['Nimbus Roman'] not found. Falling back to DejaVu Sans.
findfont: Font family 'Nimbus Roman' not found.
findfont: Font family 'Nimbus Roman' not found.
findfont: Font family 'Nimbus Roman' not found.
findfont: Font family 'Nimbus Roman' not found.
findfont: Font family 'Nimbus Roman' not found.
findfont: Font family 'Nimbus Roman' not found.
findfont: Font family 'Nimbus Roman' not found.
findfont: Font family 'Nimbus Roman' not found.
findfont: Font family 'Nimbus Roman' not found.
findfont: Font family ['Nimbus Roman'] not found. Falling back to DejaVu Sans.
findfont: Font family 'Nimbus Roman' not found.
findfont: Font family 'Nimbus Roman' not found.
findfont: Font family 'Nimbus Roman' not found.
findfont: Font family 'Nimbus Roman' not found.
findfont: Font family 'Nimbus Roman' not found.
findfont: Font family 'Nimbus Roman' not found.
findfont: Font family 'Nimbus Roman' not found.
findfont: Font family 'Nimbus Roman' not found.
findfont: Font family 'Nimbus Roman' not found.
findfont: Font family 'Nimbus Roman' not found.
findfont: Font family 'Nimbus Roman' not found.
findfont: Font family 'Nimbus Roman' not found.
findfont: Font family 'Nimbus Roman' not found.
findfont: Font family 'Nimbus Roman' not found.
findfont: Font family 'Nimbus Roman' not found.
findfont: Font family 'Nimbus Roman' not found.
findfont: Font family 'Nimbus Roman' not found.
findfont: Font family 'Nimbus Roman' not found.
findfont: Font family 'Nimbus Roman' not found.
findfont: Font family 'Nimbus Roman' not found.
findfont: Font family 'Nimbus Roman' not found.
findfont: Font family 'Nimbus Roman' not found.
findfont: Font family 'Nimbus Roman' not found.
findfont: Font family 'Nimbus Roman' not found.
findfont: Font family 'Nimbus Roman' not found.
findfont: Font family 'Nimbus Roman' not found.
findfont: Font family 'Nimbus Roman' not found.
findfont: Font family 'Nimbus Roman' not found.
findfont: Font family 'Nimbus Roman' not found.
findfont: Font family 'Nimbus Roman' not found.
findfont: Font family 'Nimbus Roman' not found.
findfont: Font family 'Nimbus Roman' not found.
findfont: Font family 'Nimbus Roman' not found.
findfont: Font family 'Nimbus Roman' not found.
findfont: Font family 'Nimbus Roman' not found.
findfont: Font family 'Nimbus Roman' not found.
findfont: Font family 'Nimbus Roman' not found.
findfont: Font family 'Nimbus Roman' not found.
findfont: Font family 'Nimbus Roman' not found.
findfont: Font family 'Nimbus Roman' not found.
findfont: Font family 'Nimbus Roman' not found.
findfont: Font family 'Nimbus Roman' not found.
findfont: Font family 'Nimbus Roman' not found.
findfont: Font family 'Nimbus Roman' not found.
findfont: Font family 'Nimbus Roman' not found.
findfont: Font family 'Nimbus Roman' not found.
findfont: Font family 'Nimbus Roman' not found.
findfont: Font family 'Nimbus Roman' not found.
findfont: Font family 'Nimbus Roman' not found.
findfont: Font family 'Nimbus Roman' not found.
findfont: Font family 'Nimbus Roman' not found.
findfont: Font family 'Nimbus Roman' not found.
findfont: Font family 'Nimbus Roman' not found.
findfont: Font family 'Nimbus Roman' not found.
findfont: Font family 'Nimbus Roman' not found.
findfont: Font family 'Nimbus Roman' not found.
findfont: Font family 'Nimbus Roman' not found.
findfont: Font family 'Nimbus Roman' not found.
findfont: Font family 'Nimbus Roman' not found.
findfont: Font family 'Nimbus Roman' not found.
findfont: Font family 'Nimbus Roman' not found.
findfont: Font family 'Nimbus Roman' not found.
findfont: Font family 'Nimbus Roman' not found.
findfont: Font family 'Nimbus Roman' not found.
findfont: Font family 'Nimbus Roman' not found.
findfont: Font family 'Nimbus Roman' not found.
findfont: Font family 'Nimbus Roman' not found.
findfont: Font family 'Nimbus Roman' not found.
findfont: Font family 'Nimbus Roman' not found.
findfont: Font family 'Nimbus Roman' not found.
findfont: Font family 'Nimbus Roman' not found.
findfont: Font family 'Nimbus Roman' not found.
findfont: Font family 'Nimbus Roman' not found.
findfont: Font family 'Nimbus Roman' not found.
findfont: Font family 'Nimbus Roman' not found.
findfont: Font family 'Nimbus Roman' not found.
Ridge mode: rkhs; diagnostic interval: 50
Iter 1/4000 | log_obj=9.871e+00 | log_Bellman_root=3.485e+00 | mass=1.83e+04 | neg=0.00e+00 | grad=8.09e+02
Iter 400/4000 | log_obj=5.931e+00 | log_Bellman_root=1.503e+00 | mass=3.56e+02 | neg=0.00e+00 | grad=6.34e+03
Iter 800/4000 | log_obj=5.935e+00 | log_Bellman_root=1.506e+00 | mass=3.58e+02 | neg=0.00e+00 | grad=6.36e+03
Iter 1200/4000 | log_obj=4.059e+00 | log_Bellman_root=5.680e-01 | mass=5.48e+01 | neg=0.00e+00 | grad=2.08e+03
Iter 1600/4000 | log_obj=4.227e+00 | log_Bellman_root=6.498e-01 | mass=6.48e+01 | neg=0.00e+00 | grad=3.56e+03
Iter 2000/4000 | log_obj=3.447e+00 | log_Bellman_root=2.746e-01 | mass=2.97e+01 | neg=0.00e+00 | grad=6.61e+03
Iter 2400/4000 | log_obj=3.702e+00 | log_Bellman_root=4.356e-01 | mass=3.81e+01 | neg=0.00e+00 | grad=2.83e+03
Iter 2800/4000 | log_obj=2.978e+00 | log_Bellman_root=2.486e-02 | mass=1.86e+01 | neg=0.00e+00 | grad=1.97e+03
Iter 3200/4000 | log_obj=1.842e+00 | log_Bellman_root=-5.111e-01 | mass=5.93e+00 | neg=0.00e+00 | grad=3.11e+03
Iter 3600/4000 | log_obj=1.508e+00 | log_Bellman_root=-6.647e-01 | mass=4.23e+00 | neg=0.00e+00 | grad=4.13e+02
Iter 4000/4000 | log_obj=1.320e+00 | log_Bellman_root=-7.975e-01 | mass=3.52e+00 | neg=0.00e+00 | grad=7.95e+02
Returning best diagnostic checkpoint from step 1150 (objective=1.376e+00, Bellman=2.060e-01).
Done in 11.89s.
KE-DRL global estimation is done.
B_hat shape: (3081, 800)
B_hat rank diagnostics: {'B_num_rows': 3081, 'B_num_cols': 800, 'B_min_dim': 800, 'B_numerical_rank': 800, 'B_rank_fraction': 1.0, 'B_rank_tolerance': 3.314926410169505e-05, 'B_stable_rank': 301.0845031738281, 'B_effective_rank': 771.7231337627331, 'B_entropy_rank': 6.64862585067749, 'B_spectral_norm': 0.09025517106056213, 'B_frobenius_norm': 1.5660884380340576, 'B_nuclear_norm': 42.79942321777344, 'B_condition_number': 3.2820429178560917, 'B_condition_number_tol': 3.2820429178560917, 'B_smallest_singular_value': 0.027499692514538765, 'B_rank_rel_1em2': 800, 'B_rank_rel_1em3': 800, 'B_rank_rel_1em4': 800}
Global-loss target mass diagnostics: {'target_mass_mean': 1.7499011754989624, 'target_mass_min': 0.6350122690200806, 'target_mass_max': 3.615861415863037, 'target_mass_sd': 0.7636364102363586, 'target_mass_rmse_to_target': 1.0675488710403442, 'target_beta_min': -0.02158132754266262, 'target_beta_max': 0.04367593675851822, 'target_neg_frac_mean': 0.35480000000000006}
Return dictionary Z_grid shape: (800, 3)
Replicate 24 risk metrics: {'risk_n_steps_recorded': 81.0, 'risk_n_diagnostics_recorded': 81.0, 'risk_log_obj_initial': 9.870681642344152, 'risk_log_obj_final': 1.3201130270704324, 'risk_log_obj_min': 0.3190897163037844, 'risk_obj_initial': 19354.527343749993, 'risk_obj_final': 3.7438445091247554, 'risk_obj_min': 1.3758747577667236, 'risk_log_obj_drop': 8.55056861527372, 'risk_log_bellman_root_initial': 3.484909543059077, 'risk_log_bellman_root_final': -0.7975159959526632, 'risk_log_bellman_root_min': -1.0152669462367476, 'risk_bellman_root_initial': 32.619476318359375, 'risk_bellman_root_final': 0.4504464864730835, 'risk_bellman_root_min': 0.3623057007789612, 'risk_bellman_initial': 1064.0302352840083, 'risk_bellman_final': 0.2029020371759458, 'risk_bellman_min': 0.13126542081693415, 'risk_log_bellman_root_drop': 4.28242553901174, 'risk_bellman_returned': 0.2059543877840042, 'risk_obj_returned': 1.3758747577667236, 'risk_returned_step': 1150.0, 'offline_data_id': 24, 'benchmark_point_source': 'fixed_config_plus_support_safe_target_policy_draws', 'target_set_size': 100, 'lambda_reg': 0.005, 'lambda_B': 0.02, 'num_steps': 4000, 'transition_reduction_enabled': 1, 'transition_reduction_method': 'kmeans', 'transition_original_rows': 12000, 'transition_reduced_rows': 3081, 'transition_compression_ratio': 0.25675, 'target_mass_mean': 1.7499011754989624, 'target_mass_min': 0.6350122690200806, 'target_mass_max': 3.615861415863037, 'target_mass_sd': 0.7636364102363586, 'target_mass_rmse_to_target': 1.0675488710403442, 'target_beta_min': -0.02158132754266262, 'target_beta_max': 0.04367593675851822, 'target_neg_frac_mean': 0.35480000000000006, 'B_num_rows': 3081, 'B_num_cols': 800, 'B_min_dim': 800, 'B_numerical_rank': 800, 'B_rank_fraction': 1.0, 'B_rank_tolerance': 3.314926410169505e-05, 'B_stable_rank': 301.0845031738281, 'B_effective_rank': 771.7231337627331, 'B_entropy_rank': 6.64862585067749, 'B_spectral_norm': 0.09025517106056213, 'B_frobenius_norm': 1.5660884380340576, 'B_nuclear_norm': 42.79942321777344, 'B_condition_number': 3.2820429178560917, 'B_condition_number_tol': 3.2820429178560917, 'B_smallest_singular_value': 0.027499692514538765, 'B_rank_rel_1em2': 800, 'B_rank_rel_1em3': 800, 'B_rank_rel_1em4': 800, 'risk_objective_final_raw': 3.743844509124756, 'risk_objective_min_raw': 1.3758747577667236, 'risk_objective_max_raw': 19354.52734375, 'risk_bellman_final_raw': 0.20290204882621765, 'risk_bellman_min_raw': 0.13126541674137115, 'risk_bellman_max_raw': 1064.0302734375, 'risk_rkhs_ridge_final_raw': 0.01929832249879837, 'risk_rkhs_ridge_min_raw': 0.01929832249879837, 'risk_rkhs_ridge_max_raw': 2.2954962253570557, 'risk_mass_final_raw': 3.521644115447998, 'risk_mass_min_raw': 1.1396605968475342, 'risk_mass_max_raw': 18288.201171875, 'risk_negativity_final_raw': 0.0, 'risk_negativity_min_raw': 0.0, 'risk_negativity_max_raw': 0.0, 'risk_B_norm_final_raw': 1.5570476055145264, 'risk_B_norm_min_raw': 1.5570476055145264, 'risk_B_norm_max_raw': 1.6391953229904175, 'risk_diagnostic_step_final_raw': 4000.0, 'risk_diagnostic_step_min_raw': 1.0, 'risk_diagnostic_step_max_raw': 4000.0, 'risk_best_step_final_raw': 1150.0, 'risk_best_step_min_raw': 1150.0, 'risk_best_step_max_raw': 1150.0, 'risk_best_objective_final_raw': 1.3758747577667236, 'risk_best_objective_min_raw': 1.3758747577667236, 'risk_best_objective_max_raw': 1.3758747577667236, 'risk_best_bellman_final_raw': 0.2059543877840042, 'risk_best_bellman_min_raw': 0.2059543877840042, 'risk_best_bellman_max_raw': 0.2059543877840042, 'risk_returned_step_final_raw': 1150.0, 'risk_returned_step_min_raw': 1150.0, 'risk_returned_step_max_raw': 1150.0, 'risk_returned_objective_final_raw': 1.3758747577667236, 'risk_returned_objective_min_raw': 1.3758747577667236, 'risk_returned_objective_max_raw': 1.3758747577667236, 'risk_returned_bellman_final_raw': 0.2059543877840042, 'risk_returned_bellman_min_raw': 0.2059543877840042, 'risk_returned_bellman_max_raw': 0.2059543877840042, 'risk_returned_best_checkpoint_final_raw': 1.0, 'risk_returned_best_checkpoint_min_raw': 1.0, 'risk_returned_best_checkpoint_max_raw': 1.0}
Benchmark 0 evaluation grid shape: (800, 3)
Replicate 24, benchmark 0 metrics: {'run_id': '24_b0', 'RMSE': 0.09500052346641528, 'MAE': 0.08022166978335007, 'SupNorm': 0.2212308943271637, 'Bias': 0.007898980635218322, 'Corr': 0.6821486463434476, 'deming_slope': 1.5507351255665451, 'deming_intercept': -0.13651439665829895, 'beta_sum': 1.152464747428894, 'beta_l1': 3.4304428100585938, 'beta_l2': 0.15279154479503632, 'beta_min': -0.01664462499320507, 'beta_max': 0.017029765993356705, 'beta_neg_frac': 0.3975, 'offline_data_id': 24, 'benchmark_id': 0, 'benchmark_point_source': 'fixed_config', 'target_set_size': 100, 'benchmark_z_path': 'data/Z_true.pt', 'projected_bellman_test_risk': 0.023057332262396812, 'oracle_embedding_risk': 0.840461254119873, 'benchmark_embedding_risk': 0.840461254119873, 'risk_bellman_final': 0.2029020371759458, 'risk_obj_final': 3.7438445091247554, 'B_num_rows': 3081, 'B_num_cols': 800, 'B_min_dim': 800, 'B_numerical_rank': 800, 'B_rank_fraction': 1.0, 'B_rank_tolerance': 3.314926410169505e-05, 'B_stable_rank': 301.0845031738281, 'B_effective_rank': 771.7231337627331, 'B_entropy_rank': 6.64862585067749, 'B_spectral_norm': 0.09025517106056213, 'B_frobenius_norm': 1.5660884380340576, 'B_nuclear_norm': 42.79942321777344, 'B_condition_number': 3.2820429178560917, 'B_condition_number_tol': 3.2820429178560917, 'B_smallest_singular_value': 0.027499692514538765, 'B_rank_rel_1em2': 800, 'B_rank_rel_1em3': 800, 'B_rank_rel_1em4': 800}
Saved ./mu/mu_hat.csv shape=(800,)
Saved ./mu/mu2D_hat_dims01.csv shape=(120, 120)
Saved ./mu/mu2D_hat_dims01.csv shape=(120, 120)
Saved plots/replicate_24/mu_3D.png
Benchmark 1 evaluation grid shape: (800, 3)
Replicate 24, benchmark 1 metrics: {'run_id': '24_b1', 'RMSE': 0.46243991881821217, 'MAE': 0.41867947105696657, 'SupNorm': 0.8023777604103088, 'Bias': 0.41867947105696657, 'Corr': 0.9816245473998217, 'deming_slope': 3.0686190680919356, 'deming_intercept': -0.12026670923822713, 'beta_sum': 2.256354808807373, 'beta_l1': 4.605055809020996, 'beta_l2': 0.20170196890830994, 'beta_min': -0.017720526084303856, 'beta_max': 0.020068667829036713, 'beta_neg_frac': 0.3225, 'offline_data_id': 24, 'benchmark_id': 1, 'benchmark_point_source': 'fixed_config', 'target_set_size': 100, 'benchmark_z_path': 'data/Z_true.pt', 'projected_bellman_test_risk': 0.09301604330539703, 'oracle_embedding_risk': 1.4818272590637207, 'benchmark_embedding_risk': 1.4818272590637207, 'risk_bellman_final': 0.2029020371759458, 'risk_obj_final': 3.7438445091247554, 'B_num_rows': 3081, 'B_num_cols': 800, 'B_min_dim': 800, 'B_numerical_rank': 800, 'B_rank_fraction': 1.0, 'B_rank_tolerance': 3.314926410169505e-05, 'B_stable_rank': 301.0845031738281, 'B_effective_rank': 771.7231337627331, 'B_entropy_rank': 6.64862585067749, 'B_spectral_norm': 0.09025517106056213, 'B_frobenius_norm': 1.5660884380340576, 'B_nuclear_norm': 42.79942321777344, 'B_condition_number': 3.2820429178560917, 'B_condition_number_tol': 3.2820429178560917, 'B_smallest_singular_value': 0.027499692514538765, 'B_rank_rel_1em2': 800, 'B_rank_rel_1em3': 800, 'B_rank_rel_1em4': 800}
Benchmark 2 evaluation grid shape: (800, 3)
Replicate 24, benchmark 2 metrics: {'run_id': '24_b2', 'RMSE': 0.38740291746847083, 'MAE': 0.3461937409857637, 'SupNorm': 0.6812547445297241, 'Bias': 0.34617974353110187, 'Corr': 0.9352996452061328, 'deming_slope': 2.924031104659367, 'deming_intercept': -0.1695252114636001, 'beta_sum': 2.0363216400146484, 'beta_l1': 4.4917683601379395, 'beta_l2': 0.1962222158908844, 'beta_min': -0.016950882971286774, 'beta_max': 0.02370244637131691, 'beta_neg_frac': 0.335, 'offline_data_id': 24, 'benchmark_id': 2, 'benchmark_point_source': 'fixed_config', 'target_set_size': 100, 'benchmark_z_path': 'data/Z_true.pt', 'projected_bellman_test_risk': 0.08438227325677872, 'oracle_embedding_risk': 1.278505563735962, 'benchmark_embedding_risk': 1.278505563735962, 'risk_bellman_final': 0.2029020371759458, 'risk_obj_final': 3.7438445091247554, 'B_num_rows': 3081, 'B_num_cols': 800, 'B_min_dim': 800, 'B_numerical_rank': 800, 'B_rank_fraction': 1.0, 'B_rank_tolerance': 3.314926410169505e-05, 'B_stable_rank': 301.0845031738281, 'B_effective_rank': 771.7231337627331, 'B_entropy_rank': 6.64862585067749, 'B_spectral_norm': 0.09025517106056213, 'B_frobenius_norm': 1.5660884380340576, 'B_nuclear_norm': 42.79942321777344, 'B_condition_number': 3.2820429178560917, 'B_condition_number_tol': 3.2820429178560917, 'B_smallest_singular_value': 0.027499692514538765, 'B_rank_rel_1em2': 800, 'B_rank_rel_1em3': 800, 'B_rank_rel_1em4': 800}
Benchmark 3 evaluation grid shape: (800, 3)
Replicate 24, benchmark 3 metrics: {'run_id': '24_b3', 'RMSE': 0.46221075320826327, 'MAE': 0.41233529343269765, 'SupNorm': 0.8300503492355347, 'Bias': 0.41233529343269765, 'Corr': 0.9407950126270728, 'deming_slope': 3.2665779455502957, 'deming_intercept': -0.17527514045035242, 'beta_sum': 2.2909464836120605, 'beta_l1': 4.494412422180176, 'beta_l2': 0.19732137024402618, 'beta_min': -0.017876487225294113, 'beta_max': 0.021704114973545074, 'beta_neg_frac': 0.315, 'offline_data_id': 24, 'benchmark_id': 3, 'benchmark_point_source': 'fixed_config', 'target_set_size': 100, 'benchmark_z_path': 'data/Z_true.pt', 'projected_bellman_test_risk': 0.08292423188686371, 'oracle_embedding_risk': 1.5368801355361938, 'benchmark_embedding_risk': 1.5368801355361938, 'risk_bellman_final': 0.2029020371759458, 'risk_obj_final': 3.7438445091247554, 'B_num_rows': 3081, 'B_num_cols': 800, 'B_min_dim': 800, 'B_numerical_rank': 800, 'B_rank_fraction': 1.0, 'B_rank_tolerance': 3.314926410169505e-05, 'B_stable_rank': 301.0845031738281, 'B_effective_rank': 771.7231337627331, 'B_entropy_rank': 6.64862585067749, 'B_spectral_norm': 0.09025517106056213, 'B_frobenius_norm': 1.5660884380340576, 'B_nuclear_norm': 42.79942321777344, 'B_condition_number': 3.2820429178560917, 'B_condition_number_tol': 3.2820429178560917, 'B_smallest_singular_value': 0.027499692514538765, 'B_rank_rel_1em2': 800, 'B_rank_rel_1em3': 800, 'B_rank_rel_1em4': 800}
Benchmark 4 evaluation grid shape: (800, 3)
Replicate 24, benchmark 4 metrics: {'run_id': '24_b4', 'RMSE': 0.28027702655218556, 'MAE': 0.19401623114470568, 'SupNorm': 0.8965151309967041, 'Bias': 0.14549664705999021, 'Corr': 0.3328108736439737, 'deming_slope': 7.09772552680711, 'deming_intercept': -1.4801855378503366, 'beta_sum': 2.506443738937378, 'beta_l1': 3.685549736022949, 'beta_l2': 0.17517901957035065, 'beta_min': -0.01110109593719244, 'beta_max': 0.036303166300058365, 'beta_neg_frac': 0.265, 'offline_data_id': 24, 'benchmark_id': 4, 'benchmark_point_source': 'support_safe_target_policy_draw', 'target_set_size': 100, 'benchmark_z_path': 'data/Z_true.pt', 'projected_bellman_test_risk': 0.0457196906208992, 'oracle_embedding_risk': 1.8700611591339111, 'benchmark_embedding_risk': 1.8700611591339111, 'risk_bellman_final': 0.2029020371759458, 'risk_obj_final': 3.7438445091247554, 'B_num_rows': 3081, 'B_num_cols': 800, 'B_min_dim': 800, 'B_numerical_rank': 800, 'B_rank_fraction': 1.0, 'B_rank_tolerance': 3.314926410169505e-05, 'B_stable_rank': 301.0845031738281, 'B_effective_rank': 771.7231337627331, 'B_entropy_rank': 6.64862585067749, 'B_spectral_norm': 0.09025517106056213, 'B_frobenius_norm': 1.5660884380340576, 'B_nuclear_norm': 42.79942321777344, 'B_condition_number': 3.2820429178560917, 'B_condition_number_tol': 3.2820429178560917, 'B_smallest_singular_value': 0.027499692514538765, 'B_rank_rel_1em2': 800, 'B_rank_rel_1em3': 800, 'B_rank_rel_1em4': 800}
Benchmark 5 evaluation grid shape: (800, 3)
Replicate 24, benchmark 5 metrics: {'run_id': '24_b5', 'RMSE': 0.2566715581525105, 'MAE': 0.24037143141270917, 'SupNorm': 0.4066508673131466, 'Bias': -0.24037003880839167, 'Corr': 0.36021855195494684, 'deming_slope': 0.040177045165903424, 'deming_intercept': 0.00628968354966678, 'beta_sum': 0.1347661316394806, 'beta_l1': 0.5044138431549072, 'beta_l2': 0.02264467440545559, 'beta_min': -0.0020009351428598166, 'beta_max': 0.003190139541402459, 'beta_neg_frac': 0.425, 'offline_data_id': 24, 'benchmark_id': 5, 'benchmark_point_source': 'support_safe_target_policy_draw', 'target_set_size': 100, 'benchmark_z_path': 'data/Z_true.pt', 'projected_bellman_test_risk': 0.0005266727530397475, 'oracle_embedding_risk': 0.9696349501609802, 'benchmark_embedding_risk': 0.9696349501609802, 'risk_bellman_final': 0.2029020371759458, 'risk_obj_final': 3.7438445091247554, 'B_num_rows': 3081, 'B_num_cols': 800, 'B_min_dim': 800, 'B_numerical_rank': 800, 'B_rank_fraction': 1.0, 'B_rank_tolerance': 3.314926410169505e-05, 'B_stable_rank': 301.0845031738281, 'B_effective_rank': 771.7231337627331, 'B_entropy_rank': 6.64862585067749, 'B_spectral_norm': 0.09025517106056213, 'B_frobenius_norm': 1.5660884380340576, 'B_nuclear_norm': 42.79942321777344, 'B_condition_number': 3.2820429178560917, 'B_condition_number_tol': 3.2820429178560917, 'B_smallest_singular_value': 0.027499692514538765, 'B_rank_rel_1em2': 800, 'B_rank_rel_1em3': 800, 'B_rank_rel_1em4': 800}
Benchmark 6 evaluation grid shape: (800, 3)
Replicate 24, benchmark 6 metrics: {'run_id': '24_b6', 'RMSE': 0.22754629053899855, 'MAE': 0.18142105229722802, 'SupNorm': 0.48976069688796997, 'Bias': 0.17255412000871728, 'Corr': 0.7513384504436792, 'deming_slope': 2.6361994129986015, 'deming_intercept': -0.25938810834906295, 'beta_sum': 1.6671366691589355, 'beta_l1': 3.923405647277832, 'beta_l2': 0.17219950258731842, 'beta_min': -0.018130961805582047, 'beta_max': 0.02164633385837078, 'beta_neg_frac': 0.35125, 'offline_data_id': 24, 'benchmark_id': 6, 'benchmark_point_source': 'support_safe_target_policy_draw', 'target_set_size': 100, 'benchmark_z_path': 'data/Z_true.pt', 'projected_bellman_test_risk': 0.07977863401174545, 'oracle_embedding_risk': 1.0427098274230957, 'benchmark_embedding_risk': 1.0427098274230957, 'risk_bellman_final': 0.2029020371759458, 'risk_obj_final': 3.7438445091247554, 'B_num_rows': 3081, 'B_num_cols': 800, 'B_min_dim': 800, 'B_numerical_rank': 800, 'B_rank_fraction': 1.0, 'B_rank_tolerance': 3.314926410169505e-05, 'B_stable_rank': 301.0845031738281, 'B_effective_rank': 771.7231337627331, 'B_entropy_rank': 6.64862585067749, 'B_spectral_norm': 0.09025517106056213, 'B_frobenius_norm': 1.5660884380340576, 'B_nuclear_norm': 42.79942321777344, 'B_condition_number': 3.2820429178560917, 'B_condition_number_tol': 3.2820429178560917, 'B_smallest_singular_value': 0.027499692514538765, 'B_rank_rel_1em2': 800, 'B_rank_rel_1em3': 800, 'B_rank_rel_1em4': 800}
Benchmark 7 evaluation grid shape: (800, 3)
Replicate 24, benchmark 7 metrics: {'run_id': '24_b7', 'RMSE': 0.6265743174501426, 'MAE': 0.5233487804752076, 'SupNorm': 1.3463859558105469, 'Bias': 0.5232917271048063, 'Corr': 0.6393227637488461, 'deming_slope': 6.447733284352716, 'deming_intercept': -0.9012098543492283, 'beta_sum': 3.306265354156494, 'beta_l1': 4.544434547424316, 'beta_l2': 0.20352284610271454, 'beta_min': -0.011509030126035213, 'beta_max': 0.035867586731910706, 'beta_neg_frac': 0.2425, 'offline_data_id': 24, 'benchmark_id': 7, 'benchmark_point_source': 'support_safe_target_policy_draw', 'target_set_size': 100, 'benchmark_z_path': 'data/Z_true.pt', 'projected_bellman_test_risk': 0.1953081637620926, 'oracle_embedding_risk': 2.9629034996032715, 'benchmark_embedding_risk': 2.9629034996032715, 'risk_bellman_final': 0.2029020371759458, 'risk_obj_final': 3.7438445091247554, 'B_num_rows': 3081, 'B_num_cols': 800, 'B_min_dim': 800, 'B_numerical_rank': 800, 'B_rank_fraction': 1.0, 'B_rank_tolerance': 3.314926410169505e-05, 'B_stable_rank': 301.0845031738281, 'B_effective_rank': 771.7231337627331, 'B_entropy_rank': 6.64862585067749, 'B_spectral_norm': 0.09025517106056213, 'B_frobenius_norm': 1.5660884380340576, 'B_nuclear_norm': 42.79942321777344, 'B_condition_number': 3.2820429178560917, 'B_condition_number_tol': 3.2820429178560917, 'B_smallest_singular_value': 0.027499692514538765, 'B_rank_rel_1em2': 800, 'B_rank_rel_1em3': 800, 'B_rank_rel_1em4': 800}
Benchmark 8 evaluation grid shape: (800, 3)
Replicate 24, benchmark 8 metrics: {'run_id': '24_b8', 'RMSE': 0.16947304778247674, 'MAE': 0.12761942888086197, 'SupNorm': 0.4286305904388428, 'Bias': 0.11203007949108723, 'Corr': 0.7193574143859863, 'deming_slope': 2.225045045986375, 'deming_intercept': -0.20708702774309434, 'beta_sum': 1.6224132776260376, 'beta_l1': 2.712219715118408, 'beta_l2': 0.1211642324924469, 'beta_min': -0.009681778028607368, 'beta_max': 0.014752469956874847, 'beta_neg_frac': 0.2875, 'offline_data_id': 24, 'benchmark_id': 8, 'benchmark_point_source': 'support_safe_target_policy_draw', 'target_set_size': 100, 'benchmark_z_path': 'data/Z_true.pt', 'projected_bellman_test_risk': 0.06229188293218613, 'oracle_embedding_risk': 0.99812251329422, 'benchmark_embedding_risk': 0.99812251329422, 'risk_bellman_final': 0.2029020371759458, 'risk_obj_final': 3.7438445091247554, 'B_num_rows': 3081, 'B_num_cols': 800, 'B_min_dim': 800, 'B_numerical_rank': 800, 'B_rank_fraction': 1.0, 'B_rank_tolerance': 3.314926410169505e-05, 'B_stable_rank': 301.0845031738281, 'B_effective_rank': 771.7231337627331, 'B_entropy_rank': 6.64862585067749, 'B_spectral_norm': 0.09025517106056213, 'B_frobenius_norm': 1.5660884380340576, 'B_nuclear_norm': 42.79942321777344, 'B_condition_number': 3.2820429178560917, 'B_condition_number_tol': 3.2820429178560917, 'B_smallest_singular_value': 0.027499692514538765, 'B_rank_rel_1em2': 800, 'B_rank_rel_1em3': 800, 'B_rank_rel_1em4': 800}
Benchmark 9 evaluation grid shape: (800, 3)
Replicate 24, benchmark 9 metrics: {'run_id': '24_b9', 'RMSE': 0.5758112537860297, 'MAE': 0.49602868453948756, 'SupNorm': 1.1142377853393555, 'Bias': 0.4960219332238194, 'Corr': 0.7401499378543753, 'deming_slope': 4.881562018500296, 'deming_intercept': -0.5355621660172266, 'beta_sum': 3.0118327140808105, 'beta_l1': 4.422967910766602, 'beta_l2': 0.19883805513381958, 'beta_min': -0.011171199381351471, 'beta_max': 0.028810154646635056, 'beta_neg_frac': 0.26875, 'offline_data_id': 24, 'benchmark_id': 9, 'benchmark_point_source': 'support_safe_target_policy_draw', 'target_set_size': 100, 'benchmark_z_path': 'data/Z_true.pt', 'projected_bellman_test_risk': 0.12657177448272705, 'oracle_embedding_risk': 2.2703075408935547, 'benchmark_embedding_risk': 2.2703075408935547, 'risk_bellman_final': 0.2029020371759458, 'risk_obj_final': 3.7438445091247554, 'B_num_rows': 3081, 'B_num_cols': 800, 'B_min_dim': 800, 'B_numerical_rank': 800, 'B_rank_fraction': 1.0, 'B_rank_tolerance': 3.314926410169505e-05, 'B_stable_rank': 301.0845031738281, 'B_effective_rank': 771.7231337627331, 'B_entropy_rank': 6.64862585067749, 'B_spectral_norm': 0.09025517106056213, 'B_frobenius_norm': 1.5660884380340576, 'B_nuclear_norm': 42.79942321777344, 'B_condition_number': 3.2820429178560917, 'B_condition_number_tol': 3.2820429178560917, 'B_smallest_singular_value': 0.027499692514538765, 'B_rank_rel_1em2': 800, 'B_rank_rel_1em3': 800, 'B_rank_rel_1em4': 800}
Replicate 24 finished in 20.9s
Finished combo 0, offline replicate 24.
