Job ID:    2359232
Array idx: 439
CPUs/node: 64
Mem/node:  131072
Using CC = cc 
Using CXX = CC 
Using FC = ftn 
Using F77 = ftn 
Using F90 = ftn 
cuda/12.6.1 is deprecated; loading cudatoolkit/25.5_12.9 instead.
Using CC = /opt/nvidia/hpc_sdk/Linux_aarch64/25.5/compilers/bin/nvc 
Using CXX = /opt/nvidia/hpc_sdk/Linux_aarch64/25.5/compilers/bin/nvc++ 
Using FC = /opt/nvidia/hpc_sdk/Linux_aarch64/25.5/compilers/bin/nvfortran 
Using F77 = /opt/nvidia/hpc_sdk/Linux_aarch64/25.5/compilers/bin/nvfortran 
Using F90 = /opt/nvidia/hpc_sdk/Linux_aarch64/25.5/compilers/bin/nvfortran 
Using CC = /opt/nvidia/hpc_sdk/Linux_aarch64/25.5/compilers/bin/nvc 
Using CXX = /opt/nvidia/hpc_sdk/Linux_aarch64/25.5/compilers/bin/nvc++ 
Using FC = /opt/nvidia/hpc_sdk/Linux_aarch64/25.5/compilers/bin/nvfortran 
Using F77 = /opt/nvidia/hpc_sdk/Linux_aarch64/25.5/compilers/bin/nvfortran 
Using F90 = /opt/nvidia/hpc_sdk/Linux_aarch64/25.5/compilers/bin/nvfortran 

Lmod is automatically replacing "gcc-native/14" with "gcc/14.2.0".

ghx4
0
Tuning combo id: 4 / 6
Offline replicate id: 39 / 99
Installing ke_drl from git: https://github.com/mehrdadmhmdi/ke-drl.git@main
Collecting git+https://github.com/mehrdadmhmdi/ke-drl.git@main
  Cloning https://github.com/mehrdadmhmdi/ke-drl.git (to revision main) to /tmp/pip-req-build-c_iji0i0
  Running command git clone --filter=blob:none --quiet https://github.com/mehrdadmhmdi/ke-drl.git /tmp/pip-req-build-c_iji0i0
  Resolved https://github.com/mehrdadmhmdi/ke-drl.git to commit 3c5d570e40ea15b1fbe4817b5f43b64c7b333e82
  Installing build dependencies: started
  Installing build dependencies: finished with status 'done'
  Getting requirements to build wheel: started
  Getting requirements to build wheel: finished with status 'done'
  Preparing metadata (pyproject.toml): started
  Preparing metadata (pyproject.toml): finished with status 'done'
Building wheels for collected packages: ke_drl
  Building wheel for ke_drl (pyproject.toml): started
  Building wheel for ke_drl (pyproject.toml): finished with status 'done'
  Created wheel for ke_drl: filename=ke_drl-0.1.0-py3-none-any.whl size=47219 sha256=23b0378d1c5faf16b2d66aabd4fb3d0130719c6280dc428c40164859fd784314
  Stored in directory: /tmp/pip-ephem-wheel-cache-d_bn3gjq/wheels/24/47/ad/9a4ffd3b05d3e90e35ffc6e7324b735b8bfcf5f51aaf29a333
Successfully built ke_drl
Installing collected packages: ke_drl
Successfully installed ke_drl-0.1.0
Installed ke_drl source: /work/nvme/bfez/mehrdad3/DistRL/simulation_3/runs/sim3_global_2358722_4/.kedrl_site_439/ke_drl/__init__.py
Tuning combo 4: kernel_length_1.5
Overrides: {'kernel': {'length_scale': 1.5}}
RUN: /sw/user/python/miniforge3-pytorch-24.11.3/bin/python3 validate_sim_config.py --params params.yaml
ke_drl import source: /work/nvme/bfez/mehrdad3/DistRL/simulation_3/runs/sim3_global_2358722_4/.kedrl_site_439/ke_drl/__init__.py
ke_drl package API OK: prediction weights, RFF operators, rank diagnostics, and best-checkpoint optimizer available
Policy config OK: behavior=uniform, target=logistic, state_dim=5, action_dim=1
Note: policy.logistic.theta_scale/theta_std are log-scale coefficients in Probability_Densities.
Behavior-policy linearized state-process diagnostic: spectral_radius=0.653, offline_burn_in=50
Replicate config OK: num_replicates=100, benchmark points=10 independent of D_i, loss target points=100
Transition reduction OK: method=kmeans, raw rows N(T-1)=12000, target rows about 3000, B rows reduced from 12000 to about 3000
Return-operator approximation OK: method=rff, features=512, exact G avoided for estimated N=12000, m=800, L=100
Fixed benchmark config rows=4 (benchmark.num_points=10; additional points are support-safe target-policy draws if needed)
Fixed benchmark point 0: s_star=[0.6, -0.8, 0.7, -0.5, 0.9], a_star=[0.5]
Fixed benchmark behavior-support interval for configured rows: min_lower=-0.12, max_upper=1.11
Fixed benchmark target-policy location range: [-0.02, 0.14]
Reusing shared data from /work/nvme/bfez/mehrdad3/DistRL/simulation_3/runs/sim3_shared_data/data for offline replicate 39.
RUN: /sw/user/python/miniforge3-pytorch-24.11.3/bin/python3 validate_sim_config.py --params params.yaml --data data/offline_data_39.pt
ke_drl import source: /work/nvme/bfez/mehrdad3/DistRL/simulation_3/runs/sim3_global_2358722_4/.kedrl_site_439/ke_drl/__init__.py
ke_drl package API OK: prediction weights, RFF operators, rank diagnostics, and best-checkpoint optimizer available
Policy config OK: behavior=uniform, target=logistic, state_dim=5, action_dim=1
Note: policy.logistic.theta_scale/theta_std are log-scale coefficients in Probability_Densities.
Behavior-policy linearized state-process diagnostic: spectral_radius=0.653, offline_burn_in=50
Replicate config OK: num_replicates=100, benchmark points=10 independent of D_i, loss target points=100
Transition reduction OK: method=kmeans, raw rows N(T-1)=12000, target rows about 3000, B rows reduced from 12000 to about 3000
Return-operator approximation OK: method=rff, features=512, exact G avoided for estimated N=12000, m=800, L=100
Fixed benchmark config rows=4 (benchmark.num_points=10; additional points are support-safe target-policy draws if needed)
Fixed benchmark point 0: s_star=[0.6, -0.8, 0.7, -0.5, 0.9], a_star=[0.5]
Fixed benchmark behavior-support interval for configured rows: min_lower=-0.12, max_upper=1.11
Fixed benchmark target-policy location range: [-0.02, 0.14]
Full benchmark support check OK: 10 points, min_lower=-2.177, max_upper=2.05
observed behavior actions: mean=0.3962, sd=0.6709, q0/q10/q50/q90/q100=[-1.9814945459365845, -0.41692808568477624, 0.34298373758792877, 1.304669201374054, 3.0070440769195557]
target-policy sampled actions: mean=-0.03053, sd=0.6658, q0/q10/q50/q90/q100=[-2.4904057219056, -0.8773970383020604, -0.02897532807633948, 0.8225233742664704, 2.424308585818502]
behavior uniform lower: mean=-0.1303, sd=0.661, q0/q10/q50/q90/q100=[-2.7423107147216794, -0.9773175606131553, -0.12192238271236416, 0.707802448272705, 2.3403471946716308]
behavior uniform upper: mean=0.9191, sd=0.6487, q0/q10/q50/q90/q100=[-0.8812272414565087, 0.07136565439403056, 0.9356753736734391, 1.748158430159092, 3.3403471946716308]
target location inside behavior uniform support: 0.968
RUN: /sw/user/python/miniforge3-pytorch-24.11.3/bin/python3 main_est.py
# ================================================================ #
#   Global KE-DRL estimation for one offline replicate              #
# ================================================================ #
Slurm Job ID: 2359232
Slurm Array ID: 39 -- used as the offline-replicate id
Offline data id: 39
ke_drl import source: /work/nvme/bfez/mehrdad3/DistRL/simulation_3/runs/sim3_global_2358722_4/.kedrl_site_439/ke_drl/__init__.py
Estimator device: cuda (NVIDIA GH200 120GB, capability 9.0); torch CUDA=13.0
Random seed: 20460551
Number of offline replicates: 100
[transition reduction] enabled: original rows=12000, target basis=3000, method=kmeans, device=cuda
[transition reduction] kmeans iter 1/20, mean center shift=2.7098e-01
[transition reduction] kmeans iter 5/20, mean center shift=4.8945e-03
[transition reduction] selected 3079 rows from 12000 transitions (ratio 0.2566); indices saved to data/reduced_transition_indices_39.pt
Data and parameters loaded.
offline path: data/offline_data_39.pt
benchmark true-Z path: data/Z_true.pt
offline shapes after reduction: s0=(3079, 5), a0=(3079, 1), r0=(3079, 3)
transition reduction: {'enabled': True, 'method': 'kmeans', 'original_rows': 12000, 'reduced_rows': 3079, 'selected_indices_path': 'data/reduced_transition_indices_39.pt', 'target_basis': 3000, 'compression_ratio': 0.25658333333333333}
fixed benchmark point source: fixed_config_plus_support_safe_target_policy_draws
benchmark row excluded from this offline data: None
global loss target set shape: s_star=(100, 5), a_star=(100, 1)
benchmark true-Z count=10, shape each=(50000, 3)
target policy: logistic
behavior policy: uniform
lambda_Gamma=0.005, lambda_B=0.02, d_r_method=song
dtype=torch.float32, operator_method=rff, operator_num_features=512
ridge_mode=rkhs, diagnostic_interval=50
mass_anchor_lambda=1.0, target_mass=1.0
uLSIF basis: source=numerator, n_basis=512, lambda_reg=0.005
optimizer stabilizers: lambda_neg=0.0, max_B_norm=None, eta_clip_min=0.0, eta_clip_max=5.0, normalize_eta=True
========================================
Estimating the global KE-DRL mean embedding
torch device=cuda, dtype=torch.float32
Data dims: N=3079, L=100, Ds=5, Da=1, Dr=3
lambda_Gamma=0.005, lambda_B=0.02
return-operator construction: method=rff, rff_features=512
[uLSIF] basis=512/3079 (numerator); eta_hat min=-8.686e-01 max=5.569e+00 neg%=4.58
ESS for eta_plus: 2145.5 / 3079
eta_plus diagnostics: raw_mean=1, raw_min=-0.869, raw_max=5.57; used_mean=1, used_min=0, used_max=4.94
[timing] Z-grid: 0.03s
[timing] K_X: 0.00s
[timing] K_plus: 0.00s
[timing] k_star: 0.00s
[timing] Gamma_stack: 0.01s
[timing] Phi_stack: 0.00s
[timing] RFF feature sample: 0.00s
[timing] K_Z RFF: 0.00s
[timing] G_stack RFF: 0.01s
[timing] H_stack RFF: 0.01s
findfont: Font family 'Nimbus Roman' not found.
findfont: Font family 'Nimbus Roman' not found.
findfont: Font family 'Nimbus Roman' not found.
findfont: Font family 'Nimbus Roman' not found.
findfont: Font family 'Nimbus Roman' not found.
findfont: Font family 'Nimbus Roman' not found.
findfont: Font family 'Nimbus Roman' not found.
findfont: Font family 'Nimbus Roman' not found.
findfont: Font family 'Nimbus Roman' not found.
findfont: Font family 'Nimbus Roman' not found.
findfont: Font family 'Nimbus Roman' not found.
findfont: Font family 'Nimbus Roman' not found.
findfont: Font family 'Nimbus Roman' not found.
findfont: Font family 'Nimbus Roman' not found.
findfont: Font family 'Nimbus Roman' not found.
findfont: Font family 'Nimbus Roman' not found.
findfont: Font family 'Nimbus Roman' not found.
findfont: Font family 'Nimbus Roman' not found.
findfont: Font family 'Nimbus Roman' not found.
findfont: Font family 'Nimbus Roman' not found.
findfont: Font family 'Nimbus Roman' not found.
findfont: Font family 'Nimbus Roman' not found.
findfont: Font family 'Nimbus Roman' not found.
findfont: Font family 'Nimbus Roman' not found.
findfont: Font family 'Nimbus Roman' not found.
findfont: Font family 'Nimbus Roman' not found.
findfont: Font family 'Nimbus Roman' not found.
findfont: Font family 'Nimbus Roman' not found.
findfont: Font family 'Nimbus Roman' not found.
findfont: Font family 'Nimbus Roman' not found.
findfont: Font family 'Nimbus Roman' not found.
findfont: Font family 'Nimbus Roman' not found.
findfont: Font family 'Nimbus Roman' not found.
findfont: Font family 'Nimbus Roman' not found.
findfont: Font family 'Nimbus Roman' not found.
findfont: Font family 'Nimbus Roman' not found.
findfont: Font family 'Nimbus Roman' not found.
findfont: Font family 'Nimbus Roman' not found.
findfont: Font family 'Nimbus Roman' not found.
findfont: Font family 'Nimbus Roman' not found.
findfont: Font family 'Nimbus Roman' not found.
findfont: Font family 'Nimbus Roman' not found.
findfont: Font family 'Nimbus Roman' not found.
findfont: Font family 'Nimbus Roman' not found.
findfont: Font family 'Nimbus Roman' not found.
findfont: Font family 'Nimbus Roman' not found.
findfont: Font family ['Nimbus Roman'] not found. Falling back to DejaVu Sans.
findfont: Font family 'Nimbus Roman' not found.
findfont: Font family ['Nimbus Roman'] not found. Falling back to DejaVu Sans.
findfont: Font family 'Nimbus Roman' not found.
findfont: Font family 'Nimbus Roman' not found.
findfont: Font family 'Nimbus Roman' not found.
findfont: Font family 'Nimbus Roman' not found.
findfont: Font family 'Nimbus Roman' not found.
findfont: Font family 'Nimbus Roman' not found.
findfont: Font family 'Nimbus Roman' not found.
findfont: Font family 'Nimbus Roman' not found.
findfont: Font family 'Nimbus Roman' not found.
findfont: Font family 'Nimbus Roman' not found.
findfont: Font family ['Nimbus Roman'] not found. Falling back to DejaVu Sans.
findfont: Font family 'Nimbus Roman' not found.
findfont: Font family 'Nimbus Roman' not found.
findfont: Font family 'Nimbus Roman' not found.
findfont: Font family 'Nimbus Roman' not found.
findfont: Font family 'Nimbus Roman' not found.
findfont: Font family 'Nimbus Roman' not found.
findfont: Font family 'Nimbus Roman' not found.
findfont: Font family 'Nimbus Roman' not found.
findfont: Font family 'Nimbus Roman' not found.
findfont: Font family 'Nimbus Roman' not found.
findfont: Font family 'Nimbus Roman' not found.
findfont: Font family 'Nimbus Roman' not found.
findfont: Font family 'Nimbus Roman' not found.
findfont: Font family 'Nimbus Roman' not found.
findfont: Font family 'Nimbus Roman' not found.
findfont: Font family 'Nimbus Roman' not found.
findfont: Font family 'Nimbus Roman' not found.
findfont: Font family 'Nimbus Roman' not found.
findfont: Font family 'Nimbus Roman' not found.
findfont: Font family 'Nimbus Roman' not found.
findfont: Font family 'Nimbus Roman' not found.
findfont: Font family 'Nimbus Roman' not found.
findfont: Font family 'Nimbus Roman' not found.
findfont: Font family 'Nimbus Roman' not found.
findfont: Font family 'Nimbus Roman' not found.
findfont: Font family 'Nimbus Roman' not found.
findfont: Font family 'Nimbus Roman' not found.
findfont: Font family 'Nimbus Roman' not found.
findfont: Font family 'Nimbus Roman' not found.
findfont: Font family 'Nimbus Roman' not found.
findfont: Font family 'Nimbus Roman' not found.
findfont: Font family 'Nimbus Roman' not found.
findfont: Font family 'Nimbus Roman' not found.
findfont: Font family 'Nimbus Roman' not found.
findfont: Font family 'Nimbus Roman' not found.
findfont: Font family 'Nimbus Roman' not found.
findfont: Font family 'Nimbus Roman' not found.
findfont: Font family 'Nimbus Roman' not found.
findfont: Font family 'Nimbus Roman' not found.
findfont: Font family 'Nimbus Roman' not found.
findfont: Font family 'Nimbus Roman' not found.
findfont: Font family 'Nimbus Roman' not found.
findfont: Font family 'Nimbus Roman' not found.
findfont: Font family 'Nimbus Roman' not found.
findfont: Font family 'Nimbus Roman' not found.
findfont: Font family 'Nimbus Roman' not found.
findfont: Font family 'Nimbus Roman' not found.
findfont: Font family 'Nimbus Roman' not found.
findfont: Font family 'Nimbus Roman' not found.
findfont: Font family 'Nimbus Roman' not found.
findfont: Font family 'Nimbus Roman' not found.
findfont: Font family 'Nimbus Roman' not found.
findfont: Font family 'Nimbus Roman' not found.
findfont: Font family 'Nimbus Roman' not found.
findfont: Font family 'Nimbus Roman' not found.
findfont: Font family 'Nimbus Roman' not found.
findfont: Font family 'Nimbus Roman' not found.
findfont: Font family 'Nimbus Roman' not found.
findfont: Font family 'Nimbus Roman' not found.
findfont: Font family 'Nimbus Roman' not found.
findfont: Font family 'Nimbus Roman' not found.
findfont: Font family 'Nimbus Roman' not found.
findfont: Font family 'Nimbus Roman' not found.
findfont: Font family 'Nimbus Roman' not found.
findfont: Font family 'Nimbus Roman' not found.
findfont: Font family 'Nimbus Roman' not found.
findfont: Font family 'Nimbus Roman' not found.
findfont: Font family 'Nimbus Roman' not found.
findfont: Font family 'Nimbus Roman' not found.
findfont: Font family 'Nimbus Roman' not found.
findfont: Font family 'Nimbus Roman' not found.
findfont: Font family 'Nimbus Roman' not found.
findfont: Font family 'Nimbus Roman' not found.
findfont: Font family 'Nimbus Roman' not found.
findfont: Font family 'Nimbus Roman' not found.
findfont: Font family 'Nimbus Roman' not found.
findfont: Font family 'Nimbus Roman' not found.
findfont: Font family 'Nimbus Roman' not found.
findfont: Font family 'Nimbus Roman' not found.
findfont: Font family 'Nimbus Roman' not found.
findfont: Font family 'Nimbus Roman' not found.
Ridge mode: rkhs; diagnostic interval: 50
Iter 1/4000 | log_obj=1.129e+01 | log_Bellman_root=4.237e+00 | mass=7.49e+04 | neg=0.00e+00 | grad=1.48e+03
Iter 400/4000 | log_obj=5.358e+00 | log_Bellman_root=1.263e+00 | mass=2.00e+02 | neg=0.00e+00 | grad=5.19e+04
Iter 800/4000 | log_obj=4.981e+00 | log_Bellman_root=1.088e+00 | mass=1.37e+02 | neg=0.00e+00 | grad=1.00e+04
Iter 1200/4000 | log_obj=6.771e+00 | log_Bellman_root=1.979e+00 | mass=8.20e+02 | neg=0.00e+00 | grad=3.44e+04
Iter 1600/4000 | log_obj=8.049e+00 | log_Bellman_root=2.614e+00 | mass=2.95e+03 | neg=0.00e+00 | grad=8.48e+04
Iter 2000/4000 | log_obj=8.559e+00 | log_Bellman_root=2.870e+00 | mass=4.90e+03 | neg=0.00e+00 | grad=9.38e+04
Iter 2400/4000 | log_obj=6.663e+00 | log_Bellman_root=1.919e+00 | mass=7.36e+02 | neg=0.00e+00 | grad=4.58e+04
Iter 2800/4000 | log_obj=3.719e+00 | log_Bellman_root=4.410e-01 | mass=3.88e+01 | neg=0.00e+00 | grad=1.57e+04
Iter 3200/4000 | log_obj=7.783e+00 | log_Bellman_root=2.480e+00 | mass=2.26e+03 | neg=0.00e+00 | grad=3.97e+03
Iter 3600/4000 | log_obj=7.666e+00 | log_Bellman_root=2.425e+00 | mass=2.01e+03 | neg=0.00e+00 | grad=2.14e+04
Iter 4000/4000 | log_obj=5.341e+00 | log_Bellman_root=1.257e+00 | mass=1.96e+02 | neg=0.00e+00 | grad=5.21e+04
Returning best diagnostic checkpoint from step 3700 (objective=4.103e+01, Bellman=2.406e+00).
Done in 12.71s.
KE-DRL global estimation is done.
B_hat shape: (3079, 800)
B_hat rank diagnostics: {'B_num_rows': 3079, 'B_num_cols': 800, 'B_min_dim': 800, 'B_numerical_rank': 800, 'B_rank_fraction': 1.0, 'B_rank_tolerance': 3.058101120068102e-05, 'B_stable_rank': 353.0694580078125, 'B_effective_rank': 771.7680293930575, 'B_entropy_rank': 6.648684024810791, 'B_spectral_norm': 0.08331669867038727, 'B_frobenius_norm': 1.5655326843261719, 'B_nuclear_norm': 42.7883186340332, 'B_condition_number': 3.093793794721539, 'B_condition_number_tol': 3.093793794721539, 'B_smallest_singular_value': 0.026930268853902817, 'B_rank_rel_1em2': 800, 'B_rank_rel_1em3': 800, 'B_rank_rel_1em4': 800}
Global-loss target mass diagnostics: {'target_mass_mean': -5.062572002410889, 'target_mass_min': -7.578510284423828, 'target_mass_max': -0.7229279279708862, 'target_mass_sd': 1.3673059940338135, 'target_mass_rmse_to_target': 6.213341236114502, 'target_beta_min': -0.0266572292894125, 'target_beta_max': 0.0364118255674839, 'target_neg_frac_mean': 0.8984749999999999}
Return dictionary Z_grid shape: (800, 3)
Replicate 39 risk metrics: {'risk_n_steps_recorded': 81.0, 'risk_n_diagnostics_recorded': 81.0, 'risk_log_obj_initial': 11.286443338999982, 'risk_log_obj_final': 5.34143401637099, 'risk_log_obj_min': 3.7142898095238026, 'risk_obj_initial': 79733.35937499997, 'risk_obj_final': 208.81193542480474, 'risk_obj_min': 41.029438018798835, 'risk_log_obj_drop': 5.945009322628992, 'risk_log_bellman_root_initial': 4.237438310500688, 'risk_log_bellman_root_final': 1.256952187671939, 'risk_log_bellman_root_min': 0.4323529626881804, 'risk_bellman_root_initial': 69.23027801513675, 'risk_bellman_root_final': 3.5146930217742915, 'risk_bellman_root_min': 1.5408788919448853, 'risk_bellman_initial': 4792.831394053126, 'risk_bellman_final': 12.353067037308902, 'risk_bellman_min': 2.3743077596412974, 'risk_log_bellman_root_drop': 2.9804861228287494, 'risk_bellman_returned': 2.405667781829834, 'risk_obj_returned': 41.02943801879883, 'risk_returned_step': 3700.0, 'offline_data_id': 39, 'benchmark_point_source': 'fixed_config_plus_support_safe_target_policy_draws', 'target_set_size': 100, 'lambda_reg': 0.005, 'lambda_B': 0.02, 'num_steps': 4000, 'transition_reduction_enabled': 1, 'transition_reduction_method': 'kmeans', 'transition_original_rows': 12000, 'transition_reduced_rows': 3079, 'transition_compression_ratio': 0.25658333333333333, 'target_mass_mean': -5.062572002410889, 'target_mass_min': -7.578510284423828, 'target_mass_max': -0.7229279279708862, 'target_mass_sd': 1.3673059940338135, 'target_mass_rmse_to_target': 6.213341236114502, 'target_beta_min': -0.0266572292894125, 'target_beta_max': 0.0364118255674839, 'target_neg_frac_mean': 0.8984749999999999, 'B_num_rows': 3079, 'B_num_cols': 800, 'B_min_dim': 800, 'B_numerical_rank': 800, 'B_rank_fraction': 1.0, 'B_rank_tolerance': 3.058101120068102e-05, 'B_stable_rank': 353.0694580078125, 'B_effective_rank': 771.7680293930575, 'B_entropy_rank': 6.648684024810791, 'B_spectral_norm': 0.08331669867038727, 'B_frobenius_norm': 1.5655326843261719, 'B_nuclear_norm': 42.7883186340332, 'B_condition_number': 3.093793794721539, 'B_condition_number_tol': 3.093793794721539, 'B_smallest_singular_value': 0.026930268853902817, 'B_rank_rel_1em2': 800, 'B_rank_rel_1em3': 800, 'B_rank_rel_1em4': 800, 'risk_objective_final_raw': 208.8119354248047, 'risk_objective_min_raw': 41.02943801879883, 'risk_objective_max_raw': 79733.359375, 'risk_bellman_final_raw': 12.353067398071289, 'risk_bellman_min_raw': 2.374307870864868, 'risk_bellman_max_raw': 4792.83154296875, 'risk_rkhs_ridge_final_raw': 0.026787586510181427, 'risk_rkhs_ridge_min_raw': 0.018159180879592896, 'risk_rkhs_ridge_max_raw': 4.901988983154297, 'risk_mass_final_raw': 196.4320831298828, 'risk_mass_min_raw': 38.60560989379883, 'risk_mass_max_raw': 74935.625, 'risk_negativity_final_raw': 0.0, 'risk_negativity_min_raw': 0.0, 'risk_negativity_max_raw': 0.0, 'risk_B_norm_final_raw': 1.5652573108673096, 'risk_B_norm_min_raw': 1.5652573108673096, 'risk_B_norm_max_raw': 1.637988805770874, 'risk_diagnostic_step_final_raw': 4000.0, 'risk_diagnostic_step_min_raw': 1.0, 'risk_diagnostic_step_max_raw': 4000.0, 'risk_best_step_final_raw': 3700.0, 'risk_best_step_min_raw': 3700.0, 'risk_best_step_max_raw': 3700.0, 'risk_best_objective_final_raw': 41.02943801879883, 'risk_best_objective_min_raw': 41.02943801879883, 'risk_best_objective_max_raw': 41.02943801879883, 'risk_best_bellman_final_raw': 2.405667781829834, 'risk_best_bellman_min_raw': 2.405667781829834, 'risk_best_bellman_max_raw': 2.405667781829834, 'risk_returned_step_final_raw': 3700.0, 'risk_returned_step_min_raw': 3700.0, 'risk_returned_step_max_raw': 3700.0, 'risk_returned_objective_final_raw': 41.02943801879883, 'risk_returned_objective_min_raw': 41.02943801879883, 'risk_returned_objective_max_raw': 41.02943801879883, 'risk_returned_bellman_final_raw': 2.405667781829834, 'risk_returned_bellman_min_raw': 2.405667781829834, 'risk_returned_bellman_max_raw': 2.405667781829834, 'risk_returned_best_checkpoint_final_raw': 1.0, 'risk_returned_best_checkpoint_min_raw': 1.0, 'risk_returned_best_checkpoint_max_raw': 1.0}
Benchmark 0 evaluation grid shape: (800, 3)
Replicate 39, benchmark 0 metrics: {'run_id': '39_b0', 'RMSE': 2.4284816391544704, 'MAE': 2.274706479315646, 'SupNorm': 3.9419636726379395, 'Bias': -2.274706479315646, 'Corr': -0.45105541467082555, 'deming_slope': -15.546466467671564, 'deming_intercept': 5.3891835811239535, 'beta_sum': -4.4992852210998535, 'beta_l1': 5.021849155426025, 'beta_l2': 0.2108883112668991, 'beta_min': -0.022212348878383636, 'beta_max': 0.01401286106556654, 'beta_neg_frac': 0.8825, 'offline_data_id': 39, 'benchmark_id': 0, 'benchmark_point_source': 'fixed_config', 'target_set_size': 100, 'benchmark_z_path': 'data/Z_true.pt', 'projected_bellman_test_risk': 0.01598917320370674, 'oracle_embedding_risk': 17.428802490234375, 'benchmark_embedding_risk': 17.428802490234375, 'risk_bellman_final': 12.353067037308902, 'risk_obj_final': 208.81193542480474, 'B_num_rows': 3079, 'B_num_cols': 800, 'B_min_dim': 800, 'B_numerical_rank': 800, 'B_rank_fraction': 1.0, 'B_rank_tolerance': 3.058101120068102e-05, 'B_stable_rank': 353.0694580078125, 'B_effective_rank': 771.7680293930575, 'B_entropy_rank': 6.648684024810791, 'B_spectral_norm': 0.08331669867038727, 'B_frobenius_norm': 1.5655326843261719, 'B_nuclear_norm': 42.7883186340332, 'B_condition_number': 3.093793794721539, 'B_condition_number_tol': 3.093793794721539, 'B_smallest_singular_value': 0.026930268853902817, 'B_rank_rel_1em2': 800, 'B_rank_rel_1em3': 800, 'B_rank_rel_1em4': 800}
Saved ./mu/mu_hat.csv shape=(800,)
Saved ./mu/mu2D_hat_dims01.csv shape=(120, 120)
Saved ./mu/mu2D_hat_dims01.csv shape=(120, 120)
Saved plots/replicate_39/mu_3D.png
Benchmark 1 evaluation grid shape: (800, 3)
Replicate 39, benchmark 1 metrics: {'run_id': '39_b1', 'RMSE': 4.7428521900439256, 'MAE': 4.5788064578548076, 'SupNorm': 6.561175286769867, 'Bias': -4.5788064578548076, 'Corr': -0.9920475629531071, 'deming_slope': -9.982239771132784, 'deming_intercept': 0.48355641512003444, 'beta_sum': -7.911070346832275, 'beta_l1': 7.985837459564209, 'beta_l2': 0.29704588651657104, 'beta_min': -0.020685924217104912, 'beta_max': 0.0067593492567539215, 'beta_neg_frac': 0.985, 'offline_data_id': 39, 'benchmark_id': 1, 'benchmark_point_source': 'fixed_config', 'target_set_size': 100, 'benchmark_z_path': 'data/Z_true.pt', 'projected_bellman_test_risk': 1.5569589138031006, 'oracle_embedding_risk': 46.86807632446289, 'benchmark_embedding_risk': 46.86807632446289, 'risk_bellman_final': 12.353067037308902, 'risk_obj_final': 208.81193542480474, 'B_num_rows': 3079, 'B_num_cols': 800, 'B_min_dim': 800, 'B_numerical_rank': 800, 'B_rank_fraction': 1.0, 'B_rank_tolerance': 3.058101120068102e-05, 'B_stable_rank': 353.0694580078125, 'B_effective_rank': 771.7680293930575, 'B_entropy_rank': 6.648684024810791, 'B_spectral_norm': 0.08331669867038727, 'B_frobenius_norm': 1.5655326843261719, 'B_nuclear_norm': 42.7883186340332, 'B_condition_number': 3.093793794721539, 'B_condition_number_tol': 3.093793794721539, 'B_smallest_singular_value': 0.026930268853902817, 'B_rank_rel_1em2': 800, 'B_rank_rel_1em3': 800, 'B_rank_rel_1em4': 800}
Benchmark 2 evaluation grid shape: (800, 3)
Replicate 39, benchmark 2 metrics: {'run_id': '39_b2', 'RMSE': 4.575190196264243, 'MAE': 4.4206448436737995, 'SupNorm': 6.333794414997101, 'Bias': -4.4206448436737995, 'Corr': -0.9025852088649593, 'deming_slope': -11.140536036190195, 'deming_intercept': 1.290599542304883, 'beta_sum': -7.623719215393066, 'beta_l1': 7.7013044357299805, 'beta_l2': 0.28961217403411865, 'beta_min': -0.02077583223581314, 'beta_max': 0.0073296986520290375, 'beta_neg_frac': 0.97875, 'offline_data_id': 39, 'benchmark_id': 2, 'benchmark_point_source': 'fixed_config', 'target_set_size': 100, 'benchmark_z_path': 'data/Z_true.pt', 'projected_bellman_test_risk': 1.2547473907470703, 'oracle_embedding_risk': 43.78879165649414, 'benchmark_embedding_risk': 43.78879165649414, 'risk_bellman_final': 12.353067037308902, 'risk_obj_final': 208.81193542480474, 'B_num_rows': 3079, 'B_num_cols': 800, 'B_min_dim': 800, 'B_numerical_rank': 800, 'B_rank_fraction': 1.0, 'B_rank_tolerance': 3.058101120068102e-05, 'B_stable_rank': 353.0694580078125, 'B_effective_rank': 771.7680293930575, 'B_entropy_rank': 6.648684024810791, 'B_spectral_norm': 0.08331669867038727, 'B_frobenius_norm': 1.5655326843261719, 'B_nuclear_norm': 42.7883186340332, 'B_condition_number': 3.093793794721539, 'B_condition_number_tol': 3.093793794721539, 'B_smallest_singular_value': 0.026930268853902817, 'B_rank_rel_1em2': 800, 'B_rank_rel_1em3': 800, 'B_rank_rel_1em4': 800}
Benchmark 3 evaluation grid shape: (800, 3)
Replicate 39, benchmark 3 metrics: {'run_id': '39_b3', 'RMSE': 4.514372274131011, 'MAE': 4.34767397523392, 'SupNorm': 6.319834589958191, 'Bias': -4.34767397523392, 'Corr': -0.9297847434616285, 'deming_slope': -10.676045173367713, 'deming_intercept': 1.0212498924233815, 'beta_sum': -7.629971981048584, 'beta_l1': 7.705780982971191, 'beta_l2': 0.2901112735271454, 'beta_min': -0.021465294063091278, 'beta_max': 0.005512349307537079, 'beta_neg_frac': 0.98125, 'offline_data_id': 39, 'benchmark_id': 3, 'benchmark_point_source': 'fixed_config', 'target_set_size': 100, 'benchmark_z_path': 'data/Z_true.pt', 'projected_bellman_test_risk': 1.3563628196716309, 'oracle_embedding_risk': 43.91350555419922, 'benchmark_embedding_risk': 43.91350555419922, 'risk_bellman_final': 12.353067037308902, 'risk_obj_final': 208.81193542480474, 'B_num_rows': 3079, 'B_num_cols': 800, 'B_min_dim': 800, 'B_numerical_rank': 800, 'B_rank_fraction': 1.0, 'B_rank_tolerance': 3.058101120068102e-05, 'B_stable_rank': 353.0694580078125, 'B_effective_rank': 771.7680293930575, 'B_entropy_rank': 6.648684024810791, 'B_spectral_norm': 0.08331669867038727, 'B_frobenius_norm': 1.5655326843261719, 'B_nuclear_norm': 42.7883186340332, 'B_condition_number': 3.093793794721539, 'B_condition_number_tol': 3.093793794721539, 'B_smallest_singular_value': 0.026930268853902817, 'B_rank_rel_1em2': 800, 'B_rank_rel_1em3': 800, 'B_rank_rel_1em4': 800}
Benchmark 4 evaluation grid shape: (800, 3)
Replicate 39, benchmark 4 metrics: {'run_id': '39_b4', 'RMSE': 1.5753346586514339, 'MAE': 1.4304239364221576, 'SupNorm': 3.11253759264946, 'Bias': -1.4304239364221576, 'Corr': -0.12232790634590478, 'deming_slope': -45.74797061507943, 'deming_intercept': 20.464261822108806, 'beta_sum': -3.3846845626831055, 'beta_l1': 4.623053073883057, 'beta_l2': 0.19754986464977264, 'beta_min': -0.018036063760519028, 'beta_max': 0.029469117522239685, 'beta_neg_frac': 0.82875, 'offline_data_id': 39, 'benchmark_id': 4, 'benchmark_point_source': 'support_safe_target_policy_draw', 'target_set_size': 100, 'benchmark_z_path': 'data/Z_true.pt', 'projected_bellman_test_risk': 0.11128102988004684, 'oracle_embedding_risk': 11.3449068069458, 'benchmark_embedding_risk': 11.3449068069458, 'risk_bellman_final': 12.353067037308902, 'risk_obj_final': 208.81193542480474, 'B_num_rows': 3079, 'B_num_cols': 800, 'B_min_dim': 800, 'B_numerical_rank': 800, 'B_rank_fraction': 1.0, 'B_rank_tolerance': 3.058101120068102e-05, 'B_stable_rank': 353.0694580078125, 'B_effective_rank': 771.7680293930575, 'B_entropy_rank': 6.648684024810791, 'B_spectral_norm': 0.08331669867038727, 'B_frobenius_norm': 1.5655326843261719, 'B_nuclear_norm': 42.7883186340332, 'B_condition_number': 3.093793794721539, 'B_condition_number_tol': 3.093793794721539, 'B_smallest_singular_value': 0.026930268853902817, 'B_rank_rel_1em2': 800, 'B_rank_rel_1em3': 800, 'B_rank_rel_1em4': 800}
Benchmark 5 evaluation grid shape: (800, 3)
Replicate 39, benchmark 5 metrics: {'run_id': '39_b5', 'RMSE': 0.6175326983556769, 'MAE': 0.5963047417801135, 'SupNorm': 0.8899462819099426, 'Bias': -0.5963047417801135, 'Corr': -0.1111885537466706, 'deming_slope': -0.748596553903948, 'deming_intercept': 0.20416647417436665, 'beta_sum': -0.5483636856079102, 'beta_l1': 1.540734052658081, 'beta_l2': 0.06799689680337906, 'beta_min': -0.007928088307380676, 'beta_max': 0.008213531225919724, 'beta_neg_frac': 0.6375, 'offline_data_id': 39, 'benchmark_id': 5, 'benchmark_point_source': 'support_safe_target_policy_draw', 'target_set_size': 100, 'benchmark_z_path': 'data/Z_true.pt', 'projected_bellman_test_risk': 0.037032850086688995, 'oracle_embedding_risk': 1.5602402687072754, 'benchmark_embedding_risk': 1.5602402687072754, 'risk_bellman_final': 12.353067037308902, 'risk_obj_final': 208.81193542480474, 'B_num_rows': 3079, 'B_num_cols': 800, 'B_min_dim': 800, 'B_numerical_rank': 800, 'B_rank_fraction': 1.0, 'B_rank_tolerance': 3.058101120068102e-05, 'B_stable_rank': 353.0694580078125, 'B_effective_rank': 771.7680293930575, 'B_entropy_rank': 6.648684024810791, 'B_spectral_norm': 0.08331669867038727, 'B_frobenius_norm': 1.5655326843261719, 'B_nuclear_norm': 42.7883186340332, 'B_condition_number': 3.093793794721539, 'B_condition_number_tol': 3.093793794721539, 'B_smallest_singular_value': 0.026930268853902817, 'B_rank_rel_1em2': 800, 'B_rank_rel_1em3': 800, 'B_rank_rel_1em4': 800}
Benchmark 6 evaluation grid shape: (800, 3)
Replicate 39, benchmark 6 metrics: {'run_id': '39_b6', 'RMSE': 3.184112316670347, 'MAE': 3.0223350710747763, 'SupNorm': 4.814473509788513, 'Bias': -3.0223350710747763, 'Corr': -0.6255519200617011, 'deming_slope': -13.156721928026748, 'deming_intercept': 3.562461587140683, 'beta_sum': -5.61534309387207, 'beta_l1': 5.876180171966553, 'beta_l2': 0.23855367302894592, 'beta_min': -0.020421719178557396, 'beta_max': 0.010308819822967052, 'beta_neg_frac': 0.9325, 'offline_data_id': 39, 'benchmark_id': 6, 'benchmark_point_source': 'support_safe_target_policy_draw', 'target_set_size': 100, 'benchmark_z_path': 'data/Z_true.pt', 'projected_bellman_test_risk': 0.1818307340145111, 'oracle_embedding_risk': 25.49329376220703, 'benchmark_embedding_risk': 25.49329376220703, 'risk_bellman_final': 12.353067037308902, 'risk_obj_final': 208.81193542480474, 'B_num_rows': 3079, 'B_num_cols': 800, 'B_min_dim': 800, 'B_numerical_rank': 800, 'B_rank_fraction': 1.0, 'B_rank_tolerance': 3.058101120068102e-05, 'B_stable_rank': 353.0694580078125, 'B_effective_rank': 771.7680293930575, 'B_entropy_rank': 6.648684024810791, 'B_spectral_norm': 0.08331669867038727, 'B_frobenius_norm': 1.5655326843261719, 'B_nuclear_norm': 42.7883186340332, 'B_condition_number': 3.093793794721539, 'B_condition_number_tol': 3.093793794721539, 'B_smallest_singular_value': 0.026930268853902817, 'B_rank_rel_1em2': 800, 'B_rank_rel_1em3': 800, 'B_rank_rel_1em4': 800}
Benchmark 7 evaluation grid shape: (800, 3)
Replicate 39, benchmark 7 metrics: {'run_id': '39_b7', 'RMSE': 3.08635918507415, 'MAE': 2.9075882231863215, 'SupNorm': 4.886560380458832, 'Bias': -2.9075882231863215, 'Corr': -0.5459454235137318, 'deming_slope': -16.100498062615216, 'deming_intercept': 5.005077074726945, 'beta_sum': -5.662641525268555, 'beta_l1': 6.160296440124512, 'beta_l2': 0.2420978993177414, 'beta_min': -0.017488958314061165, 'beta_max': 0.024285461753606796, 'beta_neg_frac': 0.935, 'offline_data_id': 39, 'benchmark_id': 7, 'benchmark_point_source': 'support_safe_target_policy_draw', 'target_set_size': 100, 'benchmark_z_path': 'data/Z_true.pt', 'projected_bellman_test_risk': 0.6807926893234253, 'oracle_embedding_risk': 26.437898635864258, 'benchmark_embedding_risk': 26.437898635864258, 'risk_bellman_final': 12.353067037308902, 'risk_obj_final': 208.81193542480474, 'B_num_rows': 3079, 'B_num_cols': 800, 'B_min_dim': 800, 'B_numerical_rank': 800, 'B_rank_fraction': 1.0, 'B_rank_tolerance': 3.058101120068102e-05, 'B_stable_rank': 353.0694580078125, 'B_effective_rank': 771.7680293930575, 'B_entropy_rank': 6.648684024810791, 'B_spectral_norm': 0.08331669867038727, 'B_frobenius_norm': 1.5655326843261719, 'B_nuclear_norm': 42.7883186340332, 'B_condition_number': 3.093793794721539, 'B_condition_number_tol': 3.093793794721539, 'B_smallest_singular_value': 0.026930268853902817, 'B_rank_rel_1em2': 800, 'B_rank_rel_1em3': 800, 'B_rank_rel_1em4': 800}
Benchmark 8 evaluation grid shape: (800, 3)
Replicate 39, benchmark 8 metrics: {'run_id': '39_b8', 'RMSE': 1.9980663477121308, 'MAE': 1.8878366479813122, 'SupNorm': 3.1802727580070496, 'Bias': -1.8878366479813122, 'Corr': -0.5549812541344082, 'deming_slope': -9.017117433755827, 'deming_intercept': 2.729645905570063, 'beta_sum': -3.3713879585266113, 'beta_l1': 4.215851306915283, 'beta_l2': 0.1796596646308899, 'beta_min': -0.017084848135709763, 'beta_max': 0.017240770161151886, 'beta_neg_frac': 0.8125, 'offline_data_id': 39, 'benchmark_id': 8, 'benchmark_point_source': 'support_safe_target_policy_draw', 'target_set_size': 100, 'benchmark_z_path': 'data/Z_true.pt', 'projected_bellman_test_risk': 0.08350291103124619, 'oracle_embedding_risk': 11.374886512756348, 'benchmark_embedding_risk': 11.374886512756348, 'risk_bellman_final': 12.353067037308902, 'risk_obj_final': 208.81193542480474, 'B_num_rows': 3079, 'B_num_cols': 800, 'B_min_dim': 800, 'B_numerical_rank': 800, 'B_rank_fraction': 1.0, 'B_rank_tolerance': 3.058101120068102e-05, 'B_stable_rank': 353.0694580078125, 'B_effective_rank': 771.7680293930575, 'B_entropy_rank': 6.648684024810791, 'B_spectral_norm': 0.08331669867038727, 'B_frobenius_norm': 1.5655326843261719, 'B_nuclear_norm': 42.7883186340332, 'B_condition_number': 3.093793794721539, 'B_condition_number_tol': 3.093793794721539, 'B_smallest_singular_value': 0.026930268853902817, 'B_rank_rel_1em2': 800, 'B_rank_rel_1em3': 800, 'B_rank_rel_1em4': 800}
Benchmark 9 evaluation grid shape: (800, 3)
Replicate 39, benchmark 9 metrics: {'run_id': '39_b9', 'RMSE': 3.273530032079512, 'MAE': 3.1000216380599888, 'SupNorm': 4.93375164270401, 'Bias': -3.1000216380599888, 'Corr': -0.6337996844268607, 'deming_slope': -13.726095547010356, 'deming_intercept': 3.78206286516387, 'beta_sum': -5.679651260375977, 'beta_l1': 6.127294063568115, 'beta_l2': 0.24242368340492249, 'beta_min': -0.019570384174585342, 'beta_max': 0.022799838334321976, 'beta_neg_frac': 0.93125, 'offline_data_id': 39, 'benchmark_id': 9, 'benchmark_point_source': 'support_safe_target_policy_draw', 'target_set_size': 100, 'benchmark_z_path': 'data/Z_true.pt', 'projected_bellman_test_risk': 0.11725202202796936, 'oracle_embedding_risk': 26.68668556213379, 'benchmark_embedding_risk': 26.68668556213379, 'risk_bellman_final': 12.353067037308902, 'risk_obj_final': 208.81193542480474, 'B_num_rows': 3079, 'B_num_cols': 800, 'B_min_dim': 800, 'B_numerical_rank': 800, 'B_rank_fraction': 1.0, 'B_rank_tolerance': 3.058101120068102e-05, 'B_stable_rank': 353.0694580078125, 'B_effective_rank': 771.7680293930575, 'B_entropy_rank': 6.648684024810791, 'B_spectral_norm': 0.08331669867038727, 'B_frobenius_norm': 1.5655326843261719, 'B_nuclear_norm': 42.7883186340332, 'B_condition_number': 3.093793794721539, 'B_condition_number_tol': 3.093793794721539, 'B_smallest_singular_value': 0.026930268853902817, 'B_rank_rel_1em2': 800, 'B_rank_rel_1em3': 800, 'B_rank_rel_1em4': 800}
Replicate 39 finished in 22.1s
Finished combo 4, offline replicate 39.
