Job ID:    2358878
Array idx: 114
CPUs/node: 64
Mem/node:  131072
Using CC = cc 
Using CXX = CC 
Using FC = ftn 
Using F77 = ftn 
Using F90 = ftn 
cuda/12.6.1 is deprecated; loading cudatoolkit/25.5_12.9 instead.
Using CC = /opt/nvidia/hpc_sdk/Linux_aarch64/25.5/compilers/bin/nvc 
Using CXX = /opt/nvidia/hpc_sdk/Linux_aarch64/25.5/compilers/bin/nvc++ 
Using FC = /opt/nvidia/hpc_sdk/Linux_aarch64/25.5/compilers/bin/nvfortran 
Using F77 = /opt/nvidia/hpc_sdk/Linux_aarch64/25.5/compilers/bin/nvfortran 
Using F90 = /opt/nvidia/hpc_sdk/Linux_aarch64/25.5/compilers/bin/nvfortran 
Using CC = /opt/nvidia/hpc_sdk/Linux_aarch64/25.5/compilers/bin/nvc 
Using CXX = /opt/nvidia/hpc_sdk/Linux_aarch64/25.5/compilers/bin/nvc++ 
Using FC = /opt/nvidia/hpc_sdk/Linux_aarch64/25.5/compilers/bin/nvfortran 
Using F77 = /opt/nvidia/hpc_sdk/Linux_aarch64/25.5/compilers/bin/nvfortran 
Using F90 = /opt/nvidia/hpc_sdk/Linux_aarch64/25.5/compilers/bin/nvfortran 

Lmod is automatically replacing "gcc-native/14" with "gcc/14.2.0".

ghx4
0
Tuning combo id: 1 / 6
Offline replicate id: 14 / 99
Installing ke_drl from git: https://github.com/mehrdadmhmdi/ke-drl.git@main
Collecting git+https://github.com/mehrdadmhmdi/ke-drl.git@main
  Cloning https://github.com/mehrdadmhmdi/ke-drl.git (to revision main) to /tmp/pip-req-build-eh_ftjjo
  Running command git clone --filter=blob:none --quiet https://github.com/mehrdadmhmdi/ke-drl.git /tmp/pip-req-build-eh_ftjjo
  Resolved https://github.com/mehrdadmhmdi/ke-drl.git to commit 3c5d570e40ea15b1fbe4817b5f43b64c7b333e82
  Installing build dependencies: started
  Installing build dependencies: finished with status 'done'
  Getting requirements to build wheel: started
  Getting requirements to build wheel: finished with status 'done'
  Preparing metadata (pyproject.toml): started
  Preparing metadata (pyproject.toml): finished with status 'done'
Building wheels for collected packages: ke_drl
  Building wheel for ke_drl (pyproject.toml): started
  Building wheel for ke_drl (pyproject.toml): finished with status 'done'
  Created wheel for ke_drl: filename=ke_drl-0.1.0-py3-none-any.whl size=47219 sha256=1d717008c56e346d993ec706f880f6a7ea6fd387d949b9dbc9a12090b2810f79
  Stored in directory: /tmp/pip-ephem-wheel-cache-hxfzux9_/wheels/24/47/ad/9a4ffd3b05d3e90e35ffc6e7324b735b8bfcf5f51aaf29a333
Successfully built ke_drl
Installing collected packages: ke_drl
Successfully installed ke_drl-0.1.0
Installed ke_drl source: /work/nvme/bfez/mehrdad3/DistRL/simulation_3/runs/sim3_global_2358722_1/.kedrl_site_114/ke_drl/__init__.py
Tuning combo 1: lambda_B_0.002
Overrides: {'lambda_B': 0.002}
RUN: /sw/user/python/miniforge3-pytorch-24.11.3/bin/python3 validate_sim_config.py --params params.yaml
ke_drl import source: /work/nvme/bfez/mehrdad3/DistRL/simulation_3/runs/sim3_global_2358722_1/.kedrl_site_114/ke_drl/__init__.py
ke_drl package API OK: prediction weights, RFF operators, rank diagnostics, and best-checkpoint optimizer available
Policy config OK: behavior=uniform, target=logistic, state_dim=5, action_dim=1
Note: policy.logistic.theta_scale/theta_std are log-scale coefficients in Probability_Densities.
Behavior-policy linearized state-process diagnostic: spectral_radius=0.653, offline_burn_in=50
Replicate config OK: num_replicates=100, benchmark points=10 independent of D_i, loss target points=100
Transition reduction OK: method=kmeans, raw rows N(T-1)=12000, target rows about 3000, B rows reduced from 12000 to about 3000
Return-operator approximation OK: method=rff, features=512, exact G avoided for estimated N=12000, m=800, L=100
Fixed benchmark config rows=4 (benchmark.num_points=10; additional points are support-safe target-policy draws if needed)
Fixed benchmark point 0: s_star=[0.6, -0.8, 0.7, -0.5, 0.9], a_star=[0.5]
Fixed benchmark behavior-support interval for configured rows: min_lower=-0.12, max_upper=1.11
Fixed benchmark target-policy location range: [-0.02, 0.14]
Reusing shared data from /work/nvme/bfez/mehrdad3/DistRL/simulation_3/runs/sim3_shared_data/data for offline replicate 14.
RUN: /sw/user/python/miniforge3-pytorch-24.11.3/bin/python3 validate_sim_config.py --params params.yaml --data data/offline_data_14.pt
ke_drl import source: /work/nvme/bfez/mehrdad3/DistRL/simulation_3/runs/sim3_global_2358722_1/.kedrl_site_114/ke_drl/__init__.py
ke_drl package API OK: prediction weights, RFF operators, rank diagnostics, and best-checkpoint optimizer available
Policy config OK: behavior=uniform, target=logistic, state_dim=5, action_dim=1
Note: policy.logistic.theta_scale/theta_std are log-scale coefficients in Probability_Densities.
Behavior-policy linearized state-process diagnostic: spectral_radius=0.653, offline_burn_in=50
Replicate config OK: num_replicates=100, benchmark points=10 independent of D_i, loss target points=100
Transition reduction OK: method=kmeans, raw rows N(T-1)=12000, target rows about 3000, B rows reduced from 12000 to about 3000
Return-operator approximation OK: method=rff, features=512, exact G avoided for estimated N=12000, m=800, L=100
Fixed benchmark config rows=4 (benchmark.num_points=10; additional points are support-safe target-policy draws if needed)
Fixed benchmark point 0: s_star=[0.6, -0.8, 0.7, -0.5, 0.9], a_star=[0.5]
Fixed benchmark behavior-support interval for configured rows: min_lower=-0.12, max_upper=1.11
Fixed benchmark target-policy location range: [-0.02, 0.14]
Full benchmark support check OK: 10 points, min_lower=-2.177, max_upper=2.05
observed behavior actions: mean=0.3966, sd=0.6727, q0/q10/q50/q90/q100=[-1.9248825311660767, -0.4108735591173172, 0.3337467610836029, 1.3051043510437013, 3.075195789337158]
target-policy sampled actions: mean=-0.02706, sd=0.6672, q0/q10/q50/q90/q100=[-3.23205935058258, -0.8849765657255828, -0.020093907002822337, 0.8235514317288646, 2.5075466841951086]
behavior uniform lower: mean=-0.1279, sd=0.6602, q0/q10/q50/q90/q100=[-2.928913521766663, -0.9800823128223419, -0.12479305118322372, 0.7151695244759322, 2.374464273452759]
behavior uniform upper: mean=0.9245, sd=0.6401, q0/q10/q50/q90/q100=[-1.019753038883209, 0.07791326045989991, 0.9435465455055236, 1.7440511959791183, 3.374464273452759]
target location inside behavior uniform support: 0.971
RUN: /sw/user/python/miniforge3-pytorch-24.11.3/bin/python3 main_est.py
# ================================================================ #
#   Global KE-DRL estimation for one offline replicate              #
# ================================================================ #
Slurm Job ID: 2358878
Slurm Array ID: 14 -- used as the offline-replicate id
Offline data id: 14
ke_drl import source: /work/nvme/bfez/mehrdad3/DistRL/simulation_3/runs/sim3_global_2358722_1/.kedrl_site_114/ke_drl/__init__.py
Estimator device: cuda (NVIDIA GH200 120GB, capability 9.0); torch CUDA=13.0
Random seed: 20460526
Number of offline replicates: 100
[transition reduction] enabled: original rows=12000, target basis=3000, method=kmeans, device=cuda
[transition reduction] kmeans iter 1/20, mean center shift=2.7065e-01
[transition reduction] kmeans iter 5/20, mean center shift=5.7713e-03
[transition reduction] selected 3079 rows from 12000 transitions (ratio 0.2566); indices saved to data/reduced_transition_indices_14.pt
Data and parameters loaded.
offline path: data/offline_data_14.pt
benchmark true-Z path: data/Z_true.pt
offline shapes after reduction: s0=(3079, 5), a0=(3079, 1), r0=(3079, 3)
transition reduction: {'enabled': True, 'method': 'kmeans', 'original_rows': 12000, 'reduced_rows': 3079, 'selected_indices_path': 'data/reduced_transition_indices_14.pt', 'target_basis': 3000, 'compression_ratio': 0.25658333333333333}
fixed benchmark point source: fixed_config_plus_support_safe_target_policy_draws
benchmark row excluded from this offline data: None
global loss target set shape: s_star=(100, 5), a_star=(100, 1)
benchmark true-Z count=10, shape each=(50000, 3)
target policy: logistic
behavior policy: uniform
lambda_Gamma=0.005, lambda_B=0.002, d_r_method=song
dtype=torch.float32, operator_method=rff, operator_num_features=512
ridge_mode=rkhs, diagnostic_interval=50
mass_anchor_lambda=1.0, target_mass=1.0
uLSIF basis: source=numerator, n_basis=512, lambda_reg=0.005
optimizer stabilizers: lambda_neg=0.0, max_B_norm=None, eta_clip_min=0.0, eta_clip_max=5.0, normalize_eta=True
========================================
Estimating the global KE-DRL mean embedding
torch device=cuda, dtype=torch.float32
Data dims: N=3079, L=100, Ds=5, Da=1, Dr=3
lambda_Gamma=0.005, lambda_B=0.002
return-operator construction: method=rff, rff_features=512
[uLSIF] basis=512/3079 (numerator); eta_hat min=-7.677e-01 max=4.530e+00 neg%=3.35
ESS for eta_plus: 2179.2 / 3079
eta_plus diagnostics: raw_mean=0.995, raw_min=-0.768, raw_max=4.53; used_mean=1, used_min=0, used_max=4.52
[timing] Z-grid: 0.09s
[timing] K_X: 0.00s
[timing] K_plus: 0.00s
[timing] k_star: 0.00s
[timing] Gamma_stack: 0.02s
[timing] Phi_stack: 0.00s
[timing] RFF feature sample: 0.00s
[timing] K_Z RFF: 0.00s
[timing] G_stack RFF: 0.01s
[timing] H_stack RFF: 0.01s
findfont: Font family 'Nimbus Roman' not found.
findfont: Font family 'Nimbus Roman' not found.
findfont: Font family 'Nimbus Roman' not found.
findfont: Font family 'Nimbus Roman' not found.
findfont: Font family 'Nimbus Roman' not found.
findfont: Font family 'Nimbus Roman' not found.
findfont: Font family 'Nimbus Roman' not found.
findfont: Font family 'Nimbus Roman' not found.
findfont: Font family 'Nimbus Roman' not found.
findfont: Font family 'Nimbus Roman' not found.
findfont: Font family 'Nimbus Roman' not found.
findfont: Font family 'Nimbus Roman' not found.
findfont: Font family 'Nimbus Roman' not found.
findfont: Font family 'Nimbus Roman' not found.
findfont: Font family 'Nimbus Roman' not found.
findfont: Font family 'Nimbus Roman' not found.
findfont: Font family 'Nimbus Roman' not found.
findfont: Font family 'Nimbus Roman' not found.
findfont: Font family 'Nimbus Roman' not found.
findfont: Font family 'Nimbus Roman' not found.
findfont: Font family 'Nimbus Roman' not found.
findfont: Font family 'Nimbus Roman' not found.
findfont: Font family 'Nimbus Roman' not found.
findfont: Font family 'Nimbus Roman' not found.
findfont: Font family 'Nimbus Roman' not found.
findfont: Font family 'Nimbus Roman' not found.
findfont: Font family 'Nimbus Roman' not found.
findfont: Font family 'Nimbus Roman' not found.
findfont: Font family 'Nimbus Roman' not found.
findfont: Font family 'Nimbus Roman' not found.
findfont: Font family 'Nimbus Roman' not found.
findfont: Font family 'Nimbus Roman' not found.
findfont: Font family 'Nimbus Roman' not found.
findfont: Font family 'Nimbus Roman' not found.
findfont: Font family 'Nimbus Roman' not found.
findfont: Font family 'Nimbus Roman' not found.
findfont: Font family 'Nimbus Roman' not found.
findfont: Font family 'Nimbus Roman' not found.
findfont: Font family 'Nimbus Roman' not found.
findfont: Font family 'Nimbus Roman' not found.
findfont: Font family 'Nimbus Roman' not found.
findfont: Font family 'Nimbus Roman' not found.
findfont: Font family 'Nimbus Roman' not found.
findfont: Font family 'Nimbus Roman' not found.
findfont: Font family ['Nimbus Roman'] not found. Falling back to DejaVu Sans.
findfont: Font family 'Nimbus Roman' not found.
findfont: Font family ['Nimbus Roman'] not found. Falling back to DejaVu Sans.
findfont: Font family 'Nimbus Roman' not found.
findfont: Font family 'Nimbus Roman' not found.
findfont: Font family 'Nimbus Roman' not found.
findfont: Font family 'Nimbus Roman' not found.
findfont: Font family 'Nimbus Roman' not found.
findfont: Font family 'Nimbus Roman' not found.
findfont: Font family 'Nimbus Roman' not found.
findfont: Font family 'Nimbus Roman' not found.
findfont: Font family 'Nimbus Roman' not found.
findfont: Font family 'Nimbus Roman' not found.
findfont: Font family ['Nimbus Roman'] not found. Falling back to DejaVu Sans.
findfont: Font family 'Nimbus Roman' not found.
findfont: Font family 'Nimbus Roman' not found.
findfont: Font family 'Nimbus Roman' not found.
findfont: Font family 'Nimbus Roman' not found.
findfont: Font family 'Nimbus Roman' not found.
findfont: Font family 'Nimbus Roman' not found.
findfont: Font family 'Nimbus Roman' not found.
findfont: Font family 'Nimbus Roman' not found.
findfont: Font family 'Nimbus Roman' not found.
findfont: Font family 'Nimbus Roman' not found.
findfont: Font family 'Nimbus Roman' not found.
findfont: Font family 'Nimbus Roman' not found.
findfont: Font family 'Nimbus Roman' not found.
findfont: Font family 'Nimbus Roman' not found.
findfont: Font family 'Nimbus Roman' not found.
findfont: Font family 'Nimbus Roman' not found.
findfont: Font family 'Nimbus Roman' not found.
findfont: Font family 'Nimbus Roman' not found.
findfont: Font family 'Nimbus Roman' not found.
findfont: Font family 'Nimbus Roman' not found.
findfont: Font family 'Nimbus Roman' not found.
findfont: Font family 'Nimbus Roman' not found.
findfont: Font family 'Nimbus Roman' not found.
findfont: Font family 'Nimbus Roman' not found.
findfont: Font family 'Nimbus Roman' not found.
findfont: Font family 'Nimbus Roman' not found.
findfont: Font family 'Nimbus Roman' not found.
findfont: Font family 'Nimbus Roman' not found.
findfont: Font family 'Nimbus Roman' not found.
findfont: Font family 'Nimbus Roman' not found.
findfont: Font family 'Nimbus Roman' not found.
findfont: Font family 'Nimbus Roman' not found.
findfont: Font family 'Nimbus Roman' not found.
findfont: Font family 'Nimbus Roman' not found.
findfont: Font family 'Nimbus Roman' not found.
findfont: Font family 'Nimbus Roman' not found.
findfont: Font family 'Nimbus Roman' not found.
findfont: Font family 'Nimbus Roman' not found.
findfont: Font family 'Nimbus Roman' not found.
findfont: Font family 'Nimbus Roman' not found.
findfont: Font family 'Nimbus Roman' not found.
findfont: Font family 'Nimbus Roman' not found.
findfont: Font family 'Nimbus Roman' not found.
findfont: Font family 'Nimbus Roman' not found.
findfont: Font family 'Nimbus Roman' not found.
findfont: Font family 'Nimbus Roman' not found.
findfont: Font family 'Nimbus Roman' not found.
findfont: Font family 'Nimbus Roman' not found.
findfont: Font family 'Nimbus Roman' not found.
findfont: Font family 'Nimbus Roman' not found.
findfont: Font family 'Nimbus Roman' not found.
findfont: Font family 'Nimbus Roman' not found.
findfont: Font family 'Nimbus Roman' not found.
findfont: Font family 'Nimbus Roman' not found.
findfont: Font family 'Nimbus Roman' not found.
findfont: Font family 'Nimbus Roman' not found.
findfont: Font family 'Nimbus Roman' not found.
findfont: Font family 'Nimbus Roman' not found.
findfont: Font family 'Nimbus Roman' not found.
findfont: Font family 'Nimbus Roman' not found.
findfont: Font family 'Nimbus Roman' not found.
findfont: Font family 'Nimbus Roman' not found.
findfont: Font family 'Nimbus Roman' not found.
findfont: Font family 'Nimbus Roman' not found.
findfont: Font family 'Nimbus Roman' not found.
findfont: Font family 'Nimbus Roman' not found.
findfont: Font family 'Nimbus Roman' not found.
findfont: Font family 'Nimbus Roman' not found.
findfont: Font family 'Nimbus Roman' not found.
findfont: Font family 'Nimbus Roman' not found.
findfont: Font family 'Nimbus Roman' not found.
findfont: Font family 'Nimbus Roman' not found.
findfont: Font family 'Nimbus Roman' not found.
findfont: Font family 'Nimbus Roman' not found.
findfont: Font family 'Nimbus Roman' not found.
findfont: Font family 'Nimbus Roman' not found.
findfont: Font family 'Nimbus Roman' not found.
findfont: Font family 'Nimbus Roman' not found.
findfont: Font family 'Nimbus Roman' not found.
Ridge mode: rkhs; diagnostic interval: 50
Iter 1/4000 | log_obj=9.864e+00 | log_Bellman_root=3.511e+00 | mass=1.81e+04 | neg=0.00e+00 | grad=5.17e+02
Iter 400/4000 | log_obj=6.179e+00 | log_Bellman_root=1.666e+00 | mass=4.54e+02 | neg=0.00e+00 | grad=4.56e+03
Iter 800/4000 | log_obj=6.182e+00 | log_Bellman_root=1.667e+00 | mass=4.56e+02 | neg=0.00e+00 | grad=4.55e+03
Iter 1200/4000 | log_obj=4.135e+00 | log_Bellman_root=6.360e-01 | mass=5.89e+01 | neg=0.00e+00 | grad=5.01e+03
Iter 1600/4000 | log_obj=3.042e+00 | log_Bellman_root=1.213e-01 | mass=1.97e+01 | neg=0.00e+00 | grad=3.01e+03
Iter 2000/4000 | log_obj=9.711e-01 | log_Bellman_root=-8.826e-01 | mass=2.47e+00 | neg=0.00e+00 | grad=1.33e+03
Iter 2400/4000 | log_obj=1.619e+00 | log_Bellman_root=-5.376e-01 | mass=4.70e+00 | neg=0.00e+00 | grad=1.72e+03
Iter 2800/4000 | log_obj=2.120e+00 | log_Bellman_root=-2.723e-01 | mass=7.74e+00 | neg=0.00e+00 | grad=2.36e+03
Iter 3200/4000 | log_obj=2.529e+00 | log_Bellman_root=1.212e-02 | mass=1.15e+01 | neg=0.00e+00 | grad=2.42e+03
Iter 3600/4000 | log_obj=2.357e+00 | log_Bellman_root=-8.119e-02 | mass=9.70e+00 | neg=0.00e+00 | grad=2.52e+03
Iter 4000/4000 | log_obj=2.356e+00 | log_Bellman_root=-6.544e-02 | mass=9.67e+00 | neg=0.00e+00 | grad=2.23e+03
Returning best diagnostic checkpoint from step 3500 (objective=1.873e+00, Bellman=1.108e-01).
Done in 13.86s.
KE-DRL global estimation is done.
B_hat shape: (3079, 800)
B_hat rank diagnostics: {'B_num_rows': 3079, 'B_num_cols': 800, 'B_min_dim': 800, 'B_numerical_rank': 800, 'B_rank_fraction': 1.0, 'B_rank_tolerance': 4.959676253690759e-05, 'B_stable_rank': 135.28074645996094, 'B_effective_rank': 771.0584689736132, 'B_entropy_rank': 6.647764205932617, 'B_spectral_norm': 0.1351243257522583, 'B_frobenius_norm': 1.5716344118118286, 'B_nuclear_norm': 42.90348815917969, 'B_condition_number': 4.992589329956505, 'B_condition_number_tol': 4.992589329956505, 'B_smallest_singular_value': 0.027064979076385498, 'B_rank_rel_1em2': 800, 'B_rank_rel_1em3': 800, 'B_rank_rel_1em4': 800}
Global-loss target mass diagnostics: {'target_mass_mean': -0.2435559779405594, 'target_mass_min': -1.228822946548462, 'target_mass_max': 0.8287358283996582, 'target_mass_sd': 0.4631071388721466, 'target_mass_rmse_to_target': 1.3261806964874268, 'target_beta_min': -0.04301467165350914, 'target_beta_max': 0.06468943506479263, 'target_neg_frac_mean': 0.5167625}
Return dictionary Z_grid shape: (800, 3)
Replicate 14 risk metrics: {'risk_n_steps_recorded': 81.0, 'risk_n_diagnostics_recorded': 81.0, 'risk_log_obj_initial': 9.86439440937045, 'risk_log_obj_final': 2.3558610740316706, 'risk_log_obj_min': 0.6276906127191803, 'risk_obj_initial': 19233.222656249993, 'risk_obj_final': 10.547206878662108, 'risk_obj_min': 1.8732794523239136, 'risk_log_obj_drop': 7.508533335338779, 'risk_log_bellman_root_initial': 3.5108057973234974, 'risk_log_bellman_root_final': -0.06543741338281095, 'risk_log_bellman_root_min': -1.099840302003862, 'risk_bellman_root_initial': 33.4752311706543, 'risk_bellman_root_final': 0.9366576671600342, 'risk_bellman_root_min': 0.3329242467880249, 'risk_bellman_initial': 1120.591101928745, 'risk_bellman_final': 0.8773275854496774, 'risk_bellman_min': 0.1108385540993737, 'risk_log_bellman_root_drop': 3.5762432107063082, 'risk_bellman_returned': 0.11083855479955673, 'risk_obj_returned': 1.8732794523239136, 'risk_returned_step': 3500.0, 'offline_data_id': 14, 'benchmark_point_source': 'fixed_config_plus_support_safe_target_policy_draws', 'target_set_size': 100, 'lambda_reg': 0.005, 'lambda_B': 0.002, 'num_steps': 4000, 'transition_reduction_enabled': 1, 'transition_reduction_method': 'kmeans', 'transition_original_rows': 12000, 'transition_reduced_rows': 3079, 'transition_compression_ratio': 0.25658333333333333, 'target_mass_mean': -0.2435559779405594, 'target_mass_min': -1.228822946548462, 'target_mass_max': 0.8287358283996582, 'target_mass_sd': 0.4631071388721466, 'target_mass_rmse_to_target': 1.3261806964874268, 'target_beta_min': -0.04301467165350914, 'target_beta_max': 0.06468943506479263, 'target_neg_frac_mean': 0.5167625, 'B_num_rows': 3079, 'B_num_cols': 800, 'B_min_dim': 800, 'B_numerical_rank': 800, 'B_rank_fraction': 1.0, 'B_rank_tolerance': 4.959676253690759e-05, 'B_stable_rank': 135.28074645996094, 'B_effective_rank': 771.0584689736132, 'B_entropy_rank': 6.647764205932617, 'B_spectral_norm': 0.1351243257522583, 'B_frobenius_norm': 1.5716344118118286, 'B_nuclear_norm': 42.90348815917969, 'B_condition_number': 4.992589329956505, 'B_condition_number_tol': 4.992589329956505, 'B_smallest_singular_value': 0.027064979076385498, 'B_rank_rel_1em2': 800, 'B_rank_rel_1em3': 800, 'B_rank_rel_1em4': 800, 'risk_objective_final_raw': 10.54720687866211, 'risk_objective_min_raw': 1.8732794523239136, 'risk_objective_max_raw': 19233.22265625, 'risk_bellman_final_raw': 0.877327561378479, 'risk_bellman_min_raw': 0.11083855479955673, 'risk_bellman_max_raw': 1120.5911865234375, 'risk_rkhs_ridge_final_raw': 0.003662026720121503, 'risk_rkhs_ridge_min_raw': 0.0035927037242799997, 'risk_rkhs_ridge_max_raw': 0.2309402972459793, 'risk_mass_final_raw': 9.666216850280762, 'risk_mass_min_raw': 1.7587549686431885, 'risk_mass_max_raw': 18112.400390625, 'risk_negativity_final_raw': 0.0, 'risk_negativity_min_raw': 0.0, 'risk_negativity_max_raw': 0.0, 'risk_B_norm_final_raw': 1.571671962738037, 'risk_B_norm_min_raw': 1.570107102394104, 'risk_B_norm_max_raw': 1.6386654376983643, 'risk_diagnostic_step_final_raw': 4000.0, 'risk_diagnostic_step_min_raw': 1.0, 'risk_diagnostic_step_max_raw': 4000.0, 'risk_best_step_final_raw': 3500.0, 'risk_best_step_min_raw': 3500.0, 'risk_best_step_max_raw': 3500.0, 'risk_best_objective_final_raw': 1.8732794523239136, 'risk_best_objective_min_raw': 1.8732794523239136, 'risk_best_objective_max_raw': 1.8732794523239136, 'risk_best_bellman_final_raw': 0.11083855479955673, 'risk_best_bellman_min_raw': 0.11083855479955673, 'risk_best_bellman_max_raw': 0.11083855479955673, 'risk_returned_step_final_raw': 3500.0, 'risk_returned_step_min_raw': 3500.0, 'risk_returned_step_max_raw': 3500.0, 'risk_returned_objective_final_raw': 1.8732794523239136, 'risk_returned_objective_min_raw': 1.8732794523239136, 'risk_returned_objective_max_raw': 1.8732794523239136, 'risk_returned_bellman_final_raw': 0.11083855479955673, 'risk_returned_bellman_min_raw': 0.11083855479955673, 'risk_returned_bellman_max_raw': 0.11083855479955673, 'risk_returned_best_checkpoint_final_raw': 1.0, 'risk_returned_best_checkpoint_min_raw': 1.0, 'risk_returned_best_checkpoint_max_raw': 1.0}
Benchmark 0 evaluation grid shape: (800, 3)
Replicate 14, benchmark 0 metrics: {'run_id': '14_b0', 'RMSE': 0.2503951607845886, 'MAE': 0.2319373829356482, 'SupNorm': 0.4443364590406418, 'Bias': -0.2319373829356482, 'Corr': 0.34069711149219095, 'deming_slope': 0.34266849004117605, 'deming_intercept': -0.059572376696127013, 'beta_sum': 0.08910687267780304, 'beta_l1': 4.308200359344482, 'beta_l2': 0.18756653368473053, 'beta_min': -0.019479211419820786, 'beta_max': 0.017125535756349564, 'beta_neg_frac': 0.47, 'offline_data_id': 14, 'benchmark_id': 0, 'benchmark_point_source': 'fixed_config', 'target_set_size': 100, 'benchmark_z_path': 'data/Z_true.pt', 'projected_bellman_test_risk': 0.028193486854434013, 'oracle_embedding_risk': 1.0053428411483765, 'benchmark_embedding_risk': 1.0053428411483765, 'risk_bellman_final': 0.8773275854496774, 'risk_obj_final': 10.547206878662108, 'B_num_rows': 3079, 'B_num_cols': 800, 'B_min_dim': 800, 'B_numerical_rank': 800, 'B_rank_fraction': 1.0, 'B_rank_tolerance': 4.959676253690759e-05, 'B_stable_rank': 135.28074645996094, 'B_effective_rank': 771.0584689736132, 'B_entropy_rank': 6.647764205932617, 'B_spectral_norm': 0.1351243257522583, 'B_frobenius_norm': 1.5716344118118286, 'B_nuclear_norm': 42.90348815917969, 'B_condition_number': 4.992589329956505, 'B_condition_number_tol': 4.992589329956505, 'B_smallest_singular_value': 0.027064979076385498, 'B_rank_rel_1em2': 800, 'B_rank_rel_1em3': 800, 'B_rank_rel_1em4': 800}
Saved ./mu/mu_hat.csv shape=(800,)
Saved ./mu/mu2D_hat_dims01.csv shape=(120, 120)
Saved ./mu/mu2D_hat_dims01.csv shape=(120, 120)
Saved plots/replicate_14/mu_3D.png
Benchmark 1 evaluation grid shape: (800, 3)
Replicate 14, benchmark 1 metrics: {'run_id': '14_b1', 'RMSE': 0.7452528077333614, 'MAE': 0.6890019793596003, 'SupNorm': 1.2276954054832458, 'Bias': -0.6890019793596003, 'Corr': -0.9856285104862096, 'deming_slope': -1.9925477216018568, 'deming_intercept': 0.09065928780451288, 'beta_sum': -1.3130592107772827, 'beta_l1': 7.089268684387207, 'beta_l2': 0.31279635429382324, 'beta_min': -0.03865458071231842, 'beta_max': 0.029725799337029457, 'beta_neg_frac': 0.56875, 'offline_data_id': 14, 'benchmark_id': 1, 'benchmark_point_source': 'fixed_config', 'target_set_size': 100, 'benchmark_z_path': 'data/Z_true.pt', 'projected_bellman_test_risk': 0.1399734765291214, 'oracle_embedding_risk': 2.609381675720215, 'benchmark_embedding_risk': 2.609381675720215, 'risk_bellman_final': 0.8773275854496774, 'risk_obj_final': 10.547206878662108, 'B_num_rows': 3079, 'B_num_cols': 800, 'B_min_dim': 800, 'B_numerical_rank': 800, 'B_rank_fraction': 1.0, 'B_rank_tolerance': 4.959676253690759e-05, 'B_stable_rank': 135.28074645996094, 'B_effective_rank': 771.0584689736132, 'B_entropy_rank': 6.647764205932617, 'B_spectral_norm': 0.1351243257522583, 'B_frobenius_norm': 1.5716344118118286, 'B_nuclear_norm': 42.90348815917969, 'B_condition_number': 4.992589329956505, 'B_condition_number_tol': 4.992589329956505, 'B_smallest_singular_value': 0.027064979076385498, 'B_rank_rel_1em2': 800, 'B_rank_rel_1em3': 800, 'B_rank_rel_1em4': 800}
Benchmark 2 evaluation grid shape: (800, 3)
Replicate 14, benchmark 2 metrics: {'run_id': '14_b2', 'RMSE': 0.7016835005475113, 'MAE': 0.6494765082423691, 'SupNorm': 1.1545884907245636, 'Bias': -0.6494765082423691, 'Corr': -0.8445239255806138, 'deming_slope': -2.184395831917779, 'deming_intercept': 0.2040485232436542, 'beta_sum': -1.1755211353302002, 'beta_l1': 6.956813812255859, 'beta_l2': 0.3042466342449188, 'beta_min': -0.036837995052337646, 'beta_max': 0.026684146374464035, 'beta_neg_frac': 0.565, 'offline_data_id': 14, 'benchmark_id': 2, 'benchmark_point_source': 'fixed_config', 'target_set_size': 100, 'benchmark_z_path': 'data/Z_true.pt', 'projected_bellman_test_risk': 0.12235589325428009, 'oracle_embedding_risk': 2.3931963443756104, 'benchmark_embedding_risk': 2.3931963443756104, 'risk_bellman_final': 0.8773275854496774, 'risk_obj_final': 10.547206878662108, 'B_num_rows': 3079, 'B_num_cols': 800, 'B_min_dim': 800, 'B_numerical_rank': 800, 'B_rank_fraction': 1.0, 'B_rank_tolerance': 4.959676253690759e-05, 'B_stable_rank': 135.28074645996094, 'B_effective_rank': 771.0584689736132, 'B_entropy_rank': 6.647764205932617, 'B_spectral_norm': 0.1351243257522583, 'B_frobenius_norm': 1.5716344118118286, 'B_nuclear_norm': 42.90348815917969, 'B_condition_number': 4.992589329956505, 'B_condition_number_tol': 4.992589329956505, 'B_smallest_singular_value': 0.027064979076385498, 'B_rank_rel_1em2': 800, 'B_rank_rel_1em3': 800, 'B_rank_rel_1em4': 800}
Benchmark 3 evaluation grid shape: (800, 3)
Replicate 14, benchmark 3 metrics: {'run_id': '14_b3', 'RMSE': 0.6737938793784564, 'MAE': 0.6185899028810673, 'SupNorm': 1.1299476623535156, 'Bias': -0.6185899028810673, 'Corr': -0.8676226081089626, 'deming_slope': -2.057642900324919, 'deming_intercept': 0.17410415595181228, 'beta_sum': -1.1367753744125366, 'beta_l1': 6.834677696228027, 'beta_l2': 0.2981415092945099, 'beta_min': -0.04048266261816025, 'beta_max': 0.02664966508746147, 'beta_neg_frac': 0.56125, 'offline_data_id': 14, 'benchmark_id': 3, 'benchmark_point_source': 'fixed_config', 'target_set_size': 100, 'benchmark_z_path': 'data/Z_true.pt', 'projected_bellman_test_risk': 0.10636268556118011, 'oracle_embedding_risk': 2.3379526138305664, 'benchmark_embedding_risk': 2.3379526138305664, 'risk_bellman_final': 0.8773275854496774, 'risk_obj_final': 10.547206878662108, 'B_num_rows': 3079, 'B_num_cols': 800, 'B_min_dim': 800, 'B_numerical_rank': 800, 'B_rank_fraction': 1.0, 'B_rank_tolerance': 4.959676253690759e-05, 'B_stable_rank': 135.28074645996094, 'B_effective_rank': 771.0584689736132, 'B_entropy_rank': 6.647764205932617, 'B_spectral_norm': 0.1351243257522583, 'B_frobenius_norm': 1.5716344118118286, 'B_nuclear_norm': 42.90348815917969, 'B_condition_number': 4.992589329956505, 'B_condition_number_tol': 4.992589329956505, 'B_smallest_singular_value': 0.027064979076385498, 'B_rank_rel_1em2': 800, 'B_rank_rel_1em3': 800, 'B_rank_rel_1em4': 800}
Benchmark 4 evaluation grid shape: (800, 3)
Replicate 14, benchmark 4 metrics: {'run_id': '14_b4', 'RMSE': 0.19231750178330753, 'MAE': 0.17894279109765193, 'SupNorm': 0.3750218600034714, 'Bias': -0.17894279109765193, 'Corr': 0.6785674229670267, 'deming_slope': 0.7342020203177383, 'deming_intercept': -0.10807980481613137, 'beta_sum': 0.20767231285572052, 'beta_l1': 4.225309371948242, 'beta_l2': 0.2103104591369629, 'beta_min': -0.019494295120239258, 'beta_max': 0.05811872333288193, 'beta_neg_frac': 0.51375, 'offline_data_id': 14, 'benchmark_id': 4, 'benchmark_point_source': 'support_safe_target_policy_draw', 'target_set_size': 100, 'benchmark_z_path': 'data/Z_true.pt', 'projected_bellman_test_risk': 0.019611483439803123, 'oracle_embedding_risk': 0.9565988779067993, 'benchmark_embedding_risk': 0.9565988779067993, 'risk_bellman_final': 0.8773275854496774, 'risk_obj_final': 10.547206878662108, 'B_num_rows': 3079, 'B_num_cols': 800, 'B_min_dim': 800, 'B_numerical_rank': 800, 'B_rank_fraction': 1.0, 'B_rank_tolerance': 4.959676253690759e-05, 'B_stable_rank': 135.28074645996094, 'B_effective_rank': 771.0584689736132, 'B_entropy_rank': 6.647764205932617, 'B_spectral_norm': 0.1351243257522583, 'B_frobenius_norm': 1.5716344118118286, 'B_nuclear_norm': 42.90348815917969, 'B_condition_number': 4.992589329956505, 'B_condition_number_tol': 4.992589329956505, 'B_smallest_singular_value': 0.027064979076385498, 'B_rank_rel_1em2': 800, 'B_rank_rel_1em3': 800, 'B_rank_rel_1em4': 800}
Benchmark 5 evaluation grid shape: (800, 3)
Replicate 14, benchmark 5 metrics: {'run_id': '14_b5', 'RMSE': 0.22566026567396885, 'MAE': 0.20621613241528394, 'SupNorm': 0.37572553753852844, 'Bias': -0.20503562810394216, 'Corr': 0.19705008163839136, 'deming_slope': 0.10795984260921343, 'deming_intercept': 0.024204958866893493, 'beta_sum': 0.41427820920944214, 'beta_l1': 0.722662091255188, 'beta_l2': 0.03234988823533058, 'beta_min': -0.00250986497849226, 'beta_max': 0.004452631808817387, 'beta_neg_frac': 0.30375, 'offline_data_id': 14, 'benchmark_id': 5, 'benchmark_point_source': 'support_safe_target_policy_draw', 'target_set_size': 100, 'benchmark_z_path': 'data/Z_true.pt', 'projected_bellman_test_risk': 0.054652512073516846, 'oracle_embedding_risk': 0.945419192314148, 'benchmark_embedding_risk': 0.945419192314148, 'risk_bellman_final': 0.8773275854496774, 'risk_obj_final': 10.547206878662108, 'B_num_rows': 3079, 'B_num_cols': 800, 'B_min_dim': 800, 'B_numerical_rank': 800, 'B_rank_fraction': 1.0, 'B_rank_tolerance': 4.959676253690759e-05, 'B_stable_rank': 135.28074645996094, 'B_effective_rank': 771.0584689736132, 'B_entropy_rank': 6.647764205932617, 'B_spectral_norm': 0.1351243257522583, 'B_frobenius_norm': 1.5716344118118286, 'B_nuclear_norm': 42.90348815917969, 'B_condition_number': 4.992589329956505, 'B_condition_number_tol': 4.992589329956505, 'B_smallest_singular_value': 0.027064979076385498, 'B_rank_rel_1em2': 800, 'B_rank_rel_1em3': 800, 'B_rank_rel_1em4': 800}
Benchmark 6 evaluation grid shape: (800, 3)
Replicate 14, benchmark 6 metrics: {'run_id': '14_b6', 'RMSE': 0.37816054428363016, 'MAE': 0.34390667514511736, 'SupNorm': 0.6827582716941833, 'Bias': -0.34390667514511736, 'Corr': -0.2414761651852711, 'deming_slope': -1.4232879914776382, 'deming_intercept': 0.2958200028355424, 'beta_sum': -0.2818948030471802, 'beta_l1': 5.102908134460449, 'beta_l2': 0.22308562695980072, 'beta_min': -0.02468608319759369, 'beta_max': 0.02300577238202095, 'beta_neg_frac': 0.51625, 'offline_data_id': 14, 'benchmark_id': 6, 'benchmark_point_source': 'support_safe_target_policy_draw', 'target_set_size': 100, 'benchmark_z_path': 'data/Z_true.pt', 'projected_bellman_test_risk': 0.011788425967097282, 'oracle_embedding_risk': 1.316161870956421, 'benchmark_embedding_risk': 1.316161870956421, 'risk_bellman_final': 0.8773275854496774, 'risk_obj_final': 10.547206878662108, 'B_num_rows': 3079, 'B_num_cols': 800, 'B_min_dim': 800, 'B_numerical_rank': 800, 'B_rank_fraction': 1.0, 'B_rank_tolerance': 4.959676253690759e-05, 'B_stable_rank': 135.28074645996094, 'B_effective_rank': 771.0584689736132, 'B_entropy_rank': 6.647764205932617, 'B_spectral_norm': 0.1351243257522583, 'B_frobenius_norm': 1.5716344118118286, 'B_nuclear_norm': 42.90348815917969, 'B_condition_number': 4.992589329956505, 'B_condition_number_tol': 4.992589329956505, 'B_smallest_singular_value': 0.027064979076385498, 'B_rank_rel_1em2': 800, 'B_rank_rel_1em3': 800, 'B_rank_rel_1em4': 800}
Benchmark 7 evaluation grid shape: (800, 3)
Replicate 14, benchmark 7 metrics: {'run_id': '14_b7', 'RMSE': 0.37300603868254234, 'MAE': 0.3340692045754986, 'SupNorm': 0.7046960890293121, 'Bias': -0.3340692045754986, 'Corr': -0.09974878744458934, 'deming_slope': -6.682621528921735, 'deming_intercept': 1.6748225576360483, 'beta_sum': -0.41710323095321655, 'beta_l1': 5.667919158935547, 'beta_l2': 0.256077378988266, 'beta_min': -0.029050685465335846, 'beta_max': 0.03616000711917877, 'beta_neg_frac': 0.5425, 'offline_data_id': 14, 'benchmark_id': 7, 'benchmark_point_source': 'support_safe_target_policy_draw', 'target_set_size': 100, 'benchmark_z_path': 'data/Z_true.pt', 'projected_bellman_test_risk': 0.03348042815923691, 'oracle_embedding_risk': 1.3940315246582031, 'benchmark_embedding_risk': 1.3940315246582031, 'risk_bellman_final': 0.8773275854496774, 'risk_obj_final': 10.547206878662108, 'B_num_rows': 3079, 'B_num_cols': 800, 'B_min_dim': 800, 'B_numerical_rank': 800, 'B_rank_fraction': 1.0, 'B_rank_tolerance': 4.959676253690759e-05, 'B_stable_rank': 135.28074645996094, 'B_effective_rank': 771.0584689736132, 'B_entropy_rank': 6.647764205932617, 'B_spectral_norm': 0.1351243257522583, 'B_frobenius_norm': 1.5716344118118286, 'B_nuclear_norm': 42.90348815917969, 'B_condition_number': 4.992589329956505, 'B_condition_number_tol': 4.992589329956505, 'B_smallest_singular_value': 0.027064979076385498, 'B_rank_rel_1em2': 800, 'B_rank_rel_1em3': 800, 'B_rank_rel_1em4': 800}
Benchmark 8 evaluation grid shape: (800, 3)
Replicate 14, benchmark 8 metrics: {'run_id': '14_b8', 'RMSE': 0.212521968393249, 'MAE': 0.19624631966944434, 'SupNorm': 0.3483876883983612, 'Bias': -0.19624631966944434, 'Corr': 0.6750654406316193, 'deming_slope': 0.19589175002828121, 'deming_intercept': 0.013219201190242495, 'beta_sum': 0.3230944871902466, 'beta_l1': 3.116222858428955, 'beta_l2': 0.14278817176818848, 'beta_min': -0.017708702012896538, 'beta_max': 0.021064141765236855, 'beta_neg_frac': 0.4875, 'offline_data_id': 14, 'benchmark_id': 8, 'benchmark_point_source': 'support_safe_target_policy_draw', 'target_set_size': 100, 'benchmark_z_path': 'data/Z_true.pt', 'projected_bellman_test_risk': 0.06272371113300323, 'oracle_embedding_risk': 0.8987733125686646, 'benchmark_embedding_risk': 0.8987733125686646, 'risk_bellman_final': 0.8773275854496774, 'risk_obj_final': 10.547206878662108, 'B_num_rows': 3079, 'B_num_cols': 800, 'B_min_dim': 800, 'B_numerical_rank': 800, 'B_rank_fraction': 1.0, 'B_rank_tolerance': 4.959676253690759e-05, 'B_stable_rank': 135.28074645996094, 'B_effective_rank': 771.0584689736132, 'B_entropy_rank': 6.647764205932617, 'B_spectral_norm': 0.1351243257522583, 'B_frobenius_norm': 1.5716344118118286, 'B_nuclear_norm': 42.90348815917969, 'B_condition_number': 4.992589329956505, 'B_condition_number_tol': 4.992589329956505, 'B_smallest_singular_value': 0.027064979076385498, 'B_rank_rel_1em2': 800, 'B_rank_rel_1em3': 800, 'B_rank_rel_1em4': 800}
Benchmark 9 evaluation grid shape: (800, 3)
Replicate 14, benchmark 9 metrics: {'run_id': '14_b9', 'RMSE': 0.41229796211590725, 'MAE': 0.36922887300373985, 'SupNorm': 0.7466056644916534, 'Bias': -0.36922887300373985, 'Corr': -0.31423329707707404, 'deming_slope': -2.392792173463492, 'deming_intercept': 0.5324572114882629, 'beta_sum': -0.29147255420684814, 'beta_l1': 5.297601699829102, 'beta_l2': 0.2411835938692093, 'beta_min': -0.023889558389782906, 'beta_max': 0.046980902552604675, 'beta_neg_frac': 0.53, 'offline_data_id': 14, 'benchmark_id': 9, 'benchmark_point_source': 'support_safe_target_policy_draw', 'target_set_size': 100, 'benchmark_z_path': 'data/Z_true.pt', 'projected_bellman_test_risk': 0.0052289338782429695, 'oracle_embedding_risk': 1.4167124032974243, 'benchmark_embedding_risk': 1.4167124032974243, 'risk_bellman_final': 0.8773275854496774, 'risk_obj_final': 10.547206878662108, 'B_num_rows': 3079, 'B_num_cols': 800, 'B_min_dim': 800, 'B_numerical_rank': 800, 'B_rank_fraction': 1.0, 'B_rank_tolerance': 4.959676253690759e-05, 'B_stable_rank': 135.28074645996094, 'B_effective_rank': 771.0584689736132, 'B_entropy_rank': 6.647764205932617, 'B_spectral_norm': 0.1351243257522583, 'B_frobenius_norm': 1.5716344118118286, 'B_nuclear_norm': 42.90348815917969, 'B_condition_number': 4.992589329956505, 'B_condition_number_tol': 4.992589329956505, 'B_smallest_singular_value': 0.027064979076385498, 'B_rank_rel_1em2': 800, 'B_rank_rel_1em3': 800, 'B_rank_rel_1em4': 800}
Replicate 14 finished in 24.9s
Finished combo 1, offline replicate 14.
