Job ID:    2358815
Array idx: 65
CPUs/node: 64
Mem/node:  131072
Using CC = cc 
Using CXX = CC 
Using FC = ftn 
Using F77 = ftn 
Using F90 = ftn 
cuda/12.6.1 is deprecated; loading cudatoolkit/25.5_12.9 instead.
Using CC = /opt/nvidia/hpc_sdk/Linux_aarch64/25.5/compilers/bin/nvc 
Using CXX = /opt/nvidia/hpc_sdk/Linux_aarch64/25.5/compilers/bin/nvc++ 
Using FC = /opt/nvidia/hpc_sdk/Linux_aarch64/25.5/compilers/bin/nvfortran 
Using F77 = /opt/nvidia/hpc_sdk/Linux_aarch64/25.5/compilers/bin/nvfortran 
Using F90 = /opt/nvidia/hpc_sdk/Linux_aarch64/25.5/compilers/bin/nvfortran 
Using CC = /opt/nvidia/hpc_sdk/Linux_aarch64/25.5/compilers/bin/nvc 
Using CXX = /opt/nvidia/hpc_sdk/Linux_aarch64/25.5/compilers/bin/nvc++ 
Using FC = /opt/nvidia/hpc_sdk/Linux_aarch64/25.5/compilers/bin/nvfortran 
Using F77 = /opt/nvidia/hpc_sdk/Linux_aarch64/25.5/compilers/bin/nvfortran 
Using F90 = /opt/nvidia/hpc_sdk/Linux_aarch64/25.5/compilers/bin/nvfortran 

Lmod is automatically replacing "gcc-native/14" with "gcc/14.2.0".

ghx4
0
Tuning combo id: 0 / 6
Offline replicate id: 65 / 99
Installing ke_drl from git: https://github.com/mehrdadmhmdi/ke-drl.git@main
Collecting git+https://github.com/mehrdadmhmdi/ke-drl.git@main
  Cloning https://github.com/mehrdadmhmdi/ke-drl.git (to revision main) to /tmp/pip-req-build-_9nwokc0
  Running command git clone --filter=blob:none --quiet https://github.com/mehrdadmhmdi/ke-drl.git /tmp/pip-req-build-_9nwokc0
  Resolved https://github.com/mehrdadmhmdi/ke-drl.git to commit 3c5d570e40ea15b1fbe4817b5f43b64c7b333e82
  Installing build dependencies: started
  Installing build dependencies: finished with status 'done'
  Getting requirements to build wheel: started
  Getting requirements to build wheel: finished with status 'done'
  Preparing metadata (pyproject.toml): started
  Preparing metadata (pyproject.toml): finished with status 'done'
Building wheels for collected packages: ke_drl
  Building wheel for ke_drl (pyproject.toml): started
  Building wheel for ke_drl (pyproject.toml): finished with status 'done'
  Created wheel for ke_drl: filename=ke_drl-0.1.0-py3-none-any.whl size=47219 sha256=509d61392cc05ad310571eb572d1eddc47f1745ae9ecd2c945f9d29fabf2c722
  Stored in directory: /tmp/pip-ephem-wheel-cache-62c_4pv3/wheels/24/47/ad/9a4ffd3b05d3e90e35ffc6e7324b735b8bfcf5f51aaf29a333
Successfully built ke_drl
Installing collected packages: ke_drl
Successfully installed ke_drl-0.1.0
Installed ke_drl source: /work/nvme/bfez/mehrdad3/DistRL/simulation_3/runs/sim3_global_2358722_0/.kedrl_site_65/ke_drl/__init__.py
Tuning combo 0: base
Overrides: {}
RUN: /sw/user/python/miniforge3-pytorch-24.11.3/bin/python3 validate_sim_config.py --params params.yaml
ke_drl import source: /work/nvme/bfez/mehrdad3/DistRL/simulation_3/runs/sim3_global_2358722_0/.kedrl_site_65/ke_drl/__init__.py
ke_drl package API OK: prediction weights, RFF operators, rank diagnostics, and best-checkpoint optimizer available
Policy config OK: behavior=uniform, target=logistic, state_dim=5, action_dim=1
Note: policy.logistic.theta_scale/theta_std are log-scale coefficients in Probability_Densities.
Behavior-policy linearized state-process diagnostic: spectral_radius=0.653, offline_burn_in=50
Replicate config OK: num_replicates=100, benchmark points=10 independent of D_i, loss target points=100
Transition reduction OK: method=kmeans, raw rows N(T-1)=12000, target rows about 3000, B rows reduced from 12000 to about 3000
Return-operator approximation OK: method=rff, features=512, exact G avoided for estimated N=12000, m=800, L=100
Fixed benchmark config rows=4 (benchmark.num_points=10; additional points are support-safe target-policy draws if needed)
Fixed benchmark point 0: s_star=[0.6, -0.8, 0.7, -0.5, 0.9], a_star=[0.5]
Fixed benchmark behavior-support interval for configured rows: min_lower=-0.12, max_upper=1.11
Fixed benchmark target-policy location range: [-0.02, 0.14]
Reusing shared data from /work/nvme/bfez/mehrdad3/DistRL/simulation_3/runs/sim3_shared_data/data for offline replicate 65.
RUN: /sw/user/python/miniforge3-pytorch-24.11.3/bin/python3 validate_sim_config.py --params params.yaml --data data/offline_data_65.pt
ke_drl import source: /work/nvme/bfez/mehrdad3/DistRL/simulation_3/runs/sim3_global_2358722_0/.kedrl_site_65/ke_drl/__init__.py
ke_drl package API OK: prediction weights, RFF operators, rank diagnostics, and best-checkpoint optimizer available
Policy config OK: behavior=uniform, target=logistic, state_dim=5, action_dim=1
Note: policy.logistic.theta_scale/theta_std are log-scale coefficients in Probability_Densities.
Behavior-policy linearized state-process diagnostic: spectral_radius=0.653, offline_burn_in=50
Replicate config OK: num_replicates=100, benchmark points=10 independent of D_i, loss target points=100
Transition reduction OK: method=kmeans, raw rows N(T-1)=12000, target rows about 3000, B rows reduced from 12000 to about 3000
Return-operator approximation OK: method=rff, features=512, exact G avoided for estimated N=12000, m=800, L=100
Fixed benchmark config rows=4 (benchmark.num_points=10; additional points are support-safe target-policy draws if needed)
Fixed benchmark point 0: s_star=[0.6, -0.8, 0.7, -0.5, 0.9], a_star=[0.5]
Fixed benchmark behavior-support interval for configured rows: min_lower=-0.12, max_upper=1.11
Fixed benchmark target-policy location range: [-0.02, 0.14]
Full benchmark support check OK: 10 points, min_lower=-2.177, max_upper=2.05
observed behavior actions: mean=0.3952, sd=0.6828, q0/q10/q50/q90/q100=[-2.208820104598999, -0.4208130717277527, 0.3285914659500122, 1.3133793115615846, 3.148143768310547]
target-policy sampled actions: mean=-0.02058, sd=0.6682, q0/q10/q50/q90/q100=[-2.695076596750165, -0.8766207807763776, -0.020401042670690716, 0.8307169418382871, 2.3631258752408084]
behavior uniform lower: mean=-0.1214, sd=0.6643, q0/q10/q50/q90/q100=[-2.8391191840171817, -0.9695954096317291, -0.11912809610366822, 0.7266761964559555, 2.241874122619629]
behavior uniform upper: mean=0.918, sd=0.6553, q0/q10/q50/q90/q100=[-0.837815362215042, 0.05865477040410042, 0.9336508721113206, 1.764505776166916, 3.241874122619629]
target location inside behavior uniform support: 0.967
RUN: /sw/user/python/miniforge3-pytorch-24.11.3/bin/python3 main_est.py
# ================================================================ #
#   Global KE-DRL estimation for one offline replicate              #
# ================================================================ #
Slurm Job ID: 2358815
Slurm Array ID: 65 -- used as the offline-replicate id
Offline data id: 65
ke_drl import source: /work/nvme/bfez/mehrdad3/DistRL/simulation_3/runs/sim3_global_2358722_0/.kedrl_site_65/ke_drl/__init__.py
Estimator device: cuda (NVIDIA GH200 120GB, capability 9.0); torch CUDA=13.0
Random seed: 20460577
Number of offline replicates: 100
[transition reduction] enabled: original rows=12000, target basis=3000, method=kmeans, device=cuda
[transition reduction] kmeans iter 1/20, mean center shift=2.6640e-01
[transition reduction] kmeans iter 5/20, mean center shift=4.1082e-03
[transition reduction] kmeans iter 10/20, mean center shift=7.8333e-05
[transition reduction] selected 3081 rows from 12000 transitions (ratio 0.2567); indices saved to data/reduced_transition_indices_65.pt
Data and parameters loaded.
offline path: data/offline_data_65.pt
benchmark true-Z path: data/Z_true.pt
offline shapes after reduction: s0=(3081, 5), a0=(3081, 1), r0=(3081, 3)
transition reduction: {'enabled': True, 'method': 'kmeans', 'original_rows': 12000, 'reduced_rows': 3081, 'selected_indices_path': 'data/reduced_transition_indices_65.pt', 'target_basis': 3000, 'compression_ratio': 0.25675}
fixed benchmark point source: fixed_config_plus_support_safe_target_policy_draws
benchmark row excluded from this offline data: None
global loss target set shape: s_star=(100, 5), a_star=(100, 1)
benchmark true-Z count=10, shape each=(50000, 3)
target policy: logistic
behavior policy: uniform
lambda_Gamma=0.005, lambda_B=0.02, d_r_method=song
dtype=torch.float32, operator_method=rff, operator_num_features=512
ridge_mode=rkhs, diagnostic_interval=50
mass_anchor_lambda=1.0, target_mass=1.0
uLSIF basis: source=numerator, n_basis=512, lambda_reg=0.005
optimizer stabilizers: lambda_neg=0.0, max_B_norm=None, eta_clip_min=0.0, eta_clip_max=5.0, normalize_eta=True
========================================
Estimating the global KE-DRL mean embedding
torch device=cuda, dtype=torch.float32
Data dims: N=3081, L=100, Ds=5, Da=1, Dr=3
lambda_Gamma=0.005, lambda_B=0.02
return-operator construction: method=rff, rff_features=512
[uLSIF] basis=512/3081 (numerator); eta_hat min=-8.503e-01 max=5.186e+00 neg%=4.48
ESS for eta_plus: 2162.9 / 3081
eta_plus diagnostics: raw_mean=1, raw_min=-0.85, raw_max=5.19; used_mean=1, used_min=0, used_max=4.92
[timing] Z-grid: 0.03s
[timing] K_X: 0.00s
[timing] K_plus: 0.00s
[timing] k_star: 0.00s
[timing] Gamma_stack: 0.01s
[timing] Phi_stack: 0.00s
[timing] RFF feature sample: 0.00s
[timing] K_Z RFF: 0.00s
[timing] G_stack RFF: 0.01s
[timing] H_stack RFF: 0.01s
findfont: Font family 'Nimbus Roman' not found.
findfont: Font family 'Nimbus Roman' not found.
findfont: Font family 'Nimbus Roman' not found.
findfont: Font family 'Nimbus Roman' not found.
findfont: Font family 'Nimbus Roman' not found.
findfont: Font family 'Nimbus Roman' not found.
findfont: Font family 'Nimbus Roman' not found.
findfont: Font family 'Nimbus Roman' not found.
findfont: Font family 'Nimbus Roman' not found.
findfont: Font family 'Nimbus Roman' not found.
findfont: Font family 'Nimbus Roman' not found.
findfont: Font family 'Nimbus Roman' not found.
findfont: Font family 'Nimbus Roman' not found.
findfont: Font family 'Nimbus Roman' not found.
findfont: Font family 'Nimbus Roman' not found.
findfont: Font family 'Nimbus Roman' not found.
findfont: Font family 'Nimbus Roman' not found.
findfont: Font family 'Nimbus Roman' not found.
findfont: Font family 'Nimbus Roman' not found.
findfont: Font family 'Nimbus Roman' not found.
findfont: Font family 'Nimbus Roman' not found.
findfont: Font family 'Nimbus Roman' not found.
findfont: Font family 'Nimbus Roman' not found.
findfont: Font family 'Nimbus Roman' not found.
findfont: Font family 'Nimbus Roman' not found.
findfont: Font family 'Nimbus Roman' not found.
findfont: Font family 'Nimbus Roman' not found.
findfont: Font family 'Nimbus Roman' not found.
findfont: Font family 'Nimbus Roman' not found.
findfont: Font family 'Nimbus Roman' not found.
findfont: Font family 'Nimbus Roman' not found.
findfont: Font family 'Nimbus Roman' not found.
findfont: Font family 'Nimbus Roman' not found.
findfont: Font family 'Nimbus Roman' not found.
findfont: Font family 'Nimbus Roman' not found.
findfont: Font family 'Nimbus Roman' not found.
findfont: Font family 'Nimbus Roman' not found.
findfont: Font family 'Nimbus Roman' not found.
findfont: Font family 'Nimbus Roman' not found.
findfont: Font family 'Nimbus Roman' not found.
findfont: Font family 'Nimbus Roman' not found.
findfont: Font family 'Nimbus Roman' not found.
findfont: Font family 'Nimbus Roman' not found.
findfont: Font family ['Nimbus Roman'] not found. Falling back to DejaVu Sans.
findfont: Font family 'Nimbus Roman' not found.
findfont: Font family ['Nimbus Roman'] not found. Falling back to DejaVu Sans.
findfont: Font family 'Nimbus Roman' not found.
findfont: Font family 'Nimbus Roman' not found.
findfont: Font family 'Nimbus Roman' not found.
findfont: Font family 'Nimbus Roman' not found.
findfont: Font family 'Nimbus Roman' not found.
findfont: Font family 'Nimbus Roman' not found.
findfont: Font family 'Nimbus Roman' not found.
findfont: Font family 'Nimbus Roman' not found.
findfont: Font family ['Nimbus Roman'] not found. Falling back to DejaVu Sans.
findfont: Font family 'Nimbus Roman' not found.
findfont: Font family 'Nimbus Roman' not found.
findfont: Font family 'Nimbus Roman' not found.
findfont: Font family 'Nimbus Roman' not found.
findfont: Font family 'Nimbus Roman' not found.
findfont: Font family 'Nimbus Roman' not found.
findfont: Font family 'Nimbus Roman' not found.
findfont: Font family 'Nimbus Roman' not found.
findfont: Font family 'Nimbus Roman' not found.
findfont: Font family 'Nimbus Roman' not found.
findfont: Font family 'Nimbus Roman' not found.
findfont: Font family 'Nimbus Roman' not found.
findfont: Font family 'Nimbus Roman' not found.
findfont: Font family 'Nimbus Roman' not found.
findfont: Font family 'Nimbus Roman' not found.
findfont: Font family 'Nimbus Roman' not found.
findfont: Font family 'Nimbus Roman' not found.
findfont: Font family 'Nimbus Roman' not found.
findfont: Font family 'Nimbus Roman' not found.
findfont: Font family 'Nimbus Roman' not found.
findfont: Font family 'Nimbus Roman' not found.
findfont: Font family 'Nimbus Roman' not found.
findfont: Font family 'Nimbus Roman' not found.
findfont: Font family 'Nimbus Roman' not found.
findfont: Font family 'Nimbus Roman' not found.
findfont: Font family 'Nimbus Roman' not found.
findfont: Font family 'Nimbus Roman' not found.
findfont: Font family 'Nimbus Roman' not found.
findfont: Font family 'Nimbus Roman' not found.
findfont: Font family 'Nimbus Roman' not found.
findfont: Font family 'Nimbus Roman' not found.
findfont: Font family 'Nimbus Roman' not found.
findfont: Font family 'Nimbus Roman' not found.
findfont: Font family 'Nimbus Roman' not found.
findfont: Font family 'Nimbus Roman' not found.
findfont: Font family 'Nimbus Roman' not found.
findfont: Font family 'Nimbus Roman' not found.
findfont: Font family 'Nimbus Roman' not found.
findfont: Font family 'Nimbus Roman' not found.
findfont: Font family 'Nimbus Roman' not found.
findfont: Font family 'Nimbus Roman' not found.
findfont: Font family 'Nimbus Roman' not found.
findfont: Font family 'Nimbus Roman' not found.
findfont: Font family 'Nimbus Roman' not found.
findfont: Font family 'Nimbus Roman' not found.
findfont: Font family 'Nimbus Roman' not found.
findfont: Font family 'Nimbus Roman' not found.
findfont: Font family 'Nimbus Roman' not found.
findfont: Font family 'Nimbus Roman' not found.
findfont: Font family 'Nimbus Roman' not found.
findfont: Font family 'Nimbus Roman' not found.
findfont: Font family 'Nimbus Roman' not found.
findfont: Font family 'Nimbus Roman' not found.
findfont: Font family 'Nimbus Roman' not found.
findfont: Font family 'Nimbus Roman' not found.
findfont: Font family 'Nimbus Roman' not found.
findfont: Font family 'Nimbus Roman' not found.
findfont: Font family 'Nimbus Roman' not found.
findfont: Font family 'Nimbus Roman' not found.
findfont: Font family 'Nimbus Roman' not found.
findfont: Font family 'Nimbus Roman' not found.
findfont: Font family 'Nimbus Roman' not found.
findfont: Font family 'Nimbus Roman' not found.
findfont: Font family 'Nimbus Roman' not found.
findfont: Font family 'Nimbus Roman' not found.
findfont: Font family 'Nimbus Roman' not found.
findfont: Font family 'Nimbus Roman' not found.
findfont: Font family 'Nimbus Roman' not found.
findfont: Font family 'Nimbus Roman' not found.
findfont: Font family 'Nimbus Roman' not found.
findfont: Font family 'Nimbus Roman' not found.
findfont: Font family 'Nimbus Roman' not found.
findfont: Font family 'Nimbus Roman' not found.
findfont: Font family 'Nimbus Roman' not found.
findfont: Font family 'Nimbus Roman' not found.
findfont: Font family 'Nimbus Roman' not found.
Ridge mode: rkhs; diagnostic interval: 50
Iter 1/4000 | log_obj=9.780e+00 | log_Bellman_root=3.474e+00 | mass=1.66e+04 | neg=0.00e+00 | grad=5.65e+02
Iter 400/4000 | log_obj=4.198e+00 | log_Bellman_root=6.868e-01 | mass=6.26e+01 | neg=0.00e+00 | grad=1.50e+04
Iter 800/4000 | log_obj=4.204e+00 | log_Bellman_root=6.885e-01 | mass=6.30e+01 | neg=0.00e+00 | grad=1.51e+04
Iter 1200/4000 | log_obj=1.073e+00 | log_Bellman_root=-3.649e-01 | mass=2.41e+00 | neg=0.00e+00 | grad=3.68e+03
Iter 1600/4000 | log_obj=4.712e+00 | log_Bellman_root=9.275e-01 | mass=1.05e+02 | neg=0.00e+00 | grad=4.86e+03
Iter 2000/4000 | log_obj=1.983e+00 | log_Bellman_root=-4.019e-01 | mass=6.79e+00 | neg=0.00e+00 | grad=4.30e+03
Iter 2400/4000 | log_obj=2.856e+00 | log_Bellman_root=2.161e-02 | mass=1.63e+01 | neg=0.00e+00 | grad=6.72e+02
Iter 2800/4000 | log_obj=2.318e+00 | log_Bellman_root=-2.757e-01 | mass=9.56e+00 | neg=0.00e+00 | grad=1.13e+03
Iter 3200/4000 | log_obj=2.475e+00 | log_Bellman_root=-1.656e-01 | mass=1.11e+01 | neg=0.00e+00 | grad=3.46e+03
Iter 3600/4000 | log_obj=7.930e-01 | log_Bellman_root=-1.035e+00 | mass=2.06e+00 | neg=0.00e+00 | grad=7.19e+02
Iter 4000/4000 | log_obj=1.595e+00 | log_Bellman_root=-5.913e-01 | mass=4.60e+00 | neg=0.00e+00 | grad=9.50e+02
Returning best diagnostic checkpoint from step 3350 (objective=2.450e-01, Bellman=1.854e-02).
Done in 13.59s.
KE-DRL global estimation is done.
B_hat shape: (3081, 800)
B_hat rank diagnostics: {'B_num_rows': 3081, 'B_num_cols': 800, 'B_min_dim': 800, 'B_numerical_rank': 800, 'B_rank_fraction': 1.0, 'B_rank_tolerance': 3.670693140911396e-05, 'B_stable_rank': 243.09906005859375, 'B_effective_rank': 771.3191905975633, 'B_entropy_rank': 6.648102283477783, 'B_spectral_norm': 0.09994159638881683, 'B_frobenius_norm': 1.5582528114318848, 'B_nuclear_norm': 42.56345748901367, 'B_condition_number': 3.67826839192946, 'B_condition_number_tol': 3.67826839192946, 'B_smallest_singular_value': 0.027170827612280846, 'B_rank_rel_1em2': 800, 'B_rank_rel_1em3': 800, 'B_rank_rel_1em4': 800}
Global-loss target mass diagnostics: {'target_mass_mean': 0.5641721487045288, 'target_mass_min': 0.21446403861045837, 'target_mass_max': 0.850136399269104, 'target_mass_sd': 0.1304018646478653, 'target_mass_rmse_to_target': 0.4547312557697296, 'target_beta_min': -0.010614758357405663, 'target_beta_max': 0.03778114169836044, 'target_neg_frac_mean': 0.4350750000000001}
Return dictionary Z_grid shape: (800, 3)
Replicate 65 risk metrics: {'risk_n_steps_recorded': 81.0, 'risk_n_diagnostics_recorded': 81.0, 'risk_log_obj_initial': 9.780366957576655, 'risk_log_obj_final': 1.5953240580072963, 'risk_log_obj_min': -1.4066594544050364, 'risk_obj_initial': 17683.140624999993, 'risk_obj_final': 4.92992639541626, 'risk_obj_min': 0.244960218667984, 'risk_log_obj_drop': 8.185042899569359, 'risk_log_bellman_root_initial': 3.4742243111949938, 'risk_log_bellman_root_final': -0.5913038067172007, 'risk_log_bellman_root_min': -1.9940428063307927, 'risk_bellman_root_initial': 32.27278518676758, 'risk_bellman_root_final': 0.5536050200462341, 'risk_bellman_root_min': 0.13614390790462494, 'risk_bellman_initial': 1041.5326637112446, 'risk_bellman_final': 0.3064785182203913, 'risk_bellman_min': 0.018535163659542997, 'risk_log_bellman_root_drop': 4.065528117912194, 'risk_bellman_returned': 0.01853516511619091, 'risk_obj_returned': 0.244960218667984, 'risk_returned_step': 3350.0, 'offline_data_id': 65, 'benchmark_point_source': 'fixed_config_plus_support_safe_target_policy_draws', 'target_set_size': 100, 'lambda_reg': 0.005, 'lambda_B': 0.02, 'num_steps': 4000, 'transition_reduction_enabled': 1, 'transition_reduction_method': 'kmeans', 'transition_original_rows': 12000, 'transition_reduced_rows': 3081, 'transition_compression_ratio': 0.25675, 'target_mass_mean': 0.5641721487045288, 'target_mass_min': 0.21446403861045837, 'target_mass_max': 0.850136399269104, 'target_mass_sd': 0.1304018646478653, 'target_mass_rmse_to_target': 0.4547312557697296, 'target_beta_min': -0.010614758357405663, 'target_beta_max': 0.03778114169836044, 'target_neg_frac_mean': 0.4350750000000001, 'B_num_rows': 3081, 'B_num_cols': 800, 'B_min_dim': 800, 'B_numerical_rank': 800, 'B_rank_fraction': 1.0, 'B_rank_tolerance': 3.670693140911396e-05, 'B_stable_rank': 243.09906005859375, 'B_effective_rank': 771.3191905975633, 'B_entropy_rank': 6.648102283477783, 'B_spectral_norm': 0.09994159638881683, 'B_frobenius_norm': 1.5582528114318848, 'B_nuclear_norm': 42.56345748901367, 'B_condition_number': 3.67826839192946, 'B_condition_number_tol': 3.67826839192946, 'B_smallest_singular_value': 0.027170827612280846, 'B_rank_rel_1em2': 800, 'B_rank_rel_1em3': 800, 'B_rank_rel_1em4': 800, 'risk_objective_final_raw': 4.92992639541626, 'risk_objective_min_raw': 0.244960218667984, 'risk_objective_max_raw': 17683.140625, 'risk_bellman_final_raw': 0.30647850036621094, 'risk_bellman_min_raw': 0.01853516511619091, 'risk_bellman_max_raw': 1041.5325927734375, 'risk_rkhs_ridge_final_raw': 0.019665351137518883, 'risk_rkhs_ridge_min_raw': 0.018360087648034096, 'risk_rkhs_ridge_max_raw': 2.3150715827941895, 'risk_mass_final_raw': 4.603782653808594, 'risk_mass_min_raw': 0.2067805379629135, 'risk_mass_max_raw': 16639.29296875, 'risk_negativity_final_raw': 0.0, 'risk_negativity_min_raw': 0.0, 'risk_negativity_max_raw': 0.0, 'risk_B_norm_final_raw': 1.5562907457351685, 'risk_B_norm_min_raw': 1.5562907457351685, 'risk_B_norm_max_raw': 1.6391689777374268, 'risk_diagnostic_step_final_raw': 4000.0, 'risk_diagnostic_step_min_raw': 1.0, 'risk_diagnostic_step_max_raw': 4000.0, 'risk_best_step_final_raw': 3350.0, 'risk_best_step_min_raw': 3350.0, 'risk_best_step_max_raw': 3350.0, 'risk_best_objective_final_raw': 0.244960218667984, 'risk_best_objective_min_raw': 0.244960218667984, 'risk_best_objective_max_raw': 0.244960218667984, 'risk_best_bellman_final_raw': 0.01853516511619091, 'risk_best_bellman_min_raw': 0.01853516511619091, 'risk_best_bellman_max_raw': 0.01853516511619091, 'risk_returned_step_final_raw': 3350.0, 'risk_returned_step_min_raw': 3350.0, 'risk_returned_step_max_raw': 3350.0, 'risk_returned_objective_final_raw': 0.244960218667984, 'risk_returned_objective_min_raw': 0.244960218667984, 'risk_returned_objective_max_raw': 0.244960218667984, 'risk_returned_bellman_final_raw': 0.01853516511619091, 'risk_returned_bellman_min_raw': 0.01853516511619091, 'risk_returned_bellman_max_raw': 0.01853516511619091, 'risk_returned_best_checkpoint_final_raw': 1.0, 'risk_returned_best_checkpoint_min_raw': 1.0, 'risk_returned_best_checkpoint_max_raw': 1.0}
Benchmark 0 evaluation grid shape: (800, 3)
Replicate 65, benchmark 0 metrics: {'run_id': '65_b0', 'RMSE': 0.13427148831889435, 'MAE': 0.12341427017890964, 'SupNorm': 0.21674463152885437, 'Bias': -0.12328295852712472, 'Corr': 0.8881071567052691, 'deming_slope': 0.5357738672536425, 'deming_intercept': -0.0015539084890594246, 'beta_sum': 0.6162322163581848, 'beta_l1': 1.9235718250274658, 'beta_l2': 0.08665546774864197, 'beta_min': -0.008604269474744797, 'beta_max': 0.011099227704107761, 'beta_neg_frac': 0.39625, 'offline_data_id': 65, 'benchmark_id': 0, 'benchmark_point_source': 'fixed_config', 'target_set_size': 100, 'benchmark_z_path': 'data/Z_true.pt', 'projected_bellman_test_risk': 0.015614179894328117, 'oracle_embedding_risk': 0.8100267648696899, 'benchmark_embedding_risk': 0.8100267648696899, 'risk_bellman_final': 0.3064785182203913, 'risk_obj_final': 4.92992639541626, 'B_num_rows': 3081, 'B_num_cols': 800, 'B_min_dim': 800, 'B_numerical_rank': 800, 'B_rank_fraction': 1.0, 'B_rank_tolerance': 3.670693140911396e-05, 'B_stable_rank': 243.09906005859375, 'B_effective_rank': 771.3191905975633, 'B_entropy_rank': 6.648102283477783, 'B_spectral_norm': 0.09994159638881683, 'B_frobenius_norm': 1.5582528114318848, 'B_nuclear_norm': 42.56345748901367, 'B_condition_number': 3.67826839192946, 'B_condition_number_tol': 3.67826839192946, 'B_smallest_singular_value': 0.027170827612280846, 'B_rank_rel_1em2': 800, 'B_rank_rel_1em3': 800, 'B_rank_rel_1em4': 800}
Saved ./mu/mu_hat.csv shape=(800,)
Saved ./mu/mu2D_hat_dims01.csv shape=(120, 120)
Saved ./mu/mu2D_hat_dims01.csv shape=(120, 120)
Saved plots/replicate_65/mu_3D.png
Benchmark 1 evaluation grid shape: (800, 3)
Replicate 65, benchmark 1 metrics: {'run_id': '65_b1', 'RMSE': 0.25705557709696414, 'MAE': 0.23892188253710628, 'SupNorm': 0.41247869841754436, 'Bias': -0.23892188253710628, 'Corr': 0.13950376979202797, 'deming_slope': 0.02131038768304594, 'deming_intercept': 0.0160603113277742, 'beta_sum': 0.15867732465267181, 'beta_l1': 1.796764612197876, 'beta_l2': 0.08071029931306839, 'beta_min': -0.009026585146784782, 'beta_max': 0.01025770790874958, 'beta_neg_frac': 0.4925, 'offline_data_id': 65, 'benchmark_id': 1, 'benchmark_point_source': 'fixed_config', 'target_set_size': 100, 'benchmark_z_path': 'data/Z_true.pt', 'projected_bellman_test_risk': 0.011151980608701706, 'oracle_embedding_risk': 0.9642537832260132, 'benchmark_embedding_risk': 0.9642537832260132, 'risk_bellman_final': 0.3064785182203913, 'risk_obj_final': 4.92992639541626, 'B_num_rows': 3081, 'B_num_cols': 800, 'B_min_dim': 800, 'B_numerical_rank': 800, 'B_rank_fraction': 1.0, 'B_rank_tolerance': 3.670693140911396e-05, 'B_stable_rank': 243.09906005859375, 'B_effective_rank': 771.3191905975633, 'B_entropy_rank': 6.648102283477783, 'B_spectral_norm': 0.09994159638881683, 'B_frobenius_norm': 1.5582528114318848, 'B_nuclear_norm': 42.56345748901367, 'B_condition_number': 3.67826839192946, 'B_condition_number_tol': 3.67826839192946, 'B_smallest_singular_value': 0.027170827612280846, 'B_rank_rel_1em2': 800, 'B_rank_rel_1em3': 800, 'B_rank_rel_1em4': 800}
Benchmark 2 evaluation grid shape: (800, 3)
Replicate 65, benchmark 2 metrics: {'run_id': '65_b2', 'RMSE': 0.24020602502843874, 'MAE': 0.22393556117291155, 'SupNorm': 0.38319869339466095, 'Bias': -0.22393556117291155, 'Corr': 0.37111548870507105, 'deming_slope': 0.09838898746495879, 'deming_intercept': 0.01772647096166202, 'beta_sum': 0.23395133018493652, 'beta_l1': 1.7580804824829102, 'beta_l2': 0.08012258261442184, 'beta_min': -0.008826233446598053, 'beta_max': 0.011775444261729717, 'beta_neg_frac': 0.47625, 'offline_data_id': 65, 'benchmark_id': 2, 'benchmark_point_source': 'fixed_config', 'target_set_size': 100, 'benchmark_z_path': 'data/Z_true.pt', 'projected_bellman_test_risk': 0.010451234877109528, 'oracle_embedding_risk': 0.9269149303436279, 'benchmark_embedding_risk': 0.9269149303436279, 'risk_bellman_final': 0.3064785182203913, 'risk_obj_final': 4.92992639541626, 'B_num_rows': 3081, 'B_num_cols': 800, 'B_min_dim': 800, 'B_numerical_rank': 800, 'B_rank_fraction': 1.0, 'B_rank_tolerance': 3.670693140911396e-05, 'B_stable_rank': 243.09906005859375, 'B_effective_rank': 771.3191905975633, 'B_entropy_rank': 6.648102283477783, 'B_spectral_norm': 0.09994159638881683, 'B_frobenius_norm': 1.5582528114318848, 'B_nuclear_norm': 42.56345748901367, 'B_condition_number': 3.67826839192946, 'B_condition_number_tol': 3.67826839192946, 'B_smallest_singular_value': 0.027170827612280846, 'B_rank_rel_1em2': 800, 'B_rank_rel_1em3': 800, 'B_rank_rel_1em4': 800}
Benchmark 3 evaluation grid shape: (800, 3)
Replicate 65, benchmark 3 metrics: {'run_id': '65_b3', 'RMSE': 0.23578880148615738, 'MAE': 0.21843735525078956, 'SupNorm': 0.38460640609264374, 'Bias': -0.21843735525078956, 'Corr': 0.3706776761518307, 'deming_slope': 0.11707014345816316, 'deming_intercept': 0.010462249595972275, 'beta_sum': 0.22230616211891174, 'beta_l1': 1.9089667797088623, 'beta_l2': 0.08635280281305313, 'beta_min': -0.008913394063711166, 'beta_max': 0.010938329622149467, 'beta_neg_frac': 0.48875, 'offline_data_id': 65, 'benchmark_id': 3, 'benchmark_point_source': 'fixed_config', 'target_set_size': 100, 'benchmark_z_path': 'data/Z_true.pt', 'projected_bellman_test_risk': 0.013868692331016064, 'oracle_embedding_risk': 0.9326520562171936, 'benchmark_embedding_risk': 0.9326520562171936, 'risk_bellman_final': 0.3064785182203913, 'risk_obj_final': 4.92992639541626, 'B_num_rows': 3081, 'B_num_cols': 800, 'B_min_dim': 800, 'B_numerical_rank': 800, 'B_rank_fraction': 1.0, 'B_rank_tolerance': 3.670693140911396e-05, 'B_stable_rank': 243.09906005859375, 'B_effective_rank': 771.3191905975633, 'B_entropy_rank': 6.648102283477783, 'B_spectral_norm': 0.09994159638881683, 'B_frobenius_norm': 1.5582528114318848, 'B_nuclear_norm': 42.56345748901367, 'B_condition_number': 3.67826839192946, 'B_condition_number_tol': 3.67826839192946, 'B_smallest_singular_value': 0.027170827612280846, 'B_rank_rel_1em2': 800, 'B_rank_rel_1em3': 800, 'B_rank_rel_1em4': 800}
Benchmark 4 evaluation grid shape: (800, 3)
Replicate 65, benchmark 4 metrics: {'run_id': '65_b4', 'RMSE': 0.11617513071194545, 'MAE': 0.10029565466222266, 'SupNorm': 0.21372924745082855, 'Bias': -0.09757384528526018, 'Corr': 0.7450656454535272, 'deming_slope': 0.7116179009876199, 'deming_intercept': -0.020689827014769985, 'beta_sum': 0.8379907608032227, 'beta_l1': 1.8596935272216797, 'beta_l2': 0.10541567206382751, 'beta_min': -0.005527508445084095, 'beta_max': 0.03072619065642357, 'beta_neg_frac': 0.415, 'offline_data_id': 65, 'benchmark_id': 4, 'benchmark_point_source': 'support_safe_target_policy_draw', 'target_set_size': 100, 'benchmark_z_path': 'data/Z_true.pt', 'projected_bellman_test_risk': 0.018217414617538452, 'oracle_embedding_risk': 0.806006908416748, 'benchmark_embedding_risk': 0.806006908416748, 'risk_bellman_final': 0.3064785182203913, 'risk_obj_final': 4.92992639541626, 'B_num_rows': 3081, 'B_num_cols': 800, 'B_min_dim': 800, 'B_numerical_rank': 800, 'B_rank_fraction': 1.0, 'B_rank_tolerance': 3.670693140911396e-05, 'B_stable_rank': 243.09906005859375, 'B_effective_rank': 771.3191905975633, 'B_entropy_rank': 6.648102283477783, 'B_spectral_norm': 0.09994159638881683, 'B_frobenius_norm': 1.5582528114318848, 'B_nuclear_norm': 42.56345748901367, 'B_condition_number': 3.67826839192946, 'B_condition_number_tol': 3.67826839192946, 'B_smallest_singular_value': 0.027170827612280846, 'B_rank_rel_1em2': 800, 'B_rank_rel_1em3': 800, 'B_rank_rel_1em4': 800}
Benchmark 5 evaluation grid shape: (800, 3)
Replicate 65, benchmark 5 metrics: {'run_id': '65_b5', 'RMSE': 0.24365041873750948, 'MAE': 0.22742652317494502, 'SupNorm': 0.38747283816337585, 'Bias': -0.22740377696449288, 'Corr': 0.41623998617966856, 'deming_slope': 0.07853193744019542, 'deming_intercept': 0.0093993285750135, 'beta_sum': 0.2272047996520996, 'beta_l1': 0.4508727788925171, 'beta_l2': 0.021669719368219376, 'beta_min': -0.00142922333907336, 'beta_max': 0.0030704112723469734, 'beta_neg_frac': 0.375, 'offline_data_id': 65, 'benchmark_id': 5, 'benchmark_point_source': 'support_safe_target_policy_draw', 'target_set_size': 100, 'benchmark_z_path': 'data/Z_true.pt', 'projected_bellman_test_risk': 0.003098843153566122, 'oracle_embedding_risk': 0.9488659501075745, 'benchmark_embedding_risk': 0.9488659501075745, 'risk_bellman_final': 0.3064785182203913, 'risk_obj_final': 4.92992639541626, 'B_num_rows': 3081, 'B_num_cols': 800, 'B_min_dim': 800, 'B_numerical_rank': 800, 'B_rank_fraction': 1.0, 'B_rank_tolerance': 3.670693140911396e-05, 'B_stable_rank': 243.09906005859375, 'B_effective_rank': 771.3191905975633, 'B_entropy_rank': 6.648102283477783, 'B_spectral_norm': 0.09994159638881683, 'B_frobenius_norm': 1.5582528114318848, 'B_nuclear_norm': 42.56345748901367, 'B_condition_number': 3.67826839192946, 'B_condition_number_tol': 3.67826839192946, 'B_smallest_singular_value': 0.027170827612280846, 'B_rank_rel_1em2': 800, 'B_rank_rel_1em3': 800, 'B_rank_rel_1em4': 800}
Benchmark 6 evaluation grid shape: (800, 3)
Replicate 65, benchmark 6 metrics: {'run_id': '65_b6', 'RMSE': 0.17880730255530336, 'MAE': 0.16608290000760462, 'SupNorm': 0.28882184624671936, 'Bias': -0.1660804677946726, 'Corr': 0.8534586451641942, 'deming_slope': 0.3500732256358509, 'deming_intercept': 0.005494474084661069, 'beta_sum': 0.46111613512039185, 'beta_l1': 2.1430816650390625, 'beta_l2': 0.09537787735462189, 'beta_min': -0.008891490288078785, 'beta_max': 0.012923664413392544, 'beta_neg_frac': 0.45, 'offline_data_id': 65, 'benchmark_id': 6, 'benchmark_point_source': 'support_safe_target_policy_draw', 'target_set_size': 100, 'benchmark_z_path': 'data/Z_true.pt', 'projected_bellman_test_risk': 0.005941945128142834, 'oracle_embedding_risk': 0.8517800569534302, 'benchmark_embedding_risk': 0.8517800569534302, 'risk_bellman_final': 0.3064785182203913, 'risk_obj_final': 4.92992639541626, 'B_num_rows': 3081, 'B_num_cols': 800, 'B_min_dim': 800, 'B_numerical_rank': 800, 'B_rank_fraction': 1.0, 'B_rank_tolerance': 3.670693140911396e-05, 'B_stable_rank': 243.09906005859375, 'B_effective_rank': 771.3191905975633, 'B_entropy_rank': 6.648102283477783, 'B_spectral_norm': 0.09994159638881683, 'B_frobenius_norm': 1.5582528114318848, 'B_nuclear_norm': 42.56345748901367, 'B_condition_number': 3.67826839192946, 'B_condition_number_tol': 3.67826839192946, 'B_smallest_singular_value': 0.027170827612280846, 'B_rank_rel_1em2': 800, 'B_rank_rel_1em3': 800, 'B_rank_rel_1em4': 800}
Benchmark 7 evaluation grid shape: (800, 3)
Replicate 65, benchmark 7 metrics: {'run_id': '65_b7', 'RMSE': 0.1424099372793041, 'MAE': 0.13339607070462078, 'SupNorm': 0.22215063869953156, 'Bias': -0.13339607070462078, 'Corr': 0.9199053039062401, 'deming_slope': 0.530940505398063, 'deming_intercept': -0.010743958903247974, 'beta_sum': 0.4714730978012085, 'beta_l1': 1.889162540435791, 'beta_l2': 0.09204700589179993, 'beta_min': -0.007866641506552696, 'beta_max': 0.02196504734456539, 'beta_neg_frac': 0.45625, 'offline_data_id': 65, 'benchmark_id': 7, 'benchmark_point_source': 'support_safe_target_policy_draw', 'target_set_size': 100, 'benchmark_z_path': 'data/Z_true.pt', 'projected_bellman_test_risk': 0.014538857154548168, 'oracle_embedding_risk': 0.8155125975608826, 'benchmark_embedding_risk': 0.8155125975608826, 'risk_bellman_final': 0.3064785182203913, 'risk_obj_final': 4.92992639541626, 'B_num_rows': 3081, 'B_num_cols': 800, 'B_min_dim': 800, 'B_numerical_rank': 800, 'B_rank_fraction': 1.0, 'B_rank_tolerance': 3.670693140911396e-05, 'B_stable_rank': 243.09906005859375, 'B_effective_rank': 771.3191905975633, 'B_entropy_rank': 6.648102283477783, 'B_spectral_norm': 0.09994159638881683, 'B_frobenius_norm': 1.5582528114318848, 'B_nuclear_norm': 42.56345748901367, 'B_condition_number': 3.67826839192946, 'B_condition_number_tol': 3.67826839192946, 'B_smallest_singular_value': 0.027170827612280846, 'B_rank_rel_1em2': 800, 'B_rank_rel_1em3': 800, 'B_rank_rel_1em4': 800}
Benchmark 8 evaluation grid shape: (800, 3)
Replicate 65, benchmark 8 metrics: {'run_id': '65_b8', 'RMSE': 0.1561018503506203, 'MAE': 0.1433645787840942, 'SupNorm': 0.25657154619693756, 'Bias': -0.1433645787840942, 'Corr': 0.9109066475086497, 'deming_slope': 0.40186327449848774, 'deming_intercept': 0.012446558282200454, 'beta_sum': 0.5585232973098755, 'beta_l1': 1.6453664302825928, 'beta_l2': 0.07943878322839737, 'beta_min': -0.006924613378942013, 'beta_max': 0.015476875007152557, 'beta_neg_frac': 0.4275, 'offline_data_id': 65, 'benchmark_id': 8, 'benchmark_point_source': 'support_safe_target_policy_draw', 'target_set_size': 100, 'benchmark_z_path': 'data/Z_true.pt', 'projected_bellman_test_risk': 0.024929137900471687, 'oracle_embedding_risk': 0.8279175758361816, 'benchmark_embedding_risk': 0.8279175758361816, 'risk_bellman_final': 0.3064785182203913, 'risk_obj_final': 4.92992639541626, 'B_num_rows': 3081, 'B_num_cols': 800, 'B_min_dim': 800, 'B_numerical_rank': 800, 'B_rank_fraction': 1.0, 'B_rank_tolerance': 3.670693140911396e-05, 'B_stable_rank': 243.09906005859375, 'B_effective_rank': 771.3191905975633, 'B_entropy_rank': 6.648102283477783, 'B_spectral_norm': 0.09994159638881683, 'B_frobenius_norm': 1.5582528114318848, 'B_nuclear_norm': 42.56345748901367, 'B_condition_number': 3.67826839192946, 'B_condition_number_tol': 3.67826839192946, 'B_smallest_singular_value': 0.027170827612280846, 'B_rank_rel_1em2': 800, 'B_rank_rel_1em3': 800, 'B_rank_rel_1em4': 800}
Benchmark 9 evaluation grid shape: (800, 3)
Replicate 65, benchmark 9 metrics: {'run_id': '65_b9', 'RMSE': 0.172834212627938, 'MAE': 0.15666553504677722, 'SupNorm': 0.29871997982263565, 'Bias': -0.15666553504677722, 'Corr': 0.6468327200064363, 'deming_slope': 0.4605157693544622, 'deming_intercept': -0.013289401553939845, 'beta_sum': 0.470643013715744, 'beta_l1': 2.0983757972717285, 'beta_l2': 0.10440436750650406, 'beta_min': -0.007365992292761803, 'beta_max': 0.030860714614391327, 'beta_neg_frac': 0.46125, 'offline_data_id': 65, 'benchmark_id': 9, 'benchmark_point_source': 'support_safe_target_policy_draw', 'target_set_size': 100, 'benchmark_z_path': 'data/Z_true.pt', 'projected_bellman_test_risk': 0.010268332436680794, 'oracle_embedding_risk': 0.8507755994796753, 'benchmark_embedding_risk': 0.8507755994796753, 'risk_bellman_final': 0.3064785182203913, 'risk_obj_final': 4.92992639541626, 'B_num_rows': 3081, 'B_num_cols': 800, 'B_min_dim': 800, 'B_numerical_rank': 800, 'B_rank_fraction': 1.0, 'B_rank_tolerance': 3.670693140911396e-05, 'B_stable_rank': 243.09906005859375, 'B_effective_rank': 771.3191905975633, 'B_entropy_rank': 6.648102283477783, 'B_spectral_norm': 0.09994159638881683, 'B_frobenius_norm': 1.5582528114318848, 'B_nuclear_norm': 42.56345748901367, 'B_condition_number': 3.67826839192946, 'B_condition_number_tol': 3.67826839192946, 'B_smallest_singular_value': 0.027170827612280846, 'B_rank_rel_1em2': 800, 'B_rank_rel_1em3': 800, 'B_rank_rel_1em4': 800}
Replicate 65 finished in 23.4s
Finished combo 0, offline replicate 65.
