Job ID:    2358749
Array idx: 13
CPUs/node: 64
Mem/node:  131072
Using CC = cc 
Using CXX = CC 
Using FC = ftn 
Using F77 = ftn 
Using F90 = ftn 
cuda/12.6.1 is deprecated; loading cudatoolkit/25.5_12.9 instead.
Using CC = /opt/nvidia/hpc_sdk/Linux_aarch64/25.5/compilers/bin/nvc 
Using CXX = /opt/nvidia/hpc_sdk/Linux_aarch64/25.5/compilers/bin/nvc++ 
Using FC = /opt/nvidia/hpc_sdk/Linux_aarch64/25.5/compilers/bin/nvfortran 
Using F77 = /opt/nvidia/hpc_sdk/Linux_aarch64/25.5/compilers/bin/nvfortran 
Using F90 = /opt/nvidia/hpc_sdk/Linux_aarch64/25.5/compilers/bin/nvfortran 
Using CC = /opt/nvidia/hpc_sdk/Linux_aarch64/25.5/compilers/bin/nvc 
Using CXX = /opt/nvidia/hpc_sdk/Linux_aarch64/25.5/compilers/bin/nvc++ 
Using FC = /opt/nvidia/hpc_sdk/Linux_aarch64/25.5/compilers/bin/nvfortran 
Using F77 = /opt/nvidia/hpc_sdk/Linux_aarch64/25.5/compilers/bin/nvfortran 
Using F90 = /opt/nvidia/hpc_sdk/Linux_aarch64/25.5/compilers/bin/nvfortran 

Lmod is automatically replacing "gcc-native/14" with "gcc/14.2.0".

ghx4
0
Tuning combo id: 0 / 6
Offline replicate id: 13 / 99
Installing ke_drl from git: https://github.com/mehrdadmhmdi/ke-drl.git@main
Collecting git+https://github.com/mehrdadmhmdi/ke-drl.git@main
  Cloning https://github.com/mehrdadmhmdi/ke-drl.git (to revision main) to /tmp/pip-req-build-llkqxv_l
  Running command git clone --filter=blob:none --quiet https://github.com/mehrdadmhmdi/ke-drl.git /tmp/pip-req-build-llkqxv_l
  Resolved https://github.com/mehrdadmhmdi/ke-drl.git to commit 3c5d570e40ea15b1fbe4817b5f43b64c7b333e82
  Installing build dependencies: started
  Installing build dependencies: finished with status 'done'
  Getting requirements to build wheel: started
  Getting requirements to build wheel: finished with status 'done'
  Preparing metadata (pyproject.toml): started
  Preparing metadata (pyproject.toml): finished with status 'done'
Building wheels for collected packages: ke_drl
  Building wheel for ke_drl (pyproject.toml): started
  Building wheel for ke_drl (pyproject.toml): finished with status 'done'
  Created wheel for ke_drl: filename=ke_drl-0.1.0-py3-none-any.whl size=47219 sha256=c9553e3c175f533022d7b0b39eb34268b44a2960d2849858a68e34aa9cc01511
  Stored in directory: /tmp/pip-ephem-wheel-cache-5vxlji9q/wheels/24/47/ad/9a4ffd3b05d3e90e35ffc6e7324b735b8bfcf5f51aaf29a333
Successfully built ke_drl
Installing collected packages: ke_drl
Successfully installed ke_drl-0.1.0
Installed ke_drl source: /work/nvme/bfez/mehrdad3/DistRL/simulation_3/runs/sim3_global_2358722_0/.kedrl_site_13/ke_drl/__init__.py
Tuning combo 0: base
Overrides: {}
RUN: /sw/user/python/miniforge3-pytorch-24.11.3/bin/python3 validate_sim_config.py --params params.yaml
ke_drl import source: /work/nvme/bfez/mehrdad3/DistRL/simulation_3/runs/sim3_global_2358722_0/.kedrl_site_13/ke_drl/__init__.py
ke_drl package API OK: prediction weights, RFF operators, rank diagnostics, and best-checkpoint optimizer available
Policy config OK: behavior=uniform, target=logistic, state_dim=5, action_dim=1
Note: policy.logistic.theta_scale/theta_std are log-scale coefficients in Probability_Densities.
Behavior-policy linearized state-process diagnostic: spectral_radius=0.653, offline_burn_in=50
Replicate config OK: num_replicates=100, benchmark points=10 independent of D_i, loss target points=100
Transition reduction OK: method=kmeans, raw rows N(T-1)=12000, target rows about 3000, B rows reduced from 12000 to about 3000
Return-operator approximation OK: method=rff, features=512, exact G avoided for estimated N=12000, m=800, L=100
Fixed benchmark config rows=4 (benchmark.num_points=10; additional points are support-safe target-policy draws if needed)
Fixed benchmark point 0: s_star=[0.6, -0.8, 0.7, -0.5, 0.9], a_star=[0.5]
Fixed benchmark behavior-support interval for configured rows: min_lower=-0.12, max_upper=1.11
Fixed benchmark target-policy location range: [-0.02, 0.14]
Reusing shared data from /work/nvme/bfez/mehrdad3/DistRL/simulation_3/runs/sim3_shared_data/data for offline replicate 13.
RUN: /sw/user/python/miniforge3-pytorch-24.11.3/bin/python3 validate_sim_config.py --params params.yaml --data data/offline_data_13.pt
ke_drl import source: /work/nvme/bfez/mehrdad3/DistRL/simulation_3/runs/sim3_global_2358722_0/.kedrl_site_13/ke_drl/__init__.py
ke_drl package API OK: prediction weights, RFF operators, rank diagnostics, and best-checkpoint optimizer available
Policy config OK: behavior=uniform, target=logistic, state_dim=5, action_dim=1
Note: policy.logistic.theta_scale/theta_std are log-scale coefficients in Probability_Densities.
Behavior-policy linearized state-process diagnostic: spectral_radius=0.653, offline_burn_in=50
Replicate config OK: num_replicates=100, benchmark points=10 independent of D_i, loss target points=100
Transition reduction OK: method=kmeans, raw rows N(T-1)=12000, target rows about 3000, B rows reduced from 12000 to about 3000
Return-operator approximation OK: method=rff, features=512, exact G avoided for estimated N=12000, m=800, L=100
Fixed benchmark config rows=4 (benchmark.num_points=10; additional points are support-safe target-policy draws if needed)
Fixed benchmark point 0: s_star=[0.6, -0.8, 0.7, -0.5, 0.9], a_star=[0.5]
Fixed benchmark behavior-support interval for configured rows: min_lower=-0.12, max_upper=1.11
Fixed benchmark target-policy location range: [-0.02, 0.14]
Full benchmark support check OK: 10 points, min_lower=-2.177, max_upper=2.05
observed behavior actions: mean=0.4062, sd=0.6842, q0/q10/q50/q90/q100=[-2.706216335296631, -0.41576887369155874, 0.3492017090320587, 1.3272845149040227, 3.318848133087158]
target-policy sampled actions: mean=-0.01744, sd=0.6752, q0/q10/q50/q90/q100=[-2.7635967963288275, -0.8927552456107883, -0.005369432764289573, 0.8348867463346855, 2.471592250503244]
behavior uniform lower: mean=-0.1163, sd=0.668, q0/q10/q50/q90/q100=[-2.857883608341217, -0.9723861357569694, -0.10451375395059585, 0.7299297639727594, 2.4377480149269104]
behavior uniform upper: mean=0.9347, sd=0.6478, q0/q10/q50/q90/q100=[-0.9856175124645234, 0.08174845002591612, 0.9549649178981781, 1.7692678477615118, 3.4377480149269104]
target location inside behavior uniform support: 0.973
RUN: /sw/user/python/miniforge3-pytorch-24.11.3/bin/python3 main_est.py
# ================================================================ #
#   Global KE-DRL estimation for one offline replicate              #
# ================================================================ #
Slurm Job ID: 2358749
Slurm Array ID: 13 -- used as the offline-replicate id
Offline data id: 13
ke_drl import source: /work/nvme/bfez/mehrdad3/DistRL/simulation_3/runs/sim3_global_2358722_0/.kedrl_site_13/ke_drl/__init__.py
Estimator device: cuda (NVIDIA GH200 120GB, capability 9.0); torch CUDA=13.0
Random seed: 20460525
Number of offline replicates: 100
[transition reduction] enabled: original rows=12000, target basis=3000, method=kmeans, device=cuda
[transition reduction] kmeans iter 1/20, mean center shift=2.7425e-01
[transition reduction] kmeans iter 5/20, mean center shift=5.6799e-03
[transition reduction] kmeans iter 10/20, mean center shift=5.5520e-08
[transition reduction] selected 3077 rows from 12000 transitions (ratio 0.2564); indices saved to data/reduced_transition_indices_13.pt
Data and parameters loaded.
offline path: data/offline_data_13.pt
benchmark true-Z path: data/Z_true.pt
offline shapes after reduction: s0=(3077, 5), a0=(3077, 1), r0=(3077, 3)
transition reduction: {'enabled': True, 'method': 'kmeans', 'original_rows': 12000, 'reduced_rows': 3077, 'selected_indices_path': 'data/reduced_transition_indices_13.pt', 'target_basis': 3000, 'compression_ratio': 0.2564166666666667}
fixed benchmark point source: fixed_config_plus_support_safe_target_policy_draws
benchmark row excluded from this offline data: None
global loss target set shape: s_star=(100, 5), a_star=(100, 1)
benchmark true-Z count=10, shape each=(50000, 3)
target policy: logistic
behavior policy: uniform
lambda_Gamma=0.005, lambda_B=0.02, d_r_method=song
dtype=torch.float32, operator_method=rff, operator_num_features=512
ridge_mode=rkhs, diagnostic_interval=50
mass_anchor_lambda=1.0, target_mass=1.0
uLSIF basis: source=numerator, n_basis=512, lambda_reg=0.005
optimizer stabilizers: lambda_neg=0.0, max_B_norm=None, eta_clip_min=0.0, eta_clip_max=5.0, normalize_eta=True
========================================
Estimating the global KE-DRL mean embedding
torch device=cuda, dtype=torch.float32
Data dims: N=3077, L=100, Ds=5, Da=1, Dr=3
lambda_Gamma=0.005, lambda_B=0.02
return-operator construction: method=rff, rff_features=512
[uLSIF] basis=512/3077 (numerator); eta_hat min=-7.217e-01 max=6.147e+00 neg%=3.31
ESS for eta_plus: 2139.9 / 3077
eta_plus diagnostics: raw_mean=1, raw_min=-0.722, raw_max=6.15; used_mean=1, used_min=0, used_max=4.95
[timing] Z-grid: 0.03s
[timing] K_X: 0.00s
[timing] K_plus: 0.00s
[timing] k_star: 0.00s
[timing] Gamma_stack: 0.01s
[timing] Phi_stack: 0.00s
[timing] RFF feature sample: 0.00s
[timing] K_Z RFF: 0.00s
[timing] G_stack RFF: 0.01s
[timing] H_stack RFF: 0.01s
findfont: Font family 'Nimbus Roman' not found.
findfont: Font family 'Nimbus Roman' not found.
findfont: Font family 'Nimbus Roman' not found.
findfont: Font family 'Nimbus Roman' not found.
findfont: Font family 'Nimbus Roman' not found.
findfont: Font family 'Nimbus Roman' not found.
findfont: Font family 'Nimbus Roman' not found.
findfont: Font family 'Nimbus Roman' not found.
findfont: Font family 'Nimbus Roman' not found.
findfont: Font family 'Nimbus Roman' not found.
findfont: Font family 'Nimbus Roman' not found.
findfont: Font family 'Nimbus Roman' not found.
findfont: Font family 'Nimbus Roman' not found.
findfont: Font family 'Nimbus Roman' not found.
findfont: Font family 'Nimbus Roman' not found.
findfont: Font family 'Nimbus Roman' not found.
findfont: Font family 'Nimbus Roman' not found.
findfont: Font family 'Nimbus Roman' not found.
findfont: Font family 'Nimbus Roman' not found.
findfont: Font family 'Nimbus Roman' not found.
findfont: Font family 'Nimbus Roman' not found.
findfont: Font family 'Nimbus Roman' not found.
findfont: Font family 'Nimbus Roman' not found.
findfont: Font family 'Nimbus Roman' not found.
findfont: Font family 'Nimbus Roman' not found.
findfont: Font family 'Nimbus Roman' not found.
findfont: Font family 'Nimbus Roman' not found.
findfont: Font family 'Nimbus Roman' not found.
findfont: Font family 'Nimbus Roman' not found.
findfont: Font family 'Nimbus Roman' not found.
findfont: Font family 'Nimbus Roman' not found.
findfont: Font family 'Nimbus Roman' not found.
findfont: Font family 'Nimbus Roman' not found.
findfont: Font family 'Nimbus Roman' not found.
findfont: Font family 'Nimbus Roman' not found.
findfont: Font family 'Nimbus Roman' not found.
findfont: Font family 'Nimbus Roman' not found.
findfont: Font family 'Nimbus Roman' not found.
findfont: Font family 'Nimbus Roman' not found.
findfont: Font family 'Nimbus Roman' not found.
findfont: Font family 'Nimbus Roman' not found.
findfont: Font family 'Nimbus Roman' not found.
findfont: Font family 'Nimbus Roman' not found.
findfont: Font family 'Nimbus Roman' not found.
findfont: Font family 'Nimbus Roman' not found.
findfont: Font family 'Nimbus Roman' not found.
findfont: Font family 'Nimbus Roman' not found.
findfont: Font family ['Nimbus Roman'] not found. Falling back to DejaVu Sans.
findfont: Font family 'Nimbus Roman' not found.
findfont: Font family ['Nimbus Roman'] not found. Falling back to DejaVu Sans.
findfont: Font family 'Nimbus Roman' not found.
findfont: Font family 'Nimbus Roman' not found.
findfont: Font family 'Nimbus Roman' not found.
findfont: Font family 'Nimbus Roman' not found.
findfont: Font family 'Nimbus Roman' not found.
findfont: Font family 'Nimbus Roman' not found.
findfont: Font family 'Nimbus Roman' not found.
findfont: Font family 'Nimbus Roman' not found.
findfont: Font family 'Nimbus Roman' not found.
findfont: Font family 'Nimbus Roman' not found.
findfont: Font family 'Nimbus Roman' not found.
findfont: Font family ['Nimbus Roman'] not found. Falling back to DejaVu Sans.
findfont: Font family 'Nimbus Roman' not found.
findfont: Font family 'Nimbus Roman' not found.
findfont: Font family 'Nimbus Roman' not found.
findfont: Font family 'Nimbus Roman' not found.
findfont: Font family 'Nimbus Roman' not found.
findfont: Font family 'Nimbus Roman' not found.
findfont: Font family 'Nimbus Roman' not found.
findfont: Font family 'Nimbus Roman' not found.
findfont: Font family 'Nimbus Roman' not found.
findfont: Font family 'Nimbus Roman' not found.
findfont: Font family 'Nimbus Roman' not found.
findfont: Font family 'Nimbus Roman' not found.
findfont: Font family 'Nimbus Roman' not found.
findfont: Font family 'Nimbus Roman' not found.
findfont: Font family 'Nimbus Roman' not found.
findfont: Font family 'Nimbus Roman' not found.
findfont: Font family 'Nimbus Roman' not found.
findfont: Font family 'Nimbus Roman' not found.
findfont: Font family 'Nimbus Roman' not found.
findfont: Font family 'Nimbus Roman' not found.
findfont: Font family 'Nimbus Roman' not found.
findfont: Font family 'Nimbus Roman' not found.
findfont: Font family 'Nimbus Roman' not found.
findfont: Font family 'Nimbus Roman' not found.
findfont: Font family 'Nimbus Roman' not found.
findfont: Font family 'Nimbus Roman' not found.
findfont: Font family 'Nimbus Roman' not found.
findfont: Font family 'Nimbus Roman' not found.
findfont: Font family 'Nimbus Roman' not found.
findfont: Font family 'Nimbus Roman' not found.
findfont: Font family 'Nimbus Roman' not found.
findfont: Font family 'Nimbus Roman' not found.
findfont: Font family 'Nimbus Roman' not found.
findfont: Font family 'Nimbus Roman' not found.
findfont: Font family 'Nimbus Roman' not found.
findfont: Font family 'Nimbus Roman' not found.
findfont: Font family 'Nimbus Roman' not found.
findfont: Font family 'Nimbus Roman' not found.
findfont: Font family 'Nimbus Roman' not found.
findfont: Font family 'Nimbus Roman' not found.
findfont: Font family 'Nimbus Roman' not found.
findfont: Font family 'Nimbus Roman' not found.
findfont: Font family 'Nimbus Roman' not found.
findfont: Font family 'Nimbus Roman' not found.
findfont: Font family 'Nimbus Roman' not found.
findfont: Font family 'Nimbus Roman' not found.
findfont: Font family 'Nimbus Roman' not found.
findfont: Font family 'Nimbus Roman' not found.
findfont: Font family 'Nimbus Roman' not found.
findfont: Font family 'Nimbus Roman' not found.
findfont: Font family 'Nimbus Roman' not found.
findfont: Font family 'Nimbus Roman' not found.
findfont: Font family 'Nimbus Roman' not found.
findfont: Font family 'Nimbus Roman' not found.
findfont: Font family 'Nimbus Roman' not found.
findfont: Font family 'Nimbus Roman' not found.
findfont: Font family 'Nimbus Roman' not found.
findfont: Font family 'Nimbus Roman' not found.
findfont: Font family 'Nimbus Roman' not found.
findfont: Font family 'Nimbus Roman' not found.
findfont: Font family 'Nimbus Roman' not found.
findfont: Font family 'Nimbus Roman' not found.
findfont: Font family 'Nimbus Roman' not found.
findfont: Font family 'Nimbus Roman' not found.
findfont: Font family 'Nimbus Roman' not found.
findfont: Font family 'Nimbus Roman' not found.
findfont: Font family 'Nimbus Roman' not found.
findfont: Font family 'Nimbus Roman' not found.
findfont: Font family 'Nimbus Roman' not found.
findfont: Font family 'Nimbus Roman' not found.
findfont: Font family 'Nimbus Roman' not found.
findfont: Font family 'Nimbus Roman' not found.
findfont: Font family 'Nimbus Roman' not found.
findfont: Font family 'Nimbus Roman' not found.
findfont: Font family 'Nimbus Roman' not found.
findfont: Font family 'Nimbus Roman' not found.
findfont: Font family 'Nimbus Roman' not found.
findfont: Font family 'Nimbus Roman' not found.
findfont: Font family 'Nimbus Roman' not found.
findfont: Font family 'Nimbus Roman' not found.
findfont: Font family 'Nimbus Roman' not found.
findfont: Font family 'Nimbus Roman' not found.
findfont: Font family 'Nimbus Roman' not found.
Ridge mode: rkhs; diagnostic interval: 50
Iter 1/4000 | log_obj=9.843e+00 | log_Bellman_root=3.444e+00 | mass=1.78e+04 | neg=0.00e+00 | grad=6.86e+02
Iter 400/4000 | log_obj=5.616e+00 | log_Bellman_root=1.328e+00 | mass=2.60e+02 | neg=0.00e+00 | grad=7.90e+03
Iter 800/4000 | log_obj=5.619e+00 | log_Bellman_root=1.329e+00 | mass=2.61e+02 | neg=0.00e+00 | grad=7.89e+03
Iter 1200/4000 | log_obj=5.620e+00 | log_Bellman_root=1.329e+00 | mass=2.62e+02 | neg=0.00e+00 | grad=7.88e+03
Iter 1600/4000 | log_obj=1.859e+00 | log_Bellman_root=-5.072e-01 | mass=6.03e+00 | neg=0.00e+00 | grad=4.66e+03
Iter 2000/4000 | log_obj=2.924e+00 | log_Bellman_root=-8.283e-03 | mass=1.76e+01 | neg=0.00e+00 | grad=4.25e+03
Iter 2400/4000 | log_obj=4.774e+00 | log_Bellman_root=8.986e-01 | mass=1.12e+02 | neg=0.00e+00 | grad=5.24e+03
Iter 2800/4000 | log_obj=2.539e+00 | log_Bellman_root=-1.977e-01 | mass=1.20e+01 | neg=0.00e+00 | grad=3.74e+03
Iter 3200/4000 | log_obj=2.927e+00 | log_Bellman_root=-7.952e-03 | mass=1.77e+01 | neg=0.00e+00 | grad=7.17e+02
Iter 3600/4000 | log_obj=2.377e+00 | log_Bellman_root=-3.041e-01 | mass=1.02e+01 | neg=0.00e+00 | grad=1.21e+03
Iter 4000/4000 | log_obj=2.229e+00 | log_Bellman_root=-3.774e-01 | mass=8.80e+00 | neg=0.00e+00 | grad=2.23e+03
Returning best diagnostic checkpoint from step 1550 (objective=6.038e-01, Bellman=8.442e-02).
Done in 12.09s.
KE-DRL global estimation is done.
B_hat shape: (3077, 800)
B_hat rank diagnostics: {'B_num_rows': 3077, 'B_num_cols': 800, 'B_min_dim': 800, 'B_numerical_rank': 800, 'B_rank_fraction': 1.0, 'B_rank_tolerance': 3.174726372989767e-05, 'B_stable_rank': 326.3740539550781, 'B_effective_rank': 771.6064909323381, 'B_entropy_rank': 6.64847469329834, 'B_spectral_norm': 0.08655032515525818, 'B_frobenius_norm': 1.5636030435562134, 'B_nuclear_norm': 42.72614288330078, 'B_condition_number': 3.1719610217506298, 'B_condition_number_tol': 3.1719610217506298, 'B_smallest_singular_value': 0.027286062017083168, 'B_rank_rel_1em2': 800, 'B_rank_rel_1em3': 800, 'B_rank_rel_1em4': 800}
Global-loss target mass diagnostics: {'target_mass_mean': 0.7700117230415344, 'target_mass_min': -0.2657032310962677, 'target_mass_max': 2.1212477684020996, 'target_mass_sd': 0.665481448173523, 'target_mass_rmse_to_target': 0.7009504437446594, 'target_beta_min': -0.020207401365041733, 'target_beta_max': 0.03339368477463722, 'target_neg_frac_mean': 0.42337500000000006}
Return dictionary Z_grid shape: (800, 3)
Replicate 13 risk metrics: {'risk_n_steps_recorded': 81.0, 'risk_n_diagnostics_recorded': 81.0, 'risk_log_obj_initial': 9.843307125263578, 'risk_log_obj_final': 2.2293712528220344, 'risk_log_obj_min': -0.5044722846327764, 'risk_obj_initial': 18831.892578124996, 'risk_obj_final': 9.294020652770996, 'risk_obj_min': 0.6038241386413574, 'risk_log_obj_drop': 7.6139358724415445, 'risk_log_bellman_root_initial': 3.443614051277563, 'risk_log_bellman_root_final': -0.37735340043598325, 'risk_log_bellman_root_min': -1.2359593137115517, 'risk_bellman_root_initial': 31.299873352050778, 'risk_bellman_root_final': 0.685673713684082, 'risk_bellman_root_min': 0.2905558943748474, 'risk_bellman_initial': 979.6820718544183, 'risk_bellman_final': 0.4701484416373205, 'risk_bellman_min': 0.08442272775596747, 'risk_log_bellman_root_drop': 3.820967451713546, 'risk_bellman_returned': 0.08442272245883942, 'risk_obj_returned': 0.6038241386413574, 'risk_returned_step': 1550.0, 'offline_data_id': 13, 'benchmark_point_source': 'fixed_config_plus_support_safe_target_policy_draws', 'target_set_size': 100, 'lambda_reg': 0.005, 'lambda_B': 0.02, 'num_steps': 4000, 'transition_reduction_enabled': 1, 'transition_reduction_method': 'kmeans', 'transition_original_rows': 12000, 'transition_reduced_rows': 3077, 'transition_compression_ratio': 0.2564166666666667, 'target_mass_mean': 0.7700117230415344, 'target_mass_min': -0.2657032310962677, 'target_mass_max': 2.1212477684020996, 'target_mass_sd': 0.665481448173523, 'target_mass_rmse_to_target': 0.7009504437446594, 'target_beta_min': -0.020207401365041733, 'target_beta_max': 0.03339368477463722, 'target_neg_frac_mean': 0.42337500000000006, 'B_num_rows': 3077, 'B_num_cols': 800, 'B_min_dim': 800, 'B_numerical_rank': 800, 'B_rank_fraction': 1.0, 'B_rank_tolerance': 3.174726372989767e-05, 'B_stable_rank': 326.3740539550781, 'B_effective_rank': 771.6064909323381, 'B_entropy_rank': 6.64847469329834, 'B_spectral_norm': 0.08655032515525818, 'B_frobenius_norm': 1.5636030435562134, 'B_nuclear_norm': 42.72614288330078, 'B_condition_number': 3.1719610217506298, 'B_condition_number_tol': 3.1719610217506298, 'B_smallest_singular_value': 0.027286062017083168, 'B_rank_rel_1em2': 800, 'B_rank_rel_1em3': 800, 'B_rank_rel_1em4': 800, 'risk_objective_final_raw': 9.294020652770996, 'risk_objective_min_raw': 0.6038241386413574, 'risk_objective_max_raw': 18831.892578125, 'risk_bellman_final_raw': 0.4701484143733978, 'risk_bellman_min_raw': 0.08442272245883942, 'risk_bellman_max_raw': 979.6820678710938, 'risk_rkhs_ridge_final_raw': 0.019115682691335678, 'risk_rkhs_ridge_min_raw': 0.018811911344528198, 'risk_rkhs_ridge_max_raw': 2.28198504447937, 'risk_mass_final_raw': 8.804756164550781, 'risk_mass_min_raw': 0.49133145809173584, 'risk_mass_max_raw': 17849.927734375, 'risk_negativity_final_raw': 0.0, 'risk_negativity_min_raw': 0.0, 'risk_negativity_max_raw': 0.0, 'risk_B_norm_final_raw': 1.554526925086975, 'risk_B_norm_min_raw': 1.554526925086975, 'risk_B_norm_max_raw': 1.638242483139038, 'risk_diagnostic_step_final_raw': 4000.0, 'risk_diagnostic_step_min_raw': 1.0, 'risk_diagnostic_step_max_raw': 4000.0, 'risk_best_step_final_raw': 1550.0, 'risk_best_step_min_raw': 1550.0, 'risk_best_step_max_raw': 1550.0, 'risk_best_objective_final_raw': 0.6038241386413574, 'risk_best_objective_min_raw': 0.6038241386413574, 'risk_best_objective_max_raw': 0.6038241386413574, 'risk_best_bellman_final_raw': 0.08442272245883942, 'risk_best_bellman_min_raw': 0.08442272245883942, 'risk_best_bellman_max_raw': 0.08442272245883942, 'risk_returned_step_final_raw': 1550.0, 'risk_returned_step_min_raw': 1550.0, 'risk_returned_step_max_raw': 1550.0, 'risk_returned_objective_final_raw': 0.6038241386413574, 'risk_returned_objective_min_raw': 0.6038241386413574, 'risk_returned_objective_max_raw': 0.6038241386413574, 'risk_returned_bellman_final_raw': 0.08442272245883942, 'risk_returned_bellman_min_raw': 0.08442272245883942, 'risk_returned_bellman_max_raw': 0.08442272245883942, 'risk_returned_best_checkpoint_final_raw': 1.0, 'risk_returned_best_checkpoint_min_raw': 1.0, 'risk_returned_best_checkpoint_max_raw': 1.0}
Benchmark 0 evaluation grid shape: (800, 3)
Replicate 13, benchmark 0 metrics: {'run_id': '13_b0', 'RMSE': 0.16318487090793266, 'MAE': 0.1523789259021578, 'SupNorm': 0.2511966675519943, 'Bias': -0.1523789259021578, 'Corr': 0.9017292991116493, 'deming_slope': 0.4359991336974044, 'deming_intercept': -0.00448701540264157, 'beta_sum': 0.44378364086151123, 'beta_l1': 3.2192225456237793, 'beta_l2': 0.14086414873600006, 'beta_min': -0.014975426718592644, 'beta_max': 0.014831619337201118, 'beta_neg_frac': 0.45875, 'offline_data_id': 13, 'benchmark_id': 0, 'benchmark_point_source': 'fixed_config', 'target_set_size': 100, 'benchmark_z_path': 'data/Z_true.pt', 'projected_bellman_test_risk': 0.0254803653806448, 'oracle_embedding_risk': 0.8384311199188232, 'benchmark_embedding_risk': 0.8384311199188232, 'risk_bellman_final': 0.4701484416373205, 'risk_obj_final': 9.294020652770996, 'B_num_rows': 3077, 'B_num_cols': 800, 'B_min_dim': 800, 'B_numerical_rank': 800, 'B_rank_fraction': 1.0, 'B_rank_tolerance': 3.174726372989767e-05, 'B_stable_rank': 326.3740539550781, 'B_effective_rank': 771.6064909323381, 'B_entropy_rank': 6.64847469329834, 'B_spectral_norm': 0.08655032515525818, 'B_frobenius_norm': 1.5636030435562134, 'B_nuclear_norm': 42.72614288330078, 'B_condition_number': 3.1719610217506298, 'B_condition_number_tol': 3.1719610217506298, 'B_smallest_singular_value': 0.027286062017083168, 'B_rank_rel_1em2': 800, 'B_rank_rel_1em3': 800, 'B_rank_rel_1em4': 800}
Saved ./mu/mu_hat.csv shape=(800,)
Saved ./mu/mu2D_hat_dims01.csv shape=(120, 120)
Saved ./mu/mu2D_hat_dims01.csv shape=(120, 120)
Saved plots/replicate_13/mu_3D.png
Benchmark 1 evaluation grid shape: (800, 3)
Replicate 13, benchmark 1 metrics: {'run_id': '13_b1', 'RMSE': 0.14004424010916175, 'MAE': 0.13101570329075912, 'SupNorm': 0.21981710195541382, 'Bias': -0.13101570329075912, 'Corr': 0.9401617004893087, 'deming_slope': 0.5336647173471486, 'deming_intercept': -0.009519376006849573, 'beta_sum': 0.49080753326416016, 'beta_l1': 3.666290760040283, 'beta_l2': 0.1631607711315155, 'beta_min': -0.017223453149199486, 'beta_max': 0.016705986112356186, 'beta_neg_frac': 0.42875, 'offline_data_id': 13, 'benchmark_id': 1, 'benchmark_point_source': 'fixed_config', 'target_set_size': 100, 'benchmark_z_path': 'data/Z_true.pt', 'projected_bellman_test_risk': 0.011009369045495987, 'oracle_embedding_risk': 0.8094058632850647, 'benchmark_embedding_risk': 0.8094058632850647, 'risk_bellman_final': 0.4701484416373205, 'risk_obj_final': 9.294020652770996, 'B_num_rows': 3077, 'B_num_cols': 800, 'B_min_dim': 800, 'B_numerical_rank': 800, 'B_rank_fraction': 1.0, 'B_rank_tolerance': 3.174726372989767e-05, 'B_stable_rank': 326.3740539550781, 'B_effective_rank': 771.6064909323381, 'B_entropy_rank': 6.64847469329834, 'B_spectral_norm': 0.08655032515525818, 'B_frobenius_norm': 1.5636030435562134, 'B_nuclear_norm': 42.72614288330078, 'B_condition_number': 3.1719610217506298, 'B_condition_number_tol': 3.1719610217506298, 'B_smallest_singular_value': 0.027286062017083168, 'B_rank_rel_1em2': 800, 'B_rank_rel_1em3': 800, 'B_rank_rel_1em4': 800}
Benchmark 2 evaluation grid shape: (800, 3)
Replicate 13, benchmark 2 metrics: {'run_id': '13_b2', 'RMSE': 0.1843607095730393, 'MAE': 0.17399821192266246, 'SupNorm': 0.28084148466587067, 'Bias': -0.17399821192266246, 'Corr': 0.9805460146602369, 'deming_slope': 0.3485889441018194, 'deming_intercept': 0.0006018288207001732, 'beta_sum': 0.3653440475463867, 'beta_l1': 3.7379658222198486, 'beta_l2': 0.16632989048957825, 'beta_min': -0.020856041461229324, 'beta_max': 0.018367234617471695, 'beta_neg_frac': 0.45125, 'offline_data_id': 13, 'benchmark_id': 2, 'benchmark_point_source': 'fixed_config', 'target_set_size': 100, 'benchmark_z_path': 'data/Z_true.pt', 'projected_bellman_test_risk': 0.011753334663808346, 'oracle_embedding_risk': 0.8491063117980957, 'benchmark_embedding_risk': 0.8491063117980957, 'risk_bellman_final': 0.4701484416373205, 'risk_obj_final': 9.294020652770996, 'B_num_rows': 3077, 'B_num_cols': 800, 'B_min_dim': 800, 'B_numerical_rank': 800, 'B_rank_fraction': 1.0, 'B_rank_tolerance': 3.174726372989767e-05, 'B_stable_rank': 326.3740539550781, 'B_effective_rank': 771.6064909323381, 'B_entropy_rank': 6.64847469329834, 'B_spectral_norm': 0.08655032515525818, 'B_frobenius_norm': 1.5636030435562134, 'B_nuclear_norm': 42.72614288330078, 'B_condition_number': 3.1719610217506298, 'B_condition_number_tol': 3.1719610217506298, 'B_smallest_singular_value': 0.027286062017083168, 'B_rank_rel_1em2': 800, 'B_rank_rel_1em3': 800, 'B_rank_rel_1em4': 800}
Benchmark 3 evaluation grid shape: (800, 3)
Replicate 13, benchmark 3 metrics: {'run_id': '13_b3', 'RMSE': 0.09856989794258113, 'MAE': 0.09370668131043203, 'SupNorm': 0.14567583799362183, 'Bias': -0.09370668131043203, 'Corr': 0.9905436681591768, 'deming_slope': 0.69802485041026, 'deming_intercept': -0.01541961025660818, 'beta_sum': 0.5956503748893738, 'beta_l1': 3.6326770782470703, 'beta_l2': 0.16123273968696594, 'beta_min': -0.016598807647824287, 'beta_max': 0.017812924459576607, 'beta_neg_frac': 0.4375, 'offline_data_id': 13, 'benchmark_id': 3, 'benchmark_point_source': 'fixed_config', 'target_set_size': 100, 'benchmark_z_path': 'data/Z_true.pt', 'projected_bellman_test_risk': 0.012735055759549141, 'oracle_embedding_risk': 0.775097131729126, 'benchmark_embedding_risk': 0.775097131729126, 'risk_bellman_final': 0.4701484416373205, 'risk_obj_final': 9.294020652770996, 'B_num_rows': 3077, 'B_num_cols': 800, 'B_min_dim': 800, 'B_numerical_rank': 800, 'B_rank_fraction': 1.0, 'B_rank_tolerance': 3.174726372989767e-05, 'B_stable_rank': 326.3740539550781, 'B_effective_rank': 771.6064909323381, 'B_entropy_rank': 6.64847469329834, 'B_spectral_norm': 0.08655032515525818, 'B_frobenius_norm': 1.5636030435562134, 'B_nuclear_norm': 42.72614288330078, 'B_condition_number': 3.1719610217506298, 'B_condition_number_tol': 3.1719610217506298, 'B_smallest_singular_value': 0.027286062017083168, 'B_rank_rel_1em2': 800, 'B_rank_rel_1em3': 800, 'B_rank_rel_1em4': 800}
Benchmark 4 evaluation grid shape: (800, 3)
Replicate 13, benchmark 4 metrics: {'run_id': '13_b4', 'RMSE': 0.172480080316825, 'MAE': 0.12794094026015956, 'SupNorm': 0.5276451110839844, 'Bias': 0.06088250035027158, 'Corr': 0.4381313357956168, 'deming_slope': 3.403592543119308, 'deming_intercept': -0.5799265291729706, 'beta_sum': 1.8895187377929688, 'beta_l1': 2.9871134757995605, 'beta_l2': 0.14876538515090942, 'beta_min': -0.00841562356799841, 'beta_max': 0.03370290994644165, 'beta_neg_frac': 0.3025, 'offline_data_id': 13, 'benchmark_id': 4, 'benchmark_point_source': 'support_safe_target_policy_draw', 'target_set_size': 100, 'benchmark_z_path': 'data/Z_true.pt', 'projected_bellman_test_risk': 0.05695892870426178, 'oracle_embedding_risk': 1.1932790279388428, 'benchmark_embedding_risk': 1.1932790279388428, 'risk_bellman_final': 0.4701484416373205, 'risk_obj_final': 9.294020652770996, 'B_num_rows': 3077, 'B_num_cols': 800, 'B_min_dim': 800, 'B_numerical_rank': 800, 'B_rank_fraction': 1.0, 'B_rank_tolerance': 3.174726372989767e-05, 'B_stable_rank': 326.3740539550781, 'B_effective_rank': 771.6064909323381, 'B_entropy_rank': 6.64847469329834, 'B_spectral_norm': 0.08655032515525818, 'B_frobenius_norm': 1.5636030435562134, 'B_nuclear_norm': 42.72614288330078, 'B_condition_number': 3.1719610217506298, 'B_condition_number_tol': 3.1719610217506298, 'B_smallest_singular_value': 0.027286062017083168, 'B_rank_rel_1em2': 800, 'B_rank_rel_1em3': 800, 'B_rank_rel_1em4': 800}
Benchmark 5 evaluation grid shape: (800, 3)
Replicate 13, benchmark 5 metrics: {'run_id': '13_b5', 'RMSE': 0.25180206108202463, 'MAE': 0.23585986180209148, 'SupNorm': 0.3981167506426573, 'Bias': -0.23585509777047264, 'Corr': 0.48415797508003566, 'deming_slope': 0.060847298336590666, 'deming_intercept': 0.005492687753324774, 'beta_sum': 0.16351290047168732, 'beta_l1': 0.6536562442779541, 'beta_l2': 0.02904253453016281, 'beta_min': -0.002498591085895896, 'beta_max': 0.0038410997949540615, 'beta_neg_frac': 0.44875, 'offline_data_id': 13, 'benchmark_id': 5, 'benchmark_point_source': 'support_safe_target_policy_draw', 'target_set_size': 100, 'benchmark_z_path': 'data/Z_true.pt', 'projected_bellman_test_risk': 0.004155407194048166, 'oracle_embedding_risk': 0.9617159962654114, 'benchmark_embedding_risk': 0.9617159962654114, 'risk_bellman_final': 0.4701484416373205, 'risk_obj_final': 9.294020652770996, 'B_num_rows': 3077, 'B_num_cols': 800, 'B_min_dim': 800, 'B_numerical_rank': 800, 'B_rank_fraction': 1.0, 'B_rank_tolerance': 3.174726372989767e-05, 'B_stable_rank': 326.3740539550781, 'B_effective_rank': 771.6064909323381, 'B_entropy_rank': 6.64847469329834, 'B_spectral_norm': 0.08655032515525818, 'B_frobenius_norm': 1.5636030435562134, 'B_nuclear_norm': 42.72614288330078, 'B_condition_number': 3.1719610217506298, 'B_condition_number_tol': 3.1719610217506298, 'B_smallest_singular_value': 0.027286062017083168, 'B_rank_rel_1em2': 800, 'B_rank_rel_1em3': 800, 'B_rank_rel_1em4': 800}
Benchmark 6 evaluation grid shape: (800, 3)
Replicate 13, benchmark 6 metrics: {'run_id': '13_b6', 'RMSE': 0.11568297217342764, 'MAE': 0.10795406952878693, 'SupNorm': 0.18157073855400085, 'Bias': -0.10795406952878693, 'Corr': 0.9468505314747542, 'deming_slope': 0.6384472975035638, 'deming_intercept': -0.012507341737287736, 'beta_sum': 0.5670075416564941, 'beta_l1': 3.5563602447509766, 'beta_l2': 0.1573369801044464, 'beta_min': -0.01374542061239481, 'beta_max': 0.01862155646085739, 'beta_neg_frac': 0.44, 'offline_data_id': 13, 'benchmark_id': 6, 'benchmark_point_source': 'support_safe_target_policy_draw', 'target_set_size': 100, 'benchmark_z_path': 'data/Z_true.pt', 'projected_bellman_test_risk': 0.02252650260925293, 'oracle_embedding_risk': 0.7879219651222229, 'benchmark_embedding_risk': 0.7879219651222229, 'risk_bellman_final': 0.4701484416373205, 'risk_obj_final': 9.294020652770996, 'B_num_rows': 3077, 'B_num_cols': 800, 'B_min_dim': 800, 'B_numerical_rank': 800, 'B_rank_fraction': 1.0, 'B_rank_tolerance': 3.174726372989767e-05, 'B_stable_rank': 326.3740539550781, 'B_effective_rank': 771.6064909323381, 'B_entropy_rank': 6.64847469329834, 'B_spectral_norm': 0.08655032515525818, 'B_frobenius_norm': 1.5636030435562134, 'B_nuclear_norm': 42.72614288330078, 'B_condition_number': 3.1719610217506298, 'B_condition_number_tol': 3.1719610217506298, 'B_smallest_singular_value': 0.027286062017083168, 'B_rank_rel_1em2': 800, 'B_rank_rel_1em3': 800, 'B_rank_rel_1em4': 800}
Benchmark 7 evaluation grid shape: (800, 3)
Replicate 13, benchmark 7 metrics: {'run_id': '13_b7', 'RMSE': 0.30560588139512757, 'MAE': 0.24599206920072902, 'SupNorm': 0.6818383932113647, 'Bias': 0.244194140235777, 'Corr': 0.7073360213950797, 'deming_slope': 3.3474811836298577, 'deming_intercept': -0.3696374267609257, 'beta_sum': 2.087099552154541, 'beta_l1': 3.6021881103515625, 'beta_l2': 0.16388115286827087, 'beta_min': -0.012596989050507545, 'beta_max': 0.02373294159770012, 'beta_neg_frac': 0.29, 'offline_data_id': 13, 'benchmark_id': 7, 'benchmark_point_source': 'support_safe_target_policy_draw', 'target_set_size': 100, 'benchmark_z_path': 'data/Z_true.pt', 'projected_bellman_test_risk': 0.17543676495552063, 'oracle_embedding_risk': 1.3083233833312988, 'benchmark_embedding_risk': 1.3083233833312988, 'risk_bellman_final': 0.4701484416373205, 'risk_obj_final': 9.294020652770996, 'B_num_rows': 3077, 'B_num_cols': 800, 'B_min_dim': 800, 'B_numerical_rank': 800, 'B_rank_fraction': 1.0, 'B_rank_tolerance': 3.174726372989767e-05, 'B_stable_rank': 326.3740539550781, 'B_effective_rank': 771.6064909323381, 'B_entropy_rank': 6.64847469329834, 'B_spectral_norm': 0.08655032515525818, 'B_frobenius_norm': 1.5636030435562134, 'B_nuclear_norm': 42.72614288330078, 'B_condition_number': 3.1719610217506298, 'B_condition_number_tol': 3.1719610217506298, 'B_smallest_singular_value': 0.027286062017083168, 'B_rank_rel_1em2': 800, 'B_rank_rel_1em3': 800, 'B_rank_rel_1em4': 800}
Benchmark 8 evaluation grid shape: (800, 3)
Replicate 13, benchmark 8 metrics: {'run_id': '13_b8', 'RMSE': 0.07599326522224395, 'MAE': 0.06518150028568925, 'SupNorm': 0.14781983196735382, 'Bias': -0.03785185894725146, 'Corr': 0.7647068460838895, 'deming_slope': 0.9627739659999189, 'deming_intercept': -0.028154693669266068, 'beta_sum': 1.0042037963867188, 'beta_l1': 2.372581958770752, 'beta_l2': 0.10572300851345062, 'beta_min': -0.008707128465175629, 'beta_max': 0.017733778804540634, 'beta_neg_frac': 0.375, 'offline_data_id': 13, 'benchmark_id': 8, 'benchmark_point_source': 'support_safe_target_policy_draw', 'target_set_size': 100, 'benchmark_z_path': 'data/Z_true.pt', 'projected_bellman_test_risk': 0.019734738394618034, 'oracle_embedding_risk': 0.8003444671630859, 'benchmark_embedding_risk': 0.8003444671630859, 'risk_bellman_final': 0.4701484416373205, 'risk_obj_final': 9.294020652770996, 'B_num_rows': 3077, 'B_num_cols': 800, 'B_min_dim': 800, 'B_numerical_rank': 800, 'B_rank_fraction': 1.0, 'B_rank_tolerance': 3.174726372989767e-05, 'B_stable_rank': 326.3740539550781, 'B_effective_rank': 771.6064909323381, 'B_entropy_rank': 6.64847469329834, 'B_spectral_norm': 0.08655032515525818, 'B_frobenius_norm': 1.5636030435562134, 'B_nuclear_norm': 42.72614288330078, 'B_condition_number': 3.1719610217506298, 'B_condition_number_tol': 3.1719610217506298, 'B_smallest_singular_value': 0.027286062017083168, 'B_rank_rel_1em2': 800, 'B_rank_rel_1em3': 800, 'B_rank_rel_1em4': 800}
Benchmark 9 evaluation grid shape: (800, 3)
Replicate 13, benchmark 9 metrics: {'run_id': '13_b9', 'RMSE': 0.19705011137894807, 'MAE': 0.16476863269577735, 'SupNorm': 0.39279136061668396, 'Bias': 0.16420621194294654, 'Corr': 0.8455990835321571, 'deming_slope': 2.044397402453471, 'deming_intercept': -0.1133582707381563, 'beta_sum': 1.7154901027679443, 'beta_l1': 3.685635566711426, 'beta_l2': 0.16474856436252594, 'beta_min': -0.014726385474205017, 'beta_max': 0.02292722277343273, 'beta_neg_frac': 0.36625, 'offline_data_id': 13, 'benchmark_id': 9, 'benchmark_point_source': 'support_safe_target_policy_draw', 'target_set_size': 100, 'benchmark_z_path': 'data/Z_true.pt', 'projected_bellman_test_risk': 0.12061317265033722, 'oracle_embedding_risk': 0.9349052309989929, 'benchmark_embedding_risk': 0.9349052309989929, 'risk_bellman_final': 0.4701484416373205, 'risk_obj_final': 9.294020652770996, 'B_num_rows': 3077, 'B_num_cols': 800, 'B_min_dim': 800, 'B_numerical_rank': 800, 'B_rank_fraction': 1.0, 'B_rank_tolerance': 3.174726372989767e-05, 'B_stable_rank': 326.3740539550781, 'B_effective_rank': 771.6064909323381, 'B_entropy_rank': 6.64847469329834, 'B_spectral_norm': 0.08655032515525818, 'B_frobenius_norm': 1.5636030435562134, 'B_nuclear_norm': 42.72614288330078, 'B_condition_number': 3.1719610217506298, 'B_condition_number_tol': 3.1719610217506298, 'B_smallest_singular_value': 0.027286062017083168, 'B_rank_rel_1em2': 800, 'B_rank_rel_1em3': 800, 'B_rank_rel_1em4': 800}
Replicate 13 finished in 21.2s
Finished combo 0, offline replicate 13.
