Job ID:    2359002
Array idx: 218
CPUs/node: 64
Mem/node:  131072
Using CC = cc 
Using CXX = CC 
Using FC = ftn 
Using F77 = ftn 
Using F90 = ftn 
cuda/12.6.1 is deprecated; loading cudatoolkit/25.5_12.9 instead.
Using CC = /opt/nvidia/hpc_sdk/Linux_aarch64/25.5/compilers/bin/nvc 
Using CXX = /opt/nvidia/hpc_sdk/Linux_aarch64/25.5/compilers/bin/nvc++ 
Using FC = /opt/nvidia/hpc_sdk/Linux_aarch64/25.5/compilers/bin/nvfortran 
Using F77 = /opt/nvidia/hpc_sdk/Linux_aarch64/25.5/compilers/bin/nvfortran 
Using F90 = /opt/nvidia/hpc_sdk/Linux_aarch64/25.5/compilers/bin/nvfortran 
Using CC = /opt/nvidia/hpc_sdk/Linux_aarch64/25.5/compilers/bin/nvc 
Using CXX = /opt/nvidia/hpc_sdk/Linux_aarch64/25.5/compilers/bin/nvc++ 
Using FC = /opt/nvidia/hpc_sdk/Linux_aarch64/25.5/compilers/bin/nvfortran 
Using F77 = /opt/nvidia/hpc_sdk/Linux_aarch64/25.5/compilers/bin/nvfortran 
Using F90 = /opt/nvidia/hpc_sdk/Linux_aarch64/25.5/compilers/bin/nvfortran 

Lmod is automatically replacing "gcc-native/14" with "gcc/14.2.0".

ghx4
0
Tuning combo id: 2 / 6
Offline replicate id: 18 / 99
Installing ke_drl from git: https://github.com/mehrdadmhmdi/ke-drl.git@main
Collecting git+https://github.com/mehrdadmhmdi/ke-drl.git@main
  Cloning https://github.com/mehrdadmhmdi/ke-drl.git (to revision main) to /tmp/pip-req-build-kl0awbh6
  Running command git clone --filter=blob:none --quiet https://github.com/mehrdadmhmdi/ke-drl.git /tmp/pip-req-build-kl0awbh6
  Resolved https://github.com/mehrdadmhmdi/ke-drl.git to commit 3c5d570e40ea15b1fbe4817b5f43b64c7b333e82
  Installing build dependencies: started
  Installing build dependencies: finished with status 'done'
  Getting requirements to build wheel: started
  Getting requirements to build wheel: finished with status 'done'
  Preparing metadata (pyproject.toml): started
  Preparing metadata (pyproject.toml): finished with status 'done'
Building wheels for collected packages: ke_drl
  Building wheel for ke_drl (pyproject.toml): started
  Building wheel for ke_drl (pyproject.toml): finished with status 'done'
  Created wheel for ke_drl: filename=ke_drl-0.1.0-py3-none-any.whl size=47219 sha256=7bf45bbde55311a98a8e1b9e09452ce467cc97516aeb586ff6397ad452763160
  Stored in directory: /tmp/pip-ephem-wheel-cache-v9_ify_c/wheels/24/47/ad/9a4ffd3b05d3e90e35ffc6e7324b735b8bfcf5f51aaf29a333
Successfully built ke_drl
Installing collected packages: ke_drl
Successfully installed ke_drl-0.1.0
Installed ke_drl source: /work/nvme/bfez/mehrdad3/DistRL/simulation_3/runs/sim3_global_2358722_2/.kedrl_site_218/ke_drl/__init__.py
Tuning combo 2: lambda_B_0.00002
Overrides: {'lambda_B': 2e-05}
RUN: /sw/user/python/miniforge3-pytorch-24.11.3/bin/python3 validate_sim_config.py --params params.yaml
ke_drl import source: /work/nvme/bfez/mehrdad3/DistRL/simulation_3/runs/sim3_global_2358722_2/.kedrl_site_218/ke_drl/__init__.py
ke_drl package API OK: prediction weights, RFF operators, rank diagnostics, and best-checkpoint optimizer available
Policy config OK: behavior=uniform, target=logistic, state_dim=5, action_dim=1
Note: policy.logistic.theta_scale/theta_std are log-scale coefficients in Probability_Densities.
Behavior-policy linearized state-process diagnostic: spectral_radius=0.653, offline_burn_in=50
Replicate config OK: num_replicates=100, benchmark points=10 independent of D_i, loss target points=100
Transition reduction OK: method=kmeans, raw rows N(T-1)=12000, target rows about 3000, B rows reduced from 12000 to about 3000
Return-operator approximation OK: method=rff, features=512, exact G avoided for estimated N=12000, m=800, L=100
Fixed benchmark config rows=4 (benchmark.num_points=10; additional points are support-safe target-policy draws if needed)
Fixed benchmark point 0: s_star=[0.6, -0.8, 0.7, -0.5, 0.9], a_star=[0.5]
Fixed benchmark behavior-support interval for configured rows: min_lower=-0.12, max_upper=1.11
Fixed benchmark target-policy location range: [-0.02, 0.14]
Reusing shared data from /work/nvme/bfez/mehrdad3/DistRL/simulation_3/runs/sim3_shared_data/data for offline replicate 18.
RUN: /sw/user/python/miniforge3-pytorch-24.11.3/bin/python3 validate_sim_config.py --params params.yaml --data data/offline_data_18.pt
ke_drl import source: /work/nvme/bfez/mehrdad3/DistRL/simulation_3/runs/sim3_global_2358722_2/.kedrl_site_218/ke_drl/__init__.py
ke_drl package API OK: prediction weights, RFF operators, rank diagnostics, and best-checkpoint optimizer available
Policy config OK: behavior=uniform, target=logistic, state_dim=5, action_dim=1
Note: policy.logistic.theta_scale/theta_std are log-scale coefficients in Probability_Densities.
Behavior-policy linearized state-process diagnostic: spectral_radius=0.653, offline_burn_in=50
Replicate config OK: num_replicates=100, benchmark points=10 independent of D_i, loss target points=100
Transition reduction OK: method=kmeans, raw rows N(T-1)=12000, target rows about 3000, B rows reduced from 12000 to about 3000
Return-operator approximation OK: method=rff, features=512, exact G avoided for estimated N=12000, m=800, L=100
Fixed benchmark config rows=4 (benchmark.num_points=10; additional points are support-safe target-policy draws if needed)
Fixed benchmark point 0: s_star=[0.6, -0.8, 0.7, -0.5, 0.9], a_star=[0.5]
Fixed benchmark behavior-support interval for configured rows: min_lower=-0.12, max_upper=1.11
Fixed benchmark target-policy location range: [-0.02, 0.14]
Full benchmark support check OK: 10 points, min_lower=-2.177, max_upper=2.05
observed behavior actions: mean=0.41, sd=0.6838, q0/q10/q50/q90/q100=[-2.253974437713623, -0.41386557221412656, 0.3525446057319641, 1.3264019250869752, 3.866774082183838]
target-policy sampled actions: mean=-0.01618, sd=0.6711, q0/q10/q50/q90/q100=[-2.694515141864629, -0.8741021637938122, -0.0052822198364623815, 0.8365717879935268, 3.5243946612944224]
behavior uniform lower: mean=-0.1172, sd=0.6664, q0/q10/q50/q90/q100=[-2.9061290204524997, -0.9683680105209351, -0.10851638615131376, 0.7245350623130798, 3.4421208277344704]
behavior uniform upper: mean=0.9353, sd=0.6476, q0/q10/q50/q90/q100=[-0.927612942457199, 0.0769173633307219, 0.9452036842703819, 1.7718187367916107, 4.44212082773447]
target location inside behavior uniform support: 0.967
RUN: /sw/user/python/miniforge3-pytorch-24.11.3/bin/python3 main_est.py
# ================================================================ #
#   Global KE-DRL estimation for one offline replicate              #
# ================================================================ #
Slurm Job ID: 2359002
Slurm Array ID: 18 -- used as the offline-replicate id
Offline data id: 18
ke_drl import source: /work/nvme/bfez/mehrdad3/DistRL/simulation_3/runs/sim3_global_2358722_2/.kedrl_site_218/ke_drl/__init__.py
Estimator device: cuda (NVIDIA GH200 120GB, capability 9.0); torch CUDA=13.0
Random seed: 20460530
Number of offline replicates: 100
[transition reduction] enabled: original rows=12000, target basis=3000, method=kmeans, device=cuda
[transition reduction] kmeans iter 1/20, mean center shift=2.7370e-01
[transition reduction] kmeans iter 5/20, mean center shift=3.0487e-03
[transition reduction] selected 3093 rows from 12000 transitions (ratio 0.2577); indices saved to data/reduced_transition_indices_18.pt
Data and parameters loaded.
offline path: data/offline_data_18.pt
benchmark true-Z path: data/Z_true.pt
offline shapes after reduction: s0=(3093, 5), a0=(3093, 1), r0=(3093, 3)
transition reduction: {'enabled': True, 'method': 'kmeans', 'original_rows': 12000, 'reduced_rows': 3093, 'selected_indices_path': 'data/reduced_transition_indices_18.pt', 'target_basis': 3000, 'compression_ratio': 0.25775}
fixed benchmark point source: fixed_config_plus_support_safe_target_policy_draws
benchmark row excluded from this offline data: None
global loss target set shape: s_star=(100, 5), a_star=(100, 1)
benchmark true-Z count=10, shape each=(50000, 3)
target policy: logistic
behavior policy: uniform
lambda_Gamma=0.005, lambda_B=2e-05, d_r_method=song
dtype=torch.float32, operator_method=rff, operator_num_features=512
ridge_mode=rkhs, diagnostic_interval=50
mass_anchor_lambda=1.0, target_mass=1.0
uLSIF basis: source=numerator, n_basis=512, lambda_reg=0.005
optimizer stabilizers: lambda_neg=0.0, max_B_norm=None, eta_clip_min=0.0, eta_clip_max=5.0, normalize_eta=True
========================================
Estimating the global KE-DRL mean embedding
torch device=cuda, dtype=torch.float32
Data dims: N=3093, L=100, Ds=5, Da=1, Dr=3
lambda_Gamma=0.005, lambda_B=2e-05
return-operator construction: method=rff, rff_features=512
[uLSIF] basis=512/3093 (numerator); eta_hat min=-6.860e-01 max=4.970e+00 neg%=3.56
ESS for eta_plus: 2179.4 / 3093
eta_plus diagnostics: raw_mean=1, raw_min=-0.686, raw_max=4.97; used_mean=1, used_min=0, used_max=4.93
[timing] Z-grid: 0.03s
[timing] K_X: 0.00s
[timing] K_plus: 0.00s
[timing] k_star: 0.00s
[timing] Gamma_stack: 0.01s
[timing] Phi_stack: 0.00s
[timing] RFF feature sample: 0.00s
[timing] K_Z RFF: 0.00s
[timing] G_stack RFF: 0.01s
[timing] H_stack RFF: 0.01s
findfont: Font family 'Nimbus Roman' not found.
findfont: Font family 'Nimbus Roman' not found.
findfont: Font family 'Nimbus Roman' not found.
findfont: Font family 'Nimbus Roman' not found.
findfont: Font family 'Nimbus Roman' not found.
findfont: Font family 'Nimbus Roman' not found.
findfont: Font family 'Nimbus Roman' not found.
findfont: Font family 'Nimbus Roman' not found.
findfont: Font family 'Nimbus Roman' not found.
findfont: Font family 'Nimbus Roman' not found.
findfont: Font family 'Nimbus Roman' not found.
findfont: Font family 'Nimbus Roman' not found.
findfont: Font family 'Nimbus Roman' not found.
findfont: Font family 'Nimbus Roman' not found.
findfont: Font family 'Nimbus Roman' not found.
findfont: Font family 'Nimbus Roman' not found.
findfont: Font family 'Nimbus Roman' not found.
findfont: Font family 'Nimbus Roman' not found.
findfont: Font family 'Nimbus Roman' not found.
findfont: Font family 'Nimbus Roman' not found.
findfont: Font family 'Nimbus Roman' not found.
findfont: Font family 'Nimbus Roman' not found.
findfont: Font family 'Nimbus Roman' not found.
findfont: Font family 'Nimbus Roman' not found.
findfont: Font family 'Nimbus Roman' not found.
findfont: Font family 'Nimbus Roman' not found.
findfont: Font family 'Nimbus Roman' not found.
findfont: Font family 'Nimbus Roman' not found.
findfont: Font family 'Nimbus Roman' not found.
findfont: Font family 'Nimbus Roman' not found.
findfont: Font family 'Nimbus Roman' not found.
findfont: Font family 'Nimbus Roman' not found.
findfont: Font family 'Nimbus Roman' not found.
findfont: Font family 'Nimbus Roman' not found.
findfont: Font family 'Nimbus Roman' not found.
findfont: Font family 'Nimbus Roman' not found.
findfont: Font family 'Nimbus Roman' not found.
findfont: Font family 'Nimbus Roman' not found.
findfont: Font family 'Nimbus Roman' not found.
findfont: Font family 'Nimbus Roman' not found.
findfont: Font family 'Nimbus Roman' not found.
findfont: Font family 'Nimbus Roman' not found.
findfont: Font family 'Nimbus Roman' not found.
findfont: Font family ['Nimbus Roman'] not found. Falling back to DejaVu Sans.
findfont: Font family 'Nimbus Roman' not found.
findfont: Font family ['Nimbus Roman'] not found. Falling back to DejaVu Sans.
findfont: Font family 'Nimbus Roman' not found.
findfont: Font family 'Nimbus Roman' not found.
findfont: Font family 'Nimbus Roman' not found.
findfont: Font family 'Nimbus Roman' not found.
findfont: Font family 'Nimbus Roman' not found.
findfont: Font family 'Nimbus Roman' not found.
findfont: Font family 'Nimbus Roman' not found.
findfont: Font family 'Nimbus Roman' not found.
findfont: Font family 'Nimbus Roman' not found.
findfont: Font family 'Nimbus Roman' not found.
findfont: Font family ['Nimbus Roman'] not found. Falling back to DejaVu Sans.
findfont: Font family 'Nimbus Roman' not found.
findfont: Font family 'Nimbus Roman' not found.
findfont: Font family 'Nimbus Roman' not found.
findfont: Font family 'Nimbus Roman' not found.
findfont: Font family 'Nimbus Roman' not found.
findfont: Font family 'Nimbus Roman' not found.
findfont: Font family 'Nimbus Roman' not found.
findfont: Font family 'Nimbus Roman' not found.
findfont: Font family 'Nimbus Roman' not found.
findfont: Font family 'Nimbus Roman' not found.
findfont: Font family 'Nimbus Roman' not found.
findfont: Font family 'Nimbus Roman' not found.
findfont: Font family 'Nimbus Roman' not found.
findfont: Font family 'Nimbus Roman' not found.
findfont: Font family 'Nimbus Roman' not found.
findfont: Font family 'Nimbus Roman' not found.
findfont: Font family 'Nimbus Roman' not found.
findfont: Font family 'Nimbus Roman' not found.
findfont: Font family 'Nimbus Roman' not found.
findfont: Font family 'Nimbus Roman' not found.
findfont: Font family 'Nimbus Roman' not found.
findfont: Font family 'Nimbus Roman' not found.
findfont: Font family 'Nimbus Roman' not found.
findfont: Font family 'Nimbus Roman' not found.
findfont: Font family 'Nimbus Roman' not found.
findfont: Font family 'Nimbus Roman' not found.
findfont: Font family 'Nimbus Roman' not found.
findfont: Font family 'Nimbus Roman' not found.
findfont: Font family 'Nimbus Roman' not found.
findfont: Font family 'Nimbus Roman' not found.
findfont: Font family 'Nimbus Roman' not found.
findfont: Font family 'Nimbus Roman' not found.
findfont: Font family 'Nimbus Roman' not found.
findfont: Font family 'Nimbus Roman' not found.
findfont: Font family 'Nimbus Roman' not found.
findfont: Font family 'Nimbus Roman' not found.
findfont: Font family 'Nimbus Roman' not found.
findfont: Font family 'Nimbus Roman' not found.
findfont: Font family 'Nimbus Roman' not found.
findfont: Font family 'Nimbus Roman' not found.
findfont: Font family 'Nimbus Roman' not found.
findfont: Font family 'Nimbus Roman' not found.
findfont: Font family 'Nimbus Roman' not found.
findfont: Font family 'Nimbus Roman' not found.
findfont: Font family 'Nimbus Roman' not found.
findfont: Font family 'Nimbus Roman' not found.
findfont: Font family 'Nimbus Roman' not found.
findfont: Font family 'Nimbus Roman' not found.
findfont: Font family 'Nimbus Roman' not found.
findfont: Font family 'Nimbus Roman' not found.
findfont: Font family 'Nimbus Roman' not found.
findfont: Font family 'Nimbus Roman' not found.
findfont: Font family 'Nimbus Roman' not found.
findfont: Font family 'Nimbus Roman' not found.
findfont: Font family 'Nimbus Roman' not found.
findfont: Font family 'Nimbus Roman' not found.
findfont: Font family 'Nimbus Roman' not found.
findfont: Font family 'Nimbus Roman' not found.
findfont: Font family 'Nimbus Roman' not found.
findfont: Font family 'Nimbus Roman' not found.
findfont: Font family 'Nimbus Roman' not found.
findfont: Font family 'Nimbus Roman' not found.
findfont: Font family 'Nimbus Roman' not found.
findfont: Font family 'Nimbus Roman' not found.
findfont: Font family 'Nimbus Roman' not found.
findfont: Font family 'Nimbus Roman' not found.
findfont: Font family 'Nimbus Roman' not found.
findfont: Font family 'Nimbus Roman' not found.
findfont: Font family 'Nimbus Roman' not found.
findfont: Font family 'Nimbus Roman' not found.
findfont: Font family 'Nimbus Roman' not found.
findfont: Font family 'Nimbus Roman' not found.
findfont: Font family 'Nimbus Roman' not found.
findfont: Font family 'Nimbus Roman' not found.
findfont: Font family 'Nimbus Roman' not found.
findfont: Font family 'Nimbus Roman' not found.
findfont: Font family 'Nimbus Roman' not found.
findfont: Font family 'Nimbus Roman' not found.
Ridge mode: rkhs; diagnostic interval: 50
Iter 1/4000 | log_obj=9.798e+00 | log_Bellman_root=3.486e+00 | mass=1.69e+04 | neg=0.00e+00 | grad=4.06e+02
Iter 400/4000 | log_obj=6.056e+00 | log_Bellman_root=1.611e+00 | mass=4.02e+02 | neg=0.00e+00 | grad=4.65e+03
Iter 800/4000 | log_obj=6.058e+00 | log_Bellman_root=1.611e+00 | mass=4.02e+02 | neg=0.00e+00 | grad=4.64e+03
Iter 1200/4000 | log_obj=3.014e+00 | log_Bellman_root=1.039e-01 | mass=1.91e+01 | neg=0.00e+00 | grad=5.60e+03
Iter 1600/4000 | log_obj=1.789e+00 | log_Bellman_root=-4.735e-01 | mass=5.59e+00 | neg=0.00e+00 | grad=2.92e+03
Iter 2000/4000 | log_obj=2.796e+00 | log_Bellman_root=-3.108e-02 | mass=1.54e+01 | neg=0.00e+00 | grad=1.92e+03
Iter 2400/4000 | log_obj=2.794e+00 | log_Bellman_root=-3.130e-02 | mass=1.54e+01 | neg=0.00e+00 | grad=1.92e+03
Iter 2800/4000 | log_obj=2.250e+00 | log_Bellman_root=-6.857e-02 | mass=8.62e+00 | neg=0.00e+00 | grad=1.61e+03
Iter 3200/4000 | log_obj=1.791e+00 | log_Bellman_root=-5.284e-01 | mass=5.65e+00 | neg=0.00e+00 | grad=1.77e+03
Iter 3600/4000 | log_obj=3.187e+00 | log_Bellman_root=1.849e-01 | mass=2.28e+01 | neg=0.00e+00 | grad=2.25e+03
Iter 4000/4000 | log_obj=1.075e+00 | log_Bellman_root=-8.840e-01 | mass=2.76e+00 | neg=0.00e+00 | grad=2.43e+03
Returning best diagnostic checkpoint from step 2950 (objective=6.641e-01, Bellman=1.090e-01).
Done in 12.96s.
KE-DRL global estimation is done.
B_hat shape: (3093, 800)
B_hat rank diagnostics: {'B_num_rows': 3093, 'B_num_cols': 800, 'B_min_dim': 800, 'B_numerical_rank': 800, 'B_rank_fraction': 1.0, 'B_rank_tolerance': 3.765473838868161e-05, 'B_stable_rank': 237.9297332763672, 'B_effective_rank': 771.7021588306175, 'B_entropy_rank': 6.648598670959473, 'B_spectral_norm': 0.10212442278862, 'B_frobenius_norm': 1.5752662420272827, 'B_nuclear_norm': 43.047821044921875, 'B_condition_number': 3.738980221556592, 'B_condition_number_tol': 3.738980221556592, 'B_smallest_singular_value': 0.027313442900776863, 'B_rank_rel_1em2': 800, 'B_rank_rel_1em3': 800, 'B_rank_rel_1em4': 800}
Global-loss target mass diagnostics: {'target_mass_mean': 1.3869929313659668, 'target_mass_min': 0.15307246148586273, 'target_mass_max': 2.613982677459717, 'target_mass_sd': 0.6398715376853943, 'target_mass_rmse_to_target': 0.7450535297393799, 'target_beta_min': -0.05944488197565079, 'target_beta_max': 0.08188610523939133, 'target_neg_frac_mean': 0.451875}
Return dictionary Z_grid shape: (800, 3)
Replicate 18 risk metrics: {'risk_n_steps_recorded': 81.0, 'risk_n_diagnostics_recorded': 81.0, 'risk_log_obj_initial': 9.798165013587733, 'risk_log_obj_final': 1.0751186376028175, 'risk_log_obj_min': -0.4092492263866106, 'risk_obj_initial': 18000.683593749996, 'risk_obj_final': 2.9303405284881587, 'risk_obj_min': 0.6641486883163452, 'risk_log_obj_drop': 8.723046375984914, 'risk_log_bellman_root_initial': 3.4860221270420557, 'risk_log_bellman_root_final': -0.8839863644151944, 'risk_log_bellman_root_min': -1.3741854960971698, 'risk_bellman_root_initial': 32.65578842163087, 'risk_bellman_root_final': 0.4131327271461487, 'risk_bellman_root_min': 0.25304561853408813, 'risk_bellman_initial': 1066.4005174383203, 'risk_bellman_final': 0.17067865023921414, 'risk_bellman_min': 0.06403208505929923, 'risk_log_bellman_root_drop': 4.37000849145725, 'risk_bellman_returned': 0.10899234563112259, 'risk_obj_returned': 0.6641486883163452, 'risk_returned_step': 2950.0, 'offline_data_id': 18, 'benchmark_point_source': 'fixed_config_plus_support_safe_target_policy_draws', 'target_set_size': 100, 'lambda_reg': 0.005, 'lambda_B': 2e-05, 'num_steps': 4000, 'transition_reduction_enabled': 1, 'transition_reduction_method': 'kmeans', 'transition_original_rows': 12000, 'transition_reduced_rows': 3093, 'transition_compression_ratio': 0.25775, 'target_mass_mean': 1.3869929313659668, 'target_mass_min': 0.15307246148586273, 'target_mass_max': 2.613982677459717, 'target_mass_sd': 0.6398715376853943, 'target_mass_rmse_to_target': 0.7450535297393799, 'target_beta_min': -0.05944488197565079, 'target_beta_max': 0.08188610523939133, 'target_neg_frac_mean': 0.451875, 'B_num_rows': 3093, 'B_num_cols': 800, 'B_min_dim': 800, 'B_numerical_rank': 800, 'B_rank_fraction': 1.0, 'B_rank_tolerance': 3.765473838868161e-05, 'B_stable_rank': 237.9297332763672, 'B_effective_rank': 771.7021588306175, 'B_entropy_rank': 6.648598670959473, 'B_spectral_norm': 0.10212442278862, 'B_frobenius_norm': 1.5752662420272827, 'B_nuclear_norm': 43.047821044921875, 'B_condition_number': 3.738980221556592, 'B_condition_number_tol': 3.738980221556592, 'B_smallest_singular_value': 0.027313442900776863, 'B_rank_rel_1em2': 800, 'B_rank_rel_1em3': 800, 'B_rank_rel_1em4': 800, 'risk_objective_final_raw': 2.930340528488159, 'risk_objective_min_raw': 0.6641486883163452, 'risk_objective_max_raw': 18000.68359375, 'risk_bellman_final_raw': 0.17067864537239075, 'risk_bellman_min_raw': 0.06403207778930664, 'risk_bellman_max_raw': 1066.4005126953125, 'risk_rkhs_ridge_final_raw': 5.178237915970385e-05, 'risk_rkhs_ridge_min_raw': 5.0274637032998726e-05, 'risk_rkhs_ridge_max_raw': 0.002292176242917776, 'risk_mass_final_raw': 2.759610176086426, 'risk_mass_min_raw': 0.555104672908783, 'risk_mass_max_raw': 16934.28125, 'risk_negativity_final_raw': 0.0, 'risk_negativity_min_raw': 0.0, 'risk_negativity_max_raw': 0.0, 'risk_B_norm_final_raw': 1.5756109952926636, 'risk_B_norm_min_raw': 1.5735825300216675, 'risk_B_norm_max_raw': 1.6422239542007446, 'risk_diagnostic_step_final_raw': 4000.0, 'risk_diagnostic_step_min_raw': 1.0, 'risk_diagnostic_step_max_raw': 4000.0, 'risk_best_step_final_raw': 2950.0, 'risk_best_step_min_raw': 2950.0, 'risk_best_step_max_raw': 2950.0, 'risk_best_objective_final_raw': 0.6641486883163452, 'risk_best_objective_min_raw': 0.6641486883163452, 'risk_best_objective_max_raw': 0.6641486883163452, 'risk_best_bellman_final_raw': 0.10899234563112259, 'risk_best_bellman_min_raw': 0.10899234563112259, 'risk_best_bellman_max_raw': 0.10899234563112259, 'risk_returned_step_final_raw': 2950.0, 'risk_returned_step_min_raw': 2950.0, 'risk_returned_step_max_raw': 2950.0, 'risk_returned_objective_final_raw': 0.6641486883163452, 'risk_returned_objective_min_raw': 0.6641486883163452, 'risk_returned_objective_max_raw': 0.6641486883163452, 'risk_returned_bellman_final_raw': 0.10899234563112259, 'risk_returned_bellman_min_raw': 0.10899234563112259, 'risk_returned_bellman_max_raw': 0.10899234563112259, 'risk_returned_best_checkpoint_final_raw': 1.0, 'risk_returned_best_checkpoint_min_raw': 1.0, 'risk_returned_best_checkpoint_max_raw': 1.0}
Benchmark 0 evaluation grid shape: (800, 3)
Replicate 18, benchmark 0 metrics: {'run_id': '18_b0', 'RMSE': 0.15170867230326693, 'MAE': 0.11815091621356259, 'SupNorm': 0.36306267976760864, 'Bias': 0.09166630793370131, 'Corr': 0.6707662901117045, 'deming_slope': 2.128944622782949, 'deming_intercept': -0.20436475706460722, 'beta_sum': 1.647007703781128, 'beta_l1': 6.946831703186035, 'beta_l2': 0.3117959797382355, 'beta_min': -0.032256580889225006, 'beta_max': 0.04019787162542343, 'beta_neg_frac': 0.44375, 'offline_data_id': 18, 'benchmark_id': 0, 'benchmark_point_source': 'fixed_config', 'target_set_size': 100, 'benchmark_z_path': 'data/Z_true.pt', 'projected_bellman_test_risk': 0.025876106694340706, 'oracle_embedding_risk': 0.9451909065246582, 'benchmark_embedding_risk': 0.9451909065246582, 'risk_bellman_final': 0.17067865023921414, 'risk_obj_final': 2.9303405284881587, 'B_num_rows': 3093, 'B_num_cols': 800, 'B_min_dim': 800, 'B_numerical_rank': 800, 'B_rank_fraction': 1.0, 'B_rank_tolerance': 3.765473838868161e-05, 'B_stable_rank': 237.9297332763672, 'B_effective_rank': 771.7021588306175, 'B_entropy_rank': 6.648598670959473, 'B_spectral_norm': 0.10212442278862, 'B_frobenius_norm': 1.5752662420272827, 'B_nuclear_norm': 43.047821044921875, 'B_condition_number': 3.738980221556592, 'B_condition_number_tol': 3.738980221556592, 'B_smallest_singular_value': 0.027313442900776863, 'B_rank_rel_1em2': 800, 'B_rank_rel_1em3': 800, 'B_rank_rel_1em4': 800}
Saved ./mu/mu_hat.csv shape=(800,)
Saved ./mu/mu2D_hat_dims01.csv shape=(120, 120)
Saved ./mu/mu2D_hat_dims01.csv shape=(120, 120)
Saved plots/replicate_18/mu_3D.png
Benchmark 1 evaluation grid shape: (800, 3)
Replicate 18, benchmark 1 metrics: {'run_id': '18_b1', 'RMSE': 0.29441885739123347, 'MAE': 0.26804788016394016, 'SupNorm': 0.49951988458633423, 'Bias': 0.26804788016394016, 'Corr': 0.9873214521582468, 'deming_slope': 2.2684707478884745, 'deming_intercept': -0.062432233326098596, 'beta_sum': 1.8611091375350952, 'beta_l1': 13.078329086303711, 'beta_l2': 0.5867469906806946, 'beta_min': -0.060593292117118835, 'beta_max': 0.0851048082113266, 'beta_neg_frac': 0.465, 'offline_data_id': 18, 'benchmark_id': 1, 'benchmark_point_source': 'fixed_config', 'target_set_size': 100, 'benchmark_z_path': 'data/Z_true.pt', 'projected_bellman_test_risk': 0.12472561001777649, 'oracle_embedding_risk': 1.0412168502807617, 'benchmark_embedding_risk': 1.0412168502807617, 'risk_bellman_final': 0.17067865023921414, 'risk_obj_final': 2.9303405284881587, 'B_num_rows': 3093, 'B_num_cols': 800, 'B_min_dim': 800, 'B_numerical_rank': 800, 'B_rank_fraction': 1.0, 'B_rank_tolerance': 3.765473838868161e-05, 'B_stable_rank': 237.9297332763672, 'B_effective_rank': 771.7021588306175, 'B_entropy_rank': 6.648598670959473, 'B_spectral_norm': 0.10212442278862, 'B_frobenius_norm': 1.5752662420272827, 'B_nuclear_norm': 43.047821044921875, 'B_condition_number': 3.738980221556592, 'B_condition_number_tol': 3.738980221556592, 'B_smallest_singular_value': 0.027313442900776863, 'B_rank_rel_1em2': 800, 'B_rank_rel_1em3': 800, 'B_rank_rel_1em4': 800}
Benchmark 2 evaluation grid shape: (800, 3)
Replicate 18, benchmark 2 metrics: {'run_id': '18_b2', 'RMSE': 0.3186388545064393, 'MAE': 0.2895117153922911, 'SupNorm': 0.5470299422740936, 'Bias': 0.28951038420636904, 'Corr': 0.957996685999915, 'deming_slope': 2.4355734684424832, 'deming_intercept': -0.09527151934076106, 'beta_sum': 1.9576900005340576, 'beta_l1': 12.794092178344727, 'beta_l2': 0.5705599784851074, 'beta_min': -0.05661745369434357, 'beta_max': 0.08476640284061432, 'beta_neg_frac': 0.47125, 'offline_data_id': 18, 'benchmark_id': 2, 'benchmark_point_source': 'fixed_config', 'target_set_size': 100, 'benchmark_z_path': 'data/Z_true.pt', 'projected_bellman_test_risk': 0.07319951057434082, 'oracle_embedding_risk': 1.0956698656082153, 'benchmark_embedding_risk': 1.0956698656082153, 'risk_bellman_final': 0.17067865023921414, 'risk_obj_final': 2.9303405284881587, 'B_num_rows': 3093, 'B_num_cols': 800, 'B_min_dim': 800, 'B_numerical_rank': 800, 'B_rank_fraction': 1.0, 'B_rank_tolerance': 3.765473838868161e-05, 'B_stable_rank': 237.9297332763672, 'B_effective_rank': 771.7021588306175, 'B_entropy_rank': 6.648598670959473, 'B_spectral_norm': 0.10212442278862, 'B_frobenius_norm': 1.5752662420272827, 'B_nuclear_norm': 43.047821044921875, 'B_condition_number': 3.738980221556592, 'B_condition_number_tol': 3.738980221556592, 'B_smallest_singular_value': 0.027313442900776863, 'B_rank_rel_1em2': 800, 'B_rank_rel_1em3': 800, 'B_rank_rel_1em4': 800}
Benchmark 3 evaluation grid shape: (800, 3)
Replicate 18, benchmark 3 metrics: {'run_id': '18_b3', 'RMSE': 0.24290421571708443, 'MAE': 0.21699043591506778, 'SupNorm': 0.43411868810653687, 'Bias': 0.2169875359442085, 'Corr': 0.957889714598738, 'deming_slope': 2.1242001971793742, 'deming_intercept': -0.07446141551710977, 'beta_sum': 1.7566139698028564, 'beta_l1': 12.47750473022461, 'beta_l2': 0.5601465106010437, 'beta_min': -0.055632323026657104, 'beta_max': 0.07897040247917175, 'beta_neg_frac': 0.465, 'offline_data_id': 18, 'benchmark_id': 3, 'benchmark_point_source': 'fixed_config', 'target_set_size': 100, 'benchmark_z_path': 'data/Z_true.pt', 'projected_bellman_test_risk': 0.0973229706287384, 'oracle_embedding_risk': 0.9674312472343445, 'benchmark_embedding_risk': 0.9674312472343445, 'risk_bellman_final': 0.17067865023921414, 'risk_obj_final': 2.9303405284881587, 'B_num_rows': 3093, 'B_num_cols': 800, 'B_min_dim': 800, 'B_numerical_rank': 800, 'B_rank_fraction': 1.0, 'B_rank_tolerance': 3.765473838868161e-05, 'B_stable_rank': 237.9297332763672, 'B_effective_rank': 771.7021588306175, 'B_entropy_rank': 6.648598670959473, 'B_spectral_norm': 0.10212442278862, 'B_frobenius_norm': 1.5752662420272827, 'B_nuclear_norm': 43.047821044921875, 'B_condition_number': 3.738980221556592, 'B_condition_number_tol': 3.738980221556592, 'B_smallest_singular_value': 0.027313442900776863, 'B_rank_rel_1em2': 800, 'B_rank_rel_1em3': 800, 'B_rank_rel_1em4': 800}
Benchmark 4 evaluation grid shape: (800, 3)
Replicate 18, benchmark 4 metrics: {'run_id': '18_b4', 'RMSE': 0.1094846798435997, 'MAE': 0.1030356111160654, 'SupNorm': 0.1687546968460083, 'Bias': -0.10300034304775181, 'Corr': 0.9231540140943542, 'deming_slope': 0.829561144119461, 'deming_intercept': -0.05756054579820666, 'beta_sum': 0.5231196284294128, 'beta_l1': 6.477593421936035, 'beta_l2': 0.2987891435623169, 'beta_min': -0.030032049864530563, 'beta_max': 0.057183146476745605, 'beta_neg_frac': 0.485, 'offline_data_id': 18, 'benchmark_id': 4, 'benchmark_point_source': 'support_safe_target_policy_draw', 'target_set_size': 100, 'benchmark_z_path': 'data/Z_true.pt', 'projected_bellman_test_risk': 0.03289112448692322, 'oracle_embedding_risk': 0.8162017464637756, 'benchmark_embedding_risk': 0.8162017464637756, 'risk_bellman_final': 0.17067865023921414, 'risk_obj_final': 2.9303405284881587, 'B_num_rows': 3093, 'B_num_cols': 800, 'B_min_dim': 800, 'B_numerical_rank': 800, 'B_rank_fraction': 1.0, 'B_rank_tolerance': 3.765473838868161e-05, 'B_stable_rank': 237.9297332763672, 'B_effective_rank': 771.7021588306175, 'B_entropy_rank': 6.648598670959473, 'B_spectral_norm': 0.10212442278862, 'B_frobenius_norm': 1.5752662420272827, 'B_nuclear_norm': 43.047821044921875, 'B_condition_number': 3.738980221556592, 'B_condition_number_tol': 3.738980221556592, 'B_smallest_singular_value': 0.027313442900776863, 'B_rank_rel_1em2': 800, 'B_rank_rel_1em3': 800, 'B_rank_rel_1em4': 800}
Benchmark 5 evaluation grid shape: (800, 3)
Replicate 18, benchmark 5 metrics: {'run_id': '18_b5', 'RMSE': 0.24147682444240395, 'MAE': 0.22580260085783266, 'SupNorm': 0.38309427350759506, 'Bias': -0.22578498848391063, 'Corr': 0.5487588383470591, 'deming_slope': 0.09390761874167755, 'deming_intercept': 0.007066803678697886, 'beta_sum': 0.22043004631996155, 'beta_l1': 0.8359953761100769, 'beta_l2': 0.03952867165207863, 'beta_min': -0.0033973141107708216, 'beta_max': 0.007925416342914104, 'beta_neg_frac': 0.43625, 'offline_data_id': 18, 'benchmark_id': 5, 'benchmark_point_source': 'support_safe_target_policy_draw', 'target_set_size': 100, 'benchmark_z_path': 'data/Z_true.pt', 'projected_bellman_test_risk': 0.004900019150227308, 'oracle_embedding_risk': 0.9444410800933838, 'benchmark_embedding_risk': 0.9444410800933838, 'risk_bellman_final': 0.17067865023921414, 'risk_obj_final': 2.9303405284881587, 'B_num_rows': 3093, 'B_num_cols': 800, 'B_min_dim': 800, 'B_numerical_rank': 800, 'B_rank_fraction': 1.0, 'B_rank_tolerance': 3.765473838868161e-05, 'B_stable_rank': 237.9297332763672, 'B_effective_rank': 771.7021588306175, 'B_entropy_rank': 6.648598670959473, 'B_spectral_norm': 0.10212442278862, 'B_frobenius_norm': 1.5752662420272827, 'B_nuclear_norm': 43.047821044921875, 'B_condition_number': 3.738980221556592, 'B_condition_number_tol': 3.738980221556592, 'B_smallest_singular_value': 0.027313442900776863, 'B_rank_rel_1em2': 800, 'B_rank_rel_1em3': 800, 'B_rank_rel_1em4': 800}
Benchmark 6 evaluation grid shape: (800, 3)
Replicate 18, benchmark 6 metrics: {'run_id': '18_b6', 'RMSE': 0.13047943005121365, 'MAE': 0.10487699169665575, 'SupNorm': 0.2846154570579529, 'Bias': 0.09384343825047836, 'Corr': 0.8082928590880204, 'deming_slope': 1.7108559300263757, 'deming_intercept': -0.09381626387239334, 'beta_sum': 1.5264415740966797, 'beta_l1': 8.649629592895508, 'beta_l2': 0.3906615972518921, 'beta_min': -0.04123160243034363, 'beta_max': 0.05953369289636612, 'beta_neg_frac': 0.45, 'offline_data_id': 18, 'benchmark_id': 6, 'benchmark_point_source': 'support_safe_target_policy_draw', 'target_set_size': 100, 'benchmark_z_path': 'data/Z_true.pt', 'projected_bellman_test_risk': 0.012387685477733612, 'oracle_embedding_risk': 0.8602520227432251, 'benchmark_embedding_risk': 0.8602520227432251, 'risk_bellman_final': 0.17067865023921414, 'risk_obj_final': 2.9303405284881587, 'B_num_rows': 3093, 'B_num_cols': 800, 'B_min_dim': 800, 'B_numerical_rank': 800, 'B_rank_fraction': 1.0, 'B_rank_tolerance': 3.765473838868161e-05, 'B_stable_rank': 237.9297332763672, 'B_effective_rank': 771.7021588306175, 'B_entropy_rank': 6.648598670959473, 'B_spectral_norm': 0.10212442278862, 'B_frobenius_norm': 1.5752662420272827, 'B_nuclear_norm': 43.047821044921875, 'B_condition_number': 3.738980221556592, 'B_condition_number_tol': 3.738980221556592, 'B_smallest_singular_value': 0.027313442900776863, 'B_rank_rel_1em2': 800, 'B_rank_rel_1em3': 800, 'B_rank_rel_1em4': 800}
Benchmark 7 evaluation grid shape: (800, 3)
Replicate 18, benchmark 7 metrics: {'run_id': '18_b7', 'RMSE': 0.15578257234826184, 'MAE': 0.1417047802367597, 'SupNorm': 0.26584677398204803, 'Bias': -0.1416844727852731, 'Corr': 0.7217458455689625, 'deming_slope': 0.5666880575196892, 'deming_intercept': -0.02837981649840375, 'beta_sum': 0.44572871923446655, 'beta_l1': 9.66621208190918, 'beta_l2': 0.42870959639549255, 'beta_min': -0.04580177739262581, 'beta_max': 0.057759515941143036, 'beta_neg_frac': 0.5, 'offline_data_id': 18, 'benchmark_id': 7, 'benchmark_point_source': 'support_safe_target_policy_draw', 'target_set_size': 100, 'benchmark_z_path': 'data/Z_true.pt', 'projected_bellman_test_risk': 0.01540313009172678, 'oracle_embedding_risk': 0.8484790325164795, 'benchmark_embedding_risk': 0.8484790325164795, 'risk_bellman_final': 0.17067865023921414, 'risk_obj_final': 2.9303405284881587, 'B_num_rows': 3093, 'B_num_cols': 800, 'B_min_dim': 800, 'B_numerical_rank': 800, 'B_rank_fraction': 1.0, 'B_rank_tolerance': 3.765473838868161e-05, 'B_stable_rank': 237.9297332763672, 'B_effective_rank': 771.7021588306175, 'B_entropy_rank': 6.648598670959473, 'B_spectral_norm': 0.10212442278862, 'B_frobenius_norm': 1.5752662420272827, 'B_nuclear_norm': 43.047821044921875, 'B_condition_number': 3.738980221556592, 'B_condition_number_tol': 3.738980221556592, 'B_smallest_singular_value': 0.027313442900776863, 'B_rank_rel_1em2': 800, 'B_rank_rel_1em3': 800, 'B_rank_rel_1em4': 800}
Benchmark 8 evaluation grid shape: (800, 3)
Replicate 18, benchmark 8 metrics: {'run_id': '18_b8', 'RMSE': 0.12630295718204698, 'MAE': 0.11370998759870417, 'SupNorm': 0.216695636510849, 'Bias': -0.11360546128940768, 'Corr': 0.9455177330989181, 'deming_slope': 0.464735891764499, 'deming_intercept': 0.025827724768549484, 'beta_sum': 0.7251579761505127, 'beta_l1': 4.641969680786133, 'beta_l2': 0.21113601326942444, 'beta_min': -0.021212639287114143, 'beta_max': 0.03309093788266182, 'beta_neg_frac': 0.4675, 'offline_data_id': 18, 'benchmark_id': 8, 'benchmark_point_source': 'support_safe_target_policy_draw', 'target_set_size': 100, 'benchmark_z_path': 'data/Z_true.pt', 'projected_bellman_test_risk': 0.060504280030727386, 'oracle_embedding_risk': 0.8004065752029419, 'benchmark_embedding_risk': 0.8004065752029419, 'risk_bellman_final': 0.17067865023921414, 'risk_obj_final': 2.9303405284881587, 'B_num_rows': 3093, 'B_num_cols': 800, 'B_min_dim': 800, 'B_numerical_rank': 800, 'B_rank_fraction': 1.0, 'B_rank_tolerance': 3.765473838868161e-05, 'B_stable_rank': 237.9297332763672, 'B_effective_rank': 771.7021588306175, 'B_entropy_rank': 6.648598670959473, 'B_spectral_norm': 0.10212442278862, 'B_frobenius_norm': 1.5752662420272827, 'B_nuclear_norm': 43.047821044921875, 'B_condition_number': 3.738980221556592, 'B_condition_number_tol': 3.738980221556592, 'B_smallest_singular_value': 0.027313442900776863, 'B_rank_rel_1em2': 800, 'B_rank_rel_1em3': 800, 'B_rank_rel_1em4': 800}
Benchmark 9 evaluation grid shape: (800, 3)
Replicate 18, benchmark 9 metrics: {'run_id': '18_b9', 'RMSE': 0.10107398068065172, 'MAE': 0.09111888273269869, 'SupNorm': 0.17452964186668396, 'Bias': -0.09107449253671802, 'Corr': 0.904575725955945, 'deming_slope': 0.7109475982956938, 'deming_intercept': -0.014254423702469404, 'beta_sum': 0.6823447346687317, 'beta_l1': 9.135196685791016, 'beta_l2': 0.41214945912361145, 'beta_min': -0.046443838626146317, 'beta_max': 0.05859602987766266, 'beta_neg_frac': 0.48625, 'offline_data_id': 18, 'benchmark_id': 9, 'benchmark_point_source': 'support_safe_target_policy_draw', 'target_set_size': 100, 'benchmark_z_path': 'data/Z_true.pt', 'projected_bellman_test_risk': 0.022318020462989807, 'oracle_embedding_risk': 0.7829127907752991, 'benchmark_embedding_risk': 0.7829127907752991, 'risk_bellman_final': 0.17067865023921414, 'risk_obj_final': 2.9303405284881587, 'B_num_rows': 3093, 'B_num_cols': 800, 'B_min_dim': 800, 'B_numerical_rank': 800, 'B_rank_fraction': 1.0, 'B_rank_tolerance': 3.765473838868161e-05, 'B_stable_rank': 237.9297332763672, 'B_effective_rank': 771.7021588306175, 'B_entropy_rank': 6.648598670959473, 'B_spectral_norm': 0.10212442278862, 'B_frobenius_norm': 1.5752662420272827, 'B_nuclear_norm': 43.047821044921875, 'B_condition_number': 3.738980221556592, 'B_condition_number_tol': 3.738980221556592, 'B_smallest_singular_value': 0.027313442900776863, 'B_rank_rel_1em2': 800, 'B_rank_rel_1em3': 800, 'B_rank_rel_1em4': 800}
Replicate 18 finished in 22.3s
Finished combo 2, offline replicate 18.
