Job ID:    2359113
Array idx: 323
CPUs/node: 64
Mem/node:  131072
Using CC = cc 
Using CXX = CC 
Using FC = ftn 
Using F77 = ftn 
Using F90 = ftn 
cuda/12.6.1 is deprecated; loading cudatoolkit/25.5_12.9 instead.
Using CC = /opt/nvidia/hpc_sdk/Linux_aarch64/25.5/compilers/bin/nvc 
Using CXX = /opt/nvidia/hpc_sdk/Linux_aarch64/25.5/compilers/bin/nvc++ 
Using FC = /opt/nvidia/hpc_sdk/Linux_aarch64/25.5/compilers/bin/nvfortran 
Using F77 = /opt/nvidia/hpc_sdk/Linux_aarch64/25.5/compilers/bin/nvfortran 
Using F90 = /opt/nvidia/hpc_sdk/Linux_aarch64/25.5/compilers/bin/nvfortran 
Using CC = /opt/nvidia/hpc_sdk/Linux_aarch64/25.5/compilers/bin/nvc 
Using CXX = /opt/nvidia/hpc_sdk/Linux_aarch64/25.5/compilers/bin/nvc++ 
Using FC = /opt/nvidia/hpc_sdk/Linux_aarch64/25.5/compilers/bin/nvfortran 
Using F77 = /opt/nvidia/hpc_sdk/Linux_aarch64/25.5/compilers/bin/nvfortran 
Using F90 = /opt/nvidia/hpc_sdk/Linux_aarch64/25.5/compilers/bin/nvfortran 

Lmod is automatically replacing "gcc-native/14" with "gcc/14.2.0".

ghx4
0
Tuning combo id: 3 / 6
Offline replicate id: 23 / 99
Installing ke_drl from git: https://github.com/mehrdadmhmdi/ke-drl.git@main
Collecting git+https://github.com/mehrdadmhmdi/ke-drl.git@main
  Cloning https://github.com/mehrdadmhmdi/ke-drl.git (to revision main) to /tmp/pip-req-build-h7lzrdxq
  Running command git clone --filter=blob:none --quiet https://github.com/mehrdadmhmdi/ke-drl.git /tmp/pip-req-build-h7lzrdxq
  Resolved https://github.com/mehrdadmhmdi/ke-drl.git to commit 3c5d570e40ea15b1fbe4817b5f43b64c7b333e82
  Installing build dependencies: started
  Installing build dependencies: finished with status 'done'
  Getting requirements to build wheel: started
  Getting requirements to build wheel: finished with status 'done'
  Preparing metadata (pyproject.toml): started
  Preparing metadata (pyproject.toml): finished with status 'done'
Building wheels for collected packages: ke_drl
  Building wheel for ke_drl (pyproject.toml): started
  Building wheel for ke_drl (pyproject.toml): finished with status 'done'
  Created wheel for ke_drl: filename=ke_drl-0.1.0-py3-none-any.whl size=47219 sha256=bed09a9800f616f0819731560258bdbcfecdfe07b2d0ff62ca80a462ea3409b8
  Stored in directory: /tmp/pip-ephem-wheel-cache-imkrzof2/wheels/24/47/ad/9a4ffd3b05d3e90e35ffc6e7324b735b8bfcf5f51aaf29a333
Successfully built ke_drl
Installing collected packages: ke_drl
Successfully installed ke_drl-0.1.0
Installed ke_drl source: /work/nvme/bfez/mehrdad3/DistRL/simulation_3/runs/sim3_global_2358722_3/.kedrl_site_323/ke_drl/__init__.py
Tuning combo 3: kernel_nu_7.5
Overrides: {'kernel': {'nu': 7.5}}
RUN: /sw/user/python/miniforge3-pytorch-24.11.3/bin/python3 validate_sim_config.py --params params.yaml
ke_drl import source: /work/nvme/bfez/mehrdad3/DistRL/simulation_3/runs/sim3_global_2358722_3/.kedrl_site_323/ke_drl/__init__.py
ke_drl package API OK: prediction weights, RFF operators, rank diagnostics, and best-checkpoint optimizer available
Policy config OK: behavior=uniform, target=logistic, state_dim=5, action_dim=1
Note: policy.logistic.theta_scale/theta_std are log-scale coefficients in Probability_Densities.
Behavior-policy linearized state-process diagnostic: spectral_radius=0.653, offline_burn_in=50
Replicate config OK: num_replicates=100, benchmark points=10 independent of D_i, loss target points=100
Transition reduction OK: method=kmeans, raw rows N(T-1)=12000, target rows about 3000, B rows reduced from 12000 to about 3000
Return-operator approximation OK: method=rff, features=512, exact G avoided for estimated N=12000, m=800, L=100
Fixed benchmark config rows=4 (benchmark.num_points=10; additional points are support-safe target-policy draws if needed)
Fixed benchmark point 0: s_star=[0.6, -0.8, 0.7, -0.5, 0.9], a_star=[0.5]
Fixed benchmark behavior-support interval for configured rows: min_lower=-0.12, max_upper=1.11
Fixed benchmark target-policy location range: [-0.02, 0.14]
Reusing shared data from /work/nvme/bfez/mehrdad3/DistRL/simulation_3/runs/sim3_shared_data/data for offline replicate 23.
RUN: /sw/user/python/miniforge3-pytorch-24.11.3/bin/python3 validate_sim_config.py --params params.yaml --data data/offline_data_23.pt
ke_drl import source: /work/nvme/bfez/mehrdad3/DistRL/simulation_3/runs/sim3_global_2358722_3/.kedrl_site_323/ke_drl/__init__.py
ke_drl package API OK: prediction weights, RFF operators, rank diagnostics, and best-checkpoint optimizer available
Policy config OK: behavior=uniform, target=logistic, state_dim=5, action_dim=1
Note: policy.logistic.theta_scale/theta_std are log-scale coefficients in Probability_Densities.
Behavior-policy linearized state-process diagnostic: spectral_radius=0.653, offline_burn_in=50
Replicate config OK: num_replicates=100, benchmark points=10 independent of D_i, loss target points=100
Transition reduction OK: method=kmeans, raw rows N(T-1)=12000, target rows about 3000, B rows reduced from 12000 to about 3000
Return-operator approximation OK: method=rff, features=512, exact G avoided for estimated N=12000, m=800, L=100
Fixed benchmark config rows=4 (benchmark.num_points=10; additional points are support-safe target-policy draws if needed)
Fixed benchmark point 0: s_star=[0.6, -0.8, 0.7, -0.5, 0.9], a_star=[0.5]
Fixed benchmark behavior-support interval for configured rows: min_lower=-0.12, max_upper=1.11
Fixed benchmark target-policy location range: [-0.02, 0.14]
Full benchmark support check OK: 10 points, min_lower=-2.177, max_upper=2.05
observed behavior actions: mean=0.4039, sd=0.6775, q0/q10/q50/q90/q100=[-2.134533643722534, -0.42157070636749266, 0.3493930250406265, 1.3195017218589784, 2.9577038288116455]
target-policy sampled actions: mean=-0.02477, sd=0.6756, q0/q10/q50/q90/q100=[-2.6087779013196983, -0.8829402787279488, -0.010551772981463573, 0.8359030596299337, 2.425066397464312]
behavior uniform lower: mean=-0.1244, sd=0.6688, q0/q10/q50/q90/q100=[-2.6369176030159, -0.9819512704014778, -0.1142337247729302, 0.7376861640810968, 2.2813601434230804]
behavior uniform upper: mean=0.9312, sd=0.6468, q0/q10/q50/q90/q100=[-0.9033236622810362, 0.08155781704001137, 0.9402511283755303, 1.765146791189909, 3.2813601434230804]
target location inside behavior uniform support: 0.969
RUN: /sw/user/python/miniforge3-pytorch-24.11.3/bin/python3 main_est.py
# ================================================================ #
#   Global KE-DRL estimation for one offline replicate              #
# ================================================================ #
Slurm Job ID: 2359113
Slurm Array ID: 23 -- used as the offline-replicate id
Offline data id: 23
ke_drl import source: /work/nvme/bfez/mehrdad3/DistRL/simulation_3/runs/sim3_global_2358722_3/.kedrl_site_323/ke_drl/__init__.py
Estimator device: cuda (NVIDIA GH200 120GB, capability 9.0); torch CUDA=13.0
Random seed: 20460535
Number of offline replicates: 100
[transition reduction] enabled: original rows=12000, target basis=3000, method=kmeans, device=cuda
[transition reduction] kmeans iter 1/20, mean center shift=2.6947e-01
[transition reduction] kmeans iter 5/20, mean center shift=5.4834e-03
[transition reduction] kmeans iter 10/20, mean center shift=5.3040e-08
[transition reduction] selected 3082 rows from 12000 transitions (ratio 0.2568); indices saved to data/reduced_transition_indices_23.pt
Data and parameters loaded.
offline path: data/offline_data_23.pt
benchmark true-Z path: data/Z_true.pt
offline shapes after reduction: s0=(3082, 5), a0=(3082, 1), r0=(3082, 3)
transition reduction: {'enabled': True, 'method': 'kmeans', 'original_rows': 12000, 'reduced_rows': 3082, 'selected_indices_path': 'data/reduced_transition_indices_23.pt', 'target_basis': 3000, 'compression_ratio': 0.25683333333333336}
fixed benchmark point source: fixed_config_plus_support_safe_target_policy_draws
benchmark row excluded from this offline data: None
global loss target set shape: s_star=(100, 5), a_star=(100, 1)
benchmark true-Z count=10, shape each=(50000, 3)
target policy: logistic
behavior policy: uniform
lambda_Gamma=0.005, lambda_B=0.02, d_r_method=song
dtype=torch.float32, operator_method=rff, operator_num_features=512
ridge_mode=rkhs, diagnostic_interval=50
mass_anchor_lambda=1.0, target_mass=1.0
uLSIF basis: source=numerator, n_basis=512, lambda_reg=0.005
optimizer stabilizers: lambda_neg=0.0, max_B_norm=None, eta_clip_min=0.0, eta_clip_max=5.0, normalize_eta=True
========================================
Estimating the global KE-DRL mean embedding
torch device=cuda, dtype=torch.float32
Data dims: N=3082, L=100, Ds=5, Da=1, Dr=3
lambda_Gamma=0.005, lambda_B=0.02
return-operator construction: method=rff, rff_features=512
[uLSIF] basis=512/3082 (numerator); eta_hat min=-6.150e-01 max=5.537e+00 neg%=4.02
ESS for eta_plus: 2182.9 / 3082
eta_plus diagnostics: raw_mean=0.999, raw_min=-0.615, raw_max=5.54; used_mean=1, used_min=0, used_max=4.97
[timing] Z-grid: 0.03s
[timing] K_X: 0.00s
[timing] K_plus: 0.00s
[timing] k_star: 0.00s
[timing] Gamma_stack: 0.01s
[timing] Phi_stack: 0.00s
[timing] RFF feature sample: 0.00s
[timing] K_Z RFF: 0.00s
[timing] G_stack RFF: 0.01s
[timing] H_stack RFF: 0.01s
findfont: Font family 'Nimbus Roman' not found.
findfont: Font family 'Nimbus Roman' not found.
findfont: Font family 'Nimbus Roman' not found.
findfont: Font family 'Nimbus Roman' not found.
findfont: Font family 'Nimbus Roman' not found.
findfont: Font family 'Nimbus Roman' not found.
findfont: Font family 'Nimbus Roman' not found.
findfont: Font family 'Nimbus Roman' not found.
findfont: Font family 'Nimbus Roman' not found.
findfont: Font family 'Nimbus Roman' not found.
findfont: Font family 'Nimbus Roman' not found.
findfont: Font family 'Nimbus Roman' not found.
findfont: Font family 'Nimbus Roman' not found.
findfont: Font family 'Nimbus Roman' not found.
findfont: Font family 'Nimbus Roman' not found.
findfont: Font family 'Nimbus Roman' not found.
findfont: Font family 'Nimbus Roman' not found.
findfont: Font family 'Nimbus Roman' not found.
findfont: Font family 'Nimbus Roman' not found.
findfont: Font family 'Nimbus Roman' not found.
findfont: Font family 'Nimbus Roman' not found.
findfont: Font family 'Nimbus Roman' not found.
findfont: Font family 'Nimbus Roman' not found.
findfont: Font family 'Nimbus Roman' not found.
findfont: Font family 'Nimbus Roman' not found.
findfont: Font family 'Nimbus Roman' not found.
findfont: Font family 'Nimbus Roman' not found.
findfont: Font family 'Nimbus Roman' not found.
findfont: Font family 'Nimbus Roman' not found.
findfont: Font family 'Nimbus Roman' not found.
findfont: Font family 'Nimbus Roman' not found.
findfont: Font family 'Nimbus Roman' not found.
findfont: Font family 'Nimbus Roman' not found.
findfont: Font family 'Nimbus Roman' not found.
findfont: Font family 'Nimbus Roman' not found.
findfont: Font family 'Nimbus Roman' not found.
findfont: Font family 'Nimbus Roman' not found.
findfont: Font family 'Nimbus Roman' not found.
findfont: Font family 'Nimbus Roman' not found.
findfont: Font family 'Nimbus Roman' not found.
findfont: Font family 'Nimbus Roman' not found.
findfont: Font family 'Nimbus Roman' not found.
findfont: Font family 'Nimbus Roman' not found.
findfont: Font family 'Nimbus Roman' not found.
findfont: Font family 'Nimbus Roman' not found.
findfont: Font family 'Nimbus Roman' not found.
findfont: Font family ['Nimbus Roman'] not found. Falling back to DejaVu Sans.
findfont: Font family 'Nimbus Roman' not found.
findfont: Font family ['Nimbus Roman'] not found. Falling back to DejaVu Sans.
findfont: Font family 'Nimbus Roman' not found.
findfont: Font family 'Nimbus Roman' not found.
findfont: Font family 'Nimbus Roman' not found.
findfont: Font family 'Nimbus Roman' not found.
findfont: Font family 'Nimbus Roman' not found.
findfont: Font family 'Nimbus Roman' not found.
findfont: Font family 'Nimbus Roman' not found.
findfont: Font family 'Nimbus Roman' not found.
findfont: Font family 'Nimbus Roman' not found.
findfont: Font family 'Nimbus Roman' not found.
findfont: Font family ['Nimbus Roman'] not found. Falling back to DejaVu Sans.
findfont: Font family 'Nimbus Roman' not found.
findfont: Font family 'Nimbus Roman' not found.
findfont: Font family 'Nimbus Roman' not found.
findfont: Font family 'Nimbus Roman' not found.
findfont: Font family 'Nimbus Roman' not found.
findfont: Font family 'Nimbus Roman' not found.
findfont: Font family 'Nimbus Roman' not found.
findfont: Font family 'Nimbus Roman' not found.
findfont: Font family 'Nimbus Roman' not found.
findfont: Font family 'Nimbus Roman' not found.
findfont: Font family 'Nimbus Roman' not found.
findfont: Font family 'Nimbus Roman' not found.
findfont: Font family 'Nimbus Roman' not found.
findfont: Font family 'Nimbus Roman' not found.
findfont: Font family 'Nimbus Roman' not found.
findfont: Font family 'Nimbus Roman' not found.
findfont: Font family 'Nimbus Roman' not found.
findfont: Font family 'Nimbus Roman' not found.
findfont: Font family 'Nimbus Roman' not found.
findfont: Font family 'Nimbus Roman' not found.
findfont: Font family 'Nimbus Roman' not found.
findfont: Font family 'Nimbus Roman' not found.
findfont: Font family 'Nimbus Roman' not found.
findfont: Font family 'Nimbus Roman' not found.
findfont: Font family 'Nimbus Roman' not found.
findfont: Font family 'Nimbus Roman' not found.
findfont: Font family 'Nimbus Roman' not found.
findfont: Font family 'Nimbus Roman' not found.
findfont: Font family 'Nimbus Roman' not found.
findfont: Font family 'Nimbus Roman' not found.
findfont: Font family 'Nimbus Roman' not found.
findfont: Font family 'Nimbus Roman' not found.
findfont: Font family 'Nimbus Roman' not found.
findfont: Font family 'Nimbus Roman' not found.
findfont: Font family 'Nimbus Roman' not found.
findfont: Font family 'Nimbus Roman' not found.
findfont: Font family 'Nimbus Roman' not found.
findfont: Font family 'Nimbus Roman' not found.
findfont: Font family 'Nimbus Roman' not found.
findfont: Font family 'Nimbus Roman' not found.
findfont: Font family 'Nimbus Roman' not found.
findfont: Font family 'Nimbus Roman' not found.
findfont: Font family 'Nimbus Roman' not found.
findfont: Font family 'Nimbus Roman' not found.
findfont: Font family 'Nimbus Roman' not found.
findfont: Font family 'Nimbus Roman' not found.
findfont: Font family 'Nimbus Roman' not found.
findfont: Font family 'Nimbus Roman' not found.
findfont: Font family 'Nimbus Roman' not found.
findfont: Font family 'Nimbus Roman' not found.
findfont: Font family 'Nimbus Roman' not found.
findfont: Font family 'Nimbus Roman' not found.
findfont: Font family 'Nimbus Roman' not found.
findfont: Font family 'Nimbus Roman' not found.
findfont: Font family 'Nimbus Roman' not found.
findfont: Font family 'Nimbus Roman' not found.
findfont: Font family 'Nimbus Roman' not found.
findfont: Font family 'Nimbus Roman' not found.
findfont: Font family 'Nimbus Roman' not found.
findfont: Font family 'Nimbus Roman' not found.
findfont: Font family 'Nimbus Roman' not found.
findfont: Font family 'Nimbus Roman' not found.
findfont: Font family 'Nimbus Roman' not found.
findfont: Font family 'Nimbus Roman' not found.
findfont: Font family 'Nimbus Roman' not found.
findfont: Font family 'Nimbus Roman' not found.
findfont: Font family 'Nimbus Roman' not found.
findfont: Font family 'Nimbus Roman' not found.
findfont: Font family 'Nimbus Roman' not found.
findfont: Font family 'Nimbus Roman' not found.
findfont: Font family 'Nimbus Roman' not found.
findfont: Font family 'Nimbus Roman' not found.
findfont: Font family 'Nimbus Roman' not found.
findfont: Font family 'Nimbus Roman' not found.
findfont: Font family 'Nimbus Roman' not found.
findfont: Font family 'Nimbus Roman' not found.
findfont: Font family 'Nimbus Roman' not found.
findfont: Font family 'Nimbus Roman' not found.
findfont: Font family 'Nimbus Roman' not found.
findfont: Font family 'Nimbus Roman' not found.
findfont: Font family 'Nimbus Roman' not found.
Ridge mode: rkhs; diagnostic interval: 50
Iter 1/4000 | log_obj=9.858e+00 | log_Bellman_root=3.540e+00 | mass=1.79e+04 | neg=0.00e+00 | grad=5.87e+02
Iter 400/4000 | log_obj=5.488e+00 | log_Bellman_root=1.352e+00 | mass=2.27e+02 | neg=0.00e+00 | grad=4.07e+03
Iter 800/4000 | log_obj=5.415e+00 | log_Bellman_root=1.307e+00 | mass=2.11e+02 | neg=0.00e+00 | grad=6.06e+03
Iter 1200/4000 | log_obj=5.057e+00 | log_Bellman_root=1.135e+00 | mass=1.47e+02 | neg=0.00e+00 | grad=1.39e+04
Iter 1600/4000 | log_obj=2.706e+00 | log_Bellman_root=-2.951e-02 | mass=1.40e+01 | neg=0.00e+00 | grad=2.77e+03
Iter 2000/4000 | log_obj=2.710e+00 | log_Bellman_root=-2.831e-02 | mass=1.41e+01 | neg=0.00e+00 | grad=2.78e+03
Iter 2400/4000 | log_obj=2.713e+00 | log_Bellman_root=-2.718e-02 | mass=1.41e+01 | neg=0.00e+00 | grad=2.78e+03
Iter 2800/4000 | log_obj=3.752e+00 | log_Bellman_root=4.833e-01 | mass=3.99e+01 | neg=0.00e+00 | grad=4.74e+03
Iter 3200/4000 | log_obj=3.816e+00 | log_Bellman_root=5.063e-01 | mass=4.26e+01 | neg=0.00e+00 | grad=4.89e+03
Iter 3600/4000 | log_obj=3.815e+00 | log_Bellman_root=5.060e-01 | mass=4.26e+01 | neg=0.00e+00 | grad=4.89e+03
Iter 4000/4000 | log_obj=1.527e-01 | log_Bellman_root=-1.250e+00 | mass=1.06e+00 | neg=0.00e+00 | grad=4.97e+02
Returning best diagnostic checkpoint from step 3650 (objective=9.600e-02, Bellman=1.097e-02).
Done in 12.90s.
KE-DRL global estimation is done.
B_hat shape: (3082, 800)
B_hat rank diagnostics: {'B_num_rows': 3082, 'B_num_cols': 800, 'B_min_dim': 800, 'B_numerical_rank': 800, 'B_rank_fraction': 1.0, 'B_rank_tolerance': 3.33912924510571e-05, 'B_stable_rank': 293.15936279296875, 'B_effective_rank': 771.5086275869594, 'B_entropy_rank': 6.648347854614258, 'B_spectral_norm': 0.09088464081287384, 'B_frobenius_norm': 1.5561175346374512, 'B_nuclear_norm': 42.516658782958984, 'B_condition_number': 3.3895941746017533, 'B_condition_number_tol': 3.3895941746017533, 'B_smallest_singular_value': 0.02681283839046955, 'B_rank_rel_1em2': 800, 'B_rank_rel_1em3': 800, 'B_rank_rel_1em4': 800}
Global-loss target mass diagnostics: {'target_mass_mean': 0.7527949810028076, 'target_mass_min': 0.5905105471611023, 'target_mass_max': 0.9014682769775391, 'target_mass_sd': 0.0750076100230217, 'target_mass_rmse_to_target': 0.25822508335113525, 'target_beta_min': -0.00962027721107006, 'target_beta_max': 0.04331391304731369, 'target_neg_frac_mean': 0.3959}
Return dictionary Z_grid shape: (800, 3)
Replicate 23 risk metrics: {'risk_n_steps_recorded': 81.0, 'risk_n_diagnostics_recorded': 81.0, 'risk_log_obj_initial': 9.85839610121062, 'risk_log_obj_final': 0.15269066311626148, 'risk_log_obj_min': -2.3433594272859892, 'risk_obj_initial': 19118.201171874996, 'risk_obj_final': 1.1649645566940308, 'risk_obj_min': 0.09600457549095152, 'risk_log_obj_drop': 9.705705438094357, 'risk_log_bellman_root_initial': 3.5395981544208666, 'risk_log_bellman_root_final': -1.249957323858925, 'risk_log_bellman_root_min': -2.2561121478485346, 'risk_bellman_root_initial': 34.453071594238274, 'risk_bellman_root_final': 0.28651702404022217, 'risk_bellman_root_min': 0.10475697368383409, 'risk_bellman_initial': 1187.0141422777083, 'risk_bellman_final': 0.08209200506486523, 'risk_bellman_min': 0.010974023535395507, 'risk_log_bellman_root_drop': 4.789555478279792, 'risk_bellman_returned': 0.01097402349114418, 'risk_obj_returned': 0.09600457549095154, 'risk_returned_step': 3650.0, 'offline_data_id': 23, 'benchmark_point_source': 'fixed_config_plus_support_safe_target_policy_draws', 'target_set_size': 100, 'lambda_reg': 0.005, 'lambda_B': 0.02, 'num_steps': 4000, 'transition_reduction_enabled': 1, 'transition_reduction_method': 'kmeans', 'transition_original_rows': 12000, 'transition_reduced_rows': 3082, 'transition_compression_ratio': 0.25683333333333336, 'target_mass_mean': 0.7527949810028076, 'target_mass_min': 0.5905105471611023, 'target_mass_max': 0.9014682769775391, 'target_mass_sd': 0.0750076100230217, 'target_mass_rmse_to_target': 0.25822508335113525, 'target_beta_min': -0.00962027721107006, 'target_beta_max': 0.04331391304731369, 'target_neg_frac_mean': 0.3959, 'B_num_rows': 3082, 'B_num_cols': 800, 'B_min_dim': 800, 'B_numerical_rank': 800, 'B_rank_fraction': 1.0, 'B_rank_tolerance': 3.33912924510571e-05, 'B_stable_rank': 293.15936279296875, 'B_effective_rank': 771.5086275869594, 'B_entropy_rank': 6.648347854614258, 'B_spectral_norm': 0.09088464081287384, 'B_frobenius_norm': 1.5561175346374512, 'B_nuclear_norm': 42.516658782958984, 'B_condition_number': 3.3895941746017533, 'B_condition_number_tol': 3.3895941746017533, 'B_smallest_singular_value': 0.02681283839046955, 'B_rank_rel_1em2': 800, 'B_rank_rel_1em3': 800, 'B_rank_rel_1em4': 800, 'risk_objective_final_raw': 1.1649645566940308, 'risk_objective_min_raw': 0.09600457549095154, 'risk_objective_max_raw': 19118.201171875, 'risk_bellman_final_raw': 0.08209200948476791, 'risk_bellman_min_raw': 0.01097402349114418, 'risk_bellman_max_raw': 1187.01416015625, 'risk_rkhs_ridge_final_raw': 0.017993373796343803, 'risk_rkhs_ridge_min_raw': 0.01754760928452015, 'risk_rkhs_ridge_max_raw': 2.264270305633545, 'risk_mass_final_raw': 1.0648791790008545, 'risk_mass_min_raw': 0.06668020039796829, 'risk_mass_max_raw': 17928.921875, 'risk_negativity_final_raw': 0.0, 'risk_negativity_min_raw': 0.0, 'risk_negativity_max_raw': 0.0, 'risk_B_norm_final_raw': 1.5546541213989258, 'risk_B_norm_min_raw': 1.5546541213989258, 'risk_B_norm_max_raw': 1.6395372152328491, 'risk_diagnostic_step_final_raw': 4000.0, 'risk_diagnostic_step_min_raw': 1.0, 'risk_diagnostic_step_max_raw': 4000.0, 'risk_best_step_final_raw': 3650.0, 'risk_best_step_min_raw': 3650.0, 'risk_best_step_max_raw': 3650.0, 'risk_best_objective_final_raw': 0.09600457549095154, 'risk_best_objective_min_raw': 0.09600457549095154, 'risk_best_objective_max_raw': 0.09600457549095154, 'risk_best_bellman_final_raw': 0.01097402349114418, 'risk_best_bellman_min_raw': 0.01097402349114418, 'risk_best_bellman_max_raw': 0.01097402349114418, 'risk_returned_step_final_raw': 3650.0, 'risk_returned_step_min_raw': 3650.0, 'risk_returned_step_max_raw': 3650.0, 'risk_returned_objective_final_raw': 0.09600457549095154, 'risk_returned_objective_min_raw': 0.09600457549095154, 'risk_returned_objective_max_raw': 0.09600457549095154, 'risk_returned_bellman_final_raw': 0.01097402349114418, 'risk_returned_bellman_min_raw': 0.01097402349114418, 'risk_returned_bellman_max_raw': 0.01097402349114418, 'risk_returned_best_checkpoint_final_raw': 1.0, 'risk_returned_best_checkpoint_min_raw': 1.0, 'risk_returned_best_checkpoint_max_raw': 1.0}
Benchmark 0 evaluation grid shape: (800, 3)
Replicate 23, benchmark 0 metrics: {'run_id': '23_b0', 'RMSE': 0.10355467494048519, 'MAE': 0.08885618846521538, 'SupNorm': 0.1950436383485794, 'Bias': -0.0832723356027418, 'Corr': 0.7731325071409526, 'deming_slope': 0.7306007135459868, 'deming_intercept': -0.01190051761156427, 'beta_sum': 0.8367295265197754, 'beta_l1': 1.879974365234375, 'beta_l2': 0.08830195665359497, 'beta_min': -0.008401881903409958, 'beta_max': 0.01604575663805008, 'beta_neg_frac': 0.36625, 'offline_data_id': 23, 'benchmark_id': 0, 'benchmark_point_source': 'fixed_config', 'target_set_size': 100, 'benchmark_z_path': 'data/Z_true.pt', 'projected_bellman_test_risk': 0.023890893906354904, 'oracle_embedding_risk': 0.7935227155685425, 'benchmark_embedding_risk': 0.7935227155685425, 'risk_bellman_final': 0.08209200506486523, 'risk_obj_final': 1.1649645566940308, 'B_num_rows': 3082, 'B_num_cols': 800, 'B_min_dim': 800, 'B_numerical_rank': 800, 'B_rank_fraction': 1.0, 'B_rank_tolerance': 3.33912924510571e-05, 'B_stable_rank': 293.15936279296875, 'B_effective_rank': 771.5086275869594, 'B_entropy_rank': 6.648347854614258, 'B_spectral_norm': 0.09088464081287384, 'B_frobenius_norm': 1.5561175346374512, 'B_nuclear_norm': 42.516658782958984, 'B_condition_number': 3.3895941746017533, 'B_condition_number_tol': 3.3895941746017533, 'B_smallest_singular_value': 0.02681283839046955, 'B_rank_rel_1em2': 800, 'B_rank_rel_1em3': 800, 'B_rank_rel_1em4': 800}
Saved ./mu/mu_hat.csv shape=(800,)
Saved ./mu/mu2D_hat_dims01.csv shape=(120, 120)
Saved ./mu/mu2D_hat_dims01.csv shape=(120, 120)
Saved plots/replicate_23/mu_3D.png
Benchmark 1 evaluation grid shape: (800, 3)
Replicate 23, benchmark 1 metrics: {'run_id': '23_b1', 'RMSE': 0.13364628980283375, 'MAE': 0.125880772998662, 'SupNorm': 0.20445610582828522, 'Bias': -0.125880772998662, 'Corr': 0.9826218646096903, 'deming_slope': 0.5565348607580054, 'deming_intercept': -0.009153130356075595, 'beta_sum': 0.48693761229515076, 'beta_l1': 1.6177477836608887, 'beta_l2': 0.07157469540834427, 'beta_min': -0.006333108991384506, 'beta_max': 0.00740340119227767, 'beta_neg_frac': 0.405, 'offline_data_id': 23, 'benchmark_id': 1, 'benchmark_point_source': 'fixed_config', 'target_set_size': 100, 'benchmark_z_path': 'data/Z_true.pt', 'projected_bellman_test_risk': 0.009975421242415905, 'oracle_embedding_risk': 0.7979152202606201, 'benchmark_embedding_risk': 0.7979152202606201, 'risk_bellman_final': 0.08209200506486523, 'risk_obj_final': 1.1649645566940308, 'B_num_rows': 3082, 'B_num_cols': 800, 'B_min_dim': 800, 'B_numerical_rank': 800, 'B_rank_fraction': 1.0, 'B_rank_tolerance': 3.33912924510571e-05, 'B_stable_rank': 293.15936279296875, 'B_effective_rank': 771.5086275869594, 'B_entropy_rank': 6.648347854614258, 'B_spectral_norm': 0.09088464081287384, 'B_frobenius_norm': 1.5561175346374512, 'B_nuclear_norm': 42.516658782958984, 'B_condition_number': 3.3895941746017533, 'B_condition_number_tol': 3.3895941746017533, 'B_smallest_singular_value': 0.02681283839046955, 'B_rank_rel_1em2': 800, 'B_rank_rel_1em3': 800, 'B_rank_rel_1em4': 800}
Benchmark 2 evaluation grid shape: (800, 3)
Replicate 23, benchmark 2 metrics: {'run_id': '23_b2', 'RMSE': 0.11965330767557984, 'MAE': 0.11285449126611638, 'SupNorm': 0.18162024021148682, 'Bias': -0.11285449126611638, 'Corr': 0.9804155116355456, 'deming_slope': 0.6034868577850466, 'deming_intercept': -0.005457320299652235, 'beta_sum': 0.563720703125, 'beta_l1': 1.6395152807235718, 'beta_l2': 0.07463572174310684, 'beta_min': -0.007082963362336159, 'beta_max': 0.00979673583060503, 'beta_neg_frac': 0.40125, 'offline_data_id': 23, 'benchmark_id': 2, 'benchmark_point_source': 'fixed_config', 'target_set_size': 100, 'benchmark_z_path': 'data/Z_true.pt', 'projected_bellman_test_risk': 0.008934257552027702, 'oracle_embedding_risk': 0.782286524772644, 'benchmark_embedding_risk': 0.782286524772644, 'risk_bellman_final': 0.08209200506486523, 'risk_obj_final': 1.1649645566940308, 'B_num_rows': 3082, 'B_num_cols': 800, 'B_min_dim': 800, 'B_numerical_rank': 800, 'B_rank_fraction': 1.0, 'B_rank_tolerance': 3.33912924510571e-05, 'B_stable_rank': 293.15936279296875, 'B_effective_rank': 771.5086275869594, 'B_entropy_rank': 6.648347854614258, 'B_spectral_norm': 0.09088464081287384, 'B_frobenius_norm': 1.5561175346374512, 'B_nuclear_norm': 42.516658782958984, 'B_condition_number': 3.3895941746017533, 'B_condition_number_tol': 3.3895941746017533, 'B_smallest_singular_value': 0.02681283839046955, 'B_rank_rel_1em2': 800, 'B_rank_rel_1em3': 800, 'B_rank_rel_1em4': 800}
Benchmark 3 evaluation grid shape: (800, 3)
Replicate 23, benchmark 3 metrics: {'run_id': '23_b3', 'RMSE': 0.11559395356337587, 'MAE': 0.10765775975636643, 'SupNorm': 0.18600119650363922, 'Bias': -0.10765775975636643, 'Corr': 0.9447105896426501, 'deming_slope': 0.6460098301390956, 'deming_intercept': -0.014946422003606102, 'beta_sum': 0.5491886734962463, 'beta_l1': 1.7338359355926514, 'beta_l2': 0.07760988920927048, 'beta_min': -0.006274391897022724, 'beta_max': 0.010590406134724617, 'beta_neg_frac': 0.4275, 'offline_data_id': 23, 'benchmark_id': 3, 'benchmark_point_source': 'fixed_config', 'target_set_size': 100, 'benchmark_z_path': 'data/Z_true.pt', 'projected_bellman_test_risk': 0.012670285999774933, 'oracle_embedding_risk': 0.7857347130775452, 'benchmark_embedding_risk': 0.7857347130775452, 'risk_bellman_final': 0.08209200506486523, 'risk_obj_final': 1.1649645566940308, 'B_num_rows': 3082, 'B_num_cols': 800, 'B_min_dim': 800, 'B_numerical_rank': 800, 'B_rank_fraction': 1.0, 'B_rank_tolerance': 3.33912924510571e-05, 'B_stable_rank': 293.15936279296875, 'B_effective_rank': 771.5086275869594, 'B_entropy_rank': 6.648347854614258, 'B_spectral_norm': 0.09088464081287384, 'B_frobenius_norm': 1.5561175346374512, 'B_nuclear_norm': 42.516658782958984, 'B_condition_number': 3.3895941746017533, 'B_condition_number_tol': 3.3895941746017533, 'B_smallest_singular_value': 0.02681283839046955, 'B_rank_rel_1em2': 800, 'B_rank_rel_1em3': 800, 'B_rank_rel_1em4': 800}
Benchmark 4 evaluation grid shape: (800, 3)
Replicate 23, benchmark 4 metrics: {'run_id': '23_b4', 'RMSE': 0.09386589884828973, 'MAE': 0.07694823916684981, 'SupNorm': 0.1899278610944748, 'Bias': -0.07232887907568511, 'Corr': 0.7933654184054109, 'deming_slope': 0.8995065241673466, 'deming_intercept': -0.04525573689773127, 'beta_sum': 0.8651673793792725, 'beta_l1': 1.9253777265548706, 'beta_l2': 0.11696028709411621, 'beta_min': -0.005568911321461201, 'beta_max': 0.035067953169345856, 'beta_neg_frac': 0.425, 'offline_data_id': 23, 'benchmark_id': 4, 'benchmark_point_source': 'support_safe_target_policy_draw', 'target_set_size': 100, 'benchmark_z_path': 'data/Z_true.pt', 'projected_bellman_test_risk': 0.02586471103131771, 'oracle_embedding_risk': 0.7895339727401733, 'benchmark_embedding_risk': 0.7895339727401733, 'risk_bellman_final': 0.08209200506486523, 'risk_obj_final': 1.1649645566940308, 'B_num_rows': 3082, 'B_num_cols': 800, 'B_min_dim': 800, 'B_numerical_rank': 800, 'B_rank_fraction': 1.0, 'B_rank_tolerance': 3.33912924510571e-05, 'B_stable_rank': 293.15936279296875, 'B_effective_rank': 771.5086275869594, 'B_entropy_rank': 6.648347854614258, 'B_spectral_norm': 0.09088464081287384, 'B_frobenius_norm': 1.5561175346374512, 'B_nuclear_norm': 42.516658782958984, 'B_condition_number': 3.3895941746017533, 'B_condition_number_tol': 3.3895941746017533, 'B_smallest_singular_value': 0.02681283839046955, 'B_rank_rel_1em2': 800, 'B_rank_rel_1em3': 800, 'B_rank_rel_1em4': 800}
Benchmark 5 evaluation grid shape: (800, 3)
Replicate 23, benchmark 5 metrics: {'run_id': '23_b5', 'RMSE': 0.2549901657659482, 'MAE': 0.23818420423544467, 'SupNorm': 0.4052913300693035, 'Bias': -0.2381756693020043, 'Corr': 0.37592941463205876, 'deming_slope': 0.049562497741268766, 'deming_intercept': 0.008553067733042301, 'beta_sum': 0.18349678814411163, 'beta_l1': 0.4514254927635193, 'beta_l2': 0.021671392023563385, 'beta_min': -0.0018503139726817608, 'beta_max': 0.0036432454362511635, 'beta_neg_frac': 0.40625, 'offline_data_id': 23, 'benchmark_id': 5, 'benchmark_point_source': 'support_safe_target_policy_draw', 'target_set_size': 100, 'benchmark_z_path': 'data/Z_true.pt', 'projected_bellman_test_risk': 0.0019462957279756665, 'oracle_embedding_risk': 0.9621474146842957, 'benchmark_embedding_risk': 0.9621474146842957, 'risk_bellman_final': 0.08209200506486523, 'risk_obj_final': 1.1649645566940308, 'B_num_rows': 3082, 'B_num_cols': 800, 'B_min_dim': 800, 'B_numerical_rank': 800, 'B_rank_fraction': 1.0, 'B_rank_tolerance': 3.33912924510571e-05, 'B_stable_rank': 293.15936279296875, 'B_effective_rank': 771.5086275869594, 'B_entropy_rank': 6.648347854614258, 'B_spectral_norm': 0.09088464081287384, 'B_frobenius_norm': 1.5561175346374512, 'B_nuclear_norm': 42.516658782958984, 'B_condition_number': 3.3895941746017533, 'B_condition_number_tol': 3.3895941746017533, 'B_smallest_singular_value': 0.02681283839046955, 'B_rank_rel_1em2': 800, 'B_rank_rel_1em3': 800, 'B_rank_rel_1em4': 800}
Benchmark 6 evaluation grid shape: (800, 3)
Replicate 23, benchmark 6 metrics: {'run_id': '23_b6', 'RMSE': 0.09938072338698863, 'MAE': 0.09047081153024919, 'SupNorm': 0.16191953420639038, 'Bias': -0.09036765284603461, 'Corr': 0.951636825893309, 'deming_slope': 0.6444034452184595, 'deming_intercept': 0.0044833218143629505, 'beta_sum': 0.7454750537872314, 'beta_l1': 2.015944480895996, 'beta_l2': 0.09201798588037491, 'beta_min': -0.010263917036354542, 'beta_max': 0.013933810405433178, 'beta_neg_frac': 0.4025, 'offline_data_id': 23, 'benchmark_id': 6, 'benchmark_point_source': 'support_safe_target_policy_draw', 'target_set_size': 100, 'benchmark_z_path': 'data/Z_true.pt', 'projected_bellman_test_risk': 0.008965058252215385, 'oracle_embedding_risk': 0.7740094065666199, 'benchmark_embedding_risk': 0.7740094065666199, 'risk_bellman_final': 0.08209200506486523, 'risk_obj_final': 1.1649645566940308, 'B_num_rows': 3082, 'B_num_cols': 800, 'B_min_dim': 800, 'B_numerical_rank': 800, 'B_rank_fraction': 1.0, 'B_rank_tolerance': 3.33912924510571e-05, 'B_stable_rank': 293.15936279296875, 'B_effective_rank': 771.5086275869594, 'B_entropy_rank': 6.648347854614258, 'B_spectral_norm': 0.09088464081287384, 'B_frobenius_norm': 1.5561175346374512, 'B_nuclear_norm': 42.516658782958984, 'B_condition_number': 3.3895941746017533, 'B_condition_number_tol': 3.3895941746017533, 'B_smallest_singular_value': 0.02681283839046955, 'B_rank_rel_1em2': 800, 'B_rank_rel_1em3': 800, 'B_rank_rel_1em4': 800}
Benchmark 7 evaluation grid shape: (800, 3)
Replicate 23, benchmark 7 metrics: {'run_id': '23_b7', 'RMSE': 0.07083991978967129, 'MAE': 0.06672799947846215, 'SupNorm': 0.11013418436050415, 'Bias': -0.06672799947846215, 'Corr': 0.9820987294682809, 'deming_slope': 0.8139357035729274, 'deming_intercept': -0.017572854362068818, 'beta_sum': 0.6899096965789795, 'beta_l1': 1.917726755142212, 'beta_l2': 0.09757144749164581, 'beta_min': -0.00850642379373312, 'beta_max': 0.024484239518642426, 'beta_neg_frac': 0.4175, 'offline_data_id': 23, 'benchmark_id': 7, 'benchmark_point_source': 'support_safe_target_policy_draw', 'target_set_size': 100, 'benchmark_z_path': 'data/Z_true.pt', 'projected_bellman_test_risk': 0.016716405749320984, 'oracle_embedding_risk': 0.758186399936676, 'benchmark_embedding_risk': 0.758186399936676, 'risk_bellman_final': 0.08209200506486523, 'risk_obj_final': 1.1649645566940308, 'B_num_rows': 3082, 'B_num_cols': 800, 'B_min_dim': 800, 'B_numerical_rank': 800, 'B_rank_fraction': 1.0, 'B_rank_tolerance': 3.33912924510571e-05, 'B_stable_rank': 293.15936279296875, 'B_effective_rank': 771.5086275869594, 'B_entropy_rank': 6.648347854614258, 'B_spectral_norm': 0.09088464081287384, 'B_frobenius_norm': 1.5561175346374512, 'B_nuclear_norm': 42.516658782958984, 'B_condition_number': 3.3895941746017533, 'B_condition_number_tol': 3.3895941746017533, 'B_smallest_singular_value': 0.02681283839046955, 'B_rank_rel_1em2': 800, 'B_rank_rel_1em3': 800, 'B_rank_rel_1em4': 800}
Benchmark 8 evaluation grid shape: (800, 3)
Replicate 23, benchmark 8 metrics: {'run_id': '23_b8', 'RMSE': 0.11952438846646941, 'MAE': 0.1090164433051541, 'SupNorm': 0.19483113288879395, 'Bias': -0.1089343363516673, 'Corr': 0.9627759266949456, 'deming_slope': 0.5360193848213161, 'deming_intercept': 0.013171279680687903, 'beta_sum': 0.7072701454162598, 'beta_l1': 1.7458703517913818, 'beta_l2': 0.08452221006155014, 'beta_min': -0.0063351113349199295, 'beta_max': 0.014535401947796345, 'beta_neg_frac': 0.395, 'offline_data_id': 23, 'benchmark_id': 8, 'benchmark_point_source': 'support_safe_target_policy_draw', 'target_set_size': 100, 'benchmark_z_path': 'data/Z_true.pt', 'projected_bellman_test_risk': 0.02643357776105404, 'oracle_embedding_risk': 0.7883397936820984, 'benchmark_embedding_risk': 0.7883397936820984, 'risk_bellman_final': 0.08209200506486523, 'risk_obj_final': 1.1649645566940308, 'B_num_rows': 3082, 'B_num_cols': 800, 'B_min_dim': 800, 'B_numerical_rank': 800, 'B_rank_fraction': 1.0, 'B_rank_tolerance': 3.33912924510571e-05, 'B_stable_rank': 293.15936279296875, 'B_effective_rank': 771.5086275869594, 'B_entropy_rank': 6.648347854614258, 'B_spectral_norm': 0.09088464081287384, 'B_frobenius_norm': 1.5561175346374512, 'B_nuclear_norm': 42.516658782958984, 'B_condition_number': 3.3895941746017533, 'B_condition_number_tol': 3.3895941746017533, 'B_smallest_singular_value': 0.02681283839046955, 'B_rank_rel_1em2': 800, 'B_rank_rel_1em3': 800, 'B_rank_rel_1em4': 800}
Benchmark 9 evaluation grid shape: (800, 3)
Replicate 23, benchmark 9 metrics: {'run_id': '23_b9', 'RMSE': 0.10078132230041079, 'MAE': 0.0937076036108192, 'SupNorm': 0.16444142162799835, 'Bias': -0.0937076036108192, 'Corr': 0.9685369909519829, 'deming_slope': 0.671494896046827, 'deming_intercept': -0.005489373423753774, 'beta_sum': 0.6428504586219788, 'beta_l1': 1.8699368238449097, 'beta_l2': 0.09223884344100952, 'beta_min': -0.006611262448132038, 'beta_max': 0.02106163278222084, 'beta_neg_frac': 0.41125, 'offline_data_id': 23, 'benchmark_id': 9, 'benchmark_point_source': 'support_safe_target_policy_draw', 'target_set_size': 100, 'benchmark_z_path': 'data/Z_true.pt', 'projected_bellman_test_risk': 0.009750820696353912, 'oracle_embedding_risk': 0.7704233527183533, 'benchmark_embedding_risk': 0.7704233527183533, 'risk_bellman_final': 0.08209200506486523, 'risk_obj_final': 1.1649645566940308, 'B_num_rows': 3082, 'B_num_cols': 800, 'B_min_dim': 800, 'B_numerical_rank': 800, 'B_rank_fraction': 1.0, 'B_rank_tolerance': 3.33912924510571e-05, 'B_stable_rank': 293.15936279296875, 'B_effective_rank': 771.5086275869594, 'B_entropy_rank': 6.648347854614258, 'B_spectral_norm': 0.09088464081287384, 'B_frobenius_norm': 1.5561175346374512, 'B_nuclear_norm': 42.516658782958984, 'B_condition_number': 3.3895941746017533, 'B_condition_number_tol': 3.3895941746017533, 'B_smallest_singular_value': 0.02681283839046955, 'B_rank_rel_1em2': 800, 'B_rank_rel_1em3': 800, 'B_rank_rel_1em4': 800}
Replicate 23 finished in 22.5s
Finished combo 3, offline replicate 23.
