Job ID:    2359328
Array idx: 513
CPUs/node: 64
Mem/node:  131072
Using CC = cc 
Using CXX = CC 
Using FC = ftn 
Using F77 = ftn 
Using F90 = ftn 
cuda/12.6.1 is deprecated; loading cudatoolkit/25.5_12.9 instead.
Using CC = /opt/nvidia/hpc_sdk/Linux_aarch64/25.5/compilers/bin/nvc 
Using CXX = /opt/nvidia/hpc_sdk/Linux_aarch64/25.5/compilers/bin/nvc++ 
Using FC = /opt/nvidia/hpc_sdk/Linux_aarch64/25.5/compilers/bin/nvfortran 
Using F77 = /opt/nvidia/hpc_sdk/Linux_aarch64/25.5/compilers/bin/nvfortran 
Using F90 = /opt/nvidia/hpc_sdk/Linux_aarch64/25.5/compilers/bin/nvfortran 
Using CC = /opt/nvidia/hpc_sdk/Linux_aarch64/25.5/compilers/bin/nvc 
Using CXX = /opt/nvidia/hpc_sdk/Linux_aarch64/25.5/compilers/bin/nvc++ 
Using FC = /opt/nvidia/hpc_sdk/Linux_aarch64/25.5/compilers/bin/nvfortran 
Using F77 = /opt/nvidia/hpc_sdk/Linux_aarch64/25.5/compilers/bin/nvfortran 
Using F90 = /opt/nvidia/hpc_sdk/Linux_aarch64/25.5/compilers/bin/nvfortran 

Lmod is automatically replacing "gcc-native/14" with "gcc/14.2.0".

ghx4
0
Tuning combo id: 5 / 6
Offline replicate id: 13 / 99
Installing ke_drl from git: https://github.com/mehrdadmhmdi/ke-drl.git@main
Collecting git+https://github.com/mehrdadmhmdi/ke-drl.git@main
  Cloning https://github.com/mehrdadmhmdi/ke-drl.git (to revision main) to /tmp/pip-req-build-b6vsr41e
  Running command git clone --filter=blob:none --quiet https://github.com/mehrdadmhmdi/ke-drl.git /tmp/pip-req-build-b6vsr41e
  Resolved https://github.com/mehrdadmhmdi/ke-drl.git to commit 3c5d570e40ea15b1fbe4817b5f43b64c7b333e82
  Installing build dependencies: started
  Installing build dependencies: finished with status 'done'
  Getting requirements to build wheel: started
  Getting requirements to build wheel: finished with status 'done'
  Preparing metadata (pyproject.toml): started
  Preparing metadata (pyproject.toml): finished with status 'done'
Building wheels for collected packages: ke_drl
  Building wheel for ke_drl (pyproject.toml): started
  Building wheel for ke_drl (pyproject.toml): finished with status 'done'
  Created wheel for ke_drl: filename=ke_drl-0.1.0-py3-none-any.whl size=47219 sha256=76f0df718570c0a1bee831741d1526e453e6b1567c61f7e2ff4b78f896b82e80
  Stored in directory: /tmp/pip-ephem-wheel-cache-o84rqwzb/wheels/24/47/ad/9a4ffd3b05d3e90e35ffc6e7324b735b8bfcf5f51aaf29a333
Successfully built ke_drl
Installing collected packages: ke_drl
Successfully installed ke_drl-0.1.0
Installed ke_drl source: /work/nvme/bfez/mehrdad3/DistRL/simulation_3/runs/sim3_global_2358722_5/.kedrl_site_513/ke_drl/__init__.py
Tuning combo 5: kernel_sigma_0.7
Overrides: {'kernel': {'sigma': 0.7}}
RUN: /sw/user/python/miniforge3-pytorch-24.11.3/bin/python3 validate_sim_config.py --params params.yaml
ke_drl import source: /work/nvme/bfez/mehrdad3/DistRL/simulation_3/runs/sim3_global_2358722_5/.kedrl_site_513/ke_drl/__init__.py
ke_drl package API OK: prediction weights, RFF operators, rank diagnostics, and best-checkpoint optimizer available
Policy config OK: behavior=uniform, target=logistic, state_dim=5, action_dim=1
Note: policy.logistic.theta_scale/theta_std are log-scale coefficients in Probability_Densities.
Behavior-policy linearized state-process diagnostic: spectral_radius=0.653, offline_burn_in=50
Replicate config OK: num_replicates=100, benchmark points=10 independent of D_i, loss target points=100
Transition reduction OK: method=kmeans, raw rows N(T-1)=12000, target rows about 3000, B rows reduced from 12000 to about 3000
Return-operator approximation OK: method=rff, features=512, exact G avoided for estimated N=12000, m=800, L=100
Fixed benchmark config rows=4 (benchmark.num_points=10; additional points are support-safe target-policy draws if needed)
Fixed benchmark point 0: s_star=[0.6, -0.8, 0.7, -0.5, 0.9], a_star=[0.5]
Fixed benchmark behavior-support interval for configured rows: min_lower=-0.12, max_upper=1.11
Fixed benchmark target-policy location range: [-0.02, 0.14]
Reusing shared data from /work/nvme/bfez/mehrdad3/DistRL/simulation_3/runs/sim3_shared_data/data for offline replicate 13.
RUN: /sw/user/python/miniforge3-pytorch-24.11.3/bin/python3 validate_sim_config.py --params params.yaml --data data/offline_data_13.pt
ke_drl import source: /work/nvme/bfez/mehrdad3/DistRL/simulation_3/runs/sim3_global_2358722_5/.kedrl_site_513/ke_drl/__init__.py
ke_drl package API OK: prediction weights, RFF operators, rank diagnostics, and best-checkpoint optimizer available
Policy config OK: behavior=uniform, target=logistic, state_dim=5, action_dim=1
Note: policy.logistic.theta_scale/theta_std are log-scale coefficients in Probability_Densities.
Behavior-policy linearized state-process diagnostic: spectral_radius=0.653, offline_burn_in=50
Replicate config OK: num_replicates=100, benchmark points=10 independent of D_i, loss target points=100
Transition reduction OK: method=kmeans, raw rows N(T-1)=12000, target rows about 3000, B rows reduced from 12000 to about 3000
Return-operator approximation OK: method=rff, features=512, exact G avoided for estimated N=12000, m=800, L=100
Fixed benchmark config rows=4 (benchmark.num_points=10; additional points are support-safe target-policy draws if needed)
Fixed benchmark point 0: s_star=[0.6, -0.8, 0.7, -0.5, 0.9], a_star=[0.5]
Fixed benchmark behavior-support interval for configured rows: min_lower=-0.12, max_upper=1.11
Fixed benchmark target-policy location range: [-0.02, 0.14]
Full benchmark support check OK: 10 points, min_lower=-2.177, max_upper=2.05
observed behavior actions: mean=0.4062, sd=0.6842, q0/q10/q50/q90/q100=[-2.706216335296631, -0.41576887369155874, 0.3492017090320587, 1.3272845149040227, 3.318848133087158]
target-policy sampled actions: mean=-0.01725, sd=0.6755, q0/q10/q50/q90/q100=[-2.775245928975637, -0.8814068366850318, -0.0071012146420641065, 0.8407702367208967, 2.7008475904055187]
behavior uniform lower: mean=-0.1163, sd=0.668, q0/q10/q50/q90/q100=[-2.857883608341217, -0.9723861357569694, -0.10451375395059585, 0.7299297639727594, 2.4377480149269104]
behavior uniform upper: mean=0.9347, sd=0.6478, q0/q10/q50/q90/q100=[-0.9856175124645234, 0.08174845002591612, 0.9549649178981781, 1.7692678477615118, 3.4377480149269104]
target location inside behavior uniform support: 0.973
RUN: /sw/user/python/miniforge3-pytorch-24.11.3/bin/python3 main_est.py
# ================================================================ #
#   Global KE-DRL estimation for one offline replicate              #
# ================================================================ #
Slurm Job ID: 2359328
Slurm Array ID: 13 -- used as the offline-replicate id
Offline data id: 13
ke_drl import source: /work/nvme/bfez/mehrdad3/DistRL/simulation_3/runs/sim3_global_2358722_5/.kedrl_site_513/ke_drl/__init__.py
Estimator device: cuda (NVIDIA GH200 120GB, capability 9.0); torch CUDA=13.0
Random seed: 20460525
Number of offline replicates: 100
[transition reduction] enabled: original rows=12000, target basis=3000, method=kmeans, device=cuda
[transition reduction] kmeans iter 1/20, mean center shift=2.7425e-01
[transition reduction] kmeans iter 5/20, mean center shift=5.6799e-03
[transition reduction] kmeans iter 10/20, mean center shift=5.3679e-08
[transition reduction] selected 3077 rows from 12000 transitions (ratio 0.2564); indices saved to data/reduced_transition_indices_13.pt
Data and parameters loaded.
offline path: data/offline_data_13.pt
benchmark true-Z path: data/Z_true.pt
offline shapes after reduction: s0=(3077, 5), a0=(3077, 1), r0=(3077, 3)
transition reduction: {'enabled': True, 'method': 'kmeans', 'original_rows': 12000, 'reduced_rows': 3077, 'selected_indices_path': 'data/reduced_transition_indices_13.pt', 'target_basis': 3000, 'compression_ratio': 0.2564166666666667}
fixed benchmark point source: fixed_config_plus_support_safe_target_policy_draws
benchmark row excluded from this offline data: None
global loss target set shape: s_star=(100, 5), a_star=(100, 1)
benchmark true-Z count=10, shape each=(50000, 3)
target policy: logistic
behavior policy: uniform
lambda_Gamma=0.005, lambda_B=0.02, d_r_method=song
dtype=torch.float32, operator_method=rff, operator_num_features=512
ridge_mode=rkhs, diagnostic_interval=50
mass_anchor_lambda=1.0, target_mass=1.0
uLSIF basis: source=numerator, n_basis=512, lambda_reg=0.005
optimizer stabilizers: lambda_neg=0.0, max_B_norm=None, eta_clip_min=0.0, eta_clip_max=5.0, normalize_eta=True
========================================
Estimating the global KE-DRL mean embedding
torch device=cuda, dtype=torch.float32
Data dims: N=3077, L=100, Ds=5, Da=1, Dr=3
lambda_Gamma=0.005, lambda_B=0.02
return-operator construction: method=rff, rff_features=512
[uLSIF] basis=512/3077 (numerator); eta_hat min=1.240e-02 max=4.797e+00 neg%=0.00
ESS for eta_plus: 2444.3 / 3077
eta_plus diagnostics: raw_mean=1, raw_min=0.0124, raw_max=4.8; used_mean=1, used_min=0.0124, used_max=4.79
[timing] Z-grid: 0.03s
[timing] K_X: 0.00s
[timing] K_plus: 0.00s
[timing] k_star: 0.00s
[timing] Gamma_stack: 0.01s
[timing] Phi_stack: 0.00s
[timing] RFF feature sample: 0.00s
[timing] K_Z RFF: 0.00s
[timing] G_stack RFF: 0.01s
[timing] H_stack RFF: 0.01s
findfont: Font family 'Nimbus Roman' not found.
findfont: Font family 'Nimbus Roman' not found.
findfont: Font family 'Nimbus Roman' not found.
findfont: Font family 'Nimbus Roman' not found.
findfont: Font family 'Nimbus Roman' not found.
findfont: Font family 'Nimbus Roman' not found.
findfont: Font family 'Nimbus Roman' not found.
findfont: Font family 'Nimbus Roman' not found.
findfont: Font family 'Nimbus Roman' not found.
findfont: Font family 'Nimbus Roman' not found.
findfont: Font family 'Nimbus Roman' not found.
findfont: Font family 'Nimbus Roman' not found.
findfont: Font family 'Nimbus Roman' not found.
findfont: Font family 'Nimbus Roman' not found.
findfont: Font family 'Nimbus Roman' not found.
findfont: Font family 'Nimbus Roman' not found.
findfont: Font family 'Nimbus Roman' not found.
findfont: Font family 'Nimbus Roman' not found.
findfont: Font family 'Nimbus Roman' not found.
findfont: Font family 'Nimbus Roman' not found.
findfont: Font family 'Nimbus Roman' not found.
findfont: Font family 'Nimbus Roman' not found.
findfont: Font family 'Nimbus Roman' not found.
findfont: Font family 'Nimbus Roman' not found.
findfont: Font family 'Nimbus Roman' not found.
findfont: Font family 'Nimbus Roman' not found.
findfont: Font family 'Nimbus Roman' not found.
findfont: Font family 'Nimbus Roman' not found.
findfont: Font family 'Nimbus Roman' not found.
findfont: Font family 'Nimbus Roman' not found.
findfont: Font family 'Nimbus Roman' not found.
findfont: Font family 'Nimbus Roman' not found.
findfont: Font family 'Nimbus Roman' not found.
findfont: Font family 'Nimbus Roman' not found.
findfont: Font family 'Nimbus Roman' not found.
findfont: Font family 'Nimbus Roman' not found.
findfont: Font family 'Nimbus Roman' not found.
findfont: Font family 'Nimbus Roman' not found.
findfont: Font family 'Nimbus Roman' not found.
findfont: Font family 'Nimbus Roman' not found.
findfont: Font family 'Nimbus Roman' not found.
findfont: Font family ['Nimbus Roman'] not found. Falling back to DejaVu Sans.
findfont: Font family 'Nimbus Roman' not found.
findfont: Font family ['Nimbus Roman'] not found. Falling back to DejaVu Sans.
findfont: Font family 'Nimbus Roman' not found.
findfont: Font family 'Nimbus Roman' not found.
findfont: Font family 'Nimbus Roman' not found.
findfont: Font family 'Nimbus Roman' not found.
findfont: Font family 'Nimbus Roman' not found.
findfont: Font family 'Nimbus Roman' not found.
findfont: Font family 'Nimbus Roman' not found.
findfont: Font family 'Nimbus Roman' not found.
findfont: Font family ['Nimbus Roman'] not found. Falling back to DejaVu Sans.
findfont: Font family 'Nimbus Roman' not found.
findfont: Font family 'Nimbus Roman' not found.
findfont: Font family 'Nimbus Roman' not found.
findfont: Font family 'Nimbus Roman' not found.
findfont: Font family 'Nimbus Roman' not found.
findfont: Font family 'Nimbus Roman' not found.
findfont: Font family 'Nimbus Roman' not found.
findfont: Font family 'Nimbus Roman' not found.
findfont: Font family 'Nimbus Roman' not found.
findfont: Font family 'Nimbus Roman' not found.
findfont: Font family 'Nimbus Roman' not found.
findfont: Font family 'Nimbus Roman' not found.
findfont: Font family 'Nimbus Roman' not found.
findfont: Font family 'Nimbus Roman' not found.
findfont: Font family 'Nimbus Roman' not found.
findfont: Font family 'Nimbus Roman' not found.
findfont: Font family 'Nimbus Roman' not found.
findfont: Font family 'Nimbus Roman' not found.
findfont: Font family 'Nimbus Roman' not found.
findfont: Font family 'Nimbus Roman' not found.
findfont: Font family 'Nimbus Roman' not found.
findfont: Font family 'Nimbus Roman' not found.
findfont: Font family 'Nimbus Roman' not found.
findfont: Font family 'Nimbus Roman' not found.
findfont: Font family 'Nimbus Roman' not found.
findfont: Font family 'Nimbus Roman' not found.
findfont: Font family 'Nimbus Roman' not found.
findfont: Font family 'Nimbus Roman' not found.
findfont: Font family 'Nimbus Roman' not found.
findfont: Font family 'Nimbus Roman' not found.
findfont: Font family 'Nimbus Roman' not found.
findfont: Font family 'Nimbus Roman' not found.
findfont: Font family 'Nimbus Roman' not found.
findfont: Font family 'Nimbus Roman' not found.
findfont: Font family 'Nimbus Roman' not found.
findfont: Font family 'Nimbus Roman' not found.
findfont: Font family 'Nimbus Roman' not found.
findfont: Font family 'Nimbus Roman' not found.
findfont: Font family 'Nimbus Roman' not found.
findfont: Font family 'Nimbus Roman' not found.
findfont: Font family 'Nimbus Roman' not found.
findfont: Font family 'Nimbus Roman' not found.
findfont: Font family 'Nimbus Roman' not found.
findfont: Font family 'Nimbus Roman' not found.
findfont: Font family 'Nimbus Roman' not found.
findfont: Font family 'Nimbus Roman' not found.
findfont: Font family 'Nimbus Roman' not found.
findfont: Font family 'Nimbus Roman' not found.
findfont: Font family 'Nimbus Roman' not found.
findfont: Font family 'Nimbus Roman' not found.
findfont: Font family 'Nimbus Roman' not found.
findfont: Font family 'Nimbus Roman' not found.
findfont: Font family 'Nimbus Roman' not found.
findfont: Font family 'Nimbus Roman' not found.
findfont: Font family 'Nimbus Roman' not found.
findfont: Font family 'Nimbus Roman' not found.
findfont: Font family 'Nimbus Roman' not found.
findfont: Font family 'Nimbus Roman' not found.
findfont: Font family 'Nimbus Roman' not found.
findfont: Font family 'Nimbus Roman' not found.
findfont: Font family 'Nimbus Roman' not found.
findfont: Font family 'Nimbus Roman' not found.
findfont: Font family 'Nimbus Roman' not found.
findfont: Font family 'Nimbus Roman' not found.
findfont: Font family 'Nimbus Roman' not found.
findfont: Font family 'Nimbus Roman' not found.
findfont: Font family 'Nimbus Roman' not found.
findfont: Font family 'Nimbus Roman' not found.
findfont: Font family 'Nimbus Roman' not found.
findfont: Font family 'Nimbus Roman' not found.
findfont: Font family 'Nimbus Roman' not found.
findfont: Font family 'Nimbus Roman' not found.
findfont: Font family 'Nimbus Roman' not found.
findfont: Font family 'Nimbus Roman' not found.
Ridge mode: rkhs; diagnostic interval: 50
Iter 1/4000 | log_obj=8.373e+00 | log_Bellman_root=2.326e+00 | mass=4.22e+03 | neg=0.00e+00 | grad=3.09e+02
Iter 400/4000 | log_obj=3.871e+00 | log_Bellman_root=4.486e-02 | mass=4.69e+01 | neg=0.00e+00 | grad=1.11e+03
Iter 800/4000 | log_obj=4.097e+00 | log_Bellman_root=1.922e-01 | mass=5.86e+01 | neg=0.00e+00 | grad=1.58e+03
Iter 1200/4000 | log_obj=3.391e+00 | log_Bellman_root=-1.962e-01 | mass=2.90e+01 | neg=0.00e+00 | grad=3.04e+03
Iter 1600/4000 | log_obj=3.868e+00 | log_Bellman_root=4.526e-02 | mass=4.67e+01 | neg=0.00e+00 | grad=1.12e+03
Iter 2000/4000 | log_obj=4.099e+00 | log_Bellman_root=1.917e-01 | mass=5.88e+01 | neg=0.00e+00 | grad=1.58e+03
Iter 2400/4000 | log_obj=3.390e+00 | log_Bellman_root=-1.956e-01 | mass=2.90e+01 | neg=0.00e+00 | grad=3.04e+03
Iter 2800/4000 | log_obj=3.867e+00 | log_Bellman_root=4.557e-02 | mass=4.67e+01 | neg=0.00e+00 | grad=1.12e+03
Iter 3200/4000 | log_obj=4.100e+00 | log_Bellman_root=1.915e-01 | mass=5.88e+01 | neg=0.00e+00 | grad=1.58e+03
Iter 3600/4000 | log_obj=3.389e+00 | log_Bellman_root=-1.957e-01 | mass=2.90e+01 | neg=0.00e+00 | grad=3.04e+03
Iter 4000/4000 | log_obj=3.866e+00 | log_Bellman_root=4.546e-02 | mass=4.67e+01 | neg=0.00e+00 | grad=1.12e+03
Returning best diagnostic checkpoint from step 3900 (objective=2.964e+01, Bellman=6.760e-01).
Done in 12.61s.
KE-DRL global estimation is done.
B_hat shape: (3077, 800)
B_hat rank diagnostics: {'B_num_rows': 3077, 'B_num_cols': 800, 'B_min_dim': 800, 'B_numerical_rank': 800, 'B_rank_fraction': 1.0, 'B_rank_tolerance': 4.5912303681561184e-05, 'B_stable_rank': 153.1210479736328, 'B_effective_rank': 770.7463808894743, 'B_entropy_rank': 6.647359371185303, 'B_spectral_norm': 0.12516747415065765, 'B_frobenius_norm': 1.5488483905792236, 'B_nuclear_norm': 42.26883316040039, 'B_condition_number': 4.661455037262145, 'B_condition_number_tol': 4.661455037262145, 'B_smallest_singular_value': 0.026851588860154152, 'B_rank_rel_1em2': 800, 'B_rank_rel_1em3': 800, 'B_rank_rel_1em4': 800}
Global-loss target mass diagnostics: {'target_mass_mean': -4.053935527801514, 'target_mass_min': -7.809632301330566, 'target_mass_max': 0.43295907974243164, 'target_mass_sd': 1.8543508052825928, 'target_mass_rmse_to_target': 5.380194187164307, 'target_beta_min': -0.014348791912198067, 'target_beta_max': 0.016663216054439545, 'target_neg_frac_mean': 0.9487625}
Return dictionary Z_grid shape: (800, 3)
Replicate 13 risk metrics: {'risk_n_steps_recorded': 81.0, 'risk_n_diagnostics_recorded': 81.0, 'risk_log_obj_initial': 8.373174295785631, 'risk_log_obj_final': 3.866237074941756, 'risk_log_obj_min': 3.3889842928372853, 'risk_obj_initial': 4329.356933593754, 'risk_obj_final': 47.762321472167976, 'risk_obj_min': 29.635835647583004, 'risk_log_obj_drop': 4.506937220843875, 'risk_log_bellman_root_initial': 2.325941203613458, 'risk_log_bellman_root_final': 0.045460117044994745, 'risk_log_bellman_root_min': -0.19651334879666907, 'risk_bellman_root_initial': 10.23631000518799, 'risk_bellman_root_final': 1.0465092658996582, 'risk_bellman_root_min': 0.8215903639793396, 'risk_bellman_initial': 104.78204252231176, 'risk_bellman_final': 1.0951816436138415, 'risk_bellman_min': 0.6750107261837037, 'risk_log_bellman_root_drop': 2.280481086568463, 'risk_bellman_returned': 0.6760055422782898, 'risk_obj_returned': 29.635835647583008, 'risk_returned_step': 3900.0, 'offline_data_id': 13, 'benchmark_point_source': 'fixed_config_plus_support_safe_target_policy_draws', 'target_set_size': 100, 'lambda_reg': 0.005, 'lambda_B': 0.02, 'num_steps': 4000, 'transition_reduction_enabled': 1, 'transition_reduction_method': 'kmeans', 'transition_original_rows': 12000, 'transition_reduced_rows': 3077, 'transition_compression_ratio': 0.2564166666666667, 'target_mass_mean': -4.053935527801514, 'target_mass_min': -7.809632301330566, 'target_mass_max': 0.43295907974243164, 'target_mass_sd': 1.8543508052825928, 'target_mass_rmse_to_target': 5.380194187164307, 'target_beta_min': -0.014348791912198067, 'target_beta_max': 0.016663216054439545, 'target_neg_frac_mean': 0.9487625, 'B_num_rows': 3077, 'B_num_cols': 800, 'B_min_dim': 800, 'B_numerical_rank': 800, 'B_rank_fraction': 1.0, 'B_rank_tolerance': 4.5912303681561184e-05, 'B_stable_rank': 153.1210479736328, 'B_effective_rank': 770.7463808894743, 'B_entropy_rank': 6.647359371185303, 'B_spectral_norm': 0.12516747415065765, 'B_frobenius_norm': 1.5488483905792236, 'B_nuclear_norm': 42.26883316040039, 'B_condition_number': 4.661455037262145, 'B_condition_number_tol': 4.661455037262145, 'B_smallest_singular_value': 0.026851588860154152, 'B_rank_rel_1em2': 800, 'B_rank_rel_1em3': 800, 'B_rank_rel_1em4': 800, 'risk_objective_final_raw': 47.76232147216797, 'risk_objective_min_raw': 29.635835647583008, 'risk_objective_max_raw': 4329.35693359375, 'risk_bellman_final_raw': 1.0951817035675049, 'risk_bellman_min_raw': 0.6750107407569885, 'risk_bellman_max_raw': 104.78205108642578, 'risk_rkhs_ridge_final_raw': 0.016925465315580368, 'risk_rkhs_ridge_min_raw': 0.013337032869458199, 'risk_rkhs_ridge_max_raw': 1.1181727647781372, 'risk_mass_final_raw': 46.65021514892578, 'risk_mass_min_raw': 28.94649314880371, 'risk_mass_max_raw': 4223.45654296875, 'risk_negativity_final_raw': 0.0, 'risk_negativity_min_raw': 0.0, 'risk_negativity_max_raw': 0.0, 'risk_B_norm_final_raw': 1.548437476158142, 'risk_B_norm_min_raw': 1.548437476158142, 'risk_B_norm_max_raw': 1.638242483139038, 'risk_diagnostic_step_final_raw': 4000.0, 'risk_diagnostic_step_min_raw': 1.0, 'risk_diagnostic_step_max_raw': 4000.0, 'risk_best_step_final_raw': 3900.0, 'risk_best_step_min_raw': 3900.0, 'risk_best_step_max_raw': 3900.0, 'risk_best_objective_final_raw': 29.635835647583008, 'risk_best_objective_min_raw': 29.635835647583008, 'risk_best_objective_max_raw': 29.635835647583008, 'risk_best_bellman_final_raw': 0.6760055422782898, 'risk_best_bellman_min_raw': 0.6760055422782898, 'risk_best_bellman_max_raw': 0.6760055422782898, 'risk_returned_step_final_raw': 3900.0, 'risk_returned_step_min_raw': 3900.0, 'risk_returned_step_max_raw': 3900.0, 'risk_returned_objective_final_raw': 29.635835647583008, 'risk_returned_objective_min_raw': 29.635835647583008, 'risk_returned_objective_max_raw': 29.635835647583008, 'risk_returned_bellman_final_raw': 0.6760055422782898, 'risk_returned_bellman_min_raw': 0.6760055422782898, 'risk_returned_bellman_max_raw': 0.6760055422782898, 'risk_returned_best_checkpoint_final_raw': 1.0, 'risk_returned_best_checkpoint_min_raw': 1.0, 'risk_returned_best_checkpoint_max_raw': 1.0}
Benchmark 0 evaluation grid shape: (800, 3)
Replicate 13, benchmark 0 metrics: {'run_id': '13_b0', 'RMSE': 0.5235724425130099, 'MAE': 0.46047297514713137, 'SupNorm': 1.0530825406312943, 'Bias': -0.46047297514713137, 'Corr': -0.40260566908600737, 'deming_slope': -11.64170032294499, 'deming_intercept': 1.1638268627394395, 'beta_sum': -3.00679874420166, 'beta_l1': 3.1347508430480957, 'beta_l2': 0.11728933453559875, 'beta_min': -0.00713573582470417, 'beta_max': 0.005052804946899414, 'beta_neg_frac': 0.95125, 'offline_data_id': 13, 'benchmark_id': 0, 'benchmark_point_source': 'fixed_config', 'target_set_size': 100, 'benchmark_z_path': 'data/Z_true.pt', 'projected_bellman_test_risk': 0.009442188777029514, 'oracle_embedding_risk': 3.151986837387085, 'benchmark_embedding_risk': 3.151986837387085, 'risk_bellman_final': 1.0951816436138415, 'risk_obj_final': 47.762321472167976, 'B_num_rows': 3077, 'B_num_cols': 800, 'B_min_dim': 800, 'B_numerical_rank': 800, 'B_rank_fraction': 1.0, 'B_rank_tolerance': 4.5912303681561184e-05, 'B_stable_rank': 153.1210479736328, 'B_effective_rank': 770.7463808894743, 'B_entropy_rank': 6.647359371185303, 'B_spectral_norm': 0.12516747415065765, 'B_frobenius_norm': 1.5488483905792236, 'B_nuclear_norm': 42.26883316040039, 'B_condition_number': 4.661455037262145, 'B_condition_number_tol': 4.661455037262145, 'B_smallest_singular_value': 0.026851588860154152, 'B_rank_rel_1em2': 800, 'B_rank_rel_1em3': 800, 'B_rank_rel_1em4': 800}
Saved ./mu/mu_hat.csv shape=(800,)
Saved ./mu/mu2D_hat_dims01.csv shape=(120, 120)
Saved ./mu/mu2D_hat_dims01.csv shape=(120, 120)
Saved plots/replicate_13/mu_3D.png
Benchmark 1 evaluation grid shape: (800, 3)
Replicate 13, benchmark 1 metrics: {'run_id': '13_b1', 'RMSE': 1.5050510006847588, 'MAE': 1.3874808909467538, 'SupNorm': 2.4946337938308716, 'Bias': -1.3874808909467538, 'Corr': -0.994533777756373, 'deming_slope': -11.494058721950939, 'deming_intercept': 0.20753301024785453, 'beta_sum': -8.254266738891602, 'beta_l1': 8.254266738891602, 'beta_l2': 0.2934788465499878, 'beta_min': -0.01432312186807394, 'beta_max': -0.004328173119574785, 'beta_neg_frac': 1.0, 'offline_data_id': 13, 'benchmark_id': 1, 'benchmark_point_source': 'fixed_config', 'target_set_size': 100, 'benchmark_z_path': 'data/Z_true.pt', 'projected_bellman_test_risk': 1.302780270576477, 'oracle_embedding_risk': 15.920578956604004, 'benchmark_embedding_risk': 15.920578956604004, 'risk_bellman_final': 1.0951816436138415, 'risk_obj_final': 47.762321472167976, 'B_num_rows': 3077, 'B_num_cols': 800, 'B_min_dim': 800, 'B_numerical_rank': 800, 'B_rank_fraction': 1.0, 'B_rank_tolerance': 4.5912303681561184e-05, 'B_stable_rank': 153.1210479736328, 'B_effective_rank': 770.7463808894743, 'B_entropy_rank': 6.647359371185303, 'B_spectral_norm': 0.12516747415065765, 'B_frobenius_norm': 1.5488483905792236, 'B_nuclear_norm': 42.26883316040039, 'B_condition_number': 4.661455037262145, 'B_condition_number_tol': 4.661455037262145, 'B_smallest_singular_value': 0.026851588860154152, 'B_rank_rel_1em2': 800, 'B_rank_rel_1em3': 800, 'B_rank_rel_1em4': 800}
Benchmark 2 evaluation grid shape: (800, 3)
Replicate 13, benchmark 2 metrics: {'run_id': '13_b2', 'RMSE': 1.4334461623004913, 'MAE': 1.3241300058436172, 'SupNorm': 2.363170564174652, 'Bias': -1.3241300058436172, 'Corr': -0.9245871486061487, 'deming_slope': -12.037330294354861, 'deming_intercept': 0.38814667837683836, 'beta_sum': -7.795428276062012, 'beta_l1': 7.795428276062012, 'beta_l2': 0.2774083912372589, 'beta_min': -0.013548873364925385, 'beta_max': -0.004042476415634155, 'beta_neg_frac': 1.0, 'offline_data_id': 13, 'benchmark_id': 2, 'benchmark_point_source': 'fixed_config', 'target_set_size': 100, 'benchmark_z_path': 'data/Z_true.pt', 'projected_bellman_test_risk': 0.980886697769165, 'oracle_embedding_risk': 14.37889289855957, 'benchmark_embedding_risk': 14.37889289855957, 'risk_bellman_final': 1.0951816436138415, 'risk_obj_final': 47.762321472167976, 'B_num_rows': 3077, 'B_num_cols': 800, 'B_min_dim': 800, 'B_numerical_rank': 800, 'B_rank_fraction': 1.0, 'B_rank_tolerance': 4.5912303681561184e-05, 'B_stable_rank': 153.1210479736328, 'B_effective_rank': 770.7463808894743, 'B_entropy_rank': 6.647359371185303, 'B_spectral_norm': 0.12516747415065765, 'B_frobenius_norm': 1.5488483905792236, 'B_nuclear_norm': 42.26883316040039, 'B_condition_number': 4.661455037262145, 'B_condition_number_tol': 4.661455037262145, 'B_smallest_singular_value': 0.026851588860154152, 'B_rank_rel_1em2': 800, 'B_rank_rel_1em3': 800, 'B_rank_rel_1em4': 800}
Benchmark 3 evaluation grid shape: (800, 3)
Replicate 13, benchmark 3 metrics: {'run_id': '13_b3', 'RMSE': 1.3851411447147195, 'MAE': 1.269370015001914, 'SupNorm': 2.3251471519470215, 'Bias': -1.269370015001914, 'Corr': -0.9423269170415421, 'deming_slope': -11.588469720345088, 'deming_intercept': 0.3297749566600807, 'beta_sum': -7.698256492614746, 'beta_l1': 7.698256492614746, 'beta_l2': 0.2739146947860718, 'beta_min': -0.013108707964420319, 'beta_max': -0.0029286090284585953, 'beta_neg_frac': 1.0, 'offline_data_id': 13, 'benchmark_id': 3, 'benchmark_point_source': 'fixed_config', 'target_set_size': 100, 'benchmark_z_path': 'data/Z_true.pt', 'projected_bellman_test_risk': 1.0118725299835205, 'oracle_embedding_risk': 14.07475757598877, 'benchmark_embedding_risk': 14.07475757598877, 'risk_bellman_final': 1.0951816436138415, 'risk_obj_final': 47.762321472167976, 'B_num_rows': 3077, 'B_num_cols': 800, 'B_min_dim': 800, 'B_numerical_rank': 800, 'B_rank_fraction': 1.0, 'B_rank_tolerance': 4.5912303681561184e-05, 'B_stable_rank': 153.1210479736328, 'B_effective_rank': 770.7463808894743, 'B_entropy_rank': 6.647359371185303, 'B_spectral_norm': 0.12516747415065765, 'B_frobenius_norm': 1.5488483905792236, 'B_nuclear_norm': 42.26883316040039, 'B_condition_number': 4.661455037262145, 'B_condition_number_tol': 4.661455037262145, 'B_smallest_singular_value': 0.026851588860154152, 'B_rank_rel_1em2': 800, 'B_rank_rel_1em3': 800, 'B_rank_rel_1em4': 800}
Benchmark 4 evaluation grid shape: (800, 3)
Replicate 13, benchmark 4 metrics: {'run_id': '13_b4', 'RMSE': 0.2808576046603053, 'MAE': 0.23986750229530115, 'SupNorm': 0.719501905143261, 'Bias': -0.23986750229530115, 'Corr': 0.0329432292564653, 'deming_slope': 81.88584720635988, 'deming_intercept': -10.806494424321551, 'beta_sum': -1.8777228593826294, 'beta_l1': 2.5261125564575195, 'beta_l2': 0.09801893681287766, 'beta_min': -0.0050799427554011345, 'beta_max': 0.01592242158949375, 'beta_neg_frac': 0.87875, 'offline_data_id': 13, 'benchmark_id': 4, 'benchmark_point_source': 'support_safe_target_policy_draw', 'target_set_size': 100, 'benchmark_z_path': 'data/Z_true.pt', 'projected_bellman_test_risk': 0.010428100824356079, 'oracle_embedding_risk': 1.757493495941162, 'benchmark_embedding_risk': 1.757493495941162, 'risk_bellman_final': 1.0951816436138415, 'risk_obj_final': 47.762321472167976, 'B_num_rows': 3077, 'B_num_cols': 800, 'B_min_dim': 800, 'B_numerical_rank': 800, 'B_rank_fraction': 1.0, 'B_rank_tolerance': 4.5912303681561184e-05, 'B_stable_rank': 153.1210479736328, 'B_effective_rank': 770.7463808894743, 'B_entropy_rank': 6.647359371185303, 'B_spectral_norm': 0.12516747415065765, 'B_frobenius_norm': 1.5488483905792236, 'B_nuclear_norm': 42.26883316040039, 'B_condition_number': 4.661455037262145, 'B_condition_number_tol': 4.661455037262145, 'B_smallest_singular_value': 0.026851588860154152, 'B_rank_rel_1em2': 800, 'B_rank_rel_1em3': 800, 'B_rank_rel_1em4': 800}
Benchmark 5 evaluation grid shape: (800, 3)
Replicate 13, benchmark 5 metrics: {'run_id': '13_b5', 'RMSE': 0.13093251906308956, 'MAE': 0.12315306153321672, 'SupNorm': 0.20478572975844145, 'Bias': -0.12315306153321672, 'Corr': 0.5266153975273825, 'deming_slope': 0.02759908371197337, 'deming_intercept': -0.00070595628981531, 'beta_sum': 0.05583425238728523, 'beta_l1': 0.2862524688243866, 'beta_l2': 0.013902375474572182, 'beta_min': -0.0012894358951598406, 'beta_max': 0.002654213458299637, 'beta_neg_frac': 0.53, 'offline_data_id': 13, 'benchmark_id': 5, 'benchmark_point_source': 'support_safe_target_policy_draw', 'target_set_size': 100, 'benchmark_z_path': 'data/Z_true.pt', 'projected_bellman_test_risk': 0.01842583157122135, 'oracle_embedding_risk': 0.4853568971157074, 'benchmark_embedding_risk': 0.4853568971157074, 'risk_bellman_final': 1.0951816436138415, 'risk_obj_final': 47.762321472167976, 'B_num_rows': 3077, 'B_num_cols': 800, 'B_min_dim': 800, 'B_numerical_rank': 800, 'B_rank_fraction': 1.0, 'B_rank_tolerance': 4.5912303681561184e-05, 'B_stable_rank': 153.1210479736328, 'B_effective_rank': 770.7463808894743, 'B_entropy_rank': 6.647359371185303, 'B_spectral_norm': 0.12516747415065765, 'B_frobenius_norm': 1.5488483905792236, 'B_nuclear_norm': 42.26883316040039, 'B_condition_number': 4.661455037262145, 'B_condition_number_tol': 4.661455037262145, 'B_smallest_singular_value': 0.026851588860154152, 'B_rank_rel_1em2': 800, 'B_rank_rel_1em3': 800, 'B_rank_rel_1em4': 800}
Benchmark 6 evaluation grid shape: (800, 3)
Replicate 13, benchmark 6 metrics: {'run_id': '13_b6', 'RMSE': 0.7890579030768519, 'MAE': 0.7063421785860555, 'SupNorm': 1.4476470649242401, 'Bias': -0.7063421785860555, 'Corr': -0.626584518684457, 'deming_slope': -10.800354525805318, 'deming_intercept': 0.8201006507430001, 'beta_sum': -4.457646369934082, 'beta_l1': 4.466733932495117, 'beta_l2': 0.16276735067367554, 'beta_min': -0.00871884636580944, 'beta_max': 0.0018189451657235622, 'beta_neg_frac': 0.995, 'offline_data_id': 13, 'benchmark_id': 6, 'benchmark_point_source': 'support_safe_target_policy_draw', 'target_set_size': 100, 'benchmark_z_path': 'data/Z_true.pt', 'projected_bellman_test_risk': 0.10716250538825989, 'oracle_embedding_risk': 5.636985778808594, 'benchmark_embedding_risk': 5.636985778808594, 'risk_bellman_final': 1.0951816436138415, 'risk_obj_final': 47.762321472167976, 'B_num_rows': 3077, 'B_num_cols': 800, 'B_min_dim': 800, 'B_numerical_rank': 800, 'B_rank_fraction': 1.0, 'B_rank_tolerance': 4.5912303681561184e-05, 'B_stable_rank': 153.1210479736328, 'B_effective_rank': 770.7463808894743, 'B_entropy_rank': 6.647359371185303, 'B_spectral_norm': 0.12516747415065765, 'B_frobenius_norm': 1.5488483905792236, 'B_nuclear_norm': 42.26883316040039, 'B_condition_number': 4.661455037262145, 'B_condition_number_tol': 4.661455037262145, 'B_smallest_singular_value': 0.026851588860154152, 'B_rank_rel_1em2': 800, 'B_rank_rel_1em3': 800, 'B_rank_rel_1em4': 800}
Benchmark 7 evaluation grid shape: (800, 3)
Replicate 13, benchmark 7 metrics: {'run_id': '13_b7', 'RMSE': 0.728239743618398, 'MAE': 0.6345924427980936, 'SupNorm': 1.4774263501167297, 'Bias': -0.6345924427980936, 'Corr': -0.4637356368149958, 'deming_slope': -15.53783909935637, 'deming_intercept': 1.4843634543930375, 'beta_sum': -4.530444145202637, 'beta_l1': 4.641801834106445, 'beta_l2': 0.17009341716766357, 'beta_min': -0.008838653564453125, 'beta_max': 0.006431969814002514, 'beta_neg_frac': 0.97, 'offline_data_id': 13, 'benchmark_id': 7, 'benchmark_point_source': 'support_safe_target_policy_draw', 'target_set_size': 100, 'benchmark_z_path': 'data/Z_true.pt', 'projected_bellman_test_risk': 0.166218101978302, 'oracle_embedding_risk': 5.8610968589782715, 'benchmark_embedding_risk': 5.8610968589782715, 'risk_bellman_final': 1.0951816436138415, 'risk_obj_final': 47.762321472167976, 'B_num_rows': 3077, 'B_num_cols': 800, 'B_min_dim': 800, 'B_numerical_rank': 800, 'B_rank_fraction': 1.0, 'B_rank_tolerance': 4.5912303681561184e-05, 'B_stable_rank': 153.1210479736328, 'B_effective_rank': 770.7463808894743, 'B_entropy_rank': 6.647359371185303, 'B_spectral_norm': 0.12516747415065765, 'B_frobenius_norm': 1.5488483905792236, 'B_nuclear_norm': 42.26883316040039, 'B_condition_number': 4.661455037262145, 'B_condition_number_tol': 4.661455037262145, 'B_smallest_singular_value': 0.026851588860154152, 'B_rank_rel_1em2': 800, 'B_rank_rel_1em3': 800, 'B_rank_rel_1em4': 800}
Benchmark 8 evaluation grid shape: (800, 3)
Replicate 13, benchmark 8 metrics: {'run_id': '13_b8', 'RMSE': 0.36988524540361456, 'MAE': 0.33155809937839875, 'SupNorm': 0.7064670473337173, 'Bias': -0.33155809937839875, 'Corr': -0.5123517029097834, 'deming_slope': -5.000942365094771, 'deming_intercept': 0.4344150439469886, 'beta_sum': -1.7258325815200806, 'beta_l1': 1.8665761947631836, 'beta_l2': 0.07135705649852753, 'beta_min': -0.004621269181370735, 'beta_max': 0.004978072829544544, 'beta_neg_frac': 0.93125, 'offline_data_id': 13, 'benchmark_id': 8, 'benchmark_point_source': 'support_safe_target_policy_draw', 'target_set_size': 100, 'benchmark_z_path': 'data/Z_true.pt', 'projected_bellman_test_risk': 0.06796318292617798, 'oracle_embedding_risk': 1.6212319135665894, 'benchmark_embedding_risk': 1.6212319135665894, 'risk_bellman_final': 1.0951816436138415, 'risk_obj_final': 47.762321472167976, 'B_num_rows': 3077, 'B_num_cols': 800, 'B_min_dim': 800, 'B_numerical_rank': 800, 'B_rank_fraction': 1.0, 'B_rank_tolerance': 4.5912303681561184e-05, 'B_stable_rank': 153.1210479736328, 'B_effective_rank': 770.7463808894743, 'B_entropy_rank': 6.647359371185303, 'B_spectral_norm': 0.12516747415065765, 'B_frobenius_norm': 1.5488483905792236, 'B_nuclear_norm': 42.26883316040039, 'B_condition_number': 4.661455037262145, 'B_condition_number_tol': 4.661455037262145, 'B_smallest_singular_value': 0.026851588860154152, 'B_rank_rel_1em2': 800, 'B_rank_rel_1em3': 800, 'B_rank_rel_1em4': 800}
Benchmark 9 evaluation grid shape: (800, 3)
Replicate 13, benchmark 9 metrics: {'run_id': '13_b9', 'RMSE': 0.8016388370218313, 'MAE': 0.7066791754626319, 'SupNorm': 1.5048427432775497, 'Bias': -0.7066791754626319, 'Corr': -0.5759433658688151, 'deming_slope': -12.825003045592974, 'deming_intercept': 1.0936810012839855, 'beta_sum': -4.480108261108398, 'beta_l1': 4.604103088378906, 'beta_l2': 0.16939523816108704, 'beta_min': -0.00876631774008274, 'beta_max': 0.006786651909351349, 'beta_neg_frac': 0.96125, 'offline_data_id': 13, 'benchmark_id': 9, 'benchmark_point_source': 'support_safe_target_policy_draw', 'target_set_size': 100, 'benchmark_z_path': 'data/Z_true.pt', 'projected_bellman_test_risk': 0.0701708197593689, 'oracle_embedding_risk': 5.983652591705322, 'benchmark_embedding_risk': 5.983652591705322, 'risk_bellman_final': 1.0951816436138415, 'risk_obj_final': 47.762321472167976, 'B_num_rows': 3077, 'B_num_cols': 800, 'B_min_dim': 800, 'B_numerical_rank': 800, 'B_rank_fraction': 1.0, 'B_rank_tolerance': 4.5912303681561184e-05, 'B_stable_rank': 153.1210479736328, 'B_effective_rank': 770.7463808894743, 'B_entropy_rank': 6.647359371185303, 'B_spectral_norm': 0.12516747415065765, 'B_frobenius_norm': 1.5488483905792236, 'B_nuclear_norm': 42.26883316040039, 'B_condition_number': 4.661455037262145, 'B_condition_number_tol': 4.661455037262145, 'B_smallest_singular_value': 0.026851588860154152, 'B_rank_rel_1em2': 800, 'B_rank_rel_1em3': 800, 'B_rank_rel_1em4': 800}
Replicate 13 finished in 21.5s
Finished combo 5, offline replicate 13.
