Job ID:    2358876
Array idx: 112
CPUs/node: 64
Mem/node:  131072
Using CC = cc 
Using CXX = CC 
Using FC = ftn 
Using F77 = ftn 
Using F90 = ftn 
cuda/12.6.1 is deprecated; loading cudatoolkit/25.5_12.9 instead.
Using CC = /opt/nvidia/hpc_sdk/Linux_aarch64/25.5/compilers/bin/nvc 
Using CXX = /opt/nvidia/hpc_sdk/Linux_aarch64/25.5/compilers/bin/nvc++ 
Using FC = /opt/nvidia/hpc_sdk/Linux_aarch64/25.5/compilers/bin/nvfortran 
Using F77 = /opt/nvidia/hpc_sdk/Linux_aarch64/25.5/compilers/bin/nvfortran 
Using F90 = /opt/nvidia/hpc_sdk/Linux_aarch64/25.5/compilers/bin/nvfortran 
Using CC = /opt/nvidia/hpc_sdk/Linux_aarch64/25.5/compilers/bin/nvc 
Using CXX = /opt/nvidia/hpc_sdk/Linux_aarch64/25.5/compilers/bin/nvc++ 
Using FC = /opt/nvidia/hpc_sdk/Linux_aarch64/25.5/compilers/bin/nvfortran 
Using F77 = /opt/nvidia/hpc_sdk/Linux_aarch64/25.5/compilers/bin/nvfortran 
Using F90 = /opt/nvidia/hpc_sdk/Linux_aarch64/25.5/compilers/bin/nvfortran 

Lmod is automatically replacing "gcc-native/14" with "gcc/14.2.0".

ghx4
0
Tuning combo id: 1 / 6
Offline replicate id: 12 / 99
Installing ke_drl from git: https://github.com/mehrdadmhmdi/ke-drl.git@main
Collecting git+https://github.com/mehrdadmhmdi/ke-drl.git@main
  Cloning https://github.com/mehrdadmhmdi/ke-drl.git (to revision main) to /tmp/pip-req-build-hnmzhjsd
  Running command git clone --filter=blob:none --quiet https://github.com/mehrdadmhmdi/ke-drl.git /tmp/pip-req-build-hnmzhjsd
  Resolved https://github.com/mehrdadmhmdi/ke-drl.git to commit 3c5d570e40ea15b1fbe4817b5f43b64c7b333e82
  Installing build dependencies: started
  Installing build dependencies: finished with status 'done'
  Getting requirements to build wheel: started
  Getting requirements to build wheel: finished with status 'done'
  Preparing metadata (pyproject.toml): started
  Preparing metadata (pyproject.toml): finished with status 'done'
Building wheels for collected packages: ke_drl
  Building wheel for ke_drl (pyproject.toml): started
  Building wheel for ke_drl (pyproject.toml): finished with status 'done'
  Created wheel for ke_drl: filename=ke_drl-0.1.0-py3-none-any.whl size=47219 sha256=a2a84acf8349ce77281efbda632e1d2c0fc6cba853cbf0c4c073d2edeca328fb
  Stored in directory: /tmp/pip-ephem-wheel-cache-2m06hfjj/wheels/24/47/ad/9a4ffd3b05d3e90e35ffc6e7324b735b8bfcf5f51aaf29a333
Successfully built ke_drl
Installing collected packages: ke_drl
Successfully installed ke_drl-0.1.0
Installed ke_drl source: /work/nvme/bfez/mehrdad3/DistRL/simulation_3/runs/sim3_global_2358722_1/.kedrl_site_112/ke_drl/__init__.py
Tuning combo 1: lambda_B_0.002
Overrides: {'lambda_B': 0.002}
RUN: /sw/user/python/miniforge3-pytorch-24.11.3/bin/python3 validate_sim_config.py --params params.yaml
ke_drl import source: /work/nvme/bfez/mehrdad3/DistRL/simulation_3/runs/sim3_global_2358722_1/.kedrl_site_112/ke_drl/__init__.py
ke_drl package API OK: prediction weights, RFF operators, rank diagnostics, and best-checkpoint optimizer available
Policy config OK: behavior=uniform, target=logistic, state_dim=5, action_dim=1
Note: policy.logistic.theta_scale/theta_std are log-scale coefficients in Probability_Densities.
Behavior-policy linearized state-process diagnostic: spectral_radius=0.653, offline_burn_in=50
Replicate config OK: num_replicates=100, benchmark points=10 independent of D_i, loss target points=100
Transition reduction OK: method=kmeans, raw rows N(T-1)=12000, target rows about 3000, B rows reduced from 12000 to about 3000
Return-operator approximation OK: method=rff, features=512, exact G avoided for estimated N=12000, m=800, L=100
Fixed benchmark config rows=4 (benchmark.num_points=10; additional points are support-safe target-policy draws if needed)
Fixed benchmark point 0: s_star=[0.6, -0.8, 0.7, -0.5, 0.9], a_star=[0.5]
Fixed benchmark behavior-support interval for configured rows: min_lower=-0.12, max_upper=1.11
Fixed benchmark target-policy location range: [-0.02, 0.14]
Reusing shared data from /work/nvme/bfez/mehrdad3/DistRL/simulation_3/runs/sim3_shared_data/data for offline replicate 12.
RUN: /sw/user/python/miniforge3-pytorch-24.11.3/bin/python3 validate_sim_config.py --params params.yaml --data data/offline_data_12.pt
ke_drl import source: /work/nvme/bfez/mehrdad3/DistRL/simulation_3/runs/sim3_global_2358722_1/.kedrl_site_112/ke_drl/__init__.py
ke_drl package API OK: prediction weights, RFF operators, rank diagnostics, and best-checkpoint optimizer available
Policy config OK: behavior=uniform, target=logistic, state_dim=5, action_dim=1
Note: policy.logistic.theta_scale/theta_std are log-scale coefficients in Probability_Densities.
Behavior-policy linearized state-process diagnostic: spectral_radius=0.653, offline_burn_in=50
Replicate config OK: num_replicates=100, benchmark points=10 independent of D_i, loss target points=100
Transition reduction OK: method=kmeans, raw rows N(T-1)=12000, target rows about 3000, B rows reduced from 12000 to about 3000
Return-operator approximation OK: method=rff, features=512, exact G avoided for estimated N=12000, m=800, L=100
Fixed benchmark config rows=4 (benchmark.num_points=10; additional points are support-safe target-policy draws if needed)
Fixed benchmark point 0: s_star=[0.6, -0.8, 0.7, -0.5, 0.9], a_star=[0.5]
Fixed benchmark behavior-support interval for configured rows: min_lower=-0.12, max_upper=1.11
Fixed benchmark target-policy location range: [-0.02, 0.14]
Full benchmark support check OK: 10 points, min_lower=-2.177, max_upper=2.05
observed behavior actions: mean=0.3916, sd=0.6659, q0/q10/q50/q90/q100=[-1.9966546297073364, -0.41271717548370357, 0.3350885659456253, 1.2952340483665468, 2.83158016204834]
target-policy sampled actions: mean=-0.02022, sd=0.6582, q0/q10/q50/q90/q100=[-2.6790378546684845, -0.8559342621721324, -0.015171637544379507, 0.8196984916171486, 2.398872236502666]
behavior uniform lower: mean=-0.1213, sd=0.6529, q0/q10/q50/q90/q100=[-2.70717031955719, -0.9562030142545699, -0.11689965575933457, 0.7151460063457491, 2.3457272052764893]
behavior uniform upper: mean=0.915, sd=0.6415, q0/q10/q50/q90/q100=[-0.9899859011173247, 0.07730842884629967, 0.9175057005137206, 1.7539132383465765, 3.3457272052764893]
target location inside behavior uniform support: 0.968
RUN: /sw/user/python/miniforge3-pytorch-24.11.3/bin/python3 main_est.py
# ================================================================ #
#   Global KE-DRL estimation for one offline replicate              #
# ================================================================ #
Slurm Job ID: 2358876
Slurm Array ID: 12 -- used as the offline-replicate id
Offline data id: 12
ke_drl import source: /work/nvme/bfez/mehrdad3/DistRL/simulation_3/runs/sim3_global_2358722_1/.kedrl_site_112/ke_drl/__init__.py
Estimator device: cuda (NVIDIA GH200 120GB, capability 9.0); torch CUDA=13.0
Random seed: 20460524
Number of offline replicates: 100
[transition reduction] enabled: original rows=12000, target basis=3000, method=kmeans, device=cuda
[transition reduction] kmeans iter 1/20, mean center shift=2.7731e-01
[transition reduction] kmeans iter 5/20, mean center shift=5.7123e-03
[transition reduction] selected 3078 rows from 12000 transitions (ratio 0.2565); indices saved to data/reduced_transition_indices_12.pt
Data and parameters loaded.
offline path: data/offline_data_12.pt
benchmark true-Z path: data/Z_true.pt
offline shapes after reduction: s0=(3078, 5), a0=(3078, 1), r0=(3078, 3)
transition reduction: {'enabled': True, 'method': 'kmeans', 'original_rows': 12000, 'reduced_rows': 3078, 'selected_indices_path': 'data/reduced_transition_indices_12.pt', 'target_basis': 3000, 'compression_ratio': 0.2565}
fixed benchmark point source: fixed_config_plus_support_safe_target_policy_draws
benchmark row excluded from this offline data: None
global loss target set shape: s_star=(100, 5), a_star=(100, 1)
benchmark true-Z count=10, shape each=(50000, 3)
target policy: logistic
behavior policy: uniform
lambda_Gamma=0.005, lambda_B=0.002, d_r_method=song
dtype=torch.float32, operator_method=rff, operator_num_features=512
ridge_mode=rkhs, diagnostic_interval=50
mass_anchor_lambda=1.0, target_mass=1.0
uLSIF basis: source=numerator, n_basis=512, lambda_reg=0.005
optimizer stabilizers: lambda_neg=0.0, max_B_norm=None, eta_clip_min=0.0, eta_clip_max=5.0, normalize_eta=True
========================================
Estimating the global KE-DRL mean embedding
torch device=cuda, dtype=torch.float32
Data dims: N=3078, L=100, Ds=5, Da=1, Dr=3
lambda_Gamma=0.005, lambda_B=0.002
return-operator construction: method=rff, rff_features=512
[uLSIF] basis=512/3078 (numerator); eta_hat min=-9.382e-01 max=5.304e+00 neg%=4.39
ESS for eta_plus: 2172.0 / 3078
eta_plus diagnostics: raw_mean=0.995, raw_min=-0.938, raw_max=5.3; used_mean=1, used_min=0, used_max=4.97
[timing] Z-grid: 0.03s
[timing] K_X: 0.00s
[timing] K_plus: 0.00s
[timing] k_star: 0.00s
[timing] Gamma_stack: 0.01s
[timing] Phi_stack: 0.00s
[timing] RFF feature sample: 0.00s
[timing] K_Z RFF: 0.00s
[timing] G_stack RFF: 0.01s
[timing] H_stack RFF: 0.01s
findfont: Font family 'Nimbus Roman' not found.
findfont: Font family 'Nimbus Roman' not found.
findfont: Font family 'Nimbus Roman' not found.
findfont: Font family 'Nimbus Roman' not found.
findfont: Font family 'Nimbus Roman' not found.
findfont: Font family 'Nimbus Roman' not found.
findfont: Font family 'Nimbus Roman' not found.
findfont: Font family 'Nimbus Roman' not found.
findfont: Font family 'Nimbus Roman' not found.
findfont: Font family 'Nimbus Roman' not found.
findfont: Font family 'Nimbus Roman' not found.
findfont: Font family 'Nimbus Roman' not found.
findfont: Font family 'Nimbus Roman' not found.
findfont: Font family 'Nimbus Roman' not found.
findfont: Font family 'Nimbus Roman' not found.
findfont: Font family 'Nimbus Roman' not found.
findfont: Font family 'Nimbus Roman' not found.
findfont: Font family 'Nimbus Roman' not found.
findfont: Font family 'Nimbus Roman' not found.
findfont: Font family 'Nimbus Roman' not found.
findfont: Font family 'Nimbus Roman' not found.
findfont: Font family 'Nimbus Roman' not found.
findfont: Font family 'Nimbus Roman' not found.
findfont: Font family 'Nimbus Roman' not found.
findfont: Font family 'Nimbus Roman' not found.
findfont: Font family 'Nimbus Roman' not found.
findfont: Font family 'Nimbus Roman' not found.
findfont: Font family 'Nimbus Roman' not found.
findfont: Font family 'Nimbus Roman' not found.
findfont: Font family 'Nimbus Roman' not found.
findfont: Font family 'Nimbus Roman' not found.
findfont: Font family 'Nimbus Roman' not found.
findfont: Font family 'Nimbus Roman' not found.
findfont: Font family 'Nimbus Roman' not found.
findfont: Font family 'Nimbus Roman' not found.
findfont: Font family 'Nimbus Roman' not found.
findfont: Font family 'Nimbus Roman' not found.
findfont: Font family 'Nimbus Roman' not found.
findfont: Font family 'Nimbus Roman' not found.
findfont: Font family 'Nimbus Roman' not found.
findfont: Font family 'Nimbus Roman' not found.
findfont: Font family 'Nimbus Roman' not found.
findfont: Font family 'Nimbus Roman' not found.
findfont: Font family 'Nimbus Roman' not found.
findfont: Font family 'Nimbus Roman' not found.
findfont: Font family 'Nimbus Roman' not found.
findfont: Font family 'Nimbus Roman' not found.
findfont: Font family 'Nimbus Roman' not found.
findfont: Font family 'Nimbus Roman' not found.
findfont: Font family 'Nimbus Roman' not found.
findfont: Font family 'Nimbus Roman' not found.
findfont: Font family 'Nimbus Roman' not found.
findfont: Font family ['Nimbus Roman'] not found. Falling back to DejaVu Sans.
findfont: Font family 'Nimbus Roman' not found.
findfont: Font family ['Nimbus Roman'] not found. Falling back to DejaVu Sans.
findfont: Font family 'Nimbus Roman' not found.
findfont: Font family 'Nimbus Roman' not found.
findfont: Font family 'Nimbus Roman' not found.
findfont: Font family 'Nimbus Roman' not found.
findfont: Font family 'Nimbus Roman' not found.
findfont: Font family 'Nimbus Roman' not found.
findfont: Font family 'Nimbus Roman' not found.
findfont: Font family 'Nimbus Roman' not found.
findfont: Font family 'Nimbus Roman' not found.
findfont: Font family 'Nimbus Roman' not found.
findfont: Font family 'Nimbus Roman' not found.
findfont: Font family 'Nimbus Roman' not found.
findfont: Font family ['Nimbus Roman'] not found. Falling back to DejaVu Sans.
findfont: Font family 'Nimbus Roman' not found.
findfont: Font family 'Nimbus Roman' not found.
findfont: Font family 'Nimbus Roman' not found.
findfont: Font family 'Nimbus Roman' not found.
findfont: Font family 'Nimbus Roman' not found.
findfont: Font family 'Nimbus Roman' not found.
findfont: Font family 'Nimbus Roman' not found.
findfont: Font family 'Nimbus Roman' not found.
findfont: Font family 'Nimbus Roman' not found.
findfont: Font family 'Nimbus Roman' not found.
findfont: Font family 'Nimbus Roman' not found.
findfont: Font family 'Nimbus Roman' not found.
findfont: Font family 'Nimbus Roman' not found.
findfont: Font family 'Nimbus Roman' not found.
findfont: Font family 'Nimbus Roman' not found.
findfont: Font family 'Nimbus Roman' not found.
findfont: Font family 'Nimbus Roman' not found.
findfont: Font family 'Nimbus Roman' not found.
findfont: Font family 'Nimbus Roman' not found.
findfont: Font family 'Nimbus Roman' not found.
findfont: Font family 'Nimbus Roman' not found.
findfont: Font family 'Nimbus Roman' not found.
findfont: Font family 'Nimbus Roman' not found.
findfont: Font family 'Nimbus Roman' not found.
findfont: Font family 'Nimbus Roman' not found.
findfont: Font family 'Nimbus Roman' not found.
findfont: Font family 'Nimbus Roman' not found.
findfont: Font family 'Nimbus Roman' not found.
findfont: Font family 'Nimbus Roman' not found.
findfont: Font family 'Nimbus Roman' not found.
findfont: Font family 'Nimbus Roman' not found.
findfont: Font family 'Nimbus Roman' not found.
findfont: Font family 'Nimbus Roman' not found.
findfont: Font family 'Nimbus Roman' not found.
findfont: Font family 'Nimbus Roman' not found.
findfont: Font family 'Nimbus Roman' not found.
findfont: Font family 'Nimbus Roman' not found.
findfont: Font family 'Nimbus Roman' not found.
findfont: Font family 'Nimbus Roman' not found.
findfont: Font family 'Nimbus Roman' not found.
findfont: Font family 'Nimbus Roman' not found.
findfont: Font family 'Nimbus Roman' not found.
findfont: Font family 'Nimbus Roman' not found.
findfont: Font family 'Nimbus Roman' not found.
findfont: Font family 'Nimbus Roman' not found.
findfont: Font family 'Nimbus Roman' not found.
findfont: Font family 'Nimbus Roman' not found.
findfont: Font family 'Nimbus Roman' not found.
findfont: Font family 'Nimbus Roman' not found.
findfont: Font family 'Nimbus Roman' not found.
findfont: Font family 'Nimbus Roman' not found.
findfont: Font family 'Nimbus Roman' not found.
findfont: Font family 'Nimbus Roman' not found.
findfont: Font family 'Nimbus Roman' not found.
findfont: Font family 'Nimbus Roman' not found.
findfont: Font family 'Nimbus Roman' not found.
findfont: Font family 'Nimbus Roman' not found.
findfont: Font family 'Nimbus Roman' not found.
findfont: Font family 'Nimbus Roman' not found.
findfont: Font family 'Nimbus Roman' not found.
findfont: Font family 'Nimbus Roman' not found.
findfont: Font family 'Nimbus Roman' not found.
findfont: Font family 'Nimbus Roman' not found.
findfont: Font family 'Nimbus Roman' not found.
findfont: Font family 'Nimbus Roman' not found.
findfont: Font family 'Nimbus Roman' not found.
findfont: Font family 'Nimbus Roman' not found.
findfont: Font family 'Nimbus Roman' not found.
findfont: Font family 'Nimbus Roman' not found.
findfont: Font family 'Nimbus Roman' not found.
findfont: Font family 'Nimbus Roman' not found.
findfont: Font family 'Nimbus Roman' not found.
findfont: Font family 'Nimbus Roman' not found.
findfont: Font family 'Nimbus Roman' not found.
findfont: Font family 'Nimbus Roman' not found.
findfont: Font family 'Nimbus Roman' not found.
findfont: Font family 'Nimbus Roman' not found.
findfont: Font family 'Nimbus Roman' not found.
findfont: Font family 'Nimbus Roman' not found.
findfont: Font family 'Nimbus Roman' not found.
findfont: Font family 'Nimbus Roman' not found.
findfont: Font family 'Nimbus Roman' not found.
findfont: Font family 'Nimbus Roman' not found.
findfont: Font family 'Nimbus Roman' not found.
findfont: Font family 'Nimbus Roman' not found.
findfont: Font family 'Nimbus Roman' not found.
findfont: Font family 'Nimbus Roman' not found.
findfont: Font family 'Nimbus Roman' not found.
findfont: Font family 'Nimbus Roman' not found.
Ridge mode: rkhs; diagnostic interval: 50
Iter 1/4000 | log_obj=9.893e+00 | log_Bellman_root=3.474e+00 | mass=1.87e+04 | neg=0.00e+00 | grad=2.99e+02
Iter 400/4000 | log_obj=4.269e+00 | log_Bellman_root=6.626e-01 | mass=6.77e+01 | neg=0.00e+00 | grad=1.14e+04
Iter 800/4000 | log_obj=4.897e+00 | log_Bellman_root=9.733e-01 | mass=1.27e+02 | neg=0.00e+00 | grad=6.94e+03
Iter 1200/4000 | log_obj=3.242e+00 | log_Bellman_root=1.380e-01 | mass=2.43e+01 | neg=0.00e+00 | grad=2.39e+02
Iter 1600/4000 | log_obj=3.488e+00 | log_Bellman_root=2.606e-01 | mass=3.10e+01 | neg=0.00e+00 | grad=1.19e+03
Iter 2000/4000 | log_obj=1.608e+00 | log_Bellman_root=-4.038e-01 | mass=4.54e+00 | neg=0.00e+00 | grad=3.71e+03
Iter 2400/4000 | log_obj=1.970e+00 | log_Bellman_root=-4.858e-01 | mass=6.79e+00 | neg=0.00e+00 | grad=3.00e+03
Iter 2800/4000 | log_obj=2.196e+00 | log_Bellman_root=-3.047e-01 | mass=8.44e+00 | neg=0.00e+00 | grad=4.82e+02
Iter 3200/4000 | log_obj=2.198e+00 | log_Bellman_root=-3.117e-01 | mass=8.46e+00 | neg=0.00e+00 | grad=5.20e+02
Iter 3600/4000 | log_obj=2.169e+00 | log_Bellman_root=-3.227e-01 | mass=8.22e+00 | neg=0.00e+00 | grad=5.60e+02
Iter 4000/4000 | log_obj=2.175e+00 | log_Bellman_root=-3.210e-01 | mass=8.27e+00 | neg=0.00e+00 | grad=5.53e+02
Returning best diagnostic checkpoint from step 3100 (objective=1.005e+00, Bellman=7.951e-02).
Done in 13.22s.
KE-DRL global estimation is done.
B_hat shape: (3078, 800)
B_hat rank diagnostics: {'B_num_rows': 3078, 'B_num_cols': 800, 'B_min_dim': 800, 'B_numerical_rank': 800, 'B_rank_fraction': 1.0, 'B_rank_tolerance': 4.047074147806029e-05, 'B_stable_rank': 202.75357055664062, 'B_effective_rank': 771.4972232678219, 'B_entropy_rank': 6.6483330726623535, 'B_spectral_norm': 0.11029668152332306, 'B_frobenius_norm': 1.5705317258834839, 'B_nuclear_norm': 42.90610122680664, 'B_condition_number': 4.030229916428056, 'B_condition_number_tol': 4.030229916428056, 'B_smallest_singular_value': 0.02736734226346016, 'B_rank_rel_1em2': 800, 'B_rank_rel_1em3': 800, 'B_rank_rel_1em4': 800}
Global-loss target mass diagnostics: {'target_mass_mean': 1.7201385498046875, 'target_mass_min': 0.6258686780929565, 'target_mass_max': 2.839578628540039, 'target_mass_sd': 0.6377890706062317, 'target_mass_rmse_to_target': 0.9598473310470581, 'target_beta_min': -0.03833630308508873, 'target_beta_max': 0.06453225016593933, 'target_neg_frac_mean': 0.4034875}
Return dictionary Z_grid shape: (800, 3)
Replicate 12 risk metrics: {'risk_n_steps_recorded': 81.0, 'risk_n_diagnostics_recorded': 81.0, 'risk_log_obj_initial': 9.892990462862594, 'risk_log_obj_final': 2.1745198000126544, 'risk_log_obj_min': 0.004629607614626472, 'risk_obj_initial': 19791.15624999999, 'risk_obj_final': 8.797959327697752, 'risk_obj_min': 1.0046403408050537, 'risk_log_obj_drop': 7.718470662849939, 'risk_log_bellman_root_initial': 3.473965416016304, 'risk_log_bellman_root_final': -0.32097145397475485, 'risk_log_bellman_root_min': -1.2914274997051935, 'risk_bellman_root_initial': 32.26443099975586, 'risk_bellman_root_final': 0.725443959236145, 'risk_bellman_root_min': 0.2748781144618988, 'risk_bellman_initial': 1040.9935077380067, 'risk_bellman_final': 0.5262689379922136, 'risk_bellman_min': 0.07555797781012873, 'risk_log_bellman_root_drop': 3.7949368699910586, 'risk_bellman_returned': 0.07951157540082932, 'risk_obj_returned': 1.0046403408050537, 'risk_returned_step': 3100.0, 'offline_data_id': 12, 'benchmark_point_source': 'fixed_config_plus_support_safe_target_policy_draws', 'target_set_size': 100, 'lambda_reg': 0.005, 'lambda_B': 0.002, 'num_steps': 4000, 'transition_reduction_enabled': 1, 'transition_reduction_method': 'kmeans', 'transition_original_rows': 12000, 'transition_reduced_rows': 3078, 'transition_compression_ratio': 0.2565, 'target_mass_mean': 1.7201385498046875, 'target_mass_min': 0.6258686780929565, 'target_mass_max': 2.839578628540039, 'target_mass_sd': 0.6377890706062317, 'target_mass_rmse_to_target': 0.9598473310470581, 'target_beta_min': -0.03833630308508873, 'target_beta_max': 0.06453225016593933, 'target_neg_frac_mean': 0.4034875, 'B_num_rows': 3078, 'B_num_cols': 800, 'B_min_dim': 800, 'B_numerical_rank': 800, 'B_rank_fraction': 1.0, 'B_rank_tolerance': 4.047074147806029e-05, 'B_stable_rank': 202.75357055664062, 'B_effective_rank': 771.4972232678219, 'B_entropy_rank': 6.6483330726623535, 'B_spectral_norm': 0.11029668152332306, 'B_frobenius_norm': 1.5705317258834839, 'B_nuclear_norm': 42.90610122680664, 'B_condition_number': 4.030229916428056, 'B_condition_number_tol': 4.030229916428056, 'B_smallest_singular_value': 0.02736734226346016, 'B_rank_rel_1em2': 800, 'B_rank_rel_1em3': 800, 'B_rank_rel_1em4': 800, 'risk_objective_final_raw': 8.797959327697754, 'risk_objective_min_raw': 1.0046403408050537, 'risk_objective_max_raw': 19791.15625, 'risk_bellman_final_raw': 0.5262689590454102, 'risk_bellman_min_raw': 0.07555797696113586, 'risk_bellman_max_raw': 1040.993408203125, 'risk_rkhs_ridge_final_raw': 0.0037463337648659945, 'risk_rkhs_ridge_min_raw': 0.0035752938129007816, 'risk_rkhs_ridge_max_raw': 0.23518723249435425, 'risk_mass_final_raw': 8.2679443359375, 'risk_mass_min_raw': 0.9213069081306458, 'risk_mass_max_raw': 18749.927734375, 'risk_negativity_final_raw': 0.0, 'risk_negativity_min_raw': 0.0, 'risk_negativity_max_raw': 0.0, 'risk_B_norm_final_raw': 1.570339560508728, 'risk_B_norm_min_raw': 1.5701792240142822, 'risk_B_norm_max_raw': 1.6398123502731323, 'risk_diagnostic_step_final_raw': 4000.0, 'risk_diagnostic_step_min_raw': 1.0, 'risk_diagnostic_step_max_raw': 4000.0, 'risk_best_step_final_raw': 3100.0, 'risk_best_step_min_raw': 3100.0, 'risk_best_step_max_raw': 3100.0, 'risk_best_objective_final_raw': 1.0046403408050537, 'risk_best_objective_min_raw': 1.0046403408050537, 'risk_best_objective_max_raw': 1.0046403408050537, 'risk_best_bellman_final_raw': 0.07951157540082932, 'risk_best_bellman_min_raw': 0.07951157540082932, 'risk_best_bellman_max_raw': 0.07951157540082932, 'risk_returned_step_final_raw': 3100.0, 'risk_returned_step_min_raw': 3100.0, 'risk_returned_step_max_raw': 3100.0, 'risk_returned_objective_final_raw': 1.0046403408050537, 'risk_returned_objective_min_raw': 1.0046403408050537, 'risk_returned_objective_max_raw': 1.0046403408050537, 'risk_returned_bellman_final_raw': 0.07951157540082932, 'risk_returned_bellman_min_raw': 0.07951157540082932, 'risk_returned_bellman_max_raw': 0.07951157540082932, 'risk_returned_best_checkpoint_final_raw': 1.0, 'risk_returned_best_checkpoint_min_raw': 1.0, 'risk_returned_best_checkpoint_max_raw': 1.0}
Benchmark 0 evaluation grid shape: (800, 3)
Replicate 12, benchmark 0 metrics: {'run_id': '12_b0', 'RMSE': 0.2236503236574203, 'MAE': 0.17065589716155954, 'SupNorm': 0.5578436851501465, 'Bias': 0.14545663736564166, 'Corr': 0.5871846231877929, 'deming_slope': 3.2341676216967588, 'deming_intercept': -0.44038522510345063, 'beta_sum': 1.8483805656433105, 'beta_l1': 4.666652679443359, 'beta_l2': 0.20479433238506317, 'beta_min': -0.020109841600060463, 'beta_max': 0.02536972053349018, 'beta_neg_frac': 0.3675, 'offline_data_id': 12, 'benchmark_id': 0, 'benchmark_point_source': 'fixed_config', 'target_set_size': 100, 'benchmark_z_path': 'data/Z_true.pt', 'projected_bellman_test_risk': 0.051729559898376465, 'oracle_embedding_risk': 1.1594059467315674, 'benchmark_embedding_risk': 1.1594059467315674, 'risk_bellman_final': 0.5262689379922136, 'risk_obj_final': 8.797959327697752, 'B_num_rows': 3078, 'B_num_cols': 800, 'B_min_dim': 800, 'B_numerical_rank': 800, 'B_rank_fraction': 1.0, 'B_rank_tolerance': 4.047074147806029e-05, 'B_stable_rank': 202.75357055664062, 'B_effective_rank': 771.4972232678219, 'B_entropy_rank': 6.6483330726623535, 'B_spectral_norm': 0.11029668152332306, 'B_frobenius_norm': 1.5705317258834839, 'B_nuclear_norm': 42.90610122680664, 'B_condition_number': 4.030229916428056, 'B_condition_number_tol': 4.030229916428056, 'B_smallest_singular_value': 0.02736734226346016, 'B_rank_rel_1em2': 800, 'B_rank_rel_1em3': 800, 'B_rank_rel_1em4': 800}
Saved ./mu/mu_hat.csv shape=(800,)
Saved ./mu/mu2D_hat_dims01.csv shape=(120, 120)
Saved ./mu/mu2D_hat_dims01.csv shape=(120, 120)
Saved plots/replicate_12/mu_3D.png
Benchmark 1 evaluation grid shape: (800, 3)
Replicate 12, benchmark 1 metrics: {'run_id': '12_b1', 'RMSE': 0.5911821191826531, 'MAE': 0.5401173426353489, 'SupNorm': 0.9957602620124817, 'Bias': 0.5401173426353489, 'Corr': 0.9871820178956886, 'deming_slope': 3.5303449882124736, 'deming_intercept': -0.11912426799336628, 'beta_sum': 2.6477174758911133, 'beta_l1': 7.682384490966797, 'beta_l2': 0.34016257524490356, 'beta_min': -0.0274319089949131, 'beta_max': 0.04024660587310791, 'beta_neg_frac': 0.3875, 'offline_data_id': 12, 'benchmark_id': 1, 'benchmark_point_source': 'fixed_config', 'target_set_size': 100, 'benchmark_z_path': 'data/Z_true.pt', 'projected_bellman_test_risk': 0.16367249190807343, 'oracle_embedding_risk': 1.9297829866409302, 'benchmark_embedding_risk': 1.9297829866409302, 'risk_bellman_final': 0.5262689379922136, 'risk_obj_final': 8.797959327697752, 'B_num_rows': 3078, 'B_num_cols': 800, 'B_min_dim': 800, 'B_numerical_rank': 800, 'B_rank_fraction': 1.0, 'B_rank_tolerance': 4.047074147806029e-05, 'B_stable_rank': 202.75357055664062, 'B_effective_rank': 771.4972232678219, 'B_entropy_rank': 6.6483330726623535, 'B_spectral_norm': 0.11029668152332306, 'B_frobenius_norm': 1.5705317258834839, 'B_nuclear_norm': 42.90610122680664, 'B_condition_number': 4.030229916428056, 'B_condition_number_tol': 4.030229916428056, 'B_smallest_singular_value': 0.02736734226346016, 'B_rank_rel_1em2': 800, 'B_rank_rel_1em3': 800, 'B_rank_rel_1em4': 800}
Benchmark 2 evaluation grid shape: (800, 3)
Replicate 12, benchmark 2 metrics: {'run_id': '12_b2', 'RMSE': 0.619106523056072, 'MAE': 0.5647944383919821, 'SupNorm': 1.0427924692630768, 'Bias': 0.5647944383919821, 'Corr': 0.9435759457616251, 'deming_slope': 3.84445556898226, 'deming_intercept': -0.19761518566974912, 'beta_sum': 2.7469913959503174, 'beta_l1': 7.44699239730835, 'beta_l2': 0.33154168725013733, 'beta_min': -0.02930394373834133, 'beta_max': 0.04292699694633484, 'beta_neg_frac': 0.38, 'offline_data_id': 12, 'benchmark_id': 2, 'benchmark_point_source': 'fixed_config', 'target_set_size': 100, 'benchmark_z_path': 'data/Z_true.pt', 'projected_bellman_test_risk': 0.15047243237495422, 'oracle_embedding_risk': 2.0568315982818604, 'benchmark_embedding_risk': 2.0568315982818604, 'risk_bellman_final': 0.5262689379922136, 'risk_obj_final': 8.797959327697752, 'B_num_rows': 3078, 'B_num_cols': 800, 'B_min_dim': 800, 'B_numerical_rank': 800, 'B_rank_fraction': 1.0, 'B_rank_tolerance': 4.047074147806029e-05, 'B_stable_rank': 202.75357055664062, 'B_effective_rank': 771.4972232678219, 'B_entropy_rank': 6.6483330726623535, 'B_spectral_norm': 0.11029668152332306, 'B_frobenius_norm': 1.5705317258834839, 'B_nuclear_norm': 42.90610122680664, 'B_condition_number': 4.030229916428056, 'B_condition_number_tol': 4.030229916428056, 'B_smallest_singular_value': 0.02736734226346016, 'B_rank_rel_1em2': 800, 'B_rank_rel_1em3': 800, 'B_rank_rel_1em4': 800}
Benchmark 3 evaluation grid shape: (800, 3)
Replicate 12, benchmark 3 metrics: {'run_id': '12_b3', 'RMSE': 0.5437459030194907, 'MAE': 0.49081504548667, 'SupNorm': 0.9433906078338623, 'Bias': 0.49081504548667, 'Corr': 0.9498628457736628, 'deming_slope': 3.537203135583956, 'deming_intercept': -0.16695498103141448, 'beta_sum': 2.5704431533813477, 'beta_l1': 7.427356243133545, 'beta_l2': 0.3289473354816437, 'beta_min': -0.028921116143465042, 'beta_max': 0.039836522191762924, 'beta_neg_frac': 0.3875, 'offline_data_id': 12, 'benchmark_id': 3, 'benchmark_point_source': 'fixed_config', 'target_set_size': 100, 'benchmark_z_path': 'data/Z_true.pt', 'projected_bellman_test_risk': 0.15795838832855225, 'oracle_embedding_risk': 1.8172318935394287, 'benchmark_embedding_risk': 1.8172318935394287, 'risk_bellman_final': 0.5262689379922136, 'risk_obj_final': 8.797959327697752, 'B_num_rows': 3078, 'B_num_cols': 800, 'B_min_dim': 800, 'B_numerical_rank': 800, 'B_rank_fraction': 1.0, 'B_rank_tolerance': 4.047074147806029e-05, 'B_stable_rank': 202.75357055664062, 'B_effective_rank': 771.4972232678219, 'B_entropy_rank': 6.6483330726623535, 'B_spectral_norm': 0.11029668152332306, 'B_frobenius_norm': 1.5705317258834839, 'B_nuclear_norm': 42.90610122680664, 'B_condition_number': 4.030229916428056, 'B_condition_number_tol': 4.030229916428056, 'B_smallest_singular_value': 0.02736734226346016, 'B_rank_rel_1em2': 800, 'B_rank_rel_1em3': 800, 'B_rank_rel_1em4': 800}
Benchmark 4 evaluation grid shape: (800, 3)
Replicate 12, benchmark 4 metrics: {'run_id': '12_b4', 'RMSE': 0.09814788526442964, 'MAE': 0.08986747820366872, 'SupNorm': 0.16955384612083435, 'Bias': -0.08959225147002144, 'Corr': 0.9169619616616747, 'deming_slope': 0.755007228277588, 'deming_intercept': -0.024276031074402016, 'beta_sum': 0.7580245137214661, 'beta_l1': 4.77764892578125, 'beta_l2': 0.23675769567489624, 'beta_min': -0.02070789784193039, 'beta_max': 0.05692227557301521, 'beta_neg_frac': 0.49, 'offline_data_id': 12, 'benchmark_id': 4, 'benchmark_point_source': 'support_safe_target_policy_draw', 'target_set_size': 100, 'benchmark_z_path': 'data/Z_true.pt', 'projected_bellman_test_risk': 0.09535789489746094, 'oracle_embedding_risk': 0.7933644652366638, 'benchmark_embedding_risk': 0.7933644652366638, 'risk_bellman_final': 0.5262689379922136, 'risk_obj_final': 8.797959327697752, 'B_num_rows': 3078, 'B_num_cols': 800, 'B_min_dim': 800, 'B_numerical_rank': 800, 'B_rank_fraction': 1.0, 'B_rank_tolerance': 4.047074147806029e-05, 'B_stable_rank': 202.75357055664062, 'B_effective_rank': 771.4972232678219, 'B_entropy_rank': 6.6483330726623535, 'B_spectral_norm': 0.11029668152332306, 'B_frobenius_norm': 1.5705317258834839, 'B_nuclear_norm': 42.90610122680664, 'B_condition_number': 4.030229916428056, 'B_condition_number_tol': 4.030229916428056, 'B_smallest_singular_value': 0.02736734226346016, 'B_rank_rel_1em2': 800, 'B_rank_rel_1em3': 800, 'B_rank_rel_1em4': 800}
Benchmark 5 evaluation grid shape: (800, 3)
Replicate 12, benchmark 5 metrics: {'run_id': '12_b5', 'RMSE': 0.23745864608713638, 'MAE': 0.21965498058680624, 'SupNorm': 0.38638513535261154, 'Bias': -0.21923785665394915, 'Corr': 0.21865198342905068, 'deming_slope': 0.07001322708411295, 'deming_intercept': 0.019754426296555053, 'beta_sum': 0.3184749484062195, 'beta_l1': 0.6289488673210144, 'beta_l2': 0.028087778016924858, 'beta_min': -0.0022959760390222073, 'beta_max': 0.003657757304608822, 'beta_neg_frac': 0.335, 'offline_data_id': 12, 'benchmark_id': 5, 'benchmark_point_source': 'support_safe_target_policy_draw', 'target_set_size': 100, 'benchmark_z_path': 'data/Z_true.pt', 'projected_bellman_test_risk': 0.0035844012163579464, 'oracle_embedding_risk': 0.9479077458381653, 'benchmark_embedding_risk': 0.9479077458381653, 'risk_bellman_final': 0.5262689379922136, 'risk_obj_final': 8.797959327697752, 'B_num_rows': 3078, 'B_num_cols': 800, 'B_min_dim': 800, 'B_numerical_rank': 800, 'B_rank_fraction': 1.0, 'B_rank_tolerance': 4.047074147806029e-05, 'B_stable_rank': 202.75357055664062, 'B_effective_rank': 771.4972232678219, 'B_entropy_rank': 6.6483330726623535, 'B_spectral_norm': 0.11029668152332306, 'B_frobenius_norm': 1.5705317258834839, 'B_nuclear_norm': 42.90610122680664, 'B_condition_number': 4.030229916428056, 'B_condition_number_tol': 4.030229916428056, 'B_smallest_singular_value': 0.02736734226346016, 'B_rank_rel_1em2': 800, 'B_rank_rel_1em3': 800, 'B_rank_rel_1em4': 800}
Benchmark 6 evaluation grid shape: (800, 3)
Replicate 12, benchmark 6 metrics: {'run_id': '12_b6', 'RMSE': 0.3096573130530359, 'MAE': 0.2572173649619799, 'SupNorm': 0.6255572438240051, 'Bias': 0.25411551573197355, 'Corr': 0.7538774591355003, 'deming_slope': 3.090848510909428, 'deming_intercept': -0.2978500685274904, 'beta_sum': 2.0370922088623047, 'beta_l1': 5.560516834259033, 'beta_l2': 0.25100982189178467, 'beta_min': -0.026336122304201126, 'beta_max': 0.030985001474618912, 'beta_neg_frac': 0.37875, 'offline_data_id': 12, 'benchmark_id': 6, 'benchmark_point_source': 'support_safe_target_policy_draw', 'target_set_size': 100, 'benchmark_z_path': 'data/Z_true.pt', 'projected_bellman_test_risk': 0.009671268984675407, 'oracle_embedding_risk': 1.2403087615966797, 'benchmark_embedding_risk': 1.2403087615966797, 'risk_bellman_final': 0.5262689379922136, 'risk_obj_final': 8.797959327697752, 'B_num_rows': 3078, 'B_num_cols': 800, 'B_min_dim': 800, 'B_numerical_rank': 800, 'B_rank_fraction': 1.0, 'B_rank_tolerance': 4.047074147806029e-05, 'B_stable_rank': 202.75357055664062, 'B_effective_rank': 771.4972232678219, 'B_entropy_rank': 6.6483330726623535, 'B_spectral_norm': 0.11029668152332306, 'B_frobenius_norm': 1.5705317258834839, 'B_nuclear_norm': 42.90610122680664, 'B_condition_number': 4.030229916428056, 'B_condition_number_tol': 4.030229916428056, 'B_smallest_singular_value': 0.02736734226346016, 'B_rank_rel_1em2': 800, 'B_rank_rel_1em3': 800, 'B_rank_rel_1em4': 800}
Benchmark 7 evaluation grid shape: (800, 3)
Replicate 12, benchmark 7 metrics: {'run_id': '12_b7', 'RMSE': 0.053997010273829416, 'MAE': 0.0440181963017676, 'SupNorm': 0.1269540786743164, 'Bias': 0.02114217556430958, 'Corr': 0.8951861017295729, 'deming_slope': 1.2121056379459503, 'deming_intercept': -0.03432030780600526, 'beta_sum': 1.0955325365066528, 'beta_l1': 6.095310211181641, 'beta_l2': 0.27667200565338135, 'beta_min': -0.03544267266988754, 'beta_max': 0.0370635911822319, 'beta_neg_frac': 0.44625, 'offline_data_id': 12, 'benchmark_id': 7, 'benchmark_point_source': 'support_safe_target_policy_draw', 'target_set_size': 100, 'benchmark_z_path': 'data/Z_true.pt', 'projected_bellman_test_risk': 0.03817690163850784, 'oracle_embedding_risk': 0.7703241109848022, 'benchmark_embedding_risk': 0.7703241109848022, 'risk_bellman_final': 0.5262689379922136, 'risk_obj_final': 8.797959327697752, 'B_num_rows': 3078, 'B_num_cols': 800, 'B_min_dim': 800, 'B_numerical_rank': 800, 'B_rank_fraction': 1.0, 'B_rank_tolerance': 4.047074147806029e-05, 'B_stable_rank': 202.75357055664062, 'B_effective_rank': 771.4972232678219, 'B_entropy_rank': 6.6483330726623535, 'B_spectral_norm': 0.11029668152332306, 'B_frobenius_norm': 1.5705317258834839, 'B_nuclear_norm': 42.90610122680664, 'B_condition_number': 4.030229916428056, 'B_condition_number_tol': 4.030229916428056, 'B_smallest_singular_value': 0.02736734226346016, 'B_rank_rel_1em2': 800, 'B_rank_rel_1em3': 800, 'B_rank_rel_1em4': 800}
Benchmark 8 evaluation grid shape: (800, 3)
Replicate 12, benchmark 8 metrics: {'run_id': '12_b8', 'RMSE': 0.06623348053157525, 'MAE': 0.05651827349967789, 'SupNorm': 0.12830764055252075, 'Bias': -0.04799283963686321, 'Corr': 0.887276334590971, 'deming_slope': 0.7820008061581586, 'deming_intercept': 0.008794682051515373, 'beta_sum': 0.9692375659942627, 'beta_l1': 3.5421674251556396, 'beta_l2': 0.15988001227378845, 'beta_min': -0.0170426107943058, 'beta_max': 0.029859811067581177, 'beta_neg_frac': 0.40125, 'offline_data_id': 12, 'benchmark_id': 8, 'benchmark_point_source': 'support_safe_target_policy_draw', 'target_set_size': 100, 'benchmark_z_path': 'data/Z_true.pt', 'projected_bellman_test_risk': 0.03695892542600632, 'oracle_embedding_risk': 0.7710184454917908, 'benchmark_embedding_risk': 0.7710184454917908, 'risk_bellman_final': 0.5262689379922136, 'risk_obj_final': 8.797959327697752, 'B_num_rows': 3078, 'B_num_cols': 800, 'B_min_dim': 800, 'B_numerical_rank': 800, 'B_rank_fraction': 1.0, 'B_rank_tolerance': 4.047074147806029e-05, 'B_stable_rank': 202.75357055664062, 'B_effective_rank': 771.4972232678219, 'B_entropy_rank': 6.6483330726623535, 'B_spectral_norm': 0.11029668152332306, 'B_frobenius_norm': 1.5705317258834839, 'B_nuclear_norm': 42.90610122680664, 'B_condition_number': 4.030229916428056, 'B_condition_number_tol': 4.030229916428056, 'B_smallest_singular_value': 0.02736734226346016, 'B_rank_rel_1em2': 800, 'B_rank_rel_1em3': 800, 'B_rank_rel_1em4': 800}
Benchmark 9 evaluation grid shape: (800, 3)
Replicate 12, benchmark 9 metrics: {'run_id': '12_b9', 'RMSE': 0.0652974792563291, 'MAE': 0.05206229091039859, 'SupNorm': 0.1451829969882965, 'Bias': 0.04372113242861815, 'Corr': 0.9110647671194023, 'deming_slope': 1.2303873969709165, 'deming_intercept': -0.01750781979421856, 'beta_sum': 1.2608072757720947, 'beta_l1': 6.091681480407715, 'beta_l2': 0.2774686813354492, 'beta_min': -0.03027549386024475, 'beta_max': 0.04114188253879547, 'beta_neg_frac': 0.445, 'offline_data_id': 12, 'benchmark_id': 9, 'benchmark_point_source': 'support_safe_target_policy_draw', 'target_set_size': 100, 'benchmark_z_path': 'data/Z_true.pt', 'projected_bellman_test_risk': 0.0370849147439003, 'oracle_embedding_risk': 0.7710937857627869, 'benchmark_embedding_risk': 0.7710937857627869, 'risk_bellman_final': 0.5262689379922136, 'risk_obj_final': 8.797959327697752, 'B_num_rows': 3078, 'B_num_cols': 800, 'B_min_dim': 800, 'B_numerical_rank': 800, 'B_rank_fraction': 1.0, 'B_rank_tolerance': 4.047074147806029e-05, 'B_stable_rank': 202.75357055664062, 'B_effective_rank': 771.4972232678219, 'B_entropy_rank': 6.6483330726623535, 'B_spectral_norm': 0.11029668152332306, 'B_frobenius_norm': 1.5705317258834839, 'B_nuclear_norm': 42.90610122680664, 'B_condition_number': 4.030229916428056, 'B_condition_number_tol': 4.030229916428056, 'B_smallest_singular_value': 0.02736734226346016, 'B_rank_rel_1em2': 800, 'B_rank_rel_1em3': 800, 'B_rank_rel_1em4': 800}
Replicate 12 finished in 23.0s
Finished combo 1, offline replicate 12.
