Job ID:    2359402
Array idx: 583
CPUs/node: 64
Mem/node:  131072
Using CC = cc 
Using CXX = CC 
Using FC = ftn 
Using F77 = ftn 
Using F90 = ftn 
cuda/12.6.1 is deprecated; loading cudatoolkit/25.5_12.9 instead.
Using CC = /opt/nvidia/hpc_sdk/Linux_aarch64/25.5/compilers/bin/nvc 
Using CXX = /opt/nvidia/hpc_sdk/Linux_aarch64/25.5/compilers/bin/nvc++ 
Using FC = /opt/nvidia/hpc_sdk/Linux_aarch64/25.5/compilers/bin/nvfortran 
Using F77 = /opt/nvidia/hpc_sdk/Linux_aarch64/25.5/compilers/bin/nvfortran 
Using F90 = /opt/nvidia/hpc_sdk/Linux_aarch64/25.5/compilers/bin/nvfortran 
Using CC = /opt/nvidia/hpc_sdk/Linux_aarch64/25.5/compilers/bin/nvc 
Using CXX = /opt/nvidia/hpc_sdk/Linux_aarch64/25.5/compilers/bin/nvc++ 
Using FC = /opt/nvidia/hpc_sdk/Linux_aarch64/25.5/compilers/bin/nvfortran 
Using F77 = /opt/nvidia/hpc_sdk/Linux_aarch64/25.5/compilers/bin/nvfortran 
Using F90 = /opt/nvidia/hpc_sdk/Linux_aarch64/25.5/compilers/bin/nvfortran 

Lmod is automatically replacing "gcc-native/14" with "gcc/14.2.0".

ghx4
0
Tuning combo id: 5 / 6
Offline replicate id: 83 / 99
Installing ke_drl from git: https://github.com/mehrdadmhmdi/ke-drl.git@main
Collecting git+https://github.com/mehrdadmhmdi/ke-drl.git@main
  Cloning https://github.com/mehrdadmhmdi/ke-drl.git (to revision main) to /tmp/pip-req-build-pml2109_
  Running command git clone --filter=blob:none --quiet https://github.com/mehrdadmhmdi/ke-drl.git /tmp/pip-req-build-pml2109_
  Resolved https://github.com/mehrdadmhmdi/ke-drl.git to commit 3c5d570e40ea15b1fbe4817b5f43b64c7b333e82
  Installing build dependencies: started
  Installing build dependencies: finished with status 'done'
  Getting requirements to build wheel: started
  Getting requirements to build wheel: finished with status 'done'
  Preparing metadata (pyproject.toml): started
  Preparing metadata (pyproject.toml): finished with status 'done'
Building wheels for collected packages: ke_drl
  Building wheel for ke_drl (pyproject.toml): started
  Building wheel for ke_drl (pyproject.toml): finished with status 'done'
  Created wheel for ke_drl: filename=ke_drl-0.1.0-py3-none-any.whl size=47219 sha256=deec8f8298e1841b7cd86058112ddbc9f00a3afe2023b056fb3e14f6b38e5751
  Stored in directory: /tmp/pip-ephem-wheel-cache-4qr48tu9/wheels/24/47/ad/9a4ffd3b05d3e90e35ffc6e7324b735b8bfcf5f51aaf29a333
Successfully built ke_drl
Installing collected packages: ke_drl
Successfully installed ke_drl-0.1.0
Installed ke_drl source: /work/nvme/bfez/mehrdad3/DistRL/simulation_3/runs/sim3_global_2358722_5/.kedrl_site_583/ke_drl/__init__.py
Tuning combo 5: kernel_sigma_0.7
Overrides: {'kernel': {'sigma': 0.7}}
RUN: /sw/user/python/miniforge3-pytorch-24.11.3/bin/python3 validate_sim_config.py --params params.yaml
ke_drl import source: /work/nvme/bfez/mehrdad3/DistRL/simulation_3/runs/sim3_global_2358722_5/.kedrl_site_583/ke_drl/__init__.py
ke_drl package API OK: prediction weights, RFF operators, rank diagnostics, and best-checkpoint optimizer available
Policy config OK: behavior=uniform, target=logistic, state_dim=5, action_dim=1
Note: policy.logistic.theta_scale/theta_std are log-scale coefficients in Probability_Densities.
Behavior-policy linearized state-process diagnostic: spectral_radius=0.653, offline_burn_in=50
Replicate config OK: num_replicates=100, benchmark points=10 independent of D_i, loss target points=100
Transition reduction OK: method=kmeans, raw rows N(T-1)=12000, target rows about 3000, B rows reduced from 12000 to about 3000
Return-operator approximation OK: method=rff, features=512, exact G avoided for estimated N=12000, m=800, L=100
Fixed benchmark config rows=4 (benchmark.num_points=10; additional points are support-safe target-policy draws if needed)
Fixed benchmark point 0: s_star=[0.6, -0.8, 0.7, -0.5, 0.9], a_star=[0.5]
Fixed benchmark behavior-support interval for configured rows: min_lower=-0.12, max_upper=1.11
Fixed benchmark target-policy location range: [-0.02, 0.14]
Reusing shared data from /work/nvme/bfez/mehrdad3/DistRL/simulation_3/runs/sim3_shared_data/data for offline replicate 83.
RUN: /sw/user/python/miniforge3-pytorch-24.11.3/bin/python3 validate_sim_config.py --params params.yaml --data data/offline_data_83.pt
ke_drl import source: /work/nvme/bfez/mehrdad3/DistRL/simulation_3/runs/sim3_global_2358722_5/.kedrl_site_583/ke_drl/__init__.py
ke_drl package API OK: prediction weights, RFF operators, rank diagnostics, and best-checkpoint optimizer available
Policy config OK: behavior=uniform, target=logistic, state_dim=5, action_dim=1
Note: policy.logistic.theta_scale/theta_std are log-scale coefficients in Probability_Densities.
Behavior-policy linearized state-process diagnostic: spectral_radius=0.653, offline_burn_in=50
Replicate config OK: num_replicates=100, benchmark points=10 independent of D_i, loss target points=100
Transition reduction OK: method=kmeans, raw rows N(T-1)=12000, target rows about 3000, B rows reduced from 12000 to about 3000
Return-operator approximation OK: method=rff, features=512, exact G avoided for estimated N=12000, m=800, L=100
Fixed benchmark config rows=4 (benchmark.num_points=10; additional points are support-safe target-policy draws if needed)
Fixed benchmark point 0: s_star=[0.6, -0.8, 0.7, -0.5, 0.9], a_star=[0.5]
Fixed benchmark behavior-support interval for configured rows: min_lower=-0.12, max_upper=1.11
Fixed benchmark target-policy location range: [-0.02, 0.14]
Full benchmark support check OK: 10 points, min_lower=-2.177, max_upper=2.05
observed behavior actions: mean=0.4028, sd=0.6766, q0/q10/q50/q90/q100=[-2.035499095916748, -0.4101735085248947, 0.34592926502227783, 1.3302773475646974, 2.9117846488952637]
target-policy sampled actions: mean=-0.02345, sd=0.6685, q0/q10/q50/q90/q100=[-2.9367057050191225, -0.8828622507010125, -0.023004404377337664, 0.836454954415198, 2.4911585229713107]
behavior uniform lower: mean=-0.1245, sd=0.662, q0/q10/q50/q90/q100=[-2.9892470598220826, -0.9792843067646027, -0.11899455040693283, 0.7234963992238046, 2.198680764436722]
behavior uniform upper: mean=0.9239, sd=0.6477, q0/q10/q50/q90/q100=[-0.9027053833007813, 0.07345171809196484, 0.9408640414476395, 1.7636497667431832, 3.198680764436722]
target location inside behavior uniform support: 0.970
RUN: /sw/user/python/miniforge3-pytorch-24.11.3/bin/python3 main_est.py
# ================================================================ #
#   Global KE-DRL estimation for one offline replicate              #
# ================================================================ #
Slurm Job ID: 2359402
Slurm Array ID: 83 -- used as the offline-replicate id
Offline data id: 83
ke_drl import source: /work/nvme/bfez/mehrdad3/DistRL/simulation_3/runs/sim3_global_2358722_5/.kedrl_site_583/ke_drl/__init__.py
Estimator device: cuda (NVIDIA GH200 120GB, capability 9.0); torch CUDA=13.0
Random seed: 20460595
Number of offline replicates: 100
[transition reduction] enabled: original rows=12000, target basis=3000, method=kmeans, device=cuda
[transition reduction] kmeans iter 1/20, mean center shift=2.7641e-01
[transition reduction] kmeans iter 5/20, mean center shift=3.9157e-03
[transition reduction] kmeans iter 10/20, mean center shift=1.6247e-04
[transition reduction] selected 3090 rows from 12000 transitions (ratio 0.2575); indices saved to data/reduced_transition_indices_83.pt
Data and parameters loaded.
offline path: data/offline_data_83.pt
benchmark true-Z path: data/Z_true.pt
offline shapes after reduction: s0=(3090, 5), a0=(3090, 1), r0=(3090, 3)
transition reduction: {'enabled': True, 'method': 'kmeans', 'original_rows': 12000, 'reduced_rows': 3090, 'selected_indices_path': 'data/reduced_transition_indices_83.pt', 'target_basis': 3000, 'compression_ratio': 0.2575}
fixed benchmark point source: fixed_config_plus_support_safe_target_policy_draws
benchmark row excluded from this offline data: None
global loss target set shape: s_star=(100, 5), a_star=(100, 1)
benchmark true-Z count=10, shape each=(50000, 3)
target policy: logistic
behavior policy: uniform
lambda_Gamma=0.005, lambda_B=0.02, d_r_method=song
dtype=torch.float32, operator_method=rff, operator_num_features=512
ridge_mode=rkhs, diagnostic_interval=50
mass_anchor_lambda=1.0, target_mass=1.0
uLSIF basis: source=numerator, n_basis=512, lambda_reg=0.005
optimizer stabilizers: lambda_neg=0.0, max_B_norm=None, eta_clip_min=0.0, eta_clip_max=5.0, normalize_eta=True
========================================
Estimating the global KE-DRL mean embedding
torch device=cuda, dtype=torch.float32
Data dims: N=3090, L=100, Ds=5, Da=1, Dr=3
lambda_Gamma=0.005, lambda_B=0.02
return-operator construction: method=rff, rff_features=512
[uLSIF] basis=512/3090 (numerator); eta_hat min=1.669e-02 max=4.186e+00 neg%=0.00
ESS for eta_plus: 2431.5 / 3090
eta_plus diagnostics: raw_mean=0.996, raw_min=0.0167, raw_max=4.19; used_mean=1, used_min=0.0168, used_max=4.2
[timing] Z-grid: 0.03s
[timing] K_X: 0.00s
[timing] K_plus: 0.00s
[timing] k_star: 0.00s
[timing] Gamma_stack: 0.01s
[timing] Phi_stack: 0.00s
[timing] RFF feature sample: 0.00s
[timing] K_Z RFF: 0.00s
[timing] G_stack RFF: 0.01s
[timing] H_stack RFF: 0.01s
findfont: Font family 'Nimbus Roman' not found.
findfont: Font family 'Nimbus Roman' not found.
findfont: Font family 'Nimbus Roman' not found.
findfont: Font family 'Nimbus Roman' not found.
findfont: Font family 'Nimbus Roman' not found.
findfont: Font family 'Nimbus Roman' not found.
findfont: Font family 'Nimbus Roman' not found.
findfont: Font family 'Nimbus Roman' not found.
findfont: Font family 'Nimbus Roman' not found.
findfont: Font family 'Nimbus Roman' not found.
findfont: Font family 'Nimbus Roman' not found.
findfont: Font family 'Nimbus Roman' not found.
findfont: Font family 'Nimbus Roman' not found.
findfont: Font family 'Nimbus Roman' not found.
findfont: Font family 'Nimbus Roman' not found.
findfont: Font family 'Nimbus Roman' not found.
findfont: Font family 'Nimbus Roman' not found.
findfont: Font family 'Nimbus Roman' not found.
findfont: Font family 'Nimbus Roman' not found.
findfont: Font family 'Nimbus Roman' not found.
findfont: Font family 'Nimbus Roman' not found.
findfont: Font family 'Nimbus Roman' not found.
findfont: Font family 'Nimbus Roman' not found.
findfont: Font family 'Nimbus Roman' not found.
findfont: Font family 'Nimbus Roman' not found.
findfont: Font family 'Nimbus Roman' not found.
findfont: Font family 'Nimbus Roman' not found.
findfont: Font family 'Nimbus Roman' not found.
findfont: Font family 'Nimbus Roman' not found.
findfont: Font family 'Nimbus Roman' not found.
findfont: Font family 'Nimbus Roman' not found.
findfont: Font family 'Nimbus Roman' not found.
findfont: Font family 'Nimbus Roman' not found.
findfont: Font family 'Nimbus Roman' not found.
findfont: Font family 'Nimbus Roman' not found.
findfont: Font family 'Nimbus Roman' not found.
findfont: Font family 'Nimbus Roman' not found.
findfont: Font family 'Nimbus Roman' not found.
findfont: Font family 'Nimbus Roman' not found.
findfont: Font family 'Nimbus Roman' not found.
findfont: Font family 'Nimbus Roman' not found.
findfont: Font family 'Nimbus Roman' not found.
findfont: Font family 'Nimbus Roman' not found.
findfont: Font family 'Nimbus Roman' not found.
findfont: Font family 'Nimbus Roman' not found.
findfont: Font family 'Nimbus Roman' not found.
findfont: Font family 'Nimbus Roman' not found.
findfont: Font family 'Nimbus Roman' not found.
findfont: Font family 'Nimbus Roman' not found.
findfont: Font family ['Nimbus Roman'] not found. Falling back to DejaVu Sans.
findfont: Font family 'Nimbus Roman' not found.
findfont: Font family ['Nimbus Roman'] not found. Falling back to DejaVu Sans.
findfont: Font family 'Nimbus Roman' not found.
findfont: Font family 'Nimbus Roman' not found.
findfont: Font family 'Nimbus Roman' not found.
findfont: Font family 'Nimbus Roman' not found.
findfont: Font family 'Nimbus Roman' not found.
findfont: Font family 'Nimbus Roman' not found.
findfont: Font family 'Nimbus Roman' not found.
findfont: Font family 'Nimbus Roman' not found.
findfont: Font family 'Nimbus Roman' not found.
findfont: Font family 'Nimbus Roman' not found.
findfont: Font family 'Nimbus Roman' not found.
findfont: Font family 'Nimbus Roman' not found.
findfont: Font family ['Nimbus Roman'] not found. Falling back to DejaVu Sans.
findfont: Font family 'Nimbus Roman' not found.
findfont: Font family 'Nimbus Roman' not found.
findfont: Font family 'Nimbus Roman' not found.
findfont: Font family 'Nimbus Roman' not found.
findfont: Font family 'Nimbus Roman' not found.
findfont: Font family 'Nimbus Roman' not found.
findfont: Font family 'Nimbus Roman' not found.
findfont: Font family 'Nimbus Roman' not found.
findfont: Font family 'Nimbus Roman' not found.
findfont: Font family 'Nimbus Roman' not found.
findfont: Font family 'Nimbus Roman' not found.
findfont: Font family 'Nimbus Roman' not found.
findfont: Font family 'Nimbus Roman' not found.
findfont: Font family 'Nimbus Roman' not found.
findfont: Font family 'Nimbus Roman' not found.
findfont: Font family 'Nimbus Roman' not found.
findfont: Font family 'Nimbus Roman' not found.
findfont: Font family 'Nimbus Roman' not found.
findfont: Font family 'Nimbus Roman' not found.
findfont: Font family 'Nimbus Roman' not found.
findfont: Font family 'Nimbus Roman' not found.
findfont: Font family 'Nimbus Roman' not found.
findfont: Font family 'Nimbus Roman' not found.
findfont: Font family 'Nimbus Roman' not found.
findfont: Font family 'Nimbus Roman' not found.
findfont: Font family 'Nimbus Roman' not found.
findfont: Font family 'Nimbus Roman' not found.
findfont: Font family 'Nimbus Roman' not found.
findfont: Font family 'Nimbus Roman' not found.
findfont: Font family 'Nimbus Roman' not found.
findfont: Font family 'Nimbus Roman' not found.
findfont: Font family 'Nimbus Roman' not found.
findfont: Font family 'Nimbus Roman' not found.
findfont: Font family 'Nimbus Roman' not found.
findfont: Font family 'Nimbus Roman' not found.
findfont: Font family 'Nimbus Roman' not found.
findfont: Font family 'Nimbus Roman' not found.
findfont: Font family 'Nimbus Roman' not found.
findfont: Font family 'Nimbus Roman' not found.
findfont: Font family 'Nimbus Roman' not found.
findfont: Font family 'Nimbus Roman' not found.
findfont: Font family 'Nimbus Roman' not found.
findfont: Font family 'Nimbus Roman' not found.
findfont: Font family 'Nimbus Roman' not found.
findfont: Font family 'Nimbus Roman' not found.
findfont: Font family 'Nimbus Roman' not found.
findfont: Font family 'Nimbus Roman' not found.
findfont: Font family 'Nimbus Roman' not found.
findfont: Font family 'Nimbus Roman' not found.
findfont: Font family 'Nimbus Roman' not found.
findfont: Font family 'Nimbus Roman' not found.
findfont: Font family 'Nimbus Roman' not found.
findfont: Font family 'Nimbus Roman' not found.
findfont: Font family 'Nimbus Roman' not found.
findfont: Font family 'Nimbus Roman' not found.
findfont: Font family 'Nimbus Roman' not found.
findfont: Font family 'Nimbus Roman' not found.
findfont: Font family 'Nimbus Roman' not found.
findfont: Font family 'Nimbus Roman' not found.
findfont: Font family 'Nimbus Roman' not found.
findfont: Font family 'Nimbus Roman' not found.
findfont: Font family 'Nimbus Roman' not found.
findfont: Font family 'Nimbus Roman' not found.
findfont: Font family 'Nimbus Roman' not found.
findfont: Font family 'Nimbus Roman' not found.
findfont: Font family 'Nimbus Roman' not found.
findfont: Font family 'Nimbus Roman' not found.
findfont: Font family 'Nimbus Roman' not found.
findfont: Font family 'Nimbus Roman' not found.
findfont: Font family 'Nimbus Roman' not found.
findfont: Font family 'Nimbus Roman' not found.
findfont: Font family 'Nimbus Roman' not found.
findfont: Font family 'Nimbus Roman' not found.
findfont: Font family 'Nimbus Roman' not found.
findfont: Font family 'Nimbus Roman' not found.
findfont: Font family 'Nimbus Roman' not found.
findfont: Font family 'Nimbus Roman' not found.
findfont: Font family 'Nimbus Roman' not found.
findfont: Font family 'Nimbus Roman' not found.
findfont: Font family 'Nimbus Roman' not found.
findfont: Font family 'Nimbus Roman' not found.
findfont: Font family 'Nimbus Roman' not found.
findfont: Font family 'Nimbus Roman' not found.
findfont: Font family 'Nimbus Roman' not found.
findfont: Font family 'Nimbus Roman' not found.
findfont: Font family 'Nimbus Roman' not found.
Ridge mode: rkhs; diagnostic interval: 50
Iter 1/4000 | log_obj=8.414e+00 | log_Bellman_root=2.377e+00 | mass=4.39e+03 | neg=0.00e+00 | grad=3.35e+02
Iter 400/4000 | log_obj=1.932e+00 | log_Bellman_root=-8.529e-01 | mass=6.70e+00 | neg=0.00e+00 | grad=8.30e+02
Iter 800/4000 | log_obj=1.622e+00 | log_Bellman_root=-1.021e+00 | mass=4.92e+00 | neg=0.00e+00 | grad=8.83e+02
Iter 1200/4000 | log_obj=9.502e-01 | log_Bellman_root=-1.366e+00 | mass=2.51e+00 | neg=0.00e+00 | grad=6.34e+02
Iter 1600/4000 | log_obj=1.112e+00 | log_Bellman_root=-1.301e+00 | mass=2.96e+00 | neg=0.00e+00 | grad=7.04e+02
Iter 2000/4000 | log_obj=1.259e+00 | log_Bellman_root=-1.226e+00 | mass=3.43e+00 | neg=0.00e+00 | grad=6.52e+02
Iter 2400/4000 | log_obj=1.253e+00 | log_Bellman_root=-1.229e+00 | mass=3.41e+00 | neg=0.00e+00 | grad=6.51e+02
Iter 2800/4000 | log_obj=-2.232e+00 | log_Bellman_root=-2.399e+00 | mass=9.05e-02 | neg=0.00e+00 | grad=2.71e+02
Iter 3200/4000 | log_obj=-8.270e-02 | log_Bellman_root=-1.680e+00 | mass=8.77e-01 | neg=0.00e+00 | grad=2.70e+02
Iter 3600/4000 | log_obj=-7.955e-02 | log_Bellman_root=-1.680e+00 | mass=8.80e-01 | neg=0.00e+00 | grad=2.68e+02
Iter 4000/4000 | log_obj=-4.134e+00 | log_Bellman_root=-2.460e+00 | mass=8.70e-04 | neg=0.00e+00 | grad=1.35e+00
Done in 12.27s.
KE-DRL global estimation is done.
B_hat shape: (3090, 800)
B_hat rank diagnostics: {'B_num_rows': 3090, 'B_num_cols': 800, 'B_min_dim': 800, 'B_numerical_rank': 800, 'B_rank_fraction': 1.0, 'B_rank_tolerance': 5.861135209173085e-05, 'B_stable_rank': 94.29156494140625, 'B_effective_rank': 770.1523292683036, 'B_entropy_rank': 6.646588325500488, 'B_spectral_norm': 0.1591157466173172, 'B_frobenius_norm': 1.5450750589370728, 'B_nuclear_norm': 42.11420440673828, 'B_condition_number': 5.9589669654453, 'B_condition_number_tol': 5.9589669654453, 'B_smallest_singular_value': 0.026701901108026505, 'B_rank_rel_1em2': 800, 'B_rank_rel_1em3': 800, 'B_rank_rel_1em4': 800}
Global-loss target mass diagnostics: {'target_mass_mean': 0.9871049523353577, 'target_mass_min': 0.9165048599243164, 'target_mass_max': 1.027651071548462, 'target_mass_sd': 0.02665427140891552, 'target_mass_rmse_to_target': 0.029489457607269287, 'target_beta_min': -0.002306133508682251, 'target_beta_max': 0.022365033626556396, 'target_neg_frac_mean': 0.164525}
Return dictionary Z_grid shape: (800, 3)
Replicate 83 risk metrics: {'risk_n_steps_recorded': 81.0, 'risk_n_diagnostics_recorded': 81.0, 'risk_log_obj_initial': 8.414017461853385, 'risk_log_obj_final': -4.133656695197739, 'risk_log_obj_min': -4.133656695197739, 'risk_obj_initial': 4509.842285156253, 'risk_obj_final': 0.01602417603135109, 'risk_obj_min': 0.01602417603135109, 'risk_log_obj_drop': 12.547674157051123, 'risk_log_bellman_root_initial': 2.3765665181831697, 'risk_log_bellman_root_final': -2.4600777059544328, 'risk_log_bellman_root_min': -2.4600777059544328, 'risk_bellman_root_initial': 10.767868041992186, 'risk_bellman_root_final': 0.08542831242084503, 'risk_bellman_root_min': 0.08542831242084503, 'risk_bellman_initial': 115.94698216975661, 'risk_bellman_final': 0.0072979965630735055, 'risk_bellman_min': 0.0072979965630735055, 'risk_log_bellman_root_drop': 4.836644224137602, 'risk_bellman_returned': 0.007297995965927839, 'risk_obj_returned': 0.01602417603135109, 'risk_returned_step': 4000.0, 'offline_data_id': 83, 'benchmark_point_source': 'fixed_config_plus_support_safe_target_policy_draws', 'target_set_size': 100, 'lambda_reg': 0.005, 'lambda_B': 0.02, 'num_steps': 4000, 'transition_reduction_enabled': 1, 'transition_reduction_method': 'kmeans', 'transition_original_rows': 12000, 'transition_reduced_rows': 3090, 'transition_compression_ratio': 0.2575, 'target_mass_mean': 0.9871049523353577, 'target_mass_min': 0.9165048599243164, 'target_mass_max': 1.027651071548462, 'target_mass_sd': 0.02665427140891552, 'target_mass_rmse_to_target': 0.029489457607269287, 'target_beta_min': -0.002306133508682251, 'target_beta_max': 0.022365033626556396, 'target_neg_frac_mean': 0.164525, 'B_num_rows': 3090, 'B_num_cols': 800, 'B_min_dim': 800, 'B_numerical_rank': 800, 'B_rank_fraction': 1.0, 'B_rank_tolerance': 5.861135209173085e-05, 'B_stable_rank': 94.29156494140625, 'B_effective_rank': 770.1523292683036, 'B_entropy_rank': 6.646588325500488, 'B_spectral_norm': 0.1591157466173172, 'B_frobenius_norm': 1.5450750589370728, 'B_nuclear_norm': 42.11420440673828, 'B_condition_number': 5.9589669654453, 'B_condition_number_tol': 5.9589669654453, 'B_smallest_singular_value': 0.026701901108026505, 'B_rank_rel_1em2': 800, 'B_rank_rel_1em3': 800, 'B_rank_rel_1em4': 800, 'risk_objective_final_raw': 0.01602417603135109, 'risk_objective_min_raw': 0.01602417603135109, 'risk_objective_max_raw': 4509.84228515625, 'risk_bellman_final_raw': 0.007297995965927839, 'risk_bellman_min_raw': 0.007297995965927839, 'risk_bellman_max_raw': 115.94699096679688, 'risk_rkhs_ridge_final_raw': 0.007856551557779312, 'risk_rkhs_ridge_min_raw': 0.007670624181628227, 'risk_rkhs_ridge_max_raw': 1.1303285360336304, 'risk_mass_final_raw': 0.0008696280419826508, 'risk_mass_min_raw': 0.0008696280419826508, 'risk_mass_max_raw': 4392.76513671875, 'risk_negativity_final_raw': 0.0, 'risk_negativity_min_raw': 0.0, 'risk_negativity_max_raw': 0.0, 'risk_B_norm_final_raw': 1.5449055433273315, 'risk_B_norm_min_raw': 1.5449055433273315, 'risk_B_norm_max_raw': 1.6405030488967896, 'risk_diagnostic_step_final_raw': 4000.0, 'risk_diagnostic_step_min_raw': 1.0, 'risk_diagnostic_step_max_raw': 4000.0, 'risk_best_step_final_raw': 4000.0, 'risk_best_step_min_raw': 4000.0, 'risk_best_step_max_raw': 4000.0, 'risk_best_objective_final_raw': 0.01602417603135109, 'risk_best_objective_min_raw': 0.01602417603135109, 'risk_best_objective_max_raw': 0.01602417603135109, 'risk_best_bellman_final_raw': 0.007297995965927839, 'risk_best_bellman_min_raw': 0.007297995965927839, 'risk_best_bellman_max_raw': 0.007297995965927839, 'risk_returned_step_final_raw': 4000.0, 'risk_returned_step_min_raw': 4000.0, 'risk_returned_step_max_raw': 4000.0, 'risk_returned_objective_final_raw': 0.01602417603135109, 'risk_returned_objective_min_raw': 0.01602417603135109, 'risk_returned_objective_max_raw': 0.01602417603135109, 'risk_returned_bellman_final_raw': 0.007297995965927839, 'risk_returned_bellman_min_raw': 0.007297995965927839, 'risk_returned_bellman_max_raw': 0.007297995965927839, 'risk_returned_best_checkpoint_final_raw': 1.0, 'risk_returned_best_checkpoint_min_raw': 1.0, 'risk_returned_best_checkpoint_max_raw': 1.0}
Benchmark 0 evaluation grid shape: (800, 3)
Replicate 83, benchmark 0 metrics: {'run_id': '83_b0', 'RMSE': 0.04814327016762354, 'MAE': 0.040649233665717474, 'SupNorm': 0.09483075141906738, 'Bias': -0.03329742759040528, 'Corr': 0.6985414079286509, 'deming_slope': 0.8689223933832805, 'deming_intercept': -0.016455600166948497, 'beta_sum': 0.8819689750671387, 'beta_l1': 0.9837132096290588, 'beta_l2': 0.05095059424638748, 'beta_min': -0.0013561458326876163, 'beta_max': 0.008230553939938545, 'beta_neg_frac': 0.185, 'offline_data_id': 83, 'benchmark_id': 0, 'benchmark_point_source': 'fixed_config', 'target_set_size': 100, 'benchmark_z_path': 'data/Z_true.pt', 'projected_bellman_test_risk': 0.0035323856864124537, 'oracle_embedding_risk': 0.3939219117164612, 'benchmark_embedding_risk': 0.3939219117164612, 'risk_bellman_final': 0.0072979965630735055, 'risk_obj_final': 0.01602417603135109, 'B_num_rows': 3090, 'B_num_cols': 800, 'B_min_dim': 800, 'B_numerical_rank': 800, 'B_rank_fraction': 1.0, 'B_rank_tolerance': 5.861135209173085e-05, 'B_stable_rank': 94.29156494140625, 'B_effective_rank': 770.1523292683036, 'B_entropy_rank': 6.646588325500488, 'B_spectral_norm': 0.1591157466173172, 'B_frobenius_norm': 1.5450750589370728, 'B_nuclear_norm': 42.11420440673828, 'B_condition_number': 5.9589669654453, 'B_condition_number_tol': 5.9589669654453, 'B_smallest_singular_value': 0.026701901108026505, 'B_rank_rel_1em2': 800, 'B_rank_rel_1em3': 800, 'B_rank_rel_1em4': 800}
Saved ./mu/mu_hat.csv shape=(800,)
Saved ./mu/mu2D_hat_dims01.csv shape=(120, 120)
Saved ./mu/mu2D_hat_dims01.csv shape=(120, 120)
Saved plots/replicate_83/mu_3D.png
Benchmark 1 evaluation grid shape: (800, 3)
Replicate 83, benchmark 1 metrics: {'run_id': '83_b1', 'RMSE': 0.016192690161927672, 'MAE': 0.013020964295283193, 'SupNorm': 0.036159664392471313, 'Bias': 0.010613497737649595, 'Corr': 0.9895535142815614, 'deming_slope': 1.20902077168867, 'deming_intercept': -0.01607046812975227, 'beta_sum': 0.9701962471008301, 'beta_l1': 0.995813250541687, 'beta_l2': 0.0417405441403389, 'beta_min': -0.001092251855880022, 'beta_max': 0.005571051500737667, 'beta_neg_frac': 0.0475, 'offline_data_id': 83, 'benchmark_id': 1, 'benchmark_point_source': 'fixed_config', 'target_set_size': 100, 'benchmark_z_path': 'data/Z_true.pt', 'projected_bellman_test_risk': 0.0038158479146659374, 'oracle_embedding_risk': 0.36588919162750244, 'benchmark_embedding_risk': 0.36588919162750244, 'risk_bellman_final': 0.0072979965630735055, 'risk_obj_final': 0.01602417603135109, 'B_num_rows': 3090, 'B_num_cols': 800, 'B_min_dim': 800, 'B_numerical_rank': 800, 'B_rank_fraction': 1.0, 'B_rank_tolerance': 5.861135209173085e-05, 'B_stable_rank': 94.29156494140625, 'B_effective_rank': 770.1523292683036, 'B_entropy_rank': 6.646588325500488, 'B_spectral_norm': 0.1591157466173172, 'B_frobenius_norm': 1.5450750589370728, 'B_nuclear_norm': 42.11420440673828, 'B_condition_number': 5.9589669654453, 'B_condition_number_tol': 5.9589669654453, 'B_smallest_singular_value': 0.026701901108026505, 'B_rank_rel_1em2': 800, 'B_rank_rel_1em3': 800, 'B_rank_rel_1em4': 800}
Benchmark 2 evaluation grid shape: (800, 3)
Replicate 83, benchmark 2 metrics: {'run_id': '83_b2', 'RMSE': 0.021283047787562456, 'MAE': 0.01764546735197655, 'SupNorm': 0.044707462191581726, 'Bias': 0.014621155043278123, 'Corr': 0.9762825273311425, 'deming_slope': 1.2449024622334737, 'deming_intercept': -0.01754346505322521, 'beta_sum': 1.009313702583313, 'beta_l1': 1.0465832948684692, 'beta_l2': 0.04499266296625137, 'beta_min': -0.0017772703431546688, 'beta_max': 0.005648339167237282, 'beta_neg_frac': 0.05125, 'offline_data_id': 83, 'benchmark_id': 2, 'benchmark_point_source': 'fixed_config', 'target_set_size': 100, 'benchmark_z_path': 'data/Z_true.pt', 'projected_bellman_test_risk': 0.004281248897314072, 'oracle_embedding_risk': 0.3667868375778198, 'benchmark_embedding_risk': 0.3667868375778198, 'risk_bellman_final': 0.0072979965630735055, 'risk_obj_final': 0.01602417603135109, 'B_num_rows': 3090, 'B_num_cols': 800, 'B_min_dim': 800, 'B_numerical_rank': 800, 'B_rank_fraction': 1.0, 'B_rank_tolerance': 5.861135209173085e-05, 'B_stable_rank': 94.29156494140625, 'B_effective_rank': 770.1523292683036, 'B_entropy_rank': 6.646588325500488, 'B_spectral_norm': 0.1591157466173172, 'B_frobenius_norm': 1.5450750589370728, 'B_nuclear_norm': 42.11420440673828, 'B_condition_number': 5.9589669654453, 'B_condition_number_tol': 5.9589669654453, 'B_smallest_singular_value': 0.026701901108026505, 'B_rank_rel_1em2': 800, 'B_rank_rel_1em3': 800, 'B_rank_rel_1em4': 800}
Benchmark 3 evaluation grid shape: (800, 3)
Replicate 83, benchmark 3 metrics: {'run_id': '83_b3', 'RMSE': 0.015752053016418716, 'MAE': 0.012864569213998039, 'SupNorm': 0.03635397553443909, 'Bias': 0.007468242794566322, 'Corr': 0.975589426869745, 'deming_slope': 1.180502065087409, 'deming_intercept': -0.015461388540418813, 'beta_sum': 0.97712242603302, 'beta_l1': 1.0099914073944092, 'beta_l2': 0.04339776933193207, 'beta_min': -0.0020445031113922596, 'beta_max': 0.005380870774388313, 'beta_neg_frac': 0.05875, 'offline_data_id': 83, 'benchmark_id': 3, 'benchmark_point_source': 'fixed_config', 'target_set_size': 100, 'benchmark_z_path': 'data/Z_true.pt', 'projected_bellman_test_risk': 0.004877844359725714, 'oracle_embedding_risk': 0.36637574434280396, 'benchmark_embedding_risk': 0.36637574434280396, 'risk_bellman_final': 0.0072979965630735055, 'risk_obj_final': 0.01602417603135109, 'B_num_rows': 3090, 'B_num_cols': 800, 'B_min_dim': 800, 'B_numerical_rank': 800, 'B_rank_fraction': 1.0, 'B_rank_tolerance': 5.861135209173085e-05, 'B_stable_rank': 94.29156494140625, 'B_effective_rank': 770.1523292683036, 'B_entropy_rank': 6.646588325500488, 'B_spectral_norm': 0.1591157466173172, 'B_frobenius_norm': 1.5450750589370728, 'B_nuclear_norm': 42.11420440673828, 'B_condition_number': 5.9589669654453, 'B_condition_number_tol': 5.9589669654453, 'B_smallest_singular_value': 0.026701901108026505, 'B_rank_rel_1em2': 800, 'B_rank_rel_1em3': 800, 'B_rank_rel_1em4': 800}
Benchmark 4 evaluation grid shape: (800, 3)
Replicate 83, benchmark 4 metrics: {'run_id': '83_b4', 'RMSE': 0.05285086698023233, 'MAE': 0.0452949762701428, 'SupNorm': 0.10337920486927032, 'Bias': -0.033529077694602165, 'Corr': 0.6155470445743026, 'deming_slope': 1.0216704574715394, 'deming_intercept': -0.0363600258423937, 'beta_sum': 1.068038821220398, 'beta_l1': 1.2024768590927124, 'beta_l2': 0.0789121463894844, 'beta_min': -0.0013991340529173613, 'beta_max': 0.01770387776196003, 'beta_neg_frac': 0.24875, 'offline_data_id': 83, 'benchmark_id': 4, 'benchmark_point_source': 'support_safe_target_policy_draw', 'target_set_size': 100, 'benchmark_z_path': 'data/Z_true.pt', 'projected_bellman_test_risk': 0.009923921898007393, 'oracle_embedding_risk': 0.41143912076950073, 'benchmark_embedding_risk': 0.41143912076950073, 'risk_bellman_final': 0.0072979965630735055, 'risk_obj_final': 0.01602417603135109, 'B_num_rows': 3090, 'B_num_cols': 800, 'B_min_dim': 800, 'B_numerical_rank': 800, 'B_rank_fraction': 1.0, 'B_rank_tolerance': 5.861135209173085e-05, 'B_stable_rank': 94.29156494140625, 'B_effective_rank': 770.1523292683036, 'B_entropy_rank': 6.646588325500488, 'B_spectral_norm': 0.1591157466173172, 'B_frobenius_norm': 1.5450750589370728, 'B_nuclear_norm': 42.11420440673828, 'B_condition_number': 5.9589669654453, 'B_condition_number_tol': 5.9589669654453, 'B_smallest_singular_value': 0.026701901108026505, 'B_rank_rel_1em2': 800, 'B_rank_rel_1em3': 800, 'B_rank_rel_1em4': 800}
Benchmark 5 evaluation grid shape: (800, 3)
Replicate 83, benchmark 5 metrics: {'run_id': '83_b5', 'RMSE': 0.12118231430413154, 'MAE': 0.11264271770606456, 'SupNorm': 0.19471062533557415, 'Bias': -0.11253902221566704, 'Corr': 0.18356833401669906, 'deming_slope': 0.044560524199682296, 'deming_intercept': 0.007772256895025318, 'beta_sum': 0.2342790812253952, 'beta_l1': 0.24959485232830048, 'beta_l2': 0.011463029310107231, 'beta_min': -0.00028646315331570804, 'beta_max': 0.0016200499376282096, 'beta_neg_frac': 0.1125, 'offline_data_id': 83, 'benchmark_id': 5, 'benchmark_point_source': 'support_safe_target_policy_draw', 'target_set_size': 100, 'benchmark_z_path': 'data/Z_true.pt', 'projected_bellman_test_risk': 0.0028291656635701656, 'oracle_embedding_risk': 0.469804584980011, 'benchmark_embedding_risk': 0.469804584980011, 'risk_bellman_final': 0.0072979965630735055, 'risk_obj_final': 0.01602417603135109, 'B_num_rows': 3090, 'B_num_cols': 800, 'B_min_dim': 800, 'B_numerical_rank': 800, 'B_rank_fraction': 1.0, 'B_rank_tolerance': 5.861135209173085e-05, 'B_stable_rank': 94.29156494140625, 'B_effective_rank': 770.1523292683036, 'B_entropy_rank': 6.646588325500488, 'B_spectral_norm': 0.1591157466173172, 'B_frobenius_norm': 1.5450750589370728, 'B_nuclear_norm': 42.11420440673828, 'B_condition_number': 5.9589669654453, 'B_condition_number_tol': 5.9589669654453, 'B_smallest_singular_value': 0.026701901108026505, 'B_rank_rel_1em2': 800, 'B_rank_rel_1em3': 800, 'B_rank_rel_1em4': 800}
Benchmark 6 evaluation grid shape: (800, 3)
Replicate 83, benchmark 6 metrics: {'run_id': '83_b6', 'RMSE': 0.03156550733144658, 'MAE': 0.02621646010200493, 'SupNorm': 0.06614223122596741, 'Bias': -0.019455898824380712, 'Corr': 0.8510149977947481, 'deming_slope': 0.9227850257129954, 'deming_intercept': -0.0094677036765589, 'beta_sum': 0.9212707281112671, 'beta_l1': 0.9840501546859741, 'beta_l2': 0.04982810094952583, 'beta_min': -0.0012219907948747277, 'beta_max': 0.007483655121177435, 'beta_neg_frac': 0.12, 'offline_data_id': 83, 'benchmark_id': 6, 'benchmark_point_source': 'support_safe_target_policy_draw', 'target_set_size': 100, 'benchmark_z_path': 'data/Z_true.pt', 'projected_bellman_test_risk': 0.001657003303989768, 'oracle_embedding_risk': 0.3767322599887848, 'benchmark_embedding_risk': 0.3767322599887848, 'risk_bellman_final': 0.0072979965630735055, 'risk_obj_final': 0.01602417603135109, 'B_num_rows': 3090, 'B_num_cols': 800, 'B_min_dim': 800, 'B_numerical_rank': 800, 'B_rank_fraction': 1.0, 'B_rank_tolerance': 5.861135209173085e-05, 'B_stable_rank': 94.29156494140625, 'B_effective_rank': 770.1523292683036, 'B_entropy_rank': 6.646588325500488, 'B_spectral_norm': 0.1591157466173172, 'B_frobenius_norm': 1.5450750589370728, 'B_nuclear_norm': 42.11420440673828, 'B_condition_number': 5.9589669654453, 'B_condition_number_tol': 5.9589669654453, 'B_smallest_singular_value': 0.026701901108026505, 'B_rank_rel_1em2': 800, 'B_rank_rel_1em3': 800, 'B_rank_rel_1em4': 800}
Benchmark 7 evaluation grid shape: (800, 3)
Replicate 83, benchmark 7 metrics: {'run_id': '83_b7', 'RMSE': 0.02549724763530407, 'MAE': 0.021414864173857497, 'SupNorm': 0.054566770792007446, 'Bias': -0.007961665546754376, 'Corr': 0.8697135075341992, 'deming_slope': 1.074649533698855, 'deming_intercept': -0.017526341361015593, 'beta_sum': 0.9662176370620728, 'beta_l1': 1.0482051372528076, 'beta_l2': 0.06273553520441055, 'beta_min': -0.0013559022918343544, 'beta_max': 0.014321409165859222, 'beta_neg_frac': 0.14875, 'offline_data_id': 83, 'benchmark_id': 7, 'benchmark_point_source': 'support_safe_target_policy_draw', 'target_set_size': 100, 'benchmark_z_path': 'data/Z_true.pt', 'projected_bellman_test_risk': 0.008366340771317482, 'oracle_embedding_risk': 0.37663888931274414, 'benchmark_embedding_risk': 0.37663888931274414, 'risk_bellman_final': 0.0072979965630735055, 'risk_obj_final': 0.01602417603135109, 'B_num_rows': 3090, 'B_num_cols': 800, 'B_min_dim': 800, 'B_numerical_rank': 800, 'B_rank_fraction': 1.0, 'B_rank_tolerance': 5.861135209173085e-05, 'B_stable_rank': 94.29156494140625, 'B_effective_rank': 770.1523292683036, 'B_entropy_rank': 6.646588325500488, 'B_spectral_norm': 0.1591157466173172, 'B_frobenius_norm': 1.5450750589370728, 'B_nuclear_norm': 42.11420440673828, 'B_condition_number': 5.9589669654453, 'B_condition_number_tol': 5.9589669654453, 'B_smallest_singular_value': 0.026701901108026505, 'B_rank_rel_1em2': 800, 'B_rank_rel_1em3': 800, 'B_rank_rel_1em4': 800}
Benchmark 8 evaluation grid shape: (800, 3)
Replicate 83, benchmark 8 metrics: {'run_id': '83_b8', 'RMSE': 0.04655024805799874, 'MAE': 0.04011438105357229, 'SupNorm': 0.08621315658092499, 'Bias': -0.03809645194196491, 'Corr': 0.8341297826349964, 'deming_slope': 0.6915378700209155, 'deming_intercept': 0.0012763153539249866, 'beta_sum': 0.8449647426605225, 'beta_l1': 0.9475029110908508, 'beta_l2': 0.05125993490219116, 'beta_min': -0.001112558413296938, 'beta_max': 0.010482782498002052, 'beta_neg_frac': 0.1925, 'offline_data_id': 83, 'benchmark_id': 8, 'benchmark_point_source': 'support_safe_target_policy_draw', 'target_set_size': 100, 'benchmark_z_path': 'data/Z_true.pt', 'projected_bellman_test_risk': 0.010501979850232601, 'oracle_embedding_risk': 0.38631516695022583, 'benchmark_embedding_risk': 0.38631516695022583, 'risk_bellman_final': 0.0072979965630735055, 'risk_obj_final': 0.01602417603135109, 'B_num_rows': 3090, 'B_num_cols': 800, 'B_min_dim': 800, 'B_numerical_rank': 800, 'B_rank_fraction': 1.0, 'B_rank_tolerance': 5.861135209173085e-05, 'B_stable_rank': 94.29156494140625, 'B_effective_rank': 770.1523292683036, 'B_entropy_rank': 6.646588325500488, 'B_spectral_norm': 0.1591157466173172, 'B_frobenius_norm': 1.5450750589370728, 'B_nuclear_norm': 42.11420440673828, 'B_condition_number': 5.9589669654453, 'B_condition_number_tol': 5.9589669654453, 'B_smallest_singular_value': 0.026701901108026505, 'B_rank_rel_1em2': 800, 'B_rank_rel_1em3': 800, 'B_rank_rel_1em4': 800}
Benchmark 9 evaluation grid shape: (800, 3)
Replicate 83, benchmark 9 metrics: {'run_id': '83_b9', 'RMSE': 0.013597290558242377, 'MAE': 0.01173144275584491, 'SupNorm': 0.030581697821617126, 'Bias': -0.00028291772032389416, 'Corr': 0.9604895757663385, 'deming_slope': 1.0462774984484908, 'deming_intercept': -0.006309402127694402, 'beta_sum': 1.0244696140289307, 'beta_l1': 1.1253876686096191, 'beta_l2': 0.06279812008142471, 'beta_min': -0.00182281993329525, 'beta_max': 0.01220729947090149, 'beta_neg_frac': 0.1575, 'offline_data_id': 83, 'benchmark_id': 9, 'benchmark_point_source': 'support_safe_target_policy_draw', 'target_set_size': 100, 'benchmark_z_path': 'data/Z_true.pt', 'projected_bellman_test_risk': 0.003442707471549511, 'oracle_embedding_risk': 0.3656243681907654, 'benchmark_embedding_risk': 0.3656243681907654, 'risk_bellman_final': 0.0072979965630735055, 'risk_obj_final': 0.01602417603135109, 'B_num_rows': 3090, 'B_num_cols': 800, 'B_min_dim': 800, 'B_numerical_rank': 800, 'B_rank_fraction': 1.0, 'B_rank_tolerance': 5.861135209173085e-05, 'B_stable_rank': 94.29156494140625, 'B_effective_rank': 770.1523292683036, 'B_entropy_rank': 6.646588325500488, 'B_spectral_norm': 0.1591157466173172, 'B_frobenius_norm': 1.5450750589370728, 'B_nuclear_norm': 42.11420440673828, 'B_condition_number': 5.9589669654453, 'B_condition_number_tol': 5.9589669654453, 'B_smallest_singular_value': 0.026701901108026505, 'B_rank_rel_1em2': 800, 'B_rank_rel_1em3': 800, 'B_rank_rel_1em4': 800}
Replicate 83 finished in 22.5s
Finished combo 5, offline replicate 83.
