Job ID:    2359011
Array idx: 227
CPUs/node: 64
Mem/node:  131072
Using CC = cc 
Using CXX = CC 
Using FC = ftn 
Using F77 = ftn 
Using F90 = ftn 
cuda/12.6.1 is deprecated; loading cudatoolkit/25.5_12.9 instead.
Using CC = /opt/nvidia/hpc_sdk/Linux_aarch64/25.5/compilers/bin/nvc 
Using CXX = /opt/nvidia/hpc_sdk/Linux_aarch64/25.5/compilers/bin/nvc++ 
Using FC = /opt/nvidia/hpc_sdk/Linux_aarch64/25.5/compilers/bin/nvfortran 
Using F77 = /opt/nvidia/hpc_sdk/Linux_aarch64/25.5/compilers/bin/nvfortran 
Using F90 = /opt/nvidia/hpc_sdk/Linux_aarch64/25.5/compilers/bin/nvfortran 
Using CC = /opt/nvidia/hpc_sdk/Linux_aarch64/25.5/compilers/bin/nvc 
Using CXX = /opt/nvidia/hpc_sdk/Linux_aarch64/25.5/compilers/bin/nvc++ 
Using FC = /opt/nvidia/hpc_sdk/Linux_aarch64/25.5/compilers/bin/nvfortran 
Using F77 = /opt/nvidia/hpc_sdk/Linux_aarch64/25.5/compilers/bin/nvfortran 
Using F90 = /opt/nvidia/hpc_sdk/Linux_aarch64/25.5/compilers/bin/nvfortran 

Lmod is automatically replacing "gcc-native/14" with "gcc/14.2.0".

ghx4
0
Tuning combo id: 2 / 6
Offline replicate id: 27 / 99
Installing ke_drl from git: https://github.com/mehrdadmhmdi/ke-drl.git@main
Collecting git+https://github.com/mehrdadmhmdi/ke-drl.git@main
  Cloning https://github.com/mehrdadmhmdi/ke-drl.git (to revision main) to /tmp/pip-req-build-n1e4w30y
  Running command git clone --filter=blob:none --quiet https://github.com/mehrdadmhmdi/ke-drl.git /tmp/pip-req-build-n1e4w30y
  Resolved https://github.com/mehrdadmhmdi/ke-drl.git to commit 3c5d570e40ea15b1fbe4817b5f43b64c7b333e82
  Installing build dependencies: started
  Installing build dependencies: finished with status 'done'
  Getting requirements to build wheel: started
  Getting requirements to build wheel: finished with status 'done'
  Preparing metadata (pyproject.toml): started
  Preparing metadata (pyproject.toml): finished with status 'done'
Building wheels for collected packages: ke_drl
  Building wheel for ke_drl (pyproject.toml): started
  Building wheel for ke_drl (pyproject.toml): finished with status 'done'
  Created wheel for ke_drl: filename=ke_drl-0.1.0-py3-none-any.whl size=47219 sha256=7bf45bbde55311a98a8e1b9e09452ce467cc97516aeb586ff6397ad452763160
  Stored in directory: /tmp/pip-ephem-wheel-cache-s_rudw26/wheels/24/47/ad/9a4ffd3b05d3e90e35ffc6e7324b735b8bfcf5f51aaf29a333
Successfully built ke_drl
Installing collected packages: ke_drl
Successfully installed ke_drl-0.1.0
Installed ke_drl source: /work/nvme/bfez/mehrdad3/DistRL/simulation_3/runs/sim3_global_2358722_2/.kedrl_site_227/ke_drl/__init__.py
Tuning combo 2: lambda_B_0.00002
Overrides: {'lambda_B': 2e-05}
RUN: /sw/user/python/miniforge3-pytorch-24.11.3/bin/python3 validate_sim_config.py --params params.yaml
ke_drl import source: /work/nvme/bfez/mehrdad3/DistRL/simulation_3/runs/sim3_global_2358722_2/.kedrl_site_227/ke_drl/__init__.py
ke_drl package API OK: prediction weights, RFF operators, rank diagnostics, and best-checkpoint optimizer available
Policy config OK: behavior=uniform, target=logistic, state_dim=5, action_dim=1
Note: policy.logistic.theta_scale/theta_std are log-scale coefficients in Probability_Densities.
Behavior-policy linearized state-process diagnostic: spectral_radius=0.653, offline_burn_in=50
Replicate config OK: num_replicates=100, benchmark points=10 independent of D_i, loss target points=100
Transition reduction OK: method=kmeans, raw rows N(T-1)=12000, target rows about 3000, B rows reduced from 12000 to about 3000
Return-operator approximation OK: method=rff, features=512, exact G avoided for estimated N=12000, m=800, L=100
Fixed benchmark config rows=4 (benchmark.num_points=10; additional points are support-safe target-policy draws if needed)
Fixed benchmark point 0: s_star=[0.6, -0.8, 0.7, -0.5, 0.9], a_star=[0.5]
Fixed benchmark behavior-support interval for configured rows: min_lower=-0.12, max_upper=1.11
Fixed benchmark target-policy location range: [-0.02, 0.14]
Reusing shared data from /work/nvme/bfez/mehrdad3/DistRL/simulation_3/runs/sim3_shared_data/data for offline replicate 27.
RUN: /sw/user/python/miniforge3-pytorch-24.11.3/bin/python3 validate_sim_config.py --params params.yaml --data data/offline_data_27.pt
ke_drl import source: /work/nvme/bfez/mehrdad3/DistRL/simulation_3/runs/sim3_global_2358722_2/.kedrl_site_227/ke_drl/__init__.py
ke_drl package API OK: prediction weights, RFF operators, rank diagnostics, and best-checkpoint optimizer available
Policy config OK: behavior=uniform, target=logistic, state_dim=5, action_dim=1
Note: policy.logistic.theta_scale/theta_std are log-scale coefficients in Probability_Densities.
Behavior-policy linearized state-process diagnostic: spectral_radius=0.653, offline_burn_in=50
Replicate config OK: num_replicates=100, benchmark points=10 independent of D_i, loss target points=100
Transition reduction OK: method=kmeans, raw rows N(T-1)=12000, target rows about 3000, B rows reduced from 12000 to about 3000
Return-operator approximation OK: method=rff, features=512, exact G avoided for estimated N=12000, m=800, L=100
Fixed benchmark config rows=4 (benchmark.num_points=10; additional points are support-safe target-policy draws if needed)
Fixed benchmark point 0: s_star=[0.6, -0.8, 0.7, -0.5, 0.9], a_star=[0.5]
Fixed benchmark behavior-support interval for configured rows: min_lower=-0.12, max_upper=1.11
Fixed benchmark target-policy location range: [-0.02, 0.14]
Full benchmark support check OK: 10 points, min_lower=-2.177, max_upper=2.05
observed behavior actions: mean=0.4111, sd=0.6683, q0/q10/q50/q90/q100=[-2.5368995666503906, -0.4068767219781876, 0.35850033164024353, 1.3172385454177857, 2.825104236602783]
target-policy sampled actions: mean=-0.01005, sd=0.659, q0/q10/q50/q90/q100=[-2.745911768159264, -0.8593915857123651, -0.0004760778132027444, 0.8248625635408164, 2.8099733977326555]
behavior uniform lower: mean=-0.109, sd=0.6511, q0/q10/q50/q90/q100=[-2.7636533975601196, -0.9516986441612244, -0.09743507206439975, 0.7149333500862124, 2.612675827741623]
behavior uniform upper: mean=0.9273, sd=0.6412, q0/q10/q50/q90/q100=[-0.8388462752103805, 0.07400754764676093, 0.9474388107657432, 1.7490608024597167, 3.612675827741623]
target location inside behavior uniform support: 0.967
RUN: /sw/user/python/miniforge3-pytorch-24.11.3/bin/python3 main_est.py
# ================================================================ #
#   Global KE-DRL estimation for one offline replicate              #
# ================================================================ #
Slurm Job ID: 2359011
Slurm Array ID: 27 -- used as the offline-replicate id
Offline data id: 27
ke_drl import source: /work/nvme/bfez/mehrdad3/DistRL/simulation_3/runs/sim3_global_2358722_2/.kedrl_site_227/ke_drl/__init__.py
Estimator device: cuda (NVIDIA GH200 120GB, capability 9.0); torch CUDA=13.0
Random seed: 20460539
Number of offline replicates: 100
[transition reduction] enabled: original rows=12000, target basis=3000, method=kmeans, device=cuda
[transition reduction] kmeans iter 1/20, mean center shift=2.7538e-01
[transition reduction] kmeans iter 5/20, mean center shift=4.2936e-03
[transition reduction] selected 3081 rows from 12000 transitions (ratio 0.2567); indices saved to data/reduced_transition_indices_27.pt
Data and parameters loaded.
offline path: data/offline_data_27.pt
benchmark true-Z path: data/Z_true.pt
offline shapes after reduction: s0=(3081, 5), a0=(3081, 1), r0=(3081, 3)
transition reduction: {'enabled': True, 'method': 'kmeans', 'original_rows': 12000, 'reduced_rows': 3081, 'selected_indices_path': 'data/reduced_transition_indices_27.pt', 'target_basis': 3000, 'compression_ratio': 0.25675}
fixed benchmark point source: fixed_config_plus_support_safe_target_policy_draws
benchmark row excluded from this offline data: None
global loss target set shape: s_star=(100, 5), a_star=(100, 1)
benchmark true-Z count=10, shape each=(50000, 3)
target policy: logistic
behavior policy: uniform
lambda_Gamma=0.005, lambda_B=2e-05, d_r_method=song
dtype=torch.float32, operator_method=rff, operator_num_features=512
ridge_mode=rkhs, diagnostic_interval=50
mass_anchor_lambda=1.0, target_mass=1.0
uLSIF basis: source=numerator, n_basis=512, lambda_reg=0.005
optimizer stabilizers: lambda_neg=0.0, max_B_norm=None, eta_clip_min=0.0, eta_clip_max=5.0, normalize_eta=True
========================================
Estimating the global KE-DRL mean embedding
torch device=cuda, dtype=torch.float32
Data dims: N=3081, L=100, Ds=5, Da=1, Dr=3
lambda_Gamma=0.005, lambda_B=2e-05
return-operator construction: method=rff, rff_features=512
[uLSIF] basis=512/3081 (numerator); eta_hat min=-7.493e-01 max=5.367e+00 neg%=3.31
ESS for eta_plus: 2162.5 / 3081
eta_plus diagnostics: raw_mean=1, raw_min=-0.749, raw_max=5.37; used_mean=1, used_min=0, used_max=4.96
[timing] Z-grid: 0.04s
[timing] K_X: 0.00s
[timing] K_plus: 0.00s
[timing] k_star: 0.00s
[timing] Gamma_stack: 0.01s
[timing] Phi_stack: 0.00s
[timing] RFF feature sample: 0.00s
[timing] K_Z RFF: 0.00s
[timing] G_stack RFF: 0.01s
[timing] H_stack RFF: 0.01s
findfont: Font family 'Nimbus Roman' not found.
findfont: Font family 'Nimbus Roman' not found.
findfont: Font family 'Nimbus Roman' not found.
findfont: Font family 'Nimbus Roman' not found.
findfont: Font family 'Nimbus Roman' not found.
findfont: Font family 'Nimbus Roman' not found.
findfont: Font family 'Nimbus Roman' not found.
findfont: Font family 'Nimbus Roman' not found.
findfont: Font family 'Nimbus Roman' not found.
findfont: Font family 'Nimbus Roman' not found.
findfont: Font family 'Nimbus Roman' not found.
findfont: Font family 'Nimbus Roman' not found.
findfont: Font family 'Nimbus Roman' not found.
findfont: Font family 'Nimbus Roman' not found.
findfont: Font family 'Nimbus Roman' not found.
findfont: Font family 'Nimbus Roman' not found.
findfont: Font family 'Nimbus Roman' not found.
findfont: Font family 'Nimbus Roman' not found.
findfont: Font family 'Nimbus Roman' not found.
findfont: Font family 'Nimbus Roman' not found.
findfont: Font family 'Nimbus Roman' not found.
findfont: Font family 'Nimbus Roman' not found.
findfont: Font family 'Nimbus Roman' not found.
findfont: Font family 'Nimbus Roman' not found.
findfont: Font family 'Nimbus Roman' not found.
findfont: Font family 'Nimbus Roman' not found.
findfont: Font family 'Nimbus Roman' not found.
findfont: Font family 'Nimbus Roman' not found.
findfont: Font family 'Nimbus Roman' not found.
findfont: Font family 'Nimbus Roman' not found.
findfont: Font family 'Nimbus Roman' not found.
findfont: Font family 'Nimbus Roman' not found.
findfont: Font family 'Nimbus Roman' not found.
findfont: Font family 'Nimbus Roman' not found.
findfont: Font family 'Nimbus Roman' not found.
findfont: Font family 'Nimbus Roman' not found.
findfont: Font family 'Nimbus Roman' not found.
findfont: Font family 'Nimbus Roman' not found.
findfont: Font family 'Nimbus Roman' not found.
findfont: Font family 'Nimbus Roman' not found.
findfont: Font family 'Nimbus Roman' not found.
findfont: Font family 'Nimbus Roman' not found.
findfont: Font family 'Nimbus Roman' not found.
findfont: Font family 'Nimbus Roman' not found.
findfont: Font family 'Nimbus Roman' not found.
findfont: Font family 'Nimbus Roman' not found.
findfont: Font family 'Nimbus Roman' not found.
findfont: Font family 'Nimbus Roman' not found.
findfont: Font family ['Nimbus Roman'] not found. Falling back to DejaVu Sans.
findfont: Font family 'Nimbus Roman' not found.
findfont: Font family ['Nimbus Roman'] not found. Falling back to DejaVu Sans.
findfont: Font family 'Nimbus Roman' not found.
findfont: Font family 'Nimbus Roman' not found.
findfont: Font family 'Nimbus Roman' not found.
findfont: Font family 'Nimbus Roman' not found.
findfont: Font family 'Nimbus Roman' not found.
findfont: Font family 'Nimbus Roman' not found.
findfont: Font family 'Nimbus Roman' not found.
findfont: Font family 'Nimbus Roman' not found.
findfont: Font family 'Nimbus Roman' not found.
findfont: Font family 'Nimbus Roman' not found.
findfont: Font family 'Nimbus Roman' not found.
findfont: Font family ['Nimbus Roman'] not found. Falling back to DejaVu Sans.
findfont: Font family 'Nimbus Roman' not found.
findfont: Font family 'Nimbus Roman' not found.
findfont: Font family 'Nimbus Roman' not found.
findfont: Font family 'Nimbus Roman' not found.
findfont: Font family 'Nimbus Roman' not found.
findfont: Font family 'Nimbus Roman' not found.
findfont: Font family 'Nimbus Roman' not found.
findfont: Font family 'Nimbus Roman' not found.
findfont: Font family 'Nimbus Roman' not found.
findfont: Font family 'Nimbus Roman' not found.
findfont: Font family 'Nimbus Roman' not found.
findfont: Font family 'Nimbus Roman' not found.
findfont: Font family 'Nimbus Roman' not found.
findfont: Font family 'Nimbus Roman' not found.
findfont: Font family 'Nimbus Roman' not found.
findfont: Font family 'Nimbus Roman' not found.
findfont: Font family 'Nimbus Roman' not found.
findfont: Font family 'Nimbus Roman' not found.
findfont: Font family 'Nimbus Roman' not found.
findfont: Font family 'Nimbus Roman' not found.
findfont: Font family 'Nimbus Roman' not found.
findfont: Font family 'Nimbus Roman' not found.
findfont: Font family 'Nimbus Roman' not found.
findfont: Font family 'Nimbus Roman' not found.
findfont: Font family 'Nimbus Roman' not found.
findfont: Font family 'Nimbus Roman' not found.
findfont: Font family 'Nimbus Roman' not found.
findfont: Font family 'Nimbus Roman' not found.
findfont: Font family 'Nimbus Roman' not found.
findfont: Font family 'Nimbus Roman' not found.
findfont: Font family 'Nimbus Roman' not found.
findfont: Font family 'Nimbus Roman' not found.
findfont: Font family 'Nimbus Roman' not found.
findfont: Font family 'Nimbus Roman' not found.
findfont: Font family 'Nimbus Roman' not found.
findfont: Font family 'Nimbus Roman' not found.
findfont: Font family 'Nimbus Roman' not found.
findfont: Font family 'Nimbus Roman' not found.
findfont: Font family 'Nimbus Roman' not found.
findfont: Font family 'Nimbus Roman' not found.
findfont: Font family 'Nimbus Roman' not found.
findfont: Font family 'Nimbus Roman' not found.
findfont: Font family 'Nimbus Roman' not found.
findfont: Font family 'Nimbus Roman' not found.
findfont: Font family 'Nimbus Roman' not found.
findfont: Font family 'Nimbus Roman' not found.
findfont: Font family 'Nimbus Roman' not found.
findfont: Font family 'Nimbus Roman' not found.
findfont: Font family 'Nimbus Roman' not found.
findfont: Font family 'Nimbus Roman' not found.
findfont: Font family 'Nimbus Roman' not found.
findfont: Font family 'Nimbus Roman' not found.
findfont: Font family 'Nimbus Roman' not found.
findfont: Font family 'Nimbus Roman' not found.
findfont: Font family 'Nimbus Roman' not found.
findfont: Font family 'Nimbus Roman' not found.
findfont: Font family 'Nimbus Roman' not found.
findfont: Font family 'Nimbus Roman' not found.
findfont: Font family 'Nimbus Roman' not found.
findfont: Font family 'Nimbus Roman' not found.
findfont: Font family 'Nimbus Roman' not found.
findfont: Font family 'Nimbus Roman' not found.
findfont: Font family 'Nimbus Roman' not found.
findfont: Font family 'Nimbus Roman' not found.
findfont: Font family 'Nimbus Roman' not found.
findfont: Font family 'Nimbus Roman' not found.
findfont: Font family 'Nimbus Roman' not found.
findfont: Font family 'Nimbus Roman' not found.
findfont: Font family 'Nimbus Roman' not found.
findfont: Font family 'Nimbus Roman' not found.
findfont: Font family 'Nimbus Roman' not found.
findfont: Font family 'Nimbus Roman' not found.
findfont: Font family 'Nimbus Roman' not found.
findfont: Font family 'Nimbus Roman' not found.
findfont: Font family 'Nimbus Roman' not found.
findfont: Font family 'Nimbus Roman' not found.
findfont: Font family 'Nimbus Roman' not found.
findfont: Font family 'Nimbus Roman' not found.
findfont: Font family 'Nimbus Roman' not found.
findfont: Font family 'Nimbus Roman' not found.
findfont: Font family 'Nimbus Roman' not found.
findfont: Font family 'Nimbus Roman' not found.
findfont: Font family 'Nimbus Roman' not found.
findfont: Font family 'Nimbus Roman' not found.
Ridge mode: rkhs; diagnostic interval: 50
Iter 1/4000 | log_obj=9.765e+00 | log_Bellman_root=3.481e+00 | mass=1.64e+04 | neg=0.00e+00 | grad=2.50e+02
Iter 400/4000 | log_obj=3.854e+00 | log_Bellman_root=5.145e-01 | mass=4.44e+01 | neg=0.00e+00 | grad=4.30e+03
Iter 800/4000 | log_obj=3.856e+00 | log_Bellman_root=5.163e-01 | mass=4.45e+01 | neg=0.00e+00 | grad=4.30e+03
Iter 1200/4000 | log_obj=3.856e+00 | log_Bellman_root=5.166e-01 | mass=4.45e+01 | neg=0.00e+00 | grad=4.31e+03
Iter 1600/4000 | log_obj=1.553e+00 | log_Bellman_root=-6.366e-01 | mass=4.44e+00 | neg=0.00e+00 | grad=6.19e+03
Iter 2000/4000 | log_obj=2.139e+00 | log_Bellman_root=-3.447e-01 | mass=7.99e+00 | neg=0.00e+00 | grad=6.65e+03
Iter 2400/4000 | log_obj=2.150e+00 | log_Bellman_root=-3.356e-01 | mass=8.07e+00 | neg=0.00e+00 | grad=6.66e+03
Iter 2800/4000 | log_obj=1.376e+00 | log_Bellman_root=-6.914e-01 | mass=3.71e+00 | neg=0.00e+00 | grad=9.13e+02
Iter 3200/4000 | log_obj=1.381e+00 | log_Bellman_root=-6.902e-01 | mass=3.73e+00 | neg=0.00e+00 | grad=9.10e+02
Iter 3600/4000 | log_obj=1.852e+00 | log_Bellman_root=-4.822e-01 | mass=5.99e+00 | neg=0.00e+00 | grad=6.67e+02
Iter 4000/4000 | log_obj=2.287e+00 | log_Bellman_root=-2.662e-01 | mass=9.26e+00 | neg=0.00e+00 | grad=1.04e+03
Returning best diagnostic checkpoint from step 3650 (objective=4.235e-02, Bellman=9.113e-03).
Done in 15.02s.
KE-DRL global estimation is done.
B_hat shape: (3081, 800)
B_hat rank diagnostics: {'B_num_rows': 3081, 'B_num_cols': 800, 'B_min_dim': 800, 'B_numerical_rank': 800, 'B_rank_fraction': 1.0, 'B_rank_tolerance': 4.4741210813548093e-05, 'B_stable_rank': 166.638427734375, 'B_effective_rank': 771.3931206642266, 'B_entropy_rank': 6.648198127746582, 'B_spectral_norm': 0.12181644886732101, 'B_frobenius_norm': 1.5725103616714478, 'B_nuclear_norm': 42.950592041015625, 'B_condition_number': 4.4654682907661005, 'B_condition_number_tol': 4.4654682907661005, 'B_smallest_singular_value': 0.027279658243060112, 'B_rank_rel_1em2': 800, 'B_rank_rel_1em3': 800, 'B_rank_rel_1em4': 800}
Global-loss target mass diagnostics: {'target_mass_mean': 0.825339674949646, 'target_mass_min': 0.6814143061637878, 'target_mass_max': 0.918253481388092, 'target_mass_sd': 0.05200051888823509, 'target_mass_rmse_to_target': 0.18216267228126526, 'target_beta_min': -0.060629505664110184, 'target_beta_max': 0.08825601637363434, 'target_neg_frac_mean': 0.46651250000000005}
Return dictionary Z_grid shape: (800, 3)
Replicate 27 risk metrics: {'risk_n_steps_recorded': 81.0, 'risk_n_diagnostics_recorded': 81.0, 'risk_log_obj_initial': 9.764604588980253, 'risk_log_obj_final': 2.287222539415388, 'risk_log_obj_min': -3.161860096307414, 'risk_obj_initial': 17406.59765625, 'risk_obj_final': 9.847548484802246, 'risk_obj_min': 0.04234689846634864, 'risk_log_obj_drop': 7.4773820495648655, 'risk_log_bellman_root_initial': 3.480910445165272, 'risk_log_bellman_root_final': -0.26619030095903423, 'risk_log_bellman_root_min': -2.349003270764042, 'risk_bellman_root_initial': 32.489288330078125, 'risk_bellman_root_final': 0.7662932872772217, 'risk_bellman_root_min': 0.0954642668366432, 'risk_bellman_initial': 1055.5538561949506, 'risk_bellman_final': 0.5872054021261306, 'risk_bellman_min': 0.009113426242657817, 'risk_log_bellman_root_drop': 3.747100746124306, 'risk_bellman_returned': 0.009113426320254803, 'risk_obj_returned': 0.04234689846634865, 'risk_returned_step': 3650.0, 'offline_data_id': 27, 'benchmark_point_source': 'fixed_config_plus_support_safe_target_policy_draws', 'target_set_size': 100, 'lambda_reg': 0.005, 'lambda_B': 2e-05, 'num_steps': 4000, 'transition_reduction_enabled': 1, 'transition_reduction_method': 'kmeans', 'transition_original_rows': 12000, 'transition_reduced_rows': 3081, 'transition_compression_ratio': 0.25675, 'target_mass_mean': 0.825339674949646, 'target_mass_min': 0.6814143061637878, 'target_mass_max': 0.918253481388092, 'target_mass_sd': 0.05200051888823509, 'target_mass_rmse_to_target': 0.18216267228126526, 'target_beta_min': -0.060629505664110184, 'target_beta_max': 0.08825601637363434, 'target_neg_frac_mean': 0.46651250000000005, 'B_num_rows': 3081, 'B_num_cols': 800, 'B_min_dim': 800, 'B_numerical_rank': 800, 'B_rank_fraction': 1.0, 'B_rank_tolerance': 4.4741210813548093e-05, 'B_stable_rank': 166.638427734375, 'B_effective_rank': 771.3931206642266, 'B_entropy_rank': 6.648198127746582, 'B_spectral_norm': 0.12181644886732101, 'B_frobenius_norm': 1.5725103616714478, 'B_nuclear_norm': 42.950592041015625, 'B_condition_number': 4.4654682907661005, 'B_condition_number_tol': 4.4654682907661005, 'B_smallest_singular_value': 0.027279658243060112, 'B_rank_rel_1em2': 800, 'B_rank_rel_1em3': 800, 'B_rank_rel_1em4': 800, 'risk_objective_final_raw': 9.847548484802246, 'risk_objective_min_raw': 0.04234689846634865, 'risk_objective_max_raw': 17406.59765625, 'risk_bellman_final_raw': 0.5872054100036621, 'risk_bellman_min_raw': 0.009113426320254803, 'risk_bellman_max_raw': 1055.5538330078125, 'risk_rkhs_ridge_final_raw': 5.0747992645483464e-05, 'risk_rkhs_ridge_min_raw': 4.923914821119979e-05, 'risk_rkhs_ridge_max_raw': 0.00231401645578444, 'risk_mass_final_raw': 9.260292053222656, 'risk_mass_min_raw': 0.03318323940038681, 'risk_mass_max_raw': 16351.0419921875, 'risk_negativity_final_raw': 0.0, 'risk_negativity_min_raw': 0.0, 'risk_negativity_max_raw': 0.0, 'risk_B_norm_final_raw': 1.5724645853042603, 'risk_B_norm_min_raw': 1.5688962936401367, 'risk_B_norm_max_raw': 1.6383124589920044, 'risk_diagnostic_step_final_raw': 4000.0, 'risk_diagnostic_step_min_raw': 1.0, 'risk_diagnostic_step_max_raw': 4000.0, 'risk_best_step_final_raw': 3650.0, 'risk_best_step_min_raw': 3650.0, 'risk_best_step_max_raw': 3650.0, 'risk_best_objective_final_raw': 0.04234689846634865, 'risk_best_objective_min_raw': 0.04234689846634865, 'risk_best_objective_max_raw': 0.04234689846634865, 'risk_best_bellman_final_raw': 0.009113426320254803, 'risk_best_bellman_min_raw': 0.009113426320254803, 'risk_best_bellman_max_raw': 0.009113426320254803, 'risk_returned_step_final_raw': 3650.0, 'risk_returned_step_min_raw': 3650.0, 'risk_returned_step_max_raw': 3650.0, 'risk_returned_objective_final_raw': 0.04234689846634865, 'risk_returned_objective_min_raw': 0.04234689846634865, 'risk_returned_objective_max_raw': 0.04234689846634865, 'risk_returned_bellman_final_raw': 0.009113426320254803, 'risk_returned_bellman_min_raw': 0.009113426320254803, 'risk_returned_bellman_max_raw': 0.009113426320254803, 'risk_returned_best_checkpoint_final_raw': 1.0, 'risk_returned_best_checkpoint_min_raw': 1.0, 'risk_returned_best_checkpoint_max_raw': 1.0}
Benchmark 0 evaluation grid shape: (800, 3)
Replicate 27, benchmark 0 metrics: {'run_id': '27_b0', 'RMSE': 0.08306307742366283, 'MAE': 0.07014090527714871, 'SupNorm': 0.16328315436840057, 'Bias': -0.05953868027478165, 'Corr': 0.798909713762347, 'deming_slope': 0.8633736413461848, 'deming_intercept': -0.02371261259802737, 'beta_sum': 0.8662647008895874, 'beta_l1': 6.382777214050293, 'beta_l2': 0.28159576654434204, 'beta_min': -0.02816726826131344, 'beta_max': 0.0351298563182354, 'beta_neg_frac': 0.4625, 'offline_data_id': 27, 'benchmark_id': 0, 'benchmark_point_source': 'fixed_config', 'target_set_size': 100, 'benchmark_z_path': 'data/Z_true.pt', 'projected_bellman_test_risk': 0.030547956004738808, 'oracle_embedding_risk': 0.7839604020118713, 'benchmark_embedding_risk': 0.7839604020118713, 'risk_bellman_final': 0.5872054021261306, 'risk_obj_final': 9.847548484802246, 'B_num_rows': 3081, 'B_num_cols': 800, 'B_min_dim': 800, 'B_numerical_rank': 800, 'B_rank_fraction': 1.0, 'B_rank_tolerance': 4.4741210813548093e-05, 'B_stable_rank': 166.638427734375, 'B_effective_rank': 771.3931206642266, 'B_entropy_rank': 6.648198127746582, 'B_spectral_norm': 0.12181644886732101, 'B_frobenius_norm': 1.5725103616714478, 'B_nuclear_norm': 42.950592041015625, 'B_condition_number': 4.4654682907661005, 'B_condition_number_tol': 4.4654682907661005, 'B_smallest_singular_value': 0.027279658243060112, 'B_rank_rel_1em2': 800, 'B_rank_rel_1em3': 800, 'B_rank_rel_1em4': 800}
Saved ./mu/mu_hat.csv shape=(800,)
Saved ./mu/mu2D_hat_dims01.csv shape=(120, 120)
Saved ./mu/mu2D_hat_dims01.csv shape=(120, 120)
Saved plots/replicate_27/mu_3D.png
Benchmark 1 evaluation grid shape: (800, 3)
Replicate 27, benchmark 1 metrics: {'run_id': '27_b1', 'RMSE': 0.10296138598526229, 'MAE': 0.09387357133702608, 'SupNorm': 0.18311399221420288, 'Bias': -0.09387357133702608, 'Corr': 0.9604521844246136, 'deming_slope': 0.6064229023236588, 'deming_intercept': 0.008666754581938801, 'beta_sum': 0.6716500520706177, 'beta_l1': 12.621360778808594, 'beta_l2': 0.5562592148780823, 'beta_min': -0.06219540163874626, 'beta_max': 0.060200631618499756, 'beta_neg_frac': 0.4875, 'offline_data_id': 27, 'benchmark_id': 1, 'benchmark_point_source': 'fixed_config', 'target_set_size': 100, 'benchmark_z_path': 'data/Z_true.pt', 'projected_bellman_test_risk': 0.004333823919296265, 'oracle_embedding_risk': 0.7819156646728516, 'benchmark_embedding_risk': 0.7819156646728516, 'risk_bellman_final': 0.5872054021261306, 'risk_obj_final': 9.847548484802246, 'B_num_rows': 3081, 'B_num_cols': 800, 'B_min_dim': 800, 'B_numerical_rank': 800, 'B_rank_fraction': 1.0, 'B_rank_tolerance': 4.4741210813548093e-05, 'B_stable_rank': 166.638427734375, 'B_effective_rank': 771.3931206642266, 'B_entropy_rank': 6.648198127746582, 'B_spectral_norm': 0.12181644886732101, 'B_frobenius_norm': 1.5725103616714478, 'B_nuclear_norm': 42.950592041015625, 'B_condition_number': 4.4654682907661005, 'B_condition_number_tol': 4.4654682907661005, 'B_smallest_singular_value': 0.027279658243060112, 'B_rank_rel_1em2': 800, 'B_rank_rel_1em3': 800, 'B_rank_rel_1em4': 800}
Benchmark 2 evaluation grid shape: (800, 3)
Replicate 27, benchmark 2 metrics: {'run_id': '27_b2', 'RMSE': 0.09158471245200195, 'MAE': 0.08427217639196898, 'SupNorm': 0.15557125210762024, 'Bias': -0.08427217639196898, 'Corr': 0.9785067137099338, 'deming_slope': 0.646005549369306, 'deming_intercept': 0.010610225347163188, 'beta_sum': 0.7105566263198853, 'beta_l1': 12.157161712646484, 'beta_l2': 0.5342568755149841, 'beta_min': -0.05683916062116623, 'beta_max': 0.059627849608659744, 'beta_neg_frac': 0.47, 'offline_data_id': 27, 'benchmark_id': 2, 'benchmark_point_source': 'fixed_config', 'target_set_size': 100, 'benchmark_z_path': 'data/Z_true.pt', 'projected_bellman_test_risk': 0.006671329494565725, 'oracle_embedding_risk': 0.769753634929657, 'benchmark_embedding_risk': 0.769753634929657, 'risk_bellman_final': 0.5872054021261306, 'risk_obj_final': 9.847548484802246, 'B_num_rows': 3081, 'B_num_cols': 800, 'B_min_dim': 800, 'B_numerical_rank': 800, 'B_rank_fraction': 1.0, 'B_rank_tolerance': 4.4741210813548093e-05, 'B_stable_rank': 166.638427734375, 'B_effective_rank': 771.3931206642266, 'B_entropy_rank': 6.648198127746582, 'B_spectral_norm': 0.12181644886732101, 'B_frobenius_norm': 1.5725103616714478, 'B_nuclear_norm': 42.950592041015625, 'B_condition_number': 4.4654682907661005, 'B_condition_number_tol': 4.4654682907661005, 'B_smallest_singular_value': 0.027279658243060112, 'B_rank_rel_1em2': 800, 'B_rank_rel_1em3': 800, 'B_rank_rel_1em4': 800}
Benchmark 3 evaluation grid shape: (800, 3)
Replicate 27, benchmark 3 metrics: {'run_id': '27_b3', 'RMSE': 0.08015388191358569, 'MAE': 0.07281709350878372, 'SupNorm': 0.14352542161941528, 'Bias': -0.07281709350878372, 'Corr': 0.9691572150093406, 'deming_slope': 0.7109810257893551, 'deming_intercept': 0.0021110884978220446, 'beta_sum': 0.711984395980835, 'beta_l1': 11.982665061950684, 'beta_l2': 0.5293152928352356, 'beta_min': -0.061079930514097214, 'beta_max': 0.057928621768951416, 'beta_neg_frac': 0.4775, 'offline_data_id': 27, 'benchmark_id': 3, 'benchmark_point_source': 'fixed_config', 'target_set_size': 100, 'benchmark_z_path': 'data/Z_true.pt', 'projected_bellman_test_risk': 0.012941654771566391, 'oracle_embedding_risk': 0.7688246369361877, 'benchmark_embedding_risk': 0.7688246369361877, 'risk_bellman_final': 0.5872054021261306, 'risk_obj_final': 9.847548484802246, 'B_num_rows': 3081, 'B_num_cols': 800, 'B_min_dim': 800, 'B_numerical_rank': 800, 'B_rank_fraction': 1.0, 'B_rank_tolerance': 4.4741210813548093e-05, 'B_stable_rank': 166.638427734375, 'B_effective_rank': 771.3931206642266, 'B_entropy_rank': 6.648198127746582, 'B_spectral_norm': 0.12181644886732101, 'B_frobenius_norm': 1.5725103616714478, 'B_nuclear_norm': 42.950592041015625, 'B_condition_number': 4.4654682907661005, 'B_condition_number_tol': 4.4654682907661005, 'B_smallest_singular_value': 0.027279658243060112, 'B_rank_rel_1em2': 800, 'B_rank_rel_1em3': 800, 'B_rank_rel_1em4': 800}
Benchmark 4 evaluation grid shape: (800, 3)
Replicate 27, benchmark 4 metrics: {'run_id': '27_b4', 'RMSE': 0.06655888035795543, 'MAE': 0.056493960427469576, 'SupNorm': 0.1312676966190338, 'Bias': -0.05005191629694309, 'Corr': 0.8865215141093298, 'deming_slope': 0.8272950783595159, 'deming_intercept': -0.004007975302392913, 'beta_sum': 1.1179250478744507, 'beta_l1': 6.273165702819824, 'beta_l2': 0.2944720387458801, 'beta_min': -0.02854270115494728, 'beta_max': 0.06826264411211014, 'beta_neg_frac': 0.45625, 'offline_data_id': 27, 'benchmark_id': 4, 'benchmark_point_source': 'support_safe_target_policy_draw', 'target_set_size': 100, 'benchmark_z_path': 'data/Z_true.pt', 'projected_bellman_test_risk': 0.025794193148612976, 'oracle_embedding_risk': 0.7820899486541748, 'benchmark_embedding_risk': 0.7820899486541748, 'risk_bellman_final': 0.5872054021261306, 'risk_obj_final': 9.847548484802246, 'B_num_rows': 3081, 'B_num_cols': 800, 'B_min_dim': 800, 'B_numerical_rank': 800, 'B_rank_fraction': 1.0, 'B_rank_tolerance': 4.4741210813548093e-05, 'B_stable_rank': 166.638427734375, 'B_effective_rank': 771.3931206642266, 'B_entropy_rank': 6.648198127746582, 'B_spectral_norm': 0.12181644886732101, 'B_frobenius_norm': 1.5725103616714478, 'B_nuclear_norm': 42.950592041015625, 'B_condition_number': 4.4654682907661005, 'B_condition_number_tol': 4.4654682907661005, 'B_smallest_singular_value': 0.027279658243060112, 'B_rank_rel_1em2': 800, 'B_rank_rel_1em3': 800, 'B_rank_rel_1em4': 800}
Benchmark 5 evaluation grid shape: (800, 3)
Replicate 27, benchmark 5 metrics: {'run_id': '27_b5', 'RMSE': 0.24392301197994976, 'MAE': 0.22788499429123477, 'SupNorm': 0.3880430497229099, 'Bias': -0.2278650241997093, 'Corr': 0.4854118517234938, 'deming_slope': 0.07779561188965803, 'deming_intercept': 0.009127305670123789, 'beta_sum': 0.21788321435451508, 'beta_l1': 0.7358052730560303, 'beta_l2': 0.034798234701156616, 'beta_min': -0.0029136259108781815, 'beta_max': 0.006304607726633549, 'beta_neg_frac': 0.41625, 'offline_data_id': 27, 'benchmark_id': 5, 'benchmark_point_source': 'support_safe_target_policy_draw', 'target_set_size': 100, 'benchmark_z_path': 'data/Z_true.pt', 'projected_bellman_test_risk': 0.0008723114151507616, 'oracle_embedding_risk': 0.9480332732200623, 'benchmark_embedding_risk': 0.9480332732200623, 'risk_bellman_final': 0.5872054021261306, 'risk_obj_final': 9.847548484802246, 'B_num_rows': 3081, 'B_num_cols': 800, 'B_min_dim': 800, 'B_numerical_rank': 800, 'B_rank_fraction': 1.0, 'B_rank_tolerance': 4.4741210813548093e-05, 'B_stable_rank': 166.638427734375, 'B_effective_rank': 771.3931206642266, 'B_entropy_rank': 6.648198127746582, 'B_spectral_norm': 0.12181644886732101, 'B_frobenius_norm': 1.5725103616714478, 'B_nuclear_norm': 42.950592041015625, 'B_condition_number': 4.4654682907661005, 'B_condition_number_tol': 4.4654682907661005, 'B_smallest_singular_value': 0.027279658243060112, 'B_rank_rel_1em2': 800, 'B_rank_rel_1em3': 800, 'B_rank_rel_1em4': 800}
Benchmark 6 evaluation grid shape: (800, 3)
Replicate 27, benchmark 6 metrics: {'run_id': '27_b6', 'RMSE': 0.07773486099654434, 'MAE': 0.06760714077303419, 'SupNorm': 0.1390387862920761, 'Bias': -0.06590112162200967, 'Corr': 0.9136949299358958, 'deming_slope': 0.748463275313631, 'deming_intercept': 0.0005023573865362285, 'beta_sum': 0.8051728010177612, 'beta_l1': 8.227033615112305, 'beta_l2': 0.3592792749404907, 'beta_min': -0.037326663732528687, 'beta_max': 0.03879392147064209, 'beta_neg_frac': 0.46625, 'offline_data_id': 27, 'benchmark_id': 6, 'benchmark_point_source': 'support_safe_target_policy_draw', 'target_set_size': 100, 'benchmark_z_path': 'data/Z_true.pt', 'projected_bellman_test_risk': 0.013205498456954956, 'oracle_embedding_risk': 0.7683793306350708, 'benchmark_embedding_risk': 0.7683793306350708, 'risk_bellman_final': 0.5872054021261306, 'risk_obj_final': 9.847548484802246, 'B_num_rows': 3081, 'B_num_cols': 800, 'B_min_dim': 800, 'B_numerical_rank': 800, 'B_rank_fraction': 1.0, 'B_rank_tolerance': 4.4741210813548093e-05, 'B_stable_rank': 166.638427734375, 'B_effective_rank': 771.3931206642266, 'B_entropy_rank': 6.648198127746582, 'B_spectral_norm': 0.12181644886732101, 'B_frobenius_norm': 1.5725103616714478, 'B_nuclear_norm': 42.950592041015625, 'B_condition_number': 4.4654682907661005, 'B_condition_number_tol': 4.4654682907661005, 'B_smallest_singular_value': 0.027279658243060112, 'B_rank_rel_1em2': 800, 'B_rank_rel_1em3': 800, 'B_rank_rel_1em4': 800}
Benchmark 7 evaluation grid shape: (800, 3)
Replicate 27, benchmark 7 metrics: {'run_id': '27_b7', 'RMSE': 0.0451746762388312, 'MAE': 0.038032281908672305, 'SupNorm': 0.08995668590068817, 'Bias': -0.03526104212505743, 'Corr': 0.9532258262859291, 'deming_slope': 0.9269614651956353, 'deming_intercept': -0.016162546860110705, 'beta_sum': 0.8317099809646606, 'beta_l1': 9.199356079101562, 'beta_l2': 0.4064808785915375, 'beta_min': -0.045794904232025146, 'beta_max': 0.042638007551431656, 'beta_neg_frac': 0.47125, 'offline_data_id': 27, 'benchmark_id': 7, 'benchmark_point_source': 'support_safe_target_policy_draw', 'target_set_size': 100, 'benchmark_z_path': 'data/Z_true.pt', 'projected_bellman_test_risk': 0.01598651334643364, 'oracle_embedding_risk': 0.7551285028457642, 'benchmark_embedding_risk': 0.7551285028457642, 'risk_bellman_final': 0.5872054021261306, 'risk_obj_final': 9.847548484802246, 'B_num_rows': 3081, 'B_num_cols': 800, 'B_min_dim': 800, 'B_numerical_rank': 800, 'B_rank_fraction': 1.0, 'B_rank_tolerance': 4.4741210813548093e-05, 'B_stable_rank': 166.638427734375, 'B_effective_rank': 771.3931206642266, 'B_entropy_rank': 6.648198127746582, 'B_spectral_norm': 0.12181644886732101, 'B_frobenius_norm': 1.5725103616714478, 'B_nuclear_norm': 42.950592041015625, 'B_condition_number': 4.4654682907661005, 'B_condition_number_tol': 4.4654682907661005, 'B_smallest_singular_value': 0.027279658243060112, 'B_rank_rel_1em2': 800, 'B_rank_rel_1em3': 800, 'B_rank_rel_1em4': 800}
Benchmark 8 evaluation grid shape: (800, 3)
Replicate 27, benchmark 8 metrics: {'run_id': '27_b8', 'RMSE': 0.10810089984823587, 'MAE': 0.0977115184176364, 'SupNorm': 0.18016968667507172, 'Bias': -0.09751580523472513, 'Corr': 0.9341708337709983, 'deming_slope': 0.5953418724576868, 'deming_intercept': 0.007895282711129659, 'beta_sum': 0.7470216751098633, 'beta_l1': 4.534310817718506, 'beta_l2': 0.19986750185489655, 'beta_min': -0.01904280111193657, 'beta_max': 0.03794074058532715, 'beta_neg_frac': 0.4625, 'offline_data_id': 27, 'benchmark_id': 8, 'benchmark_point_source': 'support_safe_target_policy_draw', 'target_set_size': 100, 'benchmark_z_path': 'data/Z_true.pt', 'projected_bellman_test_risk': 0.025112029165029526, 'oracle_embedding_risk': 0.7847682237625122, 'benchmark_embedding_risk': 0.7847682237625122, 'risk_bellman_final': 0.5872054021261306, 'risk_obj_final': 9.847548484802246, 'B_num_rows': 3081, 'B_num_cols': 800, 'B_min_dim': 800, 'B_numerical_rank': 800, 'B_rank_fraction': 1.0, 'B_rank_tolerance': 4.4741210813548093e-05, 'B_stable_rank': 166.638427734375, 'B_effective_rank': 771.3931206642266, 'B_entropy_rank': 6.648198127746582, 'B_spectral_norm': 0.12181644886732101, 'B_frobenius_norm': 1.5725103616714478, 'B_nuclear_norm': 42.950592041015625, 'B_condition_number': 4.4654682907661005, 'B_condition_number_tol': 4.4654682907661005, 'B_smallest_singular_value': 0.027279658243060112, 'B_rank_rel_1em2': 800, 'B_rank_rel_1em3': 800, 'B_rank_rel_1em4': 800}
Benchmark 9 evaluation grid shape: (800, 3)
Replicate 27, benchmark 9 metrics: {'run_id': '27_b9', 'RMSE': 0.07234768667923677, 'MAE': 0.06461316008819268, 'SupNorm': 0.12494426965713501, 'Bias': -0.06460800655884669, 'Corr': 0.9516254722490548, 'deming_slope': 0.7946863822224077, 'deming_intercept': -0.010042792233390774, 'beta_sum': 0.751976728439331, 'beta_l1': 8.546890258789062, 'beta_l2': 0.3838036060333252, 'beta_min': -0.03627284616231918, 'beta_max': 0.05776872858405113, 'beta_neg_frac': 0.495, 'offline_data_id': 27, 'benchmark_id': 9, 'benchmark_point_source': 'support_safe_target_policy_draw', 'target_set_size': 100, 'benchmark_z_path': 'data/Z_true.pt', 'projected_bellman_test_risk': 0.011363014578819275, 'oracle_embedding_risk': 0.7611928582191467, 'benchmark_embedding_risk': 0.7611928582191467, 'risk_bellman_final': 0.5872054021261306, 'risk_obj_final': 9.847548484802246, 'B_num_rows': 3081, 'B_num_cols': 800, 'B_min_dim': 800, 'B_numerical_rank': 800, 'B_rank_fraction': 1.0, 'B_rank_tolerance': 4.4741210813548093e-05, 'B_stable_rank': 166.638427734375, 'B_effective_rank': 771.3931206642266, 'B_entropy_rank': 6.648198127746582, 'B_spectral_norm': 0.12181644886732101, 'B_frobenius_norm': 1.5725103616714478, 'B_nuclear_norm': 42.950592041015625, 'B_condition_number': 4.4654682907661005, 'B_condition_number_tol': 4.4654682907661005, 'B_smallest_singular_value': 0.027279658243060112, 'B_rank_rel_1em2': 800, 'B_rank_rel_1em3': 800, 'B_rank_rel_1em4': 800}
Replicate 27 finished in 24.8s
Finished combo 2, offline replicate 27.
