Job ID:    2359454
Array idx: 634
CPUs/node: 64
Mem/node:  131072
Using CC = cc 
Using CXX = CC 
Using FC = ftn 
Using F77 = ftn 
Using F90 = ftn 
cuda/12.6.1 is deprecated; loading cudatoolkit/25.5_12.9 instead.
Using CC = /opt/nvidia/hpc_sdk/Linux_aarch64/25.5/compilers/bin/nvc 
Using CXX = /opt/nvidia/hpc_sdk/Linux_aarch64/25.5/compilers/bin/nvc++ 
Using FC = /opt/nvidia/hpc_sdk/Linux_aarch64/25.5/compilers/bin/nvfortran 
Using F77 = /opt/nvidia/hpc_sdk/Linux_aarch64/25.5/compilers/bin/nvfortran 
Using F90 = /opt/nvidia/hpc_sdk/Linux_aarch64/25.5/compilers/bin/nvfortran 
Using CC = /opt/nvidia/hpc_sdk/Linux_aarch64/25.5/compilers/bin/nvc 
Using CXX = /opt/nvidia/hpc_sdk/Linux_aarch64/25.5/compilers/bin/nvc++ 
Using FC = /opt/nvidia/hpc_sdk/Linux_aarch64/25.5/compilers/bin/nvfortran 
Using F77 = /opt/nvidia/hpc_sdk/Linux_aarch64/25.5/compilers/bin/nvfortran 
Using F90 = /opt/nvidia/hpc_sdk/Linux_aarch64/25.5/compilers/bin/nvfortran 

Lmod is automatically replacing "gcc-native/14" with "gcc/14.2.0".

ghx4
0
Tuning combo id: 6 / 6
Offline replicate id: 34 / 99
Installing ke_drl from git: https://github.com/mehrdadmhmdi/ke-drl.git@main
Collecting git+https://github.com/mehrdadmhmdi/ke-drl.git@main
  Cloning https://github.com/mehrdadmhmdi/ke-drl.git (to revision main) to /tmp/pip-req-build-_ggejb3k
  Running command git clone --filter=blob:none --quiet https://github.com/mehrdadmhmdi/ke-drl.git /tmp/pip-req-build-_ggejb3k
  Resolved https://github.com/mehrdadmhmdi/ke-drl.git to commit 3c5d570e40ea15b1fbe4817b5f43b64c7b333e82
  Installing build dependencies: started
  Installing build dependencies: finished with status 'done'
  Getting requirements to build wheel: started
  Getting requirements to build wheel: finished with status 'done'
  Preparing metadata (pyproject.toml): started
  Preparing metadata (pyproject.toml): finished with status 'done'
Building wheels for collected packages: ke_drl
  Building wheel for ke_drl (pyproject.toml): started
  Building wheel for ke_drl (pyproject.toml): finished with status 'done'
  Created wheel for ke_drl: filename=ke_drl-0.1.0-py3-none-any.whl size=47219 sha256=ec458042cfe0bc38d9c2a1c75a948e5def2b7107d0db133422bf9ec930345e0e
  Stored in directory: /tmp/pip-ephem-wheel-cache-cqs6n_r8/wheels/24/47/ad/9a4ffd3b05d3e90e35ffc6e7324b735b8bfcf5f51aaf29a333
Successfully built ke_drl
Installing collected packages: ke_drl
Successfully installed ke_drl-0.1.0
Installed ke_drl source: /work/nvme/bfez/mehrdad3/DistRL/simulation_3/runs/sim3_global_2358722_6/.kedrl_site_634/ke_drl/__init__.py
Tuning combo 6: lambda_B_0.2
Overrides: {'lambda_B': 0.2}
RUN: /sw/user/python/miniforge3-pytorch-24.11.3/bin/python3 validate_sim_config.py --params params.yaml
ke_drl import source: /work/nvme/bfez/mehrdad3/DistRL/simulation_3/runs/sim3_global_2358722_6/.kedrl_site_634/ke_drl/__init__.py
ke_drl package API OK: prediction weights, RFF operators, rank diagnostics, and best-checkpoint optimizer available
Policy config OK: behavior=uniform, target=logistic, state_dim=5, action_dim=1
Note: policy.logistic.theta_scale/theta_std are log-scale coefficients in Probability_Densities.
Behavior-policy linearized state-process diagnostic: spectral_radius=0.653, offline_burn_in=50
Replicate config OK: num_replicates=100, benchmark points=10 independent of D_i, loss target points=100
Transition reduction OK: method=kmeans, raw rows N(T-1)=12000, target rows about 3000, B rows reduced from 12000 to about 3000
Return-operator approximation OK: method=rff, features=512, exact G avoided for estimated N=12000, m=800, L=100
Fixed benchmark config rows=4 (benchmark.num_points=10; additional points are support-safe target-policy draws if needed)
Fixed benchmark point 0: s_star=[0.6, -0.8, 0.7, -0.5, 0.9], a_star=[0.5]
Fixed benchmark behavior-support interval for configured rows: min_lower=-0.12, max_upper=1.11
Fixed benchmark target-policy location range: [-0.02, 0.14]
Reusing shared data from /work/nvme/bfez/mehrdad3/DistRL/simulation_3/runs/sim3_shared_data/data for offline replicate 34.
RUN: /sw/user/python/miniforge3-pytorch-24.11.3/bin/python3 validate_sim_config.py --params params.yaml --data data/offline_data_34.pt
ke_drl import source: /work/nvme/bfez/mehrdad3/DistRL/simulation_3/runs/sim3_global_2358722_6/.kedrl_site_634/ke_drl/__init__.py
ke_drl package API OK: prediction weights, RFF operators, rank diagnostics, and best-checkpoint optimizer available
Policy config OK: behavior=uniform, target=logistic, state_dim=5, action_dim=1
Note: policy.logistic.theta_scale/theta_std are log-scale coefficients in Probability_Densities.
Behavior-policy linearized state-process diagnostic: spectral_radius=0.653, offline_burn_in=50
Replicate config OK: num_replicates=100, benchmark points=10 independent of D_i, loss target points=100
Transition reduction OK: method=kmeans, raw rows N(T-1)=12000, target rows about 3000, B rows reduced from 12000 to about 3000
Return-operator approximation OK: method=rff, features=512, exact G avoided for estimated N=12000, m=800, L=100
Fixed benchmark config rows=4 (benchmark.num_points=10; additional points are support-safe target-policy draws if needed)
Fixed benchmark point 0: s_star=[0.6, -0.8, 0.7, -0.5, 0.9], a_star=[0.5]
Fixed benchmark behavior-support interval for configured rows: min_lower=-0.12, max_upper=1.11
Fixed benchmark target-policy location range: [-0.02, 0.14]
Full benchmark support check OK: 10 points, min_lower=-2.177, max_upper=2.05
observed behavior actions: mean=0.3944, sd=0.6761, q0/q10/q50/q90/q100=[-2.1847622394561768, -0.41567683815956114, 0.3335736393928528, 1.3019215583801271, 3.0711750984191895]
target-policy sampled actions: mean=-0.02657, sd=0.663, q0/q10/q50/q90/q100=[-3.146776490654216, -0.866123627275864, -0.0227810611821207, 0.8150966418927386, 2.2799413121499184]
behavior uniform lower: mean=-0.126, sd=0.656, q0/q10/q50/q90/q100=[-3.216264283657074, -0.9614674109220505, -0.12222693860530856, 0.7140512433648112, 2.233783966302872]
behavior uniform upper: mean=0.915, sd=0.6464, q0/q10/q50/q90/q100=[-1.109219780564308, 0.06309942848980428, 0.9341616563498973, 1.747029800415039, 3.233783966302872]
target location inside behavior uniform support: 0.969
RUN: /sw/user/python/miniforge3-pytorch-24.11.3/bin/python3 main_est.py
# ================================================================ #
#   Global KE-DRL estimation for one offline replicate              #
# ================================================================ #
Slurm Job ID: 2359454
Slurm Array ID: 34 -- used as the offline-replicate id
Offline data id: 34
ke_drl import source: /work/nvme/bfez/mehrdad3/DistRL/simulation_3/runs/sim3_global_2358722_6/.kedrl_site_634/ke_drl/__init__.py
Estimator device: cuda (NVIDIA GH200 120GB, capability 9.0); torch CUDA=13.0
Random seed: 20460546
Number of offline replicates: 100
[transition reduction] enabled: original rows=12000, target basis=3000, method=kmeans, device=cuda
[transition reduction] kmeans iter 1/20, mean center shift=2.7633e-01
[transition reduction] kmeans iter 5/20, mean center shift=3.4449e-03
[transition reduction] selected 3078 rows from 12000 transitions (ratio 0.2565); indices saved to data/reduced_transition_indices_34.pt
Data and parameters loaded.
offline path: data/offline_data_34.pt
benchmark true-Z path: data/Z_true.pt
offline shapes after reduction: s0=(3078, 5), a0=(3078, 1), r0=(3078, 3)
transition reduction: {'enabled': True, 'method': 'kmeans', 'original_rows': 12000, 'reduced_rows': 3078, 'selected_indices_path': 'data/reduced_transition_indices_34.pt', 'target_basis': 3000, 'compression_ratio': 0.2565}
fixed benchmark point source: fixed_config_plus_support_safe_target_policy_draws
benchmark row excluded from this offline data: None
global loss target set shape: s_star=(100, 5), a_star=(100, 1)
benchmark true-Z count=10, shape each=(50000, 3)
target policy: logistic
behavior policy: uniform
lambda_Gamma=0.005, lambda_B=0.2, d_r_method=song
dtype=torch.float32, operator_method=rff, operator_num_features=512
ridge_mode=rkhs, diagnostic_interval=50
mass_anchor_lambda=1.0, target_mass=1.0
uLSIF basis: source=numerator, n_basis=512, lambda_reg=0.005
optimizer stabilizers: lambda_neg=0.0, max_B_norm=None, eta_clip_min=0.0, eta_clip_max=5.0, normalize_eta=True
========================================
Estimating the global KE-DRL mean embedding
torch device=cuda, dtype=torch.float32
Data dims: N=3078, L=100, Ds=5, Da=1, Dr=3
lambda_Gamma=0.005, lambda_B=0.2
return-operator construction: method=rff, rff_features=512
[uLSIF] basis=512/3078 (numerator); eta_hat min=-6.794e-01 max=5.565e+00 neg%=4.03
ESS for eta_plus: 2085.9 / 3078
eta_plus diagnostics: raw_mean=0.998, raw_min=-0.679, raw_max=5.56; used_mean=1, used_min=0, used_max=4.97
[timing] Z-grid: 0.03s
[timing] K_X: 0.00s
[timing] K_plus: 0.00s
[timing] k_star: 0.00s
[timing] Gamma_stack: 0.01s
[timing] Phi_stack: 0.00s
[timing] RFF feature sample: 0.00s
[timing] K_Z RFF: 0.00s
[timing] G_stack RFF: 0.01s
[timing] H_stack RFF: 0.01s
findfont: Font family 'Nimbus Roman' not found.
findfont: Font family 'Nimbus Roman' not found.
findfont: Font family 'Nimbus Roman' not found.
findfont: Font family 'Nimbus Roman' not found.
findfont: Font family 'Nimbus Roman' not found.
findfont: Font family 'Nimbus Roman' not found.
findfont: Font family 'Nimbus Roman' not found.
findfont: Font family 'Nimbus Roman' not found.
findfont: Font family 'Nimbus Roman' not found.
findfont: Font family 'Nimbus Roman' not found.
findfont: Font family 'Nimbus Roman' not found.
findfont: Font family 'Nimbus Roman' not found.
findfont: Font family 'Nimbus Roman' not found.
findfont: Font family 'Nimbus Roman' not found.
findfont: Font family 'Nimbus Roman' not found.
findfont: Font family 'Nimbus Roman' not found.
findfont: Font family 'Nimbus Roman' not found.
findfont: Font family 'Nimbus Roman' not found.
findfont: Font family 'Nimbus Roman' not found.
findfont: Font family 'Nimbus Roman' not found.
findfont: Font family 'Nimbus Roman' not found.
findfont: Font family 'Nimbus Roman' not found.
findfont: Font family 'Nimbus Roman' not found.
findfont: Font family 'Nimbus Roman' not found.
findfont: Font family 'Nimbus Roman' not found.
findfont: Font family 'Nimbus Roman' not found.
findfont: Font family 'Nimbus Roman' not found.
findfont: Font family 'Nimbus Roman' not found.
findfont: Font family 'Nimbus Roman' not found.
findfont: Font family 'Nimbus Roman' not found.
findfont: Font family 'Nimbus Roman' not found.
findfont: Font family 'Nimbus Roman' not found.
findfont: Font family 'Nimbus Roman' not found.
findfont: Font family 'Nimbus Roman' not found.
findfont: Font family 'Nimbus Roman' not found.
findfont: Font family 'Nimbus Roman' not found.
findfont: Font family 'Nimbus Roman' not found.
findfont: Font family 'Nimbus Roman' not found.
findfont: Font family 'Nimbus Roman' not found.
findfont: Font family 'Nimbus Roman' not found.
findfont: Font family 'Nimbus Roman' not found.
findfont: Font family 'Nimbus Roman' not found.
findfont: Font family 'Nimbus Roman' not found.
findfont: Font family 'Nimbus Roman' not found.
findfont: Font family 'Nimbus Roman' not found.
findfont: Font family 'Nimbus Roman' not found.
findfont: Font family 'Nimbus Roman' not found.
findfont: Font family 'Nimbus Roman' not found.
findfont: Font family 'Nimbus Roman' not found.
findfont: Font family 'Nimbus Roman' not found.
findfont: Font family ['Nimbus Roman'] not found. Falling back to DejaVu Sans.
findfont: Font family 'Nimbus Roman' not found.
findfont: Font family ['Nimbus Roman'] not found. Falling back to DejaVu Sans.
findfont: Font family 'Nimbus Roman' not found.
findfont: Font family 'Nimbus Roman' not found.
findfont: Font family 'Nimbus Roman' not found.
findfont: Font family 'Nimbus Roman' not found.
findfont: Font family 'Nimbus Roman' not found.
findfont: Font family 'Nimbus Roman' not found.
findfont: Font family 'Nimbus Roman' not found.
findfont: Font family 'Nimbus Roman' not found.
findfont: Font family 'Nimbus Roman' not found.
findfont: Font family 'Nimbus Roman' not found.
findfont: Font family 'Nimbus Roman' not found.
findfont: Font family 'Nimbus Roman' not found.
findfont: Font family ['Nimbus Roman'] not found. Falling back to DejaVu Sans.
findfont: Font family 'Nimbus Roman' not found.
findfont: Font family 'Nimbus Roman' not found.
findfont: Font family 'Nimbus Roman' not found.
findfont: Font family 'Nimbus Roman' not found.
findfont: Font family 'Nimbus Roman' not found.
findfont: Font family 'Nimbus Roman' not found.
findfont: Font family 'Nimbus Roman' not found.
findfont: Font family 'Nimbus Roman' not found.
findfont: Font family 'Nimbus Roman' not found.
findfont: Font family 'Nimbus Roman' not found.
findfont: Font family 'Nimbus Roman' not found.
findfont: Font family 'Nimbus Roman' not found.
findfont: Font family 'Nimbus Roman' not found.
findfont: Font family 'Nimbus Roman' not found.
findfont: Font family 'Nimbus Roman' not found.
findfont: Font family 'Nimbus Roman' not found.
findfont: Font family 'Nimbus Roman' not found.
findfont: Font family 'Nimbus Roman' not found.
findfont: Font family 'Nimbus Roman' not found.
findfont: Font family 'Nimbus Roman' not found.
findfont: Font family 'Nimbus Roman' not found.
findfont: Font family 'Nimbus Roman' not found.
findfont: Font family 'Nimbus Roman' not found.
findfont: Font family 'Nimbus Roman' not found.
findfont: Font family 'Nimbus Roman' not found.
findfont: Font family 'Nimbus Roman' not found.
findfont: Font family 'Nimbus Roman' not found.
findfont: Font family 'Nimbus Roman' not found.
findfont: Font family 'Nimbus Roman' not found.
findfont: Font family 'Nimbus Roman' not found.
findfont: Font family 'Nimbus Roman' not found.
findfont: Font family 'Nimbus Roman' not found.
findfont: Font family 'Nimbus Roman' not found.
findfont: Font family 'Nimbus Roman' not found.
findfont: Font family 'Nimbus Roman' not found.
findfont: Font family 'Nimbus Roman' not found.
findfont: Font family 'Nimbus Roman' not found.
findfont: Font family 'Nimbus Roman' not found.
findfont: Font family 'Nimbus Roman' not found.
findfont: Font family 'Nimbus Roman' not found.
findfont: Font family 'Nimbus Roman' not found.
findfont: Font family 'Nimbus Roman' not found.
findfont: Font family 'Nimbus Roman' not found.
findfont: Font family 'Nimbus Roman' not found.
findfont: Font family 'Nimbus Roman' not found.
findfont: Font family 'Nimbus Roman' not found.
findfont: Font family 'Nimbus Roman' not found.
findfont: Font family 'Nimbus Roman' not found.
findfont: Font family 'Nimbus Roman' not found.
findfont: Font family 'Nimbus Roman' not found.
findfont: Font family 'Nimbus Roman' not found.
findfont: Font family 'Nimbus Roman' not found.
findfont: Font family 'Nimbus Roman' not found.
findfont: Font family 'Nimbus Roman' not found.
findfont: Font family 'Nimbus Roman' not found.
findfont: Font family 'Nimbus Roman' not found.
findfont: Font family 'Nimbus Roman' not found.
findfont: Font family 'Nimbus Roman' not found.
findfont: Font family 'Nimbus Roman' not found.
findfont: Font family 'Nimbus Roman' not found.
findfont: Font family 'Nimbus Roman' not found.
findfont: Font family 'Nimbus Roman' not found.
findfont: Font family 'Nimbus Roman' not found.
findfont: Font family 'Nimbus Roman' not found.
findfont: Font family 'Nimbus Roman' not found.
findfont: Font family 'Nimbus Roman' not found.
findfont: Font family 'Nimbus Roman' not found.
findfont: Font family 'Nimbus Roman' not found.
findfont: Font family 'Nimbus Roman' not found.
findfont: Font family 'Nimbus Roman' not found.
findfont: Font family 'Nimbus Roman' not found.
findfont: Font family 'Nimbus Roman' not found.
findfont: Font family 'Nimbus Roman' not found.
findfont: Font family 'Nimbus Roman' not found.
findfont: Font family 'Nimbus Roman' not found.
findfont: Font family 'Nimbus Roman' not found.
findfont: Font family 'Nimbus Roman' not found.
findfont: Font family 'Nimbus Roman' not found.
findfont: Font family 'Nimbus Roman' not found.
findfont: Font family 'Nimbus Roman' not found.
findfont: Font family 'Nimbus Roman' not found.
findfont: Font family 'Nimbus Roman' not found.
findfont: Font family 'Nimbus Roman' not found.
findfont: Font family 'Nimbus Roman' not found.
findfont: Font family 'Nimbus Roman' not found.
findfont: Font family 'Nimbus Roman' not found.
findfont: Font family 'Nimbus Roman' not found.
Ridge mode: rkhs; diagnostic interval: 50
Iter 1/4000 | log_obj=9.825e+00 | log_Bellman_root=3.527e+00 | mass=1.73e+04 | neg=0.00e+00 | grad=3.55e+02
Iter 400/4000 | log_obj=5.474e+00 | log_Bellman_root=1.356e+00 | mass=2.23e+02 | neg=0.00e+00 | grad=8.21e+03
Iter 800/4000 | log_obj=5.475e+00 | log_Bellman_root=1.356e+00 | mass=2.23e+02 | neg=0.00e+00 | grad=8.20e+03
Iter 1200/4000 | log_obj=5.476e+00 | log_Bellman_root=1.357e+00 | mass=2.23e+02 | neg=0.00e+00 | grad=8.20e+03
Iter 1600/4000 | log_obj=4.671e+00 | log_Bellman_root=9.360e-01 | mass=1.00e+02 | neg=0.00e+00 | grad=4.79e+03
Iter 2000/4000 | log_obj=2.316e+00 | log_Bellman_root=-1.905e-01 | mass=9.34e+00 | neg=0.00e+00 | grad=4.75e+03
Iter 2400/4000 | log_obj=3.088e+00 | log_Bellman_root=1.816e-01 | mass=2.04e+01 | neg=0.00e+00 | grad=3.83e+03
Iter 2800/4000 | log_obj=2.553e+00 | log_Bellman_root=-1.400e-01 | mass=1.20e+01 | neg=0.00e+00 | grad=1.38e+03
Iter 3200/4000 | log_obj=2.324e+00 | log_Bellman_root=-1.870e-01 | mass=9.43e+00 | neg=0.00e+00 | grad=3.39e+03
Iter 3600/4000 | log_obj=2.727e+00 | log_Bellman_root=6.962e-03 | mass=1.42e+01 | neg=0.00e+00 | grad=3.58e+03
Iter 4000/4000 | log_obj=4.247e-01 | log_Bellman_root=-1.059e+00 | mass=1.34e+00 | neg=0.00e+00 | grad=2.06e+03
Done in 11.07s.
KE-DRL global estimation is done.
B_hat shape: (3078, 800)
B_hat rank diagnostics: {'B_num_rows': 3078, 'B_num_cols': 800, 'B_min_dim': 800, 'B_numerical_rank': 800, 'B_rank_fraction': 1.0, 'B_rank_tolerance': 3.2339547280102465e-05, 'B_stable_rank': 292.3106689453125, 'B_effective_rank': 770.2055805101851, 'B_entropy_rank': 6.646657466888428, 'B_spectral_norm': 0.08813638240098953, 'B_frobenius_norm': 1.5068761110305786, 'B_nuclear_norm': 41.10722351074219, 'B_condition_number': 3.4185198815572337, 'B_condition_number_tol': 3.4185198815572337, 'B_smallest_singular_value': 0.025782030075788498, 'B_rank_rel_1em2': 800, 'B_rank_rel_1em3': 800, 'B_rank_rel_1em4': 800}
Global-loss target mass diagnostics: {'target_mass_mean': 2.041135311126709, 'target_mass_min': 0.8492297530174255, 'target_mass_max': 3.0041069984436035, 'target_mass_sd': 0.5084087252616882, 'target_mass_rmse_to_target': 1.157522201538086, 'target_beta_min': -0.0013104965910315514, 'target_beta_max': 0.015590301714837551, 'target_neg_frac_mean': 0.0135125}
Return dictionary Z_grid shape: (800, 3)
Replicate 34 risk metrics: {'risk_n_steps_recorded': 81.0, 'risk_n_diagnostics_recorded': 81.0, 'risk_log_obj_initial': 9.824835105216197, 'risk_log_obj_final': 0.4246589407337172, 'risk_log_obj_min': 0.4246589407337172, 'risk_obj_initial': 18487.22265624999, 'risk_obj_final': 1.5290688276290894, 'risk_obj_min': 1.5290688276290894, 'risk_log_obj_drop': 9.40017616448248, 'risk_log_bellman_root_initial': 3.5273678825177486, 'risk_log_bellman_root_final': -1.0586471178730779, 'risk_log_bellman_root_min': -1.0696576421787272, 'risk_bellman_root_initial': 34.03426742553711, 'risk_bellman_root_final': 0.3469248414039612, 'risk_bellman_root_min': 0.34312596917152405, 'risk_bellman_initial': 1158.3313591929764, 'risk_bellman_final': 0.1203568455831636, 'risk_bellman_min': 0.11773543071989769, 'risk_log_bellman_root_drop': 4.586015000390827, 'risk_bellman_returned': 0.12035684287548065, 'risk_obj_returned': 1.5290688276290894, 'risk_returned_step': 4000.0, 'offline_data_id': 34, 'benchmark_point_source': 'fixed_config_plus_support_safe_target_policy_draws', 'target_set_size': 100, 'lambda_reg': 0.005, 'lambda_B': 0.2, 'num_steps': 4000, 'transition_reduction_enabled': 1, 'transition_reduction_method': 'kmeans', 'transition_original_rows': 12000, 'transition_reduced_rows': 3078, 'transition_compression_ratio': 0.2565, 'target_mass_mean': 2.041135311126709, 'target_mass_min': 0.8492297530174255, 'target_mass_max': 3.0041069984436035, 'target_mass_sd': 0.5084087252616882, 'target_mass_rmse_to_target': 1.157522201538086, 'target_beta_min': -0.0013104965910315514, 'target_beta_max': 0.015590301714837551, 'target_neg_frac_mean': 0.0135125, 'B_num_rows': 3078, 'B_num_cols': 800, 'B_min_dim': 800, 'B_numerical_rank': 800, 'B_rank_fraction': 1.0, 'B_rank_tolerance': 3.2339547280102465e-05, 'B_stable_rank': 292.3106689453125, 'B_effective_rank': 770.2055805101851, 'B_entropy_rank': 6.646657466888428, 'B_spectral_norm': 0.08813638240098953, 'B_frobenius_norm': 1.5068761110305786, 'B_nuclear_norm': 41.10722351074219, 'B_condition_number': 3.4185198815572337, 'B_condition_number_tol': 3.4185198815572337, 'B_smallest_singular_value': 0.025782030075788498, 'B_rank_rel_1em2': 800, 'B_rank_rel_1em3': 800, 'B_rank_rel_1em4': 800, 'risk_objective_final_raw': 1.5290688276290894, 'risk_objective_min_raw': 1.5290688276290894, 'risk_objective_max_raw': 18487.22265625, 'risk_bellman_final_raw': 0.12035684287548065, 'risk_bellman_min_raw': 0.11773543804883957, 'risk_bellman_max_raw': 1158.3314208984375, 'risk_rkhs_ridge_final_raw': 0.06885441392660141, 'risk_rkhs_ridge_min_raw': 0.06329862028360367, 'risk_rkhs_ridge_max_raw': 23.408950805664062, 'risk_mass_final_raw': 1.339857578277588, 'risk_mass_min_raw': 1.339857578277588, 'risk_mass_max_raw': 17305.482421875, 'risk_negativity_final_raw': 0.0, 'risk_negativity_min_raw': 0.0, 'risk_negativity_max_raw': 0.0, 'risk_B_norm_final_raw': 1.5067071914672852, 'risk_B_norm_min_raw': 1.5067071914672852, 'risk_B_norm_max_raw': 1.6378402709960938, 'risk_diagnostic_step_final_raw': 4000.0, 'risk_diagnostic_step_min_raw': 1.0, 'risk_diagnostic_step_max_raw': 4000.0, 'risk_best_step_final_raw': 4000.0, 'risk_best_step_min_raw': 4000.0, 'risk_best_step_max_raw': 4000.0, 'risk_best_objective_final_raw': 1.5290688276290894, 'risk_best_objective_min_raw': 1.5290688276290894, 'risk_best_objective_max_raw': 1.5290688276290894, 'risk_best_bellman_final_raw': 0.12035684287548065, 'risk_best_bellman_min_raw': 0.12035684287548065, 'risk_best_bellman_max_raw': 0.12035684287548065, 'risk_returned_step_final_raw': 4000.0, 'risk_returned_step_min_raw': 4000.0, 'risk_returned_step_max_raw': 4000.0, 'risk_returned_objective_final_raw': 1.5290688276290894, 'risk_returned_objective_min_raw': 1.5290688276290894, 'risk_returned_objective_max_raw': 1.5290688276290894, 'risk_returned_bellman_final_raw': 0.12035684287548065, 'risk_returned_bellman_min_raw': 0.12035684287548065, 'risk_returned_bellman_max_raw': 0.12035684287548065, 'risk_returned_best_checkpoint_final_raw': 1.0, 'risk_returned_best_checkpoint_min_raw': 1.0, 'risk_returned_best_checkpoint_max_raw': 1.0}
Benchmark 0 evaluation grid shape: (800, 3)
Replicate 34, benchmark 0 metrics: {'run_id': '34_b0', 'RMSE': 0.21431414756349146, 'MAE': 0.16191975803361858, 'SupNorm': 0.5593406558036804, 'Bias': 0.13055483303949586, 'Corr': 0.5799023672475316, 'deming_slope': 3.2503063738292366, 'deming_intercept': -0.45951892166337494, 'beta_sum': 1.7231569290161133, 'beta_l1': 1.7246001958847046, 'beta_l2': 0.06978700309991837, 'beta_min': -0.0004191154148429632, 'beta_max': 0.00771878007799387, 'beta_neg_frac': 0.00375, 'offline_data_id': 34, 'benchmark_id': 0, 'benchmark_point_source': 'fixed_config', 'target_set_size': 100, 'benchmark_z_path': 'data/Z_true.pt', 'projected_bellman_test_risk': 0.04203590378165245, 'oracle_embedding_risk': 1.148431420326233, 'benchmark_embedding_risk': 1.148431420326233, 'risk_bellman_final': 0.1203568455831636, 'risk_obj_final': 1.5290688276290894, 'B_num_rows': 3078, 'B_num_cols': 800, 'B_min_dim': 800, 'B_numerical_rank': 800, 'B_rank_fraction': 1.0, 'B_rank_tolerance': 3.2339547280102465e-05, 'B_stable_rank': 292.3106689453125, 'B_effective_rank': 770.2055805101851, 'B_entropy_rank': 6.646657466888428, 'B_spectral_norm': 0.08813638240098953, 'B_frobenius_norm': 1.5068761110305786, 'B_nuclear_norm': 41.10722351074219, 'B_condition_number': 3.4185198815572337, 'B_condition_number_tol': 3.4185198815572337, 'B_smallest_singular_value': 0.025782030075788498, 'B_rank_rel_1em2': 800, 'B_rank_rel_1em3': 800, 'B_rank_rel_1em4': 800}
Saved ./mu/mu_hat.csv shape=(800,)
Saved ./mu/mu2D_hat_dims01.csv shape=(120, 120)
Saved ./mu/mu2D_hat_dims01.csv shape=(120, 120)
Saved plots/replicate_34/mu_3D.png
Benchmark 1 evaluation grid shape: (800, 3)
Replicate 34, benchmark 1 metrics: {'run_id': '34_b1', 'RMSE': 0.7022334244985733, 'MAE': 0.6437379035682533, 'SupNorm': 1.1800642609596252, 'Bias': 0.6437379035682533, 'Corr': 0.9962464306052113, 'deming_slope': 3.937898451346363, 'deming_intercept': -0.12168535529630109, 'beta_sum': 3.0220580101013184, 'beta_l1': 3.0220580101013184, 'beta_l2': 0.1101209819316864, 'beta_min': 0.0019974112510681152, 'beta_max': 0.009625615552067757, 'beta_neg_frac': 0.0, 'offline_data_id': 34, 'benchmark_id': 1, 'benchmark_point_source': 'fixed_config', 'target_set_size': 100, 'benchmark_z_path': 'data/Z_true.pt', 'projected_bellman_test_risk': 0.21405716240406036, 'oracle_embedding_risk': 2.4056034088134766, 'benchmark_embedding_risk': 2.4056034088134766, 'risk_bellman_final': 0.1203568455831636, 'risk_obj_final': 1.5290688276290894, 'B_num_rows': 3078, 'B_num_cols': 800, 'B_min_dim': 800, 'B_numerical_rank': 800, 'B_rank_fraction': 1.0, 'B_rank_tolerance': 3.2339547280102465e-05, 'B_stable_rank': 292.3106689453125, 'B_effective_rank': 770.2055805101851, 'B_entropy_rank': 6.646657466888428, 'B_spectral_norm': 0.08813638240098953, 'B_frobenius_norm': 1.5068761110305786, 'B_nuclear_norm': 41.10722351074219, 'B_condition_number': 3.4185198815572337, 'B_condition_number_tol': 3.4185198815572337, 'B_smallest_singular_value': 0.025782030075788498, 'B_rank_rel_1em2': 800, 'B_rank_rel_1em3': 800, 'B_rank_rel_1em4': 800}
Benchmark 2 evaluation grid shape: (800, 3)
Replicate 34, benchmark 2 metrics: {'run_id': '34_b2', 'RMSE': 0.67811956659768, 'MAE': 0.6207686240607291, 'SupNorm': 1.1402071416378021, 'Bias': 0.6207686240607291, 'Corr': 0.9513402044159338, 'deming_slope': 4.0499186566131815, 'deming_intercept': -0.19671200800247401, 'beta_sum': 2.94736385345459, 'beta_l1': 2.94736385345459, 'beta_l2': 0.10786496847867966, 'beta_min': 0.0018458953127264977, 'beta_max': 0.009941224940121174, 'beta_neg_frac': 0.0, 'offline_data_id': 34, 'benchmark_id': 2, 'benchmark_point_source': 'fixed_config', 'target_set_size': 100, 'benchmark_z_path': 'data/Z_true.pt', 'projected_bellman_test_risk': 0.2244124710559845, 'oracle_embedding_risk': 2.2997360229492188, 'benchmark_embedding_risk': 2.2997360229492188, 'risk_bellman_final': 0.1203568455831636, 'risk_obj_final': 1.5290688276290894, 'B_num_rows': 3078, 'B_num_cols': 800, 'B_min_dim': 800, 'B_numerical_rank': 800, 'B_rank_fraction': 1.0, 'B_rank_tolerance': 3.2339547280102465e-05, 'B_stable_rank': 292.3106689453125, 'B_effective_rank': 770.2055805101851, 'B_entropy_rank': 6.646657466888428, 'B_spectral_norm': 0.08813638240098953, 'B_frobenius_norm': 1.5068761110305786, 'B_nuclear_norm': 41.10722351074219, 'B_condition_number': 3.4185198815572337, 'B_condition_number_tol': 3.4185198815572337, 'B_smallest_singular_value': 0.025782030075788498, 'B_rank_rel_1em2': 800, 'B_rank_rel_1em3': 800, 'B_rank_rel_1em4': 800}
Benchmark 3 evaluation grid shape: (800, 3)
Replicate 34, benchmark 3 metrics: {'run_id': '34_b3', 'RMSE': 0.647615444064278, 'MAE': 0.5879837429709732, 'SupNorm': 1.1078687608242035, 'Bias': 0.5879837429709732, 'Corr': 0.9642589689807434, 'deming_slope': 3.924543640281246, 'deming_intercept': -0.17020432673529484, 'beta_sum': 2.887058734893799, 'beta_l1': 2.887058734893799, 'beta_l2': 0.10522828251123428, 'beta_min': 0.001868649385869503, 'beta_max': 0.009342924691736698, 'beta_neg_frac': 0.0, 'offline_data_id': 34, 'benchmark_id': 3, 'benchmark_point_source': 'fixed_config', 'target_set_size': 100, 'benchmark_z_path': 'data/Z_true.pt', 'projected_bellman_test_risk': 0.19698715209960938, 'oracle_embedding_risk': 2.22951602935791, 'benchmark_embedding_risk': 2.22951602935791, 'risk_bellman_final': 0.1203568455831636, 'risk_obj_final': 1.5290688276290894, 'B_num_rows': 3078, 'B_num_cols': 800, 'B_min_dim': 800, 'B_numerical_rank': 800, 'B_rank_fraction': 1.0, 'B_rank_tolerance': 3.2339547280102465e-05, 'B_stable_rank': 292.3106689453125, 'B_effective_rank': 770.2055805101851, 'B_entropy_rank': 6.646657466888428, 'B_spectral_norm': 0.08813638240098953, 'B_frobenius_norm': 1.5068761110305786, 'B_nuclear_norm': 41.10722351074219, 'B_condition_number': 3.4185198815572337, 'B_condition_number_tol': 3.4185198815572337, 'B_smallest_singular_value': 0.025782030075788498, 'B_rank_rel_1em2': 800, 'B_rank_rel_1em3': 800, 'B_rank_rel_1em4': 800}
Benchmark 4 evaluation grid shape: (800, 3)
Replicate 34, benchmark 4 metrics: {'run_id': '34_b4', 'RMSE': 0.16492134449667428, 'MAE': 0.1315000851244622, 'SupNorm': 0.4888990521430969, 'Bias': 0.012042972629242286, 'Corr': 0.3551211196248448, 'deming_slope': 3.853762645914525, 'deming_intercept': -0.7487835147274353, 'beta_sum': 1.702850341796875, 'beta_l1': 1.7070250511169434, 'beta_l2': 0.08536883443593979, 'beta_min': -0.0005658082664012909, 'beta_max': 0.016272716224193573, 'beta_neg_frac': 0.015, 'offline_data_id': 34, 'benchmark_id': 4, 'benchmark_point_source': 'support_safe_target_policy_draw', 'target_set_size': 100, 'benchmark_z_path': 'data/Z_true.pt', 'projected_bellman_test_risk': 0.018072813749313354, 'oracle_embedding_risk': 1.1748290061950684, 'benchmark_embedding_risk': 1.1748290061950684, 'risk_bellman_final': 0.1203568455831636, 'risk_obj_final': 1.5290688276290894, 'B_num_rows': 3078, 'B_num_cols': 800, 'B_min_dim': 800, 'B_numerical_rank': 800, 'B_rank_fraction': 1.0, 'B_rank_tolerance': 3.2339547280102465e-05, 'B_stable_rank': 292.3106689453125, 'B_effective_rank': 770.2055805101851, 'B_entropy_rank': 6.646657466888428, 'B_spectral_norm': 0.08813638240098953, 'B_frobenius_norm': 1.5068761110305786, 'B_nuclear_norm': 41.10722351074219, 'B_condition_number': 3.4185198815572337, 'B_condition_number_tol': 3.4185198815572337, 'B_smallest_singular_value': 0.025782030075788498, 'B_rank_rel_1em2': 800, 'B_rank_rel_1em3': 800, 'B_rank_rel_1em4': 800}
Benchmark 5 evaluation grid shape: (800, 3)
Replicate 34, benchmark 5 metrics: {'run_id': '34_b5', 'RMSE': 0.24643656899494704, 'MAE': 0.2287209430201483, 'SupNorm': 0.3969757128506899, 'Bias': -0.2283981008668934, 'Corr': 0.1573575575883878, 'deming_slope': 0.04395154301787071, 'deming_intercept': 0.01729163365380574, 'beta_sum': 0.24473771452903748, 'beta_l1': 0.2500075399875641, 'beta_l2': 0.010076722130179405, 'beta_min': -0.00028328647022135556, 'beta_max': 0.0009611453860998154, 'beta_neg_frac': 0.04375, 'offline_data_id': 34, 'benchmark_id': 5, 'benchmark_point_source': 'support_safe_target_policy_draw', 'target_set_size': 100, 'benchmark_z_path': 'data/Z_true.pt', 'projected_bellman_test_risk': 0.0008371359435841441, 'oracle_embedding_risk': 0.9607256650924683, 'benchmark_embedding_risk': 0.9607256650924683, 'risk_bellman_final': 0.1203568455831636, 'risk_obj_final': 1.5290688276290894, 'B_num_rows': 3078, 'B_num_cols': 800, 'B_min_dim': 800, 'B_numerical_rank': 800, 'B_rank_fraction': 1.0, 'B_rank_tolerance': 3.2339547280102465e-05, 'B_stable_rank': 292.3106689453125, 'B_effective_rank': 770.2055805101851, 'B_entropy_rank': 6.646657466888428, 'B_spectral_norm': 0.08813638240098953, 'B_frobenius_norm': 1.5068761110305786, 'B_nuclear_norm': 41.10722351074219, 'B_condition_number': 3.4185198815572337, 'B_condition_number_tol': 3.4185198815572337, 'B_smallest_singular_value': 0.025782030075788498, 'B_rank_rel_1em2': 800, 'B_rank_rel_1em3': 800, 'B_rank_rel_1em4': 800}
Benchmark 6 evaluation grid shape: (800, 3)
Replicate 34, benchmark 6 metrics: {'run_id': '34_b6', 'RMSE': 0.33250735180611696, 'MAE': 0.2746664857969154, 'SupNorm': 0.6804155111312866, 'Bias': 0.2714246354030911, 'Corr': 0.7413846911501636, 'deming_slope': 3.3473952488627012, 'deming_intercept': -0.34826702722378455, 'beta_sum': 2.0861239433288574, 'beta_l1': 2.0861239433288574, 'beta_l2': 0.08131027221679688, 'beta_min': 1.9144732505083084e-05, 'beta_max': 0.00858835969120264, 'beta_neg_frac': 0.0, 'offline_data_id': 34, 'benchmark_id': 6, 'benchmark_point_source': 'support_safe_target_policy_draw', 'target_set_size': 100, 'benchmark_z_path': 'data/Z_true.pt', 'projected_bellman_test_risk': 0.08697836101055145, 'oracle_embedding_risk': 1.3215800523757935, 'benchmark_embedding_risk': 1.3215800523757935, 'risk_bellman_final': 0.1203568455831636, 'risk_obj_final': 1.5290688276290894, 'B_num_rows': 3078, 'B_num_cols': 800, 'B_min_dim': 800, 'B_numerical_rank': 800, 'B_rank_fraction': 1.0, 'B_rank_tolerance': 3.2339547280102465e-05, 'B_stable_rank': 292.3106689453125, 'B_effective_rank': 770.2055805101851, 'B_entropy_rank': 6.646657466888428, 'B_spectral_norm': 0.08813638240098953, 'B_frobenius_norm': 1.5068761110305786, 'B_nuclear_norm': 41.10722351074219, 'B_condition_number': 3.4185198815572337, 'B_condition_number_tol': 3.4185198815572337, 'B_smallest_singular_value': 0.025782030075788498, 'B_rank_rel_1em2': 800, 'B_rank_rel_1em3': 800, 'B_rank_rel_1em4': 800}
Benchmark 7 evaluation grid shape: (800, 3)
Replicate 34, benchmark 7 metrics: {'run_id': '34_b7', 'RMSE': 0.347761598078012, 'MAE': 0.2731960471405182, 'SupNorm': 0.7994753122329712, 'Bias': 0.2689795968995895, 'Corr': 0.642612343854493, 'deming_slope': 4.182799627158078, 'deming_intercept': -0.5632753733208733, 'beta_sum': 2.2600412368774414, 'beta_l1': 2.2600412368774414, 'beta_l2': 0.09026079624891281, 'beta_min': 0.00018604286015033722, 'beta_max': 0.012007299810647964, 'beta_neg_frac': 0.0, 'offline_data_id': 34, 'benchmark_id': 7, 'benchmark_point_source': 'support_safe_target_policy_draw', 'target_set_size': 100, 'benchmark_z_path': 'data/Z_true.pt', 'projected_bellman_test_risk': 0.03219355270266533, 'oracle_embedding_risk': 1.5388906002044678, 'benchmark_embedding_risk': 1.5388906002044678, 'risk_bellman_final': 0.1203568455831636, 'risk_obj_final': 1.5290688276290894, 'B_num_rows': 3078, 'B_num_cols': 800, 'B_min_dim': 800, 'B_numerical_rank': 800, 'B_rank_fraction': 1.0, 'B_rank_tolerance': 3.2339547280102465e-05, 'B_stable_rank': 292.3106689453125, 'B_effective_rank': 770.2055805101851, 'B_entropy_rank': 6.646657466888428, 'B_spectral_norm': 0.08813638240098953, 'B_frobenius_norm': 1.5068761110305786, 'B_nuclear_norm': 41.10722351074219, 'B_condition_number': 3.4185198815572337, 'B_condition_number_tol': 3.4185198815572337, 'B_smallest_singular_value': 0.025782030075788498, 'B_rank_rel_1em2': 800, 'B_rank_rel_1em3': 800, 'B_rank_rel_1em4': 800}
Benchmark 8 evaluation grid shape: (800, 3)
Replicate 34, benchmark 8 metrics: {'run_id': '34_b8', 'RMSE': 0.09560712825327655, 'MAE': 0.07431545248618932, 'SupNorm': 0.27336640655994415, 'Bias': 0.031079970007849626, 'Corr': 0.7204864701697226, 'deming_slope': 1.490515074788753, 'deming_intercept': -0.0966963531846659, 'beta_sum': 1.3349565267562866, 'beta_l1': 1.3627268075942993, 'beta_l2': 0.06376232206821442, 'beta_min': -0.0009944213088601828, 'beta_max': 0.009610590524971485, 'beta_neg_frac': 0.05125, 'offline_data_id': 34, 'benchmark_id': 8, 'benchmark_point_source': 'support_safe_target_policy_draw', 'target_set_size': 100, 'benchmark_z_path': 'data/Z_true.pt', 'projected_bellman_test_risk': 0.017004217952489853, 'oracle_embedding_risk': 0.8657484650611877, 'benchmark_embedding_risk': 0.8657484650611877, 'risk_bellman_final': 0.1203568455831636, 'risk_obj_final': 1.5290688276290894, 'B_num_rows': 3078, 'B_num_cols': 800, 'B_min_dim': 800, 'B_numerical_rank': 800, 'B_rank_fraction': 1.0, 'B_rank_tolerance': 3.2339547280102465e-05, 'B_stable_rank': 292.3106689453125, 'B_effective_rank': 770.2055805101851, 'B_entropy_rank': 6.646657466888428, 'B_spectral_norm': 0.08813638240098953, 'B_frobenius_norm': 1.5068761110305786, 'B_nuclear_norm': 41.10722351074219, 'B_condition_number': 3.4185198815572337, 'B_condition_number_tol': 3.4185198815572337, 'B_smallest_singular_value': 0.025782030075788498, 'B_rank_rel_1em2': 800, 'B_rank_rel_1em3': 800, 'B_rank_rel_1em4': 800}
Benchmark 9 evaluation grid shape: (800, 3)
Replicate 34, benchmark 9 metrics: {'run_id': '34_b9', 'RMSE': 0.3593827511760993, 'MAE': 0.29913484112010336, 'SupNorm': 0.7258196175098419, 'Bias': 0.29825433914433236, 'Corr': 0.7485093405656159, 'deming_slope': 3.4645609619569218, 'deming_intercept': -0.3567401934297664, 'beta_sum': 2.2495014667510986, 'beta_l1': 2.2495014667510986, 'beta_l2': 0.0933954194188118, 'beta_min': 0.00043257465586066246, 'beta_max': 0.012466341257095337, 'beta_neg_frac': 0.0, 'offline_data_id': 34, 'benchmark_id': 9, 'benchmark_point_source': 'support_safe_target_policy_draw', 'target_set_size': 100, 'benchmark_z_path': 'data/Z_true.pt', 'projected_bellman_test_risk': 0.019414925947785378, 'oracle_embedding_risk': 1.398747205734253, 'benchmark_embedding_risk': 1.398747205734253, 'risk_bellman_final': 0.1203568455831636, 'risk_obj_final': 1.5290688276290894, 'B_num_rows': 3078, 'B_num_cols': 800, 'B_min_dim': 800, 'B_numerical_rank': 800, 'B_rank_fraction': 1.0, 'B_rank_tolerance': 3.2339547280102465e-05, 'B_stable_rank': 292.3106689453125, 'B_effective_rank': 770.2055805101851, 'B_entropy_rank': 6.646657466888428, 'B_spectral_norm': 0.08813638240098953, 'B_frobenius_norm': 1.5068761110305786, 'B_nuclear_norm': 41.10722351074219, 'B_condition_number': 3.4185198815572337, 'B_condition_number_tol': 3.4185198815572337, 'B_smallest_singular_value': 0.025782030075788498, 'B_rank_rel_1em2': 800, 'B_rank_rel_1em3': 800, 'B_rank_rel_1em4': 800}
Replicate 34 finished in 20.2s
Finished combo 6, offline replicate 34.
