Job ID:    2358912
Array idx: 135
CPUs/node: 64
Mem/node:  131072
Using CC = cc 
Using CXX = CC 
Using FC = ftn 
Using F77 = ftn 
Using F90 = ftn 
cuda/12.6.1 is deprecated; loading cudatoolkit/25.5_12.9 instead.
Using CC = /opt/nvidia/hpc_sdk/Linux_aarch64/25.5/compilers/bin/nvc 
Using CXX = /opt/nvidia/hpc_sdk/Linux_aarch64/25.5/compilers/bin/nvc++ 
Using FC = /opt/nvidia/hpc_sdk/Linux_aarch64/25.5/compilers/bin/nvfortran 
Using F77 = /opt/nvidia/hpc_sdk/Linux_aarch64/25.5/compilers/bin/nvfortran 
Using F90 = /opt/nvidia/hpc_sdk/Linux_aarch64/25.5/compilers/bin/nvfortran 
Using CC = /opt/nvidia/hpc_sdk/Linux_aarch64/25.5/compilers/bin/nvc 
Using CXX = /opt/nvidia/hpc_sdk/Linux_aarch64/25.5/compilers/bin/nvc++ 
Using FC = /opt/nvidia/hpc_sdk/Linux_aarch64/25.5/compilers/bin/nvfortran 
Using F77 = /opt/nvidia/hpc_sdk/Linux_aarch64/25.5/compilers/bin/nvfortran 
Using F90 = /opt/nvidia/hpc_sdk/Linux_aarch64/25.5/compilers/bin/nvfortran 

Lmod is automatically replacing "gcc-native/14" with "gcc/14.2.0".

ghx4
0
Tuning combo id: 1 / 6
Offline replicate id: 35 / 99
Installing ke_drl from git: https://github.com/mehrdadmhmdi/ke-drl.git@main
Collecting git+https://github.com/mehrdadmhmdi/ke-drl.git@main
  Cloning https://github.com/mehrdadmhmdi/ke-drl.git (to revision main) to /tmp/pip-req-build-svqh3qft
  Running command git clone --filter=blob:none --quiet https://github.com/mehrdadmhmdi/ke-drl.git /tmp/pip-req-build-svqh3qft
  Resolved https://github.com/mehrdadmhmdi/ke-drl.git to commit 3c5d570e40ea15b1fbe4817b5f43b64c7b333e82
  Installing build dependencies: started
  Installing build dependencies: finished with status 'done'
  Getting requirements to build wheel: started
  Getting requirements to build wheel: finished with status 'done'
  Preparing metadata (pyproject.toml): started
  Preparing metadata (pyproject.toml): finished with status 'done'
Building wheels for collected packages: ke_drl
  Building wheel for ke_drl (pyproject.toml): started
  Building wheel for ke_drl (pyproject.toml): finished with status 'done'
  Created wheel for ke_drl: filename=ke_drl-0.1.0-py3-none-any.whl size=47219 sha256=67c457b0956acb7715689c32024d8c6be70c7ba3fbe99d3ff31eea07e35b1571
  Stored in directory: /tmp/pip-ephem-wheel-cache-8mwp0vrl/wheels/24/47/ad/9a4ffd3b05d3e90e35ffc6e7324b735b8bfcf5f51aaf29a333
Successfully built ke_drl
Installing collected packages: ke_drl
Successfully installed ke_drl-0.1.0
Installed ke_drl source: /work/nvme/bfez/mehrdad3/DistRL/simulation_3/runs/sim3_global_2358722_1/.kedrl_site_135/ke_drl/__init__.py
Tuning combo 1: lambda_B_0.002
Overrides: {'lambda_B': 0.002}
RUN: /sw/user/python/miniforge3-pytorch-24.11.3/bin/python3 validate_sim_config.py --params params.yaml
ke_drl import source: /work/nvme/bfez/mehrdad3/DistRL/simulation_3/runs/sim3_global_2358722_1/.kedrl_site_135/ke_drl/__init__.py
ke_drl package API OK: prediction weights, RFF operators, rank diagnostics, and best-checkpoint optimizer available
Policy config OK: behavior=uniform, target=logistic, state_dim=5, action_dim=1
Note: policy.logistic.theta_scale/theta_std are log-scale coefficients in Probability_Densities.
Behavior-policy linearized state-process diagnostic: spectral_radius=0.653, offline_burn_in=50
Replicate config OK: num_replicates=100, benchmark points=10 independent of D_i, loss target points=100
Transition reduction OK: method=kmeans, raw rows N(T-1)=12000, target rows about 3000, B rows reduced from 12000 to about 3000
Return-operator approximation OK: method=rff, features=512, exact G avoided for estimated N=12000, m=800, L=100
Fixed benchmark config rows=4 (benchmark.num_points=10; additional points are support-safe target-policy draws if needed)
Fixed benchmark point 0: s_star=[0.6, -0.8, 0.7, -0.5, 0.9], a_star=[0.5]
Fixed benchmark behavior-support interval for configured rows: min_lower=-0.12, max_upper=1.11
Fixed benchmark target-policy location range: [-0.02, 0.14]
Reusing shared data from /work/nvme/bfez/mehrdad3/DistRL/simulation_3/runs/sim3_shared_data/data for offline replicate 35.
RUN: /sw/user/python/miniforge3-pytorch-24.11.3/bin/python3 validate_sim_config.py --params params.yaml --data data/offline_data_35.pt
ke_drl import source: /work/nvme/bfez/mehrdad3/DistRL/simulation_3/runs/sim3_global_2358722_1/.kedrl_site_135/ke_drl/__init__.py
ke_drl package API OK: prediction weights, RFF operators, rank diagnostics, and best-checkpoint optimizer available
Policy config OK: behavior=uniform, target=logistic, state_dim=5, action_dim=1
Note: policy.logistic.theta_scale/theta_std are log-scale coefficients in Probability_Densities.
Behavior-policy linearized state-process diagnostic: spectral_radius=0.653, offline_burn_in=50
Replicate config OK: num_replicates=100, benchmark points=10 independent of D_i, loss target points=100
Transition reduction OK: method=kmeans, raw rows N(T-1)=12000, target rows about 3000, B rows reduced from 12000 to about 3000
Return-operator approximation OK: method=rff, features=512, exact G avoided for estimated N=12000, m=800, L=100
Fixed benchmark config rows=4 (benchmark.num_points=10; additional points are support-safe target-policy draws if needed)
Fixed benchmark point 0: s_star=[0.6, -0.8, 0.7, -0.5, 0.9], a_star=[0.5]
Fixed benchmark behavior-support interval for configured rows: min_lower=-0.12, max_upper=1.11
Fixed benchmark target-policy location range: [-0.02, 0.14]
Full benchmark support check OK: 10 points, min_lower=-2.177, max_upper=2.05
observed behavior actions: mean=0.3971, sd=0.675, q0/q10/q50/q90/q100=[-1.8598636388778687, -0.41689609587192533, 0.33616453409194946, 1.3125804662704468, 3.005789041519165]
target-policy sampled actions: mean=-0.02417, sd=0.6695, q0/q10/q50/q90/q100=[-2.5611222108437133, -0.8783118262722636, -0.020357439084552786, 0.8351296516829404, 2.4102131554259736]
behavior uniform lower: mean=-0.1248, sd=0.6639, q0/q10/q50/q90/q100=[-2.7200912475585937, -0.967977488040924, -0.12377486526966093, 0.728232845067978, 2.1991338968276977]
behavior uniform upper: mean=0.9234, sd=0.6484, q0/q10/q50/q90/q100=[-0.9596279442310334, 0.06790119618177418, 0.9326234996318817, 1.7573141574859625, 3.1991338968276977]
target location inside behavior uniform support: 0.967
RUN: /sw/user/python/miniforge3-pytorch-24.11.3/bin/python3 main_est.py
# ================================================================ #
#   Global KE-DRL estimation for one offline replicate              #
# ================================================================ #
Slurm Job ID: 2358912
Slurm Array ID: 35 -- used as the offline-replicate id
Offline data id: 35
ke_drl import source: /work/nvme/bfez/mehrdad3/DistRL/simulation_3/runs/sim3_global_2358722_1/.kedrl_site_135/ke_drl/__init__.py
Estimator device: cuda (NVIDIA GH200 120GB, capability 9.0); torch CUDA=13.0
Random seed: 20460547
Number of offline replicates: 100
[transition reduction] enabled: original rows=12000, target basis=3000, method=kmeans, device=cuda
[transition reduction] kmeans iter 1/20, mean center shift=2.7599e-01
[transition reduction] kmeans iter 5/20, mean center shift=3.3267e-03
[transition reduction] selected 3080 rows from 12000 transitions (ratio 0.2567); indices saved to data/reduced_transition_indices_35.pt
Data and parameters loaded.
offline path: data/offline_data_35.pt
benchmark true-Z path: data/Z_true.pt
offline shapes after reduction: s0=(3080, 5), a0=(3080, 1), r0=(3080, 3)
transition reduction: {'enabled': True, 'method': 'kmeans', 'original_rows': 12000, 'reduced_rows': 3080, 'selected_indices_path': 'data/reduced_transition_indices_35.pt', 'target_basis': 3000, 'compression_ratio': 0.25666666666666665}
fixed benchmark point source: fixed_config_plus_support_safe_target_policy_draws
benchmark row excluded from this offline data: None
global loss target set shape: s_star=(100, 5), a_star=(100, 1)
benchmark true-Z count=10, shape each=(50000, 3)
target policy: logistic
behavior policy: uniform
lambda_Gamma=0.005, lambda_B=0.002, d_r_method=song
dtype=torch.float32, operator_method=rff, operator_num_features=512
ridge_mode=rkhs, diagnostic_interval=50
mass_anchor_lambda=1.0, target_mass=1.0
uLSIF basis: source=numerator, n_basis=512, lambda_reg=0.005
optimizer stabilizers: lambda_neg=0.0, max_B_norm=None, eta_clip_min=0.0, eta_clip_max=5.0, normalize_eta=True
========================================
Estimating the global KE-DRL mean embedding
torch device=cuda, dtype=torch.float32
Data dims: N=3080, L=100, Ds=5, Da=1, Dr=3
lambda_Gamma=0.005, lambda_B=0.002
return-operator construction: method=rff, rff_features=512
[uLSIF] basis=512/3080 (numerator); eta_hat min=-7.548e-01 max=5.382e+00 neg%=4.77
ESS for eta_plus: 2112.8 / 3080
eta_plus diagnostics: raw_mean=1, raw_min=-0.755, raw_max=5.38; used_mean=1, used_min=0, used_max=4.94
[timing] Z-grid: 0.03s
[timing] K_X: 0.00s
[timing] K_plus: 0.00s
[timing] k_star: 0.00s
[timing] Gamma_stack: 0.01s
[timing] Phi_stack: 0.00s
[timing] RFF feature sample: 0.00s
[timing] K_Z RFF: 0.00s
[timing] G_stack RFF: 0.01s
[timing] H_stack RFF: 0.01s
findfont: Font family 'Nimbus Roman' not found.
findfont: Font family 'Nimbus Roman' not found.
findfont: Font family 'Nimbus Roman' not found.
findfont: Font family 'Nimbus Roman' not found.
findfont: Font family 'Nimbus Roman' not found.
findfont: Font family 'Nimbus Roman' not found.
findfont: Font family 'Nimbus Roman' not found.
findfont: Font family 'Nimbus Roman' not found.
findfont: Font family 'Nimbus Roman' not found.
findfont: Font family 'Nimbus Roman' not found.
findfont: Font family 'Nimbus Roman' not found.
findfont: Font family 'Nimbus Roman' not found.
findfont: Font family 'Nimbus Roman' not found.
findfont: Font family 'Nimbus Roman' not found.
findfont: Font family 'Nimbus Roman' not found.
findfont: Font family 'Nimbus Roman' not found.
findfont: Font family 'Nimbus Roman' not found.
findfont: Font family 'Nimbus Roman' not found.
findfont: Font family 'Nimbus Roman' not found.
findfont: Font family 'Nimbus Roman' not found.
findfont: Font family 'Nimbus Roman' not found.
findfont: Font family 'Nimbus Roman' not found.
findfont: Font family 'Nimbus Roman' not found.
findfont: Font family 'Nimbus Roman' not found.
findfont: Font family 'Nimbus Roman' not found.
findfont: Font family 'Nimbus Roman' not found.
findfont: Font family 'Nimbus Roman' not found.
findfont: Font family 'Nimbus Roman' not found.
findfont: Font family 'Nimbus Roman' not found.
findfont: Font family 'Nimbus Roman' not found.
findfont: Font family 'Nimbus Roman' not found.
findfont: Font family 'Nimbus Roman' not found.
findfont: Font family 'Nimbus Roman' not found.
findfont: Font family 'Nimbus Roman' not found.
findfont: Font family 'Nimbus Roman' not found.
findfont: Font family 'Nimbus Roman' not found.
findfont: Font family 'Nimbus Roman' not found.
findfont: Font family 'Nimbus Roman' not found.
findfont: Font family 'Nimbus Roman' not found.
findfont: Font family 'Nimbus Roman' not found.
findfont: Font family 'Nimbus Roman' not found.
findfont: Font family 'Nimbus Roman' not found.
findfont: Font family 'Nimbus Roman' not found.
findfont: Font family 'Nimbus Roman' not found.
findfont: Font family 'Nimbus Roman' not found.
findfont: Font family 'Nimbus Roman' not found.
findfont: Font family 'Nimbus Roman' not found.
findfont: Font family 'Nimbus Roman' not found.
findfont: Font family ['Nimbus Roman'] not found. Falling back to DejaVu Sans.
findfont: Font family 'Nimbus Roman' not found.
findfont: Font family ['Nimbus Roman'] not found. Falling back to DejaVu Sans.
findfont: Font family 'Nimbus Roman' not found.
findfont: Font family 'Nimbus Roman' not found.
findfont: Font family 'Nimbus Roman' not found.
findfont: Font family 'Nimbus Roman' not found.
findfont: Font family 'Nimbus Roman' not found.
findfont: Font family 'Nimbus Roman' not found.
findfont: Font family 'Nimbus Roman' not found.
findfont: Font family 'Nimbus Roman' not found.
findfont: Font family 'Nimbus Roman' not found.
findfont: Font family 'Nimbus Roman' not found.
findfont: Font family 'Nimbus Roman' not found.
findfont: Font family ['Nimbus Roman'] not found. Falling back to DejaVu Sans.
findfont: Font family 'Nimbus Roman' not found.
findfont: Font family 'Nimbus Roman' not found.
findfont: Font family 'Nimbus Roman' not found.
findfont: Font family 'Nimbus Roman' not found.
findfont: Font family 'Nimbus Roman' not found.
findfont: Font family 'Nimbus Roman' not found.
findfont: Font family 'Nimbus Roman' not found.
findfont: Font family 'Nimbus Roman' not found.
findfont: Font family 'Nimbus Roman' not found.
findfont: Font family 'Nimbus Roman' not found.
findfont: Font family 'Nimbus Roman' not found.
findfont: Font family 'Nimbus Roman' not found.
findfont: Font family 'Nimbus Roman' not found.
findfont: Font family 'Nimbus Roman' not found.
findfont: Font family 'Nimbus Roman' not found.
findfont: Font family 'Nimbus Roman' not found.
findfont: Font family 'Nimbus Roman' not found.
findfont: Font family 'Nimbus Roman' not found.
findfont: Font family 'Nimbus Roman' not found.
findfont: Font family 'Nimbus Roman' not found.
findfont: Font family 'Nimbus Roman' not found.
findfont: Font family 'Nimbus Roman' not found.
findfont: Font family 'Nimbus Roman' not found.
findfont: Font family 'Nimbus Roman' not found.
findfont: Font family 'Nimbus Roman' not found.
findfont: Font family 'Nimbus Roman' not found.
findfont: Font family 'Nimbus Roman' not found.
findfont: Font family 'Nimbus Roman' not found.
findfont: Font family 'Nimbus Roman' not found.
findfont: Font family 'Nimbus Roman' not found.
findfont: Font family 'Nimbus Roman' not found.
findfont: Font family 'Nimbus Roman' not found.
findfont: Font family 'Nimbus Roman' not found.
findfont: Font family 'Nimbus Roman' not found.
findfont: Font family 'Nimbus Roman' not found.
findfont: Font family 'Nimbus Roman' not found.
findfont: Font family 'Nimbus Roman' not found.
findfont: Font family 'Nimbus Roman' not found.
findfont: Font family 'Nimbus Roman' not found.
findfont: Font family 'Nimbus Roman' not found.
findfont: Font family 'Nimbus Roman' not found.
findfont: Font family 'Nimbus Roman' not found.
findfont: Font family 'Nimbus Roman' not found.
findfont: Font family 'Nimbus Roman' not found.
findfont: Font family 'Nimbus Roman' not found.
findfont: Font family 'Nimbus Roman' not found.
findfont: Font family 'Nimbus Roman' not found.
findfont: Font family 'Nimbus Roman' not found.
findfont: Font family 'Nimbus Roman' not found.
findfont: Font family 'Nimbus Roman' not found.
findfont: Font family 'Nimbus Roman' not found.
findfont: Font family 'Nimbus Roman' not found.
findfont: Font family 'Nimbus Roman' not found.
findfont: Font family 'Nimbus Roman' not found.
findfont: Font family 'Nimbus Roman' not found.
findfont: Font family 'Nimbus Roman' not found.
findfont: Font family 'Nimbus Roman' not found.
findfont: Font family 'Nimbus Roman' not found.
findfont: Font family 'Nimbus Roman' not found.
findfont: Font family 'Nimbus Roman' not found.
findfont: Font family 'Nimbus Roman' not found.
findfont: Font family 'Nimbus Roman' not found.
findfont: Font family 'Nimbus Roman' not found.
findfont: Font family 'Nimbus Roman' not found.
findfont: Font family 'Nimbus Roman' not found.
findfont: Font family 'Nimbus Roman' not found.
findfont: Font family 'Nimbus Roman' not found.
findfont: Font family 'Nimbus Roman' not found.
findfont: Font family 'Nimbus Roman' not found.
findfont: Font family 'Nimbus Roman' not found.
findfont: Font family 'Nimbus Roman' not found.
findfont: Font family 'Nimbus Roman' not found.
findfont: Font family 'Nimbus Roman' not found.
findfont: Font family 'Nimbus Roman' not found.
findfont: Font family 'Nimbus Roman' not found.
findfont: Font family 'Nimbus Roman' not found.
findfont: Font family 'Nimbus Roman' not found.
findfont: Font family 'Nimbus Roman' not found.
findfont: Font family 'Nimbus Roman' not found.
findfont: Font family 'Nimbus Roman' not found.
findfont: Font family 'Nimbus Roman' not found.
findfont: Font family 'Nimbus Roman' not found.
findfont: Font family 'Nimbus Roman' not found.
findfont: Font family 'Nimbus Roman' not found.
Ridge mode: rkhs; diagnostic interval: 50
Iter 1/4000 | log_obj=9.911e+00 | log_Bellman_root=3.513e+00 | mass=1.90e+04 | neg=0.00e+00 | grad=3.37e+02
Iter 400/4000 | log_obj=5.398e+00 | log_Bellman_root=1.254e+00 | mass=2.09e+02 | neg=0.00e+00 | grad=9.81e+03
Iter 800/4000 | log_obj=5.400e+00 | log_Bellman_root=1.254e+00 | mass=2.09e+02 | neg=0.00e+00 | grad=9.81e+03
Iter 1200/4000 | log_obj=5.402e+00 | log_Bellman_root=1.255e+00 | mass=2.09e+02 | neg=0.00e+00 | grad=9.80e+03
Iter 1600/4000 | log_obj=2.900e+00 | log_Bellman_root=1.131e-02 | mass=1.72e+01 | neg=0.00e+00 | grad=2.14e+03
Iter 2000/4000 | log_obj=2.902e+00 | log_Bellman_root=1.103e-02 | mass=1.72e+01 | neg=0.00e+00 | grad=2.14e+03
Iter 2400/4000 | log_obj=2.904e+00 | log_Bellman_root=1.109e-02 | mass=1.72e+01 | neg=0.00e+00 | grad=2.14e+03
Iter 2800/4000 | log_obj=1.336e+00 | log_Bellman_root=-7.570e-01 | mass=3.58e+00 | neg=0.00e+00 | grad=1.19e+03
Iter 3200/4000 | log_obj=1.338e+00 | log_Bellman_root=-7.572e-01 | mass=3.59e+00 | neg=0.00e+00 | grad=1.19e+03
Iter 3600/4000 | log_obj=1.340e+00 | log_Bellman_root=-7.572e-01 | mass=3.59e+00 | neg=0.00e+00 | grad=1.19e+03
Iter 4000/4000 | log_obj=8.245e-02 | log_Bellman_root=-1.377e+00 | mass=1.02e+00 | neg=0.00e+00 | grad=7.58e+02
Returning best diagnostic checkpoint from step 3650 (objective=1.140e-02, Bellman=6.365e-03).
Done in 12.30s.
KE-DRL global estimation is done.
B_hat shape: (3080, 800)
B_hat rank diagnostics: {'B_num_rows': 3080, 'B_num_cols': 800, 'B_min_dim': 800, 'B_numerical_rank': 800, 'B_rank_fraction': 1.0, 'B_rank_tolerance': 3.7944971218450974e-05, 'B_stable_rank': 230.916748046875, 'B_effective_rank': 771.5958210173665, 'B_entropy_rank': 6.648460865020752, 'B_spectral_norm': 0.10334593802690506, 'B_frobenius_norm': 1.5704392194747925, 'B_nuclear_norm': 42.910614013671875, 'B_condition_number': 3.8515944879785335, 'B_condition_number_tol': 3.8515944879785335, 'B_smallest_singular_value': 0.026831988245248795, 'B_rank_rel_1em2': 800, 'B_rank_rel_1em3': 800, 'B_rank_rel_1em4': 800}
Global-loss target mass diagnostics: {'target_mass_mean': 1.0073734521865845, 'target_mass_min': 0.8987481594085693, 'target_mass_max': 1.064382553100586, 'target_mass_sd': 0.034937143325805664, 'target_mass_rmse_to_target': 0.03553541377186775, 'target_beta_min': -0.03973463177680969, 'target_beta_max': 0.04917368292808533, 'target_neg_frac_mean': 0.4389875}
Return dictionary Z_grid shape: (800, 3)
Replicate 35 risk metrics: {'risk_n_steps_recorded': 81.0, 'risk_n_diagnostics_recorded': 81.0, 'risk_log_obj_initial': 9.911002603049278, 'risk_log_obj_final': 0.0824474015697793, 'risk_log_obj_min': -4.474390371962117, 'risk_obj_initial': 20150.86718750001, 'risk_obj_final': 1.0859415531158447, 'risk_obj_min': 0.011397168040275575, 'risk_log_obj_drop': 9.8285552014795, 'risk_log_bellman_root_initial': 3.512939279723819, 'risk_log_bellman_root_final': -1.3773358569738423, 'risk_log_bellman_root_min': -2.5284370781791154, 'risk_bellman_root_initial': 33.54672622680664, 'risk_bellman_root_final': 0.25224968791007996, 'risk_bellman_root_min': 0.07978361845016478, 'risk_bellman_initial': 1125.3828405363165, 'risk_bellman_final': 0.06362990505073274, 'risk_bellman_min': 0.006365425773001474, 'risk_log_bellman_root_drop': 4.890275136697661, 'risk_bellman_returned': 0.006365425419062376, 'risk_obj_returned': 0.011397168040275574, 'risk_returned_step': 3650.0, 'offline_data_id': 35, 'benchmark_point_source': 'fixed_config_plus_support_safe_target_policy_draws', 'target_set_size': 100, 'lambda_reg': 0.005, 'lambda_B': 0.002, 'num_steps': 4000, 'transition_reduction_enabled': 1, 'transition_reduction_method': 'kmeans', 'transition_original_rows': 12000, 'transition_reduced_rows': 3080, 'transition_compression_ratio': 0.25666666666666665, 'target_mass_mean': 1.0073734521865845, 'target_mass_min': 0.8987481594085693, 'target_mass_max': 1.064382553100586, 'target_mass_sd': 0.034937143325805664, 'target_mass_rmse_to_target': 0.03553541377186775, 'target_beta_min': -0.03973463177680969, 'target_beta_max': 0.04917368292808533, 'target_neg_frac_mean': 0.4389875, 'B_num_rows': 3080, 'B_num_cols': 800, 'B_min_dim': 800, 'B_numerical_rank': 800, 'B_rank_fraction': 1.0, 'B_rank_tolerance': 3.7944971218450974e-05, 'B_stable_rank': 230.916748046875, 'B_effective_rank': 771.5958210173665, 'B_entropy_rank': 6.648460865020752, 'B_spectral_norm': 0.10334593802690506, 'B_frobenius_norm': 1.5704392194747925, 'B_nuclear_norm': 42.910614013671875, 'B_condition_number': 3.8515944879785335, 'B_condition_number_tol': 3.8515944879785335, 'B_smallest_singular_value': 0.026831988245248795, 'B_rank_rel_1em2': 800, 'B_rank_rel_1em3': 800, 'B_rank_rel_1em4': 800, 'risk_objective_final_raw': 1.0859415531158447, 'risk_objective_min_raw': 0.011397168040275574, 'risk_objective_max_raw': 20150.8671875, 'risk_bellman_final_raw': 0.06362990289926529, 'risk_bellman_min_raw': 0.006365425419062376, 'risk_bellman_max_raw': 1125.3828125, 'risk_rkhs_ridge_final_raw': 0.003667055396363139, 'risk_rkhs_ridge_min_raw': 0.003667055396363139, 'risk_rkhs_ridge_max_raw': 0.23220279812812805, 'risk_mass_final_raw': 1.0186445713043213, 'risk_mass_min_raw': 0.0012627656105905771, 'risk_mass_max_raw': 19025.251953125, 'risk_negativity_final_raw': 0.0, 'risk_negativity_min_raw': 0.0, 'risk_negativity_max_raw': 0.0, 'risk_B_norm_final_raw': 1.570143461227417, 'risk_B_norm_min_raw': 1.570143461227417, 'risk_B_norm_max_raw': 1.6401225328445435, 'risk_diagnostic_step_final_raw': 4000.0, 'risk_diagnostic_step_min_raw': 1.0, 'risk_diagnostic_step_max_raw': 4000.0, 'risk_best_step_final_raw': 3650.0, 'risk_best_step_min_raw': 3650.0, 'risk_best_step_max_raw': 3650.0, 'risk_best_objective_final_raw': 0.011397168040275574, 'risk_best_objective_min_raw': 0.011397168040275574, 'risk_best_objective_max_raw': 0.011397168040275574, 'risk_best_bellman_final_raw': 0.006365425419062376, 'risk_best_bellman_min_raw': 0.006365425419062376, 'risk_best_bellman_max_raw': 0.006365425419062376, 'risk_returned_step_final_raw': 3650.0, 'risk_returned_step_min_raw': 3650.0, 'risk_returned_step_max_raw': 3650.0, 'risk_returned_objective_final_raw': 0.011397168040275574, 'risk_returned_objective_min_raw': 0.011397168040275574, 'risk_returned_objective_max_raw': 0.011397168040275574, 'risk_returned_bellman_final_raw': 0.006365425419062376, 'risk_returned_bellman_min_raw': 0.006365425419062376, 'risk_returned_bellman_max_raw': 0.006365425419062376, 'risk_returned_best_checkpoint_final_raw': 1.0, 'risk_returned_best_checkpoint_min_raw': 1.0, 'risk_returned_best_checkpoint_max_raw': 1.0}
Benchmark 0 evaluation grid shape: (800, 3)
Replicate 35, benchmark 0 metrics: {'run_id': '35_b0', 'RMSE': 0.0829714475559093, 'MAE': 0.07065272212275886, 'SupNorm': 0.1643172651529312, 'Bias': -0.04289438506602892, 'Corr': 0.7197068786732599, 'deming_slope': 0.9889651622962626, 'deming_intercept': -0.040000837684166846, 'beta_sum': 1.0070838928222656, 'beta_l1': 4.742008209228516, 'beta_l2': 0.20997250080108643, 'beta_min': -0.02084747701883316, 'beta_max': 0.02367270737886429, 'beta_neg_frac': 0.43875, 'offline_data_id': 35, 'benchmark_id': 0, 'benchmark_point_source': 'fixed_config', 'target_set_size': 100, 'benchmark_z_path': 'data/Z_true.pt', 'projected_bellman_test_risk': 0.02069917879998684, 'oracle_embedding_risk': 0.802638053894043, 'benchmark_embedding_risk': 0.802638053894043, 'risk_bellman_final': 0.06362990505073274, 'risk_obj_final': 1.0859415531158447, 'B_num_rows': 3080, 'B_num_cols': 800, 'B_min_dim': 800, 'B_numerical_rank': 800, 'B_rank_fraction': 1.0, 'B_rank_tolerance': 3.7944971218450974e-05, 'B_stable_rank': 230.916748046875, 'B_effective_rank': 771.5958210173665, 'B_entropy_rank': 6.648460865020752, 'B_spectral_norm': 0.10334593802690506, 'B_frobenius_norm': 1.5704392194747925, 'B_nuclear_norm': 42.910614013671875, 'B_condition_number': 3.8515944879785335, 'B_condition_number_tol': 3.8515944879785335, 'B_smallest_singular_value': 0.026831988245248795, 'B_rank_rel_1em2': 800, 'B_rank_rel_1em3': 800, 'B_rank_rel_1em4': 800}
Saved ./mu/mu_hat.csv shape=(800,)
Saved ./mu/mu2D_hat_dims01.csv shape=(120, 120)
Saved ./mu/mu2D_hat_dims01.csv shape=(120, 120)
Saved plots/replicate_35/mu_3D.png
Benchmark 1 evaluation grid shape: (800, 3)
Replicate 35, benchmark 1 metrics: {'run_id': '35_b1', 'RMSE': 0.03245885101800278, 'MAE': 0.02676840695901774, 'SupNorm': 0.06928592920303345, 'Bias': 0.023759900672594085, 'Corr': 0.9873215866813994, 'deming_slope': 1.1571546863081144, 'deming_intercept': -0.01718428243375797, 'beta_sum': 1.0166418552398682, 'beta_l1': 7.482024669647217, 'beta_l2': 0.3313066065311432, 'beta_min': -0.03862663358449936, 'beta_max': 0.04492051899433136, 'beta_neg_frac': 0.455, 'offline_data_id': 35, 'benchmark_id': 1, 'benchmark_point_source': 'fixed_config', 'target_set_size': 100, 'benchmark_z_path': 'data/Z_true.pt', 'projected_bellman_test_risk': 0.009107297286391258, 'oracle_embedding_risk': 0.7463254928588867, 'benchmark_embedding_risk': 0.7463254928588867, 'risk_bellman_final': 0.06362990505073274, 'risk_obj_final': 1.0859415531158447, 'B_num_rows': 3080, 'B_num_cols': 800, 'B_min_dim': 800, 'B_numerical_rank': 800, 'B_rank_fraction': 1.0, 'B_rank_tolerance': 3.7944971218450974e-05, 'B_stable_rank': 230.916748046875, 'B_effective_rank': 771.5958210173665, 'B_entropy_rank': 6.648460865020752, 'B_spectral_norm': 0.10334593802690506, 'B_frobenius_norm': 1.5704392194747925, 'B_nuclear_norm': 42.910614013671875, 'B_condition_number': 3.8515944879785335, 'B_condition_number_tol': 3.8515944879785335, 'B_smallest_singular_value': 0.026831988245248795, 'B_rank_rel_1em2': 800, 'B_rank_rel_1em3': 800, 'B_rank_rel_1em4': 800}
Benchmark 2 evaluation grid shape: (800, 3)
Replicate 35, benchmark 2 metrics: {'run_id': '35_b2', 'RMSE': 0.042793555371650464, 'MAE': 0.0361276617256226, 'SupNorm': 0.08415108919143677, 'Bias': 0.030417699997196904, 'Corr': 0.9716469520678859, 'deming_slope': 1.1997685029844503, 'deming_intercept': -0.02312696806532588, 'beta_sum': 1.0537073612213135, 'beta_l1': 7.281561851501465, 'beta_l2': 0.3260195851325989, 'beta_min': -0.043333251029253006, 'beta_max': 0.04018273949623108, 'beta_neg_frac': 0.43625, 'offline_data_id': 35, 'benchmark_id': 2, 'benchmark_point_source': 'fixed_config', 'target_set_size': 100, 'benchmark_z_path': 'data/Z_true.pt', 'projected_bellman_test_risk': 0.010987499728798866, 'oracle_embedding_risk': 0.7491708993911743, 'benchmark_embedding_risk': 0.7491708993911743, 'risk_bellman_final': 0.06362990505073274, 'risk_obj_final': 1.0859415531158447, 'B_num_rows': 3080, 'B_num_cols': 800, 'B_min_dim': 800, 'B_numerical_rank': 800, 'B_rank_fraction': 1.0, 'B_rank_tolerance': 3.7944971218450974e-05, 'B_stable_rank': 230.916748046875, 'B_effective_rank': 771.5958210173665, 'B_entropy_rank': 6.648460865020752, 'B_spectral_norm': 0.10334593802690506, 'B_frobenius_norm': 1.5704392194747925, 'B_nuclear_norm': 42.910614013671875, 'B_condition_number': 3.8515944879785335, 'B_condition_number_tol': 3.8515944879785335, 'B_smallest_singular_value': 0.026831988245248795, 'B_rank_rel_1em2': 800, 'B_rank_rel_1em3': 800, 'B_rank_rel_1em4': 800}
Benchmark 3 evaluation grid shape: (800, 3)
Replicate 35, benchmark 3 metrics: {'run_id': '35_b3', 'RMSE': 0.033199580105105445, 'MAE': 0.027202878685784526, 'SupNorm': 0.07305365800857544, 'Bias': 0.021708862048690207, 'Corr': 0.9781388174823543, 'deming_slope': 1.1436276635903917, 'deming_intercept': -0.015526616168878127, 'beta_sum': 1.0340008735656738, 'beta_l1': 7.138000965118408, 'beta_l2': 0.3174472153186798, 'beta_min': -0.03583427891135216, 'beta_max': 0.04340897127985954, 'beta_neg_frac': 0.47375, 'offline_data_id': 35, 'benchmark_id': 3, 'benchmark_point_source': 'fixed_config', 'target_set_size': 100, 'benchmark_z_path': 'data/Z_true.pt', 'projected_bellman_test_risk': 0.013642586767673492, 'oracle_embedding_risk': 0.7474671602249146, 'benchmark_embedding_risk': 0.7474671602249146, 'risk_bellman_final': 0.06362990505073274, 'risk_obj_final': 1.0859415531158447, 'B_num_rows': 3080, 'B_num_cols': 800, 'B_min_dim': 800, 'B_numerical_rank': 800, 'B_rank_fraction': 1.0, 'B_rank_tolerance': 3.7944971218450974e-05, 'B_stable_rank': 230.916748046875, 'B_effective_rank': 771.5958210173665, 'B_entropy_rank': 6.648460865020752, 'B_spectral_norm': 0.10334593802690506, 'B_frobenius_norm': 1.5704392194747925, 'B_nuclear_norm': 42.910614013671875, 'B_condition_number': 3.8515944879785335, 'B_condition_number_tol': 3.8515944879785335, 'B_smallest_singular_value': 0.026831988245248795, 'B_rank_rel_1em2': 800, 'B_rank_rel_1em3': 800, 'B_rank_rel_1em4': 800}
Benchmark 4 evaluation grid shape: (800, 3)
Replicate 35, benchmark 4 metrics: {'run_id': '35_b4', 'RMSE': 0.08800206769096053, 'MAE': 0.07474108404305298, 'SupNorm': 0.2136983871459961, 'Bias': -0.02610608510032762, 'Corr': 0.6603351788644939, 'deming_slope': 1.2148584268261262, 'deming_intercept': -0.0833883480086072, 'beta_sum': 1.2412614822387695, 'beta_l1': 4.346950531005859, 'beta_l2': 0.21187955141067505, 'beta_min': -0.018124647438526154, 'beta_max': 0.04899222403764725, 'beta_neg_frac': 0.44125, 'offline_data_id': 35, 'benchmark_id': 4, 'benchmark_point_source': 'support_safe_target_policy_draw', 'target_set_size': 100, 'benchmark_z_path': 'data/Z_true.pt', 'projected_bellman_test_risk': 0.02612834796309471, 'oracle_embedding_risk': 0.8470947742462158, 'benchmark_embedding_risk': 0.8470947742462158, 'risk_bellman_final': 0.06362990505073274, 'risk_obj_final': 1.0859415531158447, 'B_num_rows': 3080, 'B_num_cols': 800, 'B_min_dim': 800, 'B_numerical_rank': 800, 'B_rank_fraction': 1.0, 'B_rank_tolerance': 3.7944971218450974e-05, 'B_stable_rank': 230.916748046875, 'B_effective_rank': 771.5958210173665, 'B_entropy_rank': 6.648460865020752, 'B_spectral_norm': 0.10334593802690506, 'B_frobenius_norm': 1.5704392194747925, 'B_nuclear_norm': 42.910614013671875, 'B_condition_number': 3.8515944879785335, 'B_condition_number_tol': 3.8515944879785335, 'B_smallest_singular_value': 0.026831988245248795, 'B_rank_rel_1em2': 800, 'B_rank_rel_1em3': 800, 'B_rank_rel_1em4': 800}
Benchmark 5 evaluation grid shape: (800, 3)
Replicate 35, benchmark 5 metrics: {'run_id': '35_b5', 'RMSE': 0.24454461520762072, 'MAE': 0.22795250395802213, 'SupNorm': 0.39105310291051865, 'Bias': -0.22786332482495708, 'Corr': 0.32826206473389963, 'deming_slope': 0.07040588166045421, 'deming_intercept': 0.011028051944573684, 'beta_sum': 0.216427743434906, 'beta_l1': 0.6385494470596313, 'beta_l2': 0.0289213415235281, 'beta_min': -0.002434710506349802, 'beta_max': 0.004480344243347645, 'beta_neg_frac': 0.39125, 'offline_data_id': 35, 'benchmark_id': 5, 'benchmark_point_source': 'support_safe_target_policy_draw', 'target_set_size': 100, 'benchmark_z_path': 'data/Z_true.pt', 'projected_bellman_test_risk': 0.0012644735397771, 'oracle_embedding_risk': 0.9523483514785767, 'benchmark_embedding_risk': 0.9523483514785767, 'risk_bellman_final': 0.06362990505073274, 'risk_obj_final': 1.0859415531158447, 'B_num_rows': 3080, 'B_num_cols': 800, 'B_min_dim': 800, 'B_numerical_rank': 800, 'B_rank_fraction': 1.0, 'B_rank_tolerance': 3.7944971218450974e-05, 'B_stable_rank': 230.916748046875, 'B_effective_rank': 771.5958210173665, 'B_entropy_rank': 6.648460865020752, 'B_spectral_norm': 0.10334593802690506, 'B_frobenius_norm': 1.5704392194747925, 'B_nuclear_norm': 42.910614013671875, 'B_condition_number': 3.8515944879785335, 'B_condition_number_tol': 3.8515944879785335, 'B_smallest_singular_value': 0.026831988245248795, 'B_rank_rel_1em2': 800, 'B_rank_rel_1em3': 800, 'B_rank_rel_1em4': 800}
Benchmark 6 evaluation grid shape: (800, 3)
Replicate 35, benchmark 6 metrics: {'run_id': '35_b6', 'RMSE': 0.056079832553084116, 'MAE': 0.04769223805284128, 'SupNorm': 0.11326907575130463, 'Bias': -0.01243871892336756, 'Corr': 0.841319771571287, 'deming_slope': 1.0378125044233255, 'deming_intercept': -0.022420886922356775, 'beta_sum': 1.0513155460357666, 'beta_l1': 5.412071228027344, 'beta_l2': 0.2414347529411316, 'beta_min': -0.025286514312028885, 'beta_max': 0.0240439735352993, 'beta_neg_frac': 0.43, 'offline_data_id': 35, 'benchmark_id': 6, 'benchmark_point_source': 'support_safe_target_policy_draw', 'target_set_size': 100, 'benchmark_z_path': 'data/Z_true.pt', 'projected_bellman_test_risk': 0.01285376027226448, 'oracle_embedding_risk': 0.7741050124168396, 'benchmark_embedding_risk': 0.7741050124168396, 'risk_bellman_final': 0.06362990505073274, 'risk_obj_final': 1.0859415531158447, 'B_num_rows': 3080, 'B_num_cols': 800, 'B_min_dim': 800, 'B_numerical_rank': 800, 'B_rank_fraction': 1.0, 'B_rank_tolerance': 3.7944971218450974e-05, 'B_stable_rank': 230.916748046875, 'B_effective_rank': 771.5958210173665, 'B_entropy_rank': 6.648460865020752, 'B_spectral_norm': 0.10334593802690506, 'B_frobenius_norm': 1.5704392194747925, 'B_nuclear_norm': 42.910614013671875, 'B_condition_number': 3.8515944879785335, 'B_condition_number_tol': 3.8515944879785335, 'B_smallest_singular_value': 0.026831988245248795, 'B_rank_rel_1em2': 800, 'B_rank_rel_1em3': 800, 'B_rank_rel_1em4': 800}
Benchmark 7 evaluation grid shape: (800, 3)
Replicate 35, benchmark 7 metrics: {'run_id': '35_b7', 'RMSE': 0.03835550670998868, 'MAE': 0.03159984600788448, 'SupNorm': 0.0837845653295517, 'Bias': -0.018906701868982054, 'Corr': 0.9336664510608265, 'deming_slope': 0.9378256587987942, 'deming_intercept': -0.0026490323495566848, 'beta_sum': 0.9987829327583313, 'beta_l1': 5.718542098999023, 'beta_l2': 0.25898048281669617, 'beta_min': -0.02479102648794651, 'beta_max': 0.03740151971578598, 'beta_neg_frac': 0.45375, 'offline_data_id': 35, 'benchmark_id': 7, 'benchmark_point_source': 'support_safe_target_policy_draw', 'target_set_size': 100, 'benchmark_z_path': 'data/Z_true.pt', 'projected_bellman_test_risk': 0.013218565843999386, 'oracle_embedding_risk': 0.7553659677505493, 'benchmark_embedding_risk': 0.7553659677505493, 'risk_bellman_final': 0.06362990505073274, 'risk_obj_final': 1.0859415531158447, 'B_num_rows': 3080, 'B_num_cols': 800, 'B_min_dim': 800, 'B_numerical_rank': 800, 'B_rank_fraction': 1.0, 'B_rank_tolerance': 3.7944971218450974e-05, 'B_stable_rank': 230.916748046875, 'B_effective_rank': 771.5958210173665, 'B_entropy_rank': 6.648460865020752, 'B_spectral_norm': 0.10334593802690506, 'B_frobenius_norm': 1.5704392194747925, 'B_nuclear_norm': 42.910614013671875, 'B_condition_number': 3.8515944879785335, 'B_condition_number_tol': 3.8515944879785335, 'B_smallest_singular_value': 0.026831988245248795, 'B_rank_rel_1em2': 800, 'B_rank_rel_1em3': 800, 'B_rank_rel_1em4': 800}
Benchmark 8 evaluation grid shape: (800, 3)
Replicate 35, benchmark 8 metrics: {'run_id': '35_b8', 'RMSE': 0.10270983464612037, 'MAE': 0.09130876666575205, 'SupNorm': 0.17855793237686157, 'Bias': -0.09066050098917913, 'Corr': 0.8931112333006468, 'deming_slope': 0.6560719290918353, 'deming_intercept': -0.0010692394723625098, 'beta_sum': 0.7530113458633423, 'beta_l1': 3.4279322624206543, 'beta_l2': 0.15876370668411255, 'beta_min': -0.01934490166604519, 'beta_max': 0.027843084186315536, 'beta_neg_frac': 0.41125, 'offline_data_id': 35, 'benchmark_id': 8, 'benchmark_point_source': 'support_safe_target_policy_draw', 'target_set_size': 100, 'benchmark_z_path': 'data/Z_true.pt', 'projected_bellman_test_risk': 0.03167296200990677, 'oracle_embedding_risk': 0.7837929129600525, 'benchmark_embedding_risk': 0.7837929129600525, 'risk_bellman_final': 0.06362990505073274, 'risk_obj_final': 1.0859415531158447, 'B_num_rows': 3080, 'B_num_cols': 800, 'B_min_dim': 800, 'B_numerical_rank': 800, 'B_rank_fraction': 1.0, 'B_rank_tolerance': 3.7944971218450974e-05, 'B_stable_rank': 230.916748046875, 'B_effective_rank': 771.5958210173665, 'B_entropy_rank': 6.648460865020752, 'B_spectral_norm': 0.10334593802690506, 'B_frobenius_norm': 1.5704392194747925, 'B_nuclear_norm': 42.910614013671875, 'B_condition_number': 3.8515944879785335, 'B_condition_number_tol': 3.8515944879785335, 'B_smallest_singular_value': 0.026831988245248795, 'B_rank_rel_1em2': 800, 'B_rank_rel_1em3': 800, 'B_rank_rel_1em4': 800}
Benchmark 9 evaluation grid shape: (800, 3)
Replicate 35, benchmark 9 metrics: {'run_id': '35_b9', 'RMSE': 0.01622637004404765, 'MAE': 0.01362967402441427, 'SupNorm': 0.038578301668167114, 'Bias': -0.0013973428355529905, 'Corr': 0.9860001527761483, 'deming_slope': 1.0160239263650126, 'deming_intercept': -0.00565594480217646, 'beta_sum': 0.9938193559646606, 'beta_l1': 5.713416576385498, 'beta_l2': 0.2579772174358368, 'beta_min': -0.023451678454875946, 'beta_max': 0.0346202626824379, 'beta_neg_frac': 0.45625, 'offline_data_id': 35, 'benchmark_id': 9, 'benchmark_point_source': 'support_safe_target_policy_draw', 'target_set_size': 100, 'benchmark_z_path': 'data/Z_true.pt', 'projected_bellman_test_risk': 0.01303490437567234, 'oracle_embedding_risk': 0.7415002584457397, 'benchmark_embedding_risk': 0.7415002584457397, 'risk_bellman_final': 0.06362990505073274, 'risk_obj_final': 1.0859415531158447, 'B_num_rows': 3080, 'B_num_cols': 800, 'B_min_dim': 800, 'B_numerical_rank': 800, 'B_rank_fraction': 1.0, 'B_rank_tolerance': 3.7944971218450974e-05, 'B_stable_rank': 230.916748046875, 'B_effective_rank': 771.5958210173665, 'B_entropy_rank': 6.648460865020752, 'B_spectral_norm': 0.10334593802690506, 'B_frobenius_norm': 1.5704392194747925, 'B_nuclear_norm': 42.910614013671875, 'B_condition_number': 3.8515944879785335, 'B_condition_number_tol': 3.8515944879785335, 'B_smallest_singular_value': 0.026831988245248795, 'B_rank_rel_1em2': 800, 'B_rank_rel_1em3': 800, 'B_rank_rel_1em4': 800}
Replicate 35 finished in 21.5s
Finished combo 1, offline replicate 35.
