Job ID:    2359493
Array idx: 672
CPUs/node: 64
Mem/node:  131072
Using CC = cc 
Using CXX = CC 
Using FC = ftn 
Using F77 = ftn 
Using F90 = ftn 
cuda/12.6.1 is deprecated; loading cudatoolkit/25.5_12.9 instead.
Using CC = /opt/nvidia/hpc_sdk/Linux_aarch64/25.5/compilers/bin/nvc 
Using CXX = /opt/nvidia/hpc_sdk/Linux_aarch64/25.5/compilers/bin/nvc++ 
Using FC = /opt/nvidia/hpc_sdk/Linux_aarch64/25.5/compilers/bin/nvfortran 
Using F77 = /opt/nvidia/hpc_sdk/Linux_aarch64/25.5/compilers/bin/nvfortran 
Using F90 = /opt/nvidia/hpc_sdk/Linux_aarch64/25.5/compilers/bin/nvfortran 
Using CC = /opt/nvidia/hpc_sdk/Linux_aarch64/25.5/compilers/bin/nvc 
Using CXX = /opt/nvidia/hpc_sdk/Linux_aarch64/25.5/compilers/bin/nvc++ 
Using FC = /opt/nvidia/hpc_sdk/Linux_aarch64/25.5/compilers/bin/nvfortran 
Using F77 = /opt/nvidia/hpc_sdk/Linux_aarch64/25.5/compilers/bin/nvfortran 
Using F90 = /opt/nvidia/hpc_sdk/Linux_aarch64/25.5/compilers/bin/nvfortran 

Lmod is automatically replacing "gcc-native/14" with "gcc/14.2.0".

ghx4
0
Tuning combo id: 6 / 6
Offline replicate id: 72 / 99
Installing ke_drl from git: https://github.com/mehrdadmhmdi/ke-drl.git@main
Collecting git+https://github.com/mehrdadmhmdi/ke-drl.git@main
  Cloning https://github.com/mehrdadmhmdi/ke-drl.git (to revision main) to /tmp/pip-req-build-qbjl6isx
  Running command git clone --filter=blob:none --quiet https://github.com/mehrdadmhmdi/ke-drl.git /tmp/pip-req-build-qbjl6isx
  Resolved https://github.com/mehrdadmhmdi/ke-drl.git to commit 3c5d570e40ea15b1fbe4817b5f43b64c7b333e82
  Installing build dependencies: started
  Installing build dependencies: finished with status 'done'
  Getting requirements to build wheel: started
  Getting requirements to build wheel: finished with status 'done'
  Preparing metadata (pyproject.toml): started
  Preparing metadata (pyproject.toml): finished with status 'done'
Building wheels for collected packages: ke_drl
  Building wheel for ke_drl (pyproject.toml): started
  Building wheel for ke_drl (pyproject.toml): finished with status 'done'
  Created wheel for ke_drl: filename=ke_drl-0.1.0-py3-none-any.whl size=47219 sha256=dd85987cb0c598d64b5beabf846ed94f10e38a0e2d9aa7b7ef5f68f877d73d25
  Stored in directory: /tmp/pip-ephem-wheel-cache-yjla5mav/wheels/24/47/ad/9a4ffd3b05d3e90e35ffc6e7324b735b8bfcf5f51aaf29a333
Successfully built ke_drl
Installing collected packages: ke_drl
Successfully installed ke_drl-0.1.0
Installed ke_drl source: /work/nvme/bfez/mehrdad3/DistRL/simulation_3/runs/sim3_global_2358722_6/.kedrl_site_672/ke_drl/__init__.py
Tuning combo 6: lambda_B_0.2
Overrides: {'lambda_B': 0.2}
RUN: /sw/user/python/miniforge3-pytorch-24.11.3/bin/python3 validate_sim_config.py --params params.yaml
ke_drl import source: /work/nvme/bfez/mehrdad3/DistRL/simulation_3/runs/sim3_global_2358722_6/.kedrl_site_672/ke_drl/__init__.py
ke_drl package API OK: prediction weights, RFF operators, rank diagnostics, and best-checkpoint optimizer available
Policy config OK: behavior=uniform, target=logistic, state_dim=5, action_dim=1
Note: policy.logistic.theta_scale/theta_std are log-scale coefficients in Probability_Densities.
Behavior-policy linearized state-process diagnostic: spectral_radius=0.653, offline_burn_in=50
Replicate config OK: num_replicates=100, benchmark points=10 independent of D_i, loss target points=100
Transition reduction OK: method=kmeans, raw rows N(T-1)=12000, target rows about 3000, B rows reduced from 12000 to about 3000
Return-operator approximation OK: method=rff, features=512, exact G avoided for estimated N=12000, m=800, L=100
Fixed benchmark config rows=4 (benchmark.num_points=10; additional points are support-safe target-policy draws if needed)
Fixed benchmark point 0: s_star=[0.6, -0.8, 0.7, -0.5, 0.9], a_star=[0.5]
Fixed benchmark behavior-support interval for configured rows: min_lower=-0.12, max_upper=1.11
Fixed benchmark target-policy location range: [-0.02, 0.14]
Reusing shared data from /work/nvme/bfez/mehrdad3/DistRL/simulation_3/runs/sim3_shared_data/data for offline replicate 72.
RUN: /sw/user/python/miniforge3-pytorch-24.11.3/bin/python3 validate_sim_config.py --params params.yaml --data data/offline_data_72.pt
ke_drl import source: /work/nvme/bfez/mehrdad3/DistRL/simulation_3/runs/sim3_global_2358722_6/.kedrl_site_672/ke_drl/__init__.py
ke_drl package API OK: prediction weights, RFF operators, rank diagnostics, and best-checkpoint optimizer available
Policy config OK: behavior=uniform, target=logistic, state_dim=5, action_dim=1
Note: policy.logistic.theta_scale/theta_std are log-scale coefficients in Probability_Densities.
Behavior-policy linearized state-process diagnostic: spectral_radius=0.653, offline_burn_in=50
Replicate config OK: num_replicates=100, benchmark points=10 independent of D_i, loss target points=100
Transition reduction OK: method=kmeans, raw rows N(T-1)=12000, target rows about 3000, B rows reduced from 12000 to about 3000
Return-operator approximation OK: method=rff, features=512, exact G avoided for estimated N=12000, m=800, L=100
Fixed benchmark config rows=4 (benchmark.num_points=10; additional points are support-safe target-policy draws if needed)
Fixed benchmark point 0: s_star=[0.6, -0.8, 0.7, -0.5, 0.9], a_star=[0.5]
Fixed benchmark behavior-support interval for configured rows: min_lower=-0.12, max_upper=1.11
Fixed benchmark target-policy location range: [-0.02, 0.14]
Full benchmark support check OK: 10 points, min_lower=-2.177, max_upper=2.05
observed behavior actions: mean=0.396, sd=0.6696, q0/q10/q50/q90/q100=[-1.9660261869430542, -0.4055534929037094, 0.3415401428937912, 1.2983854055404664, 3.1020116806030273]
target-policy sampled actions: mean=-0.02783, sd=0.6681, q0/q10/q50/q90/q100=[-2.5226325364780844, -0.8857612006711217, -0.014878713901142676, 0.8305690336037983, 2.4947969224397535]
behavior uniform lower: mean=-0.1287, sd=0.6604, q0/q10/q50/q90/q100=[-2.706077718734741, -0.983389818072319, -0.11364335864782335, 0.711784520149231, 2.379829525947571]
behavior uniform upper: mean=0.9234, sd=0.6431, q0/q10/q50/q90/q100=[-1.080053037405014, 0.07440868318080904, 0.9441052794456481, 1.7625851690769196, 3.379829525947571]
target location inside behavior uniform support: 0.965
RUN: /sw/user/python/miniforge3-pytorch-24.11.3/bin/python3 main_est.py
# ================================================================ #
#   Global KE-DRL estimation for one offline replicate              #
# ================================================================ #
Slurm Job ID: 2359493
Slurm Array ID: 72 -- used as the offline-replicate id
Offline data id: 72
ke_drl import source: /work/nvme/bfez/mehrdad3/DistRL/simulation_3/runs/sim3_global_2358722_6/.kedrl_site_672/ke_drl/__init__.py
Estimator device: cuda (NVIDIA GH200 120GB, capability 9.0); torch CUDA=13.0
Random seed: 20460584
Number of offline replicates: 100
[transition reduction] enabled: original rows=12000, target basis=3000, method=kmeans, device=cuda
[transition reduction] kmeans iter 1/20, mean center shift=2.7239e-01
[transition reduction] kmeans iter 5/20, mean center shift=5.4148e-03
[transition reduction] kmeans iter 10/20, mean center shift=5.4632e-08
[transition reduction] selected 3078 rows from 12000 transitions (ratio 0.2565); indices saved to data/reduced_transition_indices_72.pt
Data and parameters loaded.
offline path: data/offline_data_72.pt
benchmark true-Z path: data/Z_true.pt
offline shapes after reduction: s0=(3078, 5), a0=(3078, 1), r0=(3078, 3)
transition reduction: {'enabled': True, 'method': 'kmeans', 'original_rows': 12000, 'reduced_rows': 3078, 'selected_indices_path': 'data/reduced_transition_indices_72.pt', 'target_basis': 3000, 'compression_ratio': 0.2565}
fixed benchmark point source: fixed_config_plus_support_safe_target_policy_draws
benchmark row excluded from this offline data: None
global loss target set shape: s_star=(100, 5), a_star=(100, 1)
benchmark true-Z count=10, shape each=(50000, 3)
target policy: logistic
behavior policy: uniform
lambda_Gamma=0.005, lambda_B=0.2, d_r_method=song
dtype=torch.float32, operator_method=rff, operator_num_features=512
ridge_mode=rkhs, diagnostic_interval=50
mass_anchor_lambda=1.0, target_mass=1.0
uLSIF basis: source=numerator, n_basis=512, lambda_reg=0.005
optimizer stabilizers: lambda_neg=0.0, max_B_norm=None, eta_clip_min=0.0, eta_clip_max=5.0, normalize_eta=True
========================================
Estimating the global KE-DRL mean embedding
torch device=cuda, dtype=torch.float32
Data dims: N=3078, L=100, Ds=5, Da=1, Dr=3
lambda_Gamma=0.005, lambda_B=0.2
return-operator construction: method=rff, rff_features=512
[uLSIF] basis=512/3078 (numerator); eta_hat min=-9.112e-01 max=6.227e+00 neg%=4.58
ESS for eta_plus: 2076.6 / 3078
eta_plus diagnostics: raw_mean=0.999, raw_min=-0.911, raw_max=6.23; used_mean=1, used_min=0, used_max=4.96
[timing] Z-grid: 0.03s
[timing] K_X: 0.00s
[timing] K_plus: 0.00s
[timing] k_star: 0.00s
[timing] Gamma_stack: 0.01s
[timing] Phi_stack: 0.00s
[timing] RFF feature sample: 0.00s
[timing] K_Z RFF: 0.00s
[timing] G_stack RFF: 0.01s
[timing] H_stack RFF: 0.01s
findfont: Font family 'Nimbus Roman' not found.
findfont: Font family 'Nimbus Roman' not found.
findfont: Font family 'Nimbus Roman' not found.
findfont: Font family 'Nimbus Roman' not found.
findfont: Font family 'Nimbus Roman' not found.
findfont: Font family 'Nimbus Roman' not found.
findfont: Font family 'Nimbus Roman' not found.
findfont: Font family 'Nimbus Roman' not found.
findfont: Font family 'Nimbus Roman' not found.
findfont: Font family 'Nimbus Roman' not found.
findfont: Font family 'Nimbus Roman' not found.
findfont: Font family 'Nimbus Roman' not found.
findfont: Font family 'Nimbus Roman' not found.
findfont: Font family 'Nimbus Roman' not found.
findfont: Font family 'Nimbus Roman' not found.
findfont: Font family 'Nimbus Roman' not found.
findfont: Font family 'Nimbus Roman' not found.
findfont: Font family 'Nimbus Roman' not found.
findfont: Font family 'Nimbus Roman' not found.
findfont: Font family 'Nimbus Roman' not found.
findfont: Font family 'Nimbus Roman' not found.
findfont: Font family 'Nimbus Roman' not found.
findfont: Font family 'Nimbus Roman' not found.
findfont: Font family 'Nimbus Roman' not found.
findfont: Font family 'Nimbus Roman' not found.
findfont: Font family 'Nimbus Roman' not found.
findfont: Font family 'Nimbus Roman' not found.
findfont: Font family 'Nimbus Roman' not found.
findfont: Font family 'Nimbus Roman' not found.
findfont: Font family 'Nimbus Roman' not found.
findfont: Font family 'Nimbus Roman' not found.
findfont: Font family 'Nimbus Roman' not found.
findfont: Font family 'Nimbus Roman' not found.
findfont: Font family 'Nimbus Roman' not found.
findfont: Font family 'Nimbus Roman' not found.
findfont: Font family 'Nimbus Roman' not found.
findfont: Font family 'Nimbus Roman' not found.
findfont: Font family 'Nimbus Roman' not found.
findfont: Font family 'Nimbus Roman' not found.
findfont: Font family 'Nimbus Roman' not found.
findfont: Font family 'Nimbus Roman' not found.
findfont: Font family 'Nimbus Roman' not found.
findfont: Font family 'Nimbus Roman' not found.
findfont: Font family 'Nimbus Roman' not found.
findfont: Font family 'Nimbus Roman' not found.
findfont: Font family 'Nimbus Roman' not found.
findfont: Font family 'Nimbus Roman' not found.
findfont: Font family ['Nimbus Roman'] not found. Falling back to DejaVu Sans.
findfont: Font family 'Nimbus Roman' not found.
findfont: Font family ['Nimbus Roman'] not found. Falling back to DejaVu Sans.
findfont: Font family 'Nimbus Roman' not found.
findfont: Font family 'Nimbus Roman' not found.
findfont: Font family 'Nimbus Roman' not found.
findfont: Font family 'Nimbus Roman' not found.
findfont: Font family 'Nimbus Roman' not found.
findfont: Font family 'Nimbus Roman' not found.
findfont: Font family 'Nimbus Roman' not found.
findfont: Font family 'Nimbus Roman' not found.
findfont: Font family 'Nimbus Roman' not found.
findfont: Font family 'Nimbus Roman' not found.
findfont: Font family 'Nimbus Roman' not found.
findfont: Font family ['Nimbus Roman'] not found. Falling back to DejaVu Sans.
findfont: Font family 'Nimbus Roman' not found.
findfont: Font family 'Nimbus Roman' not found.
findfont: Font family 'Nimbus Roman' not found.
findfont: Font family 'Nimbus Roman' not found.
findfont: Font family 'Nimbus Roman' not found.
findfont: Font family 'Nimbus Roman' not found.
findfont: Font family 'Nimbus Roman' not found.
findfont: Font family 'Nimbus Roman' not found.
findfont: Font family 'Nimbus Roman' not found.
findfont: Font family 'Nimbus Roman' not found.
findfont: Font family 'Nimbus Roman' not found.
findfont: Font family 'Nimbus Roman' not found.
findfont: Font family 'Nimbus Roman' not found.
findfont: Font family 'Nimbus Roman' not found.
findfont: Font family 'Nimbus Roman' not found.
findfont: Font family 'Nimbus Roman' not found.
findfont: Font family 'Nimbus Roman' not found.
findfont: Font family 'Nimbus Roman' not found.
findfont: Font family 'Nimbus Roman' not found.
findfont: Font family 'Nimbus Roman' not found.
findfont: Font family 'Nimbus Roman' not found.
findfont: Font family 'Nimbus Roman' not found.
findfont: Font family 'Nimbus Roman' not found.
findfont: Font family 'Nimbus Roman' not found.
findfont: Font family 'Nimbus Roman' not found.
findfont: Font family 'Nimbus Roman' not found.
findfont: Font family 'Nimbus Roman' not found.
findfont: Font family 'Nimbus Roman' not found.
findfont: Font family 'Nimbus Roman' not found.
findfont: Font family 'Nimbus Roman' not found.
findfont: Font family 'Nimbus Roman' not found.
findfont: Font family 'Nimbus Roman' not found.
findfont: Font family 'Nimbus Roman' not found.
findfont: Font family 'Nimbus Roman' not found.
findfont: Font family 'Nimbus Roman' not found.
findfont: Font family 'Nimbus Roman' not found.
findfont: Font family 'Nimbus Roman' not found.
findfont: Font family 'Nimbus Roman' not found.
findfont: Font family 'Nimbus Roman' not found.
findfont: Font family 'Nimbus Roman' not found.
findfont: Font family 'Nimbus Roman' not found.
findfont: Font family 'Nimbus Roman' not found.
findfont: Font family 'Nimbus Roman' not found.
findfont: Font family 'Nimbus Roman' not found.
findfont: Font family 'Nimbus Roman' not found.
findfont: Font family 'Nimbus Roman' not found.
findfont: Font family 'Nimbus Roman' not found.
findfont: Font family 'Nimbus Roman' not found.
findfont: Font family 'Nimbus Roman' not found.
findfont: Font family 'Nimbus Roman' not found.
findfont: Font family 'Nimbus Roman' not found.
findfont: Font family 'Nimbus Roman' not found.
findfont: Font family 'Nimbus Roman' not found.
findfont: Font family 'Nimbus Roman' not found.
findfont: Font family 'Nimbus Roman' not found.
findfont: Font family 'Nimbus Roman' not found.
findfont: Font family 'Nimbus Roman' not found.
findfont: Font family 'Nimbus Roman' not found.
findfont: Font family 'Nimbus Roman' not found.
findfont: Font family 'Nimbus Roman' not found.
findfont: Font family 'Nimbus Roman' not found.
findfont: Font family 'Nimbus Roman' not found.
findfont: Font family 'Nimbus Roman' not found.
findfont: Font family 'Nimbus Roman' not found.
findfont: Font family 'Nimbus Roman' not found.
findfont: Font family 'Nimbus Roman' not found.
findfont: Font family 'Nimbus Roman' not found.
findfont: Font family 'Nimbus Roman' not found.
findfont: Font family 'Nimbus Roman' not found.
findfont: Font family 'Nimbus Roman' not found.
findfont: Font family 'Nimbus Roman' not found.
findfont: Font family 'Nimbus Roman' not found.
findfont: Font family 'Nimbus Roman' not found.
findfont: Font family 'Nimbus Roman' not found.
findfont: Font family 'Nimbus Roman' not found.
findfont: Font family 'Nimbus Roman' not found.
findfont: Font family 'Nimbus Roman' not found.
findfont: Font family 'Nimbus Roman' not found.
findfont: Font family 'Nimbus Roman' not found.
findfont: Font family 'Nimbus Roman' not found.
findfont: Font family 'Nimbus Roman' not found.
findfont: Font family 'Nimbus Roman' not found.
findfont: Font family 'Nimbus Roman' not found.
Ridge mode: rkhs; diagnostic interval: 50
Iter 1/4000 | log_obj=9.878e+00 | log_Bellman_root=3.464e+00 | mass=1.84e+04 | neg=0.00e+00 | grad=6.06e+02
Iter 400/4000 | log_obj=7.018e+00 | log_Bellman_root=2.033e+00 | mass=1.06e+03 | neg=0.00e+00 | grad=2.96e+04
Iter 800/4000 | log_obj=7.020e+00 | log_Bellman_root=2.033e+00 | mass=1.06e+03 | neg=0.00e+00 | grad=2.96e+04
Iter 1200/4000 | log_obj=8.758e-01 | log_Bellman_root=-9.164e-01 | mass=2.10e+00 | neg=0.00e+00 | grad=1.09e+03
Iter 1600/4000 | log_obj=7.734e-01 | log_Bellman_root=-1.000e+00 | mass=1.93e+00 | neg=0.00e+00 | grad=1.23e+03
Iter 2000/4000 | log_obj=2.811e+00 | log_Bellman_root=1.027e-01 | mass=1.53e+01 | neg=0.00e+00 | grad=2.65e+03
Iter 2400/4000 | log_obj=2.662e+00 | log_Bellman_root=-1.160e-01 | mass=1.34e+01 | neg=0.00e+00 | grad=1.13e+03
Iter 2800/4000 | log_obj=2.744e+00 | log_Bellman_root=-1.320e-01 | mass=1.47e+01 | neg=0.00e+00 | grad=1.64e+03
Iter 3200/4000 | log_obj=2.212e+00 | log_Bellman_root=-3.313e-01 | mass=8.53e+00 | neg=0.00e+00 | grad=3.43e+03
Iter 3600/4000 | log_obj=-5.013e-01 | log_Bellman_root=-1.523e+00 | mass=4.92e-01 | neg=0.00e+00 | grad=1.86e+03
Iter 4000/4000 | log_obj=-5.029e-01 | log_Bellman_root=-1.522e+00 | mass=4.93e-01 | neg=0.00e+00 | grad=1.86e+03
Done in 12.52s.
KE-DRL global estimation is done.
B_hat shape: (3078, 800)
B_hat rank diagnostics: {'B_num_rows': 3078, 'B_num_cols': 800, 'B_min_dim': 800, 'B_numerical_rank': 800, 'B_rank_fraction': 1.0, 'B_rank_tolerance': 3.100527422006394e-05, 'B_stable_rank': 316.8676452636719, 'B_effective_rank': 770.1578378467248, 'B_entropy_rank': 6.646595478057861, 'B_spectral_norm': 0.0845000296831131, 'B_frobenius_norm': 1.5041661262512207, 'B_nuclear_norm': 41.03111267089844, 'B_condition_number': 3.3080692546483528, 'B_condition_number_tol': 3.3080692546483528, 'B_smallest_singular_value': 0.025543609634041786, 'B_rank_rel_1em2': 800, 'B_rank_rel_1em3': 800, 'B_rank_rel_1em4': 800}
Global-loss target mass diagnostics: {'target_mass_mean': 1.6349191665649414, 'target_mass_min': 0.863922119140625, 'target_mass_max': 2.1403756141662598, 'target_mass_sd': 0.30185800790786743, 'target_mass_rmse_to_target': 0.7023741602897644, 'target_beta_min': -0.001371982041746378, 'target_beta_max': 0.015415147878229618, 'target_neg_frac_mean': 0.0171625}
Return dictionary Z_grid shape: (800, 3)
Replicate 72 risk metrics: {'risk_n_steps_recorded': 81.0, 'risk_n_diagnostics_recorded': 81.0, 'risk_log_obj_initial': 9.877638954669347, 'risk_log_obj_final': -0.5028516628643009, 'risk_log_obj_min': -0.5028516628643009, 'risk_obj_initial': 19489.652343749993, 'risk_obj_final': 0.6048035025596619, 'risk_obj_min': 0.6048035025596619, 'risk_log_obj_drop': 10.380490617533649, 'risk_log_bellman_root_initial': 3.4643749779816617, 'risk_log_bellman_root_final': -1.5222659113440156, 'risk_log_bellman_root_min': -1.6361632640073234, 'risk_bellman_root_initial': 31.956480026245114, 'risk_bellman_root_final': 0.21821686625480652, 'risk_bellman_root_min': 0.19472572207450864, 'risk_bellman_initial': 1021.2166156678028, 'risk_bellman_final': 0.04761860071806812, 'risk_bellman_min': 0.037918106837438785, 'risk_log_bellman_root_drop': 4.9866408893256775, 'risk_bellman_returned': 0.047618597745895386, 'risk_obj_returned': 0.6048035025596619, 'risk_returned_step': 4000.0, 'offline_data_id': 72, 'benchmark_point_source': 'fixed_config_plus_support_safe_target_policy_draws', 'target_set_size': 100, 'lambda_reg': 0.005, 'lambda_B': 0.2, 'num_steps': 4000, 'transition_reduction_enabled': 1, 'transition_reduction_method': 'kmeans', 'transition_original_rows': 12000, 'transition_reduced_rows': 3078, 'transition_compression_ratio': 0.2565, 'target_mass_mean': 1.6349191665649414, 'target_mass_min': 0.863922119140625, 'target_mass_max': 2.1403756141662598, 'target_mass_sd': 0.30185800790786743, 'target_mass_rmse_to_target': 0.7023741602897644, 'target_beta_min': -0.001371982041746378, 'target_beta_max': 0.015415147878229618, 'target_neg_frac_mean': 0.0171625, 'B_num_rows': 3078, 'B_num_cols': 800, 'B_min_dim': 800, 'B_numerical_rank': 800, 'B_rank_fraction': 1.0, 'B_rank_tolerance': 3.100527422006394e-05, 'B_stable_rank': 316.8676452636719, 'B_effective_rank': 770.1578378467248, 'B_entropy_rank': 6.646595478057861, 'B_spectral_norm': 0.0845000296831131, 'B_frobenius_norm': 1.5041661262512207, 'B_nuclear_norm': 41.03111267089844, 'B_condition_number': 3.3080692546483528, 'B_condition_number_tol': 3.3080692546483528, 'B_smallest_singular_value': 0.025543609634041786, 'B_rank_rel_1em2': 800, 'B_rank_rel_1em3': 800, 'B_rank_rel_1em4': 800, 'risk_objective_final_raw': 0.6048035025596619, 'risk_objective_min_raw': 0.6048035025596619, 'risk_objective_max_raw': 19489.65234375, 'risk_bellman_final_raw': 0.047618597745895386, 'risk_bellman_min_raw': 0.03791810944676399, 'risk_bellman_max_raw': 1021.2166748046875, 'risk_rkhs_ridge_final_raw': 0.06385548412799835, 'risk_rkhs_ridge_min_raw': 0.06139193847775459, 'risk_rkhs_ridge_max_raw': 23.331130981445312, 'risk_mass_final_raw': 0.49332940578460693, 'risk_mass_min_raw': 0.49162790179252625, 'risk_mass_max_raw': 18445.10546875, 'risk_negativity_final_raw': 0.0, 'risk_negativity_min_raw': 0.0, 'risk_negativity_max_raw': 0.0, 'risk_B_norm_final_raw': 1.5040003061294556, 'risk_B_norm_min_raw': 1.5040003061294556, 'risk_B_norm_max_raw': 1.6380983591079712, 'risk_diagnostic_step_final_raw': 4000.0, 'risk_diagnostic_step_min_raw': 1.0, 'risk_diagnostic_step_max_raw': 4000.0, 'risk_best_step_final_raw': 4000.0, 'risk_best_step_min_raw': 4000.0, 'risk_best_step_max_raw': 4000.0, 'risk_best_objective_final_raw': 0.6048035025596619, 'risk_best_objective_min_raw': 0.6048035025596619, 'risk_best_objective_max_raw': 0.6048035025596619, 'risk_best_bellman_final_raw': 0.047618597745895386, 'risk_best_bellman_min_raw': 0.047618597745895386, 'risk_best_bellman_max_raw': 0.047618597745895386, 'risk_returned_step_final_raw': 4000.0, 'risk_returned_step_min_raw': 4000.0, 'risk_returned_step_max_raw': 4000.0, 'risk_returned_objective_final_raw': 0.6048035025596619, 'risk_returned_objective_min_raw': 0.6048035025596619, 'risk_returned_objective_max_raw': 0.6048035025596619, 'risk_returned_bellman_final_raw': 0.047618597745895386, 'risk_returned_bellman_min_raw': 0.047618597745895386, 'risk_returned_bellman_max_raw': 0.047618597745895386, 'risk_returned_best_checkpoint_final_raw': 1.0, 'risk_returned_best_checkpoint_min_raw': 1.0, 'risk_returned_best_checkpoint_max_raw': 1.0}
Benchmark 0 evaluation grid shape: (800, 3)
Replicate 72, benchmark 0 metrics: {'run_id': '72_b0', 'RMSE': 0.15845168340488824, 'MAE': 0.12297490954071691, 'SupNorm': 0.4220694899559021, 'Bias': 0.07078638008424605, 'Corr': 0.5867579307189896, 'deming_slope': 2.586917832468847, 'deming_intercept': -0.3453340978649009, 'beta_sum': 1.4612040519714355, 'beta_l1': 1.4622743129730225, 'beta_l2': 0.060864340513944626, 'beta_min': -0.00028977449983358383, 'beta_max': 0.007618874777108431, 'beta_neg_frac': 0.005, 'offline_data_id': 72, 'benchmark_id': 0, 'benchmark_point_source': 'fixed_config', 'target_set_size': 100, 'benchmark_z_path': 'data/Z_true.pt', 'projected_bellman_test_risk': 0.010033303871750832, 'oracle_embedding_risk': 0.9945454597473145, 'benchmark_embedding_risk': 0.9945454597473145, 'risk_bellman_final': 0.04761860071806812, 'risk_obj_final': 0.6048035025596619, 'B_num_rows': 3078, 'B_num_cols': 800, 'B_min_dim': 800, 'B_numerical_rank': 800, 'B_rank_fraction': 1.0, 'B_rank_tolerance': 3.100527422006394e-05, 'B_stable_rank': 316.8676452636719, 'B_effective_rank': 770.1578378467248, 'B_entropy_rank': 6.646595478057861, 'B_spectral_norm': 0.0845000296831131, 'B_frobenius_norm': 1.5041661262512207, 'B_nuclear_norm': 41.03111267089844, 'B_condition_number': 3.3080692546483528, 'B_condition_number_tol': 3.3080692546483528, 'B_smallest_singular_value': 0.025543609634041786, 'B_rank_rel_1em2': 800, 'B_rank_rel_1em3': 800, 'B_rank_rel_1em4': 800}
Saved ./mu/mu_hat.csv shape=(800,)
Saved ./mu/mu2D_hat_dims01.csv shape=(120, 120)
Saved ./mu/mu2D_hat_dims01.csv shape=(120, 120)
Saved plots/replicate_72/mu_3D.png
Benchmark 1 evaluation grid shape: (800, 3)
Replicate 72, benchmark 1 metrics: {'run_id': '72_b1', 'RMSE': 0.40411611839670847, 'MAE': 0.3696619893962634, 'SupNorm': 0.6850298047065735, 'Bias': 0.3696619893962634, 'Corr': 0.9939600283690188, 'deming_slope': 2.7077858202107405, 'deming_intercept': -0.07527476032336522, 'beta_sum': 2.1666836738586426, 'beta_l1': 2.1666836738586426, 'beta_l2': 0.08082374930381775, 'beta_min': 0.0008237552829086781, 'beta_max': 0.008579954504966736, 'beta_neg_frac': 0.0, 'offline_data_id': 72, 'benchmark_id': 1, 'benchmark_point_source': 'fixed_config', 'target_set_size': 100, 'benchmark_z_path': 'data/Z_true.pt', 'projected_bellman_test_risk': 0.10007883608341217, 'oracle_embedding_risk': 1.294800877571106, 'benchmark_embedding_risk': 1.294800877571106, 'risk_bellman_final': 0.04761860071806812, 'risk_obj_final': 0.6048035025596619, 'B_num_rows': 3078, 'B_num_cols': 800, 'B_min_dim': 800, 'B_numerical_rank': 800, 'B_rank_fraction': 1.0, 'B_rank_tolerance': 3.100527422006394e-05, 'B_stable_rank': 316.8676452636719, 'B_effective_rank': 770.1578378467248, 'B_entropy_rank': 6.646595478057861, 'B_spectral_norm': 0.0845000296831131, 'B_frobenius_norm': 1.5041661262512207, 'B_nuclear_norm': 41.03111267089844, 'B_condition_number': 3.3080692546483528, 'B_condition_number_tol': 3.3080692546483528, 'B_smallest_singular_value': 0.025543609634041786, 'B_rank_rel_1em2': 800, 'B_rank_rel_1em3': 800, 'B_rank_rel_1em4': 800}
Benchmark 2 evaluation grid shape: (800, 3)
Replicate 72, benchmark 2 metrics: {'run_id': '72_b2', 'RMSE': 0.4001102468400445, 'MAE': 0.3639919735895819, 'SupNorm': 0.6825438439846039, 'Bias': 0.3639895390564925, 'Corr': 0.9478147397245502, 'deming_slope': 2.8231763460107264, 'deming_intercept': -0.12468295339436342, 'beta_sum': 2.157310962677002, 'beta_l1': 2.157310962677002, 'beta_l2': 0.08119514584541321, 'beta_min': 0.001040017232298851, 'beta_max': 0.00934445671737194, 'beta_neg_frac': 0.0, 'offline_data_id': 72, 'benchmark_id': 2, 'benchmark_point_source': 'fixed_config', 'target_set_size': 100, 'benchmark_z_path': 'data/Z_true.pt', 'projected_bellman_test_risk': 0.10339362174272537, 'oracle_embedding_risk': 1.293811321258545, 'benchmark_embedding_risk': 1.293811321258545, 'risk_bellman_final': 0.04761860071806812, 'risk_obj_final': 0.6048035025596619, 'B_num_rows': 3078, 'B_num_cols': 800, 'B_min_dim': 800, 'B_numerical_rank': 800, 'B_rank_fraction': 1.0, 'B_rank_tolerance': 3.100527422006394e-05, 'B_stable_rank': 316.8676452636719, 'B_effective_rank': 770.1578378467248, 'B_entropy_rank': 6.646595478057861, 'B_spectral_norm': 0.0845000296831131, 'B_frobenius_norm': 1.5041661262512207, 'B_nuclear_norm': 41.03111267089844, 'B_condition_number': 3.3080692546483528, 'B_condition_number_tol': 3.3080692546483528, 'B_smallest_singular_value': 0.025543609634041786, 'B_rank_rel_1em2': 800, 'B_rank_rel_1em3': 800, 'B_rank_rel_1em4': 800}
Benchmark 3 evaluation grid shape: (800, 3)
Replicate 72, benchmark 3 metrics: {'run_id': '72_b3', 'RMSE': 0.38346653734761227, 'MAE': 0.3466303864913061, 'SupNorm': 0.6645041704177856, 'Bias': 0.3466303864913061, 'Corr': 0.9660827138107664, 'deming_slope': 2.7391074918848006, 'deming_intercept': -0.10423330865842428, 'beta_sum': 2.1236486434936523, 'beta_l1': 2.1236486434936523, 'beta_l2': 0.07995805889368057, 'beta_min': 0.0006322748959064484, 'beta_max': 0.008800379000604153, 'beta_neg_frac': 0.0, 'offline_data_id': 72, 'benchmark_id': 3, 'benchmark_point_source': 'fixed_config', 'target_set_size': 100, 'benchmark_z_path': 'data/Z_true.pt', 'projected_bellman_test_risk': 0.07482143491506577, 'oracle_embedding_risk': 1.2681339979171753, 'benchmark_embedding_risk': 1.2681339979171753, 'risk_bellman_final': 0.04761860071806812, 'risk_obj_final': 0.6048035025596619, 'B_num_rows': 3078, 'B_num_cols': 800, 'B_min_dim': 800, 'B_numerical_rank': 800, 'B_rank_fraction': 1.0, 'B_rank_tolerance': 3.100527422006394e-05, 'B_stable_rank': 316.8676452636719, 'B_effective_rank': 770.1578378467248, 'B_entropy_rank': 6.646595478057861, 'B_spectral_norm': 0.0845000296831131, 'B_frobenius_norm': 1.5041661262512207, 'B_nuclear_norm': 41.03111267089844, 'B_condition_number': 3.3080692546483528, 'B_condition_number_tol': 3.3080692546483528, 'B_smallest_singular_value': 0.025543609634041786, 'B_rank_rel_1em2': 800, 'B_rank_rel_1em3': 800, 'B_rank_rel_1em4': 800}
Benchmark 4 evaluation grid shape: (800, 3)
Replicate 72, benchmark 4 metrics: {'run_id': '72_b4', 'RMSE': 0.13542962967368932, 'MAE': 0.11620692264448734, 'SupNorm': 0.33319031447172165, 'Bias': -0.04466392033427837, 'Corr': 0.39587891876838743, 'deming_slope': 2.158979591363135, 'deming_intercept': -0.35365330761820685, 'beta_sum': 1.2980661392211914, 'beta_l1': 1.3064895868301392, 'beta_l2': 0.0665864646434784, 'beta_min': -0.0006331759504973888, 'beta_max': 0.012159631587564945, 'beta_neg_frac': 0.02875, 'offline_data_id': 72, 'benchmark_id': 4, 'benchmark_point_source': 'support_safe_target_policy_draw', 'target_set_size': 100, 'benchmark_z_path': 'data/Z_true.pt', 'projected_bellman_test_risk': 0.009525429457426071, 'oracle_embedding_risk': 0.9752793312072754, 'benchmark_embedding_risk': 0.9752793312072754, 'risk_bellman_final': 0.04761860071806812, 'risk_obj_final': 0.6048035025596619, 'B_num_rows': 3078, 'B_num_cols': 800, 'B_min_dim': 800, 'B_numerical_rank': 800, 'B_rank_fraction': 1.0, 'B_rank_tolerance': 3.100527422006394e-05, 'B_stable_rank': 316.8676452636719, 'B_effective_rank': 770.1578378467248, 'B_entropy_rank': 6.646595478057861, 'B_spectral_norm': 0.0845000296831131, 'B_frobenius_norm': 1.5041661262512207, 'B_nuclear_norm': 41.03111267089844, 'B_condition_number': 3.3080692546483528, 'B_condition_number_tol': 3.3080692546483528, 'B_smallest_singular_value': 0.025543609634041786, 'B_rank_rel_1em2': 800, 'B_rank_rel_1em3': 800, 'B_rank_rel_1em4': 800}
Benchmark 5 evaluation grid shape: (800, 3)
Replicate 72, benchmark 5 metrics: {'run_id': '72_b5', 'RMSE': 0.24981762533569718, 'MAE': 0.23335721760389333, 'SupNorm': 0.3978889659047127, 'Bias': -0.23333934898587813, 'Corr': 0.34570246390558346, 'deming_slope': 0.05513197288854559, 'deming_intercept': 0.009477187187297547, 'beta_sum': 0.1886550486087799, 'beta_l1': 0.26159775257110596, 'beta_l2': 0.013402564451098442, 'beta_min': -0.0006090608658269048, 'beta_max': 0.0020243350882083178, 'beta_neg_frac': 0.33, 'offline_data_id': 72, 'benchmark_id': 5, 'benchmark_point_source': 'support_safe_target_policy_draw', 'target_set_size': 100, 'benchmark_z_path': 'data/Z_true.pt', 'projected_bellman_test_risk': 0.0020402097143232822, 'oracle_embedding_risk': 0.9582892656326294, 'benchmark_embedding_risk': 0.9582892656326294, 'risk_bellman_final': 0.04761860071806812, 'risk_obj_final': 0.6048035025596619, 'B_num_rows': 3078, 'B_num_cols': 800, 'B_min_dim': 800, 'B_numerical_rank': 800, 'B_rank_fraction': 1.0, 'B_rank_tolerance': 3.100527422006394e-05, 'B_stable_rank': 316.8676452636719, 'B_effective_rank': 770.1578378467248, 'B_entropy_rank': 6.646595478057861, 'B_spectral_norm': 0.0845000296831131, 'B_frobenius_norm': 1.5041661262512207, 'B_nuclear_norm': 41.03111267089844, 'B_condition_number': 3.3080692546483528, 'B_condition_number_tol': 3.3080692546483528, 'B_smallest_singular_value': 0.025543609634041786, 'B_rank_rel_1em2': 800, 'B_rank_rel_1em3': 800, 'B_rank_rel_1em4': 800}
Benchmark 6 evaluation grid shape: (800, 3)
Replicate 72, benchmark 6 metrics: {'run_id': '72_b6', 'RMSE': 0.21419312036469854, 'MAE': 0.17074961624515708, 'SupNorm': 0.46543431282043457, 'Bias': 0.1608457903965609, 'Corr': 0.7466242994755058, 'deming_slope': 2.5239244780859336, 'deming_intercept': -0.24145684440701737, 'beta_sum': 1.6696696281433105, 'beta_l1': 1.6706788539886475, 'beta_l2': 0.06751081347465515, 'beta_min': -0.00021970923990011215, 'beta_max': 0.008445522747933865, 'beta_neg_frac': 0.00375, 'offline_data_id': 72, 'benchmark_id': 6, 'benchmark_point_source': 'support_safe_target_policy_draw', 'target_set_size': 100, 'benchmark_z_path': 'data/Z_true.pt', 'projected_bellman_test_risk': 0.008486945182085037, 'oracle_embedding_risk': 1.0173704624176025, 'benchmark_embedding_risk': 1.0173704624176025, 'risk_bellman_final': 0.04761860071806812, 'risk_obj_final': 0.6048035025596619, 'B_num_rows': 3078, 'B_num_cols': 800, 'B_min_dim': 800, 'B_numerical_rank': 800, 'B_rank_fraction': 1.0, 'B_rank_tolerance': 3.100527422006394e-05, 'B_stable_rank': 316.8676452636719, 'B_effective_rank': 770.1578378467248, 'B_entropy_rank': 6.646595478057861, 'B_spectral_norm': 0.0845000296831131, 'B_frobenius_norm': 1.5041661262512207, 'B_nuclear_norm': 41.03111267089844, 'B_condition_number': 3.3080692546483528, 'B_condition_number_tol': 3.3080692546483528, 'B_smallest_singular_value': 0.025543609634041786, 'B_rank_rel_1em2': 800, 'B_rank_rel_1em3': 800, 'B_rank_rel_1em4': 800}
Benchmark 7 evaluation grid shape: (800, 3)
Replicate 72, benchmark 7 metrics: {'run_id': '72_b7', 'RMSE': 0.2113316835502696, 'MAE': 0.16391797080927062, 'SupNorm': 0.48845696449279785, 'Bias': 0.1541192698915256, 'Corr': 0.7075264500535199, 'deming_slope': 2.653712262537242, 'deming_intercept': -0.27830199787142623, 'beta_sum': 1.7553761005401611, 'beta_l1': 1.7565407752990723, 'beta_l2': 0.07664520293474197, 'beta_min': -0.0005759177729487419, 'beta_max': 0.01198132149875164, 'beta_neg_frac': 0.0025, 'offline_data_id': 72, 'benchmark_id': 7, 'benchmark_point_source': 'support_safe_target_policy_draw', 'target_set_size': 100, 'benchmark_z_path': 'data/Z_true.pt', 'projected_bellman_test_risk': 0.019609995186328888, 'oracle_embedding_risk': 1.0556654930114746, 'benchmark_embedding_risk': 1.0556654930114746, 'risk_bellman_final': 0.04761860071806812, 'risk_obj_final': 0.6048035025596619, 'B_num_rows': 3078, 'B_num_cols': 800, 'B_min_dim': 800, 'B_numerical_rank': 800, 'B_rank_fraction': 1.0, 'B_rank_tolerance': 3.100527422006394e-05, 'B_stable_rank': 316.8676452636719, 'B_effective_rank': 770.1578378467248, 'B_entropy_rank': 6.646595478057861, 'B_spectral_norm': 0.0845000296831131, 'B_frobenius_norm': 1.5041661262512207, 'B_nuclear_norm': 41.03111267089844, 'B_condition_number': 3.3080692546483528, 'B_condition_number_tol': 3.3080692546483528, 'B_smallest_singular_value': 0.025543609634041786, 'B_rank_rel_1em2': 800, 'B_rank_rel_1em3': 800, 'B_rank_rel_1em4': 800}
Benchmark 8 evaluation grid shape: (800, 3)
Replicate 72, benchmark 8 metrics: {'run_id': '72_b8', 'RMSE': 0.07364269100729491, 'MAE': 0.06182111500835163, 'SupNorm': 0.18338795006275177, 'Bias': -0.008999087094125571, 'Corr': 0.7657608821972417, 'deming_slope': 1.2035361223413321, 'deming_intercept': -0.06201906280198277, 'beta_sum': 1.0890655517578125, 'beta_l1': 1.125509262084961, 'beta_l2': 0.052172739058732986, 'beta_min': -0.0009985356591641903, 'beta_max': 0.007416512817144394, 'beta_neg_frac': 0.0825, 'offline_data_id': 72, 'benchmark_id': 8, 'benchmark_point_source': 'support_safe_target_policy_draw', 'target_set_size': 100, 'benchmark_z_path': 'data/Z_true.pt', 'projected_bellman_test_risk': 0.017762336879968643, 'oracle_embedding_risk': 0.8100389838218689, 'benchmark_embedding_risk': 0.8100389838218689, 'risk_bellman_final': 0.04761860071806812, 'risk_obj_final': 0.6048035025596619, 'B_num_rows': 3078, 'B_num_cols': 800, 'B_min_dim': 800, 'B_numerical_rank': 800, 'B_rank_fraction': 1.0, 'B_rank_tolerance': 3.100527422006394e-05, 'B_stable_rank': 316.8676452636719, 'B_effective_rank': 770.1578378467248, 'B_entropy_rank': 6.646595478057861, 'B_spectral_norm': 0.0845000296831131, 'B_frobenius_norm': 1.5041661262512207, 'B_nuclear_norm': 41.03111267089844, 'B_condition_number': 3.3080692546483528, 'B_condition_number_tol': 3.3080692546483528, 'B_smallest_singular_value': 0.025543609634041786, 'B_rank_rel_1em2': 800, 'B_rank_rel_1em3': 800, 'B_rank_rel_1em4': 800}
Benchmark 9 evaluation grid shape: (800, 3)
Replicate 72, benchmark 9 metrics: {'run_id': '72_b9', 'RMSE': 0.20438558882981125, 'MAE': 0.1681635719735641, 'SupNorm': 0.40848276019096375, 'Bias': 0.16560705009265803, 'Corr': 0.8231608581662007, 'deming_slope': 2.1907691739245148, 'deming_intercept': -0.15085795544692338, 'beta_sum': 1.6937220096588135, 'beta_l1': 1.6938872337341309, 'beta_l2': 0.07582850009202957, 'beta_min': -8.258759044110775e-05, 'beta_max': 0.011669634841382504, 'beta_neg_frac': 0.00125, 'offline_data_id': 72, 'benchmark_id': 9, 'benchmark_point_source': 'support_safe_target_policy_draw', 'target_set_size': 100, 'benchmark_z_path': 'data/Z_true.pt', 'projected_bellman_test_risk': 0.007970156148076057, 'oracle_embedding_risk': 0.9561643004417419, 'benchmark_embedding_risk': 0.9561643004417419, 'risk_bellman_final': 0.04761860071806812, 'risk_obj_final': 0.6048035025596619, 'B_num_rows': 3078, 'B_num_cols': 800, 'B_min_dim': 800, 'B_numerical_rank': 800, 'B_rank_fraction': 1.0, 'B_rank_tolerance': 3.100527422006394e-05, 'B_stable_rank': 316.8676452636719, 'B_effective_rank': 770.1578378467248, 'B_entropy_rank': 6.646595478057861, 'B_spectral_norm': 0.0845000296831131, 'B_frobenius_norm': 1.5041661262512207, 'B_nuclear_norm': 41.03111267089844, 'B_condition_number': 3.3080692546483528, 'B_condition_number_tol': 3.3080692546483528, 'B_smallest_singular_value': 0.025543609634041786, 'B_rank_rel_1em2': 800, 'B_rank_rel_1em3': 800, 'B_rank_rel_1em4': 800}
Replicate 72 finished in 22.7s
Finished combo 6, offline replicate 72.
