Job ID:    2359479
Array idx: 659
CPUs/node: 64
Mem/node:  131072
Using CC = cc 
Using CXX = CC 
Using FC = ftn 
Using F77 = ftn 
Using F90 = ftn 
cuda/12.6.1 is deprecated; loading cudatoolkit/25.5_12.9 instead.
Using CC = /opt/nvidia/hpc_sdk/Linux_aarch64/25.5/compilers/bin/nvc 
Using CXX = /opt/nvidia/hpc_sdk/Linux_aarch64/25.5/compilers/bin/nvc++ 
Using FC = /opt/nvidia/hpc_sdk/Linux_aarch64/25.5/compilers/bin/nvfortran 
Using F77 = /opt/nvidia/hpc_sdk/Linux_aarch64/25.5/compilers/bin/nvfortran 
Using F90 = /opt/nvidia/hpc_sdk/Linux_aarch64/25.5/compilers/bin/nvfortran 
Using CC = /opt/nvidia/hpc_sdk/Linux_aarch64/25.5/compilers/bin/nvc 
Using CXX = /opt/nvidia/hpc_sdk/Linux_aarch64/25.5/compilers/bin/nvc++ 
Using FC = /opt/nvidia/hpc_sdk/Linux_aarch64/25.5/compilers/bin/nvfortran 
Using F77 = /opt/nvidia/hpc_sdk/Linux_aarch64/25.5/compilers/bin/nvfortran 
Using F90 = /opt/nvidia/hpc_sdk/Linux_aarch64/25.5/compilers/bin/nvfortran 

Lmod is automatically replacing "gcc-native/14" with "gcc/14.2.0".

ghx4
0
Tuning combo id: 6 / 6
Offline replicate id: 59 / 99
Installing ke_drl from git: https://github.com/mehrdadmhmdi/ke-drl.git@main
Collecting git+https://github.com/mehrdadmhmdi/ke-drl.git@main
  Cloning https://github.com/mehrdadmhmdi/ke-drl.git (to revision main) to /tmp/pip-req-build-qhabmvtq
  Running command git clone --filter=blob:none --quiet https://github.com/mehrdadmhmdi/ke-drl.git /tmp/pip-req-build-qhabmvtq
  Resolved https://github.com/mehrdadmhmdi/ke-drl.git to commit 3c5d570e40ea15b1fbe4817b5f43b64c7b333e82
  Installing build dependencies: started
  Installing build dependencies: finished with status 'done'
  Getting requirements to build wheel: started
  Getting requirements to build wheel: finished with status 'done'
  Preparing metadata (pyproject.toml): started
  Preparing metadata (pyproject.toml): finished with status 'done'
Building wheels for collected packages: ke_drl
  Building wheel for ke_drl (pyproject.toml): started
  Building wheel for ke_drl (pyproject.toml): finished with status 'done'
  Created wheel for ke_drl: filename=ke_drl-0.1.0-py3-none-any.whl size=47219 sha256=7d9b1515f73eeaf6e356f18243ed0d8e1d51b4a3ca54291c047700282b70c63f
  Stored in directory: /tmp/pip-ephem-wheel-cache-48mqlz5s/wheels/24/47/ad/9a4ffd3b05d3e90e35ffc6e7324b735b8bfcf5f51aaf29a333
Successfully built ke_drl
Installing collected packages: ke_drl
Successfully installed ke_drl-0.1.0
Installed ke_drl source: /work/nvme/bfez/mehrdad3/DistRL/simulation_3/runs/sim3_global_2358722_6/.kedrl_site_659/ke_drl/__init__.py
Tuning combo 6: lambda_B_0.2
Overrides: {'lambda_B': 0.2}
RUN: /sw/user/python/miniforge3-pytorch-24.11.3/bin/python3 validate_sim_config.py --params params.yaml
ke_drl import source: /work/nvme/bfez/mehrdad3/DistRL/simulation_3/runs/sim3_global_2358722_6/.kedrl_site_659/ke_drl/__init__.py
ke_drl package API OK: prediction weights, RFF operators, rank diagnostics, and best-checkpoint optimizer available
Policy config OK: behavior=uniform, target=logistic, state_dim=5, action_dim=1
Note: policy.logistic.theta_scale/theta_std are log-scale coefficients in Probability_Densities.
Behavior-policy linearized state-process diagnostic: spectral_radius=0.653, offline_burn_in=50
Replicate config OK: num_replicates=100, benchmark points=10 independent of D_i, loss target points=100
Transition reduction OK: method=kmeans, raw rows N(T-1)=12000, target rows about 3000, B rows reduced from 12000 to about 3000
Return-operator approximation OK: method=rff, features=512, exact G avoided for estimated N=12000, m=800, L=100
Fixed benchmark config rows=4 (benchmark.num_points=10; additional points are support-safe target-policy draws if needed)
Fixed benchmark point 0: s_star=[0.6, -0.8, 0.7, -0.5, 0.9], a_star=[0.5]
Fixed benchmark behavior-support interval for configured rows: min_lower=-0.12, max_upper=1.11
Fixed benchmark target-policy location range: [-0.02, 0.14]
Reusing shared data from /work/nvme/bfez/mehrdad3/DistRL/simulation_3/runs/sim3_shared_data/data for offline replicate 59.
RUN: /sw/user/python/miniforge3-pytorch-24.11.3/bin/python3 validate_sim_config.py --params params.yaml --data data/offline_data_59.pt
ke_drl import source: /work/nvme/bfez/mehrdad3/DistRL/simulation_3/runs/sim3_global_2358722_6/.kedrl_site_659/ke_drl/__init__.py
ke_drl package API OK: prediction weights, RFF operators, rank diagnostics, and best-checkpoint optimizer available
Policy config OK: behavior=uniform, target=logistic, state_dim=5, action_dim=1
Note: policy.logistic.theta_scale/theta_std are log-scale coefficients in Probability_Densities.
Behavior-policy linearized state-process diagnostic: spectral_radius=0.653, offline_burn_in=50
Replicate config OK: num_replicates=100, benchmark points=10 independent of D_i, loss target points=100
Transition reduction OK: method=kmeans, raw rows N(T-1)=12000, target rows about 3000, B rows reduced from 12000 to about 3000
Return-operator approximation OK: method=rff, features=512, exact G avoided for estimated N=12000, m=800, L=100
Fixed benchmark config rows=4 (benchmark.num_points=10; additional points are support-safe target-policy draws if needed)
Fixed benchmark point 0: s_star=[0.6, -0.8, 0.7, -0.5, 0.9], a_star=[0.5]
Fixed benchmark behavior-support interval for configured rows: min_lower=-0.12, max_upper=1.11
Fixed benchmark target-policy location range: [-0.02, 0.14]
Full benchmark support check OK: 10 points, min_lower=-2.177, max_upper=2.05
observed behavior actions: mean=0.4086, sd=0.6755, q0/q10/q50/q90/q100=[-1.8555089235305786, -0.41869584918022157, 0.34953296184539795, 1.3166779041290284, 2.9204416275024414]
target-policy sampled actions: mean=-0.01344, sd=0.6643, q0/q10/q50/q90/q100=[-2.4078969585953556, -0.8645940820875367, -0.0023779079602851017, 0.8277600023746712, 2.356311592299395]
behavior uniform lower: mean=-0.1145, sd=0.6581, q0/q10/q50/q90/q100=[-2.548715877532959, -0.9628239780664445, -0.101686829328537, 0.723921554684639, 2.306552904844284]
behavior uniform upper: mean=0.9243, sd=0.6451, q0/q10/q50/q90/q100=[-1.0241283774375916, 0.0737344864010811, 0.9408643640577794, 1.7550240245461466, 3.306552904844284]
target location inside behavior uniform support: 0.968
RUN: /sw/user/python/miniforge3-pytorch-24.11.3/bin/python3 main_est.py
# ================================================================ #
#   Global KE-DRL estimation for one offline replicate              #
# ================================================================ #
Slurm Job ID: 2359479
Slurm Array ID: 59 -- used as the offline-replicate id
Offline data id: 59
ke_drl import source: /work/nvme/bfez/mehrdad3/DistRL/simulation_3/runs/sim3_global_2358722_6/.kedrl_site_659/ke_drl/__init__.py
Estimator device: cuda (NVIDIA GH200 120GB, capability 9.0); torch CUDA=13.0
Random seed: 20460571
Number of offline replicates: 100
[transition reduction] enabled: original rows=12000, target basis=3000, method=kmeans, device=cuda
[transition reduction] kmeans iter 1/20, mean center shift=2.7545e-01
[transition reduction] kmeans iter 5/20, mean center shift=5.5947e-03
[transition reduction] kmeans iter 10/20, mean center shift=7.3863e-05
[transition reduction] selected 3065 rows from 12000 transitions (ratio 0.2554); indices saved to data/reduced_transition_indices_59.pt
Data and parameters loaded.
offline path: data/offline_data_59.pt
benchmark true-Z path: data/Z_true.pt
offline shapes after reduction: s0=(3065, 5), a0=(3065, 1), r0=(3065, 3)
transition reduction: {'enabled': True, 'method': 'kmeans', 'original_rows': 12000, 'reduced_rows': 3065, 'selected_indices_path': 'data/reduced_transition_indices_59.pt', 'target_basis': 3000, 'compression_ratio': 0.2554166666666667}
fixed benchmark point source: fixed_config_plus_support_safe_target_policy_draws
benchmark row excluded from this offline data: None
global loss target set shape: s_star=(100, 5), a_star=(100, 1)
benchmark true-Z count=10, shape each=(50000, 3)
target policy: logistic
behavior policy: uniform
lambda_Gamma=0.005, lambda_B=0.2, d_r_method=song
dtype=torch.float32, operator_method=rff, operator_num_features=512
ridge_mode=rkhs, diagnostic_interval=50
mass_anchor_lambda=1.0, target_mass=1.0
uLSIF basis: source=numerator, n_basis=512, lambda_reg=0.005
optimizer stabilizers: lambda_neg=0.0, max_B_norm=None, eta_clip_min=0.0, eta_clip_max=5.0, normalize_eta=True
========================================
Estimating the global KE-DRL mean embedding
torch device=cuda, dtype=torch.float32
Data dims: N=3065, L=100, Ds=5, Da=1, Dr=3
lambda_Gamma=0.005, lambda_B=0.2
return-operator construction: method=rff, rff_features=512
[uLSIF] basis=512/3065 (numerator); eta_hat min=-6.488e-01 max=4.403e+00 neg%=3.33
ESS for eta_plus: 2211.9 / 3065
eta_plus diagnostics: raw_mean=1, raw_min=-0.649, raw_max=4.4; used_mean=1, used_min=0, used_max=4.37
[timing] Z-grid: 0.03s
[timing] K_X: 0.00s
[timing] K_plus: 0.00s
[timing] k_star: 0.00s
[timing] Gamma_stack: 0.01s
[timing] Phi_stack: 0.00s
[timing] RFF feature sample: 0.00s
[timing] K_Z RFF: 0.00s
[timing] G_stack RFF: 0.01s
[timing] H_stack RFF: 0.01s
findfont: Font family 'Nimbus Roman' not found.
findfont: Font family 'Nimbus Roman' not found.
findfont: Font family 'Nimbus Roman' not found.
findfont: Font family 'Nimbus Roman' not found.
findfont: Font family 'Nimbus Roman' not found.
findfont: Font family 'Nimbus Roman' not found.
findfont: Font family 'Nimbus Roman' not found.
findfont: Font family 'Nimbus Roman' not found.
findfont: Font family 'Nimbus Roman' not found.
findfont: Font family 'Nimbus Roman' not found.
findfont: Font family 'Nimbus Roman' not found.
findfont: Font family 'Nimbus Roman' not found.
findfont: Font family 'Nimbus Roman' not found.
findfont: Font family 'Nimbus Roman' not found.
findfont: Font family 'Nimbus Roman' not found.
findfont: Font family 'Nimbus Roman' not found.
findfont: Font family 'Nimbus Roman' not found.
findfont: Font family 'Nimbus Roman' not found.
findfont: Font family 'Nimbus Roman' not found.
findfont: Font family 'Nimbus Roman' not found.
findfont: Font family 'Nimbus Roman' not found.
findfont: Font family 'Nimbus Roman' not found.
findfont: Font family 'Nimbus Roman' not found.
findfont: Font family 'Nimbus Roman' not found.
findfont: Font family 'Nimbus Roman' not found.
findfont: Font family 'Nimbus Roman' not found.
findfont: Font family 'Nimbus Roman' not found.
findfont: Font family 'Nimbus Roman' not found.
findfont: Font family 'Nimbus Roman' not found.
findfont: Font family 'Nimbus Roman' not found.
findfont: Font family 'Nimbus Roman' not found.
findfont: Font family 'Nimbus Roman' not found.
findfont: Font family 'Nimbus Roman' not found.
findfont: Font family 'Nimbus Roman' not found.
findfont: Font family 'Nimbus Roman' not found.
findfont: Font family 'Nimbus Roman' not found.
findfont: Font family 'Nimbus Roman' not found.
findfont: Font family 'Nimbus Roman' not found.
findfont: Font family 'Nimbus Roman' not found.
findfont: Font family 'Nimbus Roman' not found.
findfont: Font family 'Nimbus Roman' not found.
findfont: Font family 'Nimbus Roman' not found.
findfont: Font family 'Nimbus Roman' not found.
findfont: Font family 'Nimbus Roman' not found.
findfont: Font family 'Nimbus Roman' not found.
findfont: Font family 'Nimbus Roman' not found.
findfont: Font family 'Nimbus Roman' not found.
findfont: Font family ['Nimbus Roman'] not found. Falling back to DejaVu Sans.
findfont: Font family 'Nimbus Roman' not found.
findfont: Font family ['Nimbus Roman'] not found. Falling back to DejaVu Sans.
findfont: Font family 'Nimbus Roman' not found.
findfont: Font family 'Nimbus Roman' not found.
findfont: Font family 'Nimbus Roman' not found.
findfont: Font family 'Nimbus Roman' not found.
findfont: Font family 'Nimbus Roman' not found.
findfont: Font family 'Nimbus Roman' not found.
findfont: Font family 'Nimbus Roman' not found.
findfont: Font family 'Nimbus Roman' not found.
findfont: Font family 'Nimbus Roman' not found.
findfont: Font family 'Nimbus Roman' not found.
findfont: Font family 'Nimbus Roman' not found.
findfont: Font family ['Nimbus Roman'] not found. Falling back to DejaVu Sans.
findfont: Font family 'Nimbus Roman' not found.
findfont: Font family 'Nimbus Roman' not found.
findfont: Font family 'Nimbus Roman' not found.
findfont: Font family 'Nimbus Roman' not found.
findfont: Font family 'Nimbus Roman' not found.
findfont: Font family 'Nimbus Roman' not found.
findfont: Font family 'Nimbus Roman' not found.
findfont: Font family 'Nimbus Roman' not found.
findfont: Font family 'Nimbus Roman' not found.
findfont: Font family 'Nimbus Roman' not found.
findfont: Font family 'Nimbus Roman' not found.
findfont: Font family 'Nimbus Roman' not found.
findfont: Font family 'Nimbus Roman' not found.
findfont: Font family 'Nimbus Roman' not found.
findfont: Font family 'Nimbus Roman' not found.
findfont: Font family 'Nimbus Roman' not found.
findfont: Font family 'Nimbus Roman' not found.
findfont: Font family 'Nimbus Roman' not found.
findfont: Font family 'Nimbus Roman' not found.
findfont: Font family 'Nimbus Roman' not found.
findfont: Font family 'Nimbus Roman' not found.
findfont: Font family 'Nimbus Roman' not found.
findfont: Font family 'Nimbus Roman' not found.
findfont: Font family 'Nimbus Roman' not found.
findfont: Font family 'Nimbus Roman' not found.
findfont: Font family 'Nimbus Roman' not found.
findfont: Font family 'Nimbus Roman' not found.
findfont: Font family 'Nimbus Roman' not found.
findfont: Font family 'Nimbus Roman' not found.
findfont: Font family 'Nimbus Roman' not found.
findfont: Font family 'Nimbus Roman' not found.
findfont: Font family 'Nimbus Roman' not found.
findfont: Font family 'Nimbus Roman' not found.
findfont: Font family 'Nimbus Roman' not found.
findfont: Font family 'Nimbus Roman' not found.
findfont: Font family 'Nimbus Roman' not found.
findfont: Font family 'Nimbus Roman' not found.
findfont: Font family 'Nimbus Roman' not found.
findfont: Font family 'Nimbus Roman' not found.
findfont: Font family 'Nimbus Roman' not found.
findfont: Font family 'Nimbus Roman' not found.
findfont: Font family 'Nimbus Roman' not found.
findfont: Font family 'Nimbus Roman' not found.
findfont: Font family 'Nimbus Roman' not found.
findfont: Font family 'Nimbus Roman' not found.
findfont: Font family 'Nimbus Roman' not found.
findfont: Font family 'Nimbus Roman' not found.
findfont: Font family 'Nimbus Roman' not found.
findfont: Font family 'Nimbus Roman' not found.
findfont: Font family 'Nimbus Roman' not found.
findfont: Font family 'Nimbus Roman' not found.
findfont: Font family 'Nimbus Roman' not found.
findfont: Font family 'Nimbus Roman' not found.
findfont: Font family 'Nimbus Roman' not found.
findfont: Font family 'Nimbus Roman' not found.
findfont: Font family 'Nimbus Roman' not found.
findfont: Font family 'Nimbus Roman' not found.
findfont: Font family 'Nimbus Roman' not found.
findfont: Font family 'Nimbus Roman' not found.
findfont: Font family 'Nimbus Roman' not found.
findfont: Font family 'Nimbus Roman' not found.
findfont: Font family 'Nimbus Roman' not found.
findfont: Font family 'Nimbus Roman' not found.
findfont: Font family 'Nimbus Roman' not found.
findfont: Font family 'Nimbus Roman' not found.
findfont: Font family 'Nimbus Roman' not found.
findfont: Font family 'Nimbus Roman' not found.
findfont: Font family 'Nimbus Roman' not found.
findfont: Font family 'Nimbus Roman' not found.
findfont: Font family 'Nimbus Roman' not found.
findfont: Font family 'Nimbus Roman' not found.
findfont: Font family 'Nimbus Roman' not found.
findfont: Font family 'Nimbus Roman' not found.
findfont: Font family 'Nimbus Roman' not found.
findfont: Font family 'Nimbus Roman' not found.
findfont: Font family 'Nimbus Roman' not found.
findfont: Font family 'Nimbus Roman' not found.
findfont: Font family 'Nimbus Roman' not found.
findfont: Font family 'Nimbus Roman' not found.
findfont: Font family 'Nimbus Roman' not found.
findfont: Font family 'Nimbus Roman' not found.
findfont: Font family 'Nimbus Roman' not found.
findfont: Font family 'Nimbus Roman' not found.
Ridge mode: rkhs; diagnostic interval: 50
Iter 1/4000 | log_obj=9.850e+00 | log_Bellman_root=3.512e+00 | mass=1.78e+04 | neg=0.00e+00 | grad=3.08e+02
Iter 400/4000 | log_obj=4.900e+00 | log_Bellman_root=1.020e+00 | mass=1.26e+02 | neg=0.00e+00 | grad=1.80e+04
Iter 800/4000 | log_obj=4.896e+00 | log_Bellman_root=1.019e+00 | mass=1.26e+02 | neg=0.00e+00 | grad=1.80e+04
Iter 1200/4000 | log_obj=-1.894e+00 | log_Bellman_root=-2.190e+00 | mass=8.72e-03 | neg=0.00e+00 | grad=3.82e+03
Iter 1600/4000 | log_obj=4.788e+00 | log_Bellman_root=9.645e-01 | mass=1.13e+02 | neg=0.00e+00 | grad=1.13e+03
Iter 2000/4000 | log_obj=5.012e+00 | log_Bellman_root=1.097e+00 | mass=1.41e+02 | neg=0.00e+00 | grad=2.03e+03
Iter 2400/4000 | log_obj=5.422e+00 | log_Bellman_root=1.300e+00 | mass=2.12e+02 | neg=0.00e+00 | grad=1.07e+04
Iter 2800/4000 | log_obj=5.340e+00 | log_Bellman_root=1.244e+00 | mass=1.96e+02 | neg=0.00e+00 | grad=5.37e+03
Iter 3200/4000 | log_obj=1.337e+00 | log_Bellman_root=-7.943e-01 | mass=3.53e+00 | neg=0.00e+00 | grad=6.30e+03
Iter 3600/4000 | log_obj=1.131e+00 | log_Bellman_root=-7.400e-01 | mass=2.80e+00 | neg=0.00e+00 | grad=6.38e+02
Iter 4000/4000 | log_obj=2.642e-01 | log_Bellman_root=-1.336e+00 | mass=1.17e+00 | neg=0.00e+00 | grad=1.41e+03
Returning best diagnostic checkpoint from step 1200 (objective=1.504e-01, Bellman=1.254e-02).
Done in 13.38s.
KE-DRL global estimation is done.
B_hat shape: (3065, 800)
B_hat rank diagnostics: {'B_num_rows': 3065, 'B_num_cols': 800, 'B_min_dim': 800, 'B_numerical_rank': 800, 'B_rank_fraction': 1.0, 'B_rank_tolerance': 3.006401009475468e-05, 'B_stable_rank': 351.6622009277344, 'B_effective_rank': 771.3129381308397, 'B_entropy_rank': 6.648094177246094, 'B_spectral_norm': 0.08228228241205215, 'B_frobenius_norm': 1.5430115461349487, 'B_nuclear_norm': 42.14949417114258, 'B_condition_number': 3.097426718189752, 'B_condition_number_tol': 3.097426718189752, 'B_smallest_singular_value': 0.026564722880721092, 'B_rank_rel_1em2': 800, 'B_rank_rel_1em3': 800, 'B_rank_rel_1em4': 800}
Global-loss target mass diagnostics: {'target_mass_mean': 0.9153138995170593, 'target_mass_min': 0.793694019317627, 'target_mass_max': 1.0003197193145752, 'target_mass_sd': 0.03960782289505005, 'target_mass_rmse_to_target': 0.09340685606002808, 'target_beta_min': -0.006150797475129366, 'target_beta_max': 0.019444052129983902, 'target_neg_frac_mean': 0.28835}
Return dictionary Z_grid shape: (800, 3)
Replicate 59 risk metrics: {'risk_n_steps_recorded': 81.0, 'risk_n_diagnostics_recorded': 81.0, 'risk_log_obj_initial': 9.850065451906818, 'risk_log_obj_final': 0.26418875700498234, 'risk_log_obj_min': -1.8944930456038294, 'risk_obj_initial': 18959.595703125004, 'risk_obj_final': 1.302374005317688, 'risk_obj_min': 0.15039455890655518, 'risk_log_obj_drop': 9.585876694901836, 'risk_log_bellman_root_initial': 3.5115714012097134, 'risk_log_bellman_root_final': -1.3364543894643548, 'risk_log_bellman_root_min': -2.1895113921424465, 'risk_bellman_root_initial': 33.500869750976555, 'risk_bellman_root_final': 0.262775719165802, 'risk_bellman_root_min': 0.11197144538164137, 'risk_bellman_initial': 1122.3082740718962, 'risk_bellman_final': 0.06905107858310444, 'risk_bellman_min': 0.012537604580853897, 'risk_log_bellman_root_drop': 4.848025790674068, 'risk_bellman_returned': 0.012537605129182339, 'risk_obj_returned': 0.15039455890655518, 'risk_returned_step': 1200.0, 'offline_data_id': 59, 'benchmark_point_source': 'fixed_config_plus_support_safe_target_policy_draws', 'target_set_size': 100, 'lambda_reg': 0.005, 'lambda_B': 0.2, 'num_steps': 4000, 'transition_reduction_enabled': 1, 'transition_reduction_method': 'kmeans', 'transition_original_rows': 12000, 'transition_reduced_rows': 3065, 'transition_compression_ratio': 0.2554166666666667, 'target_mass_mean': 0.9153138995170593, 'target_mass_min': 0.793694019317627, 'target_mass_max': 1.0003197193145752, 'target_mass_sd': 0.03960782289505005, 'target_mass_rmse_to_target': 0.09340685606002808, 'target_beta_min': -0.006150797475129366, 'target_beta_max': 0.019444052129983902, 'target_neg_frac_mean': 0.28835, 'B_num_rows': 3065, 'B_num_cols': 800, 'B_min_dim': 800, 'B_numerical_rank': 800, 'B_rank_fraction': 1.0, 'B_rank_tolerance': 3.006401009475468e-05, 'B_stable_rank': 351.6622009277344, 'B_effective_rank': 771.3129381308397, 'B_entropy_rank': 6.648094177246094, 'B_spectral_norm': 0.08228228241205215, 'B_frobenius_norm': 1.5430115461349487, 'B_nuclear_norm': 42.14949417114258, 'B_condition_number': 3.097426718189752, 'B_condition_number_tol': 3.097426718189752, 'B_smallest_singular_value': 0.026564722880721092, 'B_rank_rel_1em2': 800, 'B_rank_rel_1em3': 800, 'B_rank_rel_1em4': 800, 'risk_objective_final_raw': 1.302374005317688, 'risk_objective_min_raw': 0.15039455890655518, 'risk_objective_max_raw': 18959.595703125, 'risk_bellman_final_raw': 0.06905107945203781, 'risk_bellman_min_raw': 0.012537605129182339, 'risk_bellman_max_raw': 1122.3082275390625, 'risk_rkhs_ridge_final_raw': 0.06219349056482315, 'risk_rkhs_ridge_min_raw': 0.06219349056482315, 'risk_rkhs_ridge_max_raw': 23.407073974609375, 'risk_mass_final_raw': 1.1711294651031494, 'risk_mass_min_raw': 0.008724840357899666, 'risk_mass_max_raw': 17813.880859375, 'risk_negativity_final_raw': 0.0, 'risk_negativity_min_raw': 0.0, 'risk_negativity_max_raw': 0.0, 'risk_B_norm_final_raw': 1.507386326789856, 'risk_B_norm_min_raw': 1.507386326789856, 'risk_B_norm_max_raw': 1.6355232000350952, 'risk_diagnostic_step_final_raw': 4000.0, 'risk_diagnostic_step_min_raw': 1.0, 'risk_diagnostic_step_max_raw': 4000.0, 'risk_best_step_final_raw': 1200.0, 'risk_best_step_min_raw': 1200.0, 'risk_best_step_max_raw': 1200.0, 'risk_best_objective_final_raw': 0.15039455890655518, 'risk_best_objective_min_raw': 0.15039455890655518, 'risk_best_objective_max_raw': 0.15039455890655518, 'risk_best_bellman_final_raw': 0.012537605129182339, 'risk_best_bellman_min_raw': 0.012537605129182339, 'risk_best_bellman_max_raw': 0.012537605129182339, 'risk_returned_step_final_raw': 1200.0, 'risk_returned_step_min_raw': 1200.0, 'risk_returned_step_max_raw': 1200.0, 'risk_returned_objective_final_raw': 0.15039455890655518, 'risk_returned_objective_min_raw': 0.15039455890655518, 'risk_returned_objective_max_raw': 0.15039455890655518, 'risk_returned_bellman_final_raw': 0.012537605129182339, 'risk_returned_bellman_min_raw': 0.012537605129182339, 'risk_returned_bellman_max_raw': 0.012537605129182339, 'risk_returned_best_checkpoint_final_raw': 1.0, 'risk_returned_best_checkpoint_min_raw': 1.0, 'risk_returned_best_checkpoint_max_raw': 1.0}
Benchmark 0 evaluation grid shape: (800, 3)
Replicate 59, benchmark 0 metrics: {'run_id': '59_b0', 'RMSE': 0.10237988592376612, 'MAE': 0.0864149399521557, 'SupNorm': 0.20218108594417572, 'Bias': -0.07191638760508795, 'Corr': 0.6933545858785057, 'deming_slope': 0.9296033152127866, 'deming_intercept': -0.05345701843024084, 'beta_sum': 0.8030077219009399, 'beta_l1': 1.3229877948760986, 'beta_l2': 0.06006268039345741, 'beta_min': -0.004139882978051901, 'beta_max': 0.008078119717538357, 'beta_neg_frac': 0.30875, 'offline_data_id': 59, 'benchmark_id': 0, 'benchmark_point_source': 'fixed_config', 'target_set_size': 100, 'benchmark_z_path': 'data/Z_true.pt', 'projected_bellman_test_risk': 0.017036957666277885, 'oracle_embedding_risk': 0.8058063387870789, 'benchmark_embedding_risk': 0.8058063387870789, 'risk_bellman_final': 0.06905107858310444, 'risk_obj_final': 1.302374005317688, 'B_num_rows': 3065, 'B_num_cols': 800, 'B_min_dim': 800, 'B_numerical_rank': 800, 'B_rank_fraction': 1.0, 'B_rank_tolerance': 3.006401009475468e-05, 'B_stable_rank': 351.6622009277344, 'B_effective_rank': 771.3129381308397, 'B_entropy_rank': 6.648094177246094, 'B_spectral_norm': 0.08228228241205215, 'B_frobenius_norm': 1.5430115461349487, 'B_nuclear_norm': 42.14949417114258, 'B_condition_number': 3.097426718189752, 'B_condition_number_tol': 3.097426718189752, 'B_smallest_singular_value': 0.026564722880721092, 'B_rank_rel_1em2': 800, 'B_rank_rel_1em3': 800, 'B_rank_rel_1em4': 800}
Saved ./mu/mu_hat.csv shape=(800,)
Saved ./mu/mu2D_hat_dims01.csv shape=(120, 120)
Saved ./mu/mu2D_hat_dims01.csv shape=(120, 120)
Saved plots/replicate_59/mu_3D.png
Benchmark 1 evaluation grid shape: (800, 3)
Replicate 59, benchmark 1 metrics: {'run_id': '59_b1', 'RMSE': 0.03483539532371433, 'MAE': 0.02972243229596643, 'SupNorm': 0.07304343581199646, 'Bias': -0.028946993450808804, 'Corr': 0.9795851151553122, 'deming_slope': 0.9555156297457734, 'deming_intercept': -0.01735729005826181, 'beta_sum': 0.844913125038147, 'beta_l1': 1.169572353363037, 'beta_l2': 0.05271337553858757, 'beta_min': -0.0030762245878577232, 'beta_max': 0.007207268849015236, 'beta_neg_frac': 0.23625, 'offline_data_id': 59, 'benchmark_id': 1, 'benchmark_point_source': 'fixed_config', 'target_set_size': 100, 'benchmark_z_path': 'data/Z_true.pt', 'projected_bellman_test_risk': 0.0038125000428408384, 'oracle_embedding_risk': 0.7467988729476929, 'benchmark_embedding_risk': 0.7467988729476929, 'risk_bellman_final': 0.06905107858310444, 'risk_obj_final': 1.302374005317688, 'B_num_rows': 3065, 'B_num_cols': 800, 'B_min_dim': 800, 'B_numerical_rank': 800, 'B_rank_fraction': 1.0, 'B_rank_tolerance': 3.006401009475468e-05, 'B_stable_rank': 351.6622009277344, 'B_effective_rank': 771.3129381308397, 'B_entropy_rank': 6.648094177246094, 'B_spectral_norm': 0.08228228241205215, 'B_frobenius_norm': 1.5430115461349487, 'B_nuclear_norm': 42.14949417114258, 'B_condition_number': 3.097426718189752, 'B_condition_number_tol': 3.097426718189752, 'B_smallest_singular_value': 0.026564722880721092, 'B_rank_rel_1em2': 800, 'B_rank_rel_1em3': 800, 'B_rank_rel_1em4': 800}
Benchmark 2 evaluation grid shape: (800, 3)
Replicate 59, benchmark 2 metrics: {'run_id': '59_b2', 'RMSE': 0.030778101888989065, 'MAE': 0.023803752894164063, 'SupNorm': 0.07744161784648895, 'Bias': -0.014643401466892102, 'Corr': 0.9599322332154139, 'deming_slope': 1.0426200005589028, 'deming_intercept': -0.026066993017401008, 'beta_sum': 0.9015896320343018, 'beta_l1': 1.1534384489059448, 'beta_l2': 0.05270989239215851, 'beta_min': -0.003509184345602989, 'beta_max': 0.006254727020859718, 'beta_neg_frac': 0.2175, 'offline_data_id': 59, 'benchmark_id': 2, 'benchmark_point_source': 'fixed_config', 'target_set_size': 100, 'benchmark_z_path': 'data/Z_true.pt', 'projected_bellman_test_risk': 0.0044245412573218346, 'oracle_embedding_risk': 0.745598554611206, 'benchmark_embedding_risk': 0.745598554611206, 'risk_bellman_final': 0.06905107858310444, 'risk_obj_final': 1.302374005317688, 'B_num_rows': 3065, 'B_num_cols': 800, 'B_min_dim': 800, 'B_numerical_rank': 800, 'B_rank_fraction': 1.0, 'B_rank_tolerance': 3.006401009475468e-05, 'B_stable_rank': 351.6622009277344, 'B_effective_rank': 771.3129381308397, 'B_entropy_rank': 6.648094177246094, 'B_spectral_norm': 0.08228228241205215, 'B_frobenius_norm': 1.5430115461349487, 'B_nuclear_norm': 42.14949417114258, 'B_condition_number': 3.097426718189752, 'B_condition_number_tol': 3.097426718189752, 'B_smallest_singular_value': 0.026564722880721092, 'B_rank_rel_1em2': 800, 'B_rank_rel_1em3': 800, 'B_rank_rel_1em4': 800}
Benchmark 3 evaluation grid shape: (800, 3)
Replicate 59, benchmark 3 metrics: {'run_id': '59_b3', 'RMSE': 0.030472845211229, 'MAE': 0.026058505686814896, 'SupNorm': 0.06437885761260986, 'Bias': -0.023502046069479546, 'Corr': 0.9790772056632819, 'deming_slope': 0.9865998911866709, 'deming_intercept': -0.02002806725955658, 'beta_sum': 0.8670468926429749, 'beta_l1': 1.1935405731201172, 'beta_l2': 0.053663164377212524, 'beta_min': -0.0028126235119998455, 'beta_max': 0.006297384388744831, 'beta_neg_frac': 0.245, 'offline_data_id': 59, 'benchmark_id': 3, 'benchmark_point_source': 'fixed_config', 'target_set_size': 100, 'benchmark_z_path': 'data/Z_true.pt', 'projected_bellman_test_risk': 0.0051006730645895, 'oracle_embedding_risk': 0.7463148236274719, 'benchmark_embedding_risk': 0.7463148236274719, 'risk_bellman_final': 0.06905107858310444, 'risk_obj_final': 1.302374005317688, 'B_num_rows': 3065, 'B_num_cols': 800, 'B_min_dim': 800, 'B_numerical_rank': 800, 'B_rank_fraction': 1.0, 'B_rank_tolerance': 3.006401009475468e-05, 'B_stable_rank': 351.6622009277344, 'B_effective_rank': 771.3129381308397, 'B_entropy_rank': 6.648094177246094, 'B_spectral_norm': 0.08228228241205215, 'B_frobenius_norm': 1.5430115461349487, 'B_nuclear_norm': 42.14949417114258, 'B_condition_number': 3.097426718189752, 'B_condition_number_tol': 3.097426718189752, 'B_smallest_singular_value': 0.026564722880721092, 'B_rank_rel_1em2': 800, 'B_rank_rel_1em3': 800, 'B_rank_rel_1em4': 800}
Benchmark 4 evaluation grid shape: (800, 3)
Replicate 59, benchmark 4 metrics: {'run_id': '59_b4', 'RMSE': 0.13768395991393345, 'MAE': 0.11991031722571278, 'SupNorm': 0.2537672892212868, 'Bias': -0.09050768558807248, 'Corr': 0.44822947599099094, 'deming_slope': 1.2030561437456035, 'deming_intercept': -0.14464340454960922, 'beta_sum': 0.9489989280700684, 'beta_l1': 1.3475074768066406, 'beta_l2': 0.06545524299144745, 'beta_min': -0.0030889413319528103, 'beta_max': 0.011431844905018806, 'beta_neg_frac': 0.27875, 'offline_data_id': 59, 'benchmark_id': 4, 'benchmark_point_source': 'support_safe_target_policy_draw', 'target_set_size': 100, 'benchmark_z_path': 'data/Z_true.pt', 'projected_bellman_test_risk': 0.014459412544965744, 'oracle_embedding_risk': 0.8809252977371216, 'benchmark_embedding_risk': 0.8809252977371216, 'risk_bellman_final': 0.06905107858310444, 'risk_obj_final': 1.302374005317688, 'B_num_rows': 3065, 'B_num_cols': 800, 'B_min_dim': 800, 'B_numerical_rank': 800, 'B_rank_fraction': 1.0, 'B_rank_tolerance': 3.006401009475468e-05, 'B_stable_rank': 351.6622009277344, 'B_effective_rank': 771.3129381308397, 'B_entropy_rank': 6.648094177246094, 'B_spectral_norm': 0.08228228241205215, 'B_frobenius_norm': 1.5430115461349487, 'B_nuclear_norm': 42.14949417114258, 'B_condition_number': 3.097426718189752, 'B_condition_number_tol': 3.097426718189752, 'B_smallest_singular_value': 0.026564722880721092, 'B_rank_rel_1em2': 800, 'B_rank_rel_1em3': 800, 'B_rank_rel_1em4': 800}
Benchmark 5 evaluation grid shape: (800, 3)
Replicate 59, benchmark 5 metrics: {'run_id': '59_b5', 'RMSE': 0.2520817627299054, 'MAE': 0.2352881897640168, 'SupNorm': 0.4017819818109274, 'Bias': -0.2352556377652786, 'Corr': 0.25370705644094127, 'deming_slope': 0.04235663509591738, 'deming_intercept': 0.010843963536824684, 'beta_sum': 0.1807544231414795, 'beta_l1': 0.381971150636673, 'beta_l2': 0.0168902650475502, 'beta_min': -0.0016528078122064471, 'beta_max': 0.00200764462351799, 'beta_neg_frac': 0.3425, 'offline_data_id': 59, 'benchmark_id': 5, 'benchmark_point_source': 'support_safe_target_policy_draw', 'target_set_size': 100, 'benchmark_z_path': 'data/Z_true.pt', 'projected_bellman_test_risk': 0.0012151147238910198, 'oracle_embedding_risk': 0.9629340171813965, 'benchmark_embedding_risk': 0.9629340171813965, 'risk_bellman_final': 0.06905107858310444, 'risk_obj_final': 1.302374005317688, 'B_num_rows': 3065, 'B_num_cols': 800, 'B_min_dim': 800, 'B_numerical_rank': 800, 'B_rank_fraction': 1.0, 'B_rank_tolerance': 3.006401009475468e-05, 'B_stable_rank': 351.6622009277344, 'B_effective_rank': 771.3129381308397, 'B_entropy_rank': 6.648094177246094, 'B_spectral_norm': 0.08228228241205215, 'B_frobenius_norm': 1.5430115461349487, 'B_nuclear_norm': 42.14949417114258, 'B_condition_number': 3.097426718189752, 'B_condition_number_tol': 3.097426718189752, 'B_smallest_singular_value': 0.026564722880721092, 'B_rank_rel_1em2': 800, 'B_rank_rel_1em3': 800, 'B_rank_rel_1em4': 800}
Benchmark 6 evaluation grid shape: (800, 3)
Replicate 59, benchmark 6 metrics: {'run_id': '59_b6', 'RMSE': 0.06692137549771496, 'MAE': 0.055642900192760865, 'SupNorm': 0.14463454484939575, 'Bias': -0.034916865287232215, 'Corr': 0.8302398082905716, 'deming_slope': 1.0577056537428668, 'deming_intercept': -0.050150649426572685, 'beta_sum': 0.8715699315071106, 'beta_l1': 1.2984800338745117, 'beta_l2': 0.058982040733098984, 'beta_min': -0.003744751214981079, 'beta_max': 0.00787423923611641, 'beta_neg_frac': 0.27375, 'offline_data_id': 59, 'benchmark_id': 6, 'benchmark_point_source': 'support_safe_target_policy_draw', 'target_set_size': 100, 'benchmark_z_path': 'data/Z_true.pt', 'projected_bellman_test_risk': 0.005325598642230034, 'oracle_embedding_risk': 0.7741743326187134, 'benchmark_embedding_risk': 0.7741743326187134, 'risk_bellman_final': 0.06905107858310444, 'risk_obj_final': 1.302374005317688, 'B_num_rows': 3065, 'B_num_cols': 800, 'B_min_dim': 800, 'B_numerical_rank': 800, 'B_rank_fraction': 1.0, 'B_rank_tolerance': 3.006401009475468e-05, 'B_stable_rank': 351.6622009277344, 'B_effective_rank': 771.3129381308397, 'B_entropy_rank': 6.648094177246094, 'B_spectral_norm': 0.08228228241205215, 'B_frobenius_norm': 1.5430115461349487, 'B_nuclear_norm': 42.14949417114258, 'B_condition_number': 3.097426718189752, 'B_condition_number_tol': 3.097426718189752, 'B_smallest_singular_value': 0.026564722880721092, 'B_rank_rel_1em2': 800, 'B_rank_rel_1em3': 800, 'B_rank_rel_1em4': 800}
Benchmark 7 evaluation grid shape: (800, 3)
Replicate 59, benchmark 7 metrics: {'run_id': '59_b7', 'RMSE': 0.05991669719392754, 'MAE': 0.04851686057227198, 'SupNorm': 0.12838678061962128, 'Bias': -0.04009831152914558, 'Corr': 0.8814145632543188, 'deming_slope': 0.9482248993508676, 'deming_intercept': -0.0265598894176097, 'beta_sum': 0.8890758752822876, 'beta_l1': 1.4162938594818115, 'beta_l2': 0.07020094245672226, 'beta_min': -0.003586005652323365, 'beta_max': 0.014410595409572124, 'beta_neg_frac': 0.31, 'offline_data_id': 59, 'benchmark_id': 7, 'benchmark_point_source': 'support_safe_target_policy_draw', 'target_set_size': 100, 'benchmark_z_path': 'data/Z_true.pt', 'projected_bellman_test_risk': 0.010366142727434635, 'oracle_embedding_risk': 0.7673094272613525, 'benchmark_embedding_risk': 0.7673094272613525, 'risk_bellman_final': 0.06905107858310444, 'risk_obj_final': 1.302374005317688, 'B_num_rows': 3065, 'B_num_cols': 800, 'B_min_dim': 800, 'B_numerical_rank': 800, 'B_rank_fraction': 1.0, 'B_rank_tolerance': 3.006401009475468e-05, 'B_stable_rank': 351.6622009277344, 'B_effective_rank': 771.3129381308397, 'B_entropy_rank': 6.648094177246094, 'B_spectral_norm': 0.08228228241205215, 'B_frobenius_norm': 1.5430115461349487, 'B_nuclear_norm': 42.14949417114258, 'B_condition_number': 3.097426718189752, 'B_condition_number_tol': 3.097426718189752, 'B_smallest_singular_value': 0.026564722880721092, 'B_rank_rel_1em2': 800, 'B_rank_rel_1em3': 800, 'B_rank_rel_1em4': 800}
Benchmark 8 evaluation grid shape: (800, 3)
Replicate 59, benchmark 8 metrics: {'run_id': '59_b8', 'RMSE': 0.12366165555167075, 'MAE': 0.1105154713356751, 'SupNorm': 0.21221482753753662, 'Bias': -0.10967411790246842, 'Corr': 0.82303201765352, 'deming_slope': 0.6248050637424143, 'deming_intercept': -0.011938019871045064, 'beta_sum': 0.6001148819923401, 'beta_l1': 1.0640138387680054, 'beta_l2': 0.047387152910232544, 'beta_min': -0.003487690817564726, 'beta_max': 0.005554648116230965, 'beta_neg_frac': 0.2975, 'offline_data_id': 59, 'benchmark_id': 8, 'benchmark_point_source': 'support_safe_target_policy_draw', 'target_set_size': 100, 'benchmark_z_path': 'data/Z_true.pt', 'projected_bellman_test_risk': 0.012061264365911484, 'oracle_embedding_risk': 0.8015750646591187, 'benchmark_embedding_risk': 0.8015750646591187, 'risk_bellman_final': 0.06905107858310444, 'risk_obj_final': 1.302374005317688, 'B_num_rows': 3065, 'B_num_cols': 800, 'B_min_dim': 800, 'B_numerical_rank': 800, 'B_rank_fraction': 1.0, 'B_rank_tolerance': 3.006401009475468e-05, 'B_stable_rank': 351.6622009277344, 'B_effective_rank': 771.3129381308397, 'B_entropy_rank': 6.648094177246094, 'B_spectral_norm': 0.08228228241205215, 'B_frobenius_norm': 1.5430115461349487, 'B_nuclear_norm': 42.14949417114258, 'B_condition_number': 3.097426718189752, 'B_condition_number_tol': 3.097426718189752, 'B_smallest_singular_value': 0.026564722880721092, 'B_rank_rel_1em2': 800, 'B_rank_rel_1em3': 800, 'B_rank_rel_1em4': 800}
Benchmark 9 evaluation grid shape: (800, 3)
Replicate 59, benchmark 9 metrics: {'run_id': '59_b9', 'RMSE': 0.0471847143678918, 'MAE': 0.03856098779884633, 'SupNorm': 0.10006076097488403, 'Bias': -0.029329816558747553, 'Corr': 0.9226665004071606, 'deming_slope': 0.9553106120624789, 'deming_intercept': -0.01745293251530433, 'beta_sum': 0.9359872341156006, 'beta_l1': 1.4435334205627441, 'beta_l2': 0.06801669299602509, 'beta_min': -0.004126604180783033, 'beta_max': 0.011094405315816402, 'beta_neg_frac': 0.30625, 'offline_data_id': 59, 'benchmark_id': 9, 'benchmark_point_source': 'support_safe_target_policy_draw', 'target_set_size': 100, 'benchmark_z_path': 'data/Z_true.pt', 'projected_bellman_test_risk': 0.0036852250341326, 'oracle_embedding_risk': 0.7555464506149292, 'benchmark_embedding_risk': 0.7555464506149292, 'risk_bellman_final': 0.06905107858310444, 'risk_obj_final': 1.302374005317688, 'B_num_rows': 3065, 'B_num_cols': 800, 'B_min_dim': 800, 'B_numerical_rank': 800, 'B_rank_fraction': 1.0, 'B_rank_tolerance': 3.006401009475468e-05, 'B_stable_rank': 351.6622009277344, 'B_effective_rank': 771.3129381308397, 'B_entropy_rank': 6.648094177246094, 'B_spectral_norm': 0.08228228241205215, 'B_frobenius_norm': 1.5430115461349487, 'B_nuclear_norm': 42.14949417114258, 'B_condition_number': 3.097426718189752, 'B_condition_number_tol': 3.097426718189752, 'B_smallest_singular_value': 0.026564722880721092, 'B_rank_rel_1em2': 800, 'B_rank_rel_1em3': 800, 'B_rank_rel_1em4': 800}
Replicate 59 finished in 23.4s
Finished combo 6, offline replicate 59.
