Job ID:    2359108
Array idx: 318
CPUs/node: 64
Mem/node:  131072
Using CC = cc 
Using CXX = CC 
Using FC = ftn 
Using F77 = ftn 
Using F90 = ftn 
cuda/12.6.1 is deprecated; loading cudatoolkit/25.5_12.9 instead.
Using CC = /opt/nvidia/hpc_sdk/Linux_aarch64/25.5/compilers/bin/nvc 
Using CXX = /opt/nvidia/hpc_sdk/Linux_aarch64/25.5/compilers/bin/nvc++ 
Using FC = /opt/nvidia/hpc_sdk/Linux_aarch64/25.5/compilers/bin/nvfortran 
Using F77 = /opt/nvidia/hpc_sdk/Linux_aarch64/25.5/compilers/bin/nvfortran 
Using F90 = /opt/nvidia/hpc_sdk/Linux_aarch64/25.5/compilers/bin/nvfortran 
Using CC = /opt/nvidia/hpc_sdk/Linux_aarch64/25.5/compilers/bin/nvc 
Using CXX = /opt/nvidia/hpc_sdk/Linux_aarch64/25.5/compilers/bin/nvc++ 
Using FC = /opt/nvidia/hpc_sdk/Linux_aarch64/25.5/compilers/bin/nvfortran 
Using F77 = /opt/nvidia/hpc_sdk/Linux_aarch64/25.5/compilers/bin/nvfortran 
Using F90 = /opt/nvidia/hpc_sdk/Linux_aarch64/25.5/compilers/bin/nvfortran 

Lmod is automatically replacing "gcc-native/14" with "gcc/14.2.0".

ghx4
0
Tuning combo id: 3 / 6
Offline replicate id: 18 / 99
Installing ke_drl from git: https://github.com/mehrdadmhmdi/ke-drl.git@main
Collecting git+https://github.com/mehrdadmhmdi/ke-drl.git@main
  Cloning https://github.com/mehrdadmhmdi/ke-drl.git (to revision main) to /tmp/pip-req-build-y3wwrah_
  Running command git clone --filter=blob:none --quiet https://github.com/mehrdadmhmdi/ke-drl.git /tmp/pip-req-build-y3wwrah_
  Resolved https://github.com/mehrdadmhmdi/ke-drl.git to commit 3c5d570e40ea15b1fbe4817b5f43b64c7b333e82
  Installing build dependencies: started
  Installing build dependencies: finished with status 'done'
  Getting requirements to build wheel: started
  Getting requirements to build wheel: finished with status 'done'
  Preparing metadata (pyproject.toml): started
  Preparing metadata (pyproject.toml): finished with status 'done'
Building wheels for collected packages: ke_drl
  Building wheel for ke_drl (pyproject.toml): started
  Building wheel for ke_drl (pyproject.toml): finished with status 'done'
  Created wheel for ke_drl: filename=ke_drl-0.1.0-py3-none-any.whl size=47219 sha256=79b1e0ae2d02e84a2f12fbd0e7d440f8a4c4d2582c4525e694606b4a47cc4a65
  Stored in directory: /tmp/pip-ephem-wheel-cache-t9ehzmij/wheels/24/47/ad/9a4ffd3b05d3e90e35ffc6e7324b735b8bfcf5f51aaf29a333
Successfully built ke_drl
Installing collected packages: ke_drl
Successfully installed ke_drl-0.1.0
Installed ke_drl source: /work/nvme/bfez/mehrdad3/DistRL/simulation_3/runs/sim3_global_2358722_3/.kedrl_site_318/ke_drl/__init__.py
Tuning combo 3: kernel_nu_7.5
Overrides: {'kernel': {'nu': 7.5}}
RUN: /sw/user/python/miniforge3-pytorch-24.11.3/bin/python3 validate_sim_config.py --params params.yaml
ke_drl import source: /work/nvme/bfez/mehrdad3/DistRL/simulation_3/runs/sim3_global_2358722_3/.kedrl_site_318/ke_drl/__init__.py
ke_drl package API OK: prediction weights, RFF operators, rank diagnostics, and best-checkpoint optimizer available
Policy config OK: behavior=uniform, target=logistic, state_dim=5, action_dim=1
Note: policy.logistic.theta_scale/theta_std are log-scale coefficients in Probability_Densities.
Behavior-policy linearized state-process diagnostic: spectral_radius=0.653, offline_burn_in=50
Replicate config OK: num_replicates=100, benchmark points=10 independent of D_i, loss target points=100
Transition reduction OK: method=kmeans, raw rows N(T-1)=12000, target rows about 3000, B rows reduced from 12000 to about 3000
Return-operator approximation OK: method=rff, features=512, exact G avoided for estimated N=12000, m=800, L=100
Fixed benchmark config rows=4 (benchmark.num_points=10; additional points are support-safe target-policy draws if needed)
Fixed benchmark point 0: s_star=[0.6, -0.8, 0.7, -0.5, 0.9], a_star=[0.5]
Fixed benchmark behavior-support interval for configured rows: min_lower=-0.12, max_upper=1.11
Fixed benchmark target-policy location range: [-0.02, 0.14]
Reusing shared data from /work/nvme/bfez/mehrdad3/DistRL/simulation_3/runs/sim3_shared_data/data for offline replicate 18.
RUN: /sw/user/python/miniforge3-pytorch-24.11.3/bin/python3 validate_sim_config.py --params params.yaml --data data/offline_data_18.pt
ke_drl import source: /work/nvme/bfez/mehrdad3/DistRL/simulation_3/runs/sim3_global_2358722_3/.kedrl_site_318/ke_drl/__init__.py
ke_drl package API OK: prediction weights, RFF operators, rank diagnostics, and best-checkpoint optimizer available
Policy config OK: behavior=uniform, target=logistic, state_dim=5, action_dim=1
Note: policy.logistic.theta_scale/theta_std are log-scale coefficients in Probability_Densities.
Behavior-policy linearized state-process diagnostic: spectral_radius=0.653, offline_burn_in=50
Replicate config OK: num_replicates=100, benchmark points=10 independent of D_i, loss target points=100
Transition reduction OK: method=kmeans, raw rows N(T-1)=12000, target rows about 3000, B rows reduced from 12000 to about 3000
Return-operator approximation OK: method=rff, features=512, exact G avoided for estimated N=12000, m=800, L=100
Fixed benchmark config rows=4 (benchmark.num_points=10; additional points are support-safe target-policy draws if needed)
Fixed benchmark point 0: s_star=[0.6, -0.8, 0.7, -0.5, 0.9], a_star=[0.5]
Fixed benchmark behavior-support interval for configured rows: min_lower=-0.12, max_upper=1.11
Fixed benchmark target-policy location range: [-0.02, 0.14]
Full benchmark support check OK: 10 points, min_lower=-2.177, max_upper=2.05
observed behavior actions: mean=0.41, sd=0.6838, q0/q10/q50/q90/q100=[-2.253974437713623, -0.41386557221412656, 0.3525446057319641, 1.3264019250869752, 3.866774082183838]
target-policy sampled actions: mean=-0.01701, sd=0.6739, q0/q10/q50/q90/q100=[-2.8209758180149964, -0.875732689520426, -0.008998731365020522, 0.8416674677753407, 3.517747500441982]
behavior uniform lower: mean=-0.1172, sd=0.6664, q0/q10/q50/q90/q100=[-2.9061290204524997, -0.9683680105209351, -0.10851638615131376, 0.7245350623130798, 3.4421208277344704]
behavior uniform upper: mean=0.9353, sd=0.6476, q0/q10/q50/q90/q100=[-0.927612942457199, 0.0769173633307219, 0.9452036842703819, 1.7718187367916107, 4.44212082773447]
target location inside behavior uniform support: 0.967
RUN: /sw/user/python/miniforge3-pytorch-24.11.3/bin/python3 main_est.py
# ================================================================ #
#   Global KE-DRL estimation for one offline replicate              #
# ================================================================ #
Slurm Job ID: 2359108
Slurm Array ID: 18 -- used as the offline-replicate id
Offline data id: 18
ke_drl import source: /work/nvme/bfez/mehrdad3/DistRL/simulation_3/runs/sim3_global_2358722_3/.kedrl_site_318/ke_drl/__init__.py
Estimator device: cuda (NVIDIA GH200 120GB, capability 9.0); torch CUDA=13.0
Random seed: 20460530
Number of offline replicates: 100
[transition reduction] enabled: original rows=12000, target basis=3000, method=kmeans, device=cuda
[transition reduction] kmeans iter 1/20, mean center shift=2.7370e-01
[transition reduction] kmeans iter 5/20, mean center shift=3.0487e-03
[transition reduction] selected 3093 rows from 12000 transitions (ratio 0.2577); indices saved to data/reduced_transition_indices_18.pt
Data and parameters loaded.
offline path: data/offline_data_18.pt
benchmark true-Z path: data/Z_true.pt
offline shapes after reduction: s0=(3093, 5), a0=(3093, 1), r0=(3093, 3)
transition reduction: {'enabled': True, 'method': 'kmeans', 'original_rows': 12000, 'reduced_rows': 3093, 'selected_indices_path': 'data/reduced_transition_indices_18.pt', 'target_basis': 3000, 'compression_ratio': 0.25775}
fixed benchmark point source: fixed_config_plus_support_safe_target_policy_draws
benchmark row excluded from this offline data: None
global loss target set shape: s_star=(100, 5), a_star=(100, 1)
benchmark true-Z count=10, shape each=(50000, 3)
target policy: logistic
behavior policy: uniform
lambda_Gamma=0.005, lambda_B=0.02, d_r_method=song
dtype=torch.float32, operator_method=rff, operator_num_features=512
ridge_mode=rkhs, diagnostic_interval=50
mass_anchor_lambda=1.0, target_mass=1.0
uLSIF basis: source=numerator, n_basis=512, lambda_reg=0.005
optimizer stabilizers: lambda_neg=0.0, max_B_norm=None, eta_clip_min=0.0, eta_clip_max=5.0, normalize_eta=True
========================================
Estimating the global KE-DRL mean embedding
torch device=cuda, dtype=torch.float32
Data dims: N=3093, L=100, Ds=5, Da=1, Dr=3
lambda_Gamma=0.005, lambda_B=0.02
return-operator construction: method=rff, rff_features=512
[uLSIF] basis=512/3093 (numerator); eta_hat min=-7.663e-01 max=5.009e+00 neg%=4.07
ESS for eta_plus: 2168.5 / 3093
eta_plus diagnostics: raw_mean=1, raw_min=-0.766, raw_max=5.01; used_mean=1, used_min=0, used_max=4.96
[timing] Z-grid: 0.03s
[timing] K_X: 0.00s
[timing] K_plus: 0.00s
[timing] k_star: 0.00s
[timing] Gamma_stack: 0.01s
[timing] Phi_stack: 0.00s
[timing] RFF feature sample: 0.00s
[timing] K_Z RFF: 0.00s
[timing] G_stack RFF: 0.01s
[timing] H_stack RFF: 0.01s
findfont: Font family 'Nimbus Roman' not found.
findfont: Font family 'Nimbus Roman' not found.
findfont: Font family 'Nimbus Roman' not found.
findfont: Font family 'Nimbus Roman' not found.
findfont: Font family 'Nimbus Roman' not found.
findfont: Font family 'Nimbus Roman' not found.
findfont: Font family 'Nimbus Roman' not found.
findfont: Font family 'Nimbus Roman' not found.
findfont: Font family 'Nimbus Roman' not found.
findfont: Font family 'Nimbus Roman' not found.
findfont: Font family 'Nimbus Roman' not found.
findfont: Font family 'Nimbus Roman' not found.
findfont: Font family 'Nimbus Roman' not found.
findfont: Font family 'Nimbus Roman' not found.
findfont: Font family 'Nimbus Roman' not found.
findfont: Font family 'Nimbus Roman' not found.
findfont: Font family 'Nimbus Roman' not found.
findfont: Font family 'Nimbus Roman' not found.
findfont: Font family 'Nimbus Roman' not found.
findfont: Font family 'Nimbus Roman' not found.
findfont: Font family 'Nimbus Roman' not found.
findfont: Font family 'Nimbus Roman' not found.
findfont: Font family 'Nimbus Roman' not found.
findfont: Font family 'Nimbus Roman' not found.
findfont: Font family 'Nimbus Roman' not found.
findfont: Font family 'Nimbus Roman' not found.
findfont: Font family 'Nimbus Roman' not found.
findfont: Font family 'Nimbus Roman' not found.
findfont: Font family 'Nimbus Roman' not found.
findfont: Font family 'Nimbus Roman' not found.
findfont: Font family 'Nimbus Roman' not found.
findfont: Font family 'Nimbus Roman' not found.
findfont: Font family 'Nimbus Roman' not found.
findfont: Font family 'Nimbus Roman' not found.
findfont: Font family 'Nimbus Roman' not found.
findfont: Font family 'Nimbus Roman' not found.
findfont: Font family 'Nimbus Roman' not found.
findfont: Font family 'Nimbus Roman' not found.
findfont: Font family 'Nimbus Roman' not found.
findfont: Font family ['Nimbus Roman'] not found. Falling back to DejaVu Sans.
findfont: Font family 'Nimbus Roman' not found.
findfont: Font family ['Nimbus Roman'] not found. Falling back to DejaVu Sans.
findfont: Font family 'Nimbus Roman' not found.
findfont: Font family 'Nimbus Roman' not found.
findfont: Font family 'Nimbus Roman' not found.
findfont: Font family 'Nimbus Roman' not found.
findfont: Font family 'Nimbus Roman' not found.
findfont: Font family 'Nimbus Roman' not found.
findfont: Font family 'Nimbus Roman' not found.
findfont: Font family 'Nimbus Roman' not found.
findfont: Font family ['Nimbus Roman'] not found. Falling back to DejaVu Sans.
findfont: Font family 'Nimbus Roman' not found.
findfont: Font family 'Nimbus Roman' not found.
findfont: Font family 'Nimbus Roman' not found.
findfont: Font family 'Nimbus Roman' not found.
findfont: Font family 'Nimbus Roman' not found.
findfont: Font family 'Nimbus Roman' not found.
findfont: Font family 'Nimbus Roman' not found.
findfont: Font family 'Nimbus Roman' not found.
findfont: Font family 'Nimbus Roman' not found.
findfont: Font family 'Nimbus Roman' not found.
findfont: Font family 'Nimbus Roman' not found.
findfont: Font family 'Nimbus Roman' not found.
findfont: Font family 'Nimbus Roman' not found.
findfont: Font family 'Nimbus Roman' not found.
findfont: Font family 'Nimbus Roman' not found.
findfont: Font family 'Nimbus Roman' not found.
findfont: Font family 'Nimbus Roman' not found.
findfont: Font family 'Nimbus Roman' not found.
findfont: Font family 'Nimbus Roman' not found.
findfont: Font family 'Nimbus Roman' not found.
findfont: Font family 'Nimbus Roman' not found.
findfont: Font family 'Nimbus Roman' not found.
findfont: Font family 'Nimbus Roman' not found.
findfont: Font family 'Nimbus Roman' not found.
findfont: Font family 'Nimbus Roman' not found.
findfont: Font family 'Nimbus Roman' not found.
findfont: Font family 'Nimbus Roman' not found.
findfont: Font family 'Nimbus Roman' not found.
findfont: Font family 'Nimbus Roman' not found.
findfont: Font family 'Nimbus Roman' not found.
findfont: Font family 'Nimbus Roman' not found.
findfont: Font family 'Nimbus Roman' not found.
findfont: Font family 'Nimbus Roman' not found.
findfont: Font family 'Nimbus Roman' not found.
findfont: Font family 'Nimbus Roman' not found.
findfont: Font family 'Nimbus Roman' not found.
findfont: Font family 'Nimbus Roman' not found.
findfont: Font family 'Nimbus Roman' not found.
findfont: Font family 'Nimbus Roman' not found.
findfont: Font family 'Nimbus Roman' not found.
findfont: Font family 'Nimbus Roman' not found.
findfont: Font family 'Nimbus Roman' not found.
findfont: Font family 'Nimbus Roman' not found.
findfont: Font family 'Nimbus Roman' not found.
findfont: Font family 'Nimbus Roman' not found.
findfont: Font family 'Nimbus Roman' not found.
findfont: Font family 'Nimbus Roman' not found.
findfont: Font family 'Nimbus Roman' not found.
findfont: Font family 'Nimbus Roman' not found.
findfont: Font family 'Nimbus Roman' not found.
findfont: Font family 'Nimbus Roman' not found.
findfont: Font family 'Nimbus Roman' not found.
findfont: Font family 'Nimbus Roman' not found.
findfont: Font family 'Nimbus Roman' not found.
findfont: Font family 'Nimbus Roman' not found.
findfont: Font family 'Nimbus Roman' not found.
findfont: Font family 'Nimbus Roman' not found.
findfont: Font family 'Nimbus Roman' not found.
findfont: Font family 'Nimbus Roman' not found.
findfont: Font family 'Nimbus Roman' not found.
findfont: Font family 'Nimbus Roman' not found.
findfont: Font family 'Nimbus Roman' not found.
findfont: Font family 'Nimbus Roman' not found.
findfont: Font family 'Nimbus Roman' not found.
findfont: Font family 'Nimbus Roman' not found.
findfont: Font family 'Nimbus Roman' not found.
findfont: Font family 'Nimbus Roman' not found.
findfont: Font family 'Nimbus Roman' not found.
findfont: Font family 'Nimbus Roman' not found.
findfont: Font family 'Nimbus Roman' not found.
findfont: Font family 'Nimbus Roman' not found.
findfont: Font family 'Nimbus Roman' not found.
Ridge mode: rkhs; diagnostic interval: 50
Iter 1/4000 | log_obj=9.816e+00 | log_Bellman_root=3.511e+00 | mass=1.72e+04 | neg=0.00e+00 | grad=4.06e+02
Iter 400/4000 | log_obj=5.961e+00 | log_Bellman_root=1.580e+00 | mass=3.64e+02 | neg=0.00e+00 | grad=5.47e+03
Iter 800/4000 | log_obj=5.963e+00 | log_Bellman_root=1.580e+00 | mass=3.65e+02 | neg=0.00e+00 | grad=5.47e+03
Iter 1200/4000 | log_obj=5.225e+00 | log_Bellman_root=1.213e+00 | mass=1.75e+02 | neg=0.00e+00 | grad=1.05e+04
Iter 1600/4000 | log_obj=4.222e+00 | log_Bellman_root=6.979e-01 | mass=6.41e+01 | neg=0.00e+00 | grad=3.50e+03
Iter 2000/4000 | log_obj=3.293e+00 | log_Bellman_root=2.573e-01 | mass=2.52e+01 | neg=0.00e+00 | grad=6.07e+03
Iter 2400/4000 | log_obj=3.001e+00 | log_Bellman_root=8.259e-02 | mass=1.89e+01 | neg=0.00e+00 | grad=2.31e+02
Iter 2800/4000 | log_obj=2.971e+00 | log_Bellman_root=6.815e-02 | mass=1.84e+01 | neg=0.00e+00 | grad=1.70e+03
Iter 3200/4000 | log_obj=2.971e+00 | log_Bellman_root=6.790e-02 | mass=1.83e+01 | neg=0.00e+00 | grad=1.70e+03
Iter 3600/4000 | log_obj=1.353e+00 | log_Bellman_root=-6.814e-01 | mass=3.59e+00 | neg=0.00e+00 | grad=2.12e+02
Iter 4000/4000 | log_obj=2.185e+00 | log_Bellman_root=-3.278e-01 | mass=8.35e+00 | neg=0.00e+00 | grad=1.30e+03
Returning best diagnostic checkpoint from step 3750 (objective=1.430e-01, Bellman=1.887e-02).
Done in 12.40s.
KE-DRL global estimation is done.
B_hat shape: (3093, 800)
B_hat rank diagnostics: {'B_num_rows': 3093, 'B_num_cols': 800, 'B_min_dim': 800, 'B_numerical_rank': 800, 'B_rank_fraction': 1.0, 'B_rank_tolerance': 3.37227271307583e-05, 'B_stable_rank': 290.7853698730469, 'B_effective_rank': 771.586622933227, 'B_entropy_rank': 6.648448944091797, 'B_spectral_norm': 0.09146030992269516, 'B_frobenius_norm': 1.5596204996109009, 'B_nuclear_norm': 42.61624526977539, 'B_condition_number': 3.38987289007037, 'B_condition_number_tol': 3.38987289007037, 'B_smallest_singular_value': 0.026980454102158546, 'B_rank_rel_1em2': 800, 'B_rank_rel_1em3': 800, 'B_rank_rel_1em4': 800}
Global-loss target mass diagnostics: {'target_mass_mean': 1.2900444269180298, 'target_mass_min': 0.968690037727356, 'target_mass_max': 1.5193290710449219, 'target_mass_sd': 0.14571510255336761, 'target_mass_rmse_to_target': 0.32426270842552185, 'target_beta_min': -0.010541362687945366, 'target_beta_max': 0.0386817641556263, 'target_neg_frac_mean': 0.31905}
Return dictionary Z_grid shape: (800, 3)
Replicate 18 risk metrics: {'risk_n_steps_recorded': 81.0, 'risk_n_diagnostics_recorded': 81.0, 'risk_log_obj_initial': 9.815889249077488, 'risk_log_obj_final': 2.184892866851133, 'risk_log_obj_min': -1.944662419102395, 'risk_obj_initial': 18322.576171875007, 'risk_obj_final': 8.889696121215819, 'risk_obj_min': 0.14303550124168396, 'risk_log_obj_drop': 7.630996382226355, 'risk_log_bellman_root_initial': 3.5107430056978286, 'risk_log_bellman_root_final': -0.327833037898428, 'risk_log_bellman_root_min': -2.084011305255499, 'risk_bellman_root_initial': 33.473129272460945, 'risk_bellman_root_final': 0.7204833030700684, 'risk_bellman_root_min': 0.1244300827383995, 'risk_bellman_initial': 1120.4503832908817, 'risk_bellman_final': 0.519096190002756, 'risk_bellman_min': 0.015482845490284947, 'risk_log_bellman_root_drop': 3.8385760435962566, 'risk_bellman_returned': 0.01887243613600731, 'risk_obj_returned': 0.14303550124168396, 'risk_returned_step': 3750.0, 'offline_data_id': 18, 'benchmark_point_source': 'fixed_config_plus_support_safe_target_policy_draws', 'target_set_size': 100, 'lambda_reg': 0.005, 'lambda_B': 0.02, 'num_steps': 4000, 'transition_reduction_enabled': 1, 'transition_reduction_method': 'kmeans', 'transition_original_rows': 12000, 'transition_reduced_rows': 3093, 'transition_compression_ratio': 0.25775, 'target_mass_mean': 1.2900444269180298, 'target_mass_min': 0.968690037727356, 'target_mass_max': 1.5193290710449219, 'target_mass_sd': 0.14571510255336761, 'target_mass_rmse_to_target': 0.32426270842552185, 'target_beta_min': -0.010541362687945366, 'target_beta_max': 0.0386817641556263, 'target_neg_frac_mean': 0.31905, 'B_num_rows': 3093, 'B_num_cols': 800, 'B_min_dim': 800, 'B_numerical_rank': 800, 'B_rank_fraction': 1.0, 'B_rank_tolerance': 3.37227271307583e-05, 'B_stable_rank': 290.7853698730469, 'B_effective_rank': 771.586622933227, 'B_entropy_rank': 6.648448944091797, 'B_spectral_norm': 0.09146030992269516, 'B_frobenius_norm': 1.5596204996109009, 'B_nuclear_norm': 42.61624526977539, 'B_condition_number': 3.38987289007037, 'B_condition_number_tol': 3.38987289007037, 'B_smallest_singular_value': 0.026980454102158546, 'B_rank_rel_1em2': 800, 'B_rank_rel_1em3': 800, 'B_rank_rel_1em4': 800, 'risk_objective_final_raw': 8.88969612121582, 'risk_objective_min_raw': 0.14303550124168396, 'risk_objective_max_raw': 18322.576171875, 'risk_bellman_final_raw': 0.5190961956977844, 'risk_bellman_min_raw': 0.015482844784855843, 'risk_bellman_max_raw': 1120.450439453125, 'risk_rkhs_ridge_final_raw': 0.018236763775348663, 'risk_rkhs_ridge_min_raw': 0.018236763775348663, 'risk_rkhs_ridge_max_raw': 2.3052940368652344, 'risk_mass_final_raw': 8.352363586425781, 'risk_mass_min_raw': 0.10514628887176514, 'risk_mass_max_raw': 17199.8203125, 'risk_negativity_final_raw': 0.0, 'risk_negativity_min_raw': 0.0, 'risk_negativity_max_raw': 0.0, 'risk_B_norm_final_raw': 1.5579756498336792, 'risk_B_norm_min_raw': 1.5579756498336792, 'risk_B_norm_max_raw': 1.642223834991455, 'risk_diagnostic_step_final_raw': 4000.0, 'risk_diagnostic_step_min_raw': 1.0, 'risk_diagnostic_step_max_raw': 4000.0, 'risk_best_step_final_raw': 3750.0, 'risk_best_step_min_raw': 3750.0, 'risk_best_step_max_raw': 3750.0, 'risk_best_objective_final_raw': 0.14303550124168396, 'risk_best_objective_min_raw': 0.14303550124168396, 'risk_best_objective_max_raw': 0.14303550124168396, 'risk_best_bellman_final_raw': 0.01887243613600731, 'risk_best_bellman_min_raw': 0.01887243613600731, 'risk_best_bellman_max_raw': 0.01887243613600731, 'risk_returned_step_final_raw': 3750.0, 'risk_returned_step_min_raw': 3750.0, 'risk_returned_step_max_raw': 3750.0, 'risk_returned_objective_final_raw': 0.14303550124168396, 'risk_returned_objective_min_raw': 0.14303550124168396, 'risk_returned_objective_max_raw': 0.14303550124168396, 'risk_returned_bellman_final_raw': 0.01887243613600731, 'risk_returned_bellman_min_raw': 0.01887243613600731, 'risk_returned_bellman_max_raw': 0.01887243613600731, 'risk_returned_best_checkpoint_final_raw': 1.0, 'risk_returned_best_checkpoint_min_raw': 1.0, 'risk_returned_best_checkpoint_max_raw': 1.0}
Benchmark 0 evaluation grid shape: (800, 3)
Replicate 18, benchmark 0 metrics: {'run_id': '18_b0', 'RMSE': 0.08447704390355092, 'MAE': 0.07190292350678647, 'SupNorm': 0.1828681230545044, 'Bias': 0.008509725002004415, 'Corr': 0.7194964681648012, 'deming_slope': 1.3411952550176531, 'deming_intercept': -0.08188296297094688, 'beta_sum': 1.2694284915924072, 'beta_l1': 2.385802745819092, 'beta_l2': 0.11786094307899475, 'beta_min': -0.007510735187679529, 'beta_max': 0.02266502007842064, 'beta_neg_frac': 0.35, 'offline_data_id': 18, 'benchmark_id': 0, 'benchmark_point_source': 'fixed_config', 'target_set_size': 100, 'benchmark_z_path': 'data/Z_true.pt', 'projected_bellman_test_risk': 0.027796044945716858, 'oracle_embedding_risk': 0.8214051723480225, 'benchmark_embedding_risk': 0.8214051723480225, 'risk_bellman_final': 0.519096190002756, 'risk_obj_final': 8.889696121215819, 'B_num_rows': 3093, 'B_num_cols': 800, 'B_min_dim': 800, 'B_numerical_rank': 800, 'B_rank_fraction': 1.0, 'B_rank_tolerance': 3.37227271307583e-05, 'B_stable_rank': 290.7853698730469, 'B_effective_rank': 771.586622933227, 'B_entropy_rank': 6.648448944091797, 'B_spectral_norm': 0.09146030992269516, 'B_frobenius_norm': 1.5596204996109009, 'B_nuclear_norm': 42.61624526977539, 'B_condition_number': 3.38987289007037, 'B_condition_number_tol': 3.38987289007037, 'B_smallest_singular_value': 0.026980454102158546, 'B_rank_rel_1em2': 800, 'B_rank_rel_1em3': 800, 'B_rank_rel_1em4': 800}
Saved ./mu/mu_hat.csv shape=(800,)
Saved ./mu/mu2D_hat_dims01.csv shape=(120, 120)
Saved ./mu/mu2D_hat_dims01.csv shape=(120, 120)
Saved plots/replicate_18/mu_3D.png
Benchmark 1 evaluation grid shape: (800, 3)
Replicate 18, benchmark 1 metrics: {'run_id': '18_b1', 'RMSE': 0.19754476288418812, 'MAE': 0.17789578206487933, 'SupNorm': 0.3448559641838074, 'Bias': 0.1778953205223661, 'Corr': 0.9850858449814672, 'deming_slope': 1.8636504069963358, 'deming_intercept': -0.04943230267775317, 'beta_sum': 1.5365345478057861, 'beta_l1': 2.194779872894287, 'beta_l2': 0.1028347760438919, 'beta_min': -0.007523770444095135, 'beta_max': 0.018627837300300598, 'beta_neg_frac': 0.255, 'offline_data_id': 18, 'benchmark_id': 1, 'benchmark_point_source': 'fixed_config', 'target_set_size': 100, 'benchmark_z_path': 'data/Z_true.pt', 'projected_bellman_test_risk': 0.054170019924640656, 'oracle_embedding_risk': 0.8721606135368347, 'benchmark_embedding_risk': 0.8721606135368347, 'risk_bellman_final': 0.519096190002756, 'risk_obj_final': 8.889696121215819, 'B_num_rows': 3093, 'B_num_cols': 800, 'B_min_dim': 800, 'B_numerical_rank': 800, 'B_rank_fraction': 1.0, 'B_rank_tolerance': 3.37227271307583e-05, 'B_stable_rank': 290.7853698730469, 'B_effective_rank': 771.586622933227, 'B_entropy_rank': 6.648448944091797, 'B_spectral_norm': 0.09146030992269516, 'B_frobenius_norm': 1.5596204996109009, 'B_nuclear_norm': 42.61624526977539, 'B_condition_number': 3.38987289007037, 'B_condition_number_tol': 3.38987289007037, 'B_smallest_singular_value': 0.026980454102158546, 'B_rank_rel_1em2': 800, 'B_rank_rel_1em3': 800, 'B_rank_rel_1em4': 800}
Benchmark 2 evaluation grid shape: (800, 3)
Replicate 18, benchmark 2 metrics: {'run_id': '18_b2', 'RMSE': 0.1861899348696131, 'MAE': 0.16586231612367555, 'SupNorm': 0.331648051738739, 'Bias': 0.16575306315906346, 'Corr': 0.9588230203363524, 'deming_slope': 1.8509013720043617, 'deming_intercept': -0.06471697779410879, 'beta_sum': 1.5271797180175781, 'beta_l1': 2.298868179321289, 'beta_l2': 0.1095244362950325, 'beta_min': -0.00891890935599804, 'beta_max': 0.017696082592010498, 'beta_neg_frac': 0.27125, 'offline_data_id': 18, 'benchmark_id': 2, 'benchmark_point_source': 'fixed_config', 'target_set_size': 100, 'benchmark_z_path': 'data/Z_true.pt', 'projected_bellman_test_risk': 0.03865014761686325, 'oracle_embedding_risk': 0.8607962131500244, 'benchmark_embedding_risk': 0.8607962131500244, 'risk_bellman_final': 0.519096190002756, 'risk_obj_final': 8.889696121215819, 'B_num_rows': 3093, 'B_num_cols': 800, 'B_min_dim': 800, 'B_numerical_rank': 800, 'B_rank_fraction': 1.0, 'B_rank_tolerance': 3.37227271307583e-05, 'B_stable_rank': 290.7853698730469, 'B_effective_rank': 771.586622933227, 'B_entropy_rank': 6.648448944091797, 'B_spectral_norm': 0.09146030992269516, 'B_frobenius_norm': 1.5596204996109009, 'B_nuclear_norm': 42.61624526977539, 'B_condition_number': 3.38987289007037, 'B_condition_number_tol': 3.38987289007037, 'B_smallest_singular_value': 0.026980454102158546, 'B_rank_rel_1em2': 800, 'B_rank_rel_1em3': 800, 'B_rank_rel_1em4': 800}
Benchmark 3 evaluation grid shape: (800, 3)
Replicate 18, benchmark 3 metrics: {'run_id': '18_b3', 'RMSE': 0.17323267022352362, 'MAE': 0.15211707429261878, 'SupNorm': 0.3217296302318573, 'Bias': 0.15206265337765218, 'Corr': 0.958331548740028, 'deming_slope': 1.8037470567149796, 'deming_intercept': -0.058441680322263045, 'beta_sum': 1.5094280242919922, 'beta_l1': 2.3252832889556885, 'beta_l2': 0.11113052070140839, 'beta_min': -0.007657499052584171, 'beta_max': 0.017427781596779823, 'beta_neg_frac': 0.29125, 'offline_data_id': 18, 'benchmark_id': 3, 'benchmark_point_source': 'fixed_config', 'target_set_size': 100, 'benchmark_z_path': 'data/Z_true.pt', 'projected_bellman_test_risk': 0.04452723264694214, 'oracle_embedding_risk': 0.854536771774292, 'benchmark_embedding_risk': 0.854536771774292, 'risk_bellman_final': 0.519096190002756, 'risk_obj_final': 8.889696121215819, 'B_num_rows': 3093, 'B_num_cols': 800, 'B_min_dim': 800, 'B_numerical_rank': 800, 'B_rank_fraction': 1.0, 'B_rank_tolerance': 3.37227271307583e-05, 'B_stable_rank': 290.7853698730469, 'B_effective_rank': 771.586622933227, 'B_entropy_rank': 6.648448944091797, 'B_spectral_norm': 0.09146030992269516, 'B_frobenius_norm': 1.5596204996109009, 'B_nuclear_norm': 42.61624526977539, 'B_condition_number': 3.38987289007037, 'B_condition_number_tol': 3.38987289007037, 'B_smallest_singular_value': 0.026980454102158546, 'B_rank_rel_1em2': 800, 'B_rank_rel_1em3': 800, 'B_rank_rel_1em4': 800}
Benchmark 4 evaluation grid shape: (800, 3)
Replicate 18, benchmark 4 metrics: {'run_id': '18_b4', 'RMSE': 0.09903130501970099, 'MAE': 0.08422632516030717, 'SupNorm': 0.24108412861824036, 'Bias': -0.014686839214009524, 'Corr': 0.6421759928261948, 'deming_slope': 1.5149251063721105, 'deming_intercept': -0.1534086865807458, 'beta_sum': 1.2048463821411133, 'beta_l1': 1.9762827157974243, 'beta_l2': 0.11563616245985031, 'beta_min': -0.005230733659118414, 'beta_max': 0.03382255136966705, 'beta_neg_frac': 0.3325, 'offline_data_id': 18, 'benchmark_id': 4, 'benchmark_point_source': 'support_safe_target_policy_draw', 'target_set_size': 100, 'benchmark_z_path': 'data/Z_true.pt', 'projected_bellman_test_risk': 0.026691297069191933, 'oracle_embedding_risk': 0.8577895164489746, 'benchmark_embedding_risk': 0.8577895164489746, 'risk_bellman_final': 0.519096190002756, 'risk_obj_final': 8.889696121215819, 'B_num_rows': 3093, 'B_num_cols': 800, 'B_min_dim': 800, 'B_numerical_rank': 800, 'B_rank_fraction': 1.0, 'B_rank_tolerance': 3.37227271307583e-05, 'B_stable_rank': 290.7853698730469, 'B_effective_rank': 771.586622933227, 'B_entropy_rank': 6.648448944091797, 'B_spectral_norm': 0.09146030992269516, 'B_frobenius_norm': 1.5596204996109009, 'B_nuclear_norm': 42.61624526977539, 'B_condition_number': 3.38987289007037, 'B_condition_number_tol': 3.38987289007037, 'B_smallest_singular_value': 0.026980454102158546, 'B_rank_rel_1em2': 800, 'B_rank_rel_1em3': 800, 'B_rank_rel_1em4': 800}
Benchmark 5 evaluation grid shape: (800, 3)
Replicate 18, benchmark 5 metrics: {'run_id': '18_b5', 'RMSE': 0.2554411319820447, 'MAE': 0.23956792444362918, 'SupNorm': 0.4029889553785324, 'Bias': -0.23956792444362918, 'Corr': 0.676965049465035, 'deming_slope': 0.07023461166037598, 'deming_intercept': 0.0017944370570085327, 'beta_sum': 0.13191525638103485, 'beta_l1': 0.4820651412010193, 'beta_l2': 0.02482353337109089, 'beta_min': -0.0018451123032718897, 'beta_max': 0.005812634248286486, 'beta_neg_frac': 0.47, 'offline_data_id': 18, 'benchmark_id': 5, 'benchmark_point_source': 'support_safe_target_policy_draw', 'target_set_size': 100, 'benchmark_z_path': 'data/Z_true.pt', 'projected_bellman_test_risk': 0.0051160878501832485, 'oracle_embedding_risk': 0.963760256767273, 'benchmark_embedding_risk': 0.963760256767273, 'risk_bellman_final': 0.519096190002756, 'risk_obj_final': 8.889696121215819, 'B_num_rows': 3093, 'B_num_cols': 800, 'B_min_dim': 800, 'B_numerical_rank': 800, 'B_rank_fraction': 1.0, 'B_rank_tolerance': 3.37227271307583e-05, 'B_stable_rank': 290.7853698730469, 'B_effective_rank': 771.586622933227, 'B_entropy_rank': 6.648448944091797, 'B_spectral_norm': 0.09146030992269516, 'B_frobenius_norm': 1.5596204996109009, 'B_nuclear_norm': 42.61624526977539, 'B_condition_number': 3.38987289007037, 'B_condition_number_tol': 3.38987289007037, 'B_smallest_singular_value': 0.026980454102158546, 'B_rank_rel_1em2': 800, 'B_rank_rel_1em3': 800, 'B_rank_rel_1em4': 800}
Benchmark 6 evaluation grid shape: (800, 3)
Replicate 18, benchmark 6 metrics: {'run_id': '18_b6', 'RMSE': 0.09312469821137205, 'MAE': 0.075166877208394, 'SupNorm': 0.21212199330329895, 'Bias': 0.0527770598459756, 'Corr': 0.8164641158952491, 'deming_slope': 1.4460880879398057, 'deming_intercept': -0.0662114099705497, 'beta_sum': 1.3497533798217773, 'beta_l1': 2.48142147064209, 'beta_l2': 0.1193254142999649, 'beta_min': -0.0076960548758506775, 'beta_max': 0.020374592393636703, 'beta_neg_frac': 0.34625, 'offline_data_id': 18, 'benchmark_id': 6, 'benchmark_point_source': 'support_safe_target_policy_draw', 'target_set_size': 100, 'benchmark_z_path': 'data/Z_true.pt', 'projected_bellman_test_risk': 0.014114095829427242, 'oracle_embedding_risk': 0.8118059635162354, 'benchmark_embedding_risk': 0.8118059635162354, 'risk_bellman_final': 0.519096190002756, 'risk_obj_final': 8.889696121215819, 'B_num_rows': 3093, 'B_num_cols': 800, 'B_min_dim': 800, 'B_numerical_rank': 800, 'B_rank_fraction': 1.0, 'B_rank_tolerance': 3.37227271307583e-05, 'B_stable_rank': 290.7853698730469, 'B_effective_rank': 771.586622933227, 'B_entropy_rank': 6.648448944091797, 'B_spectral_norm': 0.09146030992269516, 'B_frobenius_norm': 1.5596204996109009, 'B_nuclear_norm': 42.61624526977539, 'B_condition_number': 3.38987289007037, 'B_condition_number_tol': 3.38987289007037, 'B_smallest_singular_value': 0.026980454102158546, 'B_rank_rel_1em2': 800, 'B_rank_rel_1em3': 800, 'B_rank_rel_1em4': 800}
Benchmark 7 evaluation grid shape: (800, 3)
Replicate 18, benchmark 7 metrics: {'run_id': '18_b7', 'RMSE': 0.11915084626271447, 'MAE': 0.09147533613955602, 'SupNorm': 0.28988176584243774, 'Bias': 0.07601353726582602, 'Corr': 0.7920720924882146, 'deming_slope': 1.7114329754689068, 'deming_intercept': -0.1119354235035942, 'beta_sum': 1.369295358657837, 'beta_l1': 2.0728156566619873, 'beta_l2': 0.10398883372545242, 'beta_min': -0.006484637968242168, 'beta_max': 0.021042443811893463, 'beta_neg_frac': 0.3125, 'offline_data_id': 18, 'benchmark_id': 7, 'benchmark_point_source': 'support_safe_target_policy_draw', 'target_set_size': 100, 'benchmark_z_path': 'data/Z_true.pt', 'projected_bellman_test_risk': 0.027584556490182877, 'oracle_embedding_risk': 0.8530779480934143, 'benchmark_embedding_risk': 0.8530779480934143, 'risk_bellman_final': 0.519096190002756, 'risk_obj_final': 8.889696121215819, 'B_num_rows': 3093, 'B_num_cols': 800, 'B_min_dim': 800, 'B_numerical_rank': 800, 'B_rank_fraction': 1.0, 'B_rank_tolerance': 3.37227271307583e-05, 'B_stable_rank': 290.7853698730469, 'B_effective_rank': 771.586622933227, 'B_entropy_rank': 6.648448944091797, 'B_spectral_norm': 0.09146030992269516, 'B_frobenius_norm': 1.5596204996109009, 'B_nuclear_norm': 42.61624526977539, 'B_condition_number': 3.38987289007037, 'B_condition_number_tol': 3.38987289007037, 'B_smallest_singular_value': 0.026980454102158546, 'B_rank_rel_1em2': 800, 'B_rank_rel_1em3': 800, 'B_rank_rel_1em4': 800}
Benchmark 8 evaluation grid shape: (800, 3)
Replicate 18, benchmark 8 metrics: {'run_id': '18_b8', 'RMSE': 0.06826219788178277, 'MAE': 0.05857964270020602, 'SupNorm': 0.13000896573066711, 'Bias': -0.047871179815556386, 'Corr': 0.8751090696950768, 'deming_slope': 0.7704987059119673, 'deming_intercept': 0.012526595389017264, 'beta_sum': 1.0040208101272583, 'beta_l1': 1.8961968421936035, 'beta_l2': 0.09412697702646255, 'beta_min': -0.006241548806428909, 'beta_max': 0.019954780116677284, 'beta_neg_frac': 0.35375, 'offline_data_id': 18, 'benchmark_id': 8, 'benchmark_point_source': 'support_safe_target_policy_draw', 'target_set_size': 100, 'benchmark_z_path': 'data/Z_true.pt', 'projected_bellman_test_risk': 0.038640446960926056, 'oracle_embedding_risk': 0.7749332189559937, 'benchmark_embedding_risk': 0.7749332189559937, 'risk_bellman_final': 0.519096190002756, 'risk_obj_final': 8.889696121215819, 'B_num_rows': 3093, 'B_num_cols': 800, 'B_min_dim': 800, 'B_numerical_rank': 800, 'B_rank_fraction': 1.0, 'B_rank_tolerance': 3.37227271307583e-05, 'B_stable_rank': 290.7853698730469, 'B_effective_rank': 771.586622933227, 'B_entropy_rank': 6.648448944091797, 'B_spectral_norm': 0.09146030992269516, 'B_frobenius_norm': 1.5596204996109009, 'B_nuclear_norm': 42.61624526977539, 'B_condition_number': 3.38987289007037, 'B_condition_number_tol': 3.38987289007037, 'B_smallest_singular_value': 0.026980454102158546, 'B_rank_rel_1em2': 800, 'B_rank_rel_1em3': 800, 'B_rank_rel_1em4': 800}
Benchmark 9 evaluation grid shape: (800, 3)
Replicate 18, benchmark 9 metrics: {'run_id': '18_b9', 'RMSE': 0.11112468055616441, 'MAE': 0.09143466530484147, 'SupNorm': 0.22195017337799072, 'Bias': 0.08770399002940393, 'Corr': 0.9106017942735316, 'deming_slope': 1.5321499613349348, 'deming_intercept': -0.05520194116664562, 'beta_sum': 1.3403823375701904, 'beta_l1': 2.2283473014831543, 'beta_l2': 0.1075703576207161, 'beta_min': -0.0071691181510686874, 'beta_max': 0.020377997308969498, 'beta_neg_frac': 0.31625, 'offline_data_id': 18, 'benchmark_id': 9, 'benchmark_point_source': 'support_safe_target_policy_draw', 'target_set_size': 100, 'benchmark_z_path': 'data/Z_true.pt', 'projected_bellman_test_risk': 0.008050053380429745, 'oracle_embedding_risk': 0.7990666031837463, 'benchmark_embedding_risk': 0.7990666031837463, 'risk_bellman_final': 0.519096190002756, 'risk_obj_final': 8.889696121215819, 'B_num_rows': 3093, 'B_num_cols': 800, 'B_min_dim': 800, 'B_numerical_rank': 800, 'B_rank_fraction': 1.0, 'B_rank_tolerance': 3.37227271307583e-05, 'B_stable_rank': 290.7853698730469, 'B_effective_rank': 771.586622933227, 'B_entropy_rank': 6.648448944091797, 'B_spectral_norm': 0.09146030992269516, 'B_frobenius_norm': 1.5596204996109009, 'B_nuclear_norm': 42.61624526977539, 'B_condition_number': 3.38987289007037, 'B_condition_number_tol': 3.38987289007037, 'B_smallest_singular_value': 0.026980454102158546, 'B_rank_rel_1em2': 800, 'B_rank_rel_1em3': 800, 'B_rank_rel_1em4': 800}
Replicate 18 finished in 21.8s
Finished combo 3, offline replicate 18.
