Job ID:    2359455
Array idx: 635
CPUs/node: 64
Mem/node:  131072
Using CC = cc 
Using CXX = CC 
Using FC = ftn 
Using F77 = ftn 
Using F90 = ftn 
cuda/12.6.1 is deprecated; loading cudatoolkit/25.5_12.9 instead.
Using CC = /opt/nvidia/hpc_sdk/Linux_aarch64/25.5/compilers/bin/nvc 
Using CXX = /opt/nvidia/hpc_sdk/Linux_aarch64/25.5/compilers/bin/nvc++ 
Using FC = /opt/nvidia/hpc_sdk/Linux_aarch64/25.5/compilers/bin/nvfortran 
Using F77 = /opt/nvidia/hpc_sdk/Linux_aarch64/25.5/compilers/bin/nvfortran 
Using F90 = /opt/nvidia/hpc_sdk/Linux_aarch64/25.5/compilers/bin/nvfortran 
Using CC = /opt/nvidia/hpc_sdk/Linux_aarch64/25.5/compilers/bin/nvc 
Using CXX = /opt/nvidia/hpc_sdk/Linux_aarch64/25.5/compilers/bin/nvc++ 
Using FC = /opt/nvidia/hpc_sdk/Linux_aarch64/25.5/compilers/bin/nvfortran 
Using F77 = /opt/nvidia/hpc_sdk/Linux_aarch64/25.5/compilers/bin/nvfortran 
Using F90 = /opt/nvidia/hpc_sdk/Linux_aarch64/25.5/compilers/bin/nvfortran 

Lmod is automatically replacing "gcc-native/14" with "gcc/14.2.0".

ghx4
0
Tuning combo id: 6 / 6
Offline replicate id: 35 / 99
Installing ke_drl from git: https://github.com/mehrdadmhmdi/ke-drl.git@main
Collecting git+https://github.com/mehrdadmhmdi/ke-drl.git@main
  Cloning https://github.com/mehrdadmhmdi/ke-drl.git (to revision main) to /tmp/pip-req-build-bk1nxhno
  Running command git clone --filter=blob:none --quiet https://github.com/mehrdadmhmdi/ke-drl.git /tmp/pip-req-build-bk1nxhno
  Resolved https://github.com/mehrdadmhmdi/ke-drl.git to commit 3c5d570e40ea15b1fbe4817b5f43b64c7b333e82
  Installing build dependencies: started
  Installing build dependencies: finished with status 'done'
  Getting requirements to build wheel: started
  Getting requirements to build wheel: finished with status 'done'
  Preparing metadata (pyproject.toml): started
  Preparing metadata (pyproject.toml): finished with status 'done'
Building wheels for collected packages: ke_drl
  Building wheel for ke_drl (pyproject.toml): started
  Building wheel for ke_drl (pyproject.toml): finished with status 'done'
  Created wheel for ke_drl: filename=ke_drl-0.1.0-py3-none-any.whl size=47219 sha256=519fc21db306c6b4b350d001f68fe3714138a5509c7a43251eed3407098c96bf
  Stored in directory: /tmp/pip-ephem-wheel-cache-ln1q9zkd/wheels/24/47/ad/9a4ffd3b05d3e90e35ffc6e7324b735b8bfcf5f51aaf29a333
Successfully built ke_drl
Installing collected packages: ke_drl
Successfully installed ke_drl-0.1.0
Installed ke_drl source: /work/nvme/bfez/mehrdad3/DistRL/simulation_3/runs/sim3_global_2358722_6/.kedrl_site_635/ke_drl/__init__.py
Tuning combo 6: lambda_B_0.2
Overrides: {'lambda_B': 0.2}
RUN: /sw/user/python/miniforge3-pytorch-24.11.3/bin/python3 validate_sim_config.py --params params.yaml
ke_drl import source: /work/nvme/bfez/mehrdad3/DistRL/simulation_3/runs/sim3_global_2358722_6/.kedrl_site_635/ke_drl/__init__.py
ke_drl package API OK: prediction weights, RFF operators, rank diagnostics, and best-checkpoint optimizer available
Policy config OK: behavior=uniform, target=logistic, state_dim=5, action_dim=1
Note: policy.logistic.theta_scale/theta_std are log-scale coefficients in Probability_Densities.
Behavior-policy linearized state-process diagnostic: spectral_radius=0.653, offline_burn_in=50
Replicate config OK: num_replicates=100, benchmark points=10 independent of D_i, loss target points=100
Transition reduction OK: method=kmeans, raw rows N(T-1)=12000, target rows about 3000, B rows reduced from 12000 to about 3000
Return-operator approximation OK: method=rff, features=512, exact G avoided for estimated N=12000, m=800, L=100
Fixed benchmark config rows=4 (benchmark.num_points=10; additional points are support-safe target-policy draws if needed)
Fixed benchmark point 0: s_star=[0.6, -0.8, 0.7, -0.5, 0.9], a_star=[0.5]
Fixed benchmark behavior-support interval for configured rows: min_lower=-0.12, max_upper=1.11
Fixed benchmark target-policy location range: [-0.02, 0.14]
Reusing shared data from /work/nvme/bfez/mehrdad3/DistRL/simulation_3/runs/sim3_shared_data/data for offline replicate 35.
RUN: /sw/user/python/miniforge3-pytorch-24.11.3/bin/python3 validate_sim_config.py --params params.yaml --data data/offline_data_35.pt
ke_drl import source: /work/nvme/bfez/mehrdad3/DistRL/simulation_3/runs/sim3_global_2358722_6/.kedrl_site_635/ke_drl/__init__.py
ke_drl package API OK: prediction weights, RFF operators, rank diagnostics, and best-checkpoint optimizer available
Policy config OK: behavior=uniform, target=logistic, state_dim=5, action_dim=1
Note: policy.logistic.theta_scale/theta_std are log-scale coefficients in Probability_Densities.
Behavior-policy linearized state-process diagnostic: spectral_radius=0.653, offline_burn_in=50
Replicate config OK: num_replicates=100, benchmark points=10 independent of D_i, loss target points=100
Transition reduction OK: method=kmeans, raw rows N(T-1)=12000, target rows about 3000, B rows reduced from 12000 to about 3000
Return-operator approximation OK: method=rff, features=512, exact G avoided for estimated N=12000, m=800, L=100
Fixed benchmark config rows=4 (benchmark.num_points=10; additional points are support-safe target-policy draws if needed)
Fixed benchmark point 0: s_star=[0.6, -0.8, 0.7, -0.5, 0.9], a_star=[0.5]
Fixed benchmark behavior-support interval for configured rows: min_lower=-0.12, max_upper=1.11
Fixed benchmark target-policy location range: [-0.02, 0.14]
Full benchmark support check OK: 10 points, min_lower=-2.177, max_upper=2.05
observed behavior actions: mean=0.3971, sd=0.675, q0/q10/q50/q90/q100=[-1.8598636388778687, -0.41689609587192533, 0.33616453409194946, 1.3125804662704468, 3.005789041519165]
target-policy sampled actions: mean=-0.02467, sd=0.6705, q0/q10/q50/q90/q100=[-2.507188829151256, -0.8761486574360509, -0.025671877069701893, 0.8334426800980419, 2.3378838911572473]
behavior uniform lower: mean=-0.1248, sd=0.6639, q0/q10/q50/q90/q100=[-2.7200912475585937, -0.967977488040924, -0.12377486526966093, 0.728232845067978, 2.1991338968276977]
behavior uniform upper: mean=0.9234, sd=0.6484, q0/q10/q50/q90/q100=[-0.9596279442310334, 0.06790119618177418, 0.9326234996318817, 1.7573141574859625, 3.1991338968276977]
target location inside behavior uniform support: 0.967
RUN: /sw/user/python/miniforge3-pytorch-24.11.3/bin/python3 main_est.py
# ================================================================ #
#   Global KE-DRL estimation for one offline replicate              #
# ================================================================ #
Slurm Job ID: 2359455
Slurm Array ID: 35 -- used as the offline-replicate id
Offline data id: 35
ke_drl import source: /work/nvme/bfez/mehrdad3/DistRL/simulation_3/runs/sim3_global_2358722_6/.kedrl_site_635/ke_drl/__init__.py
Estimator device: cuda (NVIDIA GH200 120GB, capability 9.0); torch CUDA=13.0
Random seed: 20460547
Number of offline replicates: 100
[transition reduction] enabled: original rows=12000, target basis=3000, method=kmeans, device=cuda
[transition reduction] kmeans iter 1/20, mean center shift=2.7599e-01
[transition reduction] kmeans iter 5/20, mean center shift=3.3267e-03
[transition reduction] selected 3080 rows from 12000 transitions (ratio 0.2567); indices saved to data/reduced_transition_indices_35.pt
Data and parameters loaded.
offline path: data/offline_data_35.pt
benchmark true-Z path: data/Z_true.pt
offline shapes after reduction: s0=(3080, 5), a0=(3080, 1), r0=(3080, 3)
transition reduction: {'enabled': True, 'method': 'kmeans', 'original_rows': 12000, 'reduced_rows': 3080, 'selected_indices_path': 'data/reduced_transition_indices_35.pt', 'target_basis': 3000, 'compression_ratio': 0.25666666666666665}
fixed benchmark point source: fixed_config_plus_support_safe_target_policy_draws
benchmark row excluded from this offline data: None
global loss target set shape: s_star=(100, 5), a_star=(100, 1)
benchmark true-Z count=10, shape each=(50000, 3)
target policy: logistic
behavior policy: uniform
lambda_Gamma=0.005, lambda_B=0.2, d_r_method=song
dtype=torch.float32, operator_method=rff, operator_num_features=512
ridge_mode=rkhs, diagnostic_interval=50
mass_anchor_lambda=1.0, target_mass=1.0
uLSIF basis: source=numerator, n_basis=512, lambda_reg=0.005
optimizer stabilizers: lambda_neg=0.0, max_B_norm=None, eta_clip_min=0.0, eta_clip_max=5.0, normalize_eta=True
========================================
Estimating the global KE-DRL mean embedding
torch device=cuda, dtype=torch.float32
Data dims: N=3080, L=100, Ds=5, Da=1, Dr=3
lambda_Gamma=0.005, lambda_B=0.2
return-operator construction: method=rff, rff_features=512
[uLSIF] basis=512/3080 (numerator); eta_hat min=-7.548e-01 max=5.382e+00 neg%=4.77
ESS for eta_plus: 2112.8 / 3080
eta_plus diagnostics: raw_mean=1, raw_min=-0.755, raw_max=5.38; used_mean=1, used_min=0, used_max=4.94
[timing] Z-grid: 0.03s
[timing] K_X: 0.00s
[timing] K_plus: 0.00s
[timing] k_star: 0.00s
[timing] Gamma_stack: 0.01s
[timing] Phi_stack: 0.00s
[timing] RFF feature sample: 0.00s
[timing] K_Z RFF: 0.00s
[timing] G_stack RFF: 0.01s
[timing] H_stack RFF: 0.01s
findfont: Font family 'Nimbus Roman' not found.
findfont: Font family 'Nimbus Roman' not found.
findfont: Font family 'Nimbus Roman' not found.
findfont: Font family 'Nimbus Roman' not found.
findfont: Font family 'Nimbus Roman' not found.
findfont: Font family 'Nimbus Roman' not found.
findfont: Font family 'Nimbus Roman' not found.
findfont: Font family 'Nimbus Roman' not found.
findfont: Font family 'Nimbus Roman' not found.
findfont: Font family 'Nimbus Roman' not found.
findfont: Font family 'Nimbus Roman' not found.
findfont: Font family 'Nimbus Roman' not found.
findfont: Font family 'Nimbus Roman' not found.
findfont: Font family 'Nimbus Roman' not found.
findfont: Font family 'Nimbus Roman' not found.
findfont: Font family 'Nimbus Roman' not found.
findfont: Font family 'Nimbus Roman' not found.
findfont: Font family 'Nimbus Roman' not found.
findfont: Font family 'Nimbus Roman' not found.
findfont: Font family 'Nimbus Roman' not found.
findfont: Font family 'Nimbus Roman' not found.
findfont: Font family 'Nimbus Roman' not found.
findfont: Font family 'Nimbus Roman' not found.
findfont: Font family 'Nimbus Roman' not found.
findfont: Font family 'Nimbus Roman' not found.
findfont: Font family 'Nimbus Roman' not found.
findfont: Font family 'Nimbus Roman' not found.
findfont: Font family 'Nimbus Roman' not found.
findfont: Font family 'Nimbus Roman' not found.
findfont: Font family 'Nimbus Roman' not found.
findfont: Font family 'Nimbus Roman' not found.
findfont: Font family 'Nimbus Roman' not found.
findfont: Font family 'Nimbus Roman' not found.
findfont: Font family 'Nimbus Roman' not found.
findfont: Font family 'Nimbus Roman' not found.
findfont: Font family 'Nimbus Roman' not found.
findfont: Font family 'Nimbus Roman' not found.
findfont: Font family 'Nimbus Roman' not found.
findfont: Font family 'Nimbus Roman' not found.
findfont: Font family 'Nimbus Roman' not found.
findfont: Font family 'Nimbus Roman' not found.
findfont: Font family 'Nimbus Roman' not found.
findfont: Font family 'Nimbus Roman' not found.
findfont: Font family 'Nimbus Roman' not found.
findfont: Font family 'Nimbus Roman' not found.
findfont: Font family 'Nimbus Roman' not found.
findfont: Font family 'Nimbus Roman' not found.
findfont: Font family 'Nimbus Roman' not found.
findfont: Font family ['Nimbus Roman'] not found. Falling back to DejaVu Sans.
findfont: Font family 'Nimbus Roman' not found.
findfont: Font family ['Nimbus Roman'] not found. Falling back to DejaVu Sans.
findfont: Font family 'Nimbus Roman' not found.
findfont: Font family 'Nimbus Roman' not found.
findfont: Font family 'Nimbus Roman' not found.
findfont: Font family 'Nimbus Roman' not found.
findfont: Font family 'Nimbus Roman' not found.
findfont: Font family 'Nimbus Roman' not found.
findfont: Font family 'Nimbus Roman' not found.
findfont: Font family 'Nimbus Roman' not found.
findfont: Font family 'Nimbus Roman' not found.
findfont: Font family 'Nimbus Roman' not found.
findfont: Font family 'Nimbus Roman' not found.
findfont: Font family 'Nimbus Roman' not found.
findfont: Font family ['Nimbus Roman'] not found. Falling back to DejaVu Sans.
findfont: Font family 'Nimbus Roman' not found.
findfont: Font family 'Nimbus Roman' not found.
findfont: Font family 'Nimbus Roman' not found.
findfont: Font family 'Nimbus Roman' not found.
findfont: Font family 'Nimbus Roman' not found.
findfont: Font family 'Nimbus Roman' not found.
findfont: Font family 'Nimbus Roman' not found.
findfont: Font family 'Nimbus Roman' not found.
findfont: Font family 'Nimbus Roman' not found.
findfont: Font family 'Nimbus Roman' not found.
findfont: Font family 'Nimbus Roman' not found.
findfont: Font family 'Nimbus Roman' not found.
findfont: Font family 'Nimbus Roman' not found.
findfont: Font family 'Nimbus Roman' not found.
findfont: Font family 'Nimbus Roman' not found.
findfont: Font family 'Nimbus Roman' not found.
findfont: Font family 'Nimbus Roman' not found.
findfont: Font family 'Nimbus Roman' not found.
findfont: Font family 'Nimbus Roman' not found.
findfont: Font family 'Nimbus Roman' not found.
findfont: Font family 'Nimbus Roman' not found.
findfont: Font family 'Nimbus Roman' not found.
findfont: Font family 'Nimbus Roman' not found.
findfont: Font family 'Nimbus Roman' not found.
findfont: Font family 'Nimbus Roman' not found.
findfont: Font family 'Nimbus Roman' not found.
findfont: Font family 'Nimbus Roman' not found.
findfont: Font family 'Nimbus Roman' not found.
findfont: Font family 'Nimbus Roman' not found.
findfont: Font family 'Nimbus Roman' not found.
findfont: Font family 'Nimbus Roman' not found.
findfont: Font family 'Nimbus Roman' not found.
findfont: Font family 'Nimbus Roman' not found.
findfont: Font family 'Nimbus Roman' not found.
findfont: Font family 'Nimbus Roman' not found.
findfont: Font family 'Nimbus Roman' not found.
findfont: Font family 'Nimbus Roman' not found.
findfont: Font family 'Nimbus Roman' not found.
findfont: Font family 'Nimbus Roman' not found.
findfont: Font family 'Nimbus Roman' not found.
findfont: Font family 'Nimbus Roman' not found.
findfont: Font family 'Nimbus Roman' not found.
findfont: Font family 'Nimbus Roman' not found.
findfont: Font family 'Nimbus Roman' not found.
findfont: Font family 'Nimbus Roman' not found.
findfont: Font family 'Nimbus Roman' not found.
findfont: Font family 'Nimbus Roman' not found.
findfont: Font family 'Nimbus Roman' not found.
findfont: Font family 'Nimbus Roman' not found.
findfont: Font family 'Nimbus Roman' not found.
findfont: Font family 'Nimbus Roman' not found.
findfont: Font family 'Nimbus Roman' not found.
findfont: Font family 'Nimbus Roman' not found.
findfont: Font family 'Nimbus Roman' not found.
findfont: Font family 'Nimbus Roman' not found.
findfont: Font family 'Nimbus Roman' not found.
findfont: Font family 'Nimbus Roman' not found.
findfont: Font family 'Nimbus Roman' not found.
findfont: Font family 'Nimbus Roman' not found.
findfont: Font family 'Nimbus Roman' not found.
findfont: Font family 'Nimbus Roman' not found.
findfont: Font family 'Nimbus Roman' not found.
findfont: Font family 'Nimbus Roman' not found.
findfont: Font family 'Nimbus Roman' not found.
findfont: Font family 'Nimbus Roman' not found.
findfont: Font family 'Nimbus Roman' not found.
findfont: Font family 'Nimbus Roman' not found.
findfont: Font family 'Nimbus Roman' not found.
findfont: Font family 'Nimbus Roman' not found.
findfont: Font family 'Nimbus Roman' not found.
findfont: Font family 'Nimbus Roman' not found.
findfont: Font family 'Nimbus Roman' not found.
findfont: Font family 'Nimbus Roman' not found.
findfont: Font family 'Nimbus Roman' not found.
findfont: Font family 'Nimbus Roman' not found.
findfont: Font family 'Nimbus Roman' not found.
findfont: Font family 'Nimbus Roman' not found.
findfont: Font family 'Nimbus Roman' not found.
findfont: Font family 'Nimbus Roman' not found.
findfont: Font family 'Nimbus Roman' not found.
findfont: Font family 'Nimbus Roman' not found.
findfont: Font family 'Nimbus Roman' not found.
findfont: Font family 'Nimbus Roman' not found.
findfont: Font family 'Nimbus Roman' not found.
findfont: Font family 'Nimbus Roman' not found.
Ridge mode: rkhs; diagnostic interval: 50
Iter 1/4000 | log_obj=9.912e+00 | log_Bellman_root=3.513e+00 | mass=1.90e+04 | neg=0.00e+00 | grad=3.37e+02
Iter 400/4000 | log_obj=5.417e+00 | log_Bellman_root=1.267e+00 | mass=2.12e+02 | neg=0.00e+00 | grad=9.74e+03
Iter 800/4000 | log_obj=5.419e+00 | log_Bellman_root=1.268e+00 | mass=2.13e+02 | neg=0.00e+00 | grad=9.73e+03
Iter 1200/4000 | log_obj=5.420e+00 | log_Bellman_root=1.268e+00 | mass=2.13e+02 | neg=0.00e+00 | grad=9.73e+03
Iter 1600/4000 | log_obj=3.557e+00 | log_Bellman_root=4.020e-01 | mass=3.27e+01 | neg=0.00e+00 | grad=4.05e+03
Iter 2000/4000 | log_obj=1.068e+00 | log_Bellman_root=-9.266e-01 | mass=2.67e+00 | neg=0.00e+00 | grad=1.43e+03
Iter 2400/4000 | log_obj=3.453e+00 | log_Bellman_root=2.888e-01 | mass=2.97e+01 | neg=0.00e+00 | grad=3.86e+03
Iter 2800/4000 | log_obj=1.060e+00 | log_Bellman_root=-9.331e-01 | mass=2.67e+00 | neg=0.00e+00 | grad=1.30e+03
Iter 3200/4000 | log_obj=2.749e+00 | log_Bellman_root=1.104e-01 | mass=1.43e+01 | neg=0.00e+00 | grad=2.83e+03
Iter 3600/4000 | log_obj=4.431e-01 | log_Bellman_root=-1.093e+00 | mass=1.39e+00 | neg=0.00e+00 | grad=1.63e+03
Iter 4000/4000 | log_obj=1.887e+00 | log_Bellman_root=-4.327e-01 | mass=6.12e+00 | neg=0.00e+00 | grad=6.42e+02
Returning best diagnostic checkpoint from step 3550 (objective=1.098e+00, Bellman=1.044e-01).
Done in 12.65s.
KE-DRL global estimation is done.
B_hat shape: (3080, 800)
B_hat rank diagnostics: {'B_num_rows': 3080, 'B_num_cols': 800, 'B_min_dim': 800, 'B_numerical_rank': 800, 'B_rank_fraction': 1.0, 'B_rank_tolerance': 3.091383863562669e-05, 'B_stable_rank': 317.02392578125, 'B_effective_rank': 770.0260100154488, 'B_entropy_rank': 6.646424293518066, 'B_spectral_norm': 0.08419612795114517, 'B_frobenius_norm': 1.4991260766983032, 'B_nuclear_norm': 40.887969970703125, 'B_condition_number': 3.3664001148684486, 'B_condition_number_tol': 3.3664001148684486, 'B_smallest_singular_value': 0.02501073107123375, 'B_rank_rel_1em2': 800, 'B_rank_rel_1em3': 800, 'B_rank_rel_1em4': 800}
Global-loss target mass diagnostics: {'target_mass_mean': 0.2636181712150574, 'target_mass_min': -1.0040247440338135, 'target_mass_max': 1.4625446796417236, 'target_mass_sd': 0.6320078372955322, 'target_mass_rmse_to_target': 0.96834796667099, 'target_beta_min': -0.0031820321455597878, 'target_beta_max': 0.014311562292277813, 'target_neg_frac_mean': 0.4872375000000001}
Return dictionary Z_grid shape: (800, 3)
Replicate 35 risk metrics: {'risk_n_steps_recorded': 81.0, 'risk_n_diagnostics_recorded': 81.0, 'risk_log_obj_initial': 9.912142761355451, 'risk_log_obj_final': 1.88738155303401, 'risk_log_obj_min': 0.09341970702579207, 'risk_obj_initial': 20173.85546875001, 'risk_obj_final': 6.6020588874816895, 'risk_obj_min': 1.097922444343567, 'risk_log_obj_drop': 8.024761208321442, 'risk_log_bellman_root_initial': 3.512939166010861, 'risk_log_bellman_root_final': -0.43270167779464463, 'risk_log_bellman_root_min': -1.1296143849511766, 'risk_bellman_root_initial': 33.54672241210938, 'risk_bellman_root_final': 0.6487540006637573, 'risk_bellman_root_min': 0.3231578469276428, 'risk_bellman_initial': 1125.382584595122, 'risk_bellman_final': 0.42088175337723044, 'risk_bellman_min': 0.10443099403090983, 'risk_log_bellman_root_drop': 3.9456408438055055, 'risk_bellman_returned': 0.10443099588155746, 'risk_obj_returned': 1.097922444343567, 'risk_returned_step': 3550.0, 'offline_data_id': 35, 'benchmark_point_source': 'fixed_config_plus_support_safe_target_policy_draws', 'target_set_size': 100, 'lambda_reg': 0.005, 'lambda_B': 0.2, 'num_steps': 4000, 'transition_reduction_enabled': 1, 'transition_reduction_method': 'kmeans', 'transition_original_rows': 12000, 'transition_reduced_rows': 3080, 'transition_compression_ratio': 0.25666666666666665, 'target_mass_mean': 0.2636181712150574, 'target_mass_min': -1.0040247440338135, 'target_mass_max': 1.4625446796417236, 'target_mass_sd': 0.6320078372955322, 'target_mass_rmse_to_target': 0.96834796667099, 'target_beta_min': -0.0031820321455597878, 'target_beta_max': 0.014311562292277813, 'target_neg_frac_mean': 0.4872375000000001, 'B_num_rows': 3080, 'B_num_cols': 800, 'B_min_dim': 800, 'B_numerical_rank': 800, 'B_rank_fraction': 1.0, 'B_rank_tolerance': 3.091383863562669e-05, 'B_stable_rank': 317.02392578125, 'B_effective_rank': 770.0260100154488, 'B_entropy_rank': 6.646424293518066, 'B_spectral_norm': 0.08419612795114517, 'B_frobenius_norm': 1.4991260766983032, 'B_nuclear_norm': 40.887969970703125, 'B_condition_number': 3.3664001148684486, 'B_condition_number_tol': 3.3664001148684486, 'B_smallest_singular_value': 0.02501073107123375, 'B_rank_rel_1em2': 800, 'B_rank_rel_1em3': 800, 'B_rank_rel_1em4': 800, 'risk_objective_final_raw': 6.6020588874816895, 'risk_objective_min_raw': 1.097922444343567, 'risk_objective_max_raw': 20173.85546875, 'risk_bellman_final_raw': 0.4208817183971405, 'risk_bellman_min_raw': 0.10443099588155746, 'risk_bellman_max_raw': 1125.3826904296875, 'risk_rkhs_ridge_final_raw': 0.06528180092573166, 'risk_rkhs_ridge_min_raw': 0.05126543715596199, 'risk_rkhs_ridge_max_raw': 23.220279693603516, 'risk_mass_final_raw': 6.1158952713012695, 'risk_mass_min_raw': 0.93769770860672, 'risk_mass_max_raw': 19025.251953125, 'risk_negativity_final_raw': 0.0, 'risk_negativity_min_raw': 0.0, 'risk_negativity_max_raw': 0.0, 'risk_B_norm_final_raw': 1.493491530418396, 'risk_B_norm_min_raw': 1.493491530418396, 'risk_B_norm_max_raw': 1.6401225328445435, 'risk_diagnostic_step_final_raw': 4000.0, 'risk_diagnostic_step_min_raw': 1.0, 'risk_diagnostic_step_max_raw': 4000.0, 'risk_best_step_final_raw': 3550.0, 'risk_best_step_min_raw': 3550.0, 'risk_best_step_max_raw': 3550.0, 'risk_best_objective_final_raw': 1.097922444343567, 'risk_best_objective_min_raw': 1.097922444343567, 'risk_best_objective_max_raw': 1.097922444343567, 'risk_best_bellman_final_raw': 0.10443099588155746, 'risk_best_bellman_min_raw': 0.10443099588155746, 'risk_best_bellman_max_raw': 0.10443099588155746, 'risk_returned_step_final_raw': 3550.0, 'risk_returned_step_min_raw': 3550.0, 'risk_returned_step_max_raw': 3550.0, 'risk_returned_objective_final_raw': 1.097922444343567, 'risk_returned_objective_min_raw': 1.097922444343567, 'risk_returned_objective_max_raw': 1.097922444343567, 'risk_returned_bellman_final_raw': 0.10443099588155746, 'risk_returned_bellman_min_raw': 0.10443099588155746, 'risk_returned_bellman_max_raw': 0.10443099588155746, 'risk_returned_best_checkpoint_final_raw': 1.0, 'risk_returned_best_checkpoint_min_raw': 1.0, 'risk_returned_best_checkpoint_max_raw': 1.0}
Benchmark 0 evaluation grid shape: (800, 3)
Replicate 35, benchmark 0 metrics: {'run_id': '35_b0', 'RMSE': 0.2806034701544154, 'MAE': 0.2623989900825109, 'SupNorm': 0.4507085159420967, 'Bias': -0.2623989900825109, 'Corr': 0.12637484542572225, 'deming_slope': 0.0713753010948286, 'deming_intercept': -0.018895674638238515, 'beta_sum': 0.01226758398115635, 'beta_l1': 0.6841287612915039, 'beta_l2': 0.033065181225538254, 'beta_min': -0.0024381717666983604, 'beta_max': 0.005585613194853067, 'beta_neg_frac': 0.59375, 'offline_data_id': 35, 'benchmark_id': 0, 'benchmark_point_source': 'fixed_config', 'target_set_size': 100, 'benchmark_z_path': 'data/Z_true.pt', 'projected_bellman_test_risk': 0.013307777233421803, 'oracle_embedding_risk': 1.034196376800537, 'benchmark_embedding_risk': 1.034196376800537, 'risk_bellman_final': 0.42088175337723044, 'risk_obj_final': 6.6020588874816895, 'B_num_rows': 3080, 'B_num_cols': 800, 'B_min_dim': 800, 'B_numerical_rank': 800, 'B_rank_fraction': 1.0, 'B_rank_tolerance': 3.091383863562669e-05, 'B_stable_rank': 317.02392578125, 'B_effective_rank': 770.0260100154488, 'B_entropy_rank': 6.646424293518066, 'B_spectral_norm': 0.08419612795114517, 'B_frobenius_norm': 1.4991260766983032, 'B_nuclear_norm': 40.887969970703125, 'B_condition_number': 3.3664001148684486, 'B_condition_number_tol': 3.3664001148684486, 'B_smallest_singular_value': 0.02501073107123375, 'B_rank_rel_1em2': 800, 'B_rank_rel_1em3': 800, 'B_rank_rel_1em4': 800}
Saved ./mu/mu_hat.csv shape=(800,)
Saved ./mu/mu2D_hat_dims01.csv shape=(120, 120)
Saved ./mu/mu2D_hat_dims01.csv shape=(120, 120)
Saved plots/replicate_35/mu_3D.png
Benchmark 1 evaluation grid shape: (800, 3)
Replicate 35, benchmark 1 metrics: {'run_id': '35_b1', 'RMSE': 0.4212057061622961, 'MAE': 0.38906955117206965, 'SupNorm': 0.6929031610488892, 'Bias': -0.38906955117206965, 'Corr': -0.9671866086465005, 'deming_slope': -0.6904308378945859, 'deming_intercept': 0.051345630718732216, 'beta_sum': -0.2937116324901581, 'beta_l1': 0.6271857023239136, 'beta_l2': 0.027690740302205086, 'beta_min': -0.001897243782877922, 'beta_max': 0.0047484831884503365, 'beta_neg_frac': 0.80625, 'offline_data_id': 35, 'benchmark_id': 1, 'benchmark_point_source': 'fixed_config', 'target_set_size': 100, 'benchmark_z_path': 'data/Z_true.pt', 'projected_bellman_test_risk': 0.05088700354099274, 'oracle_embedding_risk': 1.3349429368972778, 'benchmark_embedding_risk': 1.3349429368972778, 'risk_bellman_final': 0.42088175337723044, 'risk_obj_final': 6.6020588874816895, 'B_num_rows': 3080, 'B_num_cols': 800, 'B_min_dim': 800, 'B_numerical_rank': 800, 'B_rank_fraction': 1.0, 'B_rank_tolerance': 3.091383863562669e-05, 'B_stable_rank': 317.02392578125, 'B_effective_rank': 770.0260100154488, 'B_entropy_rank': 6.646424293518066, 'B_spectral_norm': 0.08419612795114517, 'B_frobenius_norm': 1.4991260766983032, 'B_nuclear_norm': 40.887969970703125, 'B_condition_number': 3.3664001148684486, 'B_condition_number_tol': 3.3664001148684486, 'B_smallest_singular_value': 0.02501073107123375, 'B_rank_rel_1em2': 800, 'B_rank_rel_1em3': 800, 'B_rank_rel_1em4': 800}
Benchmark 2 evaluation grid shape: (800, 3)
Replicate 35, benchmark 2 metrics: {'run_id': '35_b2', 'RMSE': 0.45767001221817105, 'MAE': 0.42543277457283696, 'SupNorm': 0.7426547706127167, 'Bias': -0.42543277457283696, 'Corr': -0.8306080627093607, 'deming_slope': -0.8809676327679151, 'deming_intercept': 0.07872972366016487, 'beta_sum': -0.3973099887371063, 'beta_l1': 0.6960414052009583, 'beta_l2': 0.029333457350730896, 'beta_min': -0.002003693487495184, 'beta_max': 0.005307461135089397, 'beta_neg_frac': 0.8275, 'offline_data_id': 35, 'benchmark_id': 2, 'benchmark_point_source': 'fixed_config', 'target_set_size': 100, 'benchmark_z_path': 'data/Z_true.pt', 'projected_bellman_test_risk': 0.04924117028713226, 'oracle_embedding_risk': 1.428213119506836, 'benchmark_embedding_risk': 1.428213119506836, 'risk_bellman_final': 0.42088175337723044, 'risk_obj_final': 6.6020588874816895, 'B_num_rows': 3080, 'B_num_cols': 800, 'B_min_dim': 800, 'B_numerical_rank': 800, 'B_rank_fraction': 1.0, 'B_rank_tolerance': 3.091383863562669e-05, 'B_stable_rank': 317.02392578125, 'B_effective_rank': 770.0260100154488, 'B_entropy_rank': 6.646424293518066, 'B_spectral_norm': 0.08419612795114517, 'B_frobenius_norm': 1.4991260766983032, 'B_nuclear_norm': 40.887969970703125, 'B_condition_number': 3.3664001148684486, 'B_condition_number_tol': 3.3664001148684486, 'B_smallest_singular_value': 0.02501073107123375, 'B_rank_rel_1em2': 800, 'B_rank_rel_1em3': 800, 'B_rank_rel_1em4': 800}
Benchmark 3 evaluation grid shape: (800, 3)
Replicate 35, benchmark 3 metrics: {'run_id': '35_b3', 'RMSE': 0.3782494516209436, 'MAE': 0.3484588357866596, 'SupNorm': 0.6260935068130493, 'Bias': -0.3484588357866596, 'Corr': -0.812308650444205, 'deming_slope': -0.5587440032423435, 'deming_intercept': 0.055645616855695454, 'beta_sum': -0.1811048686504364, 'beta_l1': 0.5944624543190002, 'beta_l2': 0.027725381776690483, 'beta_min': -0.0018900157883763313, 'beta_max': 0.005593704991042614, 'beta_neg_frac': 0.74875, 'offline_data_id': 35, 'benchmark_id': 3, 'benchmark_point_source': 'fixed_config', 'target_set_size': 100, 'benchmark_z_path': 'data/Z_true.pt', 'projected_bellman_test_risk': 0.04517599195241928, 'oracle_embedding_risk': 1.2338447570800781, 'benchmark_embedding_risk': 1.2338447570800781, 'risk_bellman_final': 0.42088175337723044, 'risk_obj_final': 6.6020588874816895, 'B_num_rows': 3080, 'B_num_cols': 800, 'B_min_dim': 800, 'B_numerical_rank': 800, 'B_rank_fraction': 1.0, 'B_rank_tolerance': 3.091383863562669e-05, 'B_stable_rank': 317.02392578125, 'B_effective_rank': 770.0260100154488, 'B_entropy_rank': 6.646424293518066, 'B_spectral_norm': 0.08419612795114517, 'B_frobenius_norm': 1.4991260766983032, 'B_nuclear_norm': 40.887969970703125, 'B_condition_number': 3.3664001148684486, 'B_condition_number_tol': 3.3664001148684486, 'B_smallest_singular_value': 0.02501073107123375, 'B_rank_rel_1em2': 800, 'B_rank_rel_1em3': 800, 'B_rank_rel_1em4': 800}
Benchmark 4 evaluation grid shape: (800, 3)
Replicate 35, benchmark 4 metrics: {'run_id': '35_b4', 'RMSE': 0.14218287459940393, 'MAE': 0.12256908344454132, 'SupNorm': 0.3524351939558983, 'Bias': -0.05495993335614912, 'Corr': 0.3654302061843326, 'deming_slope': 2.294182488497695, 'deming_intercept': -0.3999950462559052, 'beta_sum': 1.238872766494751, 'beta_l1': 1.2411264181137085, 'beta_l2': 0.06001248210668564, 'beta_min': -0.00028152752202004194, 'beta_max': 0.010633626021444798, 'beta_neg_frac': 0.0075, 'offline_data_id': 35, 'benchmark_id': 4, 'benchmark_point_source': 'support_safe_target_policy_draw', 'target_set_size': 100, 'benchmark_z_path': 'data/Z_true.pt', 'projected_bellman_test_risk': 0.01353304274380207, 'oracle_embedding_risk': 0.9917805194854736, 'benchmark_embedding_risk': 0.9917805194854736, 'risk_bellman_final': 0.42088175337723044, 'risk_obj_final': 6.6020588874816895, 'B_num_rows': 3080, 'B_num_cols': 800, 'B_min_dim': 800, 'B_numerical_rank': 800, 'B_rank_fraction': 1.0, 'B_rank_tolerance': 3.091383863562669e-05, 'B_stable_rank': 317.02392578125, 'B_effective_rank': 770.0260100154488, 'B_entropy_rank': 6.646424293518066, 'B_spectral_norm': 0.08419612795114517, 'B_frobenius_norm': 1.4991260766983032, 'B_nuclear_norm': 40.887969970703125, 'B_condition_number': 3.3664001148684486, 'B_condition_number_tol': 3.3664001148684486, 'B_smallest_singular_value': 0.02501073107123375, 'B_rank_rel_1em2': 800, 'B_rank_rel_1em3': 800, 'B_rank_rel_1em4': 800}
Benchmark 5 evaluation grid shape: (800, 3)
Replicate 35, benchmark 5 metrics: {'run_id': '35_b5', 'RMSE': 0.2635291265662089, 'MAE': 0.24720570953862533, 'SupNorm': 0.4166200002655387, 'Bias': -0.24720570953862533, 'Corr': 0.31143167780947356, 'deming_slope': 0.02297937456090176, 'deming_intercept': 0.0038735493967472613, 'beta_sum': 0.0758746787905693, 'beta_l1': 0.1505911946296692, 'beta_l2': 0.0069012329913675785, 'beta_min': -0.0004522350791376084, 'beta_max': 0.001010224805213511, 'beta_neg_frac': 0.34875, 'offline_data_id': 35, 'benchmark_id': 5, 'benchmark_point_source': 'support_safe_target_policy_draw', 'target_set_size': 100, 'benchmark_z_path': 'data/Z_true.pt', 'projected_bellman_test_risk': 0.0026978524401783943, 'oracle_embedding_risk': 0.9816362857818604, 'benchmark_embedding_risk': 0.9816362857818604, 'risk_bellman_final': 0.42088175337723044, 'risk_obj_final': 6.6020588874816895, 'B_num_rows': 3080, 'B_num_cols': 800, 'B_min_dim': 800, 'B_numerical_rank': 800, 'B_rank_fraction': 1.0, 'B_rank_tolerance': 3.091383863562669e-05, 'B_stable_rank': 317.02392578125, 'B_effective_rank': 770.0260100154488, 'B_entropy_rank': 6.646424293518066, 'B_spectral_norm': 0.08419612795114517, 'B_frobenius_norm': 1.4991260766983032, 'B_nuclear_norm': 40.887969970703125, 'B_condition_number': 3.3664001148684486, 'B_condition_number_tol': 3.3664001148684486, 'B_smallest_singular_value': 0.02501073107123375, 'B_rank_rel_1em2': 800, 'B_rank_rel_1em3': 800, 'B_rank_rel_1em4': 800}
Benchmark 6 evaluation grid shape: (800, 3)
Replicate 35, benchmark 6 metrics: {'run_id': '35_b6', 'RMSE': 0.2612878891444997, 'MAE': 0.2434389155745157, 'SupNorm': 0.4220394603908062, 'Bias': -0.2434389155745157, 'Corr': 0.1867671001757094, 'deming_slope': 0.0721961048239177, 'deming_intercept': 0.0014931378033374472, 'beta_sum': 0.13748934864997864, 'beta_l1': 0.6140621304512024, 'beta_l2': 0.03130868077278137, 'beta_min': -0.0019063415238633752, 'beta_max': 0.006191178224980831, 'beta_neg_frac': 0.5325, 'offline_data_id': 35, 'benchmark_id': 6, 'benchmark_point_source': 'support_safe_target_policy_draw', 'target_set_size': 100, 'benchmark_z_path': 'data/Z_true.pt', 'projected_bellman_test_risk': 0.012785177677869797, 'oracle_embedding_risk': 0.9803170561790466, 'benchmark_embedding_risk': 0.9803170561790466, 'risk_bellman_final': 0.42088175337723044, 'risk_obj_final': 6.6020588874816895, 'B_num_rows': 3080, 'B_num_cols': 800, 'B_min_dim': 800, 'B_numerical_rank': 800, 'B_rank_fraction': 1.0, 'B_rank_tolerance': 3.091383863562669e-05, 'B_stable_rank': 317.02392578125, 'B_effective_rank': 770.0260100154488, 'B_entropy_rank': 6.646424293518066, 'B_spectral_norm': 0.08419612795114517, 'B_frobenius_norm': 1.4991260766983032, 'B_nuclear_norm': 40.887969970703125, 'B_condition_number': 3.3664001148684486, 'B_condition_number_tol': 3.3664001148684486, 'B_smallest_singular_value': 0.02501073107123375, 'B_rank_rel_1em2': 800, 'B_rank_rel_1em3': 800, 'B_rank_rel_1em4': 800}
Benchmark 7 evaluation grid shape: (800, 3)
Replicate 35, benchmark 7 metrics: {'run_id': '35_b7', 'RMSE': 0.08492154491381745, 'MAE': 0.068267841382185, 'SupNorm': 0.19929096102714539, 'Bias': 0.03748117773211561, 'Corr': 0.8078203969685095, 'deming_slope': 1.4783079250266402, 'deming_intercept': -0.08758926167053643, 'beta_sum': 1.2160909175872803, 'beta_l1': 1.2324961423873901, 'beta_l2': 0.06419868767261505, 'beta_min': -0.0006734565831720829, 'beta_max': 0.012107610702514648, 'beta_neg_frac': 0.0525, 'offline_data_id': 35, 'benchmark_id': 7, 'benchmark_point_source': 'support_safe_target_policy_draw', 'target_set_size': 100, 'benchmark_z_path': 'data/Z_true.pt', 'projected_bellman_test_risk': 0.021094726398587227, 'oracle_embedding_risk': 0.8110784292221069, 'benchmark_embedding_risk': 0.8110784292221069, 'risk_bellman_final': 0.42088175337723044, 'risk_obj_final': 6.6020588874816895, 'B_num_rows': 3080, 'B_num_cols': 800, 'B_min_dim': 800, 'B_numerical_rank': 800, 'B_rank_fraction': 1.0, 'B_rank_tolerance': 3.091383863562669e-05, 'B_stable_rank': 317.02392578125, 'B_effective_rank': 770.0260100154488, 'B_entropy_rank': 6.646424293518066, 'B_spectral_norm': 0.08419612795114517, 'B_frobenius_norm': 1.4991260766983032, 'B_nuclear_norm': 40.887969970703125, 'B_condition_number': 3.3664001148684486, 'B_condition_number_tol': 3.3664001148684486, 'B_smallest_singular_value': 0.02501073107123375, 'B_rank_rel_1em2': 800, 'B_rank_rel_1em3': 800, 'B_rank_rel_1em4': 800}
Benchmark 8 evaluation grid shape: (800, 3)
Replicate 35, benchmark 8 metrics: {'run_id': '35_b8', 'RMSE': 0.10355886186599383, 'MAE': 0.09110854828322772, 'SupNorm': 0.1837632954120636, 'Bias': -0.08907255286874716, 'Corr': 0.8473298319111568, 'deming_slope': 0.6985568520546667, 'deming_intercept': -0.01054836660878325, 'beta_sum': 0.7482936382293701, 'beta_l1': 0.8678377866744995, 'beta_l2': 0.04617865011096001, 'beta_min': -0.0014700430911034346, 'beta_max': 0.0086677186191082, 'beta_neg_frac': 0.20875, 'offline_data_id': 35, 'benchmark_id': 8, 'benchmark_point_source': 'support_safe_target_policy_draw', 'target_set_size': 100, 'benchmark_z_path': 'data/Z_true.pt', 'projected_bellman_test_risk': 0.04223275184631348, 'oracle_embedding_risk': 0.7903892993927002, 'benchmark_embedding_risk': 0.7903892993927002, 'risk_bellman_final': 0.42088175337723044, 'risk_obj_final': 6.6020588874816895, 'B_num_rows': 3080, 'B_num_cols': 800, 'B_min_dim': 800, 'B_numerical_rank': 800, 'B_rank_fraction': 1.0, 'B_rank_tolerance': 3.091383863562669e-05, 'B_stable_rank': 317.02392578125, 'B_effective_rank': 770.0260100154488, 'B_entropy_rank': 6.646424293518066, 'B_spectral_norm': 0.08419612795114517, 'B_frobenius_norm': 1.4991260766983032, 'B_nuclear_norm': 40.887969970703125, 'B_condition_number': 3.3664001148684486, 'B_condition_number_tol': 3.3664001148684486, 'B_smallest_singular_value': 0.02501073107123375, 'B_rank_rel_1em2': 800, 'B_rank_rel_1em3': 800, 'B_rank_rel_1em4': 800}
Benchmark 9 evaluation grid shape: (800, 3)
Replicate 35, benchmark 9 metrics: {'run_id': '35_b9', 'RMSE': 0.05173452430635856, 'MAE': 0.043258192394278014, 'SupNorm': 0.1057700514793396, 'Bias': 0.027757697487832047, 'Corr': 0.9352539206060434, 'deming_slope': 1.2420623751700257, 'deming_intercept': -0.03657405763027832, 'beta_sum': 1.0939650535583496, 'beta_l1': 1.1221081018447876, 'beta_l2': 0.06013507395982742, 'beta_min': -0.0008183079771697521, 'beta_max': 0.010912035591900349, 'beta_neg_frac': 0.07625, 'offline_data_id': 35, 'benchmark_id': 9, 'benchmark_point_source': 'support_safe_target_policy_draw', 'target_set_size': 100, 'benchmark_z_path': 'data/Z_true.pt', 'projected_bellman_test_risk': 0.04446230083703995, 'oracle_embedding_risk': 0.7578253746032715, 'benchmark_embedding_risk': 0.7578253746032715, 'risk_bellman_final': 0.42088175337723044, 'risk_obj_final': 6.6020588874816895, 'B_num_rows': 3080, 'B_num_cols': 800, 'B_min_dim': 800, 'B_numerical_rank': 800, 'B_rank_fraction': 1.0, 'B_rank_tolerance': 3.091383863562669e-05, 'B_stable_rank': 317.02392578125, 'B_effective_rank': 770.0260100154488, 'B_entropy_rank': 6.646424293518066, 'B_spectral_norm': 0.08419612795114517, 'B_frobenius_norm': 1.4991260766983032, 'B_nuclear_norm': 40.887969970703125, 'B_condition_number': 3.3664001148684486, 'B_condition_number_tol': 3.3664001148684486, 'B_smallest_singular_value': 0.02501073107123375, 'B_rank_rel_1em2': 800, 'B_rank_rel_1em3': 800, 'B_rank_rel_1em4': 800}
Replicate 35 finished in 22.7s
Finished combo 6, offline replicate 35.
