Job ID:    2358940
Array idx: 161
CPUs/node: 64
Mem/node:  131072
Using CC = cc 
Using CXX = CC 
Using FC = ftn 
Using F77 = ftn 
Using F90 = ftn 
cuda/12.6.1 is deprecated; loading cudatoolkit/25.5_12.9 instead.
Using CC = /opt/nvidia/hpc_sdk/Linux_aarch64/25.5/compilers/bin/nvc 
Using CXX = /opt/nvidia/hpc_sdk/Linux_aarch64/25.5/compilers/bin/nvc++ 
Using FC = /opt/nvidia/hpc_sdk/Linux_aarch64/25.5/compilers/bin/nvfortran 
Using F77 = /opt/nvidia/hpc_sdk/Linux_aarch64/25.5/compilers/bin/nvfortran 
Using F90 = /opt/nvidia/hpc_sdk/Linux_aarch64/25.5/compilers/bin/nvfortran 
Using CC = /opt/nvidia/hpc_sdk/Linux_aarch64/25.5/compilers/bin/nvc 
Using CXX = /opt/nvidia/hpc_sdk/Linux_aarch64/25.5/compilers/bin/nvc++ 
Using FC = /opt/nvidia/hpc_sdk/Linux_aarch64/25.5/compilers/bin/nvfortran 
Using F77 = /opt/nvidia/hpc_sdk/Linux_aarch64/25.5/compilers/bin/nvfortran 
Using F90 = /opt/nvidia/hpc_sdk/Linux_aarch64/25.5/compilers/bin/nvfortran 

Lmod is automatically replacing "gcc-native/14" with "gcc/14.2.0".

ghx4
0
Tuning combo id: 1 / 6
Offline replicate id: 61 / 99
Installing ke_drl from git: https://github.com/mehrdadmhmdi/ke-drl.git@main
Collecting git+https://github.com/mehrdadmhmdi/ke-drl.git@main
  Cloning https://github.com/mehrdadmhmdi/ke-drl.git (to revision main) to /tmp/pip-req-build-qrwf9iji
  Running command git clone --filter=blob:none --quiet https://github.com/mehrdadmhmdi/ke-drl.git /tmp/pip-req-build-qrwf9iji
  Resolved https://github.com/mehrdadmhmdi/ke-drl.git to commit 3c5d570e40ea15b1fbe4817b5f43b64c7b333e82
  Installing build dependencies: started
  Installing build dependencies: finished with status 'done'
  Getting requirements to build wheel: started
  Getting requirements to build wheel: finished with status 'done'
  Preparing metadata (pyproject.toml): started
  Preparing metadata (pyproject.toml): finished with status 'done'
Building wheels for collected packages: ke_drl
  Building wheel for ke_drl (pyproject.toml): started
  Building wheel for ke_drl (pyproject.toml): finished with status 'done'
  Created wheel for ke_drl: filename=ke_drl-0.1.0-py3-none-any.whl size=47219 sha256=290582418785f0e567ef995b6b02e1c0d4e08147750c94797c0ad43e4e9b43e5
  Stored in directory: /tmp/pip-ephem-wheel-cache-hgozm46x/wheels/24/47/ad/9a4ffd3b05d3e90e35ffc6e7324b735b8bfcf5f51aaf29a333
Successfully built ke_drl
Installing collected packages: ke_drl
Successfully installed ke_drl-0.1.0
Installed ke_drl source: /work/nvme/bfez/mehrdad3/DistRL/simulation_3/runs/sim3_global_2358722_1/.kedrl_site_161/ke_drl/__init__.py
Tuning combo 1: lambda_B_0.002
Overrides: {'lambda_B': 0.002}
RUN: /sw/user/python/miniforge3-pytorch-24.11.3/bin/python3 validate_sim_config.py --params params.yaml
ke_drl import source: /work/nvme/bfez/mehrdad3/DistRL/simulation_3/runs/sim3_global_2358722_1/.kedrl_site_161/ke_drl/__init__.py
ke_drl package API OK: prediction weights, RFF operators, rank diagnostics, and best-checkpoint optimizer available
Policy config OK: behavior=uniform, target=logistic, state_dim=5, action_dim=1
Note: policy.logistic.theta_scale/theta_std are log-scale coefficients in Probability_Densities.
Behavior-policy linearized state-process diagnostic: spectral_radius=0.653, offline_burn_in=50
Replicate config OK: num_replicates=100, benchmark points=10 independent of D_i, loss target points=100
Transition reduction OK: method=kmeans, raw rows N(T-1)=12000, target rows about 3000, B rows reduced from 12000 to about 3000
Return-operator approximation OK: method=rff, features=512, exact G avoided for estimated N=12000, m=800, L=100
Fixed benchmark config rows=4 (benchmark.num_points=10; additional points are support-safe target-policy draws if needed)
Fixed benchmark point 0: s_star=[0.6, -0.8, 0.7, -0.5, 0.9], a_star=[0.5]
Fixed benchmark behavior-support interval for configured rows: min_lower=-0.12, max_upper=1.11
Fixed benchmark target-policy location range: [-0.02, 0.14]
Reusing shared data from /work/nvme/bfez/mehrdad3/DistRL/simulation_3/runs/sim3_shared_data/data for offline replicate 61.
RUN: /sw/user/python/miniforge3-pytorch-24.11.3/bin/python3 validate_sim_config.py --params params.yaml --data data/offline_data_61.pt
ke_drl import source: /work/nvme/bfez/mehrdad3/DistRL/simulation_3/runs/sim3_global_2358722_1/.kedrl_site_161/ke_drl/__init__.py
ke_drl package API OK: prediction weights, RFF operators, rank diagnostics, and best-checkpoint optimizer available
Policy config OK: behavior=uniform, target=logistic, state_dim=5, action_dim=1
Note: policy.logistic.theta_scale/theta_std are log-scale coefficients in Probability_Densities.
Behavior-policy linearized state-process diagnostic: spectral_radius=0.653, offline_burn_in=50
Replicate config OK: num_replicates=100, benchmark points=10 independent of D_i, loss target points=100
Transition reduction OK: method=kmeans, raw rows N(T-1)=12000, target rows about 3000, B rows reduced from 12000 to about 3000
Return-operator approximation OK: method=rff, features=512, exact G avoided for estimated N=12000, m=800, L=100
Fixed benchmark config rows=4 (benchmark.num_points=10; additional points are support-safe target-policy draws if needed)
Fixed benchmark point 0: s_star=[0.6, -0.8, 0.7, -0.5, 0.9], a_star=[0.5]
Fixed benchmark behavior-support interval for configured rows: min_lower=-0.12, max_upper=1.11
Fixed benchmark target-policy location range: [-0.02, 0.14]
Full benchmark support check OK: 10 points, min_lower=-2.177, max_upper=2.05
observed behavior actions: mean=0.3939, sd=0.6733, q0/q10/q50/q90/q100=[-2.0253453254699707, -0.41351550817489624, 0.3335120528936386, 1.2928709030151369, 2.9328441619873047]
target-policy sampled actions: mean=-0.01963, sd=0.6628, q0/q10/q50/q90/q100=[-2.7163701772180744, -0.8584375989842776, -0.012050857613126256, 0.8267061909760618, 2.559295405649807]
behavior uniform lower: mean=-0.1201, sd=0.6555, q0/q10/q50/q90/q100=[-2.6992284655570984, -0.9537968015670776, -0.11668783351778987, 0.7145527988672258, 2.526077687740326]
behavior uniform upper: mean=0.9166, sd=0.6464, q0/q10/q50/q90/q100=[-0.9191033601760864, 0.0712927880883217, 0.9210564523935318, 1.7456170892715452, 3.526077687740326]
target location inside behavior uniform support: 0.968
RUN: /sw/user/python/miniforge3-pytorch-24.11.3/bin/python3 main_est.py
# ================================================================ #
#   Global KE-DRL estimation for one offline replicate              #
# ================================================================ #
Slurm Job ID: 2358940
Slurm Array ID: 61 -- used as the offline-replicate id
Offline data id: 61
ke_drl import source: /work/nvme/bfez/mehrdad3/DistRL/simulation_3/runs/sim3_global_2358722_1/.kedrl_site_161/ke_drl/__init__.py
Estimator device: cuda (NVIDIA GH200 120GB, capability 9.0); torch CUDA=13.0
Random seed: 20460573
Number of offline replicates: 100
[transition reduction] enabled: original rows=12000, target basis=3000, method=kmeans, device=cuda
[transition reduction] kmeans iter 1/20, mean center shift=2.7399e-01
[transition reduction] kmeans iter 5/20, mean center shift=4.2132e-03
[transition reduction] selected 3082 rows from 12000 transitions (ratio 0.2568); indices saved to data/reduced_transition_indices_61.pt
Data and parameters loaded.
offline path: data/offline_data_61.pt
benchmark true-Z path: data/Z_true.pt
offline shapes after reduction: s0=(3082, 5), a0=(3082, 1), r0=(3082, 3)
transition reduction: {'enabled': True, 'method': 'kmeans', 'original_rows': 12000, 'reduced_rows': 3082, 'selected_indices_path': 'data/reduced_transition_indices_61.pt', 'target_basis': 3000, 'compression_ratio': 0.25683333333333336}
fixed benchmark point source: fixed_config_plus_support_safe_target_policy_draws
benchmark row excluded from this offline data: None
global loss target set shape: s_star=(100, 5), a_star=(100, 1)
benchmark true-Z count=10, shape each=(50000, 3)
target policy: logistic
behavior policy: uniform
lambda_Gamma=0.005, lambda_B=0.002, d_r_method=song
dtype=torch.float32, operator_method=rff, operator_num_features=512
ridge_mode=rkhs, diagnostic_interval=50
mass_anchor_lambda=1.0, target_mass=1.0
uLSIF basis: source=numerator, n_basis=512, lambda_reg=0.005
optimizer stabilizers: lambda_neg=0.0, max_B_norm=None, eta_clip_min=0.0, eta_clip_max=5.0, normalize_eta=True
========================================
Estimating the global KE-DRL mean embedding
torch device=cuda, dtype=torch.float32
Data dims: N=3082, L=100, Ds=5, Da=1, Dr=3
lambda_Gamma=0.005, lambda_B=0.002
return-operator construction: method=rff, rff_features=512
[uLSIF] basis=512/3082 (numerator); eta_hat min=-5.661e-01 max=4.963e+00 neg%=2.66
ESS for eta_plus: 2245.1 / 3082
eta_plus diagnostics: raw_mean=1, raw_min=-0.566, raw_max=4.96; used_mean=1, used_min=0, used_max=4.92
[timing] Z-grid: 0.03s
[timing] K_X: 0.00s
[timing] K_plus: 0.00s
[timing] k_star: 0.00s
[timing] Gamma_stack: 0.01s
[timing] Phi_stack: 0.00s
[timing] RFF feature sample: 0.00s
[timing] K_Z RFF: 0.00s
[timing] G_stack RFF: 0.01s
[timing] H_stack RFF: 0.01s
findfont: Font family 'Nimbus Roman' not found.
findfont: Font family 'Nimbus Roman' not found.
findfont: Font family 'Nimbus Roman' not found.
findfont: Font family 'Nimbus Roman' not found.
findfont: Font family 'Nimbus Roman' not found.
findfont: Font family 'Nimbus Roman' not found.
findfont: Font family 'Nimbus Roman' not found.
findfont: Font family 'Nimbus Roman' not found.
findfont: Font family 'Nimbus Roman' not found.
findfont: Font family 'Nimbus Roman' not found.
findfont: Font family 'Nimbus Roman' not found.
findfont: Font family 'Nimbus Roman' not found.
findfont: Font family 'Nimbus Roman' not found.
findfont: Font family 'Nimbus Roman' not found.
findfont: Font family 'Nimbus Roman' not found.
findfont: Font family 'Nimbus Roman' not found.
findfont: Font family 'Nimbus Roman' not found.
findfont: Font family 'Nimbus Roman' not found.
findfont: Font family 'Nimbus Roman' not found.
findfont: Font family 'Nimbus Roman' not found.
findfont: Font family 'Nimbus Roman' not found.
findfont: Font family 'Nimbus Roman' not found.
findfont: Font family 'Nimbus Roman' not found.
findfont: Font family 'Nimbus Roman' not found.
findfont: Font family 'Nimbus Roman' not found.
findfont: Font family 'Nimbus Roman' not found.
findfont: Font family 'Nimbus Roman' not found.
findfont: Font family 'Nimbus Roman' not found.
findfont: Font family 'Nimbus Roman' not found.
findfont: Font family 'Nimbus Roman' not found.
findfont: Font family 'Nimbus Roman' not found.
findfont: Font family 'Nimbus Roman' not found.
findfont: Font family 'Nimbus Roman' not found.
findfont: Font family 'Nimbus Roman' not found.
findfont: Font family 'Nimbus Roman' not found.
findfont: Font family 'Nimbus Roman' not found.
findfont: Font family 'Nimbus Roman' not found.
findfont: Font family 'Nimbus Roman' not found.
findfont: Font family ['Nimbus Roman'] not found. Falling back to DejaVu Sans.
findfont: Font family 'Nimbus Roman' not found.
findfont: Font family ['Nimbus Roman'] not found. Falling back to DejaVu Sans.
findfont: Font family 'Nimbus Roman' not found.
findfont: Font family 'Nimbus Roman' not found.
findfont: Font family 'Nimbus Roman' not found.
findfont: Font family 'Nimbus Roman' not found.
findfont: Font family 'Nimbus Roman' not found.
findfont: Font family 'Nimbus Roman' not found.
findfont: Font family 'Nimbus Roman' not found.
findfont: Font family 'Nimbus Roman' not found.
findfont: Font family ['Nimbus Roman'] not found. Falling back to DejaVu Sans.
findfont: Font family 'Nimbus Roman' not found.
findfont: Font family 'Nimbus Roman' not found.
findfont: Font family 'Nimbus Roman' not found.
findfont: Font family 'Nimbus Roman' not found.
findfont: Font family 'Nimbus Roman' not found.
findfont: Font family 'Nimbus Roman' not found.
findfont: Font family 'Nimbus Roman' not found.
findfont: Font family 'Nimbus Roman' not found.
findfont: Font family 'Nimbus Roman' not found.
findfont: Font family 'Nimbus Roman' not found.
findfont: Font family 'Nimbus Roman' not found.
findfont: Font family 'Nimbus Roman' not found.
findfont: Font family 'Nimbus Roman' not found.
findfont: Font family 'Nimbus Roman' not found.
findfont: Font family 'Nimbus Roman' not found.
findfont: Font family 'Nimbus Roman' not found.
findfont: Font family 'Nimbus Roman' not found.
findfont: Font family 'Nimbus Roman' not found.
findfont: Font family 'Nimbus Roman' not found.
findfont: Font family 'Nimbus Roman' not found.
findfont: Font family 'Nimbus Roman' not found.
findfont: Font family 'Nimbus Roman' not found.
findfont: Font family 'Nimbus Roman' not found.
findfont: Font family 'Nimbus Roman' not found.
findfont: Font family 'Nimbus Roman' not found.
findfont: Font family 'Nimbus Roman' not found.
findfont: Font family 'Nimbus Roman' not found.
findfont: Font family 'Nimbus Roman' not found.
findfont: Font family 'Nimbus Roman' not found.
findfont: Font family 'Nimbus Roman' not found.
findfont: Font family 'Nimbus Roman' not found.
findfont: Font family 'Nimbus Roman' not found.
findfont: Font family 'Nimbus Roman' not found.
findfont: Font family 'Nimbus Roman' not found.
findfont: Font family 'Nimbus Roman' not found.
findfont: Font family 'Nimbus Roman' not found.
findfont: Font family 'Nimbus Roman' not found.
findfont: Font family 'Nimbus Roman' not found.
findfont: Font family 'Nimbus Roman' not found.
findfont: Font family 'Nimbus Roman' not found.
findfont: Font family 'Nimbus Roman' not found.
findfont: Font family 'Nimbus Roman' not found.
findfont: Font family 'Nimbus Roman' not found.
findfont: Font family 'Nimbus Roman' not found.
findfont: Font family 'Nimbus Roman' not found.
findfont: Font family 'Nimbus Roman' not found.
findfont: Font family 'Nimbus Roman' not found.
findfont: Font family 'Nimbus Roman' not found.
findfont: Font family 'Nimbus Roman' not found.
findfont: Font family 'Nimbus Roman' not found.
findfont: Font family 'Nimbus Roman' not found.
findfont: Font family 'Nimbus Roman' not found.
findfont: Font family 'Nimbus Roman' not found.
findfont: Font family 'Nimbus Roman' not found.
findfont: Font family 'Nimbus Roman' not found.
findfont: Font family 'Nimbus Roman' not found.
findfont: Font family 'Nimbus Roman' not found.
findfont: Font family 'Nimbus Roman' not found.
findfont: Font family 'Nimbus Roman' not found.
findfont: Font family 'Nimbus Roman' not found.
findfont: Font family 'Nimbus Roman' not found.
findfont: Font family 'Nimbus Roman' not found.
findfont: Font family 'Nimbus Roman' not found.
findfont: Font family 'Nimbus Roman' not found.
findfont: Font family 'Nimbus Roman' not found.
findfont: Font family 'Nimbus Roman' not found.
findfont: Font family 'Nimbus Roman' not found.
findfont: Font family 'Nimbus Roman' not found.
findfont: Font family 'Nimbus Roman' not found.
findfont: Font family 'Nimbus Roman' not found.
findfont: Font family 'Nimbus Roman' not found.
Ridge mode: rkhs; diagnostic interval: 50
Iter 1/4000 | log_obj=9.791e+00 | log_Bellman_root=3.460e+00 | mass=1.69e+04 | neg=0.00e+00 | grad=7.18e+02
Iter 400/4000 | log_obj=5.165e+00 | log_Bellman_root=1.136e+00 | mass=1.65e+02 | neg=0.00e+00 | grad=1.37e+04
Iter 800/4000 | log_obj=5.568e+00 | log_Bellman_root=1.339e+00 | mass=2.47e+02 | neg=0.00e+00 | grad=3.10e+03
Iter 1200/4000 | log_obj=5.197e+00 | log_Bellman_root=1.158e+00 | mass=1.71e+02 | neg=0.00e+00 | grad=4.97e+03
Iter 1600/4000 | log_obj=5.162e+00 | log_Bellman_root=1.136e+00 | mass=1.65e+02 | neg=0.00e+00 | grad=1.36e+04
Iter 2000/4000 | log_obj=5.566e+00 | log_Bellman_root=1.338e+00 | mass=2.47e+02 | neg=0.00e+00 | grad=3.11e+03
Iter 2400/4000 | log_obj=5.199e+00 | log_Bellman_root=1.159e+00 | mass=1.71e+02 | neg=0.00e+00 | grad=4.98e+03
Iter 2800/4000 | log_obj=5.161e+00 | log_Bellman_root=1.136e+00 | mass=1.65e+02 | neg=0.00e+00 | grad=1.36e+04
Iter 3200/4000 | log_obj=5.566e+00 | log_Bellman_root=1.338e+00 | mass=2.47e+02 | neg=0.00e+00 | grad=3.12e+03
Iter 3600/4000 | log_obj=5.200e+00 | log_Bellman_root=1.159e+00 | mass=1.71e+02 | neg=0.00e+00 | grad=4.98e+03
Iter 4000/4000 | log_obj=5.160e+00 | log_Bellman_root=1.136e+00 | mass=1.65e+02 | neg=0.00e+00 | grad=1.36e+04
Done in 12.16s.
KE-DRL global estimation is done.
B_hat shape: (3082, 800)
B_hat rank diagnostics: {'B_num_rows': 3082, 'B_num_cols': 800, 'B_min_dim': 800, 'B_numerical_rank': 800, 'B_rank_fraction': 1.0, 'B_rank_tolerance': 4.62693123992608e-05, 'B_stable_rank': 155.88858032226562, 'B_effective_rank': 771.1548043553802, 'B_entropy_rank': 6.647889137268066, 'B_spectral_norm': 0.1259361207485199, 'B_frobenius_norm': 1.5723798274993896, 'B_nuclear_norm': 42.93170166015625, 'B_condition_number': 4.606620310286505, 'B_condition_number_tol': 4.606620310286505, 'B_smallest_singular_value': 0.027338072657585144, 'B_rank_rel_1em2': 800, 'B_rank_rel_1em3': 800, 'B_rank_rel_1em4': 800}
Global-loss target mass diagnostics: {'target_mass_mean': -10.683253288269043, 'target_mass_min': -21.28194808959961, 'target_mass_max': 0.289520800113678, 'target_mass_sd': 5.3224287033081055, 'target_mass_rmse_to_target': 12.827445983886719, 'target_beta_min': -0.06364229321479797, 'target_beta_max': 0.05498221889138222, 'target_neg_frac_mean': 0.918625}
Return dictionary Z_grid shape: (800, 3)
Replicate 61 risk metrics: {'risk_n_steps_recorded': 81.0, 'risk_n_diagnostics_recorded': 81.0, 'risk_log_obj_initial': 9.790691584684982, 'risk_log_obj_final': 5.160443061020582, 'risk_log_obj_min': 5.160443061020582, 'risk_obj_initial': 17866.658203125015, 'risk_obj_final': 174.24163818359372, 'risk_obj_min': 174.24163818359372, 'risk_log_obj_drop': 4.6302485236644, 'risk_log_bellman_root_initial': 3.4599486846355125, 'risk_log_bellman_root_final': 1.1356821354906117, 'risk_log_bellman_root_min': 1.1354734311718306, 'risk_bellman_root_initial': 31.815343856811527, 'risk_bellman_root_final': 3.1132965087890625, 'risk_bellman_root_min': 3.1126468181610107, 'risk_bellman_initial': 1012.216104727155, 'risk_bellman_final': 9.692615151638167, 'risk_bellman_min': 9.688570214607862, 'risk_log_bellman_root_drop': 2.324266549144901, 'risk_bellman_returned': 9.692614555358887, 'risk_obj_returned': 174.24163818359375, 'risk_returned_step': 4000.0, 'offline_data_id': 61, 'benchmark_point_source': 'fixed_config_plus_support_safe_target_policy_draws', 'target_set_size': 100, 'lambda_reg': 0.005, 'lambda_B': 0.002, 'num_steps': 4000, 'transition_reduction_enabled': 1, 'transition_reduction_method': 'kmeans', 'transition_original_rows': 12000, 'transition_reduced_rows': 3082, 'transition_compression_ratio': 0.25683333333333336, 'target_mass_mean': -10.683253288269043, 'target_mass_min': -21.28194808959961, 'target_mass_max': 0.289520800113678, 'target_mass_sd': 5.3224287033081055, 'target_mass_rmse_to_target': 12.827445983886719, 'target_beta_min': -0.06364229321479797, 'target_beta_max': 0.05498221889138222, 'target_neg_frac_mean': 0.918625, 'B_num_rows': 3082, 'B_num_cols': 800, 'B_min_dim': 800, 'B_numerical_rank': 800, 'B_rank_fraction': 1.0, 'B_rank_tolerance': 4.62693123992608e-05, 'B_stable_rank': 155.88858032226562, 'B_effective_rank': 771.1548043553802, 'B_entropy_rank': 6.647889137268066, 'B_spectral_norm': 0.1259361207485199, 'B_frobenius_norm': 1.5723798274993896, 'B_nuclear_norm': 42.93170166015625, 'B_condition_number': 4.606620310286505, 'B_condition_number_tol': 4.606620310286505, 'B_smallest_singular_value': 0.027338072657585144, 'B_rank_rel_1em2': 800, 'B_rank_rel_1em3': 800, 'B_rank_rel_1em4': 800, 'risk_objective_final_raw': 174.24163818359375, 'risk_objective_min_raw': 174.24163818359375, 'risk_objective_max_raw': 17866.658203125, 'risk_bellman_final_raw': 9.692614555358887, 'risk_bellman_min_raw': 9.688570022583008, 'risk_bellman_max_raw': 1012.216064453125, 'risk_rkhs_ridge_final_raw': 0.005666117183864117, 'risk_rkhs_ridge_min_raw': 0.005666117183864117, 'risk_rkhs_ridge_max_raw': 0.233420267701149, 'risk_mass_final_raw': 164.54335021972656, 'risk_mass_min_raw': 164.54335021972656, 'risk_mass_max_raw': 16854.208984375, 'risk_negativity_final_raw': 0.0, 'risk_negativity_min_raw': 0.0, 'risk_negativity_max_raw': 0.0, 'risk_B_norm_final_raw': 1.5722017288208008, 'risk_B_norm_min_raw': 1.5711140632629395, 'risk_B_norm_max_raw': 1.6394764184951782, 'risk_diagnostic_step_final_raw': 4000.0, 'risk_diagnostic_step_min_raw': 1.0, 'risk_diagnostic_step_max_raw': 4000.0, 'risk_best_step_final_raw': 4000.0, 'risk_best_step_min_raw': 4000.0, 'risk_best_step_max_raw': 4000.0, 'risk_best_objective_final_raw': 174.24163818359375, 'risk_best_objective_min_raw': 174.24163818359375, 'risk_best_objective_max_raw': 174.24163818359375, 'risk_best_bellman_final_raw': 9.692614555358887, 'risk_best_bellman_min_raw': 9.692614555358887, 'risk_best_bellman_max_raw': 9.692614555358887, 'risk_returned_step_final_raw': 4000.0, 'risk_returned_step_min_raw': 4000.0, 'risk_returned_step_max_raw': 4000.0, 'risk_returned_objective_final_raw': 174.24163818359375, 'risk_returned_objective_min_raw': 174.24163818359375, 'risk_returned_objective_max_raw': 174.24163818359375, 'risk_returned_bellman_final_raw': 9.692614555358887, 'risk_returned_bellman_min_raw': 9.692614555358887, 'risk_returned_bellman_max_raw': 9.692614555358887, 'risk_returned_best_checkpoint_final_raw': 1.0, 'risk_returned_best_checkpoint_min_raw': 1.0, 'risk_returned_best_checkpoint_max_raw': 1.0}
Benchmark 0 evaluation grid shape: (800, 3)
Replicate 61, benchmark 0 metrics: {'run_id': '61_b0', 'RMSE': 2.451919528719568, 'MAE': 2.106806417963235, 'SupNorm': 5.191251486539841, 'Bias': -2.106806417963235, 'Corr': -0.4104994475077174, 'deming_slope': -30.848878923474416, 'deming_intercept': 6.244584214003124, 'beta_sum': -8.448434829711914, 'beta_l1': 8.740882873535156, 'beta_l2': 0.35795849561691284, 'beta_min': -0.03350254148244858, 'beta_max': 0.011325870640575886, 'beta_neg_frac': 0.94125, 'offline_data_id': 61, 'benchmark_id': 0, 'benchmark_point_source': 'fixed_config', 'target_set_size': 100, 'benchmark_z_path': 'data/Z_true.pt', 'projected_bellman_test_risk': 0.040751609951257706, 'oracle_embedding_risk': 33.87504959106445, 'benchmark_embedding_risk': 33.87504959106445, 'risk_bellman_final': 9.692615151638167, 'risk_obj_final': 174.24163818359372, 'B_num_rows': 3082, 'B_num_cols': 800, 'B_min_dim': 800, 'B_numerical_rank': 800, 'B_rank_fraction': 1.0, 'B_rank_tolerance': 4.62693123992608e-05, 'B_stable_rank': 155.88858032226562, 'B_effective_rank': 771.1548043553802, 'B_entropy_rank': 6.647889137268066, 'B_spectral_norm': 0.1259361207485199, 'B_frobenius_norm': 1.5723798274993896, 'B_nuclear_norm': 42.93170166015625, 'B_condition_number': 4.606620310286505, 'B_condition_number_tol': 4.606620310286505, 'B_smallest_singular_value': 0.027338072657585144, 'B_rank_rel_1em2': 800, 'B_rank_rel_1em3': 800, 'B_rank_rel_1em4': 800}
Saved ./mu/mu_hat.csv shape=(800,)
Saved ./mu/mu2D_hat_dims01.csv shape=(120, 120)
Saved ./mu/mu2D_hat_dims01.csv shape=(120, 120)
Saved plots/replicate_61/mu_3D.png
Benchmark 1 evaluation grid shape: (800, 3)
Replicate 61, benchmark 1 metrics: {'run_id': '61_b1', 'RMSE': 7.679524068221831, 'MAE': 7.0706686014260045, 'SupNorm': 12.78651088476181, 'Bias': -7.0706686014260045, 'Corr': -0.9917167563532037, 'deming_slope': -30.552741659303585, 'deming_intercept': 1.1499022409418345, 'beta_sum': -22.030364990234375, 'beta_l1': 22.090560913085938, 'beta_l2': 0.8464009761810303, 'beta_min': -0.06283092498779297, 'beta_max': 0.007344109937548637, 'beta_neg_frac': 0.9875, 'offline_data_id': 61, 'benchmark_id': 1, 'benchmark_point_source': 'fixed_config', 'target_set_size': 100, 'benchmark_z_path': 'data/Z_true.pt', 'projected_bellman_test_risk': 16.903093338012695, 'oracle_embedding_risk': 199.81468200683594, 'benchmark_embedding_risk': 199.81468200683594, 'risk_bellman_final': 9.692615151638167, 'risk_obj_final': 174.24163818359372, 'B_num_rows': 3082, 'B_num_cols': 800, 'B_min_dim': 800, 'B_numerical_rank': 800, 'B_rank_fraction': 1.0, 'B_rank_tolerance': 4.62693123992608e-05, 'B_stable_rank': 155.88858032226562, 'B_effective_rank': 771.1548043553802, 'B_entropy_rank': 6.647889137268066, 'B_spectral_norm': 0.1259361207485199, 'B_frobenius_norm': 1.5723798274993896, 'B_nuclear_norm': 42.93170166015625, 'B_condition_number': 4.606620310286505, 'B_condition_number_tol': 4.606620310286505, 'B_smallest_singular_value': 0.027338072657585144, 'B_rank_rel_1em2': 800, 'B_rank_rel_1em3': 800, 'B_rank_rel_1em4': 800}
Benchmark 2 evaluation grid shape: (800, 3)
Replicate 61, benchmark 2 metrics: {'run_id': '61_b2', 'RMSE': 7.2459178495734715, 'MAE': 6.671350801906374, 'SupNorm': 12.077810198068619, 'Bias': -6.671350801906374, 'Corr': -0.9085780843375069, 'deming_slope': -32.52501817764482, 'deming_intercept': 2.3144800137340784, 'beta_sum': -20.738117218017578, 'beta_l1': 20.790279388427734, 'beta_l2': 0.8001965284347534, 'beta_min': -0.06255508214235306, 'beta_max': 0.006037081126123667, 'beta_neg_frac': 0.98875, 'offline_data_id': 61, 'benchmark_id': 2, 'benchmark_point_source': 'fixed_config', 'target_set_size': 100, 'benchmark_z_path': 'data/Z_true.pt', 'projected_bellman_test_risk': 13.555861473083496, 'oracle_embedding_risk': 178.4075927734375, 'benchmark_embedding_risk': 178.4075927734375, 'risk_bellman_final': 9.692615151638167, 'risk_obj_final': 174.24163818359372, 'B_num_rows': 3082, 'B_num_cols': 800, 'B_min_dim': 800, 'B_numerical_rank': 800, 'B_rank_fraction': 1.0, 'B_rank_tolerance': 4.62693123992608e-05, 'B_stable_rank': 155.88858032226562, 'B_effective_rank': 771.1548043553802, 'B_entropy_rank': 6.647889137268066, 'B_spectral_norm': 0.1259361207485199, 'B_frobenius_norm': 1.5723798274993896, 'B_nuclear_norm': 42.93170166015625, 'B_condition_number': 4.606620310286505, 'B_condition_number_tol': 4.606620310286505, 'B_smallest_singular_value': 0.027338072657585144, 'B_rank_rel_1em2': 800, 'B_rank_rel_1em3': 800, 'B_rank_rel_1em4': 800}
Benchmark 3 evaluation grid shape: (800, 3)
Replicate 61, benchmark 3 metrics: {'run_id': '61_b3', 'RMSE': 7.0892459307884375, 'MAE': 6.481974530681036, 'SupNorm': 11.986109137535095, 'Bias': -6.481974530681036, 'Corr': -0.9362564840210038, 'deming_slope': -31.183896349673994, 'deming_intercept': 1.8617020391920356, 'beta_sum': -20.675168991088867, 'beta_l1': 20.74212646484375, 'beta_l2': 0.7982508540153503, 'beta_min': -0.05868420749902725, 'beta_max': 0.00746814114972949, 'beta_neg_frac': 0.9875, 'offline_data_id': 61, 'benchmark_id': 3, 'benchmark_point_source': 'fixed_config', 'target_set_size': 100, 'benchmark_z_path': 'data/Z_true.pt', 'projected_bellman_test_risk': 13.763114929199219, 'oracle_embedding_risk': 177.67041015625, 'benchmark_embedding_risk': 177.67041015625, 'risk_bellman_final': 9.692615151638167, 'risk_obj_final': 174.24163818359372, 'B_num_rows': 3082, 'B_num_cols': 800, 'B_min_dim': 800, 'B_numerical_rank': 800, 'B_rank_fraction': 1.0, 'B_rank_tolerance': 4.62693123992608e-05, 'B_stable_rank': 155.88858032226562, 'B_effective_rank': 771.1548043553802, 'B_entropy_rank': 6.647889137268066, 'B_spectral_norm': 0.1259361207485199, 'B_frobenius_norm': 1.5723798274993896, 'B_nuclear_norm': 42.93170166015625, 'B_condition_number': 4.606620310286505, 'B_condition_number_tol': 4.606620310286505, 'B_smallest_singular_value': 0.027338072657585144, 'B_rank_rel_1em2': 800, 'B_rank_rel_1em3': 800, 'B_rank_rel_1em4': 800}
Benchmark 4 evaluation grid shape: (800, 3)
Replicate 61, benchmark 4 metrics: {'run_id': '61_b4', 'RMSE': 1.4321103144980056, 'MAE': 1.135234905475336, 'SupNorm': 3.9536213874816895, 'Bias': -1.135234905475336, 'Corr': -0.06907244057127865, 'deming_slope': -130.46512151774047, 'deming_intercept': 33.91398222456663, 'beta_sum': -6.500191688537598, 'beta_l1': 7.510496139526367, 'beta_l2': 0.3159306049346924, 'beta_min': -0.030463075265288353, 'beta_max': 0.04197359457612038, 'beta_neg_frac': 0.89125, 'offline_data_id': 61, 'benchmark_id': 4, 'benchmark_point_source': 'support_safe_target_policy_draw', 'target_set_size': 100, 'benchmark_z_path': 'data/Z_true.pt', 'projected_bellman_test_risk': 0.02834794670343399, 'oracle_embedding_risk': 21.169984817504883, 'benchmark_embedding_risk': 21.169984817504883, 'risk_bellman_final': 9.692615151638167, 'risk_obj_final': 174.24163818359372, 'B_num_rows': 3082, 'B_num_cols': 800, 'B_min_dim': 800, 'B_numerical_rank': 800, 'B_rank_fraction': 1.0, 'B_rank_tolerance': 4.62693123992608e-05, 'B_stable_rank': 155.88858032226562, 'B_effective_rank': 771.1548043553802, 'B_entropy_rank': 6.647889137268066, 'B_spectral_norm': 0.1259361207485199, 'B_frobenius_norm': 1.5723798274993896, 'B_nuclear_norm': 42.93170166015625, 'B_condition_number': 4.606620310286505, 'B_condition_number_tol': 4.606620310286505, 'B_smallest_singular_value': 0.027338072657585144, 'B_rank_rel_1em2': 800, 'B_rank_rel_1em3': 800, 'B_rank_rel_1em4': 800}
Benchmark 5 evaluation grid shape: (800, 3)
Replicate 61, benchmark 5 metrics: {'run_id': '61_b5', 'RMSE': 0.30603773595736605, 'MAE': 0.2882950471430013, 'SupNorm': 0.4689498543739319, 'Bias': -0.2882950471430013, 'Corr': -0.028745693217812646, 'deming_slope': -0.01539653563673416, 'deming_intercept': -0.02735377010636041, 'beta_sum': -0.2624409794807434, 'beta_l1': 0.7538906335830688, 'beta_l2': 0.034405723214149475, 'beta_min': -0.003563482314348221, 'beta_max': 0.005503206048160791, 'beta_neg_frac': 0.66375, 'offline_data_id': 61, 'benchmark_id': 5, 'benchmark_point_source': 'support_safe_target_policy_draw', 'target_set_size': 100, 'benchmark_z_path': 'data/Z_true.pt', 'projected_bellman_test_risk': 0.03719905763864517, 'oracle_embedding_risk': 1.1186269521713257, 'benchmark_embedding_risk': 1.1186269521713257, 'risk_bellman_final': 9.692615151638167, 'risk_obj_final': 174.24163818359372, 'B_num_rows': 3082, 'B_num_cols': 800, 'B_min_dim': 800, 'B_numerical_rank': 800, 'B_rank_fraction': 1.0, 'B_rank_tolerance': 4.62693123992608e-05, 'B_stable_rank': 155.88858032226562, 'B_effective_rank': 771.1548043553802, 'B_entropy_rank': 6.647889137268066, 'B_spectral_norm': 0.1259361207485199, 'B_frobenius_norm': 1.5723798274993896, 'B_nuclear_norm': 42.93170166015625, 'B_condition_number': 4.606620310286505, 'B_condition_number_tol': 4.606620310286505, 'B_smallest_singular_value': 0.027338072657585144, 'B_rank_rel_1em2': 800, 'B_rank_rel_1em3': 800, 'B_rank_rel_1em4': 800}
Benchmark 6 evaluation grid shape: (800, 3)
Replicate 61, benchmark 6 metrics: {'run_id': '61_b6', 'RMSE': 3.884707850385516, 'MAE': 3.435883485203376, 'SupNorm': 7.354832410812378, 'Bias': -3.435883485203376, 'Corr': -0.6201797362167815, 'deming_slope': -29.551191721984203, 'deming_intercept': 4.629361940594187, 'beta_sum': -12.187492370605469, 'beta_l1': 12.373184204101562, 'beta_l2': 0.49357056617736816, 'beta_min': -0.04121113568544388, 'beta_max': 0.008128062821924686, 'beta_neg_frac': 0.96375, 'offline_data_id': 61, 'benchmark_id': 6, 'benchmark_point_source': 'support_safe_target_policy_draw', 'target_set_size': 100, 'benchmark_z_path': 'data/Z_true.pt', 'projected_bellman_test_risk': 0.17228367924690247, 'oracle_embedding_risk': 66.64034271240234, 'benchmark_embedding_risk': 66.64034271240234, 'risk_bellman_final': 9.692615151638167, 'risk_obj_final': 174.24163818359372, 'B_num_rows': 3082, 'B_num_cols': 800, 'B_min_dim': 800, 'B_numerical_rank': 800, 'B_rank_fraction': 1.0, 'B_rank_tolerance': 4.62693123992608e-05, 'B_stable_rank': 155.88858032226562, 'B_effective_rank': 771.1548043553802, 'B_entropy_rank': 6.647889137268066, 'B_spectral_norm': 0.1259361207485199, 'B_frobenius_norm': 1.5723798274993896, 'B_nuclear_norm': 42.93170166015625, 'B_condition_number': 4.606620310286505, 'B_condition_number_tol': 4.606620310286505, 'B_smallest_singular_value': 0.027338072657585144, 'B_rank_rel_1em2': 800, 'B_rank_rel_1em3': 800, 'B_rank_rel_1em4': 800}
Benchmark 7 evaluation grid shape: (800, 3)
Replicate 61, benchmark 7 metrics: {'run_id': '61_b7', 'RMSE': 3.8854015133315722, 'MAE': 3.3719633002649063, 'SupNorm': 7.850788474082947, 'Bias': -3.3719633002649063, 'Corr': -0.5239138974120491, 'deming_slope': -38.449511783472104, 'deming_intercept': 6.943499845582297, 'beta_sum': -13.309213638305664, 'beta_l1': 13.604331016540527, 'beta_l2': 0.5418657064437866, 'beta_min': -0.053728003054857254, 'beta_max': 0.016884703189134598, 'beta_neg_frac': 0.9575, 'offline_data_id': 61, 'benchmark_id': 7, 'benchmark_point_source': 'support_safe_target_policy_draw', 'target_set_size': 100, 'benchmark_z_path': 'data/Z_true.pt', 'projected_bellman_test_risk': 2.91684627532959, 'oracle_embedding_risk': 76.90780639648438, 'benchmark_embedding_risk': 76.90780639648438, 'risk_bellman_final': 9.692615151638167, 'risk_obj_final': 174.24163818359372, 'B_num_rows': 3082, 'B_num_cols': 800, 'B_min_dim': 800, 'B_numerical_rank': 800, 'B_rank_fraction': 1.0, 'B_rank_tolerance': 4.62693123992608e-05, 'B_stable_rank': 155.88858032226562, 'B_effective_rank': 771.1548043553802, 'B_entropy_rank': 6.647889137268066, 'B_spectral_norm': 0.1259361207485199, 'B_frobenius_norm': 1.5723798274993896, 'B_nuclear_norm': 42.93170166015625, 'B_condition_number': 4.606620310286505, 'B_condition_number_tol': 4.606620310286505, 'B_smallest_singular_value': 0.027338072657585144, 'B_rank_rel_1em2': 800, 'B_rank_rel_1em3': 800, 'B_rank_rel_1em4': 800}
Benchmark 8 evaluation grid shape: (800, 3)
Replicate 61, benchmark 8 metrics: {'run_id': '61_b8', 'RMSE': 1.6609370675518655, 'MAE': 1.4508355953442515, 'SupNorm': 3.429453581571579, 'Bias': -1.4508355953442515, 'Corr': -0.5197427320021839, 'deming_slope': -14.711122159242407, 'deming_intercept': 2.641820320686487, 'beta_sum': -5.126654624938965, 'beta_l1': 5.746381759643555, 'beta_l2': 0.237944558262825, 'beta_min': -0.021903345361351967, 'beta_max': 0.021532807499170303, 'beta_neg_frac': 0.89125, 'offline_data_id': 61, 'benchmark_id': 8, 'benchmark_point_source': 'support_safe_target_policy_draw', 'target_set_size': 100, 'benchmark_z_path': 'data/Z_true.pt', 'projected_bellman_test_risk': 2.6333298683166504, 'oracle_embedding_risk': 14.846665382385254, 'benchmark_embedding_risk': 14.846665382385254, 'risk_bellman_final': 9.692615151638167, 'risk_obj_final': 174.24163818359372, 'B_num_rows': 3082, 'B_num_cols': 800, 'B_min_dim': 800, 'B_numerical_rank': 800, 'B_rank_fraction': 1.0, 'B_rank_tolerance': 4.62693123992608e-05, 'B_stable_rank': 155.88858032226562, 'B_effective_rank': 771.1548043553802, 'B_entropy_rank': 6.647889137268066, 'B_spectral_norm': 0.1259361207485199, 'B_frobenius_norm': 1.5723798274993896, 'B_nuclear_norm': 42.93170166015625, 'B_condition_number': 4.606620310286505, 'B_condition_number_tol': 4.606620310286505, 'B_smallest_singular_value': 0.027338072657585144, 'B_rank_rel_1em2': 800, 'B_rank_rel_1em3': 800, 'B_rank_rel_1em4': 800}
Benchmark 9 evaluation grid shape: (800, 3)
Replicate 61, benchmark 9 metrics: {'run_id': '61_b9', 'RMSE': 4.1566850113437015, 'MAE': 3.664807748794556, 'SupNorm': 7.735649943351746, 'Bias': -3.664807748794556, 'Corr': -0.6346089049466985, 'deming_slope': -31.314517481258164, 'deming_intercept': 4.923266394921509, 'beta_sum': -12.945075988769531, 'beta_l1': 13.210647583007812, 'beta_l2': 0.52168208360672, 'beta_min': -0.04263881593942642, 'beta_max': 0.011999109759926796, 'beta_neg_frac': 0.96, 'offline_data_id': 61, 'benchmark_id': 9, 'benchmark_point_source': 'support_safe_target_policy_draw', 'target_set_size': 100, 'benchmark_z_path': 'data/Z_true.pt', 'projected_bellman_test_risk': 0.15436649322509766, 'oracle_embedding_risk': 74.06281280517578, 'benchmark_embedding_risk': 74.06281280517578, 'risk_bellman_final': 9.692615151638167, 'risk_obj_final': 174.24163818359372, 'B_num_rows': 3082, 'B_num_cols': 800, 'B_min_dim': 800, 'B_numerical_rank': 800, 'B_rank_fraction': 1.0, 'B_rank_tolerance': 4.62693123992608e-05, 'B_stable_rank': 155.88858032226562, 'B_effective_rank': 771.1548043553802, 'B_entropy_rank': 6.647889137268066, 'B_spectral_norm': 0.1259361207485199, 'B_frobenius_norm': 1.5723798274993896, 'B_nuclear_norm': 42.93170166015625, 'B_condition_number': 4.606620310286505, 'B_condition_number_tol': 4.606620310286505, 'B_smallest_singular_value': 0.027338072657585144, 'B_rank_rel_1em2': 800, 'B_rank_rel_1em3': 800, 'B_rank_rel_1em4': 800}
Replicate 61 finished in 21.8s
Finished combo 1, offline replicate 61.
