Job ID:    2358917
Array idx: 140
CPUs/node: 64
Mem/node:  131072
Using CC = cc 
Using CXX = CC 
Using FC = ftn 
Using F77 = ftn 
Using F90 = ftn 
cuda/12.6.1 is deprecated; loading cudatoolkit/25.5_12.9 instead.
Using CC = /opt/nvidia/hpc_sdk/Linux_aarch64/25.5/compilers/bin/nvc 
Using CXX = /opt/nvidia/hpc_sdk/Linux_aarch64/25.5/compilers/bin/nvc++ 
Using FC = /opt/nvidia/hpc_sdk/Linux_aarch64/25.5/compilers/bin/nvfortran 
Using F77 = /opt/nvidia/hpc_sdk/Linux_aarch64/25.5/compilers/bin/nvfortran 
Using F90 = /opt/nvidia/hpc_sdk/Linux_aarch64/25.5/compilers/bin/nvfortran 
Using CC = /opt/nvidia/hpc_sdk/Linux_aarch64/25.5/compilers/bin/nvc 
Using CXX = /opt/nvidia/hpc_sdk/Linux_aarch64/25.5/compilers/bin/nvc++ 
Using FC = /opt/nvidia/hpc_sdk/Linux_aarch64/25.5/compilers/bin/nvfortran 
Using F77 = /opt/nvidia/hpc_sdk/Linux_aarch64/25.5/compilers/bin/nvfortran 
Using F90 = /opt/nvidia/hpc_sdk/Linux_aarch64/25.5/compilers/bin/nvfortran 

Lmod is automatically replacing "gcc-native/14" with "gcc/14.2.0".

ghx4
0
Tuning combo id: 1 / 6
Offline replicate id: 40 / 99
Installing ke_drl from git: https://github.com/mehrdadmhmdi/ke-drl.git@main
Collecting git+https://github.com/mehrdadmhmdi/ke-drl.git@main
  Cloning https://github.com/mehrdadmhmdi/ke-drl.git (to revision main) to /tmp/pip-req-build-y1c0lz89
  Running command git clone --filter=blob:none --quiet https://github.com/mehrdadmhmdi/ke-drl.git /tmp/pip-req-build-y1c0lz89
  Resolved https://github.com/mehrdadmhmdi/ke-drl.git to commit 3c5d570e40ea15b1fbe4817b5f43b64c7b333e82
  Installing build dependencies: started
  Installing build dependencies: finished with status 'done'
  Getting requirements to build wheel: started
  Getting requirements to build wheel: finished with status 'done'
  Preparing metadata (pyproject.toml): started
  Preparing metadata (pyproject.toml): finished with status 'done'
Building wheels for collected packages: ke_drl
  Building wheel for ke_drl (pyproject.toml): started
  Building wheel for ke_drl (pyproject.toml): finished with status 'done'
  Created wheel for ke_drl: filename=ke_drl-0.1.0-py3-none-any.whl size=47219 sha256=24f287c91aababf2812a5bd519847840b4a0ed8c21919bd9569ab78d7980b42a
  Stored in directory: /tmp/pip-ephem-wheel-cache-pe03tq0d/wheels/24/47/ad/9a4ffd3b05d3e90e35ffc6e7324b735b8bfcf5f51aaf29a333
Successfully built ke_drl
Installing collected packages: ke_drl
Successfully installed ke_drl-0.1.0
Installed ke_drl source: /work/nvme/bfez/mehrdad3/DistRL/simulation_3/runs/sim3_global_2358722_1/.kedrl_site_140/ke_drl/__init__.py
Tuning combo 1: lambda_B_0.002
Overrides: {'lambda_B': 0.002}
RUN: /sw/user/python/miniforge3-pytorch-24.11.3/bin/python3 validate_sim_config.py --params params.yaml
ke_drl import source: /work/nvme/bfez/mehrdad3/DistRL/simulation_3/runs/sim3_global_2358722_1/.kedrl_site_140/ke_drl/__init__.py
ke_drl package API OK: prediction weights, RFF operators, rank diagnostics, and best-checkpoint optimizer available
Policy config OK: behavior=uniform, target=logistic, state_dim=5, action_dim=1
Note: policy.logistic.theta_scale/theta_std are log-scale coefficients in Probability_Densities.
Behavior-policy linearized state-process diagnostic: spectral_radius=0.653, offline_burn_in=50
Replicate config OK: num_replicates=100, benchmark points=10 independent of D_i, loss target points=100
Transition reduction OK: method=kmeans, raw rows N(T-1)=12000, target rows about 3000, B rows reduced from 12000 to about 3000
Return-operator approximation OK: method=rff, features=512, exact G avoided for estimated N=12000, m=800, L=100
Fixed benchmark config rows=4 (benchmark.num_points=10; additional points are support-safe target-policy draws if needed)
Fixed benchmark point 0: s_star=[0.6, -0.8, 0.7, -0.5, 0.9], a_star=[0.5]
Fixed benchmark behavior-support interval for configured rows: min_lower=-0.12, max_upper=1.11
Fixed benchmark target-policy location range: [-0.02, 0.14]
Reusing shared data from /work/nvme/bfez/mehrdad3/DistRL/simulation_3/runs/sim3_shared_data/data for offline replicate 40.
RUN: /sw/user/python/miniforge3-pytorch-24.11.3/bin/python3 validate_sim_config.py --params params.yaml --data data/offline_data_40.pt
ke_drl import source: /work/nvme/bfez/mehrdad3/DistRL/simulation_3/runs/sim3_global_2358722_1/.kedrl_site_140/ke_drl/__init__.py
ke_drl package API OK: prediction weights, RFF operators, rank diagnostics, and best-checkpoint optimizer available
Policy config OK: behavior=uniform, target=logistic, state_dim=5, action_dim=1
Note: policy.logistic.theta_scale/theta_std are log-scale coefficients in Probability_Densities.
Behavior-policy linearized state-process diagnostic: spectral_radius=0.653, offline_burn_in=50
Replicate config OK: num_replicates=100, benchmark points=10 independent of D_i, loss target points=100
Transition reduction OK: method=kmeans, raw rows N(T-1)=12000, target rows about 3000, B rows reduced from 12000 to about 3000
Return-operator approximation OK: method=rff, features=512, exact G avoided for estimated N=12000, m=800, L=100
Fixed benchmark config rows=4 (benchmark.num_points=10; additional points are support-safe target-policy draws if needed)
Fixed benchmark point 0: s_star=[0.6, -0.8, 0.7, -0.5, 0.9], a_star=[0.5]
Fixed benchmark behavior-support interval for configured rows: min_lower=-0.12, max_upper=1.11
Fixed benchmark target-policy location range: [-0.02, 0.14]
Full benchmark support check OK: 10 points, min_lower=-2.177, max_upper=2.05
observed behavior actions: mean=0.3955, sd=0.6787, q0/q10/q50/q90/q100=[-2.0917584896087646, -0.42221316397190084, 0.33169183135032654, 1.307678520679474, 3.17036509513855]
target-policy sampled actions: mean=-0.02766, sd=0.6622, q0/q10/q50/q90/q100=[-2.768774400144475, -0.8671834662968141, -0.022473477255375584, 0.8102879161611263, 2.505224922400296]
behavior uniform lower: mean=-0.1282, sd=0.6554, q0/q10/q50/q90/q100=[-2.7620999336242678, -0.960692024230957, -0.12144024372100831, 0.7020935532450677, 2.270127737522125]
behavior uniform upper: mean=0.9185, sd=0.6393, q0/q10/q50/q90/q100=[-1.0156707227230073, 0.07529234424233434, 0.938210804760456, 1.735736183226109, 3.270127737522125]
target location inside behavior uniform support: 0.969
RUN: /sw/user/python/miniforge3-pytorch-24.11.3/bin/python3 main_est.py
# ================================================================ #
#   Global KE-DRL estimation for one offline replicate              #
# ================================================================ #
Slurm Job ID: 2358917
Slurm Array ID: 40 -- used as the offline-replicate id
Offline data id: 40
ke_drl import source: /work/nvme/bfez/mehrdad3/DistRL/simulation_3/runs/sim3_global_2358722_1/.kedrl_site_140/ke_drl/__init__.py
Estimator device: cuda (NVIDIA GH200 120GB, capability 9.0); torch CUDA=13.0
Random seed: 20460552
Number of offline replicates: 100
[transition reduction] enabled: original rows=12000, target basis=3000, method=kmeans, device=cuda
[transition reduction] kmeans iter 1/20, mean center shift=2.7446e-01
[transition reduction] kmeans iter 5/20, mean center shift=4.4271e-03
[transition reduction] selected 3080 rows from 12000 transitions (ratio 0.2567); indices saved to data/reduced_transition_indices_40.pt
Data and parameters loaded.
offline path: data/offline_data_40.pt
benchmark true-Z path: data/Z_true.pt
offline shapes after reduction: s0=(3080, 5), a0=(3080, 1), r0=(3080, 3)
transition reduction: {'enabled': True, 'method': 'kmeans', 'original_rows': 12000, 'reduced_rows': 3080, 'selected_indices_path': 'data/reduced_transition_indices_40.pt', 'target_basis': 3000, 'compression_ratio': 0.25666666666666665}
fixed benchmark point source: fixed_config_plus_support_safe_target_policy_draws
benchmark row excluded from this offline data: None
global loss target set shape: s_star=(100, 5), a_star=(100, 1)
benchmark true-Z count=10, shape each=(50000, 3)
target policy: logistic
behavior policy: uniform
lambda_Gamma=0.005, lambda_B=0.002, d_r_method=song
dtype=torch.float32, operator_method=rff, operator_num_features=512
ridge_mode=rkhs, diagnostic_interval=50
mass_anchor_lambda=1.0, target_mass=1.0
uLSIF basis: source=numerator, n_basis=512, lambda_reg=0.005
optimizer stabilizers: lambda_neg=0.0, max_B_norm=None, eta_clip_min=0.0, eta_clip_max=5.0, normalize_eta=True
========================================
Estimating the global KE-DRL mean embedding
torch device=cuda, dtype=torch.float32
Data dims: N=3080, L=100, Ds=5, Da=1, Dr=3
lambda_Gamma=0.005, lambda_B=0.002
return-operator construction: method=rff, rff_features=512
[uLSIF] basis=512/3080 (numerator); eta_hat min=-7.591e-01 max=4.648e+00 neg%=4.06
ESS for eta_plus: 2182.6 / 3080
eta_plus diagnostics: raw_mean=1, raw_min=-0.759, raw_max=4.65; used_mean=1, used_min=0, used_max=4.58
[timing] Z-grid: 0.03s
[timing] K_X: 0.00s
[timing] K_plus: 0.00s
[timing] k_star: 0.00s
[timing] Gamma_stack: 0.01s
[timing] Phi_stack: 0.00s
[timing] RFF feature sample: 0.00s
[timing] K_Z RFF: 0.00s
[timing] G_stack RFF: 0.01s
[timing] H_stack RFF: 0.01s
findfont: Font family 'Nimbus Roman' not found.
findfont: Font family 'Nimbus Roman' not found.
findfont: Font family 'Nimbus Roman' not found.
findfont: Font family 'Nimbus Roman' not found.
findfont: Font family 'Nimbus Roman' not found.
findfont: Font family 'Nimbus Roman' not found.
findfont: Font family 'Nimbus Roman' not found.
findfont: Font family 'Nimbus Roman' not found.
findfont: Font family 'Nimbus Roman' not found.
findfont: Font family 'Nimbus Roman' not found.
findfont: Font family 'Nimbus Roman' not found.
findfont: Font family 'Nimbus Roman' not found.
findfont: Font family 'Nimbus Roman' not found.
findfont: Font family 'Nimbus Roman' not found.
findfont: Font family 'Nimbus Roman' not found.
findfont: Font family 'Nimbus Roman' not found.
findfont: Font family 'Nimbus Roman' not found.
findfont: Font family 'Nimbus Roman' not found.
findfont: Font family 'Nimbus Roman' not found.
findfont: Font family 'Nimbus Roman' not found.
findfont: Font family 'Nimbus Roman' not found.
findfont: Font family 'Nimbus Roman' not found.
findfont: Font family 'Nimbus Roman' not found.
findfont: Font family 'Nimbus Roman' not found.
findfont: Font family 'Nimbus Roman' not found.
findfont: Font family 'Nimbus Roman' not found.
findfont: Font family 'Nimbus Roman' not found.
findfont: Font family 'Nimbus Roman' not found.
findfont: Font family 'Nimbus Roman' not found.
findfont: Font family 'Nimbus Roman' not found.
findfont: Font family 'Nimbus Roman' not found.
findfont: Font family 'Nimbus Roman' not found.
findfont: Font family 'Nimbus Roman' not found.
findfont: Font family 'Nimbus Roman' not found.
findfont: Font family 'Nimbus Roman' not found.
findfont: Font family 'Nimbus Roman' not found.
findfont: Font family 'Nimbus Roman' not found.
findfont: Font family 'Nimbus Roman' not found.
findfont: Font family 'Nimbus Roman' not found.
findfont: Font family 'Nimbus Roman' not found.
findfont: Font family 'Nimbus Roman' not found.
findfont: Font family 'Nimbus Roman' not found.
findfont: Font family 'Nimbus Roman' not found.
findfont: Font family 'Nimbus Roman' not found.
findfont: Font family 'Nimbus Roman' not found.
findfont: Font family 'Nimbus Roman' not found.
findfont: Font family 'Nimbus Roman' not found.
findfont: Font family ['Nimbus Roman'] not found. Falling back to DejaVu Sans.
findfont: Font family 'Nimbus Roman' not found.
findfont: Font family ['Nimbus Roman'] not found. Falling back to DejaVu Sans.
findfont: Font family 'Nimbus Roman' not found.
findfont: Font family 'Nimbus Roman' not found.
findfont: Font family 'Nimbus Roman' not found.
findfont: Font family 'Nimbus Roman' not found.
findfont: Font family 'Nimbus Roman' not found.
findfont: Font family 'Nimbus Roman' not found.
findfont: Font family 'Nimbus Roman' not found.
findfont: Font family 'Nimbus Roman' not found.
findfont: Font family 'Nimbus Roman' not found.
findfont: Font family 'Nimbus Roman' not found.
findfont: Font family ['Nimbus Roman'] not found. Falling back to DejaVu Sans.
findfont: Font family 'Nimbus Roman' not found.
findfont: Font family 'Nimbus Roman' not found.
findfont: Font family 'Nimbus Roman' not found.
findfont: Font family 'Nimbus Roman' not found.
findfont: Font family 'Nimbus Roman' not found.
findfont: Font family 'Nimbus Roman' not found.
findfont: Font family 'Nimbus Roman' not found.
findfont: Font family 'Nimbus Roman' not found.
findfont: Font family 'Nimbus Roman' not found.
findfont: Font family 'Nimbus Roman' not found.
findfont: Font family 'Nimbus Roman' not found.
findfont: Font family 'Nimbus Roman' not found.
findfont: Font family 'Nimbus Roman' not found.
findfont: Font family 'Nimbus Roman' not found.
findfont: Font family 'Nimbus Roman' not found.
findfont: Font family 'Nimbus Roman' not found.
findfont: Font family 'Nimbus Roman' not found.
findfont: Font family 'Nimbus Roman' not found.
findfont: Font family 'Nimbus Roman' not found.
findfont: Font family 'Nimbus Roman' not found.
findfont: Font family 'Nimbus Roman' not found.
findfont: Font family 'Nimbus Roman' not found.
findfont: Font family 'Nimbus Roman' not found.
findfont: Font family 'Nimbus Roman' not found.
findfont: Font family 'Nimbus Roman' not found.
findfont: Font family 'Nimbus Roman' not found.
findfont: Font family 'Nimbus Roman' not found.
findfont: Font family 'Nimbus Roman' not found.
findfont: Font family 'Nimbus Roman' not found.
findfont: Font family 'Nimbus Roman' not found.
findfont: Font family 'Nimbus Roman' not found.
findfont: Font family 'Nimbus Roman' not found.
findfont: Font family 'Nimbus Roman' not found.
findfont: Font family 'Nimbus Roman' not found.
findfont: Font family 'Nimbus Roman' not found.
findfont: Font family 'Nimbus Roman' not found.
findfont: Font family 'Nimbus Roman' not found.
findfont: Font family 'Nimbus Roman' not found.
findfont: Font family 'Nimbus Roman' not found.
findfont: Font family 'Nimbus Roman' not found.
findfont: Font family 'Nimbus Roman' not found.
findfont: Font family 'Nimbus Roman' not found.
findfont: Font family 'Nimbus Roman' not found.
findfont: Font family 'Nimbus Roman' not found.
findfont: Font family 'Nimbus Roman' not found.
findfont: Font family 'Nimbus Roman' not found.
findfont: Font family 'Nimbus Roman' not found.
findfont: Font family 'Nimbus Roman' not found.
findfont: Font family 'Nimbus Roman' not found.
findfont: Font family 'Nimbus Roman' not found.
findfont: Font family 'Nimbus Roman' not found.
findfont: Font family 'Nimbus Roman' not found.
findfont: Font family 'Nimbus Roman' not found.
findfont: Font family 'Nimbus Roman' not found.
findfont: Font family 'Nimbus Roman' not found.
findfont: Font family 'Nimbus Roman' not found.
findfont: Font family 'Nimbus Roman' not found.
findfont: Font family 'Nimbus Roman' not found.
findfont: Font family 'Nimbus Roman' not found.
findfont: Font family 'Nimbus Roman' not found.
findfont: Font family 'Nimbus Roman' not found.
findfont: Font family 'Nimbus Roman' not found.
findfont: Font family 'Nimbus Roman' not found.
findfont: Font family 'Nimbus Roman' not found.
findfont: Font family 'Nimbus Roman' not found.
findfont: Font family 'Nimbus Roman' not found.
findfont: Font family 'Nimbus Roman' not found.
findfont: Font family 'Nimbus Roman' not found.
findfont: Font family 'Nimbus Roman' not found.
findfont: Font family 'Nimbus Roman' not found.
findfont: Font family 'Nimbus Roman' not found.
findfont: Font family 'Nimbus Roman' not found.
findfont: Font family 'Nimbus Roman' not found.
findfont: Font family 'Nimbus Roman' not found.
findfont: Font family 'Nimbus Roman' not found.
findfont: Font family 'Nimbus Roman' not found.
findfont: Font family 'Nimbus Roman' not found.
findfont: Font family 'Nimbus Roman' not found.
findfont: Font family 'Nimbus Roman' not found.
findfont: Font family 'Nimbus Roman' not found.
findfont: Font family 'Nimbus Roman' not found.
findfont: Font family 'Nimbus Roman' not found.
Ridge mode: rkhs; diagnostic interval: 50
Iter 1/4000 | log_obj=9.969e+00 | log_Bellman_root=3.538e+00 | mass=2.02e+04 | neg=0.00e+00 | grad=5.63e+02
Iter 400/4000 | log_obj=5.623e+00 | log_Bellman_root=1.362e+00 | mass=2.61e+02 | neg=0.00e+00 | grad=9.51e+03
Iter 800/4000 | log_obj=5.624e+00 | log_Bellman_root=1.362e+00 | mass=2.62e+02 | neg=0.00e+00 | grad=9.51e+03
Iter 1200/4000 | log_obj=5.625e+00 | log_Bellman_root=1.362e+00 | mass=2.62e+02 | neg=0.00e+00 | grad=9.51e+03
Iter 1600/4000 | log_obj=4.995e+00 | log_Bellman_root=1.041e+00 | mass=1.40e+02 | neg=0.00e+00 | grad=6.27e+03
Iter 2000/4000 | log_obj=1.740e+00 | log_Bellman_root=-5.573e-01 | mass=5.37e+00 | neg=0.00e+00 | grad=4.81e+03
Iter 2400/4000 | log_obj=2.774e+00 | log_Bellman_root=-5.484e-02 | mass=1.51e+01 | neg=0.00e+00 | grad=5.16e+03
Iter 2800/4000 | log_obj=3.170e+00 | log_Bellman_root=1.281e-01 | mass=2.25e+01 | neg=0.00e+00 | grad=2.31e+03
Iter 3200/4000 | log_obj=1.745e+00 | log_Bellman_root=-5.591e-01 | mass=5.39e+00 | neg=0.00e+00 | grad=3.23e+03
Iter 3600/4000 | log_obj=-3.671e+00 | log_Bellman_root=-2.411e+00 | mass=1.33e-02 | neg=0.00e+00 | grad=3.07e+02
Iter 4000/4000 | log_obj=-1.445e+00 | log_Bellman_root=-2.004e+00 | mass=2.14e-01 | neg=0.00e+00 | grad=3.40e+02
Returning best diagnostic checkpoint from step 3600 (objective=2.544e-02, Bellman=8.058e-03).
Done in 13.81s.
KE-DRL global estimation is done.
B_hat shape: (3080, 800)
B_hat rank diagnostics: {'B_num_rows': 3080, 'B_num_cols': 800, 'B_min_dim': 800, 'B_numerical_rank': 800, 'B_rank_fraction': 1.0, 'B_rank_tolerance': 3.4555802841396144e-05, 'B_stable_rank': 278.5470275878906, 'B_effective_rank': 771.61495338361, 'B_entropy_rank': 6.6484856605529785, 'B_spectral_norm': 0.09411528706550598, 'B_frobenius_norm': 1.5707584619522095, 'B_nuclear_norm': 42.921329498291016, 'B_condition_number': 3.444613671802593, 'B_condition_number_tol': 3.444613671802593, 'B_smallest_singular_value': 0.027322450652718544, 'B_rank_rel_1em2': 800, 'B_rank_rel_1em3': 800, 'B_rank_rel_1em4': 800}
Global-loss target mass diagnostics: {'target_mass_mean': 0.8891228437423706, 'target_mass_min': 0.7798025608062744, 'target_mass_max': 0.9487400054931641, 'target_mass_sd': 0.0325368233025074, 'target_mass_rmse_to_target': 0.11550677567720413, 'target_beta_min': -0.051942769438028336, 'target_beta_max': 0.06513897329568863, 'target_neg_frac_mean': 0.4533}
Return dictionary Z_grid shape: (800, 3)
Replicate 40 risk metrics: {'risk_n_steps_recorded': 81.0, 'risk_n_diagnostics_recorded': 81.0, 'risk_log_obj_initial': 9.968514510277322, 'risk_log_obj_final': -1.4445654340869079, 'risk_log_obj_min': -3.6714479163306843, 'risk_obj_initial': 21343.75585937501, 'risk_obj_final': 0.2358485460281372, 'risk_obj_min': 0.025439608842134472, 'risk_log_obj_drop': 11.41307994436423, 'risk_log_bellman_root_initial': 3.5375774389685968, 'risk_log_bellman_root_final': -2.0035991148284413, 'risk_log_bellman_root_min': -2.410531114122394, 'risk_bellman_root_initial': 34.38352203369141, 'risk_bellman_root_final': 0.13484907150268552, 'risk_bellman_root_min': 0.08976760506629942, 'risk_bellman_initial': 1182.2265874413426, 'risk_bellman_final': 0.018184272085136392, 'risk_bellman_min': 0.008058222919339107, 'risk_log_bellman_root_drop': 5.5411765537970386, 'risk_bellman_returned': 0.008058222942054272, 'risk_obj_returned': 0.025439608842134476, 'risk_returned_step': 3600.0, 'offline_data_id': 40, 'benchmark_point_source': 'fixed_config_plus_support_safe_target_policy_draws', 'target_set_size': 100, 'lambda_reg': 0.005, 'lambda_B': 0.002, 'num_steps': 4000, 'transition_reduction_enabled': 1, 'transition_reduction_method': 'kmeans', 'transition_original_rows': 12000, 'transition_reduced_rows': 3080, 'transition_compression_ratio': 0.25666666666666665, 'target_mass_mean': 0.8891228437423706, 'target_mass_min': 0.7798025608062744, 'target_mass_max': 0.9487400054931641, 'target_mass_sd': 0.0325368233025074, 'target_mass_rmse_to_target': 0.11550677567720413, 'target_beta_min': -0.051942769438028336, 'target_beta_max': 0.06513897329568863, 'target_neg_frac_mean': 0.4533, 'B_num_rows': 3080, 'B_num_cols': 800, 'B_min_dim': 800, 'B_numerical_rank': 800, 'B_rank_fraction': 1.0, 'B_rank_tolerance': 3.4555802841396144e-05, 'B_stable_rank': 278.5470275878906, 'B_effective_rank': 771.61495338361, 'B_entropy_rank': 6.6484856605529785, 'B_spectral_norm': 0.09411528706550598, 'B_frobenius_norm': 1.5707584619522095, 'B_nuclear_norm': 42.921329498291016, 'B_condition_number': 3.444613671802593, 'B_condition_number_tol': 3.444613671802593, 'B_smallest_singular_value': 0.027322450652718544, 'B_rank_rel_1em2': 800, 'B_rank_rel_1em3': 800, 'B_rank_rel_1em4': 800, 'risk_objective_final_raw': 0.2358485460281372, 'risk_objective_min_raw': 0.025439608842134476, 'risk_objective_max_raw': 21343.755859375, 'risk_bellman_final_raw': 0.018184270709753036, 'risk_bellman_min_raw': 0.008058222942054272, 'risk_bellman_max_raw': 1182.2265625, 'risk_rkhs_ridge_final_raw': 0.003804294392466545, 'risk_rkhs_ridge_min_raw': 0.003804294392466545, 'risk_rkhs_ridge_max_raw': 0.24005967378616333, 'risk_mass_final_raw': 0.21385997533798218, 'risk_mass_min_raw': 0.013341814279556274, 'risk_mass_max_raw': 20161.2890625, 'risk_negativity_final_raw': 0.0, 'risk_negativity_min_raw': 0.0, 'risk_negativity_max_raw': 0.0, 'risk_B_norm_final_raw': 1.5704883337020874, 'risk_B_norm_min_raw': 1.5704883337020874, 'risk_B_norm_max_raw': 1.6399208307266235, 'risk_diagnostic_step_final_raw': 4000.0, 'risk_diagnostic_step_min_raw': 1.0, 'risk_diagnostic_step_max_raw': 4000.0, 'risk_best_step_final_raw': 3600.0, 'risk_best_step_min_raw': 3600.0, 'risk_best_step_max_raw': 3600.0, 'risk_best_objective_final_raw': 0.025439608842134476, 'risk_best_objective_min_raw': 0.025439608842134476, 'risk_best_objective_max_raw': 0.025439608842134476, 'risk_best_bellman_final_raw': 0.008058222942054272, 'risk_best_bellman_min_raw': 0.008058222942054272, 'risk_best_bellman_max_raw': 0.008058222942054272, 'risk_returned_step_final_raw': 3600.0, 'risk_returned_step_min_raw': 3600.0, 'risk_returned_step_max_raw': 3600.0, 'risk_returned_objective_final_raw': 0.025439608842134476, 'risk_returned_objective_min_raw': 0.025439608842134476, 'risk_returned_objective_max_raw': 0.025439608842134476, 'risk_returned_bellman_final_raw': 0.008058222942054272, 'risk_returned_bellman_min_raw': 0.008058222942054272, 'risk_returned_bellman_max_raw': 0.008058222942054272, 'risk_returned_best_checkpoint_final_raw': 1.0, 'risk_returned_best_checkpoint_min_raw': 1.0, 'risk_returned_best_checkpoint_max_raw': 1.0}
Benchmark 0 evaluation grid shape: (800, 3)
Replicate 40, benchmark 0 metrics: {'run_id': '40_b0', 'RMSE': 0.07867832333389457, 'MAE': 0.06659368817461654, 'SupNorm': 0.15171964466571808, 'Bias': -0.06120664978399873, 'Corr': 0.8570473147216269, 'deming_slope': 0.7643679192199774, 'deming_intercept': 0.0005806287178702907, 'beta_sum': 0.9164251089096069, 'beta_l1': 5.064852714538574, 'beta_l2': 0.22346627712249756, 'beta_min': -0.02279049903154373, 'beta_max': 0.02479570545256138, 'beta_neg_frac': 0.45, 'offline_data_id': 40, 'benchmark_id': 0, 'benchmark_point_source': 'fixed_config', 'target_set_size': 100, 'benchmark_z_path': 'data/Z_true.pt', 'projected_bellman_test_risk': 0.015705406665802002, 'oracle_embedding_risk': 0.7799952030181885, 'benchmark_embedding_risk': 0.7799952030181885, 'risk_bellman_final': 0.018184272085136392, 'risk_obj_final': 0.2358485460281372, 'B_num_rows': 3080, 'B_num_cols': 800, 'B_min_dim': 800, 'B_numerical_rank': 800, 'B_rank_fraction': 1.0, 'B_rank_tolerance': 3.4555802841396144e-05, 'B_stable_rank': 278.5470275878906, 'B_effective_rank': 771.61495338361, 'B_entropy_rank': 6.6484856605529785, 'B_spectral_norm': 0.09411528706550598, 'B_frobenius_norm': 1.5707584619522095, 'B_nuclear_norm': 42.921329498291016, 'B_condition_number': 3.444613671802593, 'B_condition_number_tol': 3.444613671802593, 'B_smallest_singular_value': 0.027322450652718544, 'B_rank_rel_1em2': 800, 'B_rank_rel_1em3': 800, 'B_rank_rel_1em4': 800}
Saved ./mu/mu_hat.csv shape=(800,)
Saved ./mu/mu2D_hat_dims01.csv shape=(120, 120)
Saved ./mu/mu2D_hat_dims01.csv shape=(120, 120)
Saved plots/replicate_40/mu_3D.png
Benchmark 1 evaluation grid shape: (800, 3)
Replicate 40, benchmark 1 metrics: {'run_id': '40_b1', 'RMSE': 0.05363665888609764, 'MAE': 0.04975787905415927, 'SupNorm': 0.08898469805717468, 'Bias': -0.04975787905415927, 'Corr': 0.9915264749495039, 'deming_slope': 0.8263395816811793, 'deming_intercept': -0.004513386936176755, 'beta_sum': 0.7745601534843445, 'beta_l1': 9.363626480102539, 'beta_l2': 0.4107729494571686, 'beta_min': -0.04998239874839783, 'beta_max': 0.04433085769414902, 'beta_neg_frac': 0.48125, 'offline_data_id': 40, 'benchmark_id': 1, 'benchmark_point_source': 'fixed_config', 'target_set_size': 100, 'benchmark_z_path': 'data/Z_true.pt', 'projected_bellman_test_risk': 0.005193688906729221, 'oracle_embedding_risk': 0.751483142375946, 'benchmark_embedding_risk': 0.751483142375946, 'risk_bellman_final': 0.018184272085136392, 'risk_obj_final': 0.2358485460281372, 'B_num_rows': 3080, 'B_num_cols': 800, 'B_min_dim': 800, 'B_numerical_rank': 800, 'B_rank_fraction': 1.0, 'B_rank_tolerance': 3.4555802841396144e-05, 'B_stable_rank': 278.5470275878906, 'B_effective_rank': 771.61495338361, 'B_entropy_rank': 6.6484856605529785, 'B_spectral_norm': 0.09411528706550598, 'B_frobenius_norm': 1.5707584619522095, 'B_nuclear_norm': 42.921329498291016, 'B_condition_number': 3.444613671802593, 'B_condition_number_tol': 3.444613671802593, 'B_smallest_singular_value': 0.027322450652718544, 'B_rank_rel_1em2': 800, 'B_rank_rel_1em3': 800, 'B_rank_rel_1em4': 800}
Benchmark 2 evaluation grid shape: (800, 3)
Replicate 40, benchmark 2 metrics: {'run_id': '40_b2', 'RMSE': 0.03486797541399803, 'MAE': 0.03164990366174607, 'SupNorm': 0.056244730949401855, 'Bias': -0.03160227854474215, 'Corr': 0.9920882464030758, 'deming_slope': 0.8941385497458887, 'deming_intercept': -0.0032278544999522485, 'beta_sum': 0.8521254062652588, 'beta_l1': 9.116325378417969, 'beta_l2': 0.3986758887767792, 'beta_min': -0.04423602670431137, 'beta_max': 0.0451718270778656, 'beta_neg_frac': 0.46, 'offline_data_id': 40, 'benchmark_id': 2, 'benchmark_point_source': 'fixed_config', 'target_set_size': 100, 'benchmark_z_path': 'data/Z_true.pt', 'projected_bellman_test_risk': 0.011252308264374733, 'oracle_embedding_risk': 0.7436310052871704, 'benchmark_embedding_risk': 0.7436310052871704, 'risk_bellman_final': 0.018184272085136392, 'risk_obj_final': 0.2358485460281372, 'B_num_rows': 3080, 'B_num_cols': 800, 'B_min_dim': 800, 'B_numerical_rank': 800, 'B_rank_fraction': 1.0, 'B_rank_tolerance': 3.4555802841396144e-05, 'B_stable_rank': 278.5470275878906, 'B_effective_rank': 771.61495338361, 'B_entropy_rank': 6.6484856605529785, 'B_spectral_norm': 0.09411528706550598, 'B_frobenius_norm': 1.5707584619522095, 'B_nuclear_norm': 42.921329498291016, 'B_condition_number': 3.444613671802593, 'B_condition_number_tol': 3.444613671802593, 'B_smallest_singular_value': 0.027322450652718544, 'B_rank_rel_1em2': 800, 'B_rank_rel_1em3': 800, 'B_rank_rel_1em4': 800}
Benchmark 3 evaluation grid shape: (800, 3)
Replicate 40, benchmark 3 metrics: {'run_id': '40_b3', 'RMSE': 0.04928722167040844, 'MAE': 0.04562921388656832, 'SupNorm': 0.08301249146461487, 'Bias': -0.04562921388656832, 'Corr': 0.9930190175972741, 'deming_slope': 0.8359244136969776, 'deming_intercept': -0.003092610790076472, 'beta_sum': 0.7957504987716675, 'beta_l1': 8.866049766540527, 'beta_l2': 0.38973984122276306, 'beta_min': -0.04717383161187172, 'beta_max': 0.0427795834839344, 'beta_neg_frac': 0.46875, 'offline_data_id': 40, 'benchmark_id': 3, 'benchmark_point_source': 'fixed_config', 'target_set_size': 100, 'benchmark_z_path': 'data/Z_true.pt', 'projected_bellman_test_risk': 0.010467726737260818, 'oracle_embedding_risk': 0.7494709491729736, 'benchmark_embedding_risk': 0.7494709491729736, 'risk_bellman_final': 0.018184272085136392, 'risk_obj_final': 0.2358485460281372, 'B_num_rows': 3080, 'B_num_cols': 800, 'B_min_dim': 800, 'B_numerical_rank': 800, 'B_rank_fraction': 1.0, 'B_rank_tolerance': 3.4555802841396144e-05, 'B_stable_rank': 278.5470275878906, 'B_effective_rank': 771.61495338361, 'B_entropy_rank': 6.6484856605529785, 'B_spectral_norm': 0.09411528706550598, 'B_frobenius_norm': 1.5707584619522095, 'B_nuclear_norm': 42.921329498291016, 'B_condition_number': 3.444613671802593, 'B_condition_number_tol': 3.444613671802593, 'B_smallest_singular_value': 0.027322450652718544, 'B_rank_rel_1em2': 800, 'B_rank_rel_1em3': 800, 'B_rank_rel_1em4': 800}
Benchmark 4 evaluation grid shape: (800, 3)
Replicate 40, benchmark 4 metrics: {'run_id': '40_b4', 'RMSE': 0.0842777747034564, 'MAE': 0.07102406966449053, 'SupNorm': 0.16868746280670166, 'Bias': -0.05886519568455697, 'Corr': 0.7817817726415959, 'deming_slope': 0.8983838583818686, 'deming_intercept': -0.031773856397198014, 'beta_sum': 0.9858323335647583, 'beta_l1': 5.3231120109558105, 'beta_l2': 0.24754638969898224, 'beta_min': -0.022953921929001808, 'beta_max': 0.05858563259243965, 'beta_neg_frac': 0.46125, 'offline_data_id': 40, 'benchmark_id': 4, 'benchmark_point_source': 'support_safe_target_policy_draw', 'target_set_size': 100, 'benchmark_z_path': 'data/Z_true.pt', 'projected_bellman_test_risk': 0.032590363174676895, 'oracle_embedding_risk': 0.7921321392059326, 'benchmark_embedding_risk': 0.7921321392059326, 'risk_bellman_final': 0.018184272085136392, 'risk_obj_final': 0.2358485460281372, 'B_num_rows': 3080, 'B_num_cols': 800, 'B_min_dim': 800, 'B_numerical_rank': 800, 'B_rank_fraction': 1.0, 'B_rank_tolerance': 3.4555802841396144e-05, 'B_stable_rank': 278.5470275878906, 'B_effective_rank': 771.61495338361, 'B_entropy_rank': 6.6484856605529785, 'B_spectral_norm': 0.09411528706550598, 'B_frobenius_norm': 1.5707584619522095, 'B_nuclear_norm': 42.921329498291016, 'B_condition_number': 3.444613671802593, 'B_condition_number_tol': 3.444613671802593, 'B_smallest_singular_value': 0.027322450652718544, 'B_rank_rel_1em2': 800, 'B_rank_rel_1em3': 800, 'B_rank_rel_1em4': 800}
Benchmark 5 evaluation grid shape: (800, 3)
Replicate 40, benchmark 5 metrics: {'run_id': '40_b5', 'RMSE': 0.24673772358828636, 'MAE': 0.23064959043178532, 'SupNorm': 0.39205318316817284, 'Bias': -0.23062628884574224, 'Corr': 0.47541351268181775, 'deming_slope': 0.06845539329441179, 'deming_intercept': 0.00876633340495522, 'beta_sum': 0.20681485533714294, 'beta_l1': 0.7283307909965515, 'beta_l2': 0.034106433391571045, 'beta_min': -0.002783676143735647, 'beta_max': 0.005591172259300947, 'beta_neg_frac': 0.44125, 'offline_data_id': 40, 'benchmark_id': 5, 'benchmark_point_source': 'support_safe_target_policy_draw', 'target_set_size': 100, 'benchmark_z_path': 'data/Z_true.pt', 'projected_bellman_test_risk': 0.0010711190989241004, 'oracle_embedding_risk': 0.9527689218521118, 'benchmark_embedding_risk': 0.9527689218521118, 'risk_bellman_final': 0.018184272085136392, 'risk_obj_final': 0.2358485460281372, 'B_num_rows': 3080, 'B_num_cols': 800, 'B_min_dim': 800, 'B_numerical_rank': 800, 'B_rank_fraction': 1.0, 'B_rank_tolerance': 3.4555802841396144e-05, 'B_stable_rank': 278.5470275878906, 'B_effective_rank': 771.61495338361, 'B_entropy_rank': 6.6484856605529785, 'B_spectral_norm': 0.09411528706550598, 'B_frobenius_norm': 1.5707584619522095, 'B_nuclear_norm': 42.921329498291016, 'B_condition_number': 3.444613671802593, 'B_condition_number_tol': 3.444613671802593, 'B_smallest_singular_value': 0.027322450652718544, 'B_rank_rel_1em2': 800, 'B_rank_rel_1em3': 800, 'B_rank_rel_1em4': 800}
Benchmark 6 evaluation grid shape: (800, 3)
Replicate 40, benchmark 6 metrics: {'run_id': '40_b6', 'RMSE': 0.07211064342109967, 'MAE': 0.06316826364782173, 'SupNorm': 0.12845247983932495, 'Bias': -0.06174629084358457, 'Corr': 0.9381933605548809, 'deming_slope': 0.7443226515961018, 'deming_intercept': 0.0057502763430477, 'beta_sum': 0.8374868631362915, 'beta_l1': 6.411280632019043, 'beta_l2': 0.28025251626968384, 'beta_min': -0.030082376673817635, 'beta_max': 0.025421472266316414, 'beta_neg_frac': 0.445, 'offline_data_id': 40, 'benchmark_id': 6, 'benchmark_point_source': 'support_safe_target_policy_draw', 'target_set_size': 100, 'benchmark_z_path': 'data/Z_true.pt', 'projected_bellman_test_risk': 0.006050312891602516, 'oracle_embedding_risk': 0.7646788358688354, 'benchmark_embedding_risk': 0.7646788358688354, 'risk_bellman_final': 0.018184272085136392, 'risk_obj_final': 0.2358485460281372, 'B_num_rows': 3080, 'B_num_cols': 800, 'B_min_dim': 800, 'B_numerical_rank': 800, 'B_rank_fraction': 1.0, 'B_rank_tolerance': 3.4555802841396144e-05, 'B_stable_rank': 278.5470275878906, 'B_effective_rank': 771.61495338361, 'B_entropy_rank': 6.6484856605529785, 'B_spectral_norm': 0.09411528706550598, 'B_frobenius_norm': 1.5707584619522095, 'B_nuclear_norm': 42.921329498291016, 'B_condition_number': 3.444613671802593, 'B_condition_number_tol': 3.444613671802593, 'B_smallest_singular_value': 0.027322450652718544, 'B_rank_rel_1em2': 800, 'B_rank_rel_1em3': 800, 'B_rank_rel_1em4': 800}
Benchmark 7 evaluation grid shape: (800, 3)
Replicate 40, benchmark 7 metrics: {'run_id': '40_b7', 'RMSE': 0.051644072524635605, 'MAE': 0.04301625706430059, 'SupNorm': 0.10289047658443451, 'Bias': -0.03921951745811384, 'Corr': 0.933864327825323, 'deming_slope': 0.8795610283732332, 'deming_intercept': -0.007726509890396305, 'beta_sum': 0.899904191493988, 'beta_l1': 6.891157150268555, 'beta_l2': 0.3010902404785156, 'beta_min': -0.0333796888589859, 'beta_max': 0.03091368079185486, 'beta_neg_frac': 0.45875, 'offline_data_id': 40, 'benchmark_id': 7, 'benchmark_point_source': 'support_safe_target_policy_draw', 'target_set_size': 100, 'benchmark_z_path': 'data/Z_true.pt', 'projected_bellman_test_risk': 0.013296018354594707, 'oracle_embedding_risk': 0.7573473453521729, 'benchmark_embedding_risk': 0.7573473453521729, 'risk_bellman_final': 0.018184272085136392, 'risk_obj_final': 0.2358485460281372, 'B_num_rows': 3080, 'B_num_cols': 800, 'B_min_dim': 800, 'B_numerical_rank': 800, 'B_rank_fraction': 1.0, 'B_rank_tolerance': 3.4555802841396144e-05, 'B_stable_rank': 278.5470275878906, 'B_effective_rank': 771.61495338361, 'B_entropy_rank': 6.6484856605529785, 'B_spectral_norm': 0.09411528706550598, 'B_frobenius_norm': 1.5707584619522095, 'B_nuclear_norm': 42.921329498291016, 'B_condition_number': 3.444613671802593, 'B_condition_number_tol': 3.444613671802593, 'B_smallest_singular_value': 0.027322450652718544, 'B_rank_rel_1em2': 800, 'B_rank_rel_1em3': 800, 'B_rank_rel_1em4': 800}
Benchmark 8 evaluation grid shape: (800, 3)
Replicate 40, benchmark 8 metrics: {'run_id': '40_b8', 'RMSE': 0.10420046423017433, 'MAE': 0.09249975280836224, 'SupNorm': 0.1810644268989563, 'Bias': -0.09169931929558515, 'Corr': 0.9009864221036256, 'deming_slope': 0.6076488347375869, 'deming_intercept': 0.010505876577591028, 'beta_sum': 0.7845689654350281, 'beta_l1': 3.790163040161133, 'beta_l2': 0.16771307587623596, 'beta_min': -0.016017979010939598, 'beta_max': 0.018375054001808167, 'beta_neg_frac': 0.43, 'offline_data_id': 40, 'benchmark_id': 8, 'benchmark_point_source': 'support_safe_target_policy_draw', 'target_set_size': 100, 'benchmark_z_path': 'data/Z_true.pt', 'projected_bellman_test_risk': 0.0284423828125, 'oracle_embedding_risk': 0.7857922315597534, 'benchmark_embedding_risk': 0.7857922315597534, 'risk_bellman_final': 0.018184272085136392, 'risk_obj_final': 0.2358485460281372, 'B_num_rows': 3080, 'B_num_cols': 800, 'B_min_dim': 800, 'B_numerical_rank': 800, 'B_rank_fraction': 1.0, 'B_rank_tolerance': 3.4555802841396144e-05, 'B_stable_rank': 278.5470275878906, 'B_effective_rank': 771.61495338361, 'B_entropy_rank': 6.6484856605529785, 'B_spectral_norm': 0.09411528706550598, 'B_frobenius_norm': 1.5707584619522095, 'B_nuclear_norm': 42.921329498291016, 'B_condition_number': 3.444613671802593, 'B_condition_number_tol': 3.444613671802593, 'B_smallest_singular_value': 0.027322450652718544, 'B_rank_rel_1em2': 800, 'B_rank_rel_1em3': 800, 'B_rank_rel_1em4': 800}
Benchmark 9 evaluation grid shape: (800, 3)
Replicate 40, benchmark 9 metrics: {'run_id': '40_b9', 'RMSE': 0.054690548210092234, 'MAE': 0.04888118166592904, 'SupNorm': 0.09499052166938782, 'Bias': -0.048071860295021904, 'Corr': 0.9805491064557058, 'deming_slope': 0.7868136445264341, 'deming_intercept': 0.008585653724720421, 'beta_sum': 0.928826630115509, 'beta_l1': 7.026455879211426, 'beta_l2': 0.30579403042793274, 'beta_min': -0.03541765362024307, 'beta_max': 0.03342975676059723, 'beta_neg_frac': 0.44, 'offline_data_id': 40, 'benchmark_id': 9, 'benchmark_point_source': 'support_safe_target_policy_draw', 'target_set_size': 100, 'benchmark_z_path': 'data/Z_true.pt', 'projected_bellman_test_risk': 0.006969709414988756, 'oracle_embedding_risk': 0.752804696559906, 'benchmark_embedding_risk': 0.752804696559906, 'risk_bellman_final': 0.018184272085136392, 'risk_obj_final': 0.2358485460281372, 'B_num_rows': 3080, 'B_num_cols': 800, 'B_min_dim': 800, 'B_numerical_rank': 800, 'B_rank_fraction': 1.0, 'B_rank_tolerance': 3.4555802841396144e-05, 'B_stable_rank': 278.5470275878906, 'B_effective_rank': 771.61495338361, 'B_entropy_rank': 6.6484856605529785, 'B_spectral_norm': 0.09411528706550598, 'B_frobenius_norm': 1.5707584619522095, 'B_nuclear_norm': 42.921329498291016, 'B_condition_number': 3.444613671802593, 'B_condition_number_tol': 3.444613671802593, 'B_smallest_singular_value': 0.027322450652718544, 'B_rank_rel_1em2': 800, 'B_rank_rel_1em3': 800, 'B_rank_rel_1em4': 800}
Replicate 40 finished in 23.8s
Finished combo 1, offline replicate 40.
