Job ID:    2358931
Array idx: 153
CPUs/node: 64
Mem/node:  131072
Using CC = cc 
Using CXX = CC 
Using FC = ftn 
Using F77 = ftn 
Using F90 = ftn 
cuda/12.6.1 is deprecated; loading cudatoolkit/25.5_12.9 instead.
Using CC = /opt/nvidia/hpc_sdk/Linux_aarch64/25.5/compilers/bin/nvc 
Using CXX = /opt/nvidia/hpc_sdk/Linux_aarch64/25.5/compilers/bin/nvc++ 
Using FC = /opt/nvidia/hpc_sdk/Linux_aarch64/25.5/compilers/bin/nvfortran 
Using F77 = /opt/nvidia/hpc_sdk/Linux_aarch64/25.5/compilers/bin/nvfortran 
Using F90 = /opt/nvidia/hpc_sdk/Linux_aarch64/25.5/compilers/bin/nvfortran 
Using CC = /opt/nvidia/hpc_sdk/Linux_aarch64/25.5/compilers/bin/nvc 
Using CXX = /opt/nvidia/hpc_sdk/Linux_aarch64/25.5/compilers/bin/nvc++ 
Using FC = /opt/nvidia/hpc_sdk/Linux_aarch64/25.5/compilers/bin/nvfortran 
Using F77 = /opt/nvidia/hpc_sdk/Linux_aarch64/25.5/compilers/bin/nvfortran 
Using F90 = /opt/nvidia/hpc_sdk/Linux_aarch64/25.5/compilers/bin/nvfortran 

Lmod is automatically replacing "gcc-native/14" with "gcc/14.2.0".

ghx4
0
Tuning combo id: 1 / 6
Offline replicate id: 53 / 99
Installing ke_drl from git: https://github.com/mehrdadmhmdi/ke-drl.git@main
Collecting git+https://github.com/mehrdadmhmdi/ke-drl.git@main
  Cloning https://github.com/mehrdadmhmdi/ke-drl.git (to revision main) to /tmp/pip-req-build-kno0mfuq
  Running command git clone --filter=blob:none --quiet https://github.com/mehrdadmhmdi/ke-drl.git /tmp/pip-req-build-kno0mfuq
  Resolved https://github.com/mehrdadmhmdi/ke-drl.git to commit 3c5d570e40ea15b1fbe4817b5f43b64c7b333e82
  Installing build dependencies: started
  Installing build dependencies: finished with status 'done'
  Getting requirements to build wheel: started
  Getting requirements to build wheel: finished with status 'done'
  Preparing metadata (pyproject.toml): started
  Preparing metadata (pyproject.toml): finished with status 'done'
Building wheels for collected packages: ke_drl
  Building wheel for ke_drl (pyproject.toml): started
  Building wheel for ke_drl (pyproject.toml): finished with status 'done'
  Created wheel for ke_drl: filename=ke_drl-0.1.0-py3-none-any.whl size=47219 sha256=f19dc4b3d281ad744052ef56dee646a263f934f166201f5cde9ac8ab03bc45f7
  Stored in directory: /tmp/pip-ephem-wheel-cache-1_irh02x/wheels/24/47/ad/9a4ffd3b05d3e90e35ffc6e7324b735b8bfcf5f51aaf29a333
Successfully built ke_drl
Installing collected packages: ke_drl
Successfully installed ke_drl-0.1.0
Installed ke_drl source: /work/nvme/bfez/mehrdad3/DistRL/simulation_3/runs/sim3_global_2358722_1/.kedrl_site_153/ke_drl/__init__.py
Tuning combo 1: lambda_B_0.002
Overrides: {'lambda_B': 0.002}
RUN: /sw/user/python/miniforge3-pytorch-24.11.3/bin/python3 validate_sim_config.py --params params.yaml
ke_drl import source: /work/nvme/bfez/mehrdad3/DistRL/simulation_3/runs/sim3_global_2358722_1/.kedrl_site_153/ke_drl/__init__.py
ke_drl package API OK: prediction weights, RFF operators, rank diagnostics, and best-checkpoint optimizer available
Policy config OK: behavior=uniform, target=logistic, state_dim=5, action_dim=1
Note: policy.logistic.theta_scale/theta_std are log-scale coefficients in Probability_Densities.
Behavior-policy linearized state-process diagnostic: spectral_radius=0.653, offline_burn_in=50
Replicate config OK: num_replicates=100, benchmark points=10 independent of D_i, loss target points=100
Transition reduction OK: method=kmeans, raw rows N(T-1)=12000, target rows about 3000, B rows reduced from 12000 to about 3000
Return-operator approximation OK: method=rff, features=512, exact G avoided for estimated N=12000, m=800, L=100
Fixed benchmark config rows=4 (benchmark.num_points=10; additional points are support-safe target-policy draws if needed)
Fixed benchmark point 0: s_star=[0.6, -0.8, 0.7, -0.5, 0.9], a_star=[0.5]
Fixed benchmark behavior-support interval for configured rows: min_lower=-0.12, max_upper=1.11
Fixed benchmark target-policy location range: [-0.02, 0.14]
Reusing shared data from /work/nvme/bfez/mehrdad3/DistRL/simulation_3/runs/sim3_shared_data/data for offline replicate 53.
RUN: /sw/user/python/miniforge3-pytorch-24.11.3/bin/python3 validate_sim_config.py --params params.yaml --data data/offline_data_53.pt
ke_drl import source: /work/nvme/bfez/mehrdad3/DistRL/simulation_3/runs/sim3_global_2358722_1/.kedrl_site_153/ke_drl/__init__.py
ke_drl package API OK: prediction weights, RFF operators, rank diagnostics, and best-checkpoint optimizer available
Policy config OK: behavior=uniform, target=logistic, state_dim=5, action_dim=1
Note: policy.logistic.theta_scale/theta_std are log-scale coefficients in Probability_Densities.
Behavior-policy linearized state-process diagnostic: spectral_radius=0.653, offline_burn_in=50
Replicate config OK: num_replicates=100, benchmark points=10 independent of D_i, loss target points=100
Transition reduction OK: method=kmeans, raw rows N(T-1)=12000, target rows about 3000, B rows reduced from 12000 to about 3000
Return-operator approximation OK: method=rff, features=512, exact G avoided for estimated N=12000, m=800, L=100
Fixed benchmark config rows=4 (benchmark.num_points=10; additional points are support-safe target-policy draws if needed)
Fixed benchmark point 0: s_star=[0.6, -0.8, 0.7, -0.5, 0.9], a_star=[0.5]
Fixed benchmark behavior-support interval for configured rows: min_lower=-0.12, max_upper=1.11
Fixed benchmark target-policy location range: [-0.02, 0.14]
Full benchmark support check OK: 10 points, min_lower=-2.177, max_upper=2.05
observed behavior actions: mean=0.4094, sd=0.6738, q0/q10/q50/q90/q100=[-1.9039783477783203, -0.40323269963264463, 0.3542882204055786, 1.309261178970337, 3.1748552322387695]
target-policy sampled actions: mean=-0.01461, sd=0.67, q0/q10/q50/q90/q100=[-2.5314169737346215, -0.8716618973741626, -0.0047117126496359525, 0.8392893441054387, 2.604194898900817]
behavior uniform lower: mean=-0.1152, sd=0.6649, q0/q10/q50/q90/q100=[-2.6790042161941527, -0.9593464824557304, -0.10680700689554212, 0.7326332077383997, 2.5087961077690126]
behavior uniform upper: mean=0.9221, sd=0.6551, q0/q10/q50/q90/q100=[-0.9080080449581146, 0.06417915701866152, 0.9339620456099511, 1.7700061285495758, 3.5087961077690126]
target location inside behavior uniform support: 0.964
RUN: /sw/user/python/miniforge3-pytorch-24.11.3/bin/python3 main_est.py
# ================================================================ #
#   Global KE-DRL estimation for one offline replicate              #
# ================================================================ #
Slurm Job ID: 2358931
Slurm Array ID: 53 -- used as the offline-replicate id
Offline data id: 53
ke_drl import source: /work/nvme/bfez/mehrdad3/DistRL/simulation_3/runs/sim3_global_2358722_1/.kedrl_site_153/ke_drl/__init__.py
Estimator device: cuda (NVIDIA GH200 120GB, capability 9.0); torch CUDA=13.0
Random seed: 20460565
Number of offline replicates: 100
[transition reduction] enabled: original rows=12000, target basis=3000, method=kmeans, device=cuda
[transition reduction] kmeans iter 1/20, mean center shift=2.7133e-01
[transition reduction] kmeans iter 5/20, mean center shift=4.2012e-03
[transition reduction] kmeans iter 10/20, mean center shift=5.0794e-08
[transition reduction] selected 3088 rows from 12000 transitions (ratio 0.2573); indices saved to data/reduced_transition_indices_53.pt
Data and parameters loaded.
offline path: data/offline_data_53.pt
benchmark true-Z path: data/Z_true.pt
offline shapes after reduction: s0=(3088, 5), a0=(3088, 1), r0=(3088, 3)
transition reduction: {'enabled': True, 'method': 'kmeans', 'original_rows': 12000, 'reduced_rows': 3088, 'selected_indices_path': 'data/reduced_transition_indices_53.pt', 'target_basis': 3000, 'compression_ratio': 0.25733333333333336}
fixed benchmark point source: fixed_config_plus_support_safe_target_policy_draws
benchmark row excluded from this offline data: None
global loss target set shape: s_star=(100, 5), a_star=(100, 1)
benchmark true-Z count=10, shape each=(50000, 3)
target policy: logistic
behavior policy: uniform
lambda_Gamma=0.005, lambda_B=0.002, d_r_method=song
dtype=torch.float32, operator_method=rff, operator_num_features=512
ridge_mode=rkhs, diagnostic_interval=50
mass_anchor_lambda=1.0, target_mass=1.0
uLSIF basis: source=numerator, n_basis=512, lambda_reg=0.005
optimizer stabilizers: lambda_neg=0.0, max_B_norm=None, eta_clip_min=0.0, eta_clip_max=5.0, normalize_eta=True
========================================
Estimating the global KE-DRL mean embedding
torch device=cuda, dtype=torch.float32
Data dims: N=3088, L=100, Ds=5, Da=1, Dr=3
lambda_Gamma=0.005, lambda_B=0.002
return-operator construction: method=rff, rff_features=512
[uLSIF] basis=512/3088 (numerator); eta_hat min=-8.938e-01 max=5.526e+00 neg%=4.11
ESS for eta_plus: 2098.0 / 3088
eta_plus diagnostics: raw_mean=1, raw_min=-0.894, raw_max=5.53; used_mean=1, used_min=0, used_max=4.95
[timing] Z-grid: 0.03s
[timing] K_X: 0.00s
[timing] K_plus: 0.00s
[timing] k_star: 0.00s
[timing] Gamma_stack: 0.01s
[timing] Phi_stack: 0.00s
[timing] RFF feature sample: 0.00s
[timing] K_Z RFF: 0.00s
[timing] G_stack RFF: 0.01s
[timing] H_stack RFF: 0.01s
findfont: Font family 'Nimbus Roman' not found.
findfont: Font family 'Nimbus Roman' not found.
findfont: Font family 'Nimbus Roman' not found.
findfont: Font family 'Nimbus Roman' not found.
findfont: Font family 'Nimbus Roman' not found.
findfont: Font family 'Nimbus Roman' not found.
findfont: Font family 'Nimbus Roman' not found.
findfont: Font family 'Nimbus Roman' not found.
findfont: Font family 'Nimbus Roman' not found.
findfont: Font family 'Nimbus Roman' not found.
findfont: Font family 'Nimbus Roman' not found.
findfont: Font family 'Nimbus Roman' not found.
findfont: Font family 'Nimbus Roman' not found.
findfont: Font family 'Nimbus Roman' not found.
findfont: Font family 'Nimbus Roman' not found.
findfont: Font family 'Nimbus Roman' not found.
findfont: Font family 'Nimbus Roman' not found.
findfont: Font family 'Nimbus Roman' not found.
findfont: Font family 'Nimbus Roman' not found.
findfont: Font family 'Nimbus Roman' not found.
findfont: Font family 'Nimbus Roman' not found.
findfont: Font family 'Nimbus Roman' not found.
findfont: Font family 'Nimbus Roman' not found.
findfont: Font family 'Nimbus Roman' not found.
findfont: Font family 'Nimbus Roman' not found.
findfont: Font family 'Nimbus Roman' not found.
findfont: Font family 'Nimbus Roman' not found.
findfont: Font family 'Nimbus Roman' not found.
findfont: Font family 'Nimbus Roman' not found.
findfont: Font family 'Nimbus Roman' not found.
findfont: Font family 'Nimbus Roman' not found.
findfont: Font family 'Nimbus Roman' not found.
findfont: Font family 'Nimbus Roman' not found.
findfont: Font family 'Nimbus Roman' not found.
findfont: Font family 'Nimbus Roman' not found.
findfont: Font family 'Nimbus Roman' not found.
findfont: Font family 'Nimbus Roman' not found.
findfont: Font family 'Nimbus Roman' not found.
findfont: Font family 'Nimbus Roman' not found.
findfont: Font family 'Nimbus Roman' not found.
findfont: Font family 'Nimbus Roman' not found.
findfont: Font family 'Nimbus Roman' not found.
findfont: Font family ['Nimbus Roman'] not found. Falling back to DejaVu Sans.
findfont: Font family 'Nimbus Roman' not found.
findfont: Font family ['Nimbus Roman'] not found. Falling back to DejaVu Sans.
findfont: Font family 'Nimbus Roman' not found.
findfont: Font family 'Nimbus Roman' not found.
findfont: Font family 'Nimbus Roman' not found.
findfont: Font family 'Nimbus Roman' not found.
findfont: Font family 'Nimbus Roman' not found.
findfont: Font family 'Nimbus Roman' not found.
findfont: Font family 'Nimbus Roman' not found.
findfont: Font family 'Nimbus Roman' not found.
findfont: Font family 'Nimbus Roman' not found.
findfont: Font family ['Nimbus Roman'] not found. Falling back to DejaVu Sans.
findfont: Font family 'Nimbus Roman' not found.
findfont: Font family 'Nimbus Roman' not found.
findfont: Font family 'Nimbus Roman' not found.
findfont: Font family 'Nimbus Roman' not found.
findfont: Font family 'Nimbus Roman' not found.
findfont: Font family 'Nimbus Roman' not found.
findfont: Font family 'Nimbus Roman' not found.
findfont: Font family 'Nimbus Roman' not found.
findfont: Font family 'Nimbus Roman' not found.
findfont: Font family 'Nimbus Roman' not found.
findfont: Font family 'Nimbus Roman' not found.
findfont: Font family 'Nimbus Roman' not found.
findfont: Font family 'Nimbus Roman' not found.
findfont: Font family 'Nimbus Roman' not found.
findfont: Font family 'Nimbus Roman' not found.
findfont: Font family 'Nimbus Roman' not found.
findfont: Font family 'Nimbus Roman' not found.
findfont: Font family 'Nimbus Roman' not found.
findfont: Font family 'Nimbus Roman' not found.
findfont: Font family 'Nimbus Roman' not found.
findfont: Font family 'Nimbus Roman' not found.
findfont: Font family 'Nimbus Roman' not found.
findfont: Font family 'Nimbus Roman' not found.
findfont: Font family 'Nimbus Roman' not found.
findfont: Font family 'Nimbus Roman' not found.
findfont: Font family 'Nimbus Roman' not found.
findfont: Font family 'Nimbus Roman' not found.
findfont: Font family 'Nimbus Roman' not found.
findfont: Font family 'Nimbus Roman' not found.
findfont: Font family 'Nimbus Roman' not found.
findfont: Font family 'Nimbus Roman' not found.
findfont: Font family 'Nimbus Roman' not found.
findfont: Font family 'Nimbus Roman' not found.
findfont: Font family 'Nimbus Roman' not found.
findfont: Font family 'Nimbus Roman' not found.
findfont: Font family 'Nimbus Roman' not found.
findfont: Font family 'Nimbus Roman' not found.
findfont: Font family 'Nimbus Roman' not found.
findfont: Font family 'Nimbus Roman' not found.
findfont: Font family 'Nimbus Roman' not found.
findfont: Font family 'Nimbus Roman' not found.
findfont: Font family 'Nimbus Roman' not found.
findfont: Font family 'Nimbus Roman' not found.
findfont: Font family 'Nimbus Roman' not found.
findfont: Font family 'Nimbus Roman' not found.
findfont: Font family 'Nimbus Roman' not found.
findfont: Font family 'Nimbus Roman' not found.
findfont: Font family 'Nimbus Roman' not found.
findfont: Font family 'Nimbus Roman' not found.
findfont: Font family 'Nimbus Roman' not found.
findfont: Font family 'Nimbus Roman' not found.
findfont: Font family 'Nimbus Roman' not found.
findfont: Font family 'Nimbus Roman' not found.
findfont: Font family 'Nimbus Roman' not found.
findfont: Font family 'Nimbus Roman' not found.
findfont: Font family 'Nimbus Roman' not found.
findfont: Font family 'Nimbus Roman' not found.
findfont: Font family 'Nimbus Roman' not found.
findfont: Font family 'Nimbus Roman' not found.
findfont: Font family 'Nimbus Roman' not found.
findfont: Font family 'Nimbus Roman' not found.
findfont: Font family 'Nimbus Roman' not found.
findfont: Font family 'Nimbus Roman' not found.
findfont: Font family 'Nimbus Roman' not found.
findfont: Font family 'Nimbus Roman' not found.
findfont: Font family 'Nimbus Roman' not found.
findfont: Font family 'Nimbus Roman' not found.
findfont: Font family 'Nimbus Roman' not found.
findfont: Font family 'Nimbus Roman' not found.
findfont: Font family 'Nimbus Roman' not found.
findfont: Font family 'Nimbus Roman' not found.
findfont: Font family 'Nimbus Roman' not found.
findfont: Font family 'Nimbus Roman' not found.
findfont: Font family 'Nimbus Roman' not found.
findfont: Font family 'Nimbus Roman' not found.
findfont: Font family 'Nimbus Roman' not found.
Ridge mode: rkhs; diagnostic interval: 50
Iter 1/4000 | log_obj=9.755e+00 | log_Bellman_root=3.453e+00 | mass=1.62e+04 | neg=0.00e+00 | grad=4.87e+02
Iter 400/4000 | log_obj=5.078e+00 | log_Bellman_root=1.112e+00 | mass=1.51e+02 | neg=0.00e+00 | grad=9.02e+03
Iter 800/4000 | log_obj=5.084e+00 | log_Bellman_root=1.114e+00 | mass=1.52e+02 | neg=0.00e+00 | grad=9.01e+03
Iter 1200/4000 | log_obj=5.087e+00 | log_Bellman_root=1.115e+00 | mass=1.53e+02 | neg=0.00e+00 | grad=9.00e+03
Iter 1600/4000 | log_obj=2.912e+00 | log_Bellman_root=1.649e-02 | mass=1.73e+01 | neg=0.00e+00 | grad=5.17e+03
Iter 2000/4000 | log_obj=3.492e+00 | log_Bellman_root=3.080e-01 | mass=3.10e+01 | neg=0.00e+00 | grad=2.83e+03
Iter 2400/4000 | log_obj=2.969e+00 | log_Bellman_root=6.369e-02 | mass=1.83e+01 | neg=0.00e+00 | grad=1.81e+03
Iter 2800/4000 | log_obj=7.375e-01 | log_Bellman_root=-1.056e+00 | mass=1.97e+00 | neg=0.00e+00 | grad=2.16e+03
Iter 3200/4000 | log_obj=1.545e+00 | log_Bellman_root=-6.623e-01 | mass=4.42e+00 | neg=0.00e+00 | grad=1.85e+03
Iter 3600/4000 | log_obj=1.218e+00 | log_Bellman_root=-7.893e-01 | mass=3.17e+00 | neg=0.00e+00 | grad=7.08e+02
Iter 4000/4000 | log_obj=7.177e-01 | log_Bellman_root=-1.066e+00 | mass=1.93e+00 | neg=0.00e+00 | grad=1.51e+03
Returning best diagnostic checkpoint from step 1300 (objective=6.868e-01, Bellman=4.417e-02).
Done in 14.04s.
KE-DRL global estimation is done.
B_hat shape: (3088, 800)
B_hat rank diagnostics: {'B_num_rows': 3088, 'B_num_cols': 800, 'B_min_dim': 800, 'B_numerical_rank': 800, 'B_rank_fraction': 1.0, 'B_rank_tolerance': 3.2253371401225195e-05, 'B_stable_rank': 322.39215087890625, 'B_effective_rank': 771.6929594788401, 'B_entropy_rank': 6.648586750030518, 'B_spectral_norm': 0.08761686831712723, 'B_frobenius_norm': 1.5731855630874634, 'B_nuclear_norm': 42.99258804321289, 'B_condition_number': 3.1743725766946307, 'B_condition_number_tol': 3.1743725766946307, 'B_smallest_singular_value': 0.027601318433880806, 'B_rank_rel_1em2': 800, 'B_rank_rel_1em3': 800, 'B_rank_rel_1em4': 800}
Global-loss target mass diagnostics: {'target_mass_mean': 0.24438437819480896, 'target_mass_min': -0.42583686113357544, 'target_mass_max': 0.7749609351158142, 'target_mass_sd': 0.2603621184825897, 'target_mass_rmse_to_target': 0.7987900376319885, 'target_beta_min': -0.061825186014175415, 'target_beta_max': 0.05399351194500923, 'target_neg_frac_mean': 0.4796}
Return dictionary Z_grid shape: (800, 3)
Replicate 53 risk metrics: {'risk_n_steps_recorded': 81.0, 'risk_n_diagnostics_recorded': 81.0, 'risk_log_obj_initial': 9.754976441705356, 'risk_log_obj_final': 0.7176502963925148, 'risk_log_obj_min': -0.3757476416310895, 'risk_obj_initial': 17239.80859375001, 'risk_obj_final': 2.0496115684509277, 'risk_obj_min': 0.6867756247520447, 'risk_log_obj_drop': 9.037326145312841, 'risk_log_bellman_root_initial': 3.4529240588917447, 'risk_log_bellman_root_final': -1.0656204284329933, 'risk_log_bellman_root_min': -1.5598143713933885, 'risk_bellman_root_initial': 31.592636108398438, 'risk_bellman_root_final': 0.34451404213905334, 'risk_bellman_root_min': 0.2101750820875168, 'risk_bellman_initial': 998.0946562776808, 'risk_bellman_final': 0.11868992523098941, 'risk_bellman_min': 0.044173565130494426, 'risk_log_bellman_root_drop': 4.518544487324738, 'risk_bellman_returned': 0.04417356476187706, 'risk_obj_returned': 0.6867756247520447, 'risk_returned_step': 1300.0, 'offline_data_id': 53, 'benchmark_point_source': 'fixed_config_plus_support_safe_target_policy_draws', 'target_set_size': 100, 'lambda_reg': 0.005, 'lambda_B': 0.002, 'num_steps': 4000, 'transition_reduction_enabled': 1, 'transition_reduction_method': 'kmeans', 'transition_original_rows': 12000, 'transition_reduced_rows': 3088, 'transition_compression_ratio': 0.25733333333333336, 'target_mass_mean': 0.24438437819480896, 'target_mass_min': -0.42583686113357544, 'target_mass_max': 0.7749609351158142, 'target_mass_sd': 0.2603621184825897, 'target_mass_rmse_to_target': 0.7987900376319885, 'target_beta_min': -0.061825186014175415, 'target_beta_max': 0.05399351194500923, 'target_neg_frac_mean': 0.4796, 'B_num_rows': 3088, 'B_num_cols': 800, 'B_min_dim': 800, 'B_numerical_rank': 800, 'B_rank_fraction': 1.0, 'B_rank_tolerance': 3.2253371401225195e-05, 'B_stable_rank': 322.39215087890625, 'B_effective_rank': 771.6929594788401, 'B_entropy_rank': 6.648586750030518, 'B_spectral_norm': 0.08761686831712723, 'B_frobenius_norm': 1.5731855630874634, 'B_nuclear_norm': 42.99258804321289, 'B_condition_number': 3.1743725766946307, 'B_condition_number_tol': 3.1743725766946307, 'B_smallest_singular_value': 0.027601318433880806, 'B_rank_rel_1em2': 800, 'B_rank_rel_1em3': 800, 'B_rank_rel_1em4': 800, 'risk_objective_final_raw': 2.0496115684509277, 'risk_objective_min_raw': 0.6867756247520447, 'risk_objective_max_raw': 17239.80859375, 'risk_bellman_final_raw': 0.11868993192911148, 'risk_bellman_min_raw': 0.04417356476187706, 'risk_bellman_max_raw': 998.0946655273438, 'risk_rkhs_ridge_final_raw': 0.003888590494170785, 'risk_rkhs_ridge_min_raw': 0.003888590494170785, 'risk_rkhs_ridge_max_raw': 0.22949786484241486, 'risk_mass_final_raw': 1.9270330667495728, 'risk_mass_min_raw': 0.6380654573440552, 'risk_mass_max_raw': 16241.484375, 'risk_negativity_final_raw': 0.0, 'risk_negativity_min_raw': 0.0, 'risk_negativity_max_raw': 0.0, 'risk_B_norm_final_raw': 1.572668433189392, 'risk_B_norm_min_raw': 1.572668433189392, 'risk_B_norm_max_raw': 1.6422621011734009, 'risk_diagnostic_step_final_raw': 4000.0, 'risk_diagnostic_step_min_raw': 1.0, 'risk_diagnostic_step_max_raw': 4000.0, 'risk_best_step_final_raw': 1300.0, 'risk_best_step_min_raw': 1300.0, 'risk_best_step_max_raw': 1300.0, 'risk_best_objective_final_raw': 0.6867756247520447, 'risk_best_objective_min_raw': 0.6867756247520447, 'risk_best_objective_max_raw': 0.6867756247520447, 'risk_best_bellman_final_raw': 0.04417356476187706, 'risk_best_bellman_min_raw': 0.04417356476187706, 'risk_best_bellman_max_raw': 0.04417356476187706, 'risk_returned_step_final_raw': 1300.0, 'risk_returned_step_min_raw': 1300.0, 'risk_returned_step_max_raw': 1300.0, 'risk_returned_objective_final_raw': 0.6867756247520447, 'risk_returned_objective_min_raw': 0.6867756247520447, 'risk_returned_objective_max_raw': 0.6867756247520447, 'risk_returned_bellman_final_raw': 0.04417356476187706, 'risk_returned_bellman_min_raw': 0.04417356476187706, 'risk_returned_bellman_max_raw': 0.04417356476187706, 'risk_returned_best_checkpoint_final_raw': 1.0, 'risk_returned_best_checkpoint_min_raw': 1.0, 'risk_returned_best_checkpoint_max_raw': 1.0}
Benchmark 0 evaluation grid shape: (800, 3)
Replicate 53, benchmark 0 metrics: {'run_id': '53_b0', 'RMSE': 0.18670909105073633, 'MAE': 0.1740916980963084, 'SupNorm': 0.309952475130558, 'Bias': -0.1740916980963084, 'Corr': 0.7378573724199003, 'deming_slope': 0.43154569104343615, 'deming_intercept': -0.02503200899617912, 'beta_sum': 0.369767427444458, 'beta_l1': 5.793180465698242, 'beta_l2': 0.25615695118904114, 'beta_min': -0.028874363750219345, 'beta_max': 0.026602428406476974, 'beta_neg_frac': 0.47375, 'offline_data_id': 53, 'benchmark_id': 0, 'benchmark_point_source': 'fixed_config', 'target_set_size': 100, 'benchmark_z_path': 'data/Z_true.pt', 'projected_bellman_test_risk': 0.0206780843436718, 'oracle_embedding_risk': 0.886745810508728, 'benchmark_embedding_risk': 0.886745810508728, 'risk_bellman_final': 0.11868992523098941, 'risk_obj_final': 2.0496115684509277, 'B_num_rows': 3088, 'B_num_cols': 800, 'B_min_dim': 800, 'B_numerical_rank': 800, 'B_rank_fraction': 1.0, 'B_rank_tolerance': 3.2253371401225195e-05, 'B_stable_rank': 322.39215087890625, 'B_effective_rank': 771.6929594788401, 'B_entropy_rank': 6.648586750030518, 'B_spectral_norm': 0.08761686831712723, 'B_frobenius_norm': 1.5731855630874634, 'B_nuclear_norm': 42.99258804321289, 'B_condition_number': 3.1743725766946307, 'B_condition_number_tol': 3.1743725766946307, 'B_smallest_singular_value': 0.027601318433880806, 'B_rank_rel_1em2': 800, 'B_rank_rel_1em3': 800, 'B_rank_rel_1em4': 800}
Saved ./mu/mu_hat.csv shape=(800,)
Saved ./mu/mu2D_hat_dims01.csv shape=(120, 120)
Saved ./mu/mu2D_hat_dims01.csv shape=(120, 120)
Saved plots/replicate_53/mu_3D.png
Benchmark 1 evaluation grid shape: (800, 3)
Replicate 53, benchmark 1 metrics: {'run_id': '53_b1', 'RMSE': 0.47465478011278384, 'MAE': 0.4398625106620602, 'SupNorm': 0.766501247882843, 'Bias': -0.4398625106620602, 'Corr': -0.9712046838315556, 'deming_slope': -0.8726767397986468, 'deming_intercept': 0.048033976134358475, 'beta_sum': -0.46180763840675354, 'beta_l1': 11.32088851928711, 'beta_l2': 0.4967537522315979, 'beta_min': -0.05949587747454643, 'beta_max': 0.04635290056467056, 'beta_neg_frac': 0.5025, 'offline_data_id': 53, 'benchmark_id': 1, 'benchmark_point_source': 'fixed_config', 'target_set_size': 100, 'benchmark_z_path': 'data/Z_true.pt', 'projected_bellman_test_risk': 0.057356446981430054, 'oracle_embedding_risk': 1.5043261051177979, 'benchmark_embedding_risk': 1.5043261051177979, 'risk_bellman_final': 0.11868992523098941, 'risk_obj_final': 2.0496115684509277, 'B_num_rows': 3088, 'B_num_cols': 800, 'B_min_dim': 800, 'B_numerical_rank': 800, 'B_rank_fraction': 1.0, 'B_rank_tolerance': 3.2253371401225195e-05, 'B_stable_rank': 322.39215087890625, 'B_effective_rank': 771.6929594788401, 'B_entropy_rank': 6.648586750030518, 'B_spectral_norm': 0.08761686831712723, 'B_frobenius_norm': 1.5731855630874634, 'B_nuclear_norm': 42.99258804321289, 'B_condition_number': 3.1743725766946307, 'B_condition_number_tol': 3.1743725766946307, 'B_smallest_singular_value': 0.027601318433880806, 'B_rank_rel_1em2': 800, 'B_rank_rel_1em3': 800, 'B_rank_rel_1em4': 800}
Benchmark 2 evaluation grid shape: (800, 3)
Replicate 53, benchmark 2 metrics: {'run_id': '53_b2', 'RMSE': 0.4397203448804467, 'MAE': 0.4073811570645194, 'SupNorm': 0.7067490518093109, 'Bias': -0.4073811570645194, 'Corr': -0.6978714713898273, 'deming_slope': -0.9087483996551314, 'deming_intercept': 0.10422751971652966, 'beta_sum': -0.3509621024131775, 'beta_l1': 10.976481437683105, 'beta_l2': 0.4831045866012573, 'beta_min': -0.057596512138843536, 'beta_max': 0.04816947132349014, 'beta_neg_frac': 0.48875, 'offline_data_id': 53, 'benchmark_id': 2, 'benchmark_point_source': 'fixed_config', 'target_set_size': 100, 'benchmark_z_path': 'data/Z_true.pt', 'projected_bellman_test_risk': 0.04705866426229477, 'oracle_embedding_risk': 1.3933390378952026, 'benchmark_embedding_risk': 1.3933390378952026, 'risk_bellman_final': 0.11868992523098941, 'risk_obj_final': 2.0496115684509277, 'B_num_rows': 3088, 'B_num_cols': 800, 'B_min_dim': 800, 'B_numerical_rank': 800, 'B_rank_fraction': 1.0, 'B_rank_tolerance': 3.2253371401225195e-05, 'B_stable_rank': 322.39215087890625, 'B_effective_rank': 771.6929594788401, 'B_entropy_rank': 6.648586750030518, 'B_spectral_norm': 0.08761686831712723, 'B_frobenius_norm': 1.5731855630874634, 'B_nuclear_norm': 42.99258804321289, 'B_condition_number': 3.1743725766946307, 'B_condition_number_tol': 3.1743725766946307, 'B_smallest_singular_value': 0.027601318433880806, 'B_rank_rel_1em2': 800, 'B_rank_rel_1em3': 800, 'B_rank_rel_1em4': 800}
Benchmark 3 evaluation grid shape: (800, 3)
Replicate 53, benchmark 3 metrics: {'run_id': '53_b3', 'RMSE': 0.4396857270714305, 'MAE': 0.4053299656114541, 'SupNorm': 0.7224646508693695, 'Bias': -0.4053299656114541, 'Corr': -0.7927472292341254, 'deming_slope': -0.862200729173317, 'deming_intercept': 0.07744565681753574, 'beta_sum': -0.37204086780548096, 'beta_l1': 10.648828506469727, 'beta_l2': 0.4697335362434387, 'beta_min': -0.05752816051244736, 'beta_max': 0.044752947986125946, 'beta_neg_frac': 0.50125, 'offline_data_id': 53, 'benchmark_id': 3, 'benchmark_point_source': 'fixed_config', 'target_set_size': 100, 'benchmark_z_path': 'data/Z_true.pt', 'projected_bellman_test_risk': 0.04611118137836456, 'oracle_embedding_risk': 1.4185619354248047, 'benchmark_embedding_risk': 1.4185619354248047, 'risk_bellman_final': 0.11868992523098941, 'risk_obj_final': 2.0496115684509277, 'B_num_rows': 3088, 'B_num_cols': 800, 'B_min_dim': 800, 'B_numerical_rank': 800, 'B_rank_fraction': 1.0, 'B_rank_tolerance': 3.2253371401225195e-05, 'B_stable_rank': 322.39215087890625, 'B_effective_rank': 771.6929594788401, 'B_entropy_rank': 6.648586750030518, 'B_spectral_norm': 0.08761686831712723, 'B_frobenius_norm': 1.5731855630874634, 'B_nuclear_norm': 42.99258804321289, 'B_condition_number': 3.1743725766946307, 'B_condition_number_tol': 3.1743725766946307, 'B_smallest_singular_value': 0.027601318433880806, 'B_rank_rel_1em2': 800, 'B_rank_rel_1em3': 800, 'B_rank_rel_1em4': 800}
Benchmark 4 evaluation grid shape: (800, 3)
Replicate 53, benchmark 4 metrics: {'run_id': '53_b4', 'RMSE': 0.14499664888936215, 'MAE': 0.13570789769728436, 'SupNorm': 0.23114478588104248, 'Bias': -0.1357020114964689, 'Corr': 0.8674259075341536, 'deming_slope': 0.6171904276996858, 'deming_intercept': -0.033643186584481594, 'beta_sum': 0.4659225046634674, 'beta_l1': 5.058449745178223, 'beta_l2': 0.22748485207557678, 'beta_min': -0.026011120527982712, 'beta_max': 0.04496446251869202, 'beta_neg_frac': 0.48375, 'offline_data_id': 53, 'benchmark_id': 4, 'benchmark_point_source': 'support_safe_target_policy_draw', 'target_set_size': 100, 'benchmark_z_path': 'data/Z_true.pt', 'projected_bellman_test_risk': 0.02167685329914093, 'oracle_embedding_risk': 0.8360689282417297, 'benchmark_embedding_risk': 0.8360689282417297, 'risk_bellman_final': 0.11868992523098941, 'risk_obj_final': 2.0496115684509277, 'B_num_rows': 3088, 'B_num_cols': 800, 'B_min_dim': 800, 'B_numerical_rank': 800, 'B_rank_fraction': 1.0, 'B_rank_tolerance': 3.2253371401225195e-05, 'B_stable_rank': 322.39215087890625, 'B_effective_rank': 771.6929594788401, 'B_entropy_rank': 6.648586750030518, 'B_spectral_norm': 0.08761686831712723, 'B_frobenius_norm': 1.5731855630874634, 'B_nuclear_norm': 42.99258804321289, 'B_condition_number': 3.1743725766946307, 'B_condition_number_tol': 3.1743725766946307, 'B_smallest_singular_value': 0.027601318433880806, 'B_rank_rel_1em2': 800, 'B_rank_rel_1em3': 800, 'B_rank_rel_1em4': 800}
Benchmark 5 evaluation grid shape: (800, 3)
Replicate 53, benchmark 5 metrics: {'run_id': '53_b5', 'RMSE': 0.2425929858349889, 'MAE': 0.22572995268738397, 'SupNorm': 0.3899752087891102, 'Bias': -0.22568143564507864, 'Corr': 0.30892775129736727, 'deming_slope': 0.07289268628785049, 'deming_intercept': 0.01257087062101921, 'beta_sum': 0.2350877970457077, 'beta_l1': 0.720977246761322, 'beta_l2': 0.03231420740485191, 'beta_min': -0.0028058632742613554, 'beta_max': 0.004203636199235916, 'beta_neg_frac': 0.40875, 'offline_data_id': 53, 'benchmark_id': 5, 'benchmark_point_source': 'support_safe_target_policy_draw', 'target_set_size': 100, 'benchmark_z_path': 'data/Z_true.pt', 'projected_bellman_test_risk': 0.007399292197078466, 'oracle_embedding_risk': 0.9478271007537842, 'benchmark_embedding_risk': 0.9478271007537842, 'risk_bellman_final': 0.11868992523098941, 'risk_obj_final': 2.0496115684509277, 'B_num_rows': 3088, 'B_num_cols': 800, 'B_min_dim': 800, 'B_numerical_rank': 800, 'B_rank_fraction': 1.0, 'B_rank_tolerance': 3.2253371401225195e-05, 'B_stable_rank': 322.39215087890625, 'B_effective_rank': 771.6929594788401, 'B_entropy_rank': 6.648586750030518, 'B_spectral_norm': 0.08761686831712723, 'B_frobenius_norm': 1.5731855630874634, 'B_nuclear_norm': 42.99258804321289, 'B_condition_number': 3.1743725766946307, 'B_condition_number_tol': 3.1743725766946307, 'B_smallest_singular_value': 0.027601318433880806, 'B_rank_rel_1em2': 800, 'B_rank_rel_1em3': 800, 'B_rank_rel_1em4': 800}
Benchmark 6 evaluation grid shape: (800, 3)
Replicate 53, benchmark 6 metrics: {'run_id': '53_b6', 'RMSE': 0.2608179215760613, 'MAE': 0.2395958036882803, 'SupNorm': 0.4518122375011444, 'Bias': -0.2395958036882803, 'Corr': 0.13237755900094045, 'deming_slope': 0.1072283694462845, 'deming_intercept': -0.003911959498861483, 'beta_sum': 0.1787826418876648, 'beta_l1': 7.404272079467773, 'beta_l2': 0.32812342047691345, 'beta_min': -0.04086928814649582, 'beta_max': 0.036355916410684586, 'beta_neg_frac': 0.4775, 'offline_data_id': 53, 'benchmark_id': 6, 'benchmark_point_source': 'support_safe_target_policy_draw', 'target_set_size': 100, 'benchmark_z_path': 'data/Z_true.pt', 'projected_bellman_test_risk': 0.009869671426713467, 'oracle_embedding_risk': 0.9985998868942261, 'benchmark_embedding_risk': 0.9985998868942261, 'risk_bellman_final': 0.11868992523098941, 'risk_obj_final': 2.0496115684509277, 'B_num_rows': 3088, 'B_num_cols': 800, 'B_min_dim': 800, 'B_numerical_rank': 800, 'B_rank_fraction': 1.0, 'B_rank_tolerance': 3.2253371401225195e-05, 'B_stable_rank': 322.39215087890625, 'B_effective_rank': 771.6929594788401, 'B_entropy_rank': 6.648586750030518, 'B_spectral_norm': 0.08761686831712723, 'B_frobenius_norm': 1.5731855630874634, 'B_nuclear_norm': 42.99258804321289, 'B_condition_number': 3.1743725766946307, 'B_condition_number_tol': 3.1743725766946307, 'B_smallest_singular_value': 0.027601318433880806, 'B_rank_rel_1em2': 800, 'B_rank_rel_1em3': 800, 'B_rank_rel_1em4': 800}
Benchmark 7 evaluation grid shape: (800, 3)
Replicate 53, benchmark 7 metrics: {'run_id': '53_b7', 'RMSE': 0.24337686841853515, 'MAE': 0.22102924546867142, 'SupNorm': 0.43637320399284363, 'Bias': -0.22102924546867142, 'Corr': 0.27994106262760465, 'deming_slope': 0.4855675119243851, 'deming_intercept': -0.0865127677769561, 'beta_sum': 0.09934081882238388, 'beta_l1': 7.808636665344238, 'beta_l2': 0.34393948316574097, 'beta_min': -0.04020625352859497, 'beta_max': 0.03816510736942291, 'beta_neg_frac': 0.4875, 'offline_data_id': 53, 'benchmark_id': 7, 'benchmark_point_source': 'support_safe_target_policy_draw', 'target_set_size': 100, 'benchmark_z_path': 'data/Z_true.pt', 'projected_bellman_test_risk': 0.021057844161987305, 'oracle_embedding_risk': 0.9976301193237305, 'benchmark_embedding_risk': 0.9976301193237305, 'risk_bellman_final': 0.11868992523098941, 'risk_obj_final': 2.0496115684509277, 'B_num_rows': 3088, 'B_num_cols': 800, 'B_min_dim': 800, 'B_numerical_rank': 800, 'B_rank_fraction': 1.0, 'B_rank_tolerance': 3.2253371401225195e-05, 'B_stable_rank': 322.39215087890625, 'B_effective_rank': 771.6929594788401, 'B_entropy_rank': 6.648586750030518, 'B_spectral_norm': 0.08761686831712723, 'B_frobenius_norm': 1.5731855630874634, 'B_nuclear_norm': 42.99258804321289, 'B_condition_number': 3.1743725766946307, 'B_condition_number_tol': 3.1743725766946307, 'B_smallest_singular_value': 0.027601318433880806, 'B_rank_rel_1em2': 800, 'B_rank_rel_1em3': 800, 'B_rank_rel_1em4': 800}
Benchmark 8 evaluation grid shape: (800, 3)
Replicate 53, benchmark 8 metrics: {'run_id': '53_b8', 'RMSE': 0.18912028913162932, 'MAE': 0.175572065962333, 'SupNorm': 0.3040260002017021, 'Bias': -0.175572065962333, 'Corr': 0.8018423035758157, 'deming_slope': 0.3352193642295482, 'deming_intercept': -0.0024005780016150835, 'beta_sum': 0.34146738052368164, 'beta_l1': 4.006803035736084, 'beta_l2': 0.17524775862693787, 'beta_min': -0.018149174749851227, 'beta_max': 0.018323387950658798, 'beta_neg_frac': 0.485, 'offline_data_id': 53, 'benchmark_id': 8, 'benchmark_point_source': 'support_safe_target_policy_draw', 'target_set_size': 100, 'benchmark_z_path': 'data/Z_true.pt', 'projected_bellman_test_risk': 0.02810809761285782, 'oracle_embedding_risk': 0.8676971197128296, 'benchmark_embedding_risk': 0.8676971197128296, 'risk_bellman_final': 0.11868992523098941, 'risk_obj_final': 2.0496115684509277, 'B_num_rows': 3088, 'B_num_cols': 800, 'B_min_dim': 800, 'B_numerical_rank': 800, 'B_rank_fraction': 1.0, 'B_rank_tolerance': 3.2253371401225195e-05, 'B_stable_rank': 322.39215087890625, 'B_effective_rank': 771.6929594788401, 'B_entropy_rank': 6.648586750030518, 'B_spectral_norm': 0.08761686831712723, 'B_frobenius_norm': 1.5731855630874634, 'B_nuclear_norm': 42.99258804321289, 'B_condition_number': 3.1743725766946307, 'B_condition_number_tol': 3.1743725766946307, 'B_smallest_singular_value': 0.027601318433880806, 'B_rank_rel_1em2': 800, 'B_rank_rel_1em3': 800, 'B_rank_rel_1em4': 800}
Benchmark 9 evaluation grid shape: (800, 3)
Replicate 53, benchmark 9 metrics: {'run_id': '53_b9', 'RMSE': 0.25352474769960226, 'MAE': 0.2285400934732752, 'SupNorm': 0.45434702932834625, 'Bias': -0.2285400934732752, 'Corr': 0.16900508688549368, 'deming_slope': 0.2817714067214459, 'deming_intercept': -0.03765992901497691, 'beta_sum': 0.2067110389471054, 'beta_l1': 7.343824863433838, 'beta_l2': 0.32455772161483765, 'beta_min': -0.033205874264240265, 'beta_max': 0.03879835084080696, 'beta_neg_frac': 0.4825, 'offline_data_id': 53, 'benchmark_id': 9, 'benchmark_point_source': 'support_safe_target_policy_draw', 'target_set_size': 100, 'benchmark_z_path': 'data/Z_true.pt', 'projected_bellman_test_risk': 0.009188616648316383, 'oracle_embedding_risk': 0.994466245174408, 'benchmark_embedding_risk': 0.994466245174408, 'risk_bellman_final': 0.11868992523098941, 'risk_obj_final': 2.0496115684509277, 'B_num_rows': 3088, 'B_num_cols': 800, 'B_min_dim': 800, 'B_numerical_rank': 800, 'B_rank_fraction': 1.0, 'B_rank_tolerance': 3.2253371401225195e-05, 'B_stable_rank': 322.39215087890625, 'B_effective_rank': 771.6929594788401, 'B_entropy_rank': 6.648586750030518, 'B_spectral_norm': 0.08761686831712723, 'B_frobenius_norm': 1.5731855630874634, 'B_nuclear_norm': 42.99258804321289, 'B_condition_number': 3.1743725766946307, 'B_condition_number_tol': 3.1743725766946307, 'B_smallest_singular_value': 0.027601318433880806, 'B_rank_rel_1em2': 800, 'B_rank_rel_1em3': 800, 'B_rank_rel_1em4': 800}
Replicate 53 finished in 23.9s
Finished combo 1, offline replicate 53.
