Job ID:    2359179
Array idx: 388
CPUs/node: 64
Mem/node:  131072
Using CC = cc 
Using CXX = CC 
Using FC = ftn 
Using F77 = ftn 
Using F90 = ftn 
cuda/12.6.1 is deprecated; loading cudatoolkit/25.5_12.9 instead.
Using CC = /opt/nvidia/hpc_sdk/Linux_aarch64/25.5/compilers/bin/nvc 
Using CXX = /opt/nvidia/hpc_sdk/Linux_aarch64/25.5/compilers/bin/nvc++ 
Using FC = /opt/nvidia/hpc_sdk/Linux_aarch64/25.5/compilers/bin/nvfortran 
Using F77 = /opt/nvidia/hpc_sdk/Linux_aarch64/25.5/compilers/bin/nvfortran 
Using F90 = /opt/nvidia/hpc_sdk/Linux_aarch64/25.5/compilers/bin/nvfortran 
Using CC = /opt/nvidia/hpc_sdk/Linux_aarch64/25.5/compilers/bin/nvc 
Using CXX = /opt/nvidia/hpc_sdk/Linux_aarch64/25.5/compilers/bin/nvc++ 
Using FC = /opt/nvidia/hpc_sdk/Linux_aarch64/25.5/compilers/bin/nvfortran 
Using F77 = /opt/nvidia/hpc_sdk/Linux_aarch64/25.5/compilers/bin/nvfortran 
Using F90 = /opt/nvidia/hpc_sdk/Linux_aarch64/25.5/compilers/bin/nvfortran 

Lmod is automatically replacing "gcc-native/14" with "gcc/14.2.0".

ghx4
0
Tuning combo id: 3 / 6
Offline replicate id: 88 / 99
Installing ke_drl from git: https://github.com/mehrdadmhmdi/ke-drl.git@main
Collecting git+https://github.com/mehrdadmhmdi/ke-drl.git@main
  Cloning https://github.com/mehrdadmhmdi/ke-drl.git (to revision main) to /tmp/pip-req-build-qtzrp5b_
  Running command git clone --filter=blob:none --quiet https://github.com/mehrdadmhmdi/ke-drl.git /tmp/pip-req-build-qtzrp5b_
  Resolved https://github.com/mehrdadmhmdi/ke-drl.git to commit 3c5d570e40ea15b1fbe4817b5f43b64c7b333e82
  Installing build dependencies: started
  Installing build dependencies: finished with status 'done'
  Getting requirements to build wheel: started
  Getting requirements to build wheel: finished with status 'done'
  Preparing metadata (pyproject.toml): started
  Preparing metadata (pyproject.toml): finished with status 'done'
Building wheels for collected packages: ke_drl
  Building wheel for ke_drl (pyproject.toml): started
  Building wheel for ke_drl (pyproject.toml): finished with status 'done'
  Created wheel for ke_drl: filename=ke_drl-0.1.0-py3-none-any.whl size=47219 sha256=e341893588b3026fec964f8799cf62690e740296a60f8693ef414a05327a7c68
  Stored in directory: /tmp/pip-ephem-wheel-cache-4sfwwjuy/wheels/24/47/ad/9a4ffd3b05d3e90e35ffc6e7324b735b8bfcf5f51aaf29a333
Successfully built ke_drl
Installing collected packages: ke_drl
Successfully installed ke_drl-0.1.0
Installed ke_drl source: /work/nvme/bfez/mehrdad3/DistRL/simulation_3/runs/sim3_global_2358722_3/.kedrl_site_388/ke_drl/__init__.py
Tuning combo 3: kernel_nu_7.5
Overrides: {'kernel': {'nu': 7.5}}
RUN: /sw/user/python/miniforge3-pytorch-24.11.3/bin/python3 validate_sim_config.py --params params.yaml
ke_drl import source: /work/nvme/bfez/mehrdad3/DistRL/simulation_3/runs/sim3_global_2358722_3/.kedrl_site_388/ke_drl/__init__.py
ke_drl package API OK: prediction weights, RFF operators, rank diagnostics, and best-checkpoint optimizer available
Policy config OK: behavior=uniform, target=logistic, state_dim=5, action_dim=1
Note: policy.logistic.theta_scale/theta_std are log-scale coefficients in Probability_Densities.
Behavior-policy linearized state-process diagnostic: spectral_radius=0.653, offline_burn_in=50
Replicate config OK: num_replicates=100, benchmark points=10 independent of D_i, loss target points=100
Transition reduction OK: method=kmeans, raw rows N(T-1)=12000, target rows about 3000, B rows reduced from 12000 to about 3000
Return-operator approximation OK: method=rff, features=512, exact G avoided for estimated N=12000, m=800, L=100
Fixed benchmark config rows=4 (benchmark.num_points=10; additional points are support-safe target-policy draws if needed)
Fixed benchmark point 0: s_star=[0.6, -0.8, 0.7, -0.5, 0.9], a_star=[0.5]
Fixed benchmark behavior-support interval for configured rows: min_lower=-0.12, max_upper=1.11
Fixed benchmark target-policy location range: [-0.02, 0.14]
Reusing shared data from /work/nvme/bfez/mehrdad3/DistRL/simulation_3/runs/sim3_shared_data/data for offline replicate 88.
RUN: /sw/user/python/miniforge3-pytorch-24.11.3/bin/python3 validate_sim_config.py --params params.yaml --data data/offline_data_88.pt
ke_drl import source: /work/nvme/bfez/mehrdad3/DistRL/simulation_3/runs/sim3_global_2358722_3/.kedrl_site_388/ke_drl/__init__.py
ke_drl package API OK: prediction weights, RFF operators, rank diagnostics, and best-checkpoint optimizer available
Policy config OK: behavior=uniform, target=logistic, state_dim=5, action_dim=1
Note: policy.logistic.theta_scale/theta_std are log-scale coefficients in Probability_Densities.
Behavior-policy linearized state-process diagnostic: spectral_radius=0.653, offline_burn_in=50
Replicate config OK: num_replicates=100, benchmark points=10 independent of D_i, loss target points=100
Transition reduction OK: method=kmeans, raw rows N(T-1)=12000, target rows about 3000, B rows reduced from 12000 to about 3000
Return-operator approximation OK: method=rff, features=512, exact G avoided for estimated N=12000, m=800, L=100
Fixed benchmark config rows=4 (benchmark.num_points=10; additional points are support-safe target-policy draws if needed)
Fixed benchmark point 0: s_star=[0.6, -0.8, 0.7, -0.5, 0.9], a_star=[0.5]
Fixed benchmark behavior-support interval for configured rows: min_lower=-0.12, max_upper=1.11
Fixed benchmark target-policy location range: [-0.02, 0.14]
Full benchmark support check OK: 10 points, min_lower=-2.177, max_upper=2.05
observed behavior actions: mean=0.3965, sd=0.6854, q0/q10/q50/q90/q100=[-2.274850368499756, -0.4333388417959213, 0.3446163833141327, 1.319335699081421, 3.3810982704162598]
target-policy sampled actions: mean=-0.02546, sd=0.6718, q0/q10/q50/q90/q100=[-2.491262304275431, -0.9003461041427216, -0.012343906168778056, 0.8217828227646836, 2.6073608771044054]
behavior uniform lower: mean=-0.1245, sd=0.6658, q0/q10/q50/q90/q100=[-2.469505774974823, -0.9920586353540422, -0.11616036891937259, 0.7163740944862366, 2.452019548416138]
behavior uniform upper: mean=0.9254, sd=0.6499, q0/q10/q50/q90/q100=[-0.9982367336750031, 0.06725697576999666, 0.93394795358181, 1.7588967477530242, 3.452019548416138]
target location inside behavior uniform support: 0.968
RUN: /sw/user/python/miniforge3-pytorch-24.11.3/bin/python3 main_est.py
# ================================================================ #
#   Global KE-DRL estimation for one offline replicate              #
# ================================================================ #
Slurm Job ID: 2359179
Slurm Array ID: 88 -- used as the offline-replicate id
Offline data id: 88
ke_drl import source: /work/nvme/bfez/mehrdad3/DistRL/simulation_3/runs/sim3_global_2358722_3/.kedrl_site_388/ke_drl/__init__.py
Estimator device: cuda (NVIDIA GH200 120GB, capability 9.0); torch CUDA=13.0
Random seed: 20460600
Number of offline replicates: 100
[transition reduction] enabled: original rows=12000, target basis=3000, method=kmeans, device=cuda
[transition reduction] kmeans iter 1/20, mean center shift=2.7362e-01
[transition reduction] kmeans iter 5/20, mean center shift=5.1488e-03
[transition reduction] kmeans iter 10/20, mean center shift=1.5299e-04
[transition reduction] selected 3079 rows from 12000 transitions (ratio 0.2566); indices saved to data/reduced_transition_indices_88.pt
Data and parameters loaded.
offline path: data/offline_data_88.pt
benchmark true-Z path: data/Z_true.pt
offline shapes after reduction: s0=(3079, 5), a0=(3079, 1), r0=(3079, 3)
transition reduction: {'enabled': True, 'method': 'kmeans', 'original_rows': 12000, 'reduced_rows': 3079, 'selected_indices_path': 'data/reduced_transition_indices_88.pt', 'target_basis': 3000, 'compression_ratio': 0.25658333333333333}
fixed benchmark point source: fixed_config_plus_support_safe_target_policy_draws
benchmark row excluded from this offline data: None
global loss target set shape: s_star=(100, 5), a_star=(100, 1)
benchmark true-Z count=10, shape each=(50000, 3)
target policy: logistic
behavior policy: uniform
lambda_Gamma=0.005, lambda_B=0.02, d_r_method=song
dtype=torch.float32, operator_method=rff, operator_num_features=512
ridge_mode=rkhs, diagnostic_interval=50
mass_anchor_lambda=1.0, target_mass=1.0
uLSIF basis: source=numerator, n_basis=512, lambda_reg=0.005
optimizer stabilizers: lambda_neg=0.0, max_B_norm=None, eta_clip_min=0.0, eta_clip_max=5.0, normalize_eta=True
========================================
Estimating the global KE-DRL mean embedding
torch device=cuda, dtype=torch.float32
Data dims: N=3079, L=100, Ds=5, Da=1, Dr=3
lambda_Gamma=0.005, lambda_B=0.02
return-operator construction: method=rff, rff_features=512
[uLSIF] basis=512/3079 (numerator); eta_hat min=-8.588e-01 max=5.269e+00 neg%=4.03
ESS for eta_plus: 2138.1 / 3079
eta_plus diagnostics: raw_mean=0.999, raw_min=-0.859, raw_max=5.27; used_mean=1, used_min=0, used_max=4.96
[timing] Z-grid: 0.03s
[timing] K_X: 0.00s
[timing] K_plus: 0.00s
[timing] k_star: 0.00s
[timing] Gamma_stack: 0.01s
[timing] Phi_stack: 0.00s
[timing] RFF feature sample: 0.00s
[timing] K_Z RFF: 0.00s
[timing] G_stack RFF: 0.01s
[timing] H_stack RFF: 0.01s
findfont: Font family 'Nimbus Roman' not found.
findfont: Font family 'Nimbus Roman' not found.
findfont: Font family 'Nimbus Roman' not found.
findfont: Font family 'Nimbus Roman' not found.
findfont: Font family 'Nimbus Roman' not found.
findfont: Font family 'Nimbus Roman' not found.
findfont: Font family 'Nimbus Roman' not found.
findfont: Font family 'Nimbus Roman' not found.
findfont: Font family 'Nimbus Roman' not found.
findfont: Font family 'Nimbus Roman' not found.
findfont: Font family 'Nimbus Roman' not found.
findfont: Font family 'Nimbus Roman' not found.
findfont: Font family 'Nimbus Roman' not found.
findfont: Font family 'Nimbus Roman' not found.
findfont: Font family 'Nimbus Roman' not found.
findfont: Font family 'Nimbus Roman' not found.
findfont: Font family 'Nimbus Roman' not found.
findfont: Font family 'Nimbus Roman' not found.
findfont: Font family 'Nimbus Roman' not found.
findfont: Font family 'Nimbus Roman' not found.
findfont: Font family 'Nimbus Roman' not found.
findfont: Font family 'Nimbus Roman' not found.
findfont: Font family 'Nimbus Roman' not found.
findfont: Font family 'Nimbus Roman' not found.
findfont: Font family 'Nimbus Roman' not found.
findfont: Font family 'Nimbus Roman' not found.
findfont: Font family 'Nimbus Roman' not found.
findfont: Font family 'Nimbus Roman' not found.
findfont: Font family 'Nimbus Roman' not found.
findfont: Font family 'Nimbus Roman' not found.
findfont: Font family 'Nimbus Roman' not found.
findfont: Font family 'Nimbus Roman' not found.
findfont: Font family 'Nimbus Roman' not found.
findfont: Font family 'Nimbus Roman' not found.
findfont: Font family 'Nimbus Roman' not found.
findfont: Font family 'Nimbus Roman' not found.
findfont: Font family 'Nimbus Roman' not found.
findfont: Font family 'Nimbus Roman' not found.
findfont: Font family 'Nimbus Roman' not found.
findfont: Font family 'Nimbus Roman' not found.
findfont: Font family 'Nimbus Roman' not found.
findfont: Font family 'Nimbus Roman' not found.
findfont: Font family ['Nimbus Roman'] not found. Falling back to DejaVu Sans.
findfont: Font family 'Nimbus Roman' not found.
findfont: Font family ['Nimbus Roman'] not found. Falling back to DejaVu Sans.
findfont: Font family 'Nimbus Roman' not found.
findfont: Font family 'Nimbus Roman' not found.
findfont: Font family 'Nimbus Roman' not found.
findfont: Font family 'Nimbus Roman' not found.
findfont: Font family 'Nimbus Roman' not found.
findfont: Font family 'Nimbus Roman' not found.
findfont: Font family 'Nimbus Roman' not found.
findfont: Font family 'Nimbus Roman' not found.
findfont: Font family ['Nimbus Roman'] not found. Falling back to DejaVu Sans.
findfont: Font family 'Nimbus Roman' not found.
findfont: Font family 'Nimbus Roman' not found.
findfont: Font family 'Nimbus Roman' not found.
findfont: Font family 'Nimbus Roman' not found.
findfont: Font family 'Nimbus Roman' not found.
findfont: Font family 'Nimbus Roman' not found.
findfont: Font family 'Nimbus Roman' not found.
findfont: Font family 'Nimbus Roman' not found.
findfont: Font family 'Nimbus Roman' not found.
findfont: Font family 'Nimbus Roman' not found.
findfont: Font family 'Nimbus Roman' not found.
findfont: Font family 'Nimbus Roman' not found.
findfont: Font family 'Nimbus Roman' not found.
findfont: Font family 'Nimbus Roman' not found.
findfont: Font family 'Nimbus Roman' not found.
findfont: Font family 'Nimbus Roman' not found.
findfont: Font family 'Nimbus Roman' not found.
findfont: Font family 'Nimbus Roman' not found.
findfont: Font family 'Nimbus Roman' not found.
findfont: Font family 'Nimbus Roman' not found.
findfont: Font family 'Nimbus Roman' not found.
findfont: Font family 'Nimbus Roman' not found.
findfont: Font family 'Nimbus Roman' not found.
findfont: Font family 'Nimbus Roman' not found.
findfont: Font family 'Nimbus Roman' not found.
findfont: Font family 'Nimbus Roman' not found.
findfont: Font family 'Nimbus Roman' not found.
findfont: Font family 'Nimbus Roman' not found.
findfont: Font family 'Nimbus Roman' not found.
findfont: Font family 'Nimbus Roman' not found.
findfont: Font family 'Nimbus Roman' not found.
findfont: Font family 'Nimbus Roman' not found.
findfont: Font family 'Nimbus Roman' not found.
findfont: Font family 'Nimbus Roman' not found.
findfont: Font family 'Nimbus Roman' not found.
findfont: Font family 'Nimbus Roman' not found.
findfont: Font family 'Nimbus Roman' not found.
findfont: Font family 'Nimbus Roman' not found.
findfont: Font family 'Nimbus Roman' not found.
findfont: Font family 'Nimbus Roman' not found.
findfont: Font family 'Nimbus Roman' not found.
findfont: Font family 'Nimbus Roman' not found.
findfont: Font family 'Nimbus Roman' not found.
findfont: Font family 'Nimbus Roman' not found.
findfont: Font family 'Nimbus Roman' not found.
findfont: Font family 'Nimbus Roman' not found.
findfont: Font family 'Nimbus Roman' not found.
findfont: Font family 'Nimbus Roman' not found.
findfont: Font family 'Nimbus Roman' not found.
findfont: Font family 'Nimbus Roman' not found.
findfont: Font family 'Nimbus Roman' not found.
findfont: Font family 'Nimbus Roman' not found.
findfont: Font family 'Nimbus Roman' not found.
findfont: Font family 'Nimbus Roman' not found.
findfont: Font family 'Nimbus Roman' not found.
findfont: Font family 'Nimbus Roman' not found.
findfont: Font family 'Nimbus Roman' not found.
findfont: Font family 'Nimbus Roman' not found.
findfont: Font family 'Nimbus Roman' not found.
findfont: Font family 'Nimbus Roman' not found.
findfont: Font family 'Nimbus Roman' not found.
findfont: Font family 'Nimbus Roman' not found.
findfont: Font family 'Nimbus Roman' not found.
findfont: Font family 'Nimbus Roman' not found.
findfont: Font family 'Nimbus Roman' not found.
findfont: Font family 'Nimbus Roman' not found.
findfont: Font family 'Nimbus Roman' not found.
findfont: Font family 'Nimbus Roman' not found.
findfont: Font family 'Nimbus Roman' not found.
findfont: Font family 'Nimbus Roman' not found.
findfont: Font family 'Nimbus Roman' not found.
findfont: Font family 'Nimbus Roman' not found.
findfont: Font family 'Nimbus Roman' not found.
findfont: Font family 'Nimbus Roman' not found.
findfont: Font family 'Nimbus Roman' not found.
Ridge mode: rkhs; diagnostic interval: 50
Iter 1/4000 | log_obj=9.776e+00 | log_Bellman_root=3.469e+00 | mass=1.66e+04 | neg=0.00e+00 | grad=5.88e+02
Iter 400/4000 | log_obj=3.784e+00 | log_Bellman_root=4.617e-01 | mass=4.14e+01 | neg=0.00e+00 | grad=4.61e+03
Iter 800/4000 | log_obj=3.782e+00 | log_Bellman_root=4.616e-01 | mass=4.14e+01 | neg=0.00e+00 | grad=4.62e+03
Iter 1200/4000 | log_obj=3.781e+00 | log_Bellman_root=4.610e-01 | mass=4.13e+01 | neg=0.00e+00 | grad=4.62e+03
Iter 1600/4000 | log_obj=3.779e+00 | log_Bellman_root=4.604e-01 | mass=4.12e+01 | neg=0.00e+00 | grad=4.63e+03
Iter 2000/4000 | log_obj=3.778e+00 | log_Bellman_root=4.598e-01 | mass=4.12e+01 | neg=0.00e+00 | grad=4.63e+03
Iter 2400/4000 | log_obj=3.776e+00 | log_Bellman_root=4.593e-01 | mass=4.11e+01 | neg=0.00e+00 | grad=4.63e+03
Iter 2800/4000 | log_obj=3.775e+00 | log_Bellman_root=4.589e-01 | mass=4.11e+01 | neg=0.00e+00 | grad=4.64e+03
Iter 3200/4000 | log_obj=3.774e+00 | log_Bellman_root=4.585e-01 | mass=4.10e+01 | neg=0.00e+00 | grad=4.64e+03
Iter 3600/4000 | log_obj=3.774e+00 | log_Bellman_root=4.582e-01 | mass=4.10e+01 | neg=0.00e+00 | grad=4.64e+03
Iter 4000/4000 | log_obj=3.773e+00 | log_Bellman_root=4.579e-01 | mass=4.10e+01 | neg=0.00e+00 | grad=4.64e+03
Done in 15.20s.
KE-DRL global estimation is done.
B_hat shape: (3079, 800)
B_hat rank diagnostics: {'B_num_rows': 3079, 'B_num_cols': 800, 'B_min_dim': 800, 'B_numerical_rank': 800, 'B_rank_fraction': 1.0, 'B_rank_tolerance': 4.3510599897267355e-05, 'B_stable_rank': 171.30410766601562, 'B_effective_rank': 770.9367800291875, 'B_entropy_rank': 6.647606372833252, 'B_spectral_norm': 0.11854282766580582, 'B_frobenius_norm': 1.551526427268982, 'B_nuclear_norm': 42.353973388671875, 'B_condition_number': 4.393701565840771, 'B_condition_number_tol': 4.393701565840771, 'B_smallest_singular_value': 0.026980172842741013, 'B_rank_rel_1em2': 800, 'B_rank_rel_1em3': 800, 'B_rank_rel_1em4': 800}
Global-loss target mass diagnostics: {'target_mass_mean': -4.847018241882324, 'target_mass_min': -10.495615005493164, 'target_mass_max': 0.4542306065559387, 'target_mass_sd': 2.6214160919189453, 'target_mass_rmse_to_target': 6.40239953994751, 'target_beta_min': -0.019776159897446632, 'target_beta_max': 0.0306076817214489, 'target_neg_frac_mean': 0.9386375}
Return dictionary Z_grid shape: (800, 3)
Replicate 88 risk metrics: {'risk_n_steps_recorded': 81.0, 'risk_n_diagnostics_recorded': 81.0, 'risk_log_obj_initial': 9.775566952435009, 'risk_log_obj_final': 3.7729673489137534, 'risk_log_obj_min': 3.7729673489137534, 'risk_obj_initial': 17598.464843750004, 'risk_obj_final': 43.50897979736328, 'risk_obj_min': 43.50897979736328, 'risk_log_obj_drop': 6.002599603521255, 'risk_log_bellman_root_initial': 3.46902911447181, 'risk_log_bellman_root_final': 0.4579458641202494, 'risk_log_bellman_root_min': 0.4579458641202494, 'risk_bellman_root_initial': 32.10555648803711, 'risk_bellman_root_final': 1.5808234214782715, 'risk_bellman_root_min': 1.5808234214782715, 'risk_bellman_initial': 1030.766757406542, 'risk_bellman_final': 2.4990026898942688, 'risk_bellman_min': 2.4990026898942688, 'risk_log_bellman_root_drop': 3.011083250351561, 'risk_bellman_returned': 2.499002695083618, 'risk_obj_returned': 43.50897979736328, 'risk_returned_step': 4000.0, 'offline_data_id': 88, 'benchmark_point_source': 'fixed_config_plus_support_safe_target_policy_draws', 'target_set_size': 100, 'lambda_reg': 0.005, 'lambda_B': 0.02, 'num_steps': 4000, 'transition_reduction_enabled': 1, 'transition_reduction_method': 'kmeans', 'transition_original_rows': 12000, 'transition_reduced_rows': 3079, 'transition_compression_ratio': 0.25658333333333333, 'target_mass_mean': -4.847018241882324, 'target_mass_min': -10.495615005493164, 'target_mass_max': 0.4542306065559387, 'target_mass_sd': 2.6214160919189453, 'target_mass_rmse_to_target': 6.40239953994751, 'target_beta_min': -0.019776159897446632, 'target_beta_max': 0.0306076817214489, 'target_neg_frac_mean': 0.9386375, 'B_num_rows': 3079, 'B_num_cols': 800, 'B_min_dim': 800, 'B_numerical_rank': 800, 'B_rank_fraction': 1.0, 'B_rank_tolerance': 4.3510599897267355e-05, 'B_stable_rank': 171.30410766601562, 'B_effective_rank': 770.9367800291875, 'B_entropy_rank': 6.647606372833252, 'B_spectral_norm': 0.11854282766580582, 'B_frobenius_norm': 1.551526427268982, 'B_nuclear_norm': 42.353973388671875, 'B_condition_number': 4.393701565840771, 'B_condition_number_tol': 4.393701565840771, 'B_smallest_singular_value': 0.026980172842741013, 'B_rank_rel_1em2': 800, 'B_rank_rel_1em3': 800, 'B_rank_rel_1em4': 800, 'risk_objective_final_raw': 43.50897979736328, 'risk_objective_min_raw': 43.50897979736328, 'risk_objective_max_raw': 17598.46484375, 'risk_bellman_final_raw': 2.499002695083618, 'risk_bellman_min_raw': 2.499002695083618, 'risk_bellman_max_raw': 1030.7667236328125, 'risk_rkhs_ridge_final_raw': 0.019256288185715675, 'risk_rkhs_ridge_min_raw': 0.019256288185715675, 'risk_rkhs_ridge_max_raw': 2.3575236797332764, 'risk_mass_final_raw': 40.99072265625, 'risk_mass_min_raw': 40.99072265625, 'risk_mass_max_raw': 16565.33984375, 'risk_negativity_final_raw': 0.0, 'risk_negativity_min_raw': 0.0, 'risk_negativity_max_raw': 0.0, 'risk_B_norm_final_raw': 1.551355242729187, 'risk_B_norm_min_raw': 1.551355242729187, 'risk_B_norm_max_raw': 1.6382908821105957, 'risk_diagnostic_step_final_raw': 4000.0, 'risk_diagnostic_step_min_raw': 1.0, 'risk_diagnostic_step_max_raw': 4000.0, 'risk_best_step_final_raw': 4000.0, 'risk_best_step_min_raw': 4000.0, 'risk_best_step_max_raw': 4000.0, 'risk_best_objective_final_raw': 43.50897979736328, 'risk_best_objective_min_raw': 43.50897979736328, 'risk_best_objective_max_raw': 43.50897979736328, 'risk_best_bellman_final_raw': 2.499002695083618, 'risk_best_bellman_min_raw': 2.499002695083618, 'risk_best_bellman_max_raw': 2.499002695083618, 'risk_returned_step_final_raw': 4000.0, 'risk_returned_step_min_raw': 4000.0, 'risk_returned_step_max_raw': 4000.0, 'risk_returned_objective_final_raw': 43.50897979736328, 'risk_returned_objective_min_raw': 43.50897979736328, 'risk_returned_objective_max_raw': 43.50897979736328, 'risk_returned_bellman_final_raw': 2.499002695083618, 'risk_returned_bellman_min_raw': 2.499002695083618, 'risk_returned_bellman_max_raw': 2.499002695083618, 'risk_returned_best_checkpoint_final_raw': 1.0, 'risk_returned_best_checkpoint_min_raw': 1.0, 'risk_returned_best_checkpoint_max_raw': 1.0}
Benchmark 0 evaluation grid shape: (800, 3)
Replicate 88, benchmark 0 metrics: {'run_id': '88_b0', 'RMSE': 1.263356815375228, 'MAE': 1.0990478923800766, 'SupNorm': 2.615805447101593, 'Bias': -1.0990478923800766, 'Corr': -0.37669984226890385, 'deming_slope': -15.485033371615538, 'deming_intercept': 3.2683237397577574, 'beta_sum': -3.8432559967041016, 'beta_l1': 3.933696746826172, 'beta_l2': 0.15129484236240387, 'beta_min': -0.01073535718023777, 'beta_max': 0.0042799655348062515, 'beta_neg_frac': 0.96125, 'offline_data_id': 88, 'benchmark_id': 0, 'benchmark_point_source': 'fixed_config', 'target_set_size': 100, 'benchmark_z_path': 'data/Z_true.pt', 'projected_bellman_test_risk': 0.01226198673248291, 'oracle_embedding_risk': 9.098236083984375, 'benchmark_embedding_risk': 9.098236083984375, 'risk_bellman_final': 2.4990026898942688, 'risk_obj_final': 43.50897979736328, 'B_num_rows': 3079, 'B_num_cols': 800, 'B_min_dim': 800, 'B_numerical_rank': 800, 'B_rank_fraction': 1.0, 'B_rank_tolerance': 4.3510599897267355e-05, 'B_stable_rank': 171.30410766601562, 'B_effective_rank': 770.9367800291875, 'B_entropy_rank': 6.647606372833252, 'B_spectral_norm': 0.11854282766580582, 'B_frobenius_norm': 1.551526427268982, 'B_nuclear_norm': 42.353973388671875, 'B_condition_number': 4.393701565840771, 'B_condition_number_tol': 4.393701565840771, 'B_smallest_singular_value': 0.026980172842741013, 'B_rank_rel_1em2': 800, 'B_rank_rel_1em3': 800, 'B_rank_rel_1em4': 800}
Saved ./mu/mu_hat.csv shape=(800,)
Saved ./mu/mu2D_hat_dims01.csv shape=(120, 120)
Saved ./mu/mu2D_hat_dims01.csv shape=(120, 120)
Saved plots/replicate_88/mu_3D.png
Benchmark 1 evaluation grid shape: (800, 3)
Replicate 88, benchmark 1 metrics: {'run_id': '88_b1', 'RMSE': 3.941247012158693, 'MAE': 3.622915072158794, 'SupNorm': 6.562189668416977, 'Bias': -3.622915072158794, 'Corr': -0.9923972647388827, 'deming_slope': -15.022624581935984, 'deming_intercept': 0.594514959868929, 'beta_sum': -10.729681015014648, 'beta_l1': 10.729681015014648, 'beta_l2': 0.38248658180236816, 'beta_min': -0.020367009565234184, 'beta_max': -0.007536651566624641, 'beta_neg_frac': 1.0, 'offline_data_id': 88, 'benchmark_id': 1, 'benchmark_point_source': 'fixed_config', 'target_set_size': 100, 'benchmark_z_path': 'data/Z_true.pt', 'projected_bellman_test_risk': 6.009428024291992, 'oracle_embedding_risk': 52.51152038574219, 'benchmark_embedding_risk': 52.51152038574219, 'risk_bellman_final': 2.4990026898942688, 'risk_obj_final': 43.50897979736328, 'B_num_rows': 3079, 'B_num_cols': 800, 'B_min_dim': 800, 'B_numerical_rank': 800, 'B_rank_fraction': 1.0, 'B_rank_tolerance': 4.3510599897267355e-05, 'B_stable_rank': 171.30410766601562, 'B_effective_rank': 770.9367800291875, 'B_entropy_rank': 6.647606372833252, 'B_spectral_norm': 0.11854282766580582, 'B_frobenius_norm': 1.551526427268982, 'B_nuclear_norm': 42.353973388671875, 'B_condition_number': 4.393701565840771, 'B_condition_number_tol': 4.393701565840771, 'B_smallest_singular_value': 0.026980172842741013, 'B_rank_rel_1em2': 800, 'B_rank_rel_1em3': 800, 'B_rank_rel_1em4': 800}
Benchmark 2 evaluation grid shape: (800, 3)
Replicate 88, benchmark 2 metrics: {'run_id': '88_b2', 'RMSE': 3.7465577131642394, 'MAE': 3.443692128613475, 'SupNorm': 6.230329632759094, 'Bias': -3.443692128613475, 'Corr': -0.9089848747176924, 'deming_slope': -16.145623995237337, 'deming_intercept': 1.2002687279096085, 'beta_sum': -10.14525032043457, 'beta_l1': 10.14525032043457, 'beta_l2': 0.3620920181274414, 'beta_min': -0.018850358203053474, 'beta_max': -0.006529262755066156, 'beta_neg_frac': 1.0, 'offline_data_id': 88, 'benchmark_id': 2, 'benchmark_point_source': 'fixed_config', 'target_set_size': 100, 'benchmark_z_path': 'data/Z_true.pt', 'projected_bellman_test_risk': 5.251719951629639, 'oracle_embedding_risk': 47.510414123535156, 'benchmark_embedding_risk': 47.510414123535156, 'risk_bellman_final': 2.4990026898942688, 'risk_obj_final': 43.50897979736328, 'B_num_rows': 3079, 'B_num_cols': 800, 'B_min_dim': 800, 'B_numerical_rank': 800, 'B_rank_fraction': 1.0, 'B_rank_tolerance': 4.3510599897267355e-05, 'B_stable_rank': 171.30410766601562, 'B_effective_rank': 770.9367800291875, 'B_entropy_rank': 6.647606372833252, 'B_spectral_norm': 0.11854282766580582, 'B_frobenius_norm': 1.551526427268982, 'B_nuclear_norm': 42.353973388671875, 'B_condition_number': 4.393701565840771, 'B_condition_number_tol': 4.393701565840771, 'B_smallest_singular_value': 0.026980172842741013, 'B_rank_rel_1em2': 800, 'B_rank_rel_1em3': 800, 'B_rank_rel_1em4': 800}
Benchmark 3 evaluation grid shape: (800, 3)
Replicate 88, benchmark 3 metrics: {'run_id': '88_b3', 'RMSE': 3.644441866227457, 'MAE': 3.3267406310059595, 'SupNorm': 6.16983950138092, 'Bias': -3.3267406310059595, 'Corr': -0.9337835608520989, 'deming_slope': -15.405266150555429, 'deming_intercept': 0.9698593892875675, 'beta_sum': -10.057287216186523, 'beta_l1': 10.057287216186523, 'beta_l2': 0.3594808280467987, 'beta_min': -0.017970360815525055, 'beta_max': -0.006510449573397636, 'beta_neg_frac': 1.0, 'offline_data_id': 88, 'benchmark_id': 3, 'benchmark_point_source': 'fixed_config', 'target_set_size': 100, 'benchmark_z_path': 'data/Z_true.pt', 'projected_bellman_test_risk': 4.942312240600586, 'oracle_embedding_risk': 46.87385559082031, 'benchmark_embedding_risk': 46.87385559082031, 'risk_bellman_final': 2.4990026898942688, 'risk_obj_final': 43.50897979736328, 'B_num_rows': 3079, 'B_num_cols': 800, 'B_min_dim': 800, 'B_numerical_rank': 800, 'B_rank_fraction': 1.0, 'B_rank_tolerance': 4.3510599897267355e-05, 'B_stable_rank': 171.30410766601562, 'B_effective_rank': 770.9367800291875, 'B_entropy_rank': 6.647606372833252, 'B_spectral_norm': 0.11854282766580582, 'B_frobenius_norm': 1.551526427268982, 'B_nuclear_norm': 42.353973388671875, 'B_condition_number': 4.393701565840771, 'B_condition_number_tol': 4.393701565840771, 'B_smallest_singular_value': 0.026980172842741013, 'B_rank_rel_1em2': 800, 'B_rank_rel_1em3': 800, 'B_rank_rel_1em4': 800}
Benchmark 4 evaluation grid shape: (800, 3)
Replicate 88, benchmark 4 metrics: {'run_id': '88_b4', 'RMSE': 0.654790311043433, 'MAE': 0.5391285161477208, 'SupNorm': 1.8084971755743027, 'Bias': -0.5391285161477208, 'Corr': 0.07034547997810084, 'deming_slope': 50.30548446142382, 'deming_intercept': -13.822124053090679, 'beta_sum': -2.5623717308044434, 'beta_l1': 3.240036964416504, 'beta_l2': 0.133928582072258, 'beta_min': -0.008374342694878578, 'beta_max': 0.02761739306151867, 'beta_neg_frac': 0.92, 'offline_data_id': 88, 'benchmark_id': 4, 'benchmark_point_source': 'support_safe_target_policy_draw', 'target_set_size': 100, 'benchmark_z_path': 'data/Z_true.pt', 'projected_bellman_test_risk': 0.033124588429927826, 'oracle_embedding_risk': 5.00734281539917, 'benchmark_embedding_risk': 5.00734281539917, 'risk_bellman_final': 2.4990026898942688, 'risk_obj_final': 43.50897979736328, 'B_num_rows': 3079, 'B_num_cols': 800, 'B_min_dim': 800, 'B_numerical_rank': 800, 'B_rank_fraction': 1.0, 'B_rank_tolerance': 4.3510599897267355e-05, 'B_stable_rank': 171.30410766601562, 'B_effective_rank': 770.9367800291875, 'B_entropy_rank': 6.647606372833252, 'B_spectral_norm': 0.11854282766580582, 'B_frobenius_norm': 1.551526427268982, 'B_nuclear_norm': 42.353973388671875, 'B_condition_number': 4.393701565840771, 'B_condition_number_tol': 4.393701565840771, 'B_smallest_singular_value': 0.026980172842741013, 'B_rank_rel_1em2': 800, 'B_rank_rel_1em3': 800, 'B_rank_rel_1em4': 800}
Benchmark 5 evaluation grid shape: (800, 3)
Replicate 88, benchmark 5 metrics: {'run_id': '88_b5', 'RMSE': 0.28287074802489187, 'MAE': 0.26663000556013006, 'SupNorm': 0.4359408605378121, 'Bias': -0.26663000556013006, 'Corr': 0.12017646373537975, 'deming_slope': 0.02246240126514873, 'deming_intercept': -0.012866221442881059, 'beta_sum': -0.08090266585350037, 'beta_l1': 0.38301923871040344, 'beta_l2': 0.017724253237247467, 'beta_min': -0.0018880540737882257, 'beta_max': 0.003937687259167433, 'beta_neg_frac': 0.62125, 'offline_data_id': 88, 'benchmark_id': 5, 'benchmark_point_source': 'support_safe_target_policy_draw', 'target_set_size': 100, 'benchmark_z_path': 'data/Z_true.pt', 'projected_bellman_test_risk': 0.026243386790156364, 'oracle_embedding_risk': 1.0250715017318726, 'benchmark_embedding_risk': 1.0250715017318726, 'risk_bellman_final': 2.4990026898942688, 'risk_obj_final': 43.50897979736328, 'B_num_rows': 3079, 'B_num_cols': 800, 'B_min_dim': 800, 'B_numerical_rank': 800, 'B_rank_fraction': 1.0, 'B_rank_tolerance': 4.3510599897267355e-05, 'B_stable_rank': 171.30410766601562, 'B_effective_rank': 770.9367800291875, 'B_entropy_rank': 6.647606372833252, 'B_spectral_norm': 0.11854282766580582, 'B_frobenius_norm': 1.551526427268982, 'B_nuclear_norm': 42.353973388671875, 'B_condition_number': 4.393701565840771, 'B_condition_number_tol': 4.393701565840771, 'B_smallest_singular_value': 0.026980172842741013, 'B_rank_rel_1em2': 800, 'B_rank_rel_1em3': 800, 'B_rank_rel_1em4': 800}
Benchmark 6 evaluation grid shape: (800, 3)
Replicate 88, benchmark 6 metrics: {'run_id': '88_b6', 'RMSE': 2.036965093668424, 'MAE': 1.8053371382504702, 'SupNorm': 3.8378405272960663, 'Bias': -1.8053371382504702, 'Corr': -0.6003954861120906, 'deming_slope': -14.98946122242153, 'deming_intercept': 2.4596535115409544, 'beta_sum': -5.843204498291016, 'beta_l1': 5.853437900543213, 'beta_l2': 0.21677164733409882, 'beta_min': -0.013115357607603073, 'beta_max': 0.00212566158734262, 'beta_neg_frac': 0.99375, 'offline_data_id': 88, 'benchmark_id': 6, 'benchmark_point_source': 'support_safe_target_policy_draw', 'target_set_size': 100, 'benchmark_z_path': 'data/Z_true.pt', 'projected_bellman_test_risk': 0.18576478958129883, 'oracle_embedding_risk': 18.292224884033203, 'benchmark_embedding_risk': 18.292224884033203, 'risk_bellman_final': 2.4990026898942688, 'risk_obj_final': 43.50897979736328, 'B_num_rows': 3079, 'B_num_cols': 800, 'B_min_dim': 800, 'B_numerical_rank': 800, 'B_rank_fraction': 1.0, 'B_rank_tolerance': 4.3510599897267355e-05, 'B_stable_rank': 171.30410766601562, 'B_effective_rank': 770.9367800291875, 'B_entropy_rank': 6.647606372833252, 'B_spectral_norm': 0.11854282766580582, 'B_frobenius_norm': 1.551526427268982, 'B_nuclear_norm': 42.353973388671875, 'B_condition_number': 4.393701565840771, 'B_condition_number_tol': 4.393701565840771, 'B_smallest_singular_value': 0.026980172842741013, 'B_rank_rel_1em2': 800, 'B_rank_rel_1em3': 800, 'B_rank_rel_1em4': 800}
Benchmark 7 evaluation grid shape: (800, 3)
Replicate 88, benchmark 7 metrics: {'run_id': '88_b7', 'RMSE': 1.9197796115126624, 'MAE': 1.6577915051742458, 'SupNorm': 3.9203134775161743, 'Bias': -1.6577915051742458, 'Corr': -0.46921283364099026, 'deming_slope': -20.482752905504515, 'deming_intercept': 4.0176005869544404, 'beta_sum': -6.1468892097473145, 'beta_l1': 6.32830286026001, 'beta_l2': 0.23265975713729858, 'beta_min': -0.013509439304471016, 'beta_max': 0.015208355151116848, 'beta_neg_frac': 0.98, 'offline_data_id': 88, 'benchmark_id': 7, 'benchmark_point_source': 'support_safe_target_policy_draw', 'target_set_size': 100, 'benchmark_z_path': 'data/Z_true.pt', 'projected_bellman_test_risk': 0.5443885922431946, 'oracle_embedding_risk': 19.443754196166992, 'benchmark_embedding_risk': 19.443754196166992, 'risk_bellman_final': 2.4990026898942688, 'risk_obj_final': 43.50897979736328, 'B_num_rows': 3079, 'B_num_cols': 800, 'B_min_dim': 800, 'B_numerical_rank': 800, 'B_rank_fraction': 1.0, 'B_rank_tolerance': 4.3510599897267355e-05, 'B_stable_rank': 171.30410766601562, 'B_effective_rank': 770.9367800291875, 'B_entropy_rank': 6.647606372833252, 'B_spectral_norm': 0.11854282766580582, 'B_frobenius_norm': 1.551526427268982, 'B_nuclear_norm': 42.353973388671875, 'B_condition_number': 4.393701565840771, 'B_condition_number_tol': 4.393701565840771, 'B_smallest_singular_value': 0.026980172842741013, 'B_rank_rel_1em2': 800, 'B_rank_rel_1em3': 800, 'B_rank_rel_1em4': 800}
Benchmark 8 evaluation grid shape: (800, 3)
Replicate 88, benchmark 8 metrics: {'run_id': '88_b8', 'RMSE': 0.7982023289329226, 'MAE': 0.7069764859020506, 'SupNorm': 1.601985514163971, 'Bias': -0.7069764859020506, 'Corr': -0.4375654988769195, 'deming_slope': -6.715371233809591, 'deming_intercept': 1.3234750601389904, 'beta_sum': -2.009916067123413, 'beta_l1': 2.2757859230041504, 'beta_l2': 0.09306377172470093, 'beta_min': -0.007607361301779747, 'beta_max': 0.010620735585689545, 'beta_neg_frac': 0.91125, 'offline_data_id': 88, 'benchmark_id': 8, 'benchmark_point_source': 'support_safe_target_policy_draw', 'target_set_size': 100, 'benchmark_z_path': 'data/Z_true.pt', 'projected_bellman_test_risk': 0.8034772276878357, 'oracle_embedding_risk': 3.8454906940460205, 'benchmark_embedding_risk': 3.8454906940460205, 'risk_bellman_final': 2.4990026898942688, 'risk_obj_final': 43.50897979736328, 'B_num_rows': 3079, 'B_num_cols': 800, 'B_min_dim': 800, 'B_numerical_rank': 800, 'B_rank_fraction': 1.0, 'B_rank_tolerance': 4.3510599897267355e-05, 'B_stable_rank': 171.30410766601562, 'B_effective_rank': 770.9367800291875, 'B_entropy_rank': 6.647606372833252, 'B_spectral_norm': 0.11854282766580582, 'B_frobenius_norm': 1.551526427268982, 'B_nuclear_norm': 42.353973388671875, 'B_condition_number': 4.393701565840771, 'B_condition_number_tol': 4.393701565840771, 'B_smallest_singular_value': 0.026980172842741013, 'B_rank_rel_1em2': 800, 'B_rank_rel_1em3': 800, 'B_rank_rel_1em4': 800}
Benchmark 9 evaluation grid shape: (800, 3)
Replicate 88, benchmark 9 metrics: {'run_id': '88_b9', 'RMSE': 2.071628031115844, 'MAE': 1.81610644892673, 'SupNorm': 3.9171535074710846, 'Bias': -1.81610644892673, 'Corr': -0.5793785492167024, 'deming_slope': -16.513423756671603, 'deming_intercept': 2.887026713198842, 'beta_sum': -5.9742751121521, 'beta_l1': 6.189264297485352, 'beta_l2': 0.22747260332107544, 'beta_min': -0.013788382522761822, 'beta_max': 0.015322543680667877, 'beta_neg_frac': 0.97625, 'offline_data_id': 88, 'benchmark_id': 9, 'benchmark_point_source': 'support_safe_target_policy_draw', 'target_set_size': 100, 'benchmark_z_path': 'data/Z_true.pt', 'projected_bellman_test_risk': 0.1026664525270462, 'oracle_embedding_risk': 19.136058807373047, 'benchmark_embedding_risk': 19.136058807373047, 'risk_bellman_final': 2.4990026898942688, 'risk_obj_final': 43.50897979736328, 'B_num_rows': 3079, 'B_num_cols': 800, 'B_min_dim': 800, 'B_numerical_rank': 800, 'B_rank_fraction': 1.0, 'B_rank_tolerance': 4.3510599897267355e-05, 'B_stable_rank': 171.30410766601562, 'B_effective_rank': 770.9367800291875, 'B_entropy_rank': 6.647606372833252, 'B_spectral_norm': 0.11854282766580582, 'B_frobenius_norm': 1.551526427268982, 'B_nuclear_norm': 42.353973388671875, 'B_condition_number': 4.393701565840771, 'B_condition_number_tol': 4.393701565840771, 'B_smallest_singular_value': 0.026980172842741013, 'B_rank_rel_1em2': 800, 'B_rank_rel_1em3': 800, 'B_rank_rel_1em4': 800}
Replicate 88 finished in 26.6s
Finished combo 3, offline replicate 88.
