Job ID:    2359117
Array idx: 327
CPUs/node: 64
Mem/node:  131072
Using CC = cc 
Using CXX = CC 
Using FC = ftn 
Using F77 = ftn 
Using F90 = ftn 
cuda/12.6.1 is deprecated; loading cudatoolkit/25.5_12.9 instead.
Using CC = /opt/nvidia/hpc_sdk/Linux_aarch64/25.5/compilers/bin/nvc 
Using CXX = /opt/nvidia/hpc_sdk/Linux_aarch64/25.5/compilers/bin/nvc++ 
Using FC = /opt/nvidia/hpc_sdk/Linux_aarch64/25.5/compilers/bin/nvfortran 
Using F77 = /opt/nvidia/hpc_sdk/Linux_aarch64/25.5/compilers/bin/nvfortran 
Using F90 = /opt/nvidia/hpc_sdk/Linux_aarch64/25.5/compilers/bin/nvfortran 
Using CC = /opt/nvidia/hpc_sdk/Linux_aarch64/25.5/compilers/bin/nvc 
Using CXX = /opt/nvidia/hpc_sdk/Linux_aarch64/25.5/compilers/bin/nvc++ 
Using FC = /opt/nvidia/hpc_sdk/Linux_aarch64/25.5/compilers/bin/nvfortran 
Using F77 = /opt/nvidia/hpc_sdk/Linux_aarch64/25.5/compilers/bin/nvfortran 
Using F90 = /opt/nvidia/hpc_sdk/Linux_aarch64/25.5/compilers/bin/nvfortran 

Lmod is automatically replacing "gcc-native/14" with "gcc/14.2.0".

ghx4
0
Tuning combo id: 3 / 6
Offline replicate id: 27 / 99
Installing ke_drl from git: https://github.com/mehrdadmhmdi/ke-drl.git@main
Collecting git+https://github.com/mehrdadmhmdi/ke-drl.git@main
  Cloning https://github.com/mehrdadmhmdi/ke-drl.git (to revision main) to /tmp/pip-req-build-i4wm9gvm
  Running command git clone --filter=blob:none --quiet https://github.com/mehrdadmhmdi/ke-drl.git /tmp/pip-req-build-i4wm9gvm
  Resolved https://github.com/mehrdadmhmdi/ke-drl.git to commit 3c5d570e40ea15b1fbe4817b5f43b64c7b333e82
  Installing build dependencies: started
  Installing build dependencies: finished with status 'done'
  Getting requirements to build wheel: started
  Getting requirements to build wheel: finished with status 'done'
  Preparing metadata (pyproject.toml): started
  Preparing metadata (pyproject.toml): finished with status 'done'
Building wheels for collected packages: ke_drl
  Building wheel for ke_drl (pyproject.toml): started
  Building wheel for ke_drl (pyproject.toml): finished with status 'done'
  Created wheel for ke_drl: filename=ke_drl-0.1.0-py3-none-any.whl size=47219 sha256=07f64880bc1e43e26542f5ac3f99ff8c347aeedaf5b901f71abcce176b013ce9
  Stored in directory: /tmp/pip-ephem-wheel-cache-4rcx8h2v/wheels/24/47/ad/9a4ffd3b05d3e90e35ffc6e7324b735b8bfcf5f51aaf29a333
Successfully built ke_drl
Installing collected packages: ke_drl
Successfully installed ke_drl-0.1.0
Installed ke_drl source: /work/nvme/bfez/mehrdad3/DistRL/simulation_3/runs/sim3_global_2358722_3/.kedrl_site_327/ke_drl/__init__.py
Tuning combo 3: kernel_nu_7.5
Overrides: {'kernel': {'nu': 7.5}}
RUN: /sw/user/python/miniforge3-pytorch-24.11.3/bin/python3 validate_sim_config.py --params params.yaml
ke_drl import source: /work/nvme/bfez/mehrdad3/DistRL/simulation_3/runs/sim3_global_2358722_3/.kedrl_site_327/ke_drl/__init__.py
ke_drl package API OK: prediction weights, RFF operators, rank diagnostics, and best-checkpoint optimizer available
Policy config OK: behavior=uniform, target=logistic, state_dim=5, action_dim=1
Note: policy.logistic.theta_scale/theta_std are log-scale coefficients in Probability_Densities.
Behavior-policy linearized state-process diagnostic: spectral_radius=0.653, offline_burn_in=50
Replicate config OK: num_replicates=100, benchmark points=10 independent of D_i, loss target points=100
Transition reduction OK: method=kmeans, raw rows N(T-1)=12000, target rows about 3000, B rows reduced from 12000 to about 3000
Return-operator approximation OK: method=rff, features=512, exact G avoided for estimated N=12000, m=800, L=100
Fixed benchmark config rows=4 (benchmark.num_points=10; additional points are support-safe target-policy draws if needed)
Fixed benchmark point 0: s_star=[0.6, -0.8, 0.7, -0.5, 0.9], a_star=[0.5]
Fixed benchmark behavior-support interval for configured rows: min_lower=-0.12, max_upper=1.11
Fixed benchmark target-policy location range: [-0.02, 0.14]
Reusing shared data from /work/nvme/bfez/mehrdad3/DistRL/simulation_3/runs/sim3_shared_data/data for offline replicate 27.
RUN: /sw/user/python/miniforge3-pytorch-24.11.3/bin/python3 validate_sim_config.py --params params.yaml --data data/offline_data_27.pt
ke_drl import source: /work/nvme/bfez/mehrdad3/DistRL/simulation_3/runs/sim3_global_2358722_3/.kedrl_site_327/ke_drl/__init__.py
ke_drl package API OK: prediction weights, RFF operators, rank diagnostics, and best-checkpoint optimizer available
Policy config OK: behavior=uniform, target=logistic, state_dim=5, action_dim=1
Note: policy.logistic.theta_scale/theta_std are log-scale coefficients in Probability_Densities.
Behavior-policy linearized state-process diagnostic: spectral_radius=0.653, offline_burn_in=50
Replicate config OK: num_replicates=100, benchmark points=10 independent of D_i, loss target points=100
Transition reduction OK: method=kmeans, raw rows N(T-1)=12000, target rows about 3000, B rows reduced from 12000 to about 3000
Return-operator approximation OK: method=rff, features=512, exact G avoided for estimated N=12000, m=800, L=100
Fixed benchmark config rows=4 (benchmark.num_points=10; additional points are support-safe target-policy draws if needed)
Fixed benchmark point 0: s_star=[0.6, -0.8, 0.7, -0.5, 0.9], a_star=[0.5]
Fixed benchmark behavior-support interval for configured rows: min_lower=-0.12, max_upper=1.11
Fixed benchmark target-policy location range: [-0.02, 0.14]
Full benchmark support check OK: 10 points, min_lower=-2.177, max_upper=2.05
observed behavior actions: mean=0.4111, sd=0.6683, q0/q10/q50/q90/q100=[-2.5368995666503906, -0.4068767219781876, 0.35850033164024353, 1.3172385454177857, 2.825104236602783]
target-policy sampled actions: mean=-0.008974, sd=0.6584, q0/q10/q50/q90/q100=[-2.6440632070753622, -0.8593044376516793, 0.0029387164415220386, 0.8253849787615576, 2.6512140769261077]
behavior uniform lower: mean=-0.109, sd=0.6511, q0/q10/q50/q90/q100=[-2.7636533975601196, -0.9516986441612244, -0.09743507206439975, 0.7149333500862124, 2.612675827741623]
behavior uniform upper: mean=0.9273, sd=0.6412, q0/q10/q50/q90/q100=[-0.8388462752103805, 0.07400754764676093, 0.9474388107657432, 1.7490608024597167, 3.612675827741623]
target location inside behavior uniform support: 0.967
RUN: /sw/user/python/miniforge3-pytorch-24.11.3/bin/python3 main_est.py
# ================================================================ #
#   Global KE-DRL estimation for one offline replicate              #
# ================================================================ #
Slurm Job ID: 2359117
Slurm Array ID: 27 -- used as the offline-replicate id
Offline data id: 27
ke_drl import source: /work/nvme/bfez/mehrdad3/DistRL/simulation_3/runs/sim3_global_2358722_3/.kedrl_site_327/ke_drl/__init__.py
Estimator device: cuda (NVIDIA GH200 120GB, capability 9.0); torch CUDA=13.0
Random seed: 20460539
Number of offline replicates: 100
[transition reduction] enabled: original rows=12000, target basis=3000, method=kmeans, device=cuda
[transition reduction] kmeans iter 1/20, mean center shift=2.7538e-01
[transition reduction] kmeans iter 5/20, mean center shift=4.2936e-03
[transition reduction] selected 3081 rows from 12000 transitions (ratio 0.2567); indices saved to data/reduced_transition_indices_27.pt
Data and parameters loaded.
offline path: data/offline_data_27.pt
benchmark true-Z path: data/Z_true.pt
offline shapes after reduction: s0=(3081, 5), a0=(3081, 1), r0=(3081, 3)
transition reduction: {'enabled': True, 'method': 'kmeans', 'original_rows': 12000, 'reduced_rows': 3081, 'selected_indices_path': 'data/reduced_transition_indices_27.pt', 'target_basis': 3000, 'compression_ratio': 0.25675}
fixed benchmark point source: fixed_config_plus_support_safe_target_policy_draws
benchmark row excluded from this offline data: None
global loss target set shape: s_star=(100, 5), a_star=(100, 1)
benchmark true-Z count=10, shape each=(50000, 3)
target policy: logistic
behavior policy: uniform
lambda_Gamma=0.005, lambda_B=0.02, d_r_method=song
dtype=torch.float32, operator_method=rff, operator_num_features=512
ridge_mode=rkhs, diagnostic_interval=50
mass_anchor_lambda=1.0, target_mass=1.0
uLSIF basis: source=numerator, n_basis=512, lambda_reg=0.005
optimizer stabilizers: lambda_neg=0.0, max_B_norm=None, eta_clip_min=0.0, eta_clip_max=5.0, normalize_eta=True
========================================
Estimating the global KE-DRL mean embedding
torch device=cuda, dtype=torch.float32
Data dims: N=3081, L=100, Ds=5, Da=1, Dr=3
lambda_Gamma=0.005, lambda_B=0.02
return-operator construction: method=rff, rff_features=512
[uLSIF] basis=512/3081 (numerator); eta_hat min=-8.117e-01 max=5.395e+00 neg%=3.73
ESS for eta_plus: 2150.6 / 3081
eta_plus diagnostics: raw_mean=0.999, raw_min=-0.812, raw_max=5.4; used_mean=1, used_min=0, used_max=4.96
[timing] Z-grid: 0.07s
[timing] K_X: 0.00s
[timing] K_plus: 0.00s
[timing] k_star: 0.00s
[timing] Gamma_stack: 0.02s
[timing] Phi_stack: 0.00s
[timing] RFF feature sample: 0.00s
[timing] K_Z RFF: 0.01s
[timing] G_stack RFF: 0.03s
[timing] H_stack RFF: 0.04s
findfont: Font family 'Nimbus Roman' not found.
findfont: Font family 'Nimbus Roman' not found.
findfont: Font family 'Nimbus Roman' not found.
findfont: Font family 'Nimbus Roman' not found.
findfont: Font family 'Nimbus Roman' not found.
findfont: Font family 'Nimbus Roman' not found.
findfont: Font family 'Nimbus Roman' not found.
findfont: Font family 'Nimbus Roman' not found.
findfont: Font family 'Nimbus Roman' not found.
findfont: Font family 'Nimbus Roman' not found.
findfont: Font family 'Nimbus Roman' not found.
findfont: Font family 'Nimbus Roman' not found.
findfont: Font family 'Nimbus Roman' not found.
findfont: Font family 'Nimbus Roman' not found.
findfont: Font family 'Nimbus Roman' not found.
findfont: Font family 'Nimbus Roman' not found.
findfont: Font family 'Nimbus Roman' not found.
findfont: Font family 'Nimbus Roman' not found.
findfont: Font family 'Nimbus Roman' not found.
findfont: Font family 'Nimbus Roman' not found.
findfont: Font family 'Nimbus Roman' not found.
findfont: Font family 'Nimbus Roman' not found.
findfont: Font family 'Nimbus Roman' not found.
findfont: Font family 'Nimbus Roman' not found.
findfont: Font family 'Nimbus Roman' not found.
findfont: Font family 'Nimbus Roman' not found.
findfont: Font family 'Nimbus Roman' not found.
findfont: Font family 'Nimbus Roman' not found.
findfont: Font family 'Nimbus Roman' not found.
findfont: Font family 'Nimbus Roman' not found.
findfont: Font family 'Nimbus Roman' not found.
findfont: Font family 'Nimbus Roman' not found.
findfont: Font family 'Nimbus Roman' not found.
findfont: Font family 'Nimbus Roman' not found.
findfont: Font family 'Nimbus Roman' not found.
findfont: Font family 'Nimbus Roman' not found.
findfont: Font family 'Nimbus Roman' not found.
findfont: Font family 'Nimbus Roman' not found.
findfont: Font family 'Nimbus Roman' not found.
findfont: Font family 'Nimbus Roman' not found.
findfont: Font family 'Nimbus Roman' not found.
findfont: Font family 'Nimbus Roman' not found.
findfont: Font family 'Nimbus Roman' not found.
findfont: Font family 'Nimbus Roman' not found.
findfont: Font family 'Nimbus Roman' not found.
findfont: Font family 'Nimbus Roman' not found.
findfont: Font family 'Nimbus Roman' not found.
findfont: Font family 'Nimbus Roman' not found.
findfont: Font family 'Nimbus Roman' not found.
findfont: Font family 'Nimbus Roman' not found.
findfont: Font family ['Nimbus Roman'] not found. Falling back to DejaVu Sans.
findfont: Font family 'Nimbus Roman' not found.
findfont: Font family ['Nimbus Roman'] not found. Falling back to DejaVu Sans.
findfont: Font family 'Nimbus Roman' not found.
findfont: Font family 'Nimbus Roman' not found.
findfont: Font family 'Nimbus Roman' not found.
findfont: Font family 'Nimbus Roman' not found.
findfont: Font family 'Nimbus Roman' not found.
findfont: Font family 'Nimbus Roman' not found.
findfont: Font family 'Nimbus Roman' not found.
findfont: Font family 'Nimbus Roman' not found.
findfont: Font family 'Nimbus Roman' not found.
findfont: Font family 'Nimbus Roman' not found.
findfont: Font family 'Nimbus Roman' not found.
findfont: Font family 'Nimbus Roman' not found.
findfont: Font family 'Nimbus Roman' not found.
findfont: Font family ['Nimbus Roman'] not found. Falling back to DejaVu Sans.
findfont: Font family 'Nimbus Roman' not found.
findfont: Font family 'Nimbus Roman' not found.
findfont: Font family 'Nimbus Roman' not found.
findfont: Font family 'Nimbus Roman' not found.
findfont: Font family 'Nimbus Roman' not found.
findfont: Font family 'Nimbus Roman' not found.
findfont: Font family 'Nimbus Roman' not found.
findfont: Font family 'Nimbus Roman' not found.
findfont: Font family 'Nimbus Roman' not found.
findfont: Font family 'Nimbus Roman' not found.
findfont: Font family 'Nimbus Roman' not found.
findfont: Font family 'Nimbus Roman' not found.
findfont: Font family 'Nimbus Roman' not found.
findfont: Font family 'Nimbus Roman' not found.
findfont: Font family 'Nimbus Roman' not found.
findfont: Font family 'Nimbus Roman' not found.
findfont: Font family 'Nimbus Roman' not found.
findfont: Font family 'Nimbus Roman' not found.
findfont: Font family 'Nimbus Roman' not found.
findfont: Font family 'Nimbus Roman' not found.
findfont: Font family 'Nimbus Roman' not found.
findfont: Font family 'Nimbus Roman' not found.
findfont: Font family 'Nimbus Roman' not found.
findfont: Font family 'Nimbus Roman' not found.
findfont: Font family 'Nimbus Roman' not found.
findfont: Font family 'Nimbus Roman' not found.
findfont: Font family 'Nimbus Roman' not found.
findfont: Font family 'Nimbus Roman' not found.
findfont: Font family 'Nimbus Roman' not found.
findfont: Font family 'Nimbus Roman' not found.
findfont: Font family 'Nimbus Roman' not found.
findfont: Font family 'Nimbus Roman' not found.
findfont: Font family 'Nimbus Roman' not found.
findfont: Font family 'Nimbus Roman' not found.
findfont: Font family 'Nimbus Roman' not found.
findfont: Font family 'Nimbus Roman' not found.
findfont: Font family 'Nimbus Roman' not found.
findfont: Font family 'Nimbus Roman' not found.
findfont: Font family 'Nimbus Roman' not found.
findfont: Font family 'Nimbus Roman' not found.
findfont: Font family 'Nimbus Roman' not found.
findfont: Font family 'Nimbus Roman' not found.
findfont: Font family 'Nimbus Roman' not found.
findfont: Font family 'Nimbus Roman' not found.
findfont: Font family 'Nimbus Roman' not found.
findfont: Font family 'Nimbus Roman' not found.
findfont: Font family 'Nimbus Roman' not found.
findfont: Font family 'Nimbus Roman' not found.
findfont: Font family 'Nimbus Roman' not found.
findfont: Font family 'Nimbus Roman' not found.
findfont: Font family 'Nimbus Roman' not found.
findfont: Font family 'Nimbus Roman' not found.
findfont: Font family 'Nimbus Roman' not found.
findfont: Font family 'Nimbus Roman' not found.
findfont: Font family 'Nimbus Roman' not found.
findfont: Font family 'Nimbus Roman' not found.
findfont: Font family 'Nimbus Roman' not found.
findfont: Font family 'Nimbus Roman' not found.
findfont: Font family 'Nimbus Roman' not found.
findfont: Font family 'Nimbus Roman' not found.
findfont: Font family 'Nimbus Roman' not found.
findfont: Font family 'Nimbus Roman' not found.
findfont: Font family 'Nimbus Roman' not found.
findfont: Font family 'Nimbus Roman' not found.
findfont: Font family 'Nimbus Roman' not found.
findfont: Font family 'Nimbus Roman' not found.
findfont: Font family 'Nimbus Roman' not found.
findfont: Font family 'Nimbus Roman' not found.
findfont: Font family 'Nimbus Roman' not found.
findfont: Font family 'Nimbus Roman' not found.
findfont: Font family 'Nimbus Roman' not found.
findfont: Font family 'Nimbus Roman' not found.
findfont: Font family 'Nimbus Roman' not found.
findfont: Font family 'Nimbus Roman' not found.
findfont: Font family 'Nimbus Roman' not found.
findfont: Font family 'Nimbus Roman' not found.
findfont: Font family 'Nimbus Roman' not found.
findfont: Font family 'Nimbus Roman' not found.
findfont: Font family 'Nimbus Roman' not found.
findfont: Font family 'Nimbus Roman' not found.
findfont: Font family 'Nimbus Roman' not found.
findfont: Font family 'Nimbus Roman' not found.
findfont: Font family 'Nimbus Roman' not found.
findfont: Font family 'Nimbus Roman' not found.
findfont: Font family 'Nimbus Roman' not found.
findfont: Font family 'Nimbus Roman' not found.
findfont: Font family 'Nimbus Roman' not found.
findfont: Font family 'Nimbus Roman' not found.
Ridge mode: rkhs; diagnostic interval: 50
Iter 1/4000 | log_obj=9.780e+00 | log_Bellman_root=3.490e+00 | mass=1.66e+04 | neg=0.00e+00 | grad=2.49e+02
Iter 400/4000 | log_obj=3.877e+00 | log_Bellman_root=5.426e-01 | mass=4.53e+01 | neg=0.00e+00 | grad=4.77e+03
Iter 800/4000 | log_obj=3.883e+00 | log_Bellman_root=5.441e-01 | mass=4.56e+01 | neg=0.00e+00 | grad=4.78e+03
Iter 1200/4000 | log_obj=3.142e+00 | log_Bellman_root=1.824e-01 | mass=2.17e+01 | neg=0.00e+00 | grad=3.16e+03
Iter 1600/4000 | log_obj=1.125e+00 | log_Bellman_root=-7.867e-01 | mass=2.85e+00 | neg=0.00e+00 | grad=1.26e+03
Iter 2000/4000 | log_obj=1.100e+00 | log_Bellman_root=-8.132e-01 | mass=2.79e+00 | neg=0.00e+00 | grad=1.33e+03
Iter 2400/4000 | log_obj=1.113e+00 | log_Bellman_root=-7.933e-01 | mass=2.82e+00 | neg=0.00e+00 | grad=1.24e+03
Iter 2800/4000 | log_obj=1.865e+00 | log_Bellman_root=-4.057e-01 | mass=5.99e+00 | neg=0.00e+00 | grad=1.70e+03
Iter 3200/4000 | log_obj=2.723e+00 | log_Bellman_root=4.391e-02 | mass=1.41e+01 | neg=0.00e+00 | grad=2.51e+03
Iter 3600/4000 | log_obj=3.234e+00 | log_Bellman_root=2.398e-01 | mass=2.37e+01 | neg=0.00e+00 | grad=3.26e+03
Iter 4000/4000 | log_obj=3.374e+00 | log_Bellman_root=2.900e-01 | mass=2.74e+01 | neg=0.00e+00 | grad=2.50e+03
Returning best diagnostic checkpoint from step 3800 (objective=1.423e+00, Bellman=8.579e-02).
Done in 15.23s.
KE-DRL global estimation is done.
B_hat shape: (3081, 800)
B_hat rank diagnostics: {'B_num_rows': 3081, 'B_num_cols': 800, 'B_min_dim': 800, 'B_numerical_rank': 800, 'B_rank_fraction': 1.0, 'B_rank_tolerance': 3.786464208843654e-05, 'B_stable_rank': 225.85740661621094, 'B_effective_rank': 771.2746888496305, 'B_entropy_rank': 6.648044586181641, 'B_spectral_norm': 0.10309368371963501, 'B_frobenius_norm': 1.5493488311767578, 'B_nuclear_norm': 42.3173828125, 'B_condition_number': 3.8492695373309878, 'B_condition_number_tol': 3.8492695373309878, 'B_smallest_singular_value': 0.02678266167640686, 'B_rank_rel_1em2': 800, 'B_rank_rel_1em3': 800, 'B_rank_rel_1em4': 800}
Global-loss target mass diagnostics: {'target_mass_mean': -0.07351115345954895, 'target_mass_min': -1.0764251947402954, 'target_mass_max': 0.7093381881713867, 'target_mass_sd': 0.41462641954421997, 'target_mass_rmse_to_target': 1.1500530242919922, 'target_beta_min': -0.008571865037083626, 'target_beta_max': 0.05405491217970848, 'target_neg_frac_mean': 0.5908}
Return dictionary Z_grid shape: (800, 3)
Replicate 27 risk metrics: {'risk_n_steps_recorded': 81.0, 'risk_n_diagnostics_recorded': 81.0, 'risk_log_obj_initial': 9.780402964036174, 'risk_log_obj_final': 3.373793596705362, 'risk_log_obj_min': 0.3530077876881139, 'risk_obj_initial': 17683.777343749996, 'risk_obj_final': 29.189048767089844, 'risk_obj_min': 1.423342227935791, 'risk_log_obj_drop': 6.406609367330812, 'risk_log_bellman_root_initial': 3.4902437878961816, 'risk_log_bellman_root_final': 0.2899706244606286, 'risk_log_bellman_root_min': -1.2282106052922357, 'risk_bellman_root_initial': 32.793941497802734, 'risk_bellman_root_final': 1.3363882303237915, 'risk_bellman_root_min': 0.29281607270240784, 'risk_bellman_initial': 1075.4425989613082, 'risk_bellman_final': 1.7859335021479552, 'risk_bellman_min': 0.0857412524328618, 'risk_log_bellman_root_drop': 3.2002731634355532, 'risk_bellman_returned': 0.08578523248434067, 'risk_obj_returned': 1.423342227935791, 'risk_returned_step': 3800.0, 'offline_data_id': 27, 'benchmark_point_source': 'fixed_config_plus_support_safe_target_policy_draws', 'target_set_size': 100, 'lambda_reg': 0.005, 'lambda_B': 0.02, 'num_steps': 4000, 'transition_reduction_enabled': 1, 'transition_reduction_method': 'kmeans', 'transition_original_rows': 12000, 'transition_reduced_rows': 3081, 'transition_compression_ratio': 0.25675, 'target_mass_mean': -0.07351115345954895, 'target_mass_min': -1.0764251947402954, 'target_mass_max': 0.7093381881713867, 'target_mass_sd': 0.41462641954421997, 'target_mass_rmse_to_target': 1.1500530242919922, 'target_beta_min': -0.008571865037083626, 'target_beta_max': 0.05405491217970848, 'target_neg_frac_mean': 0.5908, 'B_num_rows': 3081, 'B_num_cols': 800, 'B_min_dim': 800, 'B_numerical_rank': 800, 'B_rank_fraction': 1.0, 'B_rank_tolerance': 3.786464208843654e-05, 'B_stable_rank': 225.85740661621094, 'B_effective_rank': 771.2746888496305, 'B_entropy_rank': 6.648044586181641, 'B_spectral_norm': 0.10309368371963501, 'B_frobenius_norm': 1.5493488311767578, 'B_nuclear_norm': 42.3173828125, 'B_condition_number': 3.8492695373309878, 'B_condition_number_tol': 3.8492695373309878, 'B_smallest_singular_value': 0.02678266167640686, 'B_rank_rel_1em2': 800, 'B_rank_rel_1em3': 800, 'B_rank_rel_1em4': 800, 'risk_objective_final_raw': 29.189048767089844, 'risk_objective_min_raw': 1.423342227935791, 'risk_objective_max_raw': 17683.77734375, 'risk_bellman_final_raw': 1.7859336137771606, 'risk_bellman_min_raw': 0.08574125170707703, 'risk_bellman_max_raw': 1075.4425048828125, 'risk_rkhs_ridge_final_raw': 0.020088106393814087, 'risk_rkhs_ridge_min_raw': 0.014799689874053001, 'risk_rkhs_ridge_max_raw': 2.327228546142578, 'risk_mass_final_raw': 27.383026123046875, 'risk_mass_min_raw': 1.3226220607757568, 'risk_mass_max_raw': 16606.0078125, 'risk_negativity_final_raw': 0.0, 'risk_negativity_min_raw': 0.0, 'risk_negativity_max_raw': 0.0, 'risk_B_norm_final_raw': 1.5490772724151611, 'risk_B_norm_min_raw': 1.5488688945770264, 'risk_B_norm_max_raw': 1.6383124589920044, 'risk_diagnostic_step_final_raw': 4000.0, 'risk_diagnostic_step_min_raw': 1.0, 'risk_diagnostic_step_max_raw': 4000.0, 'risk_best_step_final_raw': 3800.0, 'risk_best_step_min_raw': 3800.0, 'risk_best_step_max_raw': 3800.0, 'risk_best_objective_final_raw': 1.423342227935791, 'risk_best_objective_min_raw': 1.423342227935791, 'risk_best_objective_max_raw': 1.423342227935791, 'risk_best_bellman_final_raw': 0.08578523248434067, 'risk_best_bellman_min_raw': 0.08578523248434067, 'risk_best_bellman_max_raw': 0.08578523248434067, 'risk_returned_step_final_raw': 3800.0, 'risk_returned_step_min_raw': 3800.0, 'risk_returned_step_max_raw': 3800.0, 'risk_returned_objective_final_raw': 1.423342227935791, 'risk_returned_objective_min_raw': 1.423342227935791, 'risk_returned_objective_max_raw': 1.423342227935791, 'risk_returned_bellman_final_raw': 0.08578523248434067, 'risk_returned_bellman_min_raw': 0.08578523248434067, 'risk_returned_bellman_max_raw': 0.08578523248434067, 'risk_returned_best_checkpoint_final_raw': 1.0, 'risk_returned_best_checkpoint_min_raw': 1.0, 'risk_returned_best_checkpoint_max_raw': 1.0}
Benchmark 0 evaluation grid shape: (800, 3)
Replicate 27, benchmark 0 metrics: {'run_id': '27_b0', 'RMSE': 0.2365774976183578, 'MAE': 0.2216301377914715, 'SupNorm': 0.378525797277689, 'Bias': -0.2216301377914715, 'Corr': 0.527197503566964, 'deming_slope': 0.2790040299941777, 'deming_intercept': -0.030617036676921568, 'beta_sum': 0.125799760222435, 'beta_l1': 1.3590590953826904, 'beta_l2': 0.06351611763238907, 'beta_min': -0.006101598963141441, 'beta_max': 0.012880826368927956, 'beta_neg_frac': 0.5075, 'offline_data_id': 27, 'benchmark_id': 0, 'benchmark_point_source': 'fixed_config', 'target_set_size': 100, 'benchmark_z_path': 'data/Z_true.pt', 'projected_bellman_test_risk': 0.03169849514961243, 'oracle_embedding_risk': 0.947789192199707, 'benchmark_embedding_risk': 0.947789192199707, 'risk_bellman_final': 1.7859335021479552, 'risk_obj_final': 29.189048767089844, 'B_num_rows': 3081, 'B_num_cols': 800, 'B_min_dim': 800, 'B_numerical_rank': 800, 'B_rank_fraction': 1.0, 'B_rank_tolerance': 3.786464208843654e-05, 'B_stable_rank': 225.85740661621094, 'B_effective_rank': 771.2746888496305, 'B_entropy_rank': 6.648044586181641, 'B_spectral_norm': 0.10309368371963501, 'B_frobenius_norm': 1.5493488311767578, 'B_nuclear_norm': 42.3173828125, 'B_condition_number': 3.8492695373309878, 'B_condition_number_tol': 3.8492695373309878, 'B_smallest_singular_value': 0.02678266167640686, 'B_rank_rel_1em2': 800, 'B_rank_rel_1em3': 800, 'B_rank_rel_1em4': 800}
Saved ./mu/mu_hat.csv shape=(800,)
Saved ./mu/mu2D_hat_dims01.csv shape=(120, 120)
Saved ./mu/mu2D_hat_dims01.csv shape=(120, 120)
Saved plots/replicate_27/mu_3D.png
Benchmark 1 evaluation grid shape: (800, 3)
Replicate 27, benchmark 1 metrics: {'run_id': '27_b1', 'RMSE': 0.6869151199997655, 'MAE': 0.6322534751199419, 'SupNorm': 1.1380330622196198, 'Bias': -0.6322534751199419, 'Corr': -0.9863500313021623, 'deming_slope': -1.7731079325515453, 'deming_intercept': 0.09767617011325275, 'beta_sum': -1.0843002796173096, 'beta_l1': 1.4828951358795166, 'beta_l2': 0.06437908113002777, 'beta_min': -0.007490770425647497, 'beta_max': 0.004529059864580631, 'beta_neg_frac': 0.76875, 'offline_data_id': 27, 'benchmark_id': 1, 'benchmark_point_source': 'fixed_config', 'target_set_size': 100, 'benchmark_z_path': 'data/Z_true.pt', 'projected_bellman_test_risk': 0.11442452669143677, 'oracle_embedding_risk': 2.3049545288085938, 'benchmark_embedding_risk': 2.3049545288085938, 'risk_bellman_final': 1.7859335021479552, 'risk_obj_final': 29.189048767089844, 'B_num_rows': 3081, 'B_num_cols': 800, 'B_min_dim': 800, 'B_numerical_rank': 800, 'B_rank_fraction': 1.0, 'B_rank_tolerance': 3.786464208843654e-05, 'B_stable_rank': 225.85740661621094, 'B_effective_rank': 771.2746888496305, 'B_entropy_rank': 6.648044586181641, 'B_spectral_norm': 0.10309368371963501, 'B_frobenius_norm': 1.5493488311767578, 'B_nuclear_norm': 42.3173828125, 'B_condition_number': 3.8492695373309878, 'B_condition_number_tol': 3.8492695373309878, 'B_smallest_singular_value': 0.02678266167640686, 'B_rank_rel_1em2': 800, 'B_rank_rel_1em3': 800, 'B_rank_rel_1em4': 800}
Benchmark 2 evaluation grid shape: (800, 3)
Replicate 27, benchmark 2 metrics: {'run_id': '27_b2', 'RMSE': 0.6469486442862168, 'MAE': 0.597030443297117, 'SupNorm': 1.0623568892478943, 'Bias': -0.597030443297117, 'Corr': -0.8598659813080332, 'deming_slope': -1.8673213106748248, 'deming_intercept': 0.17959500547903456, 'beta_sum': -0.965941309928894, 'beta_l1': 1.4534845352172852, 'beta_l2': 0.06280754506587982, 'beta_min': -0.006660803221166134, 'beta_max': 0.006013605743646622, 'beta_neg_frac': 0.76625, 'offline_data_id': 27, 'benchmark_id': 2, 'benchmark_point_source': 'fixed_config', 'target_set_size': 100, 'benchmark_z_path': 'data/Z_true.pt', 'projected_bellman_test_risk': 0.08226818591356277, 'oracle_embedding_risk': 2.1127309799194336, 'benchmark_embedding_risk': 2.1127309799194336, 'risk_bellman_final': 1.7859335021479552, 'risk_obj_final': 29.189048767089844, 'B_num_rows': 3081, 'B_num_cols': 800, 'B_min_dim': 800, 'B_numerical_rank': 800, 'B_rank_fraction': 1.0, 'B_rank_tolerance': 3.786464208843654e-05, 'B_stable_rank': 225.85740661621094, 'B_effective_rank': 771.2746888496305, 'B_entropy_rank': 6.648044586181641, 'B_spectral_norm': 0.10309368371963501, 'B_frobenius_norm': 1.5493488311767578, 'B_nuclear_norm': 42.3173828125, 'B_condition_number': 3.8492695373309878, 'B_condition_number_tol': 3.8492695373309878, 'B_smallest_singular_value': 0.02678266167640686, 'B_rank_rel_1em2': 800, 'B_rank_rel_1em3': 800, 'B_rank_rel_1em4': 800}
Benchmark 3 evaluation grid shape: (800, 3)
Replicate 27, benchmark 3 metrics: {'run_id': '27_b3', 'RMSE': 0.6229329523933415, 'MAE': 0.5705832751607522, 'SupNorm': 1.0514193177223206, 'Bias': -0.5705832751607522, 'Corr': -0.8726343489809057, 'deming_slope': -1.7702853129869014, 'deming_intercept': 0.15496471795092243, 'beta_sum': -0.9561548233032227, 'beta_l1': 1.438258409500122, 'beta_l2': 0.06360629945993423, 'beta_min': -0.007814344950020313, 'beta_max': 0.005038298666477203, 'beta_neg_frac': 0.7475, 'offline_data_id': 27, 'benchmark_id': 3, 'benchmark_point_source': 'fixed_config', 'target_set_size': 100, 'benchmark_z_path': 'data/Z_true.pt', 'projected_bellman_test_risk': 0.0787639170885086, 'oracle_embedding_risk': 2.0792980194091797, 'benchmark_embedding_risk': 2.0792980194091797, 'risk_bellman_final': 1.7859335021479552, 'risk_obj_final': 29.189048767089844, 'B_num_rows': 3081, 'B_num_cols': 800, 'B_min_dim': 800, 'B_numerical_rank': 800, 'B_rank_fraction': 1.0, 'B_rank_tolerance': 3.786464208843654e-05, 'B_stable_rank': 225.85740661621094, 'B_effective_rank': 771.2746888496305, 'B_entropy_rank': 6.648044586181641, 'B_spectral_norm': 0.10309368371963501, 'B_frobenius_norm': 1.5493488311767578, 'B_nuclear_norm': 42.3173828125, 'B_condition_number': 3.8492695373309878, 'B_condition_number_tol': 3.8492695373309878, 'B_smallest_singular_value': 0.02678266167640686, 'B_rank_rel_1em2': 800, 'B_rank_rel_1em3': 800, 'B_rank_rel_1em4': 800}
Benchmark 4 evaluation grid shape: (800, 3)
Replicate 27, benchmark 4 metrics: {'run_id': '27_b4', 'RMSE': 0.14432818193834246, 'MAE': 0.13593532844097353, 'SupNorm': 0.2479847464710474, 'Bias': -0.13591953548253513, 'Corr': 0.8811317754746371, 'deming_slope': 0.6746308724785479, 'deming_intercept': -0.04826444566980104, 'beta_sum': 0.5454694628715515, 'beta_l1': 1.6447559595108032, 'beta_l2': 0.11699690669775009, 'beta_min': -0.00406148936599493, 'beta_max': 0.0435040220618248, 'beta_neg_frac': 0.5625, 'offline_data_id': 27, 'benchmark_id': 4, 'benchmark_point_source': 'support_safe_target_policy_draw', 'target_set_size': 100, 'benchmark_z_path': 'data/Z_true.pt', 'projected_bellman_test_risk': 0.021142512559890747, 'oracle_embedding_risk': 0.8483074903488159, 'benchmark_embedding_risk': 0.8483074903488159, 'risk_bellman_final': 1.7859335021479552, 'risk_obj_final': 29.189048767089844, 'B_num_rows': 3081, 'B_num_cols': 800, 'B_min_dim': 800, 'B_numerical_rank': 800, 'B_rank_fraction': 1.0, 'B_rank_tolerance': 3.786464208843654e-05, 'B_stable_rank': 225.85740661621094, 'B_effective_rank': 771.2746888496305, 'B_entropy_rank': 6.648044586181641, 'B_spectral_norm': 0.10309368371963501, 'B_frobenius_norm': 1.5493488311767578, 'B_nuclear_norm': 42.3173828125, 'B_condition_number': 3.8492695373309878, 'B_condition_number_tol': 3.8492695373309878, 'B_smallest_singular_value': 0.02678266167640686, 'B_rank_rel_1em2': 800, 'B_rank_rel_1em3': 800, 'B_rank_rel_1em4': 800}
Benchmark 5 evaluation grid shape: (800, 3)
Replicate 27, benchmark 5 metrics: {'run_id': '27_b5', 'RMSE': 0.2538820966302226, 'MAE': 0.237530280695446, 'SupNorm': 0.4028575122356415, 'Bias': -0.23752146487278877, 'Corr': 0.5353865145551311, 'deming_slope': 0.061435848928320935, 'deming_intercept': 0.006125010639755846, 'beta_sum': 0.1592368632555008, 'beta_l1': 0.4178730845451355, 'beta_l2': 0.02142702229321003, 'beta_min': -0.0013726272154599428, 'beta_max': 0.0048232353292405605, 'beta_neg_frac': 0.43, 'offline_data_id': 27, 'benchmark_id': 5, 'benchmark_point_source': 'support_safe_target_policy_draw', 'target_set_size': 100, 'benchmark_z_path': 'data/Z_true.pt', 'projected_bellman_test_risk': 0.002774493768811226, 'oracle_embedding_risk': 0.9590250253677368, 'benchmark_embedding_risk': 0.9590250253677368, 'risk_bellman_final': 1.7859335021479552, 'risk_obj_final': 29.189048767089844, 'B_num_rows': 3081, 'B_num_cols': 800, 'B_min_dim': 800, 'B_numerical_rank': 800, 'B_rank_fraction': 1.0, 'B_rank_tolerance': 3.786464208843654e-05, 'B_stable_rank': 225.85740661621094, 'B_effective_rank': 771.2746888496305, 'B_entropy_rank': 6.648044586181641, 'B_spectral_norm': 0.10309368371963501, 'B_frobenius_norm': 1.5493488311767578, 'B_nuclear_norm': 42.3173828125, 'B_condition_number': 3.8492695373309878, 'B_condition_number_tol': 3.8492695373309878, 'B_smallest_singular_value': 0.02678266167640686, 'B_rank_rel_1em2': 800, 'B_rank_rel_1em3': 800, 'B_rank_rel_1em4': 800}
Benchmark 6 evaluation grid shape: (800, 3)
Replicate 27, benchmark 6 metrics: {'run_id': '27_b6', 'RMSE': 0.358203568485824, 'MAE': 0.32876862473858637, 'SupNorm': 0.6183024048805237, 'Bias': -0.32876862473858637, 'Corr': -0.26018557940174253, 'deming_slope': -0.5288843444912005, 'deming_intercept': 0.07904232918672259, 'beta_sum': -0.222098708152771, 'beta_l1': 1.3899779319763184, 'beta_l2': 0.06293604522943497, 'beta_min': -0.00666418531909585, 'beta_max': 0.010968700051307678, 'beta_neg_frac': 0.58375, 'offline_data_id': 27, 'benchmark_id': 6, 'benchmark_point_source': 'support_safe_target_policy_draw', 'target_set_size': 100, 'benchmark_z_path': 'data/Z_true.pt', 'projected_bellman_test_risk': 0.007936862297356129, 'oracle_embedding_risk': 1.2115540504455566, 'benchmark_embedding_risk': 1.2115540504455566, 'risk_bellman_final': 1.7859335021479552, 'risk_obj_final': 29.189048767089844, 'B_num_rows': 3081, 'B_num_cols': 800, 'B_min_dim': 800, 'B_numerical_rank': 800, 'B_rank_fraction': 1.0, 'B_rank_tolerance': 3.786464208843654e-05, 'B_stable_rank': 225.85740661621094, 'B_effective_rank': 771.2746888496305, 'B_entropy_rank': 6.648044586181641, 'B_spectral_norm': 0.10309368371963501, 'B_frobenius_norm': 1.5493488311767578, 'B_nuclear_norm': 42.3173828125, 'B_condition_number': 3.8492695373309878, 'B_condition_number_tol': 3.8492695373309878, 'B_smallest_singular_value': 0.02678266167640686, 'B_rank_rel_1em2': 800, 'B_rank_rel_1em3': 800, 'B_rank_rel_1em4': 800}
Benchmark 7 evaluation grid shape: (800, 3)
Replicate 27, benchmark 7 metrics: {'run_id': '27_b7', 'RMSE': 0.32283591908368753, 'MAE': 0.2882393398240674, 'SupNorm': 0.6192265152931213, 'Bias': -0.2882393398240674, 'Corr': 0.04264027944103152, 'deming_slope': 8.855492700440884, 'deming_intercept': -2.363532080375644, 'beta_sum': -0.2456837296485901, 'beta_l1': 1.4936411380767822, 'beta_l2': 0.07914435118436813, 'beta_min': -0.005804869346320629, 'beta_max': 0.023275215178728104, 'beta_neg_frac': 0.64875, 'offline_data_id': 27, 'benchmark_id': 7, 'benchmark_point_source': 'support_safe_target_policy_draw', 'target_set_size': 100, 'benchmark_z_path': 'data/Z_true.pt', 'projected_bellman_test_risk': 0.025159019976854324, 'oracle_embedding_risk': 1.2255284786224365, 'benchmark_embedding_risk': 1.2255284786224365, 'risk_bellman_final': 1.7859335021479552, 'risk_obj_final': 29.189048767089844, 'B_num_rows': 3081, 'B_num_cols': 800, 'B_min_dim': 800, 'B_numerical_rank': 800, 'B_rank_fraction': 1.0, 'B_rank_tolerance': 3.786464208843654e-05, 'B_stable_rank': 225.85740661621094, 'B_effective_rank': 771.2746888496305, 'B_entropy_rank': 6.648044586181641, 'B_spectral_norm': 0.10309368371963501, 'B_frobenius_norm': 1.5493488311767578, 'B_nuclear_norm': 42.3173828125, 'B_condition_number': 3.8492695373309878, 'B_condition_number_tol': 3.8492695373309878, 'B_smallest_singular_value': 0.02678266167640686, 'B_rank_rel_1em2': 800, 'B_rank_rel_1em3': 800, 'B_rank_rel_1em4': 800}
Benchmark 8 evaluation grid shape: (800, 3)
Replicate 27, benchmark 8 metrics: {'run_id': '27_b8', 'RMSE': 0.22503651077290776, 'MAE': 0.2067231341091974, 'SupNorm': 0.38349259551614523, 'Bias': -0.2067231341091974, 'Corr': 0.4467735274861071, 'deming_slope': 0.274209204671002, 'deming_intercept': -0.015717024640312417, 'beta_sum': 0.26339930295944214, 'beta_l1': 1.3315398693084717, 'beta_l2': 0.06694426387548447, 'beta_min': -0.005345452576875687, 'beta_max': 0.013655213639140129, 'beta_neg_frac': 0.47875, 'offline_data_id': 27, 'benchmark_id': 8, 'benchmark_point_source': 'support_safe_target_policy_draw', 'target_set_size': 100, 'benchmark_z_path': 'data/Z_true.pt', 'projected_bellman_test_risk': 0.029850948601961136, 'oracle_embedding_risk': 0.9304055571556091, 'benchmark_embedding_risk': 0.9304055571556091, 'risk_bellman_final': 1.7859335021479552, 'risk_obj_final': 29.189048767089844, 'B_num_rows': 3081, 'B_num_cols': 800, 'B_min_dim': 800, 'B_numerical_rank': 800, 'B_rank_fraction': 1.0, 'B_rank_tolerance': 3.786464208843654e-05, 'B_stable_rank': 225.85740661621094, 'B_effective_rank': 771.2746888496305, 'B_entropy_rank': 6.648044586181641, 'B_spectral_norm': 0.10309368371963501, 'B_frobenius_norm': 1.5493488311767578, 'B_nuclear_norm': 42.3173828125, 'B_condition_number': 3.8492695373309878, 'B_condition_number_tol': 3.8492695373309878, 'B_smallest_singular_value': 0.02678266167640686, 'B_rank_rel_1em2': 800, 'B_rank_rel_1em3': 800, 'B_rank_rel_1em4': 800}
Benchmark 9 evaluation grid shape: (800, 3)
Replicate 27, benchmark 9 metrics: {'run_id': '27_b9', 'RMSE': 0.3738434005228062, 'MAE': 0.3326484887546394, 'SupNorm': 0.6842966377735138, 'Bias': -0.3326484887546394, 'Corr': -0.14452509503342686, 'deming_slope': -3.966835557501671, 'deming_intercept': 1.0011677510546593, 'beta_sum': -0.2791585624217987, 'beta_l1': 1.4649274349212646, 'beta_l2': 0.079133540391922, 'beta_min': -0.006580820307135582, 'beta_max': 0.024793120101094246, 'beta_neg_frac': 0.6475, 'offline_data_id': 27, 'benchmark_id': 9, 'benchmark_point_source': 'support_safe_target_policy_draw', 'target_set_size': 100, 'benchmark_z_path': 'data/Z_true.pt', 'projected_bellman_test_risk': 0.0181256216019392, 'oracle_embedding_risk': 1.3083279132843018, 'benchmark_embedding_risk': 1.3083279132843018, 'risk_bellman_final': 1.7859335021479552, 'risk_obj_final': 29.189048767089844, 'B_num_rows': 3081, 'B_num_cols': 800, 'B_min_dim': 800, 'B_numerical_rank': 800, 'B_rank_fraction': 1.0, 'B_rank_tolerance': 3.786464208843654e-05, 'B_stable_rank': 225.85740661621094, 'B_effective_rank': 771.2746888496305, 'B_entropy_rank': 6.648044586181641, 'B_spectral_norm': 0.10309368371963501, 'B_frobenius_norm': 1.5493488311767578, 'B_nuclear_norm': 42.3173828125, 'B_condition_number': 3.8492695373309878, 'B_condition_number_tol': 3.8492695373309878, 'B_smallest_singular_value': 0.02678266167640686, 'B_rank_rel_1em2': 800, 'B_rank_rel_1em3': 800, 'B_rank_rel_1em4': 800}
Replicate 27 finished in 25.9s
Finished combo 3, offline replicate 27.
