Job ID:    2358972
Array idx: 192
CPUs/node: 64
Mem/node:  131072
Using CC = cc 
Using CXX = CC 
Using FC = ftn 
Using F77 = ftn 
Using F90 = ftn 
cuda/12.6.1 is deprecated; loading cudatoolkit/25.5_12.9 instead.
Using CC = /opt/nvidia/hpc_sdk/Linux_aarch64/25.5/compilers/bin/nvc 
Using CXX = /opt/nvidia/hpc_sdk/Linux_aarch64/25.5/compilers/bin/nvc++ 
Using FC = /opt/nvidia/hpc_sdk/Linux_aarch64/25.5/compilers/bin/nvfortran 
Using F77 = /opt/nvidia/hpc_sdk/Linux_aarch64/25.5/compilers/bin/nvfortran 
Using F90 = /opt/nvidia/hpc_sdk/Linux_aarch64/25.5/compilers/bin/nvfortran 
Using CC = /opt/nvidia/hpc_sdk/Linux_aarch64/25.5/compilers/bin/nvc 
Using CXX = /opt/nvidia/hpc_sdk/Linux_aarch64/25.5/compilers/bin/nvc++ 
Using FC = /opt/nvidia/hpc_sdk/Linux_aarch64/25.5/compilers/bin/nvfortran 
Using F77 = /opt/nvidia/hpc_sdk/Linux_aarch64/25.5/compilers/bin/nvfortran 
Using F90 = /opt/nvidia/hpc_sdk/Linux_aarch64/25.5/compilers/bin/nvfortran 

Lmod is automatically replacing "gcc-native/14" with "gcc/14.2.0".

ghx4
0
Tuning combo id: 1 / 6
Offline replicate id: 92 / 99
Installing ke_drl from git: https://github.com/mehrdadmhmdi/ke-drl.git@main
Collecting git+https://github.com/mehrdadmhmdi/ke-drl.git@main
  Cloning https://github.com/mehrdadmhmdi/ke-drl.git (to revision main) to /tmp/pip-req-build-_og08lvj
  Running command git clone --filter=blob:none --quiet https://github.com/mehrdadmhmdi/ke-drl.git /tmp/pip-req-build-_og08lvj
  Resolved https://github.com/mehrdadmhmdi/ke-drl.git to commit 3c5d570e40ea15b1fbe4817b5f43b64c7b333e82
  Installing build dependencies: started
  Installing build dependencies: finished with status 'done'
  Getting requirements to build wheel: started
  Getting requirements to build wheel: finished with status 'done'
  Preparing metadata (pyproject.toml): started
  Preparing metadata (pyproject.toml): finished with status 'done'
Building wheels for collected packages: ke_drl
  Building wheel for ke_drl (pyproject.toml): started
  Building wheel for ke_drl (pyproject.toml): finished with status 'done'
  Created wheel for ke_drl: filename=ke_drl-0.1.0-py3-none-any.whl size=47219 sha256=0c806ed8a144518ac5769244f9e455c0fcf75d7ca7eb8c65790f3a6340433de1
  Stored in directory: /tmp/pip-ephem-wheel-cache-t_qdl9_u/wheels/24/47/ad/9a4ffd3b05d3e90e35ffc6e7324b735b8bfcf5f51aaf29a333
Successfully built ke_drl
Installing collected packages: ke_drl
Successfully installed ke_drl-0.1.0
Installed ke_drl source: /work/nvme/bfez/mehrdad3/DistRL/simulation_3/runs/sim3_global_2358722_1/.kedrl_site_192/ke_drl/__init__.py
Tuning combo 1: lambda_B_0.002
Overrides: {'lambda_B': 0.002}
RUN: /sw/user/python/miniforge3-pytorch-24.11.3/bin/python3 validate_sim_config.py --params params.yaml
ke_drl import source: /work/nvme/bfez/mehrdad3/DistRL/simulation_3/runs/sim3_global_2358722_1/.kedrl_site_192/ke_drl/__init__.py
ke_drl package API OK: prediction weights, RFF operators, rank diagnostics, and best-checkpoint optimizer available
Policy config OK: behavior=uniform, target=logistic, state_dim=5, action_dim=1
Note: policy.logistic.theta_scale/theta_std are log-scale coefficients in Probability_Densities.
Behavior-policy linearized state-process diagnostic: spectral_radius=0.653, offline_burn_in=50
Replicate config OK: num_replicates=100, benchmark points=10 independent of D_i, loss target points=100
Transition reduction OK: method=kmeans, raw rows N(T-1)=12000, target rows about 3000, B rows reduced from 12000 to about 3000
Return-operator approximation OK: method=rff, features=512, exact G avoided for estimated N=12000, m=800, L=100
Fixed benchmark config rows=4 (benchmark.num_points=10; additional points are support-safe target-policy draws if needed)
Fixed benchmark point 0: s_star=[0.6, -0.8, 0.7, -0.5, 0.9], a_star=[0.5]
Fixed benchmark behavior-support interval for configured rows: min_lower=-0.12, max_upper=1.11
Fixed benchmark target-policy location range: [-0.02, 0.14]
Reusing shared data from /work/nvme/bfez/mehrdad3/DistRL/simulation_3/runs/sim3_shared_data/data for offline replicate 92.
RUN: /sw/user/python/miniforge3-pytorch-24.11.3/bin/python3 validate_sim_config.py --params params.yaml --data data/offline_data_92.pt
ke_drl import source: /work/nvme/bfez/mehrdad3/DistRL/simulation_3/runs/sim3_global_2358722_1/.kedrl_site_192/ke_drl/__init__.py
ke_drl package API OK: prediction weights, RFF operators, rank diagnostics, and best-checkpoint optimizer available
Policy config OK: behavior=uniform, target=logistic, state_dim=5, action_dim=1
Note: policy.logistic.theta_scale/theta_std are log-scale coefficients in Probability_Densities.
Behavior-policy linearized state-process diagnostic: spectral_radius=0.653, offline_burn_in=50
Replicate config OK: num_replicates=100, benchmark points=10 independent of D_i, loss target points=100
Transition reduction OK: method=kmeans, raw rows N(T-1)=12000, target rows about 3000, B rows reduced from 12000 to about 3000
Return-operator approximation OK: method=rff, features=512, exact G avoided for estimated N=12000, m=800, L=100
Fixed benchmark config rows=4 (benchmark.num_points=10; additional points are support-safe target-policy draws if needed)
Fixed benchmark point 0: s_star=[0.6, -0.8, 0.7, -0.5, 0.9], a_star=[0.5]
Fixed benchmark behavior-support interval for configured rows: min_lower=-0.12, max_upper=1.11
Fixed benchmark target-policy location range: [-0.02, 0.14]
Full benchmark support check OK: 10 points, min_lower=-2.177, max_upper=2.05
observed behavior actions: mean=0.4106, sd=0.6777, q0/q10/q50/q90/q100=[-1.9762063026428223, -0.4053853094577789, 0.3474394679069519, 1.322679662704468, 2.9797658920288086]
target-policy sampled actions: mean=-0.01249, sd=0.6703, q0/q10/q50/q90/q100=[-2.8505963423901823, -0.8647039233733811, -0.0004246056206713006, 0.8458479096047969, 2.941164783522383]
behavior uniform lower: mean=-0.1128, sd=0.6637, q0/q10/q50/q90/q100=[-2.8663758039474487, -0.9639445227384567, -0.10680605769157414, 0.7392663618922233, 2.9101393967866898]
behavior uniform upper: mean=0.9298, sd=0.6527, q0/q10/q50/q90/q100=[-0.9810635209083558, 0.06595535859465602, 0.9492228619754315, 1.7717065663635732, 3.9101393967866898]
target location inside behavior uniform support: 0.969
RUN: /sw/user/python/miniforge3-pytorch-24.11.3/bin/python3 main_est.py
# ================================================================ #
#   Global KE-DRL estimation for one offline replicate              #
# ================================================================ #
Slurm Job ID: 2358972
Slurm Array ID: 92 -- used as the offline-replicate id
Offline data id: 92
ke_drl import source: /work/nvme/bfez/mehrdad3/DistRL/simulation_3/runs/sim3_global_2358722_1/.kedrl_site_192/ke_drl/__init__.py
Estimator device: cuda (NVIDIA GH200 120GB, capability 9.0); torch CUDA=13.0
Random seed: 20460604
Number of offline replicates: 100
[transition reduction] enabled: original rows=12000, target basis=3000, method=kmeans, device=cuda
[transition reduction] kmeans iter 1/20, mean center shift=2.7323e-01
[transition reduction] kmeans iter 5/20, mean center shift=3.5007e-03
[transition reduction] kmeans iter 10/20, mean center shift=1.2087e-04
[transition reduction] selected 3075 rows from 12000 transitions (ratio 0.2562); indices saved to data/reduced_transition_indices_92.pt
Data and parameters loaded.
offline path: data/offline_data_92.pt
benchmark true-Z path: data/Z_true.pt
offline shapes after reduction: s0=(3075, 5), a0=(3075, 1), r0=(3075, 3)
transition reduction: {'enabled': True, 'method': 'kmeans', 'original_rows': 12000, 'reduced_rows': 3075, 'selected_indices_path': 'data/reduced_transition_indices_92.pt', 'target_basis': 3000, 'compression_ratio': 0.25625}
fixed benchmark point source: fixed_config_plus_support_safe_target_policy_draws
benchmark row excluded from this offline data: None
global loss target set shape: s_star=(100, 5), a_star=(100, 1)
benchmark true-Z count=10, shape each=(50000, 3)
target policy: logistic
behavior policy: uniform
lambda_Gamma=0.005, lambda_B=0.002, d_r_method=song
dtype=torch.float32, operator_method=rff, operator_num_features=512
ridge_mode=rkhs, diagnostic_interval=50
mass_anchor_lambda=1.0, target_mass=1.0
uLSIF basis: source=numerator, n_basis=512, lambda_reg=0.005
optimizer stabilizers: lambda_neg=0.0, max_B_norm=None, eta_clip_min=0.0, eta_clip_max=5.0, normalize_eta=True
========================================
Estimating the global KE-DRL mean embedding
torch device=cuda, dtype=torch.float32
Data dims: N=3075, L=100, Ds=5, Da=1, Dr=3
lambda_Gamma=0.005, lambda_B=0.002
return-operator construction: method=rff, rff_features=512
[uLSIF] basis=512/3075 (numerator); eta_hat min=-7.406e-01 max=4.727e+00 neg%=4.36
ESS for eta_plus: 2112.3 / 3075
eta_plus diagnostics: raw_mean=0.999, raw_min=-0.741, raw_max=4.73; used_mean=1, used_min=0, used_max=4.69
[timing] Z-grid: 0.03s
[timing] K_X: 0.00s
[timing] K_plus: 0.00s
[timing] k_star: 0.00s
[timing] Gamma_stack: 0.01s
[timing] Phi_stack: 0.00s
[timing] RFF feature sample: 0.00s
[timing] K_Z RFF: 0.00s
[timing] G_stack RFF: 0.01s
[timing] H_stack RFF: 0.01s
findfont: Font family 'Nimbus Roman' not found.
findfont: Font family 'Nimbus Roman' not found.
findfont: Font family 'Nimbus Roman' not found.
findfont: Font family 'Nimbus Roman' not found.
findfont: Font family 'Nimbus Roman' not found.
findfont: Font family 'Nimbus Roman' not found.
findfont: Font family 'Nimbus Roman' not found.
findfont: Font family 'Nimbus Roman' not found.
findfont: Font family 'Nimbus Roman' not found.
findfont: Font family 'Nimbus Roman' not found.
findfont: Font family 'Nimbus Roman' not found.
findfont: Font family 'Nimbus Roman' not found.
findfont: Font family 'Nimbus Roman' not found.
findfont: Font family 'Nimbus Roman' not found.
findfont: Font family 'Nimbus Roman' not found.
findfont: Font family 'Nimbus Roman' not found.
findfont: Font family 'Nimbus Roman' not found.
findfont: Font family 'Nimbus Roman' not found.
findfont: Font family 'Nimbus Roman' not found.
findfont: Font family 'Nimbus Roman' not found.
findfont: Font family 'Nimbus Roman' not found.
findfont: Font family 'Nimbus Roman' not found.
findfont: Font family 'Nimbus Roman' not found.
findfont: Font family 'Nimbus Roman' not found.
findfont: Font family 'Nimbus Roman' not found.
findfont: Font family 'Nimbus Roman' not found.
findfont: Font family 'Nimbus Roman' not found.
findfont: Font family 'Nimbus Roman' not found.
findfont: Font family 'Nimbus Roman' not found.
findfont: Font family 'Nimbus Roman' not found.
findfont: Font family 'Nimbus Roman' not found.
findfont: Font family 'Nimbus Roman' not found.
findfont: Font family 'Nimbus Roman' not found.
findfont: Font family 'Nimbus Roman' not found.
findfont: Font family 'Nimbus Roman' not found.
findfont: Font family 'Nimbus Roman' not found.
findfont: Font family 'Nimbus Roman' not found.
findfont: Font family 'Nimbus Roman' not found.
findfont: Font family 'Nimbus Roman' not found.
findfont: Font family 'Nimbus Roman' not found.
findfont: Font family 'Nimbus Roman' not found.
findfont: Font family 'Nimbus Roman' not found.
findfont: Font family 'Nimbus Roman' not found.
findfont: Font family 'Nimbus Roman' not found.
findfont: Font family 'Nimbus Roman' not found.
findfont: Font family 'Nimbus Roman' not found.
findfont: Font family 'Nimbus Roman' not found.
findfont: Font family 'Nimbus Roman' not found.
findfont: Font family 'Nimbus Roman' not found.
findfont: Font family 'Nimbus Roman' not found.
findfont: Font family ['Nimbus Roman'] not found. Falling back to DejaVu Sans.
findfont: Font family 'Nimbus Roman' not found.
findfont: Font family ['Nimbus Roman'] not found. Falling back to DejaVu Sans.
findfont: Font family 'Nimbus Roman' not found.
findfont: Font family 'Nimbus Roman' not found.
findfont: Font family 'Nimbus Roman' not found.
findfont: Font family 'Nimbus Roman' not found.
findfont: Font family 'Nimbus Roman' not found.
findfont: Font family 'Nimbus Roman' not found.
findfont: Font family 'Nimbus Roman' not found.
findfont: Font family 'Nimbus Roman' not found.
findfont: Font family 'Nimbus Roman' not found.
findfont: Font family 'Nimbus Roman' not found.
findfont: Font family 'Nimbus Roman' not found.
findfont: Font family 'Nimbus Roman' not found.
findfont: Font family ['Nimbus Roman'] not found. Falling back to DejaVu Sans.
findfont: Font family 'Nimbus Roman' not found.
findfont: Font family 'Nimbus Roman' not found.
findfont: Font family 'Nimbus Roman' not found.
findfont: Font family 'Nimbus Roman' not found.
findfont: Font family 'Nimbus Roman' not found.
findfont: Font family 'Nimbus Roman' not found.
findfont: Font family 'Nimbus Roman' not found.
findfont: Font family 'Nimbus Roman' not found.
findfont: Font family 'Nimbus Roman' not found.
findfont: Font family 'Nimbus Roman' not found.
findfont: Font family 'Nimbus Roman' not found.
findfont: Font family 'Nimbus Roman' not found.
findfont: Font family 'Nimbus Roman' not found.
findfont: Font family 'Nimbus Roman' not found.
findfont: Font family 'Nimbus Roman' not found.
findfont: Font family 'Nimbus Roman' not found.
findfont: Font family 'Nimbus Roman' not found.
findfont: Font family 'Nimbus Roman' not found.
findfont: Font family 'Nimbus Roman' not found.
findfont: Font family 'Nimbus Roman' not found.
findfont: Font family 'Nimbus Roman' not found.
findfont: Font family 'Nimbus Roman' not found.
findfont: Font family 'Nimbus Roman' not found.
findfont: Font family 'Nimbus Roman' not found.
findfont: Font family 'Nimbus Roman' not found.
findfont: Font family 'Nimbus Roman' not found.
findfont: Font family 'Nimbus Roman' not found.
findfont: Font family 'Nimbus Roman' not found.
findfont: Font family 'Nimbus Roman' not found.
findfont: Font family 'Nimbus Roman' not found.
findfont: Font family 'Nimbus Roman' not found.
findfont: Font family 'Nimbus Roman' not found.
findfont: Font family 'Nimbus Roman' not found.
findfont: Font family 'Nimbus Roman' not found.
findfont: Font family 'Nimbus Roman' not found.
findfont: Font family 'Nimbus Roman' not found.
findfont: Font family 'Nimbus Roman' not found.
findfont: Font family 'Nimbus Roman' not found.
findfont: Font family 'Nimbus Roman' not found.
findfont: Font family 'Nimbus Roman' not found.
findfont: Font family 'Nimbus Roman' not found.
findfont: Font family 'Nimbus Roman' not found.
findfont: Font family 'Nimbus Roman' not found.
findfont: Font family 'Nimbus Roman' not found.
findfont: Font family 'Nimbus Roman' not found.
findfont: Font family 'Nimbus Roman' not found.
findfont: Font family 'Nimbus Roman' not found.
findfont: Font family 'Nimbus Roman' not found.
findfont: Font family 'Nimbus Roman' not found.
findfont: Font family 'Nimbus Roman' not found.
findfont: Font family 'Nimbus Roman' not found.
findfont: Font family 'Nimbus Roman' not found.
findfont: Font family 'Nimbus Roman' not found.
findfont: Font family 'Nimbus Roman' not found.
findfont: Font family 'Nimbus Roman' not found.
findfont: Font family 'Nimbus Roman' not found.
findfont: Font family 'Nimbus Roman' not found.
findfont: Font family 'Nimbus Roman' not found.
findfont: Font family 'Nimbus Roman' not found.
findfont: Font family 'Nimbus Roman' not found.
findfont: Font family 'Nimbus Roman' not found.
findfont: Font family 'Nimbus Roman' not found.
findfont: Font family 'Nimbus Roman' not found.
findfont: Font family 'Nimbus Roman' not found.
findfont: Font family 'Nimbus Roman' not found.
findfont: Font family 'Nimbus Roman' not found.
findfont: Font family 'Nimbus Roman' not found.
findfont: Font family 'Nimbus Roman' not found.
findfont: Font family 'Nimbus Roman' not found.
findfont: Font family 'Nimbus Roman' not found.
findfont: Font family 'Nimbus Roman' not found.
findfont: Font family 'Nimbus Roman' not found.
findfont: Font family 'Nimbus Roman' not found.
findfont: Font family 'Nimbus Roman' not found.
findfont: Font family 'Nimbus Roman' not found.
findfont: Font family 'Nimbus Roman' not found.
findfont: Font family 'Nimbus Roman' not found.
findfont: Font family 'Nimbus Roman' not found.
findfont: Font family 'Nimbus Roman' not found.
findfont: Font family 'Nimbus Roman' not found.
findfont: Font family 'Nimbus Roman' not found.
findfont: Font family 'Nimbus Roman' not found.
findfont: Font family 'Nimbus Roman' not found.
findfont: Font family 'Nimbus Roman' not found.
findfont: Font family 'Nimbus Roman' not found.
findfont: Font family 'Nimbus Roman' not found.
findfont: Font family 'Nimbus Roman' not found.
Ridge mode: rkhs; diagnostic interval: 50
Iter 1/4000 | log_obj=7.918e+00 | log_Bellman_root=2.784e+00 | mass=2.48e+03 | neg=0.00e+00 | grad=7.27e+01
Iter 400/4000 | log_obj=3.027e+00 | log_Bellman_root=3.141e-01 | mass=1.87e+01 | neg=0.00e+00 | grad=6.76e+03
Iter 800/4000 | log_obj=4.452e+00 | log_Bellman_root=9.288e-01 | mass=7.94e+01 | neg=0.00e+00 | grad=4.50e+03
Iter 1200/4000 | log_obj=4.304e+00 | log_Bellman_root=8.837e-01 | mass=6.82e+01 | neg=0.00e+00 | grad=5.02e+03
Iter 1600/4000 | log_obj=3.259e+00 | log_Bellman_root=4.248e-01 | mass=2.37e+01 | neg=0.00e+00 | grad=6.88e+03
Iter 2000/4000 | log_obj=3.403e+00 | log_Bellman_root=3.431e-01 | mass=2.81e+01 | neg=0.00e+00 | grad=5.77e+03
Iter 2400/4000 | log_obj=5.459e+00 | log_Bellman_root=1.307e+00 | mass=2.21e+02 | neg=0.00e+00 | grad=6.08e+03
Iter 2800/4000 | log_obj=5.461e+00 | log_Bellman_root=1.308e+00 | mass=2.22e+02 | neg=0.00e+00 | grad=6.08e+03
Iter 3200/4000 | log_obj=-3.216e+00 | log_Bellman_root=-2.248e+00 | mass=2.48e-02 | neg=0.00e+00 | grad=6.93e+02
Iter 3600/4000 | log_obj=2.677e+00 | log_Bellman_root=-7.304e-02 | mass=1.37e+01 | neg=0.00e+00 | grad=1.56e+03
Iter 4000/4000 | log_obj=2.290e+00 | log_Bellman_root=-2.753e-01 | mass=9.29e+00 | neg=0.00e+00 | grad=3.52e+03
Returning best diagnostic checkpoint from step 3200 (objective=4.011e-02, Bellman=1.115e-02).
Done in 11.11s.
KE-DRL global estimation is done.
B_hat shape: (3075, 800)
B_hat rank diagnostics: {'B_num_rows': 3075, 'B_num_cols': 800, 'B_min_dim': 800, 'B_numerical_rank': 800, 'B_rank_fraction': 1.0, 'B_rank_tolerance': 5.0672000329043954e-05, 'B_stable_rank': 131.67747497558594, 'B_effective_rank': 770.1872175970768, 'B_entropy_rank': 6.646633625030518, 'B_spectral_norm': 0.13823334872722626, 'B_frobenius_norm': 1.5862388610839844, 'B_nuclear_norm': 43.24188995361328, 'B_condition_number': 5.0127934079811345, 'B_condition_number_tol': 5.0127934079811345, 'B_smallest_singular_value': 0.027576111257076263, 'B_rank_rel_1em2': 800, 'B_rank_rel_1em3': 800, 'B_rank_rel_1em4': 800}
Global-loss target mass diagnostics: {'target_mass_mean': 1.1329739093780518, 'target_mass_min': 0.8998008966445923, 'target_mass_max': 1.2728192806243896, 'target_mass_sd': 0.0848013386130333, 'target_mass_rmse_to_target': 0.15748469531536102, 'target_beta_min': -0.040296606719493866, 'target_beta_max': 0.058752547949552536, 'target_neg_frac_mean': 0.4362375}
Return dictionary Z_grid shape: (800, 3)
Replicate 92 risk metrics: {'risk_n_steps_recorded': 81.0, 'risk_n_diagnostics_recorded': 81.0, 'risk_log_obj_initial': 7.917660684499786, 'risk_log_obj_final': 2.2899941423117456, 'risk_log_obj_min': -3.2162219360657693, 'risk_obj_initial': 2745.3413085937505, 'risk_obj_final': 9.874879837036131, 'risk_obj_min': 0.04010629653930664, 'risk_log_obj_drop': 5.627666542188041, 'risk_log_bellman_root_initial': 2.78416310152265, 'risk_log_bellman_root_final': -0.27533281930235354, 'risk_log_bellman_root_min': -2.248278749227018, 'risk_bellman_root_initial': 16.18626594543457, 'risk_bellman_root_final': 0.7593193650245667, 'risk_bellman_root_min': 0.10558079928159712, 'risk_bellman_initial': 261.9952052563349, 'risk_bellman_final': 0.5765658981013111, 'risk_bellman_min': 0.011147305176940901, 'risk_log_bellman_root_drop': 3.0594959208250034, 'risk_bellman_returned': 0.011147304438054562, 'risk_obj_returned': 0.04010629653930664, 'risk_returned_step': 3200.0, 'offline_data_id': 92, 'benchmark_point_source': 'fixed_config_plus_support_safe_target_policy_draws', 'target_set_size': 100, 'lambda_reg': 0.005, 'lambda_B': 0.002, 'num_steps': 4000, 'transition_reduction_enabled': 1, 'transition_reduction_method': 'kmeans', 'transition_original_rows': 12000, 'transition_reduced_rows': 3075, 'transition_compression_ratio': 0.25625, 'target_mass_mean': 1.1329739093780518, 'target_mass_min': 0.8998008966445923, 'target_mass_max': 1.2728192806243896, 'target_mass_sd': 0.0848013386130333, 'target_mass_rmse_to_target': 0.15748469531536102, 'target_beta_min': -0.040296606719493866, 'target_beta_max': 0.058752547949552536, 'target_neg_frac_mean': 0.4362375, 'B_num_rows': 3075, 'B_num_cols': 800, 'B_min_dim': 800, 'B_numerical_rank': 800, 'B_rank_fraction': 1.0, 'B_rank_tolerance': 5.0672000329043954e-05, 'B_stable_rank': 131.67747497558594, 'B_effective_rank': 770.1872175970768, 'B_entropy_rank': 6.646633625030518, 'B_spectral_norm': 0.13823334872722626, 'B_frobenius_norm': 1.5862388610839844, 'B_nuclear_norm': 43.24188995361328, 'B_condition_number': 5.0127934079811345, 'B_condition_number_tol': 5.0127934079811345, 'B_smallest_singular_value': 0.027576111257076263, 'B_rank_rel_1em2': 800, 'B_rank_rel_1em3': 800, 'B_rank_rel_1em4': 800, 'risk_objective_final_raw': 9.874879837036133, 'risk_objective_min_raw': 0.04010629653930664, 'risk_objective_max_raw': 2745.34130859375, 'risk_bellman_final_raw': 0.5765658617019653, 'risk_bellman_min_raw': 0.011147304438054562, 'risk_bellman_max_raw': 261.9952087402344, 'risk_rkhs_ridge_final_raw': 0.00403135409578681, 'risk_rkhs_ridge_min_raw': 0.00403135409578681, 'risk_rkhs_ridge_max_raw': 0.0969529002904892, 'risk_mass_final_raw': 9.294282913208008, 'risk_mass_min_raw': 0.024801429361104965, 'risk_mass_max_raw': 2483.249267578125, 'risk_negativity_final_raw': 0.0, 'risk_negativity_min_raw': 0.0, 'risk_negativity_max_raw': 0.0, 'risk_B_norm_final_raw': 1.5861979722976685, 'risk_B_norm_min_raw': 1.5855985879898071, 'risk_B_norm_max_raw': 1.6374138593673706, 'risk_diagnostic_step_final_raw': 4000.0, 'risk_diagnostic_step_min_raw': 1.0, 'risk_diagnostic_step_max_raw': 4000.0, 'risk_best_step_final_raw': 3200.0, 'risk_best_step_min_raw': 3200.0, 'risk_best_step_max_raw': 3200.0, 'risk_best_objective_final_raw': 0.04010629653930664, 'risk_best_objective_min_raw': 0.04010629653930664, 'risk_best_objective_max_raw': 0.04010629653930664, 'risk_best_bellman_final_raw': 0.011147304438054562, 'risk_best_bellman_min_raw': 0.011147304438054562, 'risk_best_bellman_max_raw': 0.011147304438054562, 'risk_returned_step_final_raw': 3200.0, 'risk_returned_step_min_raw': 3200.0, 'risk_returned_step_max_raw': 3200.0, 'risk_returned_objective_final_raw': 0.04010629653930664, 'risk_returned_objective_min_raw': 0.04010629653930664, 'risk_returned_objective_max_raw': 0.04010629653930664, 'risk_returned_bellman_final_raw': 0.011147304438054562, 'risk_returned_bellman_min_raw': 0.011147304438054562, 'risk_returned_bellman_max_raw': 0.011147304438054562, 'risk_returned_best_checkpoint_final_raw': 1.0, 'risk_returned_best_checkpoint_min_raw': 1.0, 'risk_returned_best_checkpoint_max_raw': 1.0}
Benchmark 0 evaluation grid shape: (800, 3)
Replicate 92, benchmark 0 metrics: {'run_id': '92_b0', 'RMSE': 0.06593323319220577, 'MAE': 0.05681822768077836, 'SupNorm': 0.12734533846378326, 'Bias': -0.006047301333310316, 'Corr': 0.7887987025448115, 'deming_slope': 1.1296565074921867, 'deming_intercept': -0.04004573954036539, 'beta_sum': 1.1260359287261963, 'beta_l1': 5.205127716064453, 'beta_l2': 0.22776851058006287, 'beta_min': -0.021455898880958557, 'beta_max': 0.02257087454199791, 'beta_neg_frac': 0.455, 'offline_data_id': 92, 'benchmark_id': 0, 'benchmark_point_source': 'fixed_config', 'target_set_size': 100, 'benchmark_z_path': 'data/Z_true.pt', 'projected_bellman_test_risk': 0.02256624400615692, 'oracle_embedding_risk': 0.7937397360801697, 'benchmark_embedding_risk': 0.7937397360801697, 'risk_bellman_final': 0.5765658981013111, 'risk_obj_final': 9.874879837036131, 'B_num_rows': 3075, 'B_num_cols': 800, 'B_min_dim': 800, 'B_numerical_rank': 800, 'B_rank_fraction': 1.0, 'B_rank_tolerance': 5.0672000329043954e-05, 'B_stable_rank': 131.67747497558594, 'B_effective_rank': 770.1872175970768, 'B_entropy_rank': 6.646633625030518, 'B_spectral_norm': 0.13823334872722626, 'B_frobenius_norm': 1.5862388610839844, 'B_nuclear_norm': 43.24188995361328, 'B_condition_number': 5.0127934079811345, 'B_condition_number_tol': 5.0127934079811345, 'B_smallest_singular_value': 0.027576111257076263, 'B_rank_rel_1em2': 800, 'B_rank_rel_1em3': 800, 'B_rank_rel_1em4': 800}
Saved ./mu/mu_hat.csv shape=(800,)
Saved ./mu/mu2D_hat_dims01.csv shape=(120, 120)
Saved ./mu/mu2D_hat_dims01.csv shape=(120, 120)
Saved plots/replicate_92/mu_3D.png
Benchmark 1 evaluation grid shape: (800, 3)
Replicate 92, benchmark 1 metrics: {'run_id': '92_b1', 'RMSE': 0.10981934294123402, 'MAE': 0.09954022232355783, 'SupNorm': 0.18000009655952454, 'Bias': 0.09953277494380018, 'Corr': 0.996632499445407, 'deming_slope': 1.4760538966253465, 'deming_intercept': -0.024495584437769058, 'beta_sum': 1.2470160722732544, 'beta_l1': 7.564209461212158, 'beta_l2': 0.3395001292228699, 'beta_min': -0.03945803642272949, 'beta_max': 0.03602423146367073, 'beta_neg_frac': 0.43625, 'offline_data_id': 92, 'benchmark_id': 1, 'benchmark_point_source': 'fixed_config', 'target_set_size': 100, 'benchmark_z_path': 'data/Z_true.pt', 'projected_bellman_test_risk': 0.01846948266029358, 'oracle_embedding_risk': 0.7847181558609009, 'benchmark_embedding_risk': 0.7847181558609009, 'risk_bellman_final': 0.5765658981013111, 'risk_obj_final': 9.874879837036131, 'B_num_rows': 3075, 'B_num_cols': 800, 'B_min_dim': 800, 'B_numerical_rank': 800, 'B_rank_fraction': 1.0, 'B_rank_tolerance': 5.0672000329043954e-05, 'B_stable_rank': 131.67747497558594, 'B_effective_rank': 770.1872175970768, 'B_entropy_rank': 6.646633625030518, 'B_spectral_norm': 0.13823334872722626, 'B_frobenius_norm': 1.5862388610839844, 'B_nuclear_norm': 43.24188995361328, 'B_condition_number': 5.0127934079811345, 'B_condition_number_tol': 5.0127934079811345, 'B_smallest_singular_value': 0.027576111257076263, 'B_rank_rel_1em2': 800, 'B_rank_rel_1em3': 800, 'B_rank_rel_1em4': 800}
Benchmark 2 evaluation grid shape: (800, 3)
Replicate 92, benchmark 2 metrics: {'run_id': '92_b2', 'RMSE': 0.09549405853018589, 'MAE': 0.08816790747659979, 'SupNorm': 0.14607921242713928, 'Bias': 0.08814462858048501, 'Corr': 0.9949594258620231, 'deming_slope': 1.3800503754079165, 'deming_intercept': -0.013721636092069833, 'beta_sum': 1.2542810440063477, 'beta_l1': 7.884979248046875, 'beta_l2': 0.35006463527679443, 'beta_min': -0.036449678242206573, 'beta_max': 0.035577885806560516, 'beta_neg_frac': 0.43375, 'offline_data_id': 92, 'benchmark_id': 2, 'benchmark_point_source': 'fixed_config', 'target_set_size': 100, 'benchmark_z_path': 'data/Z_true.pt', 'projected_bellman_test_risk': 0.010142190381884575, 'oracle_embedding_risk': 0.7736644744873047, 'benchmark_embedding_risk': 0.7736644744873047, 'risk_bellman_final': 0.5765658981013111, 'risk_obj_final': 9.874879837036131, 'B_num_rows': 3075, 'B_num_cols': 800, 'B_min_dim': 800, 'B_numerical_rank': 800, 'B_rank_fraction': 1.0, 'B_rank_tolerance': 5.0672000329043954e-05, 'B_stable_rank': 131.67747497558594, 'B_effective_rank': 770.1872175970768, 'B_entropy_rank': 6.646633625030518, 'B_spectral_norm': 0.13823334872722626, 'B_frobenius_norm': 1.5862388610839844, 'B_nuclear_norm': 43.24188995361328, 'B_condition_number': 5.0127934079811345, 'B_condition_number_tol': 5.0127934079811345, 'B_smallest_singular_value': 0.027576111257076263, 'B_rank_rel_1em2': 800, 'B_rank_rel_1em3': 800, 'B_rank_rel_1em4': 800}
Benchmark 3 evaluation grid shape: (800, 3)
Replicate 92, benchmark 3 metrics: {'run_id': '92_b3', 'RMSE': 0.07919914572270013, 'MAE': 0.07236114606959745, 'SupNorm': 0.1308901011943817, 'Bias': 0.07236031555803493, 'Corr': 0.9903354266793258, 'deming_slope': 1.3018003128129627, 'deming_intercept': -0.005881429053580023, 'beta_sum': 1.2234432697296143, 'beta_l1': 7.406067371368408, 'beta_l2': 0.329591304063797, 'beta_min': -0.03356858715415001, 'beta_max': 0.03662592172622681, 'beta_neg_frac': 0.44, 'offline_data_id': 92, 'benchmark_id': 3, 'benchmark_point_source': 'fixed_config', 'target_set_size': 100, 'benchmark_z_path': 'data/Z_true.pt', 'projected_bellman_test_risk': 0.014288335107266903, 'oracle_embedding_risk': 0.7682245969772339, 'benchmark_embedding_risk': 0.7682245969772339, 'risk_bellman_final': 0.5765658981013111, 'risk_obj_final': 9.874879837036131, 'B_num_rows': 3075, 'B_num_cols': 800, 'B_min_dim': 800, 'B_numerical_rank': 800, 'B_rank_fraction': 1.0, 'B_rank_tolerance': 5.0672000329043954e-05, 'B_stable_rank': 131.67747497558594, 'B_effective_rank': 770.1872175970768, 'B_entropy_rank': 6.646633625030518, 'B_spectral_norm': 0.13823334872722626, 'B_frobenius_norm': 1.5862388610839844, 'B_nuclear_norm': 43.24188995361328, 'B_condition_number': 5.0127934079811345, 'B_condition_number_tol': 5.0127934079811345, 'B_smallest_singular_value': 0.027576111257076263, 'B_rank_rel_1em2': 800, 'B_rank_rel_1em3': 800, 'B_rank_rel_1em4': 800}
Benchmark 4 evaluation grid shape: (800, 3)
Replicate 92, benchmark 4 metrics: {'run_id': '92_b4', 'RMSE': 0.09140414420516137, 'MAE': 0.07744706789999327, 'SupNorm': 0.2148996889591217, 'Bias': -0.014423875655411393, 'Corr': 0.6633574289744986, 'deming_slope': 1.4078667589863623, 'deming_intercept': -0.12316306389638082, 'beta_sum': 1.2166943550109863, 'beta_l1': 4.539971351623535, 'beta_l2': 0.22400261461734772, 'beta_min': -0.017769705504179, 'beta_max': 0.056970447301864624, 'beta_neg_frac': 0.445, 'offline_data_id': 92, 'benchmark_id': 4, 'benchmark_point_source': 'support_safe_target_policy_draw', 'target_set_size': 100, 'benchmark_z_path': 'data/Z_true.pt', 'projected_bellman_test_risk': 0.025511449202895164, 'oracle_embedding_risk': 0.8452144861221313, 'benchmark_embedding_risk': 0.8452144861221313, 'risk_bellman_final': 0.5765658981013111, 'risk_obj_final': 9.874879837036131, 'B_num_rows': 3075, 'B_num_cols': 800, 'B_min_dim': 800, 'B_numerical_rank': 800, 'B_rank_fraction': 1.0, 'B_rank_tolerance': 5.0672000329043954e-05, 'B_stable_rank': 131.67747497558594, 'B_effective_rank': 770.1872175970768, 'B_entropy_rank': 6.646633625030518, 'B_spectral_norm': 0.13823334872722626, 'B_frobenius_norm': 1.5862388610839844, 'B_nuclear_norm': 43.24188995361328, 'B_condition_number': 5.0127934079811345, 'B_condition_number_tol': 5.0127934079811345, 'B_smallest_singular_value': 0.027576111257076263, 'B_rank_rel_1em2': 800, 'B_rank_rel_1em3': 800, 'B_rank_rel_1em4': 800}
Benchmark 5 evaluation grid shape: (800, 3)
Replicate 92, benchmark 5 metrics: {'run_id': '92_b5', 'RMSE': 0.23357706908159828, 'MAE': 0.21367648267304504, 'SupNorm': 0.38671179860830307, 'Bias': -0.21147576929885872, 'Corr': 0.07883124794936561, 'deming_slope': 0.04453134508035659, 'deming_intercept': 0.03406496501817253, 'beta_sum': 0.4464414119720459, 'beta_l1': 0.7471010684967041, 'beta_l2': 0.03339175507426262, 'beta_min': -0.0026882332749664783, 'beta_max': 0.005850636400282383, 'beta_neg_frac': 0.28875, 'offline_data_id': 92, 'benchmark_id': 5, 'benchmark_point_source': 'support_safe_target_policy_draw', 'target_set_size': 100, 'benchmark_z_path': 'data/Z_true.pt', 'projected_bellman_test_risk': 0.05143268406391144, 'oracle_embedding_risk': 0.9855495095252991, 'benchmark_embedding_risk': 0.9855495095252991, 'risk_bellman_final': 0.5765658981013111, 'risk_obj_final': 9.874879837036131, 'B_num_rows': 3075, 'B_num_cols': 800, 'B_min_dim': 800, 'B_numerical_rank': 800, 'B_rank_fraction': 1.0, 'B_rank_tolerance': 5.0672000329043954e-05, 'B_stable_rank': 131.67747497558594, 'B_effective_rank': 770.1872175970768, 'B_entropy_rank': 6.646633625030518, 'B_spectral_norm': 0.13823334872722626, 'B_frobenius_norm': 1.5862388610839844, 'B_nuclear_norm': 43.24188995361328, 'B_condition_number': 5.0127934079811345, 'B_condition_number_tol': 5.0127934079811345, 'B_smallest_singular_value': 0.027576111257076263, 'B_rank_rel_1em2': 800, 'B_rank_rel_1em3': 800, 'B_rank_rel_1em4': 800}
Benchmark 6 evaluation grid shape: (800, 3)
Replicate 92, benchmark 6 metrics: {'run_id': '92_b6', 'RMSE': 0.043127541492966256, 'MAE': 0.033791076835477725, 'SupNorm': 0.10948246717453003, 'Bias': 0.015855313987703994, 'Corr': 0.9182695337299566, 'deming_slope': 1.0647786563946637, 'deming_intercept': -0.0012456805309622454, 'beta_sum': 1.1921615600585938, 'beta_l1': 6.076054573059082, 'beta_l2': 0.2668868899345398, 'beta_min': -0.02483261004090309, 'beta_max': 0.029599761590361595, 'beta_neg_frac': 0.44, 'offline_data_id': 92, 'benchmark_id': 6, 'benchmark_point_source': 'support_safe_target_policy_draw', 'target_set_size': 100, 'benchmark_z_path': 'data/Z_true.pt', 'projected_bellman_test_risk': 0.020796796306967735, 'oracle_embedding_risk': 0.7741585373878479, 'benchmark_embedding_risk': 0.7741585373878479, 'risk_bellman_final': 0.5765658981013111, 'risk_obj_final': 9.874879837036131, 'B_num_rows': 3075, 'B_num_cols': 800, 'B_min_dim': 800, 'B_numerical_rank': 800, 'B_rank_fraction': 1.0, 'B_rank_tolerance': 5.0672000329043954e-05, 'B_stable_rank': 131.67747497558594, 'B_effective_rank': 770.1872175970768, 'B_entropy_rank': 6.646633625030518, 'B_spectral_norm': 0.13823334872722626, 'B_frobenius_norm': 1.5862388610839844, 'B_nuclear_norm': 43.24188995361328, 'B_condition_number': 5.0127934079811345, 'B_condition_number_tol': 5.0127934079811345, 'B_smallest_singular_value': 0.027576111257076263, 'B_rank_rel_1em2': 800, 'B_rank_rel_1em3': 800, 'B_rank_rel_1em4': 800}
Benchmark 7 evaluation grid shape: (800, 3)
Replicate 92, benchmark 7 metrics: {'run_id': '92_b7', 'RMSE': 0.06667646229858619, 'MAE': 0.053592594676301814, 'SupNorm': 0.15782472491264343, 'Bias': 0.03536199285590556, 'Corr': 0.878683397902472, 'deming_slope': 1.2920958184269198, 'deming_intercept': -0.0410167381807951, 'beta_sum': 1.167292833328247, 'beta_l1': 5.777480125427246, 'beta_l2': 0.25720441341400146, 'beta_min': -0.030862586572766304, 'beta_max': 0.030334580689668655, 'beta_neg_frac': 0.44625, 'offline_data_id': 92, 'benchmark_id': 7, 'benchmark_point_source': 'support_safe_target_policy_draw', 'target_set_size': 100, 'benchmark_z_path': 'data/Z_true.pt', 'projected_bellman_test_risk': 0.017129026353359222, 'oracle_embedding_risk': 0.7832182049751282, 'benchmark_embedding_risk': 0.7832182049751282, 'risk_bellman_final': 0.5765658981013111, 'risk_obj_final': 9.874879837036131, 'B_num_rows': 3075, 'B_num_cols': 800, 'B_min_dim': 800, 'B_numerical_rank': 800, 'B_rank_fraction': 1.0, 'B_rank_tolerance': 5.0672000329043954e-05, 'B_stable_rank': 131.67747497558594, 'B_effective_rank': 770.1872175970768, 'B_entropy_rank': 6.646633625030518, 'B_spectral_norm': 0.13823334872722626, 'B_frobenius_norm': 1.5862388610839844, 'B_nuclear_norm': 43.24188995361328, 'B_condition_number': 5.0127934079811345, 'B_condition_number_tol': 5.0127934079811345, 'B_smallest_singular_value': 0.027576111257076263, 'B_rank_rel_1em2': 800, 'B_rank_rel_1em3': 800, 'B_rank_rel_1em4': 800}
Benchmark 8 evaluation grid shape: (800, 3)
Replicate 92, benchmark 8 metrics: {'run_id': '92_b8', 'RMSE': 0.10289038483873887, 'MAE': 0.09149333565554116, 'SupNorm': 0.17703735828399658, 'Bias': -0.09034157017536927, 'Corr': 0.9336753670898884, 'deming_slope': 0.5566481972081453, 'deming_intercept': 0.025148995055298634, 'beta_sum': 0.8546288013458252, 'beta_l1': 3.4189462661743164, 'beta_l2': 0.15846292674541473, 'beta_min': -0.015847712755203247, 'beta_max': 0.03333067148923874, 'beta_neg_frac': 0.4375, 'offline_data_id': 92, 'benchmark_id': 8, 'benchmark_point_source': 'support_safe_target_policy_draw', 'target_set_size': 100, 'benchmark_z_path': 'data/Z_true.pt', 'projected_bellman_test_risk': 0.024293461814522743, 'oracle_embedding_risk': 0.7857702970504761, 'benchmark_embedding_risk': 0.7857702970504761, 'risk_bellman_final': 0.5765658981013111, 'risk_obj_final': 9.874879837036131, 'B_num_rows': 3075, 'B_num_cols': 800, 'B_min_dim': 800, 'B_numerical_rank': 800, 'B_rank_fraction': 1.0, 'B_rank_tolerance': 5.0672000329043954e-05, 'B_stable_rank': 131.67747497558594, 'B_effective_rank': 770.1872175970768, 'B_entropy_rank': 6.646633625030518, 'B_spectral_norm': 0.13823334872722626, 'B_frobenius_norm': 1.5862388610839844, 'B_nuclear_norm': 43.24188995361328, 'B_condition_number': 5.0127934079811345, 'B_condition_number_tol': 5.0127934079811345, 'B_smallest_singular_value': 0.027576111257076263, 'B_rank_rel_1em2': 800, 'B_rank_rel_1em3': 800, 'B_rank_rel_1em4': 800}
Benchmark 9 evaluation grid shape: (800, 3)
Replicate 92, benchmark 9 metrics: {'run_id': '92_b9', 'RMSE': 0.06397389016397056, 'MAE': 0.0514448692149017, 'SupNorm': 0.136897474527359, 'Bias': 0.04449381228419952, 'Corr': 0.9294170669184346, 'deming_slope': 1.258892833220718, 'deming_intercept': -0.024310892853847854, 'beta_sum': 1.2037310600280762, 'beta_l1': 5.675149917602539, 'beta_l2': 0.2560979127883911, 'beta_min': -0.024260995909571648, 'beta_max': 0.029158495366573334, 'beta_neg_frac': 0.43, 'offline_data_id': 92, 'benchmark_id': 9, 'benchmark_point_source': 'support_safe_target_policy_draw', 'target_set_size': 100, 'benchmark_z_path': 'data/Z_true.pt', 'projected_bellman_test_risk': 0.012531118467450142, 'oracle_embedding_risk': 0.7676684260368347, 'benchmark_embedding_risk': 0.7676684260368347, 'risk_bellman_final': 0.5765658981013111, 'risk_obj_final': 9.874879837036131, 'B_num_rows': 3075, 'B_num_cols': 800, 'B_min_dim': 800, 'B_numerical_rank': 800, 'B_rank_fraction': 1.0, 'B_rank_tolerance': 5.0672000329043954e-05, 'B_stable_rank': 131.67747497558594, 'B_effective_rank': 770.1872175970768, 'B_entropy_rank': 6.646633625030518, 'B_spectral_norm': 0.13823334872722626, 'B_frobenius_norm': 1.5862388610839844, 'B_nuclear_norm': 43.24188995361328, 'B_condition_number': 5.0127934079811345, 'B_condition_number_tol': 5.0127934079811345, 'B_smallest_singular_value': 0.027576111257076263, 'B_rank_rel_1em2': 800, 'B_rank_rel_1em3': 800, 'B_rank_rel_1em4': 800}
Replicate 92 finished in 20.2s
Finished combo 1, offline replicate 92.
