Job ID:    2359177
Array idx: 386
CPUs/node: 64
Mem/node:  131072
Using CC = cc 
Using CXX = CC 
Using FC = ftn 
Using F77 = ftn 
Using F90 = ftn 
cuda/12.6.1 is deprecated; loading cudatoolkit/25.5_12.9 instead.
Using CC = /opt/nvidia/hpc_sdk/Linux_aarch64/25.5/compilers/bin/nvc 
Using CXX = /opt/nvidia/hpc_sdk/Linux_aarch64/25.5/compilers/bin/nvc++ 
Using FC = /opt/nvidia/hpc_sdk/Linux_aarch64/25.5/compilers/bin/nvfortran 
Using F77 = /opt/nvidia/hpc_sdk/Linux_aarch64/25.5/compilers/bin/nvfortran 
Using F90 = /opt/nvidia/hpc_sdk/Linux_aarch64/25.5/compilers/bin/nvfortran 
Using CC = /opt/nvidia/hpc_sdk/Linux_aarch64/25.5/compilers/bin/nvc 
Using CXX = /opt/nvidia/hpc_sdk/Linux_aarch64/25.5/compilers/bin/nvc++ 
Using FC = /opt/nvidia/hpc_sdk/Linux_aarch64/25.5/compilers/bin/nvfortran 
Using F77 = /opt/nvidia/hpc_sdk/Linux_aarch64/25.5/compilers/bin/nvfortran 
Using F90 = /opt/nvidia/hpc_sdk/Linux_aarch64/25.5/compilers/bin/nvfortran 

Lmod is automatically replacing "gcc-native/14" with "gcc/14.2.0".

ghx4
0
Tuning combo id: 3 / 6
Offline replicate id: 86 / 99
Installing ke_drl from git: https://github.com/mehrdadmhmdi/ke-drl.git@main
Collecting git+https://github.com/mehrdadmhmdi/ke-drl.git@main
  Cloning https://github.com/mehrdadmhmdi/ke-drl.git (to revision main) to /tmp/pip-req-build-lh_kgs2d
  Running command git clone --filter=blob:none --quiet https://github.com/mehrdadmhmdi/ke-drl.git /tmp/pip-req-build-lh_kgs2d
  Resolved https://github.com/mehrdadmhmdi/ke-drl.git to commit 3c5d570e40ea15b1fbe4817b5f43b64c7b333e82
  Installing build dependencies: started
  Installing build dependencies: finished with status 'done'
  Getting requirements to build wheel: started
  Getting requirements to build wheel: finished with status 'done'
  Preparing metadata (pyproject.toml): started
  Preparing metadata (pyproject.toml): finished with status 'done'
Building wheels for collected packages: ke_drl
  Building wheel for ke_drl (pyproject.toml): started
  Building wheel for ke_drl (pyproject.toml): finished with status 'done'
  Created wheel for ke_drl: filename=ke_drl-0.1.0-py3-none-any.whl size=47219 sha256=e7059e44b5a71194e0e26a49e53bf206c466612f7721daabdcfe19d677181162
  Stored in directory: /tmp/pip-ephem-wheel-cache-mr83v9_d/wheels/24/47/ad/9a4ffd3b05d3e90e35ffc6e7324b735b8bfcf5f51aaf29a333
Successfully built ke_drl
Installing collected packages: ke_drl
Successfully installed ke_drl-0.1.0
Installed ke_drl source: /work/nvme/bfez/mehrdad3/DistRL/simulation_3/runs/sim3_global_2358722_3/.kedrl_site_386/ke_drl/__init__.py
Tuning combo 3: kernel_nu_7.5
Overrides: {'kernel': {'nu': 7.5}}
RUN: /sw/user/python/miniforge3-pytorch-24.11.3/bin/python3 validate_sim_config.py --params params.yaml
ke_drl import source: /work/nvme/bfez/mehrdad3/DistRL/simulation_3/runs/sim3_global_2358722_3/.kedrl_site_386/ke_drl/__init__.py
ke_drl package API OK: prediction weights, RFF operators, rank diagnostics, and best-checkpoint optimizer available
Policy config OK: behavior=uniform, target=logistic, state_dim=5, action_dim=1
Note: policy.logistic.theta_scale/theta_std are log-scale coefficients in Probability_Densities.
Behavior-policy linearized state-process diagnostic: spectral_radius=0.653, offline_burn_in=50
Replicate config OK: num_replicates=100, benchmark points=10 independent of D_i, loss target points=100
Transition reduction OK: method=kmeans, raw rows N(T-1)=12000, target rows about 3000, B rows reduced from 12000 to about 3000
Return-operator approximation OK: method=rff, features=512, exact G avoided for estimated N=12000, m=800, L=100
Fixed benchmark config rows=4 (benchmark.num_points=10; additional points are support-safe target-policy draws if needed)
Fixed benchmark point 0: s_star=[0.6, -0.8, 0.7, -0.5, 0.9], a_star=[0.5]
Fixed benchmark behavior-support interval for configured rows: min_lower=-0.12, max_upper=1.11
Fixed benchmark target-policy location range: [-0.02, 0.14]
Reusing shared data from /work/nvme/bfez/mehrdad3/DistRL/simulation_3/runs/sim3_shared_data/data for offline replicate 86.
RUN: /sw/user/python/miniforge3-pytorch-24.11.3/bin/python3 validate_sim_config.py --params params.yaml --data data/offline_data_86.pt
ke_drl import source: /work/nvme/bfez/mehrdad3/DistRL/simulation_3/runs/sim3_global_2358722_3/.kedrl_site_386/ke_drl/__init__.py
ke_drl package API OK: prediction weights, RFF operators, rank diagnostics, and best-checkpoint optimizer available
Policy config OK: behavior=uniform, target=logistic, state_dim=5, action_dim=1
Note: policy.logistic.theta_scale/theta_std are log-scale coefficients in Probability_Densities.
Behavior-policy linearized state-process diagnostic: spectral_radius=0.653, offline_burn_in=50
Replicate config OK: num_replicates=100, benchmark points=10 independent of D_i, loss target points=100
Transition reduction OK: method=kmeans, raw rows N(T-1)=12000, target rows about 3000, B rows reduced from 12000 to about 3000
Return-operator approximation OK: method=rff, features=512, exact G avoided for estimated N=12000, m=800, L=100
Fixed benchmark config rows=4 (benchmark.num_points=10; additional points are support-safe target-policy draws if needed)
Fixed benchmark point 0: s_star=[0.6, -0.8, 0.7, -0.5, 0.9], a_star=[0.5]
Fixed benchmark behavior-support interval for configured rows: min_lower=-0.12, max_upper=1.11
Fixed benchmark target-policy location range: [-0.02, 0.14]
Full benchmark support check OK: 10 points, min_lower=-2.177, max_upper=2.05
observed behavior actions: mean=0.3949, sd=0.6686, q0/q10/q50/q90/q100=[-2.025444746017456, -0.40148538947105405, 0.33347655832767487, 1.299109649658203, 2.9326014518737793]
target-policy sampled actions: mean=-0.02847, sd=0.6647, q0/q10/q50/q90/q100=[-2.5517105761035164, -0.8828036139510171, -0.0143498258863668, 0.8215486234069574, 2.4401582705175318]
behavior uniform lower: mean=-0.1294, sd=0.6592, q0/q10/q50/q90/q100=[-2.6541278958320618, -0.9830400589108467, -0.11522108018398286, 0.7115922653675081, 2.257284724712372]
behavior uniform upper: mean=0.9202, sd=0.6429, q0/q10/q50/q90/q100=[-0.949697184562683, 0.06944891110062604, 0.9390226304531097, 1.7556332510709765, 3.257284724712372]
target location inside behavior uniform support: 0.968
RUN: /sw/user/python/miniforge3-pytorch-24.11.3/bin/python3 main_est.py
# ================================================================ #
#   Global KE-DRL estimation for one offline replicate              #
# ================================================================ #
Slurm Job ID: 2359177
Slurm Array ID: 86 -- used as the offline-replicate id
Offline data id: 86
ke_drl import source: /work/nvme/bfez/mehrdad3/DistRL/simulation_3/runs/sim3_global_2358722_3/.kedrl_site_386/ke_drl/__init__.py
Estimator device: cuda (NVIDIA GH200 120GB, capability 9.0); torch CUDA=13.0
Random seed: 20460598
Number of offline replicates: 100
[transition reduction] enabled: original rows=12000, target basis=3000, method=kmeans, device=cuda
[transition reduction] kmeans iter 1/20, mean center shift=2.7371e-01
[transition reduction] kmeans iter 5/20, mean center shift=5.6414e-03
[transition reduction] selected 3084 rows from 12000 transitions (ratio 0.2570); indices saved to data/reduced_transition_indices_86.pt
Data and parameters loaded.
offline path: data/offline_data_86.pt
benchmark true-Z path: data/Z_true.pt
offline shapes after reduction: s0=(3084, 5), a0=(3084, 1), r0=(3084, 3)
transition reduction: {'enabled': True, 'method': 'kmeans', 'original_rows': 12000, 'reduced_rows': 3084, 'selected_indices_path': 'data/reduced_transition_indices_86.pt', 'target_basis': 3000, 'compression_ratio': 0.257}
fixed benchmark point source: fixed_config_plus_support_safe_target_policy_draws
benchmark row excluded from this offline data: None
global loss target set shape: s_star=(100, 5), a_star=(100, 1)
benchmark true-Z count=10, shape each=(50000, 3)
target policy: logistic
behavior policy: uniform
lambda_Gamma=0.005, lambda_B=0.02, d_r_method=song
dtype=torch.float32, operator_method=rff, operator_num_features=512
ridge_mode=rkhs, diagnostic_interval=50
mass_anchor_lambda=1.0, target_mass=1.0
uLSIF basis: source=numerator, n_basis=512, lambda_reg=0.005
optimizer stabilizers: lambda_neg=0.0, max_B_norm=None, eta_clip_min=0.0, eta_clip_max=5.0, normalize_eta=True
========================================
Estimating the global KE-DRL mean embedding
torch device=cuda, dtype=torch.float32
Data dims: N=3084, L=100, Ds=5, Da=1, Dr=3
lambda_Gamma=0.005, lambda_B=0.02
return-operator construction: method=rff, rff_features=512
[uLSIF] basis=512/3084 (numerator); eta_hat min=-8.783e-01 max=4.663e+00 neg%=4.54
ESS for eta_plus: 2145.6 / 3084
eta_plus diagnostics: raw_mean=0.998, raw_min=-0.878, raw_max=4.66; used_mean=1, used_min=0, used_max=4.63
[timing] Z-grid: 0.03s
[timing] K_X: 0.00s
[timing] K_plus: 0.00s
[timing] k_star: 0.00s
[timing] Gamma_stack: 0.01s
[timing] Phi_stack: 0.00s
[timing] RFF feature sample: 0.00s
[timing] K_Z RFF: 0.00s
[timing] G_stack RFF: 0.01s
[timing] H_stack RFF: 0.01s
findfont: Font family 'Nimbus Roman' not found.
findfont: Font family 'Nimbus Roman' not found.
findfont: Font family 'Nimbus Roman' not found.
findfont: Font family 'Nimbus Roman' not found.
findfont: Font family 'Nimbus Roman' not found.
findfont: Font family 'Nimbus Roman' not found.
findfont: Font family 'Nimbus Roman' not found.
findfont: Font family 'Nimbus Roman' not found.
findfont: Font family 'Nimbus Roman' not found.
findfont: Font family 'Nimbus Roman' not found.
findfont: Font family 'Nimbus Roman' not found.
findfont: Font family 'Nimbus Roman' not found.
findfont: Font family 'Nimbus Roman' not found.
findfont: Font family 'Nimbus Roman' not found.
findfont: Font family 'Nimbus Roman' not found.
findfont: Font family 'Nimbus Roman' not found.
findfont: Font family 'Nimbus Roman' not found.
findfont: Font family 'Nimbus Roman' not found.
findfont: Font family 'Nimbus Roman' not found.
findfont: Font family 'Nimbus Roman' not found.
findfont: Font family 'Nimbus Roman' not found.
findfont: Font family 'Nimbus Roman' not found.
findfont: Font family 'Nimbus Roman' not found.
findfont: Font family 'Nimbus Roman' not found.
findfont: Font family 'Nimbus Roman' not found.
findfont: Font family 'Nimbus Roman' not found.
findfont: Font family 'Nimbus Roman' not found.
findfont: Font family 'Nimbus Roman' not found.
findfont: Font family 'Nimbus Roman' not found.
findfont: Font family 'Nimbus Roman' not found.
findfont: Font family 'Nimbus Roman' not found.
findfont: Font family 'Nimbus Roman' not found.
findfont: Font family 'Nimbus Roman' not found.
findfont: Font family 'Nimbus Roman' not found.
findfont: Font family 'Nimbus Roman' not found.
findfont: Font family 'Nimbus Roman' not found.
findfont: Font family 'Nimbus Roman' not found.
findfont: Font family 'Nimbus Roman' not found.
findfont: Font family 'Nimbus Roman' not found.
findfont: Font family 'Nimbus Roman' not found.
findfont: Font family 'Nimbus Roman' not found.
findfont: Font family 'Nimbus Roman' not found.
findfont: Font family 'Nimbus Roman' not found.
findfont: Font family 'Nimbus Roman' not found.
findfont: Font family 'Nimbus Roman' not found.
findfont: Font family 'Nimbus Roman' not found.
findfont: Font family ['Nimbus Roman'] not found. Falling back to DejaVu Sans.
findfont: Font family 'Nimbus Roman' not found.
findfont: Font family ['Nimbus Roman'] not found. Falling back to DejaVu Sans.
findfont: Font family 'Nimbus Roman' not found.
findfont: Font family 'Nimbus Roman' not found.
findfont: Font family 'Nimbus Roman' not found.
findfont: Font family 'Nimbus Roman' not found.
findfont: Font family 'Nimbus Roman' not found.
findfont: Font family 'Nimbus Roman' not found.
findfont: Font family 'Nimbus Roman' not found.
findfont: Font family 'Nimbus Roman' not found.
findfont: Font family 'Nimbus Roman' not found.
findfont: Font family 'Nimbus Roman' not found.
findfont: Font family 'Nimbus Roman' not found.
findfont: Font family ['Nimbus Roman'] not found. Falling back to DejaVu Sans.
findfont: Font family 'Nimbus Roman' not found.
findfont: Font family 'Nimbus Roman' not found.
findfont: Font family 'Nimbus Roman' not found.
findfont: Font family 'Nimbus Roman' not found.
findfont: Font family 'Nimbus Roman' not found.
findfont: Font family 'Nimbus Roman' not found.
findfont: Font family 'Nimbus Roman' not found.
findfont: Font family 'Nimbus Roman' not found.
findfont: Font family 'Nimbus Roman' not found.
findfont: Font family 'Nimbus Roman' not found.
findfont: Font family 'Nimbus Roman' not found.
findfont: Font family 'Nimbus Roman' not found.
findfont: Font family 'Nimbus Roman' not found.
findfont: Font family 'Nimbus Roman' not found.
findfont: Font family 'Nimbus Roman' not found.
findfont: Font family 'Nimbus Roman' not found.
findfont: Font family 'Nimbus Roman' not found.
findfont: Font family 'Nimbus Roman' not found.
findfont: Font family 'Nimbus Roman' not found.
findfont: Font family 'Nimbus Roman' not found.
findfont: Font family 'Nimbus Roman' not found.
findfont: Font family 'Nimbus Roman' not found.
findfont: Font family 'Nimbus Roman' not found.
findfont: Font family 'Nimbus Roman' not found.
findfont: Font family 'Nimbus Roman' not found.
findfont: Font family 'Nimbus Roman' not found.
findfont: Font family 'Nimbus Roman' not found.
findfont: Font family 'Nimbus Roman' not found.
findfont: Font family 'Nimbus Roman' not found.
findfont: Font family 'Nimbus Roman' not found.
findfont: Font family 'Nimbus Roman' not found.
findfont: Font family 'Nimbus Roman' not found.
findfont: Font family 'Nimbus Roman' not found.
findfont: Font family 'Nimbus Roman' not found.
findfont: Font family 'Nimbus Roman' not found.
findfont: Font family 'Nimbus Roman' not found.
findfont: Font family 'Nimbus Roman' not found.
findfont: Font family 'Nimbus Roman' not found.
findfont: Font family 'Nimbus Roman' not found.
findfont: Font family 'Nimbus Roman' not found.
findfont: Font family 'Nimbus Roman' not found.
findfont: Font family 'Nimbus Roman' not found.
findfont: Font family 'Nimbus Roman' not found.
findfont: Font family 'Nimbus Roman' not found.
findfont: Font family 'Nimbus Roman' not found.
findfont: Font family 'Nimbus Roman' not found.
findfont: Font family 'Nimbus Roman' not found.
findfont: Font family 'Nimbus Roman' not found.
findfont: Font family 'Nimbus Roman' not found.
findfont: Font family 'Nimbus Roman' not found.
findfont: Font family 'Nimbus Roman' not found.
findfont: Font family 'Nimbus Roman' not found.
findfont: Font family 'Nimbus Roman' not found.
findfont: Font family 'Nimbus Roman' not found.
findfont: Font family 'Nimbus Roman' not found.
findfont: Font family 'Nimbus Roman' not found.
findfont: Font family 'Nimbus Roman' not found.
findfont: Font family 'Nimbus Roman' not found.
findfont: Font family 'Nimbus Roman' not found.
findfont: Font family 'Nimbus Roman' not found.
findfont: Font family 'Nimbus Roman' not found.
findfont: Font family 'Nimbus Roman' not found.
findfont: Font family 'Nimbus Roman' not found.
findfont: Font family 'Nimbus Roman' not found.
findfont: Font family 'Nimbus Roman' not found.
findfont: Font family 'Nimbus Roman' not found.
findfont: Font family 'Nimbus Roman' not found.
findfont: Font family 'Nimbus Roman' not found.
findfont: Font family 'Nimbus Roman' not found.
findfont: Font family 'Nimbus Roman' not found.
findfont: Font family 'Nimbus Roman' not found.
findfont: Font family 'Nimbus Roman' not found.
findfont: Font family 'Nimbus Roman' not found.
findfont: Font family 'Nimbus Roman' not found.
findfont: Font family 'Nimbus Roman' not found.
findfont: Font family 'Nimbus Roman' not found.
findfont: Font family 'Nimbus Roman' not found.
findfont: Font family 'Nimbus Roman' not found.
findfont: Font family 'Nimbus Roman' not found.
findfont: Font family 'Nimbus Roman' not found.
findfont: Font family 'Nimbus Roman' not found.
findfont: Font family 'Nimbus Roman' not found.
Ridge mode: rkhs; diagnostic interval: 50
Iter 1/4000 | log_obj=9.961e+00 | log_Bellman_root=3.470e+00 | mass=2.01e+04 | neg=0.00e+00 | grad=4.45e+02
Iter 400/4000 | log_obj=5.427e+00 | log_Bellman_root=1.202e+00 | mass=2.16e+02 | neg=0.00e+00 | grad=5.35e+03
Iter 800/4000 | log_obj=5.657e+00 | log_Bellman_root=1.309e+00 | mass=2.73e+02 | neg=0.00e+00 | grad=7.59e+03
Iter 1200/4000 | log_obj=2.775e-01 | log_Bellman_root=-1.261e+00 | mass=1.21e+00 | neg=0.00e+00 | grad=9.68e+02
Iter 1600/4000 | log_obj=3.043e+00 | log_Bellman_root=2.062e-02 | mass=1.99e+01 | neg=0.00e+00 | grad=6.37e+03
Iter 2000/4000 | log_obj=3.644e+00 | log_Bellman_root=3.160e-01 | mass=3.63e+01 | neg=0.00e+00 | grad=3.65e+03
Iter 2400/4000 | log_obj=2.014e-01 | log_Bellman_root=-7.738e-01 | mass=9.89e-01 | neg=0.00e+00 | grad=1.35e+03
Iter 2800/4000 | log_obj=1.783e+00 | log_Bellman_root=-5.737e-01 | mass=5.61e+00 | neg=0.00e+00 | grad=9.64e+02
Iter 3200/4000 | log_obj=2.080e+00 | log_Bellman_root=-4.388e-01 | mass=7.57e+00 | neg=0.00e+00 | grad=7.57e+02
Iter 3600/4000 | log_obj=1.998e+00 | log_Bellman_root=-4.446e-01 | mass=6.94e+00 | neg=0.00e+00 | grad=8.34e+02
Iter 4000/4000 | log_obj=-1.781e-01 | log_Bellman_root=-1.470e+00 | mass=7.67e-01 | neg=0.00e+00 | grad=7.04e+02
Returning best diagnostic checkpoint from step 3800 (objective=5.763e-01, Bellman=4.318e-02).
Done in 15.12s.
KE-DRL global estimation is done.
B_hat shape: (3084, 800)
B_hat rank diagnostics: {'B_num_rows': 3084, 'B_num_cols': 800, 'B_min_dim': 800, 'B_numerical_rank': 800, 'B_rank_fraction': 1.0, 'B_rank_tolerance': 4.535045794895609e-05, 'B_stable_rank': 159.23480224609375, 'B_effective_rank': 771.0047911200569, 'B_entropy_rank': 6.6476945877075195, 'B_spectral_norm': 0.12335512787103653, 'B_frobenius_norm': 1.5565969944000244, 'B_nuclear_norm': 42.494869232177734, 'B_condition_number': 4.560548077423663, 'B_condition_number_tol': 4.560548077423663, 'B_smallest_singular_value': 0.02704831212759018, 'B_rank_rel_1em2': 800, 'B_rank_rel_1em3': 800, 'B_rank_rel_1em4': 800}
Global-loss target mass diagnostics: {'target_mass_mean': 1.6094536781311035, 'target_mass_min': 0.8800771832466125, 'target_mass_max': 2.225742816925049, 'target_mass_sd': 0.3820962905883789, 'target_mass_rmse_to_target': 0.7183114886283875, 'target_beta_min': -0.008480314165353775, 'target_beta_max': 0.045301586389541626, 'target_neg_frac_mean': 0.22979999999999998}
Return dictionary Z_grid shape: (800, 3)
Replicate 86 risk metrics: {'risk_n_steps_recorded': 81.0, 'risk_n_diagnostics_recorded': 81.0, 'risk_log_obj_initial': 9.960869053469468, 'risk_log_obj_final': -0.1780646543215402, 'risk_log_obj_min': -0.5510860245842467, 'risk_obj_initial': 21181.19531250001, 'risk_obj_final': 0.836888313293457, 'risk_obj_min': 0.5763235688209534, 'risk_log_obj_drop': 10.138933707791008, 'risk_log_bellman_root_initial': 3.469674678368737, 'risk_log_bellman_root_final': -1.4703259185048454, 'risk_log_bellman_root_min': -1.5712318318575869, 'risk_bellman_root_initial': 32.12628936767578, 'risk_bellman_root_final': 0.22985056042671204, 'risk_bellman_root_min': 0.2077890634536743, 'risk_bellman_initial': 1032.0984685356382, 'risk_bellman_final': 0.0528312801284736, 'risk_bellman_min': 0.043176294890955084, 'risk_log_bellman_root_drop': 4.940000596873583, 'risk_bellman_returned': 0.04317629337310791, 'risk_obj_returned': 0.5763235688209534, 'risk_returned_step': 3800.0, 'offline_data_id': 86, 'benchmark_point_source': 'fixed_config_plus_support_safe_target_policy_draws', 'target_set_size': 100, 'lambda_reg': 0.005, 'lambda_B': 0.02, 'num_steps': 4000, 'transition_reduction_enabled': 1, 'transition_reduction_method': 'kmeans', 'transition_original_rows': 12000, 'transition_reduced_rows': 3084, 'transition_compression_ratio': 0.257, 'target_mass_mean': 1.6094536781311035, 'target_mass_min': 0.8800771832466125, 'target_mass_max': 2.225742816925049, 'target_mass_sd': 0.3820962905883789, 'target_mass_rmse_to_target': 0.7183114886283875, 'target_beta_min': -0.008480314165353775, 'target_beta_max': 0.045301586389541626, 'target_neg_frac_mean': 0.22979999999999998, 'B_num_rows': 3084, 'B_num_cols': 800, 'B_min_dim': 800, 'B_numerical_rank': 800, 'B_rank_fraction': 1.0, 'B_rank_tolerance': 4.535045794895609e-05, 'B_stable_rank': 159.23480224609375, 'B_effective_rank': 771.0047911200569, 'B_entropy_rank': 6.6476945877075195, 'B_spectral_norm': 0.12335512787103653, 'B_frobenius_norm': 1.5565969944000244, 'B_nuclear_norm': 42.494869232177734, 'B_condition_number': 4.560548077423663, 'B_condition_number_tol': 4.560548077423663, 'B_smallest_singular_value': 0.02704831212759018, 'B_rank_rel_1em2': 800, 'B_rank_rel_1em3': 800, 'B_rank_rel_1em4': 800, 'risk_objective_final_raw': 0.836888313293457, 'risk_objective_min_raw': 0.5763235688209534, 'risk_objective_max_raw': 21181.1953125, 'risk_bellman_final_raw': 0.05283128097653389, 'risk_bellman_min_raw': 0.04317629337310791, 'risk_bellman_max_raw': 1032.0985107421875, 'risk_rkhs_ridge_final_raw': 0.016914421692490578, 'risk_rkhs_ridge_min_raw': 0.016544872894883156, 'risk_rkhs_ridge_max_raw': 2.3749618530273438, 'risk_mass_final_raw': 0.7671425938606262, 'risk_mass_min_raw': 0.5159714221954346, 'risk_mass_max_raw': 20146.72265625, 'risk_negativity_final_raw': 0.0, 'risk_negativity_min_raw': 0.0, 'risk_negativity_max_raw': 0.0, 'risk_B_norm_final_raw': 1.555777668952942, 'risk_B_norm_min_raw': 1.555777668952942, 'risk_B_norm_max_raw': 1.6404427289962769, 'risk_diagnostic_step_final_raw': 4000.0, 'risk_diagnostic_step_min_raw': 1.0, 'risk_diagnostic_step_max_raw': 4000.0, 'risk_best_step_final_raw': 3800.0, 'risk_best_step_min_raw': 3800.0, 'risk_best_step_max_raw': 3800.0, 'risk_best_objective_final_raw': 0.5763235688209534, 'risk_best_objective_min_raw': 0.5763235688209534, 'risk_best_objective_max_raw': 0.5763235688209534, 'risk_best_bellman_final_raw': 0.04317629337310791, 'risk_best_bellman_min_raw': 0.04317629337310791, 'risk_best_bellman_max_raw': 0.04317629337310791, 'risk_returned_step_final_raw': 3800.0, 'risk_returned_step_min_raw': 3800.0, 'risk_returned_step_max_raw': 3800.0, 'risk_returned_objective_final_raw': 0.5763235688209534, 'risk_returned_objective_min_raw': 0.5763235688209534, 'risk_returned_objective_max_raw': 0.5763235688209534, 'risk_returned_bellman_final_raw': 0.04317629337310791, 'risk_returned_bellman_min_raw': 0.04317629337310791, 'risk_returned_bellman_max_raw': 0.04317629337310791, 'risk_returned_best_checkpoint_final_raw': 1.0, 'risk_returned_best_checkpoint_min_raw': 1.0, 'risk_returned_best_checkpoint_max_raw': 1.0}
Benchmark 0 evaluation grid shape: (800, 3)
Replicate 86, benchmark 0 metrics: {'run_id': '86_b0', 'RMSE': 0.17556162370917236, 'MAE': 0.13578840942260284, 'SupNorm': 0.4262136071920395, 'Bias': 0.10762055894454534, 'Corr': 0.6432330522059406, 'deming_slope': 2.445101136786304, 'deming_intercept': -0.27522936122835695, 'beta_sum': 1.663549542427063, 'beta_l1': 2.178234338760376, 'beta_l2': 0.09926335513591766, 'beta_min': -0.005983512848615646, 'beta_max': 0.013261586427688599, 'beta_neg_frac': 0.215, 'offline_data_id': 86, 'benchmark_id': 0, 'benchmark_point_source': 'fixed_config', 'target_set_size': 100, 'benchmark_z_path': 'data/Z_true.pt', 'projected_bellman_test_risk': 0.023949939757585526, 'oracle_embedding_risk': 1.0057640075683594, 'benchmark_embedding_risk': 1.0057640075683594, 'risk_bellman_final': 0.0528312801284736, 'risk_obj_final': 0.836888313293457, 'B_num_rows': 3084, 'B_num_cols': 800, 'B_min_dim': 800, 'B_numerical_rank': 800, 'B_rank_fraction': 1.0, 'B_rank_tolerance': 4.535045794895609e-05, 'B_stable_rank': 159.23480224609375, 'B_effective_rank': 771.0047911200569, 'B_entropy_rank': 6.6476945877075195, 'B_spectral_norm': 0.12335512787103653, 'B_frobenius_norm': 1.5565969944000244, 'B_nuclear_norm': 42.494869232177734, 'B_condition_number': 4.560548077423663, 'B_condition_number_tol': 4.560548077423663, 'B_smallest_singular_value': 0.02704831212759018, 'B_rank_rel_1em2': 800, 'B_rank_rel_1em3': 800, 'B_rank_rel_1em4': 800}
Saved ./mu/mu_hat.csv shape=(800,)
Saved ./mu/mu2D_hat_dims01.csv shape=(120, 120)
Saved ./mu/mu2D_hat_dims01.csv shape=(120, 120)
Saved plots/replicate_86/mu_3D.png
Benchmark 1 evaluation grid shape: (800, 3)
Replicate 86, benchmark 1 metrics: {'run_id': '86_b1', 'RMSE': 0.39422704402116565, 'MAE': 0.3598440596915316, 'SupNorm': 0.6671409904956818, 'Bias': 0.3598440596915316, 'Corr': 0.9897785127618819, 'deming_slope': 2.6540951507809893, 'deming_intercept': -0.07554219859975941, 'beta_sum': 2.0773990154266357, 'beta_l1': 2.2379255294799805, 'beta_l2': 0.09356740862131119, 'beta_min': -0.003230889793485403, 'beta_max': 0.009852532297372818, 'beta_neg_frac': 0.10875, 'offline_data_id': 86, 'benchmark_id': 1, 'benchmark_point_source': 'fixed_config', 'target_set_size': 100, 'benchmark_z_path': 'data/Z_true.pt', 'projected_bellman_test_risk': 0.10161366313695908, 'oracle_embedding_risk': 1.2587660551071167, 'benchmark_embedding_risk': 1.2587660551071167, 'risk_bellman_final': 0.0528312801284736, 'risk_obj_final': 0.836888313293457, 'B_num_rows': 3084, 'B_num_cols': 800, 'B_min_dim': 800, 'B_numerical_rank': 800, 'B_rank_fraction': 1.0, 'B_rank_tolerance': 4.535045794895609e-05, 'B_stable_rank': 159.23480224609375, 'B_effective_rank': 771.0047911200569, 'B_entropy_rank': 6.6476945877075195, 'B_spectral_norm': 0.12335512787103653, 'B_frobenius_norm': 1.5565969944000244, 'B_nuclear_norm': 42.494869232177734, 'B_condition_number': 4.560548077423663, 'B_condition_number_tol': 4.560548077423663, 'B_smallest_singular_value': 0.02704831212759018, 'B_rank_rel_1em2': 800, 'B_rank_rel_1em3': 800, 'B_rank_rel_1em4': 800}
Benchmark 2 evaluation grid shape: (800, 3)
Replicate 86, benchmark 2 metrics: {'run_id': '86_b2', 'RMSE': 0.4125744896794499, 'MAE': 0.37601073218218517, 'SupNorm': 0.6986720860004425, 'Bias': 0.37601073218218517, 'Corr': 0.9511005314179409, 'deming_slope': 2.826671428176653, 'deming_intercept': -0.11875053241441824, 'beta_sum': 2.1443049907684326, 'beta_l1': 2.287264823913574, 'beta_l2': 0.09610515087842941, 'beta_min': -0.0031283381395041943, 'beta_max': 0.012659131549298763, 'beta_neg_frac': 0.1, 'offline_data_id': 86, 'benchmark_id': 2, 'benchmark_point_source': 'fixed_config', 'target_set_size': 100, 'benchmark_z_path': 'data/Z_true.pt', 'projected_bellman_test_risk': 0.06326019763946533, 'oracle_embedding_risk': 1.3173390626907349, 'benchmark_embedding_risk': 1.3173390626907349, 'risk_bellman_final': 0.0528312801284736, 'risk_obj_final': 0.836888313293457, 'B_num_rows': 3084, 'B_num_cols': 800, 'B_min_dim': 800, 'B_numerical_rank': 800, 'B_rank_fraction': 1.0, 'B_rank_tolerance': 4.535045794895609e-05, 'B_stable_rank': 159.23480224609375, 'B_effective_rank': 771.0047911200569, 'B_entropy_rank': 6.6476945877075195, 'B_spectral_norm': 0.12335512787103653, 'B_frobenius_norm': 1.5565969944000244, 'B_nuclear_norm': 42.494869232177734, 'B_condition_number': 4.560548077423663, 'B_condition_number_tol': 4.560548077423663, 'B_smallest_singular_value': 0.02704831212759018, 'B_rank_rel_1em2': 800, 'B_rank_rel_1em3': 800, 'B_rank_rel_1em4': 800}
Benchmark 3 evaluation grid shape: (800, 3)
Replicate 86, benchmark 3 metrics: {'run_id': '86_b3', 'RMSE': 0.3540675850503334, 'MAE': 0.31960600780672394, 'SupNorm': 0.6137530505657196, 'Bias': 0.31960600780672394, 'Corr': 0.9629873961189971, 'deming_slope': 2.5796921333460756, 'deming_intercept': -0.09412121794526296, 'beta_sum': 2.005795478820801, 'beta_l1': 2.2212488651275635, 'beta_l2': 0.09451362490653992, 'beta_min': -0.004061948508024216, 'beta_max': 0.010350699536502361, 'beta_neg_frac': 0.12125, 'offline_data_id': 86, 'benchmark_id': 3, 'benchmark_point_source': 'fixed_config', 'target_set_size': 100, 'benchmark_z_path': 'data/Z_true.pt', 'projected_bellman_test_risk': 0.08995700627565384, 'oracle_embedding_risk': 1.187890887260437, 'benchmark_embedding_risk': 1.187890887260437, 'risk_bellman_final': 0.0528312801284736, 'risk_obj_final': 0.836888313293457, 'B_num_rows': 3084, 'B_num_cols': 800, 'B_min_dim': 800, 'B_numerical_rank': 800, 'B_rank_fraction': 1.0, 'B_rank_tolerance': 4.535045794895609e-05, 'B_stable_rank': 159.23480224609375, 'B_effective_rank': 771.0047911200569, 'B_entropy_rank': 6.6476945877075195, 'B_spectral_norm': 0.12335512787103653, 'B_frobenius_norm': 1.5565969944000244, 'B_nuclear_norm': 42.494869232177734, 'B_condition_number': 4.560548077423663, 'B_condition_number_tol': 4.560548077423663, 'B_smallest_singular_value': 0.02704831212759018, 'B_rank_rel_1em2': 800, 'B_rank_rel_1em3': 800, 'B_rank_rel_1em4': 800}
Benchmark 4 evaluation grid shape: (800, 3)
Replicate 86, benchmark 4 metrics: {'run_id': '86_b4', 'RMSE': 0.09134841540894574, 'MAE': 0.07818559945171728, 'SupNorm': 0.17737902700901031, 'Bias': -0.05552891310846462, 'Corr': 0.7157176623731811, 'deming_slope': 0.9986438371905015, 'deming_intercept': -0.05516356015143142, 'beta_sum': 1.1163017749786377, 'beta_l1': 1.8689765930175781, 'beta_l2': 0.1256282776594162, 'beta_min': -0.005677357316017151, 'beta_max': 0.046740978956222534, 'beta_neg_frac': 0.4, 'offline_data_id': 86, 'benchmark_id': 4, 'benchmark_point_source': 'support_safe_target_policy_draw', 'target_set_size': 100, 'benchmark_z_path': 'data/Z_true.pt', 'projected_bellman_test_risk': 0.03363218531012535, 'oracle_embedding_risk': 0.8155577182769775, 'benchmark_embedding_risk': 0.8155577182769775, 'risk_bellman_final': 0.0528312801284736, 'risk_obj_final': 0.836888313293457, 'B_num_rows': 3084, 'B_num_cols': 800, 'B_min_dim': 800, 'B_numerical_rank': 800, 'B_rank_fraction': 1.0, 'B_rank_tolerance': 4.535045794895609e-05, 'B_stable_rank': 159.23480224609375, 'B_effective_rank': 771.0047911200569, 'B_entropy_rank': 6.6476945877075195, 'B_spectral_norm': 0.12335512787103653, 'B_frobenius_norm': 1.5565969944000244, 'B_nuclear_norm': 42.494869232177734, 'B_condition_number': 4.560548077423663, 'B_condition_number_tol': 4.560548077423663, 'B_smallest_singular_value': 0.02704831212759018, 'B_rank_rel_1em2': 800, 'B_rank_rel_1em3': 800, 'B_rank_rel_1em4': 800}
Benchmark 5 evaluation grid shape: (800, 3)
Replicate 86, benchmark 5 metrics: {'run_id': '86_b5', 'RMSE': 0.23652208112947293, 'MAE': 0.21813161116092034, 'SupNorm': 0.38684485480189323, 'Bias': -0.21752217319792636, 'Corr': 0.22794152905224177, 'deming_slope': 0.08031254500711826, 'deming_intercept': 0.02122400811131966, 'beta_sum': 0.382974237203598, 'beta_l1': 0.6067302227020264, 'beta_l2': 0.030427539721131325, 'beta_min': -0.0018234476447105408, 'beta_max': 0.0059160226956009865, 'beta_neg_frac': 0.31125, 'offline_data_id': 86, 'benchmark_id': 5, 'benchmark_point_source': 'support_safe_target_policy_draw', 'target_set_size': 100, 'benchmark_z_path': 'data/Z_true.pt', 'projected_bellman_test_risk': 0.008736428804695606, 'oracle_embedding_risk': 0.9457377195358276, 'benchmark_embedding_risk': 0.9457377195358276, 'risk_bellman_final': 0.0528312801284736, 'risk_obj_final': 0.836888313293457, 'B_num_rows': 3084, 'B_num_cols': 800, 'B_min_dim': 800, 'B_numerical_rank': 800, 'B_rank_fraction': 1.0, 'B_rank_tolerance': 4.535045794895609e-05, 'B_stable_rank': 159.23480224609375, 'B_effective_rank': 771.0047911200569, 'B_entropy_rank': 6.6476945877075195, 'B_spectral_norm': 0.12335512787103653, 'B_frobenius_norm': 1.5565969944000244, 'B_nuclear_norm': 42.494869232177734, 'B_condition_number': 4.560548077423663, 'B_condition_number_tol': 4.560548077423663, 'B_smallest_singular_value': 0.02704831212759018, 'B_rank_rel_1em2': 800, 'B_rank_rel_1em3': 800, 'B_rank_rel_1em4': 800}
Benchmark 6 evaluation grid shape: (800, 3)
Replicate 86, benchmark 6 metrics: {'run_id': '86_b6', 'RMSE': 0.1746605246945711, 'MAE': 0.1411391500305035, 'SupNorm': 0.3742295503616333, 'Bias': 0.13179306720470776, 'Corr': 0.7924167973872891, 'deming_slope': 2.058298051084022, 'deming_intercept': -0.1504948241619204, 'beta_sum': 1.5592081546783447, 'beta_l1': 2.0498974323272705, 'beta_l2': 0.09155631810426712, 'beta_min': -0.005342682357877493, 'beta_max': 0.010234884917736053, 'beta_neg_frac': 0.2325, 'offline_data_id': 86, 'benchmark_id': 6, 'benchmark_point_source': 'support_safe_target_policy_draw', 'target_set_size': 100, 'benchmark_z_path': 'data/Z_true.pt', 'projected_bellman_test_risk': 0.010427091270685196, 'oracle_embedding_risk': 0.9224722981452942, 'benchmark_embedding_risk': 0.9224722981452942, 'risk_bellman_final': 0.0528312801284736, 'risk_obj_final': 0.836888313293457, 'B_num_rows': 3084, 'B_num_cols': 800, 'B_min_dim': 800, 'B_numerical_rank': 800, 'B_rank_fraction': 1.0, 'B_rank_tolerance': 4.535045794895609e-05, 'B_stable_rank': 159.23480224609375, 'B_effective_rank': 771.0047911200569, 'B_entropy_rank': 6.6476945877075195, 'B_spectral_norm': 0.12335512787103653, 'B_frobenius_norm': 1.5565969944000244, 'B_nuclear_norm': 42.494869232177734, 'B_condition_number': 4.560548077423663, 'B_condition_number_tol': 4.560548077423663, 'B_smallest_singular_value': 0.02704831212759018, 'B_rank_rel_1em2': 800, 'B_rank_rel_1em3': 800, 'B_rank_rel_1em4': 800}
Benchmark 7 evaluation grid shape: (800, 3)
Replicate 86, benchmark 7 metrics: {'run_id': '86_b7', 'RMSE': 0.12142033736272909, 'MAE': 0.09420101276773493, 'SupNorm': 0.29032596945762634, 'Bias': 0.0804903760907473, 'Corr': 0.7979883219254594, 'deming_slope': 1.7061673297431261, 'deming_intercept': -0.10606748716693876, 'beta_sum': 1.426918864250183, 'beta_l1': 1.9180543422698975, 'beta_l2': 0.09942428022623062, 'beta_min': -0.005292409565299749, 'beta_max': 0.027546929195523262, 'beta_neg_frac': 0.255, 'offline_data_id': 86, 'benchmark_id': 7, 'benchmark_point_source': 'support_safe_target_policy_draw', 'target_set_size': 100, 'benchmark_z_path': 'data/Z_true.pt', 'projected_bellman_test_risk': 0.02716749906539917, 'oracle_embedding_risk': 0.8556748628616333, 'benchmark_embedding_risk': 0.8556748628616333, 'risk_bellman_final': 0.0528312801284736, 'risk_obj_final': 0.836888313293457, 'B_num_rows': 3084, 'B_num_cols': 800, 'B_min_dim': 800, 'B_numerical_rank': 800, 'B_rank_fraction': 1.0, 'B_rank_tolerance': 4.535045794895609e-05, 'B_stable_rank': 159.23480224609375, 'B_effective_rank': 771.0047911200569, 'B_entropy_rank': 6.6476945877075195, 'B_spectral_norm': 0.12335512787103653, 'B_frobenius_norm': 1.5565969944000244, 'B_nuclear_norm': 42.494869232177734, 'B_condition_number': 4.560548077423663, 'B_condition_number_tol': 4.560548077423663, 'B_smallest_singular_value': 0.02704831212759018, 'B_rank_rel_1em2': 800, 'B_rank_rel_1em3': 800, 'B_rank_rel_1em4': 800}
Benchmark 8 evaluation grid shape: (800, 3)
Replicate 86, benchmark 8 metrics: {'run_id': '86_b8', 'RMSE': 0.09509444322586491, 'MAE': 0.0823357649461832, 'SupNorm': 0.1781144142150879, 'Bias': -0.07046412728144787, 'Corr': 0.7704184529258126, 'deming_slope': 0.8204163998190105, 'deming_intercept': -0.023203174103558905, 'beta_sum': 0.8223267793655396, 'beta_l1': 1.4841351509094238, 'beta_l2': 0.06929835677146912, 'beta_min': -0.004956018179655075, 'beta_max': 0.012693805620074272, 'beta_neg_frac': 0.3325, 'offline_data_id': 86, 'benchmark_id': 8, 'benchmark_point_source': 'support_safe_target_policy_draw', 'target_set_size': 100, 'benchmark_z_path': 'data/Z_true.pt', 'projected_bellman_test_risk': 0.0402655154466629, 'oracle_embedding_risk': 0.7929885983467102, 'benchmark_embedding_risk': 0.7929885983467102, 'risk_bellman_final': 0.0528312801284736, 'risk_obj_final': 0.836888313293457, 'B_num_rows': 3084, 'B_num_cols': 800, 'B_min_dim': 800, 'B_numerical_rank': 800, 'B_rank_fraction': 1.0, 'B_rank_tolerance': 4.535045794895609e-05, 'B_stable_rank': 159.23480224609375, 'B_effective_rank': 771.0047911200569, 'B_entropy_rank': 6.6476945877075195, 'B_spectral_norm': 0.12335512787103653, 'B_frobenius_norm': 1.5565969944000244, 'B_nuclear_norm': 42.494869232177734, 'B_condition_number': 4.560548077423663, 'B_condition_number_tol': 4.560548077423663, 'B_smallest_singular_value': 0.02704831212759018, 'B_rank_rel_1em2': 800, 'B_rank_rel_1em3': 800, 'B_rank_rel_1em4': 800}
Benchmark 9 evaluation grid shape: (800, 3)
Replicate 86, benchmark 9 metrics: {'run_id': '86_b9', 'RMSE': 0.10860292806161469, 'MAE': 0.08909302778425626, 'SupNorm': 0.21808218955993652, 'Bias': 0.08563064092653803, 'Corr': 0.9071262365732551, 'deming_slope': 1.5032501827752793, 'deming_intercept': -0.04951441445159943, 'beta_sum': 1.3526731729507446, 'beta_l1': 1.9384523630142212, 'beta_l2': 0.09745270758867264, 'beta_min': -0.006174386478960514, 'beta_max': 0.028802432119846344, 'beta_neg_frac': 0.27125, 'offline_data_id': 86, 'benchmark_id': 9, 'benchmark_point_source': 'support_safe_target_policy_draw', 'target_set_size': 100, 'benchmark_z_path': 'data/Z_true.pt', 'projected_bellman_test_risk': 0.007262737024575472, 'oracle_embedding_risk': 0.7984026670455933, 'benchmark_embedding_risk': 0.7984026670455933, 'risk_bellman_final': 0.0528312801284736, 'risk_obj_final': 0.836888313293457, 'B_num_rows': 3084, 'B_num_cols': 800, 'B_min_dim': 800, 'B_numerical_rank': 800, 'B_rank_fraction': 1.0, 'B_rank_tolerance': 4.535045794895609e-05, 'B_stable_rank': 159.23480224609375, 'B_effective_rank': 771.0047911200569, 'B_entropy_rank': 6.6476945877075195, 'B_spectral_norm': 0.12335512787103653, 'B_frobenius_norm': 1.5565969944000244, 'B_nuclear_norm': 42.494869232177734, 'B_condition_number': 4.560548077423663, 'B_condition_number_tol': 4.560548077423663, 'B_smallest_singular_value': 0.02704831212759018, 'B_rank_rel_1em2': 800, 'B_rank_rel_1em3': 800, 'B_rank_rel_1em4': 800}
Replicate 86 finished in 26.5s
Finished combo 3, offline replicate 86.
