Job ID:    2359236
Array idx: 443
CPUs/node: 64
Mem/node:  131072
Using CC = cc 
Using CXX = CC 
Using FC = ftn 
Using F77 = ftn 
Using F90 = ftn 
cuda/12.6.1 is deprecated; loading cudatoolkit/25.5_12.9 instead.
Using CC = /opt/nvidia/hpc_sdk/Linux_aarch64/25.5/compilers/bin/nvc 
Using CXX = /opt/nvidia/hpc_sdk/Linux_aarch64/25.5/compilers/bin/nvc++ 
Using FC = /opt/nvidia/hpc_sdk/Linux_aarch64/25.5/compilers/bin/nvfortran 
Using F77 = /opt/nvidia/hpc_sdk/Linux_aarch64/25.5/compilers/bin/nvfortran 
Using F90 = /opt/nvidia/hpc_sdk/Linux_aarch64/25.5/compilers/bin/nvfortran 
Using CC = /opt/nvidia/hpc_sdk/Linux_aarch64/25.5/compilers/bin/nvc 
Using CXX = /opt/nvidia/hpc_sdk/Linux_aarch64/25.5/compilers/bin/nvc++ 
Using FC = /opt/nvidia/hpc_sdk/Linux_aarch64/25.5/compilers/bin/nvfortran 
Using F77 = /opt/nvidia/hpc_sdk/Linux_aarch64/25.5/compilers/bin/nvfortran 
Using F90 = /opt/nvidia/hpc_sdk/Linux_aarch64/25.5/compilers/bin/nvfortran 

Lmod is automatically replacing "gcc-native/14" with "gcc/14.2.0".

ghx4
0
Tuning combo id: 4 / 6
Offline replicate id: 43 / 99
Installing ke_drl from git: https://github.com/mehrdadmhmdi/ke-drl.git@main
Collecting git+https://github.com/mehrdadmhmdi/ke-drl.git@main
  Cloning https://github.com/mehrdadmhmdi/ke-drl.git (to revision main) to /tmp/pip-req-build-a43jbds5
  Running command git clone --filter=blob:none --quiet https://github.com/mehrdadmhmdi/ke-drl.git /tmp/pip-req-build-a43jbds5
  Resolved https://github.com/mehrdadmhmdi/ke-drl.git to commit 3c5d570e40ea15b1fbe4817b5f43b64c7b333e82
  Installing build dependencies: started
  Installing build dependencies: finished with status 'done'
  Getting requirements to build wheel: started
  Getting requirements to build wheel: finished with status 'done'
  Preparing metadata (pyproject.toml): started
  Preparing metadata (pyproject.toml): finished with status 'done'
Building wheels for collected packages: ke_drl
  Building wheel for ke_drl (pyproject.toml): started
  Building wheel for ke_drl (pyproject.toml): finished with status 'done'
  Created wheel for ke_drl: filename=ke_drl-0.1.0-py3-none-any.whl size=47219 sha256=6b2bc85e575e7856084e4cb8524d67b1ac88677a023d6ec94fa5a65136534a82
  Stored in directory: /tmp/pip-ephem-wheel-cache-t41h77he/wheels/24/47/ad/9a4ffd3b05d3e90e35ffc6e7324b735b8bfcf5f51aaf29a333
Successfully built ke_drl
Installing collected packages: ke_drl
Successfully installed ke_drl-0.1.0
Installed ke_drl source: /work/nvme/bfez/mehrdad3/DistRL/simulation_3/runs/sim3_global_2358722_4/.kedrl_site_443/ke_drl/__init__.py
Tuning combo 4: kernel_length_1.5
Overrides: {'kernel': {'length_scale': 1.5}}
RUN: /sw/user/python/miniforge3-pytorch-24.11.3/bin/python3 validate_sim_config.py --params params.yaml
ke_drl import source: /work/nvme/bfez/mehrdad3/DistRL/simulation_3/runs/sim3_global_2358722_4/.kedrl_site_443/ke_drl/__init__.py
ke_drl package API OK: prediction weights, RFF operators, rank diagnostics, and best-checkpoint optimizer available
Policy config OK: behavior=uniform, target=logistic, state_dim=5, action_dim=1
Note: policy.logistic.theta_scale/theta_std are log-scale coefficients in Probability_Densities.
Behavior-policy linearized state-process diagnostic: spectral_radius=0.653, offline_burn_in=50
Replicate config OK: num_replicates=100, benchmark points=10 independent of D_i, loss target points=100
Transition reduction OK: method=kmeans, raw rows N(T-1)=12000, target rows about 3000, B rows reduced from 12000 to about 3000
Return-operator approximation OK: method=rff, features=512, exact G avoided for estimated N=12000, m=800, L=100
Fixed benchmark config rows=4 (benchmark.num_points=10; additional points are support-safe target-policy draws if needed)
Fixed benchmark point 0: s_star=[0.6, -0.8, 0.7, -0.5, 0.9], a_star=[0.5]
Fixed benchmark behavior-support interval for configured rows: min_lower=-0.12, max_upper=1.11
Fixed benchmark target-policy location range: [-0.02, 0.14]
Reusing shared data from /work/nvme/bfez/mehrdad3/DistRL/simulation_3/runs/sim3_shared_data/data for offline replicate 43.
RUN: /sw/user/python/miniforge3-pytorch-24.11.3/bin/python3 validate_sim_config.py --params params.yaml --data data/offline_data_43.pt
ke_drl import source: /work/nvme/bfez/mehrdad3/DistRL/simulation_3/runs/sim3_global_2358722_4/.kedrl_site_443/ke_drl/__init__.py
ke_drl package API OK: prediction weights, RFF operators, rank diagnostics, and best-checkpoint optimizer available
Policy config OK: behavior=uniform, target=logistic, state_dim=5, action_dim=1
Note: policy.logistic.theta_scale/theta_std are log-scale coefficients in Probability_Densities.
Behavior-policy linearized state-process diagnostic: spectral_radius=0.653, offline_burn_in=50
Replicate config OK: num_replicates=100, benchmark points=10 independent of D_i, loss target points=100
Transition reduction OK: method=kmeans, raw rows N(T-1)=12000, target rows about 3000, B rows reduced from 12000 to about 3000
Return-operator approximation OK: method=rff, features=512, exact G avoided for estimated N=12000, m=800, L=100
Fixed benchmark config rows=4 (benchmark.num_points=10; additional points are support-safe target-policy draws if needed)
Fixed benchmark point 0: s_star=[0.6, -0.8, 0.7, -0.5, 0.9], a_star=[0.5]
Fixed benchmark behavior-support interval for configured rows: min_lower=-0.12, max_upper=1.11
Fixed benchmark target-policy location range: [-0.02, 0.14]
Full benchmark support check OK: 10 points, min_lower=-2.177, max_upper=2.05
observed behavior actions: mean=0.385, sd=0.6761, q0/q10/q50/q90/q100=[-2.2337775230407715, -0.43560779988765713, 0.32812680304050446, 1.3058144211769105, 2.6445274353027344]
target-policy sampled actions: mean=-0.0354, sd=0.6648, q0/q10/q50/q90/q100=[-2.7154609624402197, -0.8920324575202265, -0.03321938941960537, 0.8205572711845078, 2.438867502480903]
behavior uniform lower: mean=-0.1371, sd=0.6588, q0/q10/q50/q90/q100=[-2.816824245452881, -0.9825536316633224, -0.1341555446386337, 0.7086020189523697, 2.3713999271392825]
behavior uniform upper: mean=0.9155, sd=0.6449, q0/q10/q50/q90/q100=[-0.8995463013648987, 0.07260503433644777, 0.9225743114948273, 1.7471209692955019, 3.3713999271392825]
target location inside behavior uniform support: 0.969
RUN: /sw/user/python/miniforge3-pytorch-24.11.3/bin/python3 main_est.py
# ================================================================ #
#   Global KE-DRL estimation for one offline replicate              #
# ================================================================ #
Slurm Job ID: 2359236
Slurm Array ID: 43 -- used as the offline-replicate id
Offline data id: 43
ke_drl import source: /work/nvme/bfez/mehrdad3/DistRL/simulation_3/runs/sim3_global_2358722_4/.kedrl_site_443/ke_drl/__init__.py
Estimator device: cuda (NVIDIA GH200 120GB, capability 9.0); torch CUDA=13.0
Random seed: 20460555
Number of offline replicates: 100
[transition reduction] enabled: original rows=12000, target basis=3000, method=kmeans, device=cuda
[transition reduction] kmeans iter 1/20, mean center shift=2.7202e-01
[transition reduction] kmeans iter 5/20, mean center shift=5.2092e-03
[transition reduction] kmeans iter 10/20, mean center shift=5.3914e-08
[transition reduction] selected 3079 rows from 12000 transitions (ratio 0.2566); indices saved to data/reduced_transition_indices_43.pt
Data and parameters loaded.
offline path: data/offline_data_43.pt
benchmark true-Z path: data/Z_true.pt
offline shapes after reduction: s0=(3079, 5), a0=(3079, 1), r0=(3079, 3)
transition reduction: {'enabled': True, 'method': 'kmeans', 'original_rows': 12000, 'reduced_rows': 3079, 'selected_indices_path': 'data/reduced_transition_indices_43.pt', 'target_basis': 3000, 'compression_ratio': 0.25658333333333333}
fixed benchmark point source: fixed_config_plus_support_safe_target_policy_draws
benchmark row excluded from this offline data: None
global loss target set shape: s_star=(100, 5), a_star=(100, 1)
benchmark true-Z count=10, shape each=(50000, 3)
target policy: logistic
behavior policy: uniform
lambda_Gamma=0.005, lambda_B=0.02, d_r_method=song
dtype=torch.float32, operator_method=rff, operator_num_features=512
ridge_mode=rkhs, diagnostic_interval=50
mass_anchor_lambda=1.0, target_mass=1.0
uLSIF basis: source=numerator, n_basis=512, lambda_reg=0.005
optimizer stabilizers: lambda_neg=0.0, max_B_norm=None, eta_clip_min=0.0, eta_clip_max=5.0, normalize_eta=True
========================================
Estimating the global KE-DRL mean embedding
torch device=cuda, dtype=torch.float32
Data dims: N=3079, L=100, Ds=5, Da=1, Dr=3
lambda_Gamma=0.005, lambda_B=0.02
return-operator construction: method=rff, rff_features=512
[uLSIF] basis=512/3079 (numerator); eta_hat min=-6.150e-01 max=4.862e+00 neg%=3.86
ESS for eta_plus: 2237.3 / 3079
eta_plus diagnostics: raw_mean=1, raw_min=-0.615, raw_max=4.86; used_mean=1, used_min=0, used_max=4.81
[timing] Z-grid: 0.03s
[timing] K_X: 0.00s
[timing] K_plus: 0.00s
[timing] k_star: 0.00s
[timing] Gamma_stack: 0.01s
[timing] Phi_stack: 0.00s
[timing] RFF feature sample: 0.00s
[timing] K_Z RFF: 0.00s
[timing] G_stack RFF: 0.01s
[timing] H_stack RFF: 0.01s
findfont: Font family 'Nimbus Roman' not found.
findfont: Font family 'Nimbus Roman' not found.
findfont: Font family 'Nimbus Roman' not found.
findfont: Font family 'Nimbus Roman' not found.
findfont: Font family 'Nimbus Roman' not found.
findfont: Font family 'Nimbus Roman' not found.
findfont: Font family 'Nimbus Roman' not found.
findfont: Font family 'Nimbus Roman' not found.
findfont: Font family 'Nimbus Roman' not found.
findfont: Font family 'Nimbus Roman' not found.
findfont: Font family 'Nimbus Roman' not found.
findfont: Font family 'Nimbus Roman' not found.
findfont: Font family 'Nimbus Roman' not found.
findfont: Font family 'Nimbus Roman' not found.
findfont: Font family 'Nimbus Roman' not found.
findfont: Font family 'Nimbus Roman' not found.
findfont: Font family 'Nimbus Roman' not found.
findfont: Font family 'Nimbus Roman' not found.
findfont: Font family 'Nimbus Roman' not found.
findfont: Font family 'Nimbus Roman' not found.
findfont: Font family 'Nimbus Roman' not found.
findfont: Font family 'Nimbus Roman' not found.
findfont: Font family 'Nimbus Roman' not found.
findfont: Font family 'Nimbus Roman' not found.
findfont: Font family 'Nimbus Roman' not found.
findfont: Font family 'Nimbus Roman' not found.
findfont: Font family 'Nimbus Roman' not found.
findfont: Font family 'Nimbus Roman' not found.
findfont: Font family 'Nimbus Roman' not found.
findfont: Font family 'Nimbus Roman' not found.
findfont: Font family 'Nimbus Roman' not found.
findfont: Font family 'Nimbus Roman' not found.
findfont: Font family 'Nimbus Roman' not found.
findfont: Font family 'Nimbus Roman' not found.
findfont: Font family 'Nimbus Roman' not found.
findfont: Font family 'Nimbus Roman' not found.
findfont: Font family 'Nimbus Roman' not found.
findfont: Font family 'Nimbus Roman' not found.
findfont: Font family 'Nimbus Roman' not found.
findfont: Font family 'Nimbus Roman' not found.
findfont: Font family 'Nimbus Roman' not found.
findfont: Font family 'Nimbus Roman' not found.
findfont: Font family 'Nimbus Roman' not found.
findfont: Font family 'Nimbus Roman' not found.
findfont: Font family 'Nimbus Roman' not found.
findfont: Font family ['Nimbus Roman'] not found. Falling back to DejaVu Sans.
findfont: Font family 'Nimbus Roman' not found.
findfont: Font family ['Nimbus Roman'] not found. Falling back to DejaVu Sans.
findfont: Font family 'Nimbus Roman' not found.
findfont: Font family 'Nimbus Roman' not found.
findfont: Font family 'Nimbus Roman' not found.
findfont: Font family 'Nimbus Roman' not found.
findfont: Font family 'Nimbus Roman' not found.
findfont: Font family 'Nimbus Roman' not found.
findfont: Font family 'Nimbus Roman' not found.
findfont: Font family 'Nimbus Roman' not found.
findfont: Font family 'Nimbus Roman' not found.
findfont: Font family 'Nimbus Roman' not found.
findfont: Font family 'Nimbus Roman' not found.
findfont: Font family 'Nimbus Roman' not found.
findfont: Font family ['Nimbus Roman'] not found. Falling back to DejaVu Sans.
findfont: Font family 'Nimbus Roman' not found.
findfont: Font family 'Nimbus Roman' not found.
findfont: Font family 'Nimbus Roman' not found.
findfont: Font family 'Nimbus Roman' not found.
findfont: Font family 'Nimbus Roman' not found.
findfont: Font family 'Nimbus Roman' not found.
findfont: Font family 'Nimbus Roman' not found.
findfont: Font family 'Nimbus Roman' not found.
findfont: Font family 'Nimbus Roman' not found.
findfont: Font family 'Nimbus Roman' not found.
findfont: Font family 'Nimbus Roman' not found.
findfont: Font family 'Nimbus Roman' not found.
findfont: Font family 'Nimbus Roman' not found.
findfont: Font family 'Nimbus Roman' not found.
findfont: Font family 'Nimbus Roman' not found.
findfont: Font family 'Nimbus Roman' not found.
findfont: Font family 'Nimbus Roman' not found.
findfont: Font family 'Nimbus Roman' not found.
findfont: Font family 'Nimbus Roman' not found.
findfont: Font family 'Nimbus Roman' not found.
findfont: Font family 'Nimbus Roman' not found.
findfont: Font family 'Nimbus Roman' not found.
findfont: Font family 'Nimbus Roman' not found.
findfont: Font family 'Nimbus Roman' not found.
findfont: Font family 'Nimbus Roman' not found.
findfont: Font family 'Nimbus Roman' not found.
findfont: Font family 'Nimbus Roman' not found.
findfont: Font family 'Nimbus Roman' not found.
findfont: Font family 'Nimbus Roman' not found.
findfont: Font family 'Nimbus Roman' not found.
findfont: Font family 'Nimbus Roman' not found.
findfont: Font family 'Nimbus Roman' not found.
findfont: Font family 'Nimbus Roman' not found.
findfont: Font family 'Nimbus Roman' not found.
findfont: Font family 'Nimbus Roman' not found.
findfont: Font family 'Nimbus Roman' not found.
findfont: Font family 'Nimbus Roman' not found.
findfont: Font family 'Nimbus Roman' not found.
findfont: Font family 'Nimbus Roman' not found.
findfont: Font family 'Nimbus Roman' not found.
findfont: Font family 'Nimbus Roman' not found.
findfont: Font family 'Nimbus Roman' not found.
findfont: Font family 'Nimbus Roman' not found.
findfont: Font family 'Nimbus Roman' not found.
findfont: Font family 'Nimbus Roman' not found.
findfont: Font family 'Nimbus Roman' not found.
findfont: Font family 'Nimbus Roman' not found.
findfont: Font family 'Nimbus Roman' not found.
findfont: Font family 'Nimbus Roman' not found.
findfont: Font family 'Nimbus Roman' not found.
findfont: Font family 'Nimbus Roman' not found.
findfont: Font family 'Nimbus Roman' not found.
findfont: Font family 'Nimbus Roman' not found.
findfont: Font family 'Nimbus Roman' not found.
findfont: Font family 'Nimbus Roman' not found.
findfont: Font family 'Nimbus Roman' not found.
findfont: Font family 'Nimbus Roman' not found.
findfont: Font family 'Nimbus Roman' not found.
findfont: Font family 'Nimbus Roman' not found.
findfont: Font family 'Nimbus Roman' not found.
findfont: Font family 'Nimbus Roman' not found.
findfont: Font family 'Nimbus Roman' not found.
findfont: Font family 'Nimbus Roman' not found.
findfont: Font family 'Nimbus Roman' not found.
findfont: Font family 'Nimbus Roman' not found.
findfont: Font family 'Nimbus Roman' not found.
findfont: Font family 'Nimbus Roman' not found.
findfont: Font family 'Nimbus Roman' not found.
findfont: Font family 'Nimbus Roman' not found.
findfont: Font family 'Nimbus Roman' not found.
findfont: Font family 'Nimbus Roman' not found.
findfont: Font family 'Nimbus Roman' not found.
findfont: Font family 'Nimbus Roman' not found.
findfont: Font family 'Nimbus Roman' not found.
findfont: Font family 'Nimbus Roman' not found.
findfont: Font family 'Nimbus Roman' not found.
findfont: Font family 'Nimbus Roman' not found.
findfont: Font family 'Nimbus Roman' not found.
findfont: Font family 'Nimbus Roman' not found.
findfont: Font family 'Nimbus Roman' not found.
findfont: Font family 'Nimbus Roman' not found.
findfont: Font family 'Nimbus Roman' not found.
Ridge mode: rkhs; diagnostic interval: 50
Iter 1/4000 | log_obj=1.132e+01 | log_Bellman_root=4.264e+00 | mass=7.72e+04 | neg=0.00e+00 | grad=4.09e+02
Iter 400/4000 | log_obj=6.961e+00 | log_Bellman_root=2.087e+00 | mass=9.90e+02 | neg=0.00e+00 | grad=2.63e+04
Iter 800/4000 | log_obj=6.370e+00 | log_Bellman_root=1.784e+00 | mass=5.49e+02 | neg=0.00e+00 | grad=5.35e+04
Iter 1200/4000 | log_obj=6.833e+00 | log_Bellman_root=2.016e+00 | mass=8.71e+02 | neg=0.00e+00 | grad=1.84e+04
Iter 1600/4000 | log_obj=2.997e+00 | log_Bellman_root=8.752e-02 | mass=1.88e+01 | neg=0.00e+00 | grad=6.67e+03
Iter 2000/4000 | log_obj=2.988e+00 | log_Bellman_root=8.375e-02 | mass=1.86e+01 | neg=0.00e+00 | grad=6.65e+03
Iter 2400/4000 | log_obj=2.982e+00 | log_Bellman_root=8.131e-02 | mass=1.85e+01 | neg=0.00e+00 | grad=6.63e+03
Iter 2800/4000 | log_obj=2.978e+00 | log_Bellman_root=7.961e-02 | mass=1.85e+01 | neg=0.00e+00 | grad=6.62e+03
Iter 3200/4000 | log_obj=2.975e+00 | log_Bellman_root=7.843e-02 | mass=1.84e+01 | neg=0.00e+00 | grad=6.61e+03
Iter 3600/4000 | log_obj=2.972e+00 | log_Bellman_root=7.750e-02 | mass=1.84e+01 | neg=0.00e+00 | grad=6.60e+03
Iter 4000/4000 | log_obj=2.970e+00 | log_Bellman_root=7.680e-02 | mass=1.83e+01 | neg=0.00e+00 | grad=6.60e+03
Done in 10.80s.
KE-DRL global estimation is done.
B_hat shape: (3079, 800)
B_hat rank diagnostics: {'B_num_rows': 3079, 'B_num_cols': 800, 'B_min_dim': 800, 'B_numerical_rank': 800, 'B_rank_fraction': 1.0, 'B_rank_tolerance': 3.041471401132867e-05, 'B_stable_rank': 356.3503723144531, 'B_effective_rank': 771.6852321080956, 'B_entropy_rank': 6.648576736450195, 'B_spectral_norm': 0.08286362886428833, 'B_frobenius_norm': 1.5642369985580444, 'B_nuclear_norm': 42.74891662597656, 'B_condition_number': 3.043502163840541, 'B_condition_number_tol': 3.043502163840541, 'B_smallest_singular_value': 0.027226407080888748, 'B_rank_rel_1em2': 800, 'B_rank_rel_1em3': 800, 'B_rank_rel_1em4': 800}
Global-loss target mass diagnostics: {'target_mass_mean': -3.119546890258789, 'target_mass_min': -5.1125922203063965, 'target_mass_max': -0.18720440566539764, 'target_mass_sd': 1.1670145988464355, 'target_mass_rmse_to_target': 4.28006649017334, 'target_beta_min': -0.020091429352760315, 'target_beta_max': 0.046769771724939346, 'target_neg_frac_mean': 0.83205}
Return dictionary Z_grid shape: (800, 3)
Replicate 43 risk metrics: {'risk_n_steps_recorded': 81.0, 'risk_n_diagnostics_recorded': 81.0, 'risk_log_obj_initial': 11.317855428027228, 'risk_log_obj_final': 2.970466207176043, 'risk_log_obj_min': 2.970466207176043, 'risk_obj_initial': 82277.70312499993, 'risk_obj_final': 19.501008987426758, 'risk_obj_min': 19.501008987426758, 'risk_log_obj_drop': 8.347389220851184, 'risk_log_bellman_root_initial': 4.264334515809582, 'risk_log_bellman_root_final': 0.07680146014695753, 'risk_log_bellman_root_min': 0.07680146014695753, 'risk_bellman_root_initial': 71.11757659912108, 'risk_bellman_root_final': 1.0798276662826538, 'risk_bellman_root_min': 1.0798276662826538, 'risk_bellman_initial': 5057.709701331854, 'risk_bellman_final': 1.1660277888694424, 'risk_bellman_min': 1.1660277888694424, 'risk_log_bellman_root_drop': 4.187533055662624, 'risk_bellman_returned': 1.1660276651382446, 'risk_obj_returned': 19.501008987426758, 'risk_returned_step': 4000.0, 'offline_data_id': 43, 'benchmark_point_source': 'fixed_config_plus_support_safe_target_policy_draws', 'target_set_size': 100, 'lambda_reg': 0.005, 'lambda_B': 0.02, 'num_steps': 4000, 'transition_reduction_enabled': 1, 'transition_reduction_method': 'kmeans', 'transition_original_rows': 12000, 'transition_reduced_rows': 3079, 'transition_compression_ratio': 0.25658333333333333, 'target_mass_mean': -3.119546890258789, 'target_mass_min': -5.1125922203063965, 'target_mass_max': -0.18720440566539764, 'target_mass_sd': 1.1670145988464355, 'target_mass_rmse_to_target': 4.28006649017334, 'target_beta_min': -0.020091429352760315, 'target_beta_max': 0.046769771724939346, 'target_neg_frac_mean': 0.83205, 'B_num_rows': 3079, 'B_num_cols': 800, 'B_min_dim': 800, 'B_numerical_rank': 800, 'B_rank_fraction': 1.0, 'B_rank_tolerance': 3.041471401132867e-05, 'B_stable_rank': 356.3503723144531, 'B_effective_rank': 771.6852321080956, 'B_entropy_rank': 6.648576736450195, 'B_spectral_norm': 0.08286362886428833, 'B_frobenius_norm': 1.5642369985580444, 'B_nuclear_norm': 42.74891662597656, 'B_condition_number': 3.043502163840541, 'B_condition_number_tol': 3.043502163840541, 'B_smallest_singular_value': 0.027226407080888748, 'B_rank_rel_1em2': 800, 'B_rank_rel_1em3': 800, 'B_rank_rel_1em4': 800, 'risk_objective_final_raw': 19.501008987426758, 'risk_objective_min_raw': 19.501008987426758, 'risk_objective_max_raw': 82277.703125, 'risk_bellman_final_raw': 1.1660276651382446, 'risk_bellman_min_raw': 1.1660276651382446, 'risk_bellman_max_raw': 5057.70947265625, 'risk_rkhs_ridge_final_raw': 0.01601206697523594, 'risk_rkhs_ridge_min_raw': 0.01601206697523594, 'risk_rkhs_ridge_max_raw': 4.97428560256958, 'risk_mass_final_raw': 18.3189697265625, 'risk_mass_min_raw': 18.3189697265625, 'risk_mass_max_raw': 77215.015625, 'risk_negativity_final_raw': 0.0, 'risk_negativity_min_raw': 0.0, 'risk_negativity_max_raw': 0.0, 'risk_B_norm_final_raw': 1.5640617609024048, 'risk_B_norm_min_raw': 1.5640617609024048, 'risk_B_norm_max_raw': 1.6370346546173096, 'risk_diagnostic_step_final_raw': 4000.0, 'risk_diagnostic_step_min_raw': 1.0, 'risk_diagnostic_step_max_raw': 4000.0, 'risk_best_step_final_raw': 4000.0, 'risk_best_step_min_raw': 4000.0, 'risk_best_step_max_raw': 4000.0, 'risk_best_objective_final_raw': 19.501008987426758, 'risk_best_objective_min_raw': 19.501008987426758, 'risk_best_objective_max_raw': 19.501008987426758, 'risk_best_bellman_final_raw': 1.1660276651382446, 'risk_best_bellman_min_raw': 1.1660276651382446, 'risk_best_bellman_max_raw': 1.1660276651382446, 'risk_returned_step_final_raw': 4000.0, 'risk_returned_step_min_raw': 4000.0, 'risk_returned_step_max_raw': 4000.0, 'risk_returned_objective_final_raw': 19.501008987426758, 'risk_returned_objective_min_raw': 19.501008987426758, 'risk_returned_objective_max_raw': 19.501008987426758, 'risk_returned_bellman_final_raw': 1.1660276651382446, 'risk_returned_bellman_min_raw': 1.1660276651382446, 'risk_returned_bellman_max_raw': 1.1660276651382446, 'risk_returned_best_checkpoint_final_raw': 1.0, 'risk_returned_best_checkpoint_min_raw': 1.0, 'risk_returned_best_checkpoint_max_raw': 1.0}
Benchmark 0 evaluation grid shape: (800, 3)
Replicate 43, benchmark 0 metrics: {'run_id': '43_b0', 'RMSE': 1.6480785590574396, 'MAE': 1.5490487990563269, 'SupNorm': 2.6537561416625977, 'Bias': -1.5490487990563269, 'Corr': -0.4027790740018352, 'deming_slope': -10.868780964328526, 'deming_intercept': 3.9482598039479155, 'beta_sum': -2.7679662704467773, 'beta_l1': 3.7468132972717285, 'beta_l2': 0.1598367542028427, 'beta_min': -0.01426059752702713, 'beta_max': 0.017330903559923172, 'beta_neg_frac': 0.7875, 'offline_data_id': 43, 'benchmark_id': 0, 'benchmark_point_source': 'fixed_config', 'target_set_size': 100, 'benchmark_z_path': 'data/Z_true.pt', 'projected_bellman_test_risk': 0.14195790886878967, 'oracle_embedding_risk': 8.20251178741455, 'benchmark_embedding_risk': 8.20251178741455, 'risk_bellman_final': 1.1660277888694424, 'risk_obj_final': 19.501008987426758, 'B_num_rows': 3079, 'B_num_cols': 800, 'B_min_dim': 800, 'B_numerical_rank': 800, 'B_rank_fraction': 1.0, 'B_rank_tolerance': 3.041471401132867e-05, 'B_stable_rank': 356.3503723144531, 'B_effective_rank': 771.6852321080956, 'B_entropy_rank': 6.648576736450195, 'B_spectral_norm': 0.08286362886428833, 'B_frobenius_norm': 1.5642369985580444, 'B_nuclear_norm': 42.74891662597656, 'B_condition_number': 3.043502163840541, 'B_condition_number_tol': 3.043502163840541, 'B_smallest_singular_value': 0.027226407080888748, 'B_rank_rel_1em2': 800, 'B_rank_rel_1em3': 800, 'B_rank_rel_1em4': 800}
Saved ./mu/mu_hat.csv shape=(800,)
Saved ./mu/mu2D_hat_dims01.csv shape=(120, 120)
Saved ./mu/mu2D_hat_dims01.csv shape=(120, 120)
Saved plots/replicate_43/mu_3D.png
Benchmark 1 evaluation grid shape: (800, 3)
Replicate 43, benchmark 1 metrics: {'run_id': '43_b1', 'RMSE': 3.3064723487178083, 'MAE': 3.1905564967542888, 'SupNorm': 4.593283593654633, 'Bias': -3.1905564967542888, 'Corr': -0.9953857418044245, 'deming_slope': -6.680911250680054, 'deming_intercept': 0.35002909929728476, 'beta_sum': -5.134052276611328, 'beta_l1': 5.2514448165893555, 'beta_l2': 0.200149267911911, 'beta_min': -0.014800690114498138, 'beta_max': 0.007185815833508968, 'beta_neg_frac': 0.97, 'offline_data_id': 43, 'benchmark_id': 1, 'benchmark_point_source': 'fixed_config', 'target_set_size': 100, 'benchmark_z_path': 'data/Z_true.pt', 'projected_bellman_test_risk': 0.977616012096405, 'oracle_embedding_risk': 23.050357818603516, 'benchmark_embedding_risk': 23.050357818603516, 'risk_bellman_final': 1.1660277888694424, 'risk_obj_final': 19.501008987426758, 'B_num_rows': 3079, 'B_num_cols': 800, 'B_min_dim': 800, 'B_numerical_rank': 800, 'B_rank_fraction': 1.0, 'B_rank_tolerance': 3.041471401132867e-05, 'B_stable_rank': 356.3503723144531, 'B_effective_rank': 771.6852321080956, 'B_entropy_rank': 6.648576736450195, 'B_spectral_norm': 0.08286362886428833, 'B_frobenius_norm': 1.5642369985580444, 'B_nuclear_norm': 42.74891662597656, 'B_condition_number': 3.043502163840541, 'B_condition_number_tol': 3.043502163840541, 'B_smallest_singular_value': 0.027226407080888748, 'B_rank_rel_1em2': 800, 'B_rank_rel_1em3': 800, 'B_rank_rel_1em4': 800}
Benchmark 2 evaluation grid shape: (800, 3)
Replicate 43, benchmark 2 metrics: {'run_id': '43_b2', 'RMSE': 3.1840093552580266, 'MAE': 3.077934716793243, 'SupNorm': 4.414505064487457, 'Bias': -3.077934716793243, 'Corr': -0.9094156539008218, 'deming_slope': -7.308431796995136, 'deming_intercept': 0.8305817041806973, 'beta_sum': -4.927352428436279, 'beta_l1': 5.071930885314941, 'beta_l2': 0.19630710780620575, 'beta_min': -0.01571405678987503, 'beta_max': 0.006758257746696472, 'beta_neg_frac': 0.96125, 'offline_data_id': 43, 'benchmark_id': 2, 'benchmark_point_source': 'fixed_config', 'target_set_size': 100, 'benchmark_z_path': 'data/Z_true.pt', 'projected_bellman_test_risk': 0.6516550183296204, 'oracle_embedding_risk': 21.354907989501953, 'benchmark_embedding_risk': 21.354907989501953, 'risk_bellman_final': 1.1660277888694424, 'risk_obj_final': 19.501008987426758, 'B_num_rows': 3079, 'B_num_cols': 800, 'B_min_dim': 800, 'B_numerical_rank': 800, 'B_rank_fraction': 1.0, 'B_rank_tolerance': 3.041471401132867e-05, 'B_stable_rank': 356.3503723144531, 'B_effective_rank': 771.6852321080956, 'B_entropy_rank': 6.648576736450195, 'B_spectral_norm': 0.08286362886428833, 'B_frobenius_norm': 1.5642369985580444, 'B_nuclear_norm': 42.74891662597656, 'B_condition_number': 3.043502163840541, 'B_condition_number_tol': 3.043502163840541, 'B_smallest_singular_value': 0.027226407080888748, 'B_rank_rel_1em2': 800, 'B_rank_rel_1em3': 800, 'B_rank_rel_1em4': 800}
Benchmark 3 evaluation grid shape: (800, 3)
Replicate 43, benchmark 3 metrics: {'run_id': '43_b3', 'RMSE': 3.151156241968071, 'MAE': 3.035410209153779, 'SupNorm': 4.418852925300598, 'Bias': -3.035410209153779, 'Corr': -0.9397965191772106, 'deming_slope': -7.03050435106336, 'deming_intercept': 0.6572070974401285, 'beta_sum': -4.953709602355957, 'beta_l1': 5.1158528327941895, 'beta_l2': 0.19762083888053894, 'beta_min': -0.014666986651718616, 'beta_max': 0.006941506639122963, 'beta_neg_frac': 0.95625, 'offline_data_id': 43, 'benchmark_id': 3, 'benchmark_point_source': 'fixed_config', 'target_set_size': 100, 'benchmark_z_path': 'data/Z_true.pt', 'projected_bellman_test_risk': 0.6933928728103638, 'oracle_embedding_risk': 21.57030487060547, 'benchmark_embedding_risk': 21.57030487060547, 'risk_bellman_final': 1.1660277888694424, 'risk_obj_final': 19.501008987426758, 'B_num_rows': 3079, 'B_num_cols': 800, 'B_min_dim': 800, 'B_numerical_rank': 800, 'B_rank_fraction': 1.0, 'B_rank_tolerance': 3.041471401132867e-05, 'B_stable_rank': 356.3503723144531, 'B_effective_rank': 771.6852321080956, 'B_entropy_rank': 6.648576736450195, 'B_spectral_norm': 0.08286362886428833, 'B_frobenius_norm': 1.5642369985580444, 'B_nuclear_norm': 42.74891662597656, 'B_condition_number': 3.043502163840541, 'B_condition_number_tol': 3.043502163840541, 'B_smallest_singular_value': 0.027226407080888748, 'B_rank_rel_1em2': 800, 'B_rank_rel_1em3': 800, 'B_rank_rel_1em4': 800}
Benchmark 4 evaluation grid shape: (800, 3)
Replicate 43, benchmark 4 metrics: {'run_id': '43_b4', 'RMSE': 1.0670815939662113, 'MAE': 0.9769757366260455, 'SupNorm': 2.089699238538742, 'Bias': -0.9769757366260455, 'Corr': -0.04368742271662701, 'deming_slope': -78.74655925296473, 'deming_intercept': 36.37279222537654, 'beta_sum': -1.9541127681732178, 'beta_l1': 3.6725423336029053, 'beta_l2': 0.1688837856054306, 'beta_min': -0.014967933297157288, 'beta_max': 0.035440899431705475, 'beta_neg_frac': 0.74875, 'offline_data_id': 43, 'benchmark_id': 4, 'benchmark_point_source': 'support_safe_target_policy_draw', 'target_set_size': 100, 'benchmark_z_path': 'data/Z_true.pt', 'projected_bellman_test_risk': 0.03289616107940674, 'oracle_embedding_risk': 5.455462455749512, 'benchmark_embedding_risk': 5.455462455749512, 'risk_bellman_final': 1.1660277888694424, 'risk_obj_final': 19.501008987426758, 'B_num_rows': 3079, 'B_num_cols': 800, 'B_min_dim': 800, 'B_numerical_rank': 800, 'B_rank_fraction': 1.0, 'B_rank_tolerance': 3.041471401132867e-05, 'B_stable_rank': 356.3503723144531, 'B_effective_rank': 771.6852321080956, 'B_entropy_rank': 6.648576736450195, 'B_spectral_norm': 0.08286362886428833, 'B_frobenius_norm': 1.5642369985580444, 'B_nuclear_norm': 42.74891662597656, 'B_condition_number': 3.043502163840541, 'B_condition_number_tol': 3.043502163840541, 'B_smallest_singular_value': 0.027226407080888748, 'B_rank_rel_1em2': 800, 'B_rank_rel_1em3': 800, 'B_rank_rel_1em4': 800}
Benchmark 5 evaluation grid shape: (800, 3)
Replicate 43, benchmark 5 metrics: {'run_id': '43_b5', 'RMSE': 0.5495527954613774, 'MAE': 0.5333444011436222, 'SupNorm': 0.7551439553499222, 'Bias': -0.5333444011436222, 'Corr': -0.08184940139625069, 'deming_slope': -0.07780725842276125, 'deming_intercept': -0.039946604614724206, 'beta_sum': -0.2819347381591797, 'beta_l1': 1.3658249378204346, 'beta_l2': 0.06013281270861626, 'beta_min': -0.007332346402108669, 'beta_max': 0.006227403879165649, 'beta_neg_frac': 0.58125, 'offline_data_id': 43, 'benchmark_id': 5, 'benchmark_point_source': 'support_safe_target_policy_draw', 'target_set_size': 100, 'benchmark_z_path': 'data/Z_true.pt', 'projected_bellman_test_risk': 0.055210988968610764, 'oracle_embedding_risk': 1.2590997219085693, 'benchmark_embedding_risk': 1.2590997219085693, 'risk_bellman_final': 1.1660277888694424, 'risk_obj_final': 19.501008987426758, 'B_num_rows': 3079, 'B_num_cols': 800, 'B_min_dim': 800, 'B_numerical_rank': 800, 'B_rank_fraction': 1.0, 'B_rank_tolerance': 3.041471401132867e-05, 'B_stable_rank': 356.3503723144531, 'B_effective_rank': 771.6852321080956, 'B_entropy_rank': 6.648576736450195, 'B_spectral_norm': 0.08286362886428833, 'B_frobenius_norm': 1.5642369985580444, 'B_nuclear_norm': 42.74891662597656, 'B_condition_number': 3.043502163840541, 'B_condition_number_tol': 3.043502163840541, 'B_smallest_singular_value': 0.027226407080888748, 'B_rank_rel_1em2': 800, 'B_rank_rel_1em3': 800, 'B_rank_rel_1em4': 800}
Benchmark 6 evaluation grid shape: (800, 3)
Replicate 43, benchmark 6 metrics: {'run_id': '43_b6', 'RMSE': 2.2022260590936513, 'MAE': 2.094558317712508, 'SupNorm': 3.306665539741516, 'Bias': -2.094558317712508, 'Corr': -0.6092424985988214, 'deming_slope': -8.712669268350735, 'deming_intercept': 2.4231508289205994, 'beta_sum': -3.562549591064453, 'beta_l1': 4.149633407592773, 'beta_l2': 0.17525948584079742, 'beta_min': -0.01688772812485695, 'beta_max': 0.013226160779595375, 'beta_neg_frac': 0.85625, 'offline_data_id': 43, 'benchmark_id': 6, 'benchmark_point_source': 'support_safe_target_policy_draw', 'target_set_size': 100, 'benchmark_z_path': 'data/Z_true.pt', 'projected_bellman_test_risk': 0.02847016230225563, 'oracle_embedding_risk': 12.329615592956543, 'benchmark_embedding_risk': 12.329615592956543, 'risk_bellman_final': 1.1660277888694424, 'risk_obj_final': 19.501008987426758, 'B_num_rows': 3079, 'B_num_cols': 800, 'B_min_dim': 800, 'B_numerical_rank': 800, 'B_rank_fraction': 1.0, 'B_rank_tolerance': 3.041471401132867e-05, 'B_stable_rank': 356.3503723144531, 'B_effective_rank': 771.6852321080956, 'B_entropy_rank': 6.648576736450195, 'B_spectral_norm': 0.08286362886428833, 'B_frobenius_norm': 1.5642369985580444, 'B_nuclear_norm': 42.74891662597656, 'B_condition_number': 3.043502163840541, 'B_condition_number_tol': 3.043502163840541, 'B_smallest_singular_value': 0.027226407080888748, 'B_rank_rel_1em2': 800, 'B_rank_rel_1em3': 800, 'B_rank_rel_1em4': 800}
Benchmark 7 evaluation grid shape: (800, 3)
Replicate 43, benchmark 7 metrics: {'run_id': '43_b7', 'RMSE': 2.111265207208708, 'MAE': 1.9857881367532537, 'SupNorm': 3.3794992566108704, 'Bias': -1.9857881367532537, 'Corr': -0.4992419673687508, 'deming_slope': -11.749064081724596, 'deming_intercept': 3.9134012652720935, 'beta_sum': -3.53013277053833, 'beta_l1': 4.353426933288574, 'beta_l2': 0.18179869651794434, 'beta_min': -0.014452364295721054, 'beta_max': 0.02539154142141342, 'beta_neg_frac': 0.89, 'offline_data_id': 43, 'benchmark_id': 7, 'benchmark_point_source': 'support_safe_target_policy_draw', 'target_set_size': 100, 'benchmark_z_path': 'data/Z_true.pt', 'projected_bellman_test_risk': 0.2688332200050354, 'oracle_embedding_risk': 12.80453109741211, 'benchmark_embedding_risk': 12.80453109741211, 'risk_bellman_final': 1.1660277888694424, 'risk_obj_final': 19.501008987426758, 'B_num_rows': 3079, 'B_num_cols': 800, 'B_min_dim': 800, 'B_numerical_rank': 800, 'B_rank_fraction': 1.0, 'B_rank_tolerance': 3.041471401132867e-05, 'B_stable_rank': 356.3503723144531, 'B_effective_rank': 771.6852321080956, 'B_entropy_rank': 6.648576736450195, 'B_spectral_norm': 0.08286362886428833, 'B_frobenius_norm': 1.5642369985580444, 'B_nuclear_norm': 42.74891662597656, 'B_condition_number': 3.043502163840541, 'B_condition_number_tol': 3.043502163840541, 'B_smallest_singular_value': 0.027226407080888748, 'B_rank_rel_1em2': 800, 'B_rank_rel_1em3': 800, 'B_rank_rel_1em4': 800}
Benchmark 8 evaluation grid shape: (800, 3)
Replicate 43, benchmark 8 metrics: {'run_id': '43_b8', 'RMSE': 1.3679258552066267, 'MAE': 1.2967862576816698, 'SupNorm': 2.1365522146224976, 'Bias': -1.2967862576816698, 'Corr': -0.5183374950863551, 'deming_slope': -5.769425824470346, 'deming_intercept': 1.8236429325282097, 'beta_sum': -1.9649533033370972, 'beta_l1': 3.2319798469543457, 'beta_l2': 0.14162276685237885, 'beta_min': -0.01445610262453556, 'beta_max': 0.018446361646056175, 'beta_neg_frac': 0.74625, 'offline_data_id': 43, 'benchmark_id': 8, 'benchmark_point_source': 'support_safe_target_policy_draw', 'target_set_size': 100, 'benchmark_z_path': 'data/Z_true.pt', 'projected_bellman_test_risk': 0.2019471824169159, 'oracle_embedding_risk': 5.449522972106934, 'benchmark_embedding_risk': 5.449522972106934, 'risk_bellman_final': 1.1660277888694424, 'risk_obj_final': 19.501008987426758, 'B_num_rows': 3079, 'B_num_cols': 800, 'B_min_dim': 800, 'B_numerical_rank': 800, 'B_rank_fraction': 1.0, 'B_rank_tolerance': 3.041471401132867e-05, 'B_stable_rank': 356.3503723144531, 'B_effective_rank': 771.6852321080956, 'B_entropy_rank': 6.648576736450195, 'B_spectral_norm': 0.08286362886428833, 'B_frobenius_norm': 1.5642369985580444, 'B_nuclear_norm': 42.74891662597656, 'B_condition_number': 3.043502163840541, 'B_condition_number_tol': 3.043502163840541, 'B_smallest_singular_value': 0.027226407080888748, 'B_rank_rel_1em2': 800, 'B_rank_rel_1em3': 800, 'B_rank_rel_1em4': 800}
Benchmark 9 evaluation grid shape: (800, 3)
Replicate 43, benchmark 9 metrics: {'run_id': '43_b9', 'RMSE': 2.242379720335037, 'MAE': 2.1187247895170005, 'SupNorm': 3.4111796021461487, 'Bias': -2.1187247895170005, 'Corr': -0.5837322803885007, 'deming_slope': -10.01080903078434, 'deming_intercept': 3.027059981253572, 'beta_sum': -3.5377326011657715, 'beta_l1': 4.350283145904541, 'beta_l2': 0.18210695683956146, 'beta_min': -0.015321813523769379, 'beta_max': 0.023219387978315353, 'beta_neg_frac': 0.8675, 'offline_data_id': 43, 'benchmark_id': 9, 'benchmark_point_source': 'support_safe_target_policy_draw', 'target_set_size': 100, 'benchmark_z_path': 'data/Z_true.pt', 'projected_bellman_test_risk': 0.06725999712944031, 'oracle_embedding_risk': 12.974163055419922, 'benchmark_embedding_risk': 12.974163055419922, 'risk_bellman_final': 1.1660277888694424, 'risk_obj_final': 19.501008987426758, 'B_num_rows': 3079, 'B_num_cols': 800, 'B_min_dim': 800, 'B_numerical_rank': 800, 'B_rank_fraction': 1.0, 'B_rank_tolerance': 3.041471401132867e-05, 'B_stable_rank': 356.3503723144531, 'B_effective_rank': 771.6852321080956, 'B_entropy_rank': 6.648576736450195, 'B_spectral_norm': 0.08286362886428833, 'B_frobenius_norm': 1.5642369985580444, 'B_nuclear_norm': 42.74891662597656, 'B_condition_number': 3.043502163840541, 'B_condition_number_tol': 3.043502163840541, 'B_smallest_singular_value': 0.027226407080888748, 'B_rank_rel_1em2': 800, 'B_rank_rel_1em3': 800, 'B_rank_rel_1em4': 800}
Replicate 43 finished in 19.7s
Finished combo 4, offline replicate 43.
