Job ID:    2359456
Array idx: 636
CPUs/node: 64
Mem/node:  131072
Using CC = cc 
Using CXX = CC 
Using FC = ftn 
Using F77 = ftn 
Using F90 = ftn 
cuda/12.6.1 is deprecated; loading cudatoolkit/25.5_12.9 instead.
Using CC = /opt/nvidia/hpc_sdk/Linux_aarch64/25.5/compilers/bin/nvc 
Using CXX = /opt/nvidia/hpc_sdk/Linux_aarch64/25.5/compilers/bin/nvc++ 
Using FC = /opt/nvidia/hpc_sdk/Linux_aarch64/25.5/compilers/bin/nvfortran 
Using F77 = /opt/nvidia/hpc_sdk/Linux_aarch64/25.5/compilers/bin/nvfortran 
Using F90 = /opt/nvidia/hpc_sdk/Linux_aarch64/25.5/compilers/bin/nvfortran 
Using CC = /opt/nvidia/hpc_sdk/Linux_aarch64/25.5/compilers/bin/nvc 
Using CXX = /opt/nvidia/hpc_sdk/Linux_aarch64/25.5/compilers/bin/nvc++ 
Using FC = /opt/nvidia/hpc_sdk/Linux_aarch64/25.5/compilers/bin/nvfortran 
Using F77 = /opt/nvidia/hpc_sdk/Linux_aarch64/25.5/compilers/bin/nvfortran 
Using F90 = /opt/nvidia/hpc_sdk/Linux_aarch64/25.5/compilers/bin/nvfortran 

Lmod is automatically replacing "gcc-native/14" with "gcc/14.2.0".

ghx4
0
Tuning combo id: 6 / 6
Offline replicate id: 36 / 99
Installing ke_drl from git: https://github.com/mehrdadmhmdi/ke-drl.git@main
Collecting git+https://github.com/mehrdadmhmdi/ke-drl.git@main
  Cloning https://github.com/mehrdadmhmdi/ke-drl.git (to revision main) to /tmp/pip-req-build-5c3_gthj
  Running command git clone --filter=blob:none --quiet https://github.com/mehrdadmhmdi/ke-drl.git /tmp/pip-req-build-5c3_gthj
  Resolved https://github.com/mehrdadmhmdi/ke-drl.git to commit 3c5d570e40ea15b1fbe4817b5f43b64c7b333e82
  Installing build dependencies: started
  Installing build dependencies: finished with status 'done'
  Getting requirements to build wheel: started
  Getting requirements to build wheel: finished with status 'done'
  Preparing metadata (pyproject.toml): started
  Preparing metadata (pyproject.toml): finished with status 'done'
Building wheels for collected packages: ke_drl
  Building wheel for ke_drl (pyproject.toml): started
  Building wheel for ke_drl (pyproject.toml): finished with status 'done'
  Created wheel for ke_drl: filename=ke_drl-0.1.0-py3-none-any.whl size=47219 sha256=519fc21db306c6b4b350d001f68fe3714138a5509c7a43251eed3407098c96bf
  Stored in directory: /tmp/pip-ephem-wheel-cache-tdjnd3ht/wheels/24/47/ad/9a4ffd3b05d3e90e35ffc6e7324b735b8bfcf5f51aaf29a333
Successfully built ke_drl
Installing collected packages: ke_drl
Successfully installed ke_drl-0.1.0
Installed ke_drl source: /work/nvme/bfez/mehrdad3/DistRL/simulation_3/runs/sim3_global_2358722_6/.kedrl_site_636/ke_drl/__init__.py
Tuning combo 6: lambda_B_0.2
Overrides: {'lambda_B': 0.2}
RUN: /sw/user/python/miniforge3-pytorch-24.11.3/bin/python3 validate_sim_config.py --params params.yaml
ke_drl import source: /work/nvme/bfez/mehrdad3/DistRL/simulation_3/runs/sim3_global_2358722_6/.kedrl_site_636/ke_drl/__init__.py
ke_drl package API OK: prediction weights, RFF operators, rank diagnostics, and best-checkpoint optimizer available
Policy config OK: behavior=uniform, target=logistic, state_dim=5, action_dim=1
Note: policy.logistic.theta_scale/theta_std are log-scale coefficients in Probability_Densities.
Behavior-policy linearized state-process diagnostic: spectral_radius=0.653, offline_burn_in=50
Replicate config OK: num_replicates=100, benchmark points=10 independent of D_i, loss target points=100
Transition reduction OK: method=kmeans, raw rows N(T-1)=12000, target rows about 3000, B rows reduced from 12000 to about 3000
Return-operator approximation OK: method=rff, features=512, exact G avoided for estimated N=12000, m=800, L=100
Fixed benchmark config rows=4 (benchmark.num_points=10; additional points are support-safe target-policy draws if needed)
Fixed benchmark point 0: s_star=[0.6, -0.8, 0.7, -0.5, 0.9], a_star=[0.5]
Fixed benchmark behavior-support interval for configured rows: min_lower=-0.12, max_upper=1.11
Fixed benchmark target-policy location range: [-0.02, 0.14]
Reusing shared data from /work/nvme/bfez/mehrdad3/DistRL/simulation_3/runs/sim3_shared_data/data for offline replicate 36.
RUN: /sw/user/python/miniforge3-pytorch-24.11.3/bin/python3 validate_sim_config.py --params params.yaml --data data/offline_data_36.pt
ke_drl import source: /work/nvme/bfez/mehrdad3/DistRL/simulation_3/runs/sim3_global_2358722_6/.kedrl_site_636/ke_drl/__init__.py
ke_drl package API OK: prediction weights, RFF operators, rank diagnostics, and best-checkpoint optimizer available
Policy config OK: behavior=uniform, target=logistic, state_dim=5, action_dim=1
Note: policy.logistic.theta_scale/theta_std are log-scale coefficients in Probability_Densities.
Behavior-policy linearized state-process diagnostic: spectral_radius=0.653, offline_burn_in=50
Replicate config OK: num_replicates=100, benchmark points=10 independent of D_i, loss target points=100
Transition reduction OK: method=kmeans, raw rows N(T-1)=12000, target rows about 3000, B rows reduced from 12000 to about 3000
Return-operator approximation OK: method=rff, features=512, exact G avoided for estimated N=12000, m=800, L=100
Fixed benchmark config rows=4 (benchmark.num_points=10; additional points are support-safe target-policy draws if needed)
Fixed benchmark point 0: s_star=[0.6, -0.8, 0.7, -0.5, 0.9], a_star=[0.5]
Fixed benchmark behavior-support interval for configured rows: min_lower=-0.12, max_upper=1.11
Fixed benchmark target-policy location range: [-0.02, 0.14]
Full benchmark support check OK: 10 points, min_lower=-2.177, max_upper=2.05
observed behavior actions: mean=0.4069, sd=0.6752, q0/q10/q50/q90/q100=[-2.2498207092285156, -0.4074015706777573, 0.3507314771413803, 1.3158588409423828, 3.231839895248413]
target-policy sampled actions: mean=-0.02011, sd=0.6719, q0/q10/q50/q90/q100=[-2.663916431188706, -0.8929000478387857, -0.012413947476226692, 0.841039841346694, 2.5254620354421564]
behavior uniform lower: mean=-0.1212, sd=0.6647, q0/q10/q50/q90/q100=[-2.7009998083114626, -0.985231844484806, -0.11505915522575383, 0.721459962129593, 2.4680662512779237]
behavior uniform upper: mean=0.9318, sd=0.6447, q0/q10/q50/q90/q100=[-0.8569180846214294, 0.08500707015395166, 0.9450561285018921, 1.7626833787560465, 3.4680662512779237]
target location inside behavior uniform support: 0.969
RUN: /sw/user/python/miniforge3-pytorch-24.11.3/bin/python3 main_est.py
# ================================================================ #
#   Global KE-DRL estimation for one offline replicate              #
# ================================================================ #
Slurm Job ID: 2359456
Slurm Array ID: 36 -- used as the offline-replicate id
Offline data id: 36
ke_drl import source: /work/nvme/bfez/mehrdad3/DistRL/simulation_3/runs/sim3_global_2358722_6/.kedrl_site_636/ke_drl/__init__.py
Estimator device: cuda (NVIDIA GH200 120GB, capability 9.0); torch CUDA=13.0
Random seed: 20460548
Number of offline replicates: 100
[transition reduction] enabled: original rows=12000, target basis=3000, method=kmeans, device=cuda
[transition reduction] kmeans iter 1/20, mean center shift=2.7608e-01
[transition reduction] kmeans iter 5/20, mean center shift=4.8380e-03
[transition reduction] kmeans iter 10/20, mean center shift=7.5113e-05
[transition reduction] selected 3082 rows from 12000 transitions (ratio 0.2568); indices saved to data/reduced_transition_indices_36.pt
Data and parameters loaded.
offline path: data/offline_data_36.pt
benchmark true-Z path: data/Z_true.pt
offline shapes after reduction: s0=(3082, 5), a0=(3082, 1), r0=(3082, 3)
transition reduction: {'enabled': True, 'method': 'kmeans', 'original_rows': 12000, 'reduced_rows': 3082, 'selected_indices_path': 'data/reduced_transition_indices_36.pt', 'target_basis': 3000, 'compression_ratio': 0.25683333333333336}
fixed benchmark point source: fixed_config_plus_support_safe_target_policy_draws
benchmark row excluded from this offline data: None
global loss target set shape: s_star=(100, 5), a_star=(100, 1)
benchmark true-Z count=10, shape each=(50000, 3)
target policy: logistic
behavior policy: uniform
lambda_Gamma=0.005, lambda_B=0.2, d_r_method=song
dtype=torch.float32, operator_method=rff, operator_num_features=512
ridge_mode=rkhs, diagnostic_interval=50
mass_anchor_lambda=1.0, target_mass=1.0
uLSIF basis: source=numerator, n_basis=512, lambda_reg=0.005
optimizer stabilizers: lambda_neg=0.0, max_B_norm=None, eta_clip_min=0.0, eta_clip_max=5.0, normalize_eta=True
========================================
Estimating the global KE-DRL mean embedding
torch device=cuda, dtype=torch.float32
Data dims: N=3082, L=100, Ds=5, Da=1, Dr=3
lambda_Gamma=0.005, lambda_B=0.2
return-operator construction: method=rff, rff_features=512
[uLSIF] basis=512/3082 (numerator); eta_hat min=-8.405e-01 max=4.424e+00 neg%=4.96
ESS for eta_plus: 2179.5 / 3082
eta_plus diagnostics: raw_mean=0.993, raw_min=-0.84, raw_max=4.42; used_mean=1, used_min=0, used_max=4.4
[timing] Z-grid: 0.03s
[timing] K_X: 0.00s
[timing] K_plus: 0.00s
[timing] k_star: 0.00s
[timing] Gamma_stack: 0.01s
[timing] Phi_stack: 0.00s
[timing] RFF feature sample: 0.00s
[timing] K_Z RFF: 0.00s
[timing] G_stack RFF: 0.01s
[timing] H_stack RFF: 0.01s
findfont: Font family 'Nimbus Roman' not found.
findfont: Font family 'Nimbus Roman' not found.
findfont: Font family 'Nimbus Roman' not found.
findfont: Font family 'Nimbus Roman' not found.
findfont: Font family 'Nimbus Roman' not found.
findfont: Font family 'Nimbus Roman' not found.
findfont: Font family 'Nimbus Roman' not found.
findfont: Font family 'Nimbus Roman' not found.
findfont: Font family 'Nimbus Roman' not found.
findfont: Font family 'Nimbus Roman' not found.
findfont: Font family 'Nimbus Roman' not found.
findfont: Font family 'Nimbus Roman' not found.
findfont: Font family 'Nimbus Roman' not found.
findfont: Font family 'Nimbus Roman' not found.
findfont: Font family 'Nimbus Roman' not found.
findfont: Font family 'Nimbus Roman' not found.
findfont: Font family 'Nimbus Roman' not found.
findfont: Font family 'Nimbus Roman' not found.
findfont: Font family 'Nimbus Roman' not found.
findfont: Font family 'Nimbus Roman' not found.
findfont: Font family 'Nimbus Roman' not found.
findfont: Font family 'Nimbus Roman' not found.
findfont: Font family 'Nimbus Roman' not found.
findfont: Font family 'Nimbus Roman' not found.
findfont: Font family 'Nimbus Roman' not found.
findfont: Font family 'Nimbus Roman' not found.
findfont: Font family 'Nimbus Roman' not found.
findfont: Font family 'Nimbus Roman' not found.
findfont: Font family 'Nimbus Roman' not found.
findfont: Font family 'Nimbus Roman' not found.
findfont: Font family 'Nimbus Roman' not found.
findfont: Font family 'Nimbus Roman' not found.
findfont: Font family 'Nimbus Roman' not found.
findfont: Font family 'Nimbus Roman' not found.
findfont: Font family 'Nimbus Roman' not found.
findfont: Font family 'Nimbus Roman' not found.
findfont: Font family 'Nimbus Roman' not found.
findfont: Font family 'Nimbus Roman' not found.
findfont: Font family 'Nimbus Roman' not found.
findfont: Font family 'Nimbus Roman' not found.
findfont: Font family 'Nimbus Roman' not found.
findfont: Font family 'Nimbus Roman' not found.
findfont: Font family ['Nimbus Roman'] not found. Falling back to DejaVu Sans.
findfont: Font family 'Nimbus Roman' not found.
findfont: Font family ['Nimbus Roman'] not found. Falling back to DejaVu Sans.
findfont: Font family 'Nimbus Roman' not found.
findfont: Font family 'Nimbus Roman' not found.
findfont: Font family 'Nimbus Roman' not found.
findfont: Font family 'Nimbus Roman' not found.
findfont: Font family 'Nimbus Roman' not found.
findfont: Font family 'Nimbus Roman' not found.
findfont: Font family 'Nimbus Roman' not found.
findfont: Font family 'Nimbus Roman' not found.
findfont: Font family 'Nimbus Roman' not found.
findfont: Font family 'Nimbus Roman' not found.
findfont: Font family ['Nimbus Roman'] not found. Falling back to DejaVu Sans.
findfont: Font family 'Nimbus Roman' not found.
findfont: Font family 'Nimbus Roman' not found.
findfont: Font family 'Nimbus Roman' not found.
findfont: Font family 'Nimbus Roman' not found.
findfont: Font family 'Nimbus Roman' not found.
findfont: Font family 'Nimbus Roman' not found.
findfont: Font family 'Nimbus Roman' not found.
findfont: Font family 'Nimbus Roman' not found.
findfont: Font family 'Nimbus Roman' not found.
findfont: Font family 'Nimbus Roman' not found.
findfont: Font family 'Nimbus Roman' not found.
findfont: Font family 'Nimbus Roman' not found.
findfont: Font family 'Nimbus Roman' not found.
findfont: Font family 'Nimbus Roman' not found.
findfont: Font family 'Nimbus Roman' not found.
findfont: Font family 'Nimbus Roman' not found.
findfont: Font family 'Nimbus Roman' not found.
findfont: Font family 'Nimbus Roman' not found.
findfont: Font family 'Nimbus Roman' not found.
findfont: Font family 'Nimbus Roman' not found.
findfont: Font family 'Nimbus Roman' not found.
findfont: Font family 'Nimbus Roman' not found.
findfont: Font family 'Nimbus Roman' not found.
findfont: Font family 'Nimbus Roman' not found.
findfont: Font family 'Nimbus Roman' not found.
findfont: Font family 'Nimbus Roman' not found.
findfont: Font family 'Nimbus Roman' not found.
findfont: Font family 'Nimbus Roman' not found.
findfont: Font family 'Nimbus Roman' not found.
findfont: Font family 'Nimbus Roman' not found.
findfont: Font family 'Nimbus Roman' not found.
findfont: Font family 'Nimbus Roman' not found.
findfont: Font family 'Nimbus Roman' not found.
findfont: Font family 'Nimbus Roman' not found.
findfont: Font family 'Nimbus Roman' not found.
findfont: Font family 'Nimbus Roman' not found.
findfont: Font family 'Nimbus Roman' not found.
findfont: Font family 'Nimbus Roman' not found.
findfont: Font family 'Nimbus Roman' not found.
findfont: Font family 'Nimbus Roman' not found.
findfont: Font family 'Nimbus Roman' not found.
findfont: Font family 'Nimbus Roman' not found.
findfont: Font family 'Nimbus Roman' not found.
findfont: Font family 'Nimbus Roman' not found.
findfont: Font family 'Nimbus Roman' not found.
findfont: Font family 'Nimbus Roman' not found.
findfont: Font family 'Nimbus Roman' not found.
findfont: Font family 'Nimbus Roman' not found.
findfont: Font family 'Nimbus Roman' not found.
findfont: Font family 'Nimbus Roman' not found.
findfont: Font family 'Nimbus Roman' not found.
findfont: Font family 'Nimbus Roman' not found.
findfont: Font family 'Nimbus Roman' not found.
findfont: Font family 'Nimbus Roman' not found.
findfont: Font family 'Nimbus Roman' not found.
findfont: Font family 'Nimbus Roman' not found.
findfont: Font family 'Nimbus Roman' not found.
findfont: Font family 'Nimbus Roman' not found.
findfont: Font family 'Nimbus Roman' not found.
findfont: Font family 'Nimbus Roman' not found.
findfont: Font family 'Nimbus Roman' not found.
findfont: Font family 'Nimbus Roman' not found.
findfont: Font family 'Nimbus Roman' not found.
findfont: Font family 'Nimbus Roman' not found.
findfont: Font family 'Nimbus Roman' not found.
findfont: Font family 'Nimbus Roman' not found.
findfont: Font family 'Nimbus Roman' not found.
findfont: Font family 'Nimbus Roman' not found.
findfont: Font family 'Nimbus Roman' not found.
findfont: Font family 'Nimbus Roman' not found.
findfont: Font family 'Nimbus Roman' not found.
findfont: Font family 'Nimbus Roman' not found.
findfont: Font family 'Nimbus Roman' not found.
findfont: Font family 'Nimbus Roman' not found.
findfont: Font family 'Nimbus Roman' not found.
findfont: Font family 'Nimbus Roman' not found.
findfont: Font family 'Nimbus Roman' not found.
Ridge mode: rkhs; diagnostic interval: 50
Iter 1/4000 | log_obj=9.804e+00 | log_Bellman_root=3.490e+00 | mass=1.70e+04 | neg=0.00e+00 | grad=3.97e+02
Iter 400/4000 | log_obj=5.655e+00 | log_Bellman_root=1.401e+00 | mass=2.69e+02 | neg=0.00e+00 | grad=7.16e+03
Iter 800/4000 | log_obj=4.573e+00 | log_Bellman_root=8.816e-01 | mass=9.08e+01 | neg=0.00e+00 | grad=1.16e+04
Iter 1200/4000 | log_obj=5.101e+00 | log_Bellman_root=1.142e+00 | mass=1.54e+02 | neg=0.00e+00 | grad=5.29e+03
Iter 1600/4000 | log_obj=2.909e+00 | log_Bellman_root=6.815e-02 | mass=1.71e+01 | neg=0.00e+00 | grad=5.38e+03
Iter 2000/4000 | log_obj=3.504e+00 | log_Bellman_root=3.566e-01 | mass=3.11e+01 | neg=0.00e+00 | grad=3.05e+03
Iter 2400/4000 | log_obj=4.418e+00 | log_Bellman_root=7.769e-01 | mass=7.80e+01 | neg=0.00e+00 | grad=3.99e+03
Iter 2800/4000 | log_obj=2.909e+00 | log_Bellman_root=6.803e-02 | mass=1.71e+01 | neg=0.00e+00 | grad=5.38e+03
Iter 3200/4000 | log_obj=3.504e+00 | log_Bellman_root=3.567e-01 | mass=3.11e+01 | neg=0.00e+00 | grad=3.05e+03
Iter 3600/4000 | log_obj=2.656e+00 | log_Bellman_root=-1.197e-01 | mass=1.34e+01 | neg=0.00e+00 | grad=1.50e+03
Iter 4000/4000 | log_obj=2.155e+00 | log_Bellman_root=-2.928e-01 | mass=7.99e+00 | neg=0.00e+00 | grad=3.19e+03
Returning best diagnostic checkpoint from step 3300 (objective=5.911e+00, Bellman=3.187e-01).
Done in 12.47s.
KE-DRL global estimation is done.
B_hat shape: (3082, 800)
B_hat rank diagnostics: {'B_num_rows': 3082, 'B_num_cols': 800, 'B_min_dim': 800, 'B_numerical_rank': 800, 'B_rank_fraction': 1.0, 'B_rank_tolerance': 3.0553615788520005e-05, 'B_stable_rank': 329.39605712890625, 'B_effective_rank': 770.5027533013315, 'B_entropy_rank': 6.647043228149414, 'B_spectral_norm': 0.08316103368997574, 'B_frobenius_norm': 1.5093121528625488, 'B_nuclear_norm': 41.189090728759766, 'B_condition_number': 3.2192953778214517, 'B_condition_number_tol': 3.2192953778214517, 'B_smallest_singular_value': 0.02583206072449684, 'B_rank_rel_1em2': 800, 'B_rank_rel_1em3': 800, 'B_rank_rel_1em4': 800}
Global-loss target mass diagnostics: {'target_mass_mean': -1.2028567790985107, 'target_mass_min': -2.876312255859375, 'target_mass_max': 0.6630970239639282, 'target_mass_sd': 0.8227959871292114, 'target_mass_rmse_to_target': 2.350064277648926, 'target_beta_min': -0.00583050400018692, 'target_beta_max': 0.015904340893030167, 'target_neg_frac_mean': 0.837975}
Return dictionary Z_grid shape: (800, 3)
Replicate 36 risk metrics: {'risk_n_steps_recorded': 81.0, 'risk_n_diagnostics_recorded': 81.0, 'risk_log_obj_initial': 9.804312403586115, 'risk_log_obj_final': 2.1546943743536757, 'risk_log_obj_min': 1.7767440727970378, 'risk_obj_initial': 18111.681640624996, 'risk_obj_final': 8.625253677368166, 'risk_obj_min': 5.910580635070802, 'risk_log_obj_drop': 7.649618029232439, 'risk_log_bellman_root_initial': 3.4897234550529412, 'risk_log_bellman_root_final': -0.2928409061555308, 'risk_log_bellman_root_min': -0.5717510620695223, 'risk_bellman_root_initial': 32.77688217163087, 'risk_bellman_root_final': 0.7461408376693726, 'risk_bellman_root_min': 0.5645360350608826, 'risk_bellman_initial': 1074.324004892973, 'risk_bellman_final': 0.556726149637953, 'risk_bellman_min': 0.318700934882262, 'risk_log_bellman_root_drop': 3.782564361208472, 'risk_bellman_returned': 0.3187009394168854, 'risk_obj_returned': 5.910580635070801, 'risk_returned_step': 3300.0, 'offline_data_id': 36, 'benchmark_point_source': 'fixed_config_plus_support_safe_target_policy_draws', 'target_set_size': 100, 'lambda_reg': 0.005, 'lambda_B': 0.2, 'num_steps': 4000, 'transition_reduction_enabled': 1, 'transition_reduction_method': 'kmeans', 'transition_original_rows': 12000, 'transition_reduced_rows': 3082, 'transition_compression_ratio': 0.25683333333333336, 'target_mass_mean': -1.2028567790985107, 'target_mass_min': -2.876312255859375, 'target_mass_max': 0.6630970239639282, 'target_mass_sd': 0.8227959871292114, 'target_mass_rmse_to_target': 2.350064277648926, 'target_beta_min': -0.00583050400018692, 'target_beta_max': 0.015904340893030167, 'target_neg_frac_mean': 0.837975, 'B_num_rows': 3082, 'B_num_cols': 800, 'B_min_dim': 800, 'B_numerical_rank': 800, 'B_rank_fraction': 1.0, 'B_rank_tolerance': 3.0553615788520005e-05, 'B_stable_rank': 329.39605712890625, 'B_effective_rank': 770.5027533013315, 'B_entropy_rank': 6.647043228149414, 'B_spectral_norm': 0.08316103368997574, 'B_frobenius_norm': 1.5093121528625488, 'B_nuclear_norm': 41.189090728759766, 'B_condition_number': 3.2192953778214517, 'B_condition_number_tol': 3.2192953778214517, 'B_smallest_singular_value': 0.02583206072449684, 'B_rank_rel_1em2': 800, 'B_rank_rel_1em3': 800, 'B_rank_rel_1em4': 800, 'risk_objective_final_raw': 8.625253677368164, 'risk_objective_min_raw': 5.910580635070801, 'risk_objective_max_raw': 18111.681640625, 'risk_bellman_final_raw': 0.5567261576652527, 'risk_bellman_min_raw': 0.3187009394168854, 'risk_bellman_max_raw': 1074.3240966796875, 'risk_rkhs_ridge_final_raw': 0.07943268865346909, 'risk_rkhs_ridge_min_raw': 0.06907808035612106, 'risk_rkhs_ridge_max_raw': 22.916234970092773, 'risk_mass_final_raw': 7.989095211029053, 'risk_mass_min_raw': 5.522801399230957, 'risk_mass_max_raw': 17014.44140625, 'risk_negativity_final_raw': 0.0, 'risk_negativity_min_raw': 0.0, 'risk_negativity_max_raw': 0.0, 'risk_B_norm_final_raw': 1.5021085739135742, 'risk_B_norm_min_raw': 1.5021085739135742, 'risk_B_norm_max_raw': 1.6385740041732788, 'risk_diagnostic_step_final_raw': 4000.0, 'risk_diagnostic_step_min_raw': 1.0, 'risk_diagnostic_step_max_raw': 4000.0, 'risk_best_step_final_raw': 3300.0, 'risk_best_step_min_raw': 3300.0, 'risk_best_step_max_raw': 3300.0, 'risk_best_objective_final_raw': 5.910580635070801, 'risk_best_objective_min_raw': 5.910580635070801, 'risk_best_objective_max_raw': 5.910580635070801, 'risk_best_bellman_final_raw': 0.3187009394168854, 'risk_best_bellman_min_raw': 0.3187009394168854, 'risk_best_bellman_max_raw': 0.3187009394168854, 'risk_returned_step_final_raw': 3300.0, 'risk_returned_step_min_raw': 3300.0, 'risk_returned_step_max_raw': 3300.0, 'risk_returned_objective_final_raw': 5.910580635070801, 'risk_returned_objective_min_raw': 5.910580635070801, 'risk_returned_objective_max_raw': 5.910580635070801, 'risk_returned_bellman_final_raw': 0.3187009394168854, 'risk_returned_bellman_min_raw': 0.3187009394168854, 'risk_returned_bellman_max_raw': 0.3187009394168854, 'risk_returned_best_checkpoint_final_raw': 1.0, 'risk_returned_best_checkpoint_min_raw': 1.0, 'risk_returned_best_checkpoint_max_raw': 1.0}
Benchmark 0 evaluation grid shape: (800, 3)
Replicate 36, benchmark 0 metrics: {'run_id': '36_b0', 'RMSE': 0.4588820186431521, 'MAE': 0.41942267682081363, 'SupNorm': 0.8384865820407867, 'Bias': -0.41942267682081363, 'Corr': -0.24079824856241458, 'deming_slope': -3.481868733001092, 'deming_intercept': 0.7558097902441528, 'beta_sum': -0.7810827493667603, 'beta_l1': 1.0405725240707397, 'beta_l2': 0.04250630363821983, 'beta_min': -0.0035675170365720987, 'beta_max': 0.0034665996208786964, 'beta_neg_frac': 0.81375, 'offline_data_id': 36, 'benchmark_id': 0, 'benchmark_point_source': 'fixed_config', 'target_set_size': 100, 'benchmark_z_path': 'data/Z_true.pt', 'projected_bellman_test_risk': 0.01767759956419468, 'oracle_embedding_risk': 1.6799166202545166, 'benchmark_embedding_risk': 1.6799166202545166, 'risk_bellman_final': 0.556726149637953, 'risk_obj_final': 8.625253677368166, 'B_num_rows': 3082, 'B_num_cols': 800, 'B_min_dim': 800, 'B_numerical_rank': 800, 'B_rank_fraction': 1.0, 'B_rank_tolerance': 3.0553615788520005e-05, 'B_stable_rank': 329.39605712890625, 'B_effective_rank': 770.5027533013315, 'B_entropy_rank': 6.647043228149414, 'B_spectral_norm': 0.08316103368997574, 'B_frobenius_norm': 1.5093121528625488, 'B_nuclear_norm': 41.189090728759766, 'B_condition_number': 3.2192953778214517, 'B_condition_number_tol': 3.2192953778214517, 'B_smallest_singular_value': 0.02583206072449684, 'B_rank_rel_1em2': 800, 'B_rank_rel_1em3': 800, 'B_rank_rel_1em4': 800}
Saved ./mu/mu_hat.csv shape=(800,)
Saved ./mu/mu2D_hat_dims01.csv shape=(120, 120)
Saved ./mu/mu2D_hat_dims01.csv shape=(120, 120)
Saved plots/replicate_36/mu_3D.png
Benchmark 1 evaluation grid shape: (800, 3)
Replicate 36, benchmark 1 metrics: {'run_id': '36_b1', 'RMSE': 1.3788748990241306, 'MAE': 1.2691432868057746, 'SupNorm': 2.2945862412452698, 'Bias': -1.2691432868057746, 'Corr': -0.9888392734600737, 'deming_slope': -4.6855829673926195, 'deming_intercept': 0.21214598017079855, 'beta_sum': -3.148298501968384, 'beta_l1': 3.1573328971862793, 'beta_l2': 0.11476071178913116, 'beta_min': -0.005840105935931206, 'beta_max': 0.0012365356087684631, 'beta_neg_frac': 0.9925, 'offline_data_id': 36, 'benchmark_id': 1, 'benchmark_point_source': 'fixed_config', 'target_set_size': 100, 'benchmark_z_path': 'data/Z_true.pt', 'projected_bellman_test_risk': 0.7191901206970215, 'oracle_embedding_risk': 7.156195163726807, 'benchmark_embedding_risk': 7.156195163726807, 'risk_bellman_final': 0.556726149637953, 'risk_obj_final': 8.625253677368166, 'B_num_rows': 3082, 'B_num_cols': 800, 'B_min_dim': 800, 'B_numerical_rank': 800, 'B_rank_fraction': 1.0, 'B_rank_tolerance': 3.0553615788520005e-05, 'B_stable_rank': 329.39605712890625, 'B_effective_rank': 770.5027533013315, 'B_entropy_rank': 6.647043228149414, 'B_spectral_norm': 0.08316103368997574, 'B_frobenius_norm': 1.5093121528625488, 'B_nuclear_norm': 41.189090728759766, 'B_condition_number': 3.2192953778214517, 'B_condition_number_tol': 3.2192953778214517, 'B_smallest_singular_value': 0.02583206072449684, 'B_rank_rel_1em2': 800, 'B_rank_rel_1em3': 800, 'B_rank_rel_1em4': 800}
Benchmark 2 evaluation grid shape: (800, 3)
Replicate 36, benchmark 2 metrics: {'run_id': '36_b2', 'RMSE': 1.294727835709011, 'MAE': 1.1932483822412905, 'SupNorm': 2.1502203047275543, 'Bias': -1.1932483822412905, 'Corr': -0.8872266414894698, 'deming_slope': -5.0287878044964485, 'deming_intercept': 0.4226692273344046, 'beta_sum': -2.9000346660614014, 'beta_l1': 2.916611909866333, 'beta_l2': 0.106772281229496, 'beta_min': -0.005779938772320747, 'beta_max': 0.002080378122627735, 'beta_neg_frac': 0.98875, 'offline_data_id': 36, 'benchmark_id': 2, 'benchmark_point_source': 'fixed_config', 'target_set_size': 100, 'benchmark_z_path': 'data/Z_true.pt', 'projected_bellman_test_risk': 0.5028150081634521, 'oracle_embedding_risk': 6.384657859802246, 'benchmark_embedding_risk': 6.384657859802246, 'risk_bellman_final': 0.556726149637953, 'risk_obj_final': 8.625253677368166, 'B_num_rows': 3082, 'B_num_cols': 800, 'B_min_dim': 800, 'B_numerical_rank': 800, 'B_rank_fraction': 1.0, 'B_rank_tolerance': 3.0553615788520005e-05, 'B_stable_rank': 329.39605712890625, 'B_effective_rank': 770.5027533013315, 'B_entropy_rank': 6.647043228149414, 'B_spectral_norm': 0.08316103368997574, 'B_frobenius_norm': 1.5093121528625488, 'B_nuclear_norm': 41.189090728759766, 'B_condition_number': 3.2192953778214517, 'B_condition_number_tol': 3.2192953778214517, 'B_smallest_singular_value': 0.02583206072449684, 'B_rank_rel_1em2': 800, 'B_rank_rel_1em3': 800, 'B_rank_rel_1em4': 800}
Benchmark 3 evaluation grid shape: (800, 3)
Replicate 36, benchmark 3 metrics: {'run_id': '36_b3', 'RMSE': 1.265013866173632, 'MAE': 1.1571231434890068, 'SupNorm': 2.132284998893738, 'Bias': -1.1571231434890068, 'Corr': -0.9142884854359056, 'deming_slope': -4.814378077600046, 'deming_intercept': 0.35025463350121, 'beta_sum': -2.888516902923584, 'beta_l1': 2.90535569190979, 'beta_l2': 0.10641578584909439, 'beta_min': -0.005691513419151306, 'beta_max': 0.002022950677201152, 'beta_neg_frac': 0.98625, 'offline_data_id': 36, 'benchmark_id': 3, 'benchmark_point_source': 'fixed_config', 'target_set_size': 100, 'benchmark_z_path': 'data/Z_true.pt', 'projected_bellman_test_risk': 0.5148742198944092, 'oracle_embedding_risk': 6.365055084228516, 'benchmark_embedding_risk': 6.365055084228516, 'risk_bellman_final': 0.556726149637953, 'risk_obj_final': 8.625253677368166, 'B_num_rows': 3082, 'B_num_cols': 800, 'B_min_dim': 800, 'B_numerical_rank': 800, 'B_rank_fraction': 1.0, 'B_rank_tolerance': 3.0553615788520005e-05, 'B_stable_rank': 329.39605712890625, 'B_effective_rank': 770.5027533013315, 'B_entropy_rank': 6.647043228149414, 'B_spectral_norm': 0.08316103368997574, 'B_frobenius_norm': 1.5093121528625488, 'B_nuclear_norm': 41.189090728759766, 'B_condition_number': 3.2192953778214517, 'B_condition_number_tol': 3.2192953778214517, 'B_smallest_singular_value': 0.02583206072449684, 'B_rank_rel_1em2': 800, 'B_rank_rel_1em3': 800, 'B_rank_rel_1em4': 800}
Benchmark 4 evaluation grid shape: (800, 3)
Replicate 36, benchmark 4 metrics: {'run_id': '36_b4', 'RMSE': 0.31165331640122457, 'MAE': 0.2848791987729419, 'SupNorm': 0.6811041086912155, 'Bias': -0.2848791987729419, 'Corr': 0.2823624000262383, 'deming_slope': 1.9124655972222464, 'deming_intercept': -0.5281468006396487, 'beta_sum': -0.469837486743927, 'beta_l1': 1.332284688949585, 'beta_l2': 0.06110528111457825, 'beta_min': -0.003467423375695944, 'beta_max': 0.012000178918242455, 'beta_neg_frac': 0.77, 'offline_data_id': 36, 'benchmark_id': 4, 'benchmark_point_source': 'support_safe_target_policy_draw', 'target_set_size': 100, 'benchmark_z_path': 'data/Z_true.pt', 'projected_bellman_test_risk': 0.020638883113861084, 'oracle_embedding_risk': 1.381096601486206, 'benchmark_embedding_risk': 1.381096601486206, 'risk_bellman_final': 0.556726149637953, 'risk_obj_final': 8.625253677368166, 'B_num_rows': 3082, 'B_num_cols': 800, 'B_min_dim': 800, 'B_numerical_rank': 800, 'B_rank_fraction': 1.0, 'B_rank_tolerance': 3.0553615788520005e-05, 'B_stable_rank': 329.39605712890625, 'B_effective_rank': 770.5027533013315, 'B_entropy_rank': 6.647043228149414, 'B_spectral_norm': 0.08316103368997574, 'B_frobenius_norm': 1.5093121528625488, 'B_nuclear_norm': 41.189090728759766, 'B_condition_number': 3.2192953778214517, 'B_condition_number_tol': 3.2192953778214517, 'B_smallest_singular_value': 0.02583206072449684, 'B_rank_rel_1em2': 800, 'B_rank_rel_1em3': 800, 'B_rank_rel_1em4': 800}
Benchmark 5 evaluation grid shape: (800, 3)
Replicate 36, benchmark 5 metrics: {'run_id': '36_b5', 'RMSE': 0.2719015617836883, 'MAE': 0.2555691504966939, 'SupNorm': 0.4269964857958257, 'Bias': -0.2555691504966939, 'Corr': 0.27143542191075176, 'deming_slope': 0.004302154802805978, 'deming_intercept': 0.00030986636981579887, 'beta_sum': 0.020092029124498367, 'beta_l1': 0.14630666375160217, 'beta_l2': 0.006458755116909742, 'beta_min': -0.0006373031064867973, 'beta_max': 0.0007841379847377539, 'beta_neg_frac': 0.46875, 'offline_data_id': 36, 'benchmark_id': 5, 'benchmark_point_source': 'support_safe_target_policy_draw', 'target_set_size': 100, 'benchmark_z_path': 'data/Z_true.pt', 'projected_bellman_test_risk': 0.0016887534875422716, 'oracle_embedding_risk': 0.9972712993621826, 'benchmark_embedding_risk': 0.9972712993621826, 'risk_bellman_final': 0.556726149637953, 'risk_obj_final': 8.625253677368166, 'B_num_rows': 3082, 'B_num_cols': 800, 'B_min_dim': 800, 'B_numerical_rank': 800, 'B_rank_fraction': 1.0, 'B_rank_tolerance': 3.0553615788520005e-05, 'B_stable_rank': 329.39605712890625, 'B_effective_rank': 770.5027533013315, 'B_entropy_rank': 6.647043228149414, 'B_spectral_norm': 0.08316103368997574, 'B_frobenius_norm': 1.5093121528625488, 'B_nuclear_norm': 41.189090728759766, 'B_condition_number': 3.2192953778214517, 'B_condition_number_tol': 3.2192953778214517, 'B_smallest_singular_value': 0.02583206072449684, 'B_rank_rel_1em2': 800, 'B_rank_rel_1em3': 800, 'B_rank_rel_1em4': 800}
Benchmark 6 evaluation grid shape: (800, 3)
Replicate 36, benchmark 6 metrics: {'run_id': '36_b6', 'RMSE': 0.6968626348911108, 'MAE': 0.6291832702800457, 'SupNorm': 1.2723562717437744, 'Bias': -0.6291832702800457, 'Corr': -0.5124274021103279, 'deming_slope': -4.345222832205341, 'deming_intercept': 0.7819084602690802, 'beta_sum': -1.3906168937683105, 'beta_l1': 1.5801880359649658, 'beta_l2': 0.061443060636520386, 'beta_min': -0.004062614403665066, 'beta_max': 0.0044759782031178474, 'beta_neg_frac': 0.8975, 'offline_data_id': 36, 'benchmark_id': 6, 'benchmark_point_source': 'support_safe_target_policy_draw', 'target_set_size': 100, 'benchmark_z_path': 'data/Z_true.pt', 'projected_bellman_test_risk': 0.017759256064891815, 'oracle_embedding_risk': 2.724900960922241, 'benchmark_embedding_risk': 2.724900960922241, 'risk_bellman_final': 0.556726149637953, 'risk_obj_final': 8.625253677368166, 'B_num_rows': 3082, 'B_num_cols': 800, 'B_min_dim': 800, 'B_numerical_rank': 800, 'B_rank_fraction': 1.0, 'B_rank_tolerance': 3.0553615788520005e-05, 'B_stable_rank': 329.39605712890625, 'B_effective_rank': 770.5027533013315, 'B_entropy_rank': 6.647043228149414, 'B_spectral_norm': 0.08316103368997574, 'B_frobenius_norm': 1.5093121528625488, 'B_nuclear_norm': 41.189090728759766, 'B_condition_number': 3.2192953778214517, 'B_condition_number_tol': 3.2192953778214517, 'B_smallest_singular_value': 0.02583206072449684, 'B_rank_rel_1em2': 800, 'B_rank_rel_1em3': 800, 'B_rank_rel_1em4': 800}
Benchmark 7 evaluation grid shape: (800, 3)
Replicate 36, benchmark 7 metrics: {'run_id': '36_b7', 'RMSE': 0.6908995425710276, 'MAE': 0.6132170552397292, 'SupNorm': 1.343385010957718, 'Bias': -0.6132170552397292, 'Corr': -0.3954146456391536, 'deming_slope': -6.6008540035187195, 'deming_intercept': 1.3742937099280135, 'beta_sum': -1.5316016674041748, 'beta_l1': 1.8663538694381714, 'beta_l2': 0.07218416035175323, 'beta_min': -0.004586639814078808, 'beta_max': 0.00698680616915226, 'beta_neg_frac': 0.88625, 'offline_data_id': 36, 'benchmark_id': 7, 'benchmark_point_source': 'support_safe_target_policy_draw', 'target_set_size': 100, 'benchmark_z_path': 'data/Z_true.pt', 'projected_bellman_test_risk': 0.08690378069877625, 'oracle_embedding_risk': 2.9907000064849854, 'benchmark_embedding_risk': 2.9907000064849854, 'risk_bellman_final': 0.556726149637953, 'risk_obj_final': 8.625253677368166, 'B_num_rows': 3082, 'B_num_cols': 800, 'B_min_dim': 800, 'B_numerical_rank': 800, 'B_rank_fraction': 1.0, 'B_rank_tolerance': 3.0553615788520005e-05, 'B_stable_rank': 329.39605712890625, 'B_effective_rank': 770.5027533013315, 'B_entropy_rank': 6.647043228149414, 'B_spectral_norm': 0.08316103368997574, 'B_frobenius_norm': 1.5093121528625488, 'B_nuclear_norm': 41.189090728759766, 'B_condition_number': 3.2192953778214517, 'B_condition_number_tol': 3.2192953778214517, 'B_smallest_singular_value': 0.02583206072449684, 'B_rank_rel_1em2': 800, 'B_rank_rel_1em3': 800, 'B_rank_rel_1em4': 800}
Benchmark 8 evaluation grid shape: (800, 3)
Replicate 36, benchmark 8 metrics: {'run_id': '36_b8', 'RMSE': 0.3624188374043752, 'MAE': 0.3305445190826867, 'SupNorm': 0.6414568722248077, 'Bias': -0.3305445190826867, 'Corr': -0.2734510108110378, 'deming_slope': -0.7168046353321456, 'deming_intercept': 0.1166731001455956, 'beta_sum': -0.25852805376052856, 'beta_l1': 0.886165201663971, 'beta_l2': 0.04111139848828316, 'beta_min': -0.0028949673287570477, 'beta_max': 0.007905524224042892, 'beta_neg_frac': 0.7075, 'offline_data_id': 36, 'benchmark_id': 8, 'benchmark_point_source': 'support_safe_target_policy_draw', 'target_set_size': 100, 'benchmark_z_path': 'data/Z_true.pt', 'projected_bellman_test_risk': 0.057394977658987045, 'oracle_embedding_risk': 1.269575834274292, 'benchmark_embedding_risk': 1.269575834274292, 'risk_bellman_final': 0.556726149637953, 'risk_obj_final': 8.625253677368166, 'B_num_rows': 3082, 'B_num_cols': 800, 'B_min_dim': 800, 'B_numerical_rank': 800, 'B_rank_fraction': 1.0, 'B_rank_tolerance': 3.0553615788520005e-05, 'B_stable_rank': 329.39605712890625, 'B_effective_rank': 770.5027533013315, 'B_entropy_rank': 6.647043228149414, 'B_spectral_norm': 0.08316103368997574, 'B_frobenius_norm': 1.5093121528625488, 'B_nuclear_norm': 41.189090728759766, 'B_condition_number': 3.2192953778214517, 'B_condition_number_tol': 3.2192953778214517, 'B_smallest_singular_value': 0.02583206072449684, 'B_rank_rel_1em2': 800, 'B_rank_rel_1em3': 800, 'B_rank_rel_1em4': 800}
Benchmark 9 evaluation grid shape: (800, 3)
Replicate 36, benchmark 9 metrics: {'run_id': '36_b9', 'RMSE': 0.763122388471988, 'MAE': 0.6823909586475202, 'SupNorm': 1.3935362100601196, 'Bias': -0.6823909586475202, 'Corr': -0.5280853929195404, 'deming_slope': -5.137023470740339, 'deming_intercept': 0.9486163005204934, 'beta_sum': -1.5417543649673462, 'beta_l1': 1.835219144821167, 'beta_l2': 0.07075915485620499, 'beta_min': -0.004845223389565945, 'beta_max': 0.006556513719260693, 'beta_neg_frac': 0.89875, 'offline_data_id': 36, 'benchmark_id': 9, 'benchmark_point_source': 'support_safe_target_policy_draw', 'target_set_size': 100, 'benchmark_z_path': 'data/Z_true.pt', 'projected_bellman_test_risk': 0.007556379307061434, 'oracle_embedding_risk': 3.1019387245178223, 'benchmark_embedding_risk': 3.1019387245178223, 'risk_bellman_final': 0.556726149637953, 'risk_obj_final': 8.625253677368166, 'B_num_rows': 3082, 'B_num_cols': 800, 'B_min_dim': 800, 'B_numerical_rank': 800, 'B_rank_fraction': 1.0, 'B_rank_tolerance': 3.0553615788520005e-05, 'B_stable_rank': 329.39605712890625, 'B_effective_rank': 770.5027533013315, 'B_entropy_rank': 6.647043228149414, 'B_spectral_norm': 0.08316103368997574, 'B_frobenius_norm': 1.5093121528625488, 'B_nuclear_norm': 41.189090728759766, 'B_condition_number': 3.2192953778214517, 'B_condition_number_tol': 3.2192953778214517, 'B_smallest_singular_value': 0.02583206072449684, 'B_rank_rel_1em2': 800, 'B_rank_rel_1em3': 800, 'B_rank_rel_1em4': 800}
Replicate 36 finished in 22.1s
Finished combo 6, offline replicate 36.
