Job ID:    2359248
Array idx: 455
CPUs/node: 64
Mem/node:  131072
Using CC = cc 
Using CXX = CC 
Using FC = ftn 
Using F77 = ftn 
Using F90 = ftn 
cuda/12.6.1 is deprecated; loading cudatoolkit/25.5_12.9 instead.
Using CC = /opt/nvidia/hpc_sdk/Linux_aarch64/25.5/compilers/bin/nvc 
Using CXX = /opt/nvidia/hpc_sdk/Linux_aarch64/25.5/compilers/bin/nvc++ 
Using FC = /opt/nvidia/hpc_sdk/Linux_aarch64/25.5/compilers/bin/nvfortran 
Using F77 = /opt/nvidia/hpc_sdk/Linux_aarch64/25.5/compilers/bin/nvfortran 
Using F90 = /opt/nvidia/hpc_sdk/Linux_aarch64/25.5/compilers/bin/nvfortran 
Using CC = /opt/nvidia/hpc_sdk/Linux_aarch64/25.5/compilers/bin/nvc 
Using CXX = /opt/nvidia/hpc_sdk/Linux_aarch64/25.5/compilers/bin/nvc++ 
Using FC = /opt/nvidia/hpc_sdk/Linux_aarch64/25.5/compilers/bin/nvfortran 
Using F77 = /opt/nvidia/hpc_sdk/Linux_aarch64/25.5/compilers/bin/nvfortran 
Using F90 = /opt/nvidia/hpc_sdk/Linux_aarch64/25.5/compilers/bin/nvfortran 

Lmod is automatically replacing "gcc-native/14" with "gcc/14.2.0".

ghx4
0
Tuning combo id: 4 / 6
Offline replicate id: 55 / 99
Installing ke_drl from git: https://github.com/mehrdadmhmdi/ke-drl.git@main
Collecting git+https://github.com/mehrdadmhmdi/ke-drl.git@main
  Cloning https://github.com/mehrdadmhmdi/ke-drl.git (to revision main) to /tmp/pip-req-build-knjll7du
  Running command git clone --filter=blob:none --quiet https://github.com/mehrdadmhmdi/ke-drl.git /tmp/pip-req-build-knjll7du
  Resolved https://github.com/mehrdadmhmdi/ke-drl.git to commit 3c5d570e40ea15b1fbe4817b5f43b64c7b333e82
  Installing build dependencies: started
  Installing build dependencies: finished with status 'done'
  Getting requirements to build wheel: started
  Getting requirements to build wheel: finished with status 'done'
  Preparing metadata (pyproject.toml): started
  Preparing metadata (pyproject.toml): finished with status 'done'
Building wheels for collected packages: ke_drl
  Building wheel for ke_drl (pyproject.toml): started
  Building wheel for ke_drl (pyproject.toml): finished with status 'done'
  Created wheel for ke_drl: filename=ke_drl-0.1.0-py3-none-any.whl size=47219 sha256=6b2bc85e575e7856084e4cb8524d67b1ac88677a023d6ec94fa5a65136534a82
  Stored in directory: /tmp/pip-ephem-wheel-cache-gqapijq6/wheels/24/47/ad/9a4ffd3b05d3e90e35ffc6e7324b735b8bfcf5f51aaf29a333
Successfully built ke_drl
Installing collected packages: ke_drl
Successfully installed ke_drl-0.1.0
Installed ke_drl source: /work/nvme/bfez/mehrdad3/DistRL/simulation_3/runs/sim3_global_2358722_4/.kedrl_site_455/ke_drl/__init__.py
Tuning combo 4: kernel_length_1.5
Overrides: {'kernel': {'length_scale': 1.5}}
RUN: /sw/user/python/miniforge3-pytorch-24.11.3/bin/python3 validate_sim_config.py --params params.yaml
ke_drl import source: /work/nvme/bfez/mehrdad3/DistRL/simulation_3/runs/sim3_global_2358722_4/.kedrl_site_455/ke_drl/__init__.py
ke_drl package API OK: prediction weights, RFF operators, rank diagnostics, and best-checkpoint optimizer available
Policy config OK: behavior=uniform, target=logistic, state_dim=5, action_dim=1
Note: policy.logistic.theta_scale/theta_std are log-scale coefficients in Probability_Densities.
Behavior-policy linearized state-process diagnostic: spectral_radius=0.653, offline_burn_in=50
Replicate config OK: num_replicates=100, benchmark points=10 independent of D_i, loss target points=100
Transition reduction OK: method=kmeans, raw rows N(T-1)=12000, target rows about 3000, B rows reduced from 12000 to about 3000
Return-operator approximation OK: method=rff, features=512, exact G avoided for estimated N=12000, m=800, L=100
Fixed benchmark config rows=4 (benchmark.num_points=10; additional points are support-safe target-policy draws if needed)
Fixed benchmark point 0: s_star=[0.6, -0.8, 0.7, -0.5, 0.9], a_star=[0.5]
Fixed benchmark behavior-support interval for configured rows: min_lower=-0.12, max_upper=1.11
Fixed benchmark target-policy location range: [-0.02, 0.14]
Reusing shared data from /work/nvme/bfez/mehrdad3/DistRL/simulation_3/runs/sim3_shared_data/data for offline replicate 55.
RUN: /sw/user/python/miniforge3-pytorch-24.11.3/bin/python3 validate_sim_config.py --params params.yaml --data data/offline_data_55.pt
ke_drl import source: /work/nvme/bfez/mehrdad3/DistRL/simulation_3/runs/sim3_global_2358722_4/.kedrl_site_455/ke_drl/__init__.py
ke_drl package API OK: prediction weights, RFF operators, rank diagnostics, and best-checkpoint optimizer available
Policy config OK: behavior=uniform, target=logistic, state_dim=5, action_dim=1
Note: policy.logistic.theta_scale/theta_std are log-scale coefficients in Probability_Densities.
Behavior-policy linearized state-process diagnostic: spectral_radius=0.653, offline_burn_in=50
Replicate config OK: num_replicates=100, benchmark points=10 independent of D_i, loss target points=100
Transition reduction OK: method=kmeans, raw rows N(T-1)=12000, target rows about 3000, B rows reduced from 12000 to about 3000
Return-operator approximation OK: method=rff, features=512, exact G avoided for estimated N=12000, m=800, L=100
Fixed benchmark config rows=4 (benchmark.num_points=10; additional points are support-safe target-policy draws if needed)
Fixed benchmark point 0: s_star=[0.6, -0.8, 0.7, -0.5, 0.9], a_star=[0.5]
Fixed benchmark behavior-support interval for configured rows: min_lower=-0.12, max_upper=1.11
Fixed benchmark target-policy location range: [-0.02, 0.14]
Full benchmark support check OK: 10 points, min_lower=-2.177, max_upper=2.05
observed behavior actions: mean=0.4041, sd=0.6844, q0/q10/q50/q90/q100=[-2.505382776260376, -0.4223061144351959, 0.34250564873218536, 1.333093285560608, 2.9779140949249268]
target-policy sampled actions: mean=-0.01382, sd=0.6659, q0/q10/q50/q90/q100=[-2.5785200819025698, -0.8622309506730609, -0.009693756975015538, 0.8308844557847481, 2.4891922410259593]
behavior uniform lower: mean=-0.1141, sd=0.6603, q0/q10/q50/q90/q100=[-2.7551138877868655, -0.9541742932796479, -0.10901070088148118, 0.7309747949242593, 2.372090604901314]
behavior uniform upper: mean=0.9318, sd=0.6452, q0/q10/q50/q90/q100=[-0.7843831837177276, 0.07538767054677015, 0.9462643127888442, 1.7629487241804602, 3.372090604901314]
target location inside behavior uniform support: 0.970
RUN: /sw/user/python/miniforge3-pytorch-24.11.3/bin/python3 main_est.py
# ================================================================ #
#   Global KE-DRL estimation for one offline replicate              #
# ================================================================ #
Slurm Job ID: 2359248
Slurm Array ID: 55 -- used as the offline-replicate id
Offline data id: 55
ke_drl import source: /work/nvme/bfez/mehrdad3/DistRL/simulation_3/runs/sim3_global_2358722_4/.kedrl_site_455/ke_drl/__init__.py
Estimator device: cuda (NVIDIA GH200 120GB, capability 9.0); torch CUDA=13.0
Random seed: 20460567
Number of offline replicates: 100
[transition reduction] enabled: original rows=12000, target basis=3000, method=kmeans, device=cuda
[transition reduction] kmeans iter 1/20, mean center shift=2.7311e-01
[transition reduction] kmeans iter 5/20, mean center shift=3.9720e-03
[transition reduction] kmeans iter 10/20, mean center shift=7.3468e-05
[transition reduction] selected 3079 rows from 12000 transitions (ratio 0.2566); indices saved to data/reduced_transition_indices_55.pt
Data and parameters loaded.
offline path: data/offline_data_55.pt
benchmark true-Z path: data/Z_true.pt
offline shapes after reduction: s0=(3079, 5), a0=(3079, 1), r0=(3079, 3)
transition reduction: {'enabled': True, 'method': 'kmeans', 'original_rows': 12000, 'reduced_rows': 3079, 'selected_indices_path': 'data/reduced_transition_indices_55.pt', 'target_basis': 3000, 'compression_ratio': 0.25658333333333333}
fixed benchmark point source: fixed_config_plus_support_safe_target_policy_draws
benchmark row excluded from this offline data: None
global loss target set shape: s_star=(100, 5), a_star=(100, 1)
benchmark true-Z count=10, shape each=(50000, 3)
target policy: logistic
behavior policy: uniform
lambda_Gamma=0.005, lambda_B=0.02, d_r_method=song
dtype=torch.float32, operator_method=rff, operator_num_features=512
ridge_mode=rkhs, diagnostic_interval=50
mass_anchor_lambda=1.0, target_mass=1.0
uLSIF basis: source=numerator, n_basis=512, lambda_reg=0.005
optimizer stabilizers: lambda_neg=0.0, max_B_norm=None, eta_clip_min=0.0, eta_clip_max=5.0, normalize_eta=True
========================================
Estimating the global KE-DRL mean embedding
torch device=cuda, dtype=torch.float32
Data dims: N=3079, L=100, Ds=5, Da=1, Dr=3
lambda_Gamma=0.005, lambda_B=0.02
return-operator construction: method=rff, rff_features=512
[uLSIF] basis=512/3079 (numerator); eta_hat min=-6.724e-01 max=4.444e+00 neg%=4.09
ESS for eta_plus: 2253.5 / 3079
eta_plus diagnostics: raw_mean=1, raw_min=-0.672, raw_max=4.44; used_mean=1, used_min=0, used_max=4.39
[timing] Z-grid: 0.03s
[timing] K_X: 0.00s
[timing] K_plus: 0.00s
[timing] k_star: 0.00s
[timing] Gamma_stack: 0.01s
[timing] Phi_stack: 0.00s
[timing] RFF feature sample: 0.00s
[timing] K_Z RFF: 0.00s
[timing] G_stack RFF: 0.01s
[timing] H_stack RFF: 0.01s
findfont: Font family 'Nimbus Roman' not found.
findfont: Font family 'Nimbus Roman' not found.
findfont: Font family 'Nimbus Roman' not found.
findfont: Font family 'Nimbus Roman' not found.
findfont: Font family 'Nimbus Roman' not found.
findfont: Font family 'Nimbus Roman' not found.
findfont: Font family 'Nimbus Roman' not found.
findfont: Font family 'Nimbus Roman' not found.
findfont: Font family 'Nimbus Roman' not found.
findfont: Font family 'Nimbus Roman' not found.
findfont: Font family 'Nimbus Roman' not found.
findfont: Font family 'Nimbus Roman' not found.
findfont: Font family 'Nimbus Roman' not found.
findfont: Font family 'Nimbus Roman' not found.
findfont: Font family 'Nimbus Roman' not found.
findfont: Font family 'Nimbus Roman' not found.
findfont: Font family 'Nimbus Roman' not found.
findfont: Font family 'Nimbus Roman' not found.
findfont: Font family 'Nimbus Roman' not found.
findfont: Font family 'Nimbus Roman' not found.
findfont: Font family 'Nimbus Roman' not found.
findfont: Font family 'Nimbus Roman' not found.
findfont: Font family 'Nimbus Roman' not found.
findfont: Font family 'Nimbus Roman' not found.
findfont: Font family 'Nimbus Roman' not found.
findfont: Font family 'Nimbus Roman' not found.
findfont: Font family 'Nimbus Roman' not found.
findfont: Font family 'Nimbus Roman' not found.
findfont: Font family 'Nimbus Roman' not found.
findfont: Font family 'Nimbus Roman' not found.
findfont: Font family 'Nimbus Roman' not found.
findfont: Font family 'Nimbus Roman' not found.
findfont: Font family 'Nimbus Roman' not found.
findfont: Font family 'Nimbus Roman' not found.
findfont: Font family 'Nimbus Roman' not found.
findfont: Font family 'Nimbus Roman' not found.
findfont: Font family 'Nimbus Roman' not found.
findfont: Font family 'Nimbus Roman' not found.
findfont: Font family 'Nimbus Roman' not found.
findfont: Font family 'Nimbus Roman' not found.
findfont: Font family 'Nimbus Roman' not found.
findfont: Font family 'Nimbus Roman' not found.
findfont: Font family ['Nimbus Roman'] not found. Falling back to DejaVu Sans.
findfont: Font family 'Nimbus Roman' not found.
findfont: Font family ['Nimbus Roman'] not found. Falling back to DejaVu Sans.
findfont: Font family 'Nimbus Roman' not found.
findfont: Font family 'Nimbus Roman' not found.
findfont: Font family 'Nimbus Roman' not found.
findfont: Font family 'Nimbus Roman' not found.
findfont: Font family 'Nimbus Roman' not found.
findfont: Font family 'Nimbus Roman' not found.
findfont: Font family 'Nimbus Roman' not found.
findfont: Font family 'Nimbus Roman' not found.
findfont: Font family 'Nimbus Roman' not found.
findfont: Font family 'Nimbus Roman' not found.
findfont: Font family ['Nimbus Roman'] not found. Falling back to DejaVu Sans.
findfont: Font family 'Nimbus Roman' not found.
findfont: Font family 'Nimbus Roman' not found.
findfont: Font family 'Nimbus Roman' not found.
findfont: Font family 'Nimbus Roman' not found.
findfont: Font family 'Nimbus Roman' not found.
findfont: Font family 'Nimbus Roman' not found.
findfont: Font family 'Nimbus Roman' not found.
findfont: Font family 'Nimbus Roman' not found.
findfont: Font family 'Nimbus Roman' not found.
findfont: Font family 'Nimbus Roman' not found.
findfont: Font family 'Nimbus Roman' not found.
findfont: Font family 'Nimbus Roman' not found.
findfont: Font family 'Nimbus Roman' not found.
findfont: Font family 'Nimbus Roman' not found.
findfont: Font family 'Nimbus Roman' not found.
findfont: Font family 'Nimbus Roman' not found.
findfont: Font family 'Nimbus Roman' not found.
findfont: Font family 'Nimbus Roman' not found.
findfont: Font family 'Nimbus Roman' not found.
findfont: Font family 'Nimbus Roman' not found.
findfont: Font family 'Nimbus Roman' not found.
findfont: Font family 'Nimbus Roman' not found.
findfont: Font family 'Nimbus Roman' not found.
findfont: Font family 'Nimbus Roman' not found.
findfont: Font family 'Nimbus Roman' not found.
findfont: Font family 'Nimbus Roman' not found.
findfont: Font family 'Nimbus Roman' not found.
findfont: Font family 'Nimbus Roman' not found.
findfont: Font family 'Nimbus Roman' not found.
findfont: Font family 'Nimbus Roman' not found.
findfont: Font family 'Nimbus Roman' not found.
findfont: Font family 'Nimbus Roman' not found.
findfont: Font family 'Nimbus Roman' not found.
findfont: Font family 'Nimbus Roman' not found.
findfont: Font family 'Nimbus Roman' not found.
findfont: Font family 'Nimbus Roman' not found.
findfont: Font family 'Nimbus Roman' not found.
findfont: Font family 'Nimbus Roman' not found.
findfont: Font family 'Nimbus Roman' not found.
findfont: Font family 'Nimbus Roman' not found.
findfont: Font family 'Nimbus Roman' not found.
findfont: Font family 'Nimbus Roman' not found.
findfont: Font family 'Nimbus Roman' not found.
findfont: Font family 'Nimbus Roman' not found.
findfont: Font family 'Nimbus Roman' not found.
findfont: Font family 'Nimbus Roman' not found.
findfont: Font family 'Nimbus Roman' not found.
findfont: Font family 'Nimbus Roman' not found.
findfont: Font family 'Nimbus Roman' not found.
findfont: Font family 'Nimbus Roman' not found.
findfont: Font family 'Nimbus Roman' not found.
findfont: Font family 'Nimbus Roman' not found.
findfont: Font family 'Nimbus Roman' not found.
findfont: Font family 'Nimbus Roman' not found.
findfont: Font family 'Nimbus Roman' not found.
findfont: Font family 'Nimbus Roman' not found.
findfont: Font family 'Nimbus Roman' not found.
findfont: Font family 'Nimbus Roman' not found.
findfont: Font family 'Nimbus Roman' not found.
findfont: Font family 'Nimbus Roman' not found.
findfont: Font family 'Nimbus Roman' not found.
findfont: Font family 'Nimbus Roman' not found.
findfont: Font family 'Nimbus Roman' not found.
findfont: Font family 'Nimbus Roman' not found.
findfont: Font family 'Nimbus Roman' not found.
findfont: Font family 'Nimbus Roman' not found.
findfont: Font family 'Nimbus Roman' not found.
findfont: Font family 'Nimbus Roman' not found.
findfont: Font family 'Nimbus Roman' not found.
findfont: Font family 'Nimbus Roman' not found.
findfont: Font family 'Nimbus Roman' not found.
findfont: Font family 'Nimbus Roman' not found.
findfont: Font family 'Nimbus Roman' not found.
findfont: Font family 'Nimbus Roman' not found.
findfont: Font family 'Nimbus Roman' not found.
findfont: Font family 'Nimbus Roman' not found.
findfont: Font family 'Nimbus Roman' not found.
Ridge mode: rkhs; diagnostic interval: 50
Iter 1/4000 | log_obj=1.127e+01 | log_Bellman_root=4.250e+00 | mass=7.37e+04 | neg=0.00e+00 | grad=2.15e+03
Iter 400/4000 | log_obj=5.308e+00 | log_Bellman_root=1.258e+00 | mass=1.90e+02 | neg=0.00e+00 | grad=5.17e+04
Iter 800/4000 | log_obj=5.016e+00 | log_Bellman_root=1.126e+00 | mass=1.41e+02 | neg=0.00e+00 | grad=1.03e+04
Iter 1200/4000 | log_obj=6.780e+00 | log_Bellman_root=2.003e+00 | mass=8.25e+02 | neg=0.00e+00 | grad=3.43e+04
Iter 1600/4000 | log_obj=8.029e+00 | log_Bellman_root=2.624e+00 | mass=2.88e+03 | neg=0.00e+00 | grad=8.35e+04
Iter 2000/4000 | log_obj=8.556e+00 | log_Bellman_root=2.890e+00 | mass=4.87e+03 | neg=0.00e+00 | grad=9.31e+04
Iter 2400/4000 | log_obj=6.633e+00 | log_Bellman_root=1.925e+00 | mass=7.12e+02 | neg=0.00e+00 | grad=4.50e+04
Iter 2800/4000 | log_obj=3.621e+00 | log_Bellman_root=4.121e-01 | mass=3.51e+01 | neg=0.00e+00 | grad=1.52e+04
Iter 3200/4000 | log_obj=7.761e+00 | log_Bellman_root=2.490e+00 | mass=2.20e+03 | neg=0.00e+00 | grad=4.27e+03
Iter 3600/4000 | log_obj=7.668e+00 | log_Bellman_root=2.446e+00 | mass=2.01e+03 | neg=0.00e+00 | grad=2.09e+04
Iter 4000/4000 | log_obj=5.292e+00 | log_Bellman_root=1.253e+00 | mass=1.87e+02 | neg=0.00e+00 | grad=5.19e+04
Returning best diagnostic checkpoint from step 3700 (objective=3.718e+01, Bellman=2.270e+00).
Done in 11.03s.
KE-DRL global estimation is done.
B_hat shape: (3079, 800)
B_hat rank diagnostics: {'B_num_rows': 3079, 'B_num_cols': 800, 'B_min_dim': 800, 'B_numerical_rank': 800, 'B_rank_fraction': 1.0, 'B_rank_tolerance': 3.065220641573774e-05, 'B_stable_rank': 351.93218994140625, 'B_effective_rank': 771.6970071801114, 'B_entropy_rank': 6.648591995239258, 'B_spectral_norm': 0.08351066708564758, 'B_frobenius_norm': 1.5666481256484985, 'B_nuclear_norm': 42.81515121459961, 'B_condition_number': 3.0569420507516583, 'B_condition_number_tol': 3.0569420507516583, 'B_smallest_singular_value': 0.02731836773455143, 'B_rank_rel_1em2': 800, 'B_rank_rel_1em3': 800, 'B_rank_rel_1em4': 800}
Global-loss target mass diagnostics: {'target_mass_mean': -4.744352340698242, 'target_mass_min': -7.186765670776367, 'target_mass_max': -0.08414337038993835, 'target_mass_sd': 1.3824111223220825, 'target_mass_rmse_to_target': 5.906735897064209, 'target_beta_min': -0.024457568302750587, 'target_beta_max': 0.03931697458028793, 'target_neg_frac_mean': 0.88595}
Return dictionary Z_grid shape: (800, 3)
Replicate 55 risk metrics: {'risk_n_steps_recorded': 81.0, 'risk_n_diagnostics_recorded': 81.0, 'risk_log_obj_initial': 11.272000240901706, 'risk_log_obj_final': 5.292289561708045, 'risk_log_obj_min': 3.6157005012768715, 'risk_obj_initial': 78590.03906250004, 'risk_obj_final': 198.79806518554685, 'risk_obj_min': 37.17737960815429, 'risk_log_obj_drop': 5.979710679193661, 'risk_log_bellman_root_initial': 4.250380431213379, 'risk_log_bellman_root_final': 1.2529300519003117, 'risk_log_bellman_root_min': 0.4098610890602188, 'risk_bellman_root_initial': 70.13208770751953, 'risk_bellman_root_final': 3.5005848407745366, 'risk_bellman_root_min': 1.506608486175537, 'risk_bellman_initial': 4918.509726215213, 'risk_bellman_final': 12.254094227460486, 'risk_bellman_min': 2.2698691306161436, 'risk_log_bellman_root_drop': 2.997450379313067, 'risk_bellman_returned': 2.269869089126587, 'risk_obj_returned': 37.1773796081543, 'risk_returned_step': 3700.0, 'offline_data_id': 55, 'benchmark_point_source': 'fixed_config_plus_support_safe_target_policy_draws', 'target_set_size': 100, 'lambda_reg': 0.005, 'lambda_B': 0.02, 'num_steps': 4000, 'transition_reduction_enabled': 1, 'transition_reduction_method': 'kmeans', 'transition_original_rows': 12000, 'transition_reduced_rows': 3079, 'transition_compression_ratio': 0.25658333333333333, 'target_mass_mean': -4.744352340698242, 'target_mass_min': -7.186765670776367, 'target_mass_max': -0.08414337038993835, 'target_mass_sd': 1.3824111223220825, 'target_mass_rmse_to_target': 5.906735897064209, 'target_beta_min': -0.024457568302750587, 'target_beta_max': 0.03931697458028793, 'target_neg_frac_mean': 0.88595, 'B_num_rows': 3079, 'B_num_cols': 800, 'B_min_dim': 800, 'B_numerical_rank': 800, 'B_rank_fraction': 1.0, 'B_rank_tolerance': 3.065220641573774e-05, 'B_stable_rank': 351.93218994140625, 'B_effective_rank': 771.6970071801114, 'B_entropy_rank': 6.648591995239258, 'B_spectral_norm': 0.08351066708564758, 'B_frobenius_norm': 1.5666481256484985, 'B_nuclear_norm': 42.81515121459961, 'B_condition_number': 3.0569420507516583, 'B_condition_number_tol': 3.0569420507516583, 'B_smallest_singular_value': 0.02731836773455143, 'B_rank_rel_1em2': 800, 'B_rank_rel_1em3': 800, 'B_rank_rel_1em4': 800, 'risk_objective_final_raw': 198.79806518554688, 'risk_objective_min_raw': 37.1773796081543, 'risk_objective_max_raw': 78590.0390625, 'risk_bellman_final_raw': 12.254094123840332, 'risk_bellman_min_raw': 2.269869089126587, 'risk_bellman_max_raw': 4918.51025390625, 'risk_rkhs_ridge_final_raw': 0.026311859488487244, 'risk_rkhs_ridge_min_raw': 0.017985599115490913, 'risk_rkhs_ridge_max_raw': 4.855889320373535, 'risk_mass_final_raw': 186.5176544189453, 'risk_mass_min_raw': 34.8895263671875, 'risk_mass_max_raw': 73666.671875, 'risk_negativity_final_raw': 0.0, 'risk_negativity_min_raw': 0.0, 'risk_negativity_max_raw': 0.0, 'risk_B_norm_final_raw': 1.5663684606552124, 'risk_B_norm_min_raw': 1.5663684606552124, 'risk_B_norm_max_raw': 1.638694405555725, 'risk_diagnostic_step_final_raw': 4000.0, 'risk_diagnostic_step_min_raw': 1.0, 'risk_diagnostic_step_max_raw': 4000.0, 'risk_best_step_final_raw': 3700.0, 'risk_best_step_min_raw': 3700.0, 'risk_best_step_max_raw': 3700.0, 'risk_best_objective_final_raw': 37.1773796081543, 'risk_best_objective_min_raw': 37.1773796081543, 'risk_best_objective_max_raw': 37.1773796081543, 'risk_best_bellman_final_raw': 2.269869089126587, 'risk_best_bellman_min_raw': 2.269869089126587, 'risk_best_bellman_max_raw': 2.269869089126587, 'risk_returned_step_final_raw': 3700.0, 'risk_returned_step_min_raw': 3700.0, 'risk_returned_step_max_raw': 3700.0, 'risk_returned_objective_final_raw': 37.1773796081543, 'risk_returned_objective_min_raw': 37.1773796081543, 'risk_returned_objective_max_raw': 37.1773796081543, 'risk_returned_bellman_final_raw': 2.269869089126587, 'risk_returned_bellman_min_raw': 2.269869089126587, 'risk_returned_bellman_max_raw': 2.269869089126587, 'risk_returned_best_checkpoint_final_raw': 1.0, 'risk_returned_best_checkpoint_min_raw': 1.0, 'risk_returned_best_checkpoint_max_raw': 1.0}
Benchmark 0 evaluation grid shape: (800, 3)
Replicate 55, benchmark 0 metrics: {'run_id': '55_b0', 'RMSE': 2.309382887891461, 'MAE': 2.1668241070536896, 'SupNorm': 3.7295899391174316, 'Bias': -2.1668241070536896, 'Corr': -0.4606567344028588, 'deming_slope': -14.176588727476059, 'deming_intercept': 4.862574449256377, 'beta_sum': -4.177630424499512, 'beta_l1': 4.808568000793457, 'beta_l2': 0.2034246027469635, 'beta_min': -0.01962190680205822, 'beta_max': 0.016520434990525246, 'beta_neg_frac': 0.84875, 'offline_data_id': 55, 'benchmark_id': 0, 'benchmark_point_source': 'fixed_config', 'target_set_size': 100, 'benchmark_z_path': 'data/Z_true.pt', 'projected_bellman_test_risk': 0.0665012001991272, 'oracle_embedding_risk': 15.629374504089355, 'benchmark_embedding_risk': 15.629374504089355, 'risk_bellman_final': 12.254094227460486, 'risk_obj_final': 198.79806518554685, 'B_num_rows': 3079, 'B_num_cols': 800, 'B_min_dim': 800, 'B_numerical_rank': 800, 'B_rank_fraction': 1.0, 'B_rank_tolerance': 3.065220641573774e-05, 'B_stable_rank': 351.93218994140625, 'B_effective_rank': 771.6970071801114, 'B_entropy_rank': 6.648591995239258, 'B_spectral_norm': 0.08351066708564758, 'B_frobenius_norm': 1.5666481256484985, 'B_nuclear_norm': 42.81515121459961, 'B_condition_number': 3.0569420507516583, 'B_condition_number_tol': 3.0569420507516583, 'B_smallest_singular_value': 0.02731836773455143, 'B_rank_rel_1em2': 800, 'B_rank_rel_1em3': 800, 'B_rank_rel_1em4': 800}
Saved ./mu/mu_hat.csv shape=(800,)
Saved ./mu/mu2D_hat_dims01.csv shape=(120, 120)
Saved ./mu/mu2D_hat_dims01.csv shape=(120, 120)
Saved plots/replicate_55/mu_3D.png
Benchmark 1 evaluation grid shape: (800, 3)
Replicate 55, benchmark 1 metrics: {'run_id': '55_b1', 'RMSE': 4.5734695623654895, 'MAE': 4.412840471174568, 'SupNorm': 6.341855943202972, 'Bias': -4.412840471174568, 'Corr': -0.9935154909280183, 'deming_slope': -9.65454378944194, 'deming_intercept': 0.49846797156507794, 'beta_sum': -7.505332946777344, 'beta_l1': 7.608360290527344, 'beta_l2': 0.2844542860984802, 'beta_min': -0.018064215779304504, 'beta_max': 0.006884411908686161, 'beta_neg_frac': 0.97875, 'offline_data_id': 55, 'benchmark_id': 1, 'benchmark_point_source': 'fixed_config', 'target_set_size': 100, 'benchmark_z_path': 'data/Z_true.pt', 'projected_bellman_test_risk': 2.0019237995147705, 'oracle_embedding_risk': 43.63690948486328, 'benchmark_embedding_risk': 43.63690948486328, 'risk_bellman_final': 12.254094227460486, 'risk_obj_final': 198.79806518554685, 'B_num_rows': 3079, 'B_num_cols': 800, 'B_min_dim': 800, 'B_numerical_rank': 800, 'B_rank_fraction': 1.0, 'B_rank_tolerance': 3.065220641573774e-05, 'B_stable_rank': 351.93218994140625, 'B_effective_rank': 771.6970071801114, 'B_entropy_rank': 6.648591995239258, 'B_spectral_norm': 0.08351066708564758, 'B_frobenius_norm': 1.5666481256484985, 'B_nuclear_norm': 42.81515121459961, 'B_condition_number': 3.0569420507516583, 'B_condition_number_tol': 3.0569420507516583, 'B_smallest_singular_value': 0.02731836773455143, 'B_rank_rel_1em2': 800, 'B_rank_rel_1em3': 800, 'B_rank_rel_1em4': 800}
Benchmark 2 evaluation grid shape: (800, 3)
Replicate 55, benchmark 2 metrics: {'run_id': '55_b2', 'RMSE': 4.410322459724922, 'MAE': 4.260452502726111, 'SupNorm': 6.108520805835724, 'Bias': -4.260452502726111, 'Corr': -0.9111753689081392, 'deming_slope': -10.627347113434318, 'deming_intercept': 1.2093736011191476, 'beta_sum': -7.2239909172058105, 'beta_l1': 7.322721481323242, 'beta_l2': 0.27708983421325684, 'beta_min': -0.020411081612110138, 'beta_max': 0.006376190111041069, 'beta_neg_frac': 0.98125, 'offline_data_id': 55, 'benchmark_id': 2, 'benchmark_point_source': 'fixed_config', 'target_set_size': 100, 'benchmark_z_path': 'data/Z_true.pt', 'projected_bellman_test_risk': 1.4078904390335083, 'oracle_embedding_risk': 40.648033142089844, 'benchmark_embedding_risk': 40.648033142089844, 'risk_bellman_final': 12.254094227460486, 'risk_obj_final': 198.79806518554685, 'B_num_rows': 3079, 'B_num_cols': 800, 'B_min_dim': 800, 'B_numerical_rank': 800, 'B_rank_fraction': 1.0, 'B_rank_tolerance': 3.065220641573774e-05, 'B_stable_rank': 351.93218994140625, 'B_effective_rank': 771.6970071801114, 'B_entropy_rank': 6.648591995239258, 'B_spectral_norm': 0.08351066708564758, 'B_frobenius_norm': 1.5666481256484985, 'B_nuclear_norm': 42.81515121459961, 'B_condition_number': 3.0569420507516583, 'B_condition_number_tol': 3.0569420507516583, 'B_smallest_singular_value': 0.02731836773455143, 'B_rank_rel_1em2': 800, 'B_rank_rel_1em3': 800, 'B_rank_rel_1em4': 800}
Benchmark 3 evaluation grid shape: (800, 3)
Replicate 55, benchmark 3 metrics: {'run_id': '55_b3', 'RMSE': 4.353210172741273, 'MAE': 4.191010073316283, 'SupNorm': 6.107179522514343, 'Bias': -4.191010073316283, 'Corr': -0.9321712186218336, 'deming_slope': -10.27939274956588, 'deming_intercept': 0.9955235557205593, 'beta_sum': -7.245602607727051, 'beta_l1': 7.345090866088867, 'beta_l2': 0.279163658618927, 'beta_min': -0.019513551145792007, 'beta_max': 0.007141679525375366, 'beta_neg_frac': 0.97875, 'offline_data_id': 55, 'benchmark_id': 3, 'benchmark_point_source': 'fixed_config', 'target_set_size': 100, 'benchmark_z_path': 'data/Z_true.pt', 'projected_bellman_test_risk': 1.7781341075897217, 'oracle_embedding_risk': 40.87873840332031, 'benchmark_embedding_risk': 40.87873840332031, 'risk_bellman_final': 12.254094227460486, 'risk_obj_final': 198.79806518554685, 'B_num_rows': 3079, 'B_num_cols': 800, 'B_min_dim': 800, 'B_numerical_rank': 800, 'B_rank_fraction': 1.0, 'B_rank_tolerance': 3.065220641573774e-05, 'B_stable_rank': 351.93218994140625, 'B_effective_rank': 771.6970071801114, 'B_entropy_rank': 6.648591995239258, 'B_spectral_norm': 0.08351066708564758, 'B_frobenius_norm': 1.5666481256484985, 'B_nuclear_norm': 42.81515121459961, 'B_condition_number': 3.0569420507516583, 'B_condition_number_tol': 3.0569420507516583, 'B_smallest_singular_value': 0.02731836773455143, 'B_rank_rel_1em2': 800, 'B_rank_rel_1em3': 800, 'B_rank_rel_1em4': 800}
Benchmark 4 evaluation grid shape: (800, 3)
Replicate 55, benchmark 4 metrics: {'run_id': '55_b4', 'RMSE': 1.5094836252482629, 'MAE': 1.3649426889911411, 'SupNorm': 3.051908701658249, 'Bias': -1.3649426889911411, 'Corr': -0.09792210247649157, 'deming_slope': -55.90423155585362, 'deming_intercept': 25.286487348577335, 'beta_sum': -3.2938761711120605, 'beta_l1': 4.667110443115234, 'beta_l2': 0.2027440071105957, 'beta_min': -0.017129816114902496, 'beta_max': 0.03338728845119476, 'beta_neg_frac': 0.845, 'offline_data_id': 55, 'benchmark_id': 4, 'benchmark_point_source': 'support_safe_target_policy_draw', 'target_set_size': 100, 'benchmark_z_path': 'data/Z_true.pt', 'projected_bellman_test_risk': 0.032015424221754074, 'oracle_embedding_risk': 10.903799057006836, 'benchmark_embedding_risk': 10.903799057006836, 'risk_bellman_final': 12.254094227460486, 'risk_obj_final': 198.79806518554685, 'B_num_rows': 3079, 'B_num_cols': 800, 'B_min_dim': 800, 'B_numerical_rank': 800, 'B_rank_fraction': 1.0, 'B_rank_tolerance': 3.065220641573774e-05, 'B_stable_rank': 351.93218994140625, 'B_effective_rank': 771.6970071801114, 'B_entropy_rank': 6.648591995239258, 'B_spectral_norm': 0.08351066708564758, 'B_frobenius_norm': 1.5666481256484985, 'B_nuclear_norm': 42.81515121459961, 'B_condition_number': 3.0569420507516583, 'B_condition_number_tol': 3.0569420507516583, 'B_smallest_singular_value': 0.02731836773455143, 'B_rank_rel_1em2': 800, 'B_rank_rel_1em3': 800, 'B_rank_rel_1em4': 800}
Benchmark 5 evaluation grid shape: (800, 3)
Replicate 55, benchmark 5 metrics: {'run_id': '55_b5', 'RMSE': 0.5914835747258735, 'MAE': 0.5718584148663649, 'SupNorm': 0.8437108993530273, 'Bias': -0.5718584148663649, 'Corr': -0.09373218087830666, 'deming_slope': -0.2904736132489674, 'deming_intercept': 0.018893625704861985, 'beta_sum': -0.45527708530426025, 'beta_l1': 1.4661723375320435, 'beta_l2': 0.06576400250196457, 'beta_min': -0.00710987439379096, 'beta_max': 0.011452766135334969, 'beta_neg_frac': 0.62, 'offline_data_id': 55, 'benchmark_id': 5, 'benchmark_point_source': 'support_safe_target_policy_draw', 'target_set_size': 100, 'benchmark_z_path': 'data/Z_true.pt', 'projected_bellman_test_risk': 0.09753698110580444, 'oracle_embedding_risk': 1.4445220232009888, 'benchmark_embedding_risk': 1.4445220232009888, 'risk_bellman_final': 12.254094227460486, 'risk_obj_final': 198.79806518554685, 'B_num_rows': 3079, 'B_num_cols': 800, 'B_min_dim': 800, 'B_numerical_rank': 800, 'B_rank_fraction': 1.0, 'B_rank_tolerance': 3.065220641573774e-05, 'B_stable_rank': 351.93218994140625, 'B_effective_rank': 771.6970071801114, 'B_entropy_rank': 6.648591995239258, 'B_spectral_norm': 0.08351066708564758, 'B_frobenius_norm': 1.5666481256484985, 'B_nuclear_norm': 42.81515121459961, 'B_condition_number': 3.0569420507516583, 'B_condition_number_tol': 3.0569420507516583, 'B_smallest_singular_value': 0.02731836773455143, 'B_rank_rel_1em2': 800, 'B_rank_rel_1em3': 800, 'B_rank_rel_1em4': 800}
Benchmark 6 evaluation grid shape: (800, 3)
Replicate 55, benchmark 6 metrics: {'run_id': '55_b6', 'RMSE': 3.083780505151442, 'MAE': 2.9278562288777903, 'SupNorm': 4.660227179527283, 'Bias': -2.9278562288777903, 'Corr': -0.6361217639919665, 'deming_slope': -12.442975669445868, 'deming_intercept': 3.3249515690484386, 'beta_sum': -5.3198442459106445, 'beta_l1': 5.731766700744629, 'beta_l2': 0.23430393636226654, 'beta_min': -0.021340178325772285, 'beta_max': 0.01000227965414524, 'beta_neg_frac': 0.90875, 'offline_data_id': 55, 'benchmark_id': 6, 'benchmark_point_source': 'support_safe_target_policy_draw', 'target_set_size': 100, 'benchmark_z_path': 'data/Z_true.pt', 'projected_bellman_test_risk': 0.36988967657089233, 'oracle_embedding_risk': 23.77252197265625, 'benchmark_embedding_risk': 23.77252197265625, 'risk_bellman_final': 12.254094227460486, 'risk_obj_final': 198.79806518554685, 'B_num_rows': 3079, 'B_num_cols': 800, 'B_min_dim': 800, 'B_numerical_rank': 800, 'B_rank_fraction': 1.0, 'B_rank_tolerance': 3.065220641573774e-05, 'B_stable_rank': 351.93218994140625, 'B_effective_rank': 771.6970071801114, 'B_entropy_rank': 6.648591995239258, 'B_spectral_norm': 0.08351066708564758, 'B_frobenius_norm': 1.5666481256484985, 'B_nuclear_norm': 42.81515121459961, 'B_condition_number': 3.0569420507516583, 'B_condition_number_tol': 3.0569420507516583, 'B_smallest_singular_value': 0.02731836773455143, 'B_rank_rel_1em2': 800, 'B_rank_rel_1em3': 800, 'B_rank_rel_1em4': 800}
Benchmark 7 evaluation grid shape: (800, 3)
Replicate 55, benchmark 7 metrics: {'run_id': '55_b7', 'RMSE': 2.956461226422073, 'MAE': 2.7818124700943008, 'SupNorm': 4.720518529415131, 'Bias': -2.7818124700943008, 'Corr': -0.5345410556543535, 'deming_slope': -15.871965927059042, 'deming_intercept': 5.025107469300631, 'beta_sum': -5.389312267303467, 'beta_l1': 5.884437561035156, 'beta_l2': 0.23271559178829193, 'beta_min': -0.01857888326048851, 'beta_max': 0.020302779972553253, 'beta_neg_frac': 0.93625, 'offline_data_id': 55, 'benchmark_id': 7, 'benchmark_point_source': 'support_safe_target_policy_draw', 'target_set_size': 100, 'benchmark_z_path': 'data/Z_true.pt', 'projected_bellman_test_risk': 0.5330970287322998, 'oracle_embedding_risk': 24.56490707397461, 'benchmark_embedding_risk': 24.56490707397461, 'risk_bellman_final': 12.254094227460486, 'risk_obj_final': 198.79806518554685, 'B_num_rows': 3079, 'B_num_cols': 800, 'B_min_dim': 800, 'B_numerical_rank': 800, 'B_rank_fraction': 1.0, 'B_rank_tolerance': 3.065220641573774e-05, 'B_stable_rank': 351.93218994140625, 'B_effective_rank': 771.6970071801114, 'B_entropy_rank': 6.648591995239258, 'B_spectral_norm': 0.08351066708564758, 'B_frobenius_norm': 1.5666481256484985, 'B_nuclear_norm': 42.81515121459961, 'B_condition_number': 3.0569420507516583, 'B_condition_number_tol': 3.0569420507516583, 'B_smallest_singular_value': 0.02731836773455143, 'B_rank_rel_1em2': 800, 'B_rank_rel_1em3': 800, 'B_rank_rel_1em4': 800}
Benchmark 8 evaluation grid shape: (800, 3)
Replicate 55, benchmark 8 metrics: {'run_id': '55_b8', 'RMSE': 1.899970991428346, 'MAE': 1.7912345833913423, 'SupNorm': 3.0566410422325134, 'Bias': -1.7912345833913423, 'Corr': -0.5267505474340352, 'deming_slope': -9.175623349914598, 'deming_intercept': 2.899312732287254, 'beta_sum': -3.1588168144226074, 'beta_l1': 4.103731632232666, 'beta_l2': 0.1749878078699112, 'beta_min': -0.016589170321822166, 'beta_max': 0.017328202724456787, 'beta_neg_frac': 0.81625, 'offline_data_id': 55, 'benchmark_id': 8, 'benchmark_point_source': 'support_safe_target_policy_draw', 'target_set_size': 100, 'benchmark_z_path': 'data/Z_true.pt', 'projected_bellman_test_risk': 0.1488199234008789, 'oracle_embedding_risk': 10.523517608642578, 'benchmark_embedding_risk': 10.523517608642578, 'risk_bellman_final': 12.254094227460486, 'risk_obj_final': 198.79806518554685, 'B_num_rows': 3079, 'B_num_cols': 800, 'B_min_dim': 800, 'B_numerical_rank': 800, 'B_rank_fraction': 1.0, 'B_rank_tolerance': 3.065220641573774e-05, 'B_stable_rank': 351.93218994140625, 'B_effective_rank': 771.6970071801114, 'B_entropy_rank': 6.648591995239258, 'B_spectral_norm': 0.08351066708564758, 'B_frobenius_norm': 1.5666481256484985, 'B_nuclear_norm': 42.81515121459961, 'B_condition_number': 3.0569420507516583, 'B_condition_number_tol': 3.0569420507516583, 'B_smallest_singular_value': 0.02731836773455143, 'B_rank_rel_1em2': 800, 'B_rank_rel_1em3': 800, 'B_rank_rel_1em4': 800}
Benchmark 9 evaluation grid shape: (800, 3)
Replicate 55, benchmark 9 metrics: {'run_id': '55_b9', 'RMSE': 3.129490712551812, 'MAE': 2.9574335301015524, 'SupNorm': 4.762498438358307, 'Bias': -2.9574335301015524, 'Corr': -0.6165278895824544, 'deming_slope': -13.717488215629064, 'deming_intercept': 3.920628428129019, 'beta_sum': -5.376954078674316, 'beta_l1': 5.977844715118408, 'beta_l2': 0.23812353610992432, 'beta_min': -0.018783599138259888, 'beta_max': 0.019724076613783836, 'beta_neg_frac': 0.9225, 'offline_data_id': 55, 'benchmark_id': 9, 'benchmark_point_source': 'support_safe_target_policy_draw', 'target_set_size': 100, 'benchmark_z_path': 'data/Z_true.pt', 'projected_bellman_test_risk': 0.19080239534378052, 'oracle_embedding_risk': 24.76058578491211, 'benchmark_embedding_risk': 24.76058578491211, 'risk_bellman_final': 12.254094227460486, 'risk_obj_final': 198.79806518554685, 'B_num_rows': 3079, 'B_num_cols': 800, 'B_min_dim': 800, 'B_numerical_rank': 800, 'B_rank_fraction': 1.0, 'B_rank_tolerance': 3.065220641573774e-05, 'B_stable_rank': 351.93218994140625, 'B_effective_rank': 771.6970071801114, 'B_entropy_rank': 6.648591995239258, 'B_spectral_norm': 0.08351066708564758, 'B_frobenius_norm': 1.5666481256484985, 'B_nuclear_norm': 42.81515121459961, 'B_condition_number': 3.0569420507516583, 'B_condition_number_tol': 3.0569420507516583, 'B_smallest_singular_value': 0.02731836773455143, 'B_rank_rel_1em2': 800, 'B_rank_rel_1em3': 800, 'B_rank_rel_1em4': 800}
Replicate 55 finished in 19.9s
Finished combo 4, offline replicate 55.
