Job ID:    2359039
Array idx: 254
CPUs/node: 64
Mem/node:  131072
Using CC = cc 
Using CXX = CC 
Using FC = ftn 
Using F77 = ftn 
Using F90 = ftn 
cuda/12.6.1 is deprecated; loading cudatoolkit/25.5_12.9 instead.
Using CC = /opt/nvidia/hpc_sdk/Linux_aarch64/25.5/compilers/bin/nvc 
Using CXX = /opt/nvidia/hpc_sdk/Linux_aarch64/25.5/compilers/bin/nvc++ 
Using FC = /opt/nvidia/hpc_sdk/Linux_aarch64/25.5/compilers/bin/nvfortran 
Using F77 = /opt/nvidia/hpc_sdk/Linux_aarch64/25.5/compilers/bin/nvfortran 
Using F90 = /opt/nvidia/hpc_sdk/Linux_aarch64/25.5/compilers/bin/nvfortran 
Using CC = /opt/nvidia/hpc_sdk/Linux_aarch64/25.5/compilers/bin/nvc 
Using CXX = /opt/nvidia/hpc_sdk/Linux_aarch64/25.5/compilers/bin/nvc++ 
Using FC = /opt/nvidia/hpc_sdk/Linux_aarch64/25.5/compilers/bin/nvfortran 
Using F77 = /opt/nvidia/hpc_sdk/Linux_aarch64/25.5/compilers/bin/nvfortran 
Using F90 = /opt/nvidia/hpc_sdk/Linux_aarch64/25.5/compilers/bin/nvfortran 

Lmod is automatically replacing "gcc-native/14" with "gcc/14.2.0".

ghx4
0
Tuning combo id: 2 / 6
Offline replicate id: 54 / 99
Installing ke_drl from git: https://github.com/mehrdadmhmdi/ke-drl.git@main
Collecting git+https://github.com/mehrdadmhmdi/ke-drl.git@main
  Cloning https://github.com/mehrdadmhmdi/ke-drl.git (to revision main) to /tmp/pip-req-build-mw6stusl
  Running command git clone --filter=blob:none --quiet https://github.com/mehrdadmhmdi/ke-drl.git /tmp/pip-req-build-mw6stusl
  Resolved https://github.com/mehrdadmhmdi/ke-drl.git to commit 3c5d570e40ea15b1fbe4817b5f43b64c7b333e82
  Installing build dependencies: started
  Installing build dependencies: finished with status 'done'
  Getting requirements to build wheel: started
  Getting requirements to build wheel: finished with status 'done'
  Preparing metadata (pyproject.toml): started
  Preparing metadata (pyproject.toml): finished with status 'done'
Building wheels for collected packages: ke_drl
  Building wheel for ke_drl (pyproject.toml): started
  Building wheel for ke_drl (pyproject.toml): finished with status 'done'
  Created wheel for ke_drl: filename=ke_drl-0.1.0-py3-none-any.whl size=47219 sha256=21a0d25b02d6672a95b45de4e69ff676e0790f13743dbe004e5ab5213d8c0496
  Stored in directory: /tmp/pip-ephem-wheel-cache-7q6pg4ai/wheels/24/47/ad/9a4ffd3b05d3e90e35ffc6e7324b735b8bfcf5f51aaf29a333
Successfully built ke_drl
Installing collected packages: ke_drl
Successfully installed ke_drl-0.1.0
Installed ke_drl source: /work/nvme/bfez/mehrdad3/DistRL/simulation_3/runs/sim3_global_2358722_2/.kedrl_site_254/ke_drl/__init__.py
Tuning combo 2: lambda_B_0.00002
Overrides: {'lambda_B': 2e-05}
RUN: /sw/user/python/miniforge3-pytorch-24.11.3/bin/python3 validate_sim_config.py --params params.yaml
ke_drl import source: /work/nvme/bfez/mehrdad3/DistRL/simulation_3/runs/sim3_global_2358722_2/.kedrl_site_254/ke_drl/__init__.py
ke_drl package API OK: prediction weights, RFF operators, rank diagnostics, and best-checkpoint optimizer available
Policy config OK: behavior=uniform, target=logistic, state_dim=5, action_dim=1
Note: policy.logistic.theta_scale/theta_std are log-scale coefficients in Probability_Densities.
Behavior-policy linearized state-process diagnostic: spectral_radius=0.653, offline_burn_in=50
Replicate config OK: num_replicates=100, benchmark points=10 independent of D_i, loss target points=100
Transition reduction OK: method=kmeans, raw rows N(T-1)=12000, target rows about 3000, B rows reduced from 12000 to about 3000
Return-operator approximation OK: method=rff, features=512, exact G avoided for estimated N=12000, m=800, L=100
Fixed benchmark config rows=4 (benchmark.num_points=10; additional points are support-safe target-policy draws if needed)
Fixed benchmark point 0: s_star=[0.6, -0.8, 0.7, -0.5, 0.9], a_star=[0.5]
Fixed benchmark behavior-support interval for configured rows: min_lower=-0.12, max_upper=1.11
Fixed benchmark target-policy location range: [-0.02, 0.14]
Reusing shared data from /work/nvme/bfez/mehrdad3/DistRL/simulation_3/runs/sim3_shared_data/data for offline replicate 54.
RUN: /sw/user/python/miniforge3-pytorch-24.11.3/bin/python3 validate_sim_config.py --params params.yaml --data data/offline_data_54.pt
ke_drl import source: /work/nvme/bfez/mehrdad3/DistRL/simulation_3/runs/sim3_global_2358722_2/.kedrl_site_254/ke_drl/__init__.py
ke_drl package API OK: prediction weights, RFF operators, rank diagnostics, and best-checkpoint optimizer available
Policy config OK: behavior=uniform, target=logistic, state_dim=5, action_dim=1
Note: policy.logistic.theta_scale/theta_std are log-scale coefficients in Probability_Densities.
Behavior-policy linearized state-process diagnostic: spectral_radius=0.653, offline_burn_in=50
Replicate config OK: num_replicates=100, benchmark points=10 independent of D_i, loss target points=100
Transition reduction OK: method=kmeans, raw rows N(T-1)=12000, target rows about 3000, B rows reduced from 12000 to about 3000
Return-operator approximation OK: method=rff, features=512, exact G avoided for estimated N=12000, m=800, L=100
Fixed benchmark config rows=4 (benchmark.num_points=10; additional points are support-safe target-policy draws if needed)
Fixed benchmark point 0: s_star=[0.6, -0.8, 0.7, -0.5, 0.9], a_star=[0.5]
Fixed benchmark behavior-support interval for configured rows: min_lower=-0.12, max_upper=1.11
Fixed benchmark target-policy location range: [-0.02, 0.14]
Full benchmark support check OK: 10 points, min_lower=-2.177, max_upper=2.05
observed behavior actions: mean=0.4038, sd=0.6838, q0/q10/q50/q90/q100=[-2.706057071685791, -0.42219109237194063, 0.34767475724220276, 1.322134816646576, 3.144770383834839]
target-policy sampled actions: mean=-0.02413, sd=0.6738, q0/q10/q50/q90/q100=[-2.965418038988222, -0.8879139220365918, -0.015726243454468488, 0.8340525060883534, 2.3090520730263075]
behavior uniform lower: mean=-0.1226, sd=0.6676, q0/q10/q50/q90/q100=[-3.0922607898712156, -0.9823647606372833, -0.11589095890522, 0.7262681293487548, 2.257170820236206]
behavior uniform upper: mean=0.9319, sd=0.6459, q0/q10/q50/q90/q100=[-1.0577902019023895, 0.07900627911090849, 0.9373873293399811, 1.766625095009804, 3.257170820236206]
target location inside behavior uniform support: 0.968
RUN: /sw/user/python/miniforge3-pytorch-24.11.3/bin/python3 main_est.py
# ================================================================ #
#   Global KE-DRL estimation for one offline replicate              #
# ================================================================ #
Slurm Job ID: 2359039
Slurm Array ID: 54 -- used as the offline-replicate id
Offline data id: 54
ke_drl import source: /work/nvme/bfez/mehrdad3/DistRL/simulation_3/runs/sim3_global_2358722_2/.kedrl_site_254/ke_drl/__init__.py
Estimator device: cuda (NVIDIA GH200 120GB, capability 9.0); torch CUDA=13.0
Random seed: 20460566
Number of offline replicates: 100
[transition reduction] enabled: original rows=12000, target basis=3000, method=kmeans, device=cuda
[transition reduction] kmeans iter 1/20, mean center shift=2.7617e-01
[transition reduction] kmeans iter 5/20, mean center shift=6.0283e-03
[transition reduction] kmeans iter 10/20, mean center shift=1.4536e-04
[transition reduction] selected 3082 rows from 12000 transitions (ratio 0.2568); indices saved to data/reduced_transition_indices_54.pt
Data and parameters loaded.
offline path: data/offline_data_54.pt
benchmark true-Z path: data/Z_true.pt
offline shapes after reduction: s0=(3082, 5), a0=(3082, 1), r0=(3082, 3)
transition reduction: {'enabled': True, 'method': 'kmeans', 'original_rows': 12000, 'reduced_rows': 3082, 'selected_indices_path': 'data/reduced_transition_indices_54.pt', 'target_basis': 3000, 'compression_ratio': 0.25683333333333336}
fixed benchmark point source: fixed_config_plus_support_safe_target_policy_draws
benchmark row excluded from this offline data: None
global loss target set shape: s_star=(100, 5), a_star=(100, 1)
benchmark true-Z count=10, shape each=(50000, 3)
target policy: logistic
behavior policy: uniform
lambda_Gamma=0.005, lambda_B=2e-05, d_r_method=song
dtype=torch.float32, operator_method=rff, operator_num_features=512
ridge_mode=rkhs, diagnostic_interval=50
mass_anchor_lambda=1.0, target_mass=1.0
uLSIF basis: source=numerator, n_basis=512, lambda_reg=0.005
optimizer stabilizers: lambda_neg=0.0, max_B_norm=None, eta_clip_min=0.0, eta_clip_max=5.0, normalize_eta=True
========================================
Estimating the global KE-DRL mean embedding
torch device=cuda, dtype=torch.float32
Data dims: N=3082, L=100, Ds=5, Da=1, Dr=3
lambda_Gamma=0.005, lambda_B=2e-05
return-operator construction: method=rff, rff_features=512
[uLSIF] basis=512/3082 (numerator); eta_hat min=-9.524e-01 max=5.594e+00 neg%=4.67
ESS for eta_plus: 2083.2 / 3082
eta_plus diagnostics: raw_mean=1, raw_min=-0.952, raw_max=5.59; used_mean=1, used_min=0, used_max=4.93
[timing] Z-grid: 0.03s
[timing] K_X: 0.00s
[timing] K_plus: 0.00s
[timing] k_star: 0.00s
[timing] Gamma_stack: 0.01s
[timing] Phi_stack: 0.00s
[timing] RFF feature sample: 0.00s
[timing] K_Z RFF: 0.00s
[timing] G_stack RFF: 0.01s
[timing] H_stack RFF: 0.01s
findfont: Font family 'Nimbus Roman' not found.
findfont: Font family 'Nimbus Roman' not found.
findfont: Font family 'Nimbus Roman' not found.
findfont: Font family 'Nimbus Roman' not found.
findfont: Font family 'Nimbus Roman' not found.
findfont: Font family 'Nimbus Roman' not found.
findfont: Font family 'Nimbus Roman' not found.
findfont: Font family 'Nimbus Roman' not found.
findfont: Font family 'Nimbus Roman' not found.
findfont: Font family 'Nimbus Roman' not found.
findfont: Font family 'Nimbus Roman' not found.
findfont: Font family 'Nimbus Roman' not found.
findfont: Font family 'Nimbus Roman' not found.
findfont: Font family 'Nimbus Roman' not found.
findfont: Font family 'Nimbus Roman' not found.
findfont: Font family 'Nimbus Roman' not found.
findfont: Font family 'Nimbus Roman' not found.
findfont: Font family 'Nimbus Roman' not found.
findfont: Font family 'Nimbus Roman' not found.
findfont: Font family 'Nimbus Roman' not found.
findfont: Font family 'Nimbus Roman' not found.
findfont: Font family 'Nimbus Roman' not found.
findfont: Font family 'Nimbus Roman' not found.
findfont: Font family 'Nimbus Roman' not found.
findfont: Font family 'Nimbus Roman' not found.
findfont: Font family 'Nimbus Roman' not found.
findfont: Font family 'Nimbus Roman' not found.
findfont: Font family 'Nimbus Roman' not found.
findfont: Font family 'Nimbus Roman' not found.
findfont: Font family 'Nimbus Roman' not found.
findfont: Font family 'Nimbus Roman' not found.
findfont: Font family 'Nimbus Roman' not found.
findfont: Font family 'Nimbus Roman' not found.
findfont: Font family 'Nimbus Roman' not found.
findfont: Font family 'Nimbus Roman' not found.
findfont: Font family 'Nimbus Roman' not found.
findfont: Font family 'Nimbus Roman' not found.
findfont: Font family 'Nimbus Roman' not found.
findfont: Font family 'Nimbus Roman' not found.
findfont: Font family 'Nimbus Roman' not found.
findfont: Font family 'Nimbus Roman' not found.
findfont: Font family 'Nimbus Roman' not found.
findfont: Font family 'Nimbus Roman' not found.
findfont: Font family 'Nimbus Roman' not found.
findfont: Font family 'Nimbus Roman' not found.
findfont: Font family 'Nimbus Roman' not found.
findfont: Font family ['Nimbus Roman'] not found. Falling back to DejaVu Sans.
findfont: Font family 'Nimbus Roman' not found.
findfont: Font family ['Nimbus Roman'] not found. Falling back to DejaVu Sans.
findfont: Font family 'Nimbus Roman' not found.
findfont: Font family 'Nimbus Roman' not found.
findfont: Font family 'Nimbus Roman' not found.
findfont: Font family 'Nimbus Roman' not found.
findfont: Font family 'Nimbus Roman' not found.
findfont: Font family 'Nimbus Roman' not found.
findfont: Font family 'Nimbus Roman' not found.
findfont: Font family 'Nimbus Roman' not found.
findfont: Font family 'Nimbus Roman' not found.
findfont: Font family 'Nimbus Roman' not found.
findfont: Font family 'Nimbus Roman' not found.
findfont: Font family ['Nimbus Roman'] not found. Falling back to DejaVu Sans.
findfont: Font family 'Nimbus Roman' not found.
findfont: Font family 'Nimbus Roman' not found.
findfont: Font family 'Nimbus Roman' not found.
findfont: Font family 'Nimbus Roman' not found.
findfont: Font family 'Nimbus Roman' not found.
findfont: Font family 'Nimbus Roman' not found.
findfont: Font family 'Nimbus Roman' not found.
findfont: Font family 'Nimbus Roman' not found.
findfont: Font family 'Nimbus Roman' not found.
findfont: Font family 'Nimbus Roman' not found.
findfont: Font family 'Nimbus Roman' not found.
findfont: Font family 'Nimbus Roman' not found.
findfont: Font family 'Nimbus Roman' not found.
findfont: Font family 'Nimbus Roman' not found.
findfont: Font family 'Nimbus Roman' not found.
findfont: Font family 'Nimbus Roman' not found.
findfont: Font family 'Nimbus Roman' not found.
findfont: Font family 'Nimbus Roman' not found.
findfont: Font family 'Nimbus Roman' not found.
findfont: Font family 'Nimbus Roman' not found.
findfont: Font family 'Nimbus Roman' not found.
findfont: Font family 'Nimbus Roman' not found.
findfont: Font family 'Nimbus Roman' not found.
findfont: Font family 'Nimbus Roman' not found.
findfont: Font family 'Nimbus Roman' not found.
findfont: Font family 'Nimbus Roman' not found.
findfont: Font family 'Nimbus Roman' not found.
findfont: Font family 'Nimbus Roman' not found.
findfont: Font family 'Nimbus Roman' not found.
findfont: Font family 'Nimbus Roman' not found.
findfont: Font family 'Nimbus Roman' not found.
findfont: Font family 'Nimbus Roman' not found.
findfont: Font family 'Nimbus Roman' not found.
findfont: Font family 'Nimbus Roman' not found.
findfont: Font family 'Nimbus Roman' not found.
findfont: Font family 'Nimbus Roman' not found.
findfont: Font family 'Nimbus Roman' not found.
findfont: Font family 'Nimbus Roman' not found.
findfont: Font family 'Nimbus Roman' not found.
findfont: Font family 'Nimbus Roman' not found.
findfont: Font family 'Nimbus Roman' not found.
findfont: Font family 'Nimbus Roman' not found.
findfont: Font family 'Nimbus Roman' not found.
findfont: Font family 'Nimbus Roman' not found.
findfont: Font family 'Nimbus Roman' not found.
findfont: Font family 'Nimbus Roman' not found.
findfont: Font family 'Nimbus Roman' not found.
findfont: Font family 'Nimbus Roman' not found.
findfont: Font family 'Nimbus Roman' not found.
findfont: Font family 'Nimbus Roman' not found.
findfont: Font family 'Nimbus Roman' not found.
findfont: Font family 'Nimbus Roman' not found.
findfont: Font family 'Nimbus Roman' not found.
findfont: Font family 'Nimbus Roman' not found.
findfont: Font family 'Nimbus Roman' not found.
findfont: Font family 'Nimbus Roman' not found.
findfont: Font family 'Nimbus Roman' not found.
findfont: Font family 'Nimbus Roman' not found.
findfont: Font family 'Nimbus Roman' not found.
findfont: Font family 'Nimbus Roman' not found.
findfont: Font family 'Nimbus Roman' not found.
findfont: Font family 'Nimbus Roman' not found.
findfont: Font family 'Nimbus Roman' not found.
findfont: Font family 'Nimbus Roman' not found.
findfont: Font family 'Nimbus Roman' not found.
findfont: Font family 'Nimbus Roman' not found.
findfont: Font family 'Nimbus Roman' not found.
findfont: Font family 'Nimbus Roman' not found.
findfont: Font family 'Nimbus Roman' not found.
findfont: Font family 'Nimbus Roman' not found.
findfont: Font family 'Nimbus Roman' not found.
findfont: Font family 'Nimbus Roman' not found.
findfont: Font family 'Nimbus Roman' not found.
findfont: Font family 'Nimbus Roman' not found.
findfont: Font family 'Nimbus Roman' not found.
findfont: Font family 'Nimbus Roman' not found.
findfont: Font family 'Nimbus Roman' not found.
findfont: Font family 'Nimbus Roman' not found.
findfont: Font family 'Nimbus Roman' not found.
findfont: Font family 'Nimbus Roman' not found.
findfont: Font family 'Nimbus Roman' not found.
findfont: Font family 'Nimbus Roman' not found.
Ridge mode: rkhs; diagnostic interval: 50
Iter 1/4000 | log_obj=9.921e+00 | log_Bellman_root=3.498e+00 | mass=1.93e+04 | neg=0.00e+00 | grad=8.22e+02
Iter 400/4000 | log_obj=4.853e+00 | log_Bellman_root=9.554e-01 | mass=1.21e+02 | neg=0.00e+00 | grad=1.37e+04
Iter 800/4000 | log_obj=5.342e+00 | log_Bellman_root=1.201e+00 | mass=1.98e+02 | neg=0.00e+00 | grad=5.42e+03
Iter 1200/4000 | log_obj=5.686e+00 | log_Bellman_root=1.378e+00 | mass=2.79e+02 | neg=0.00e+00 | grad=7.54e+03
Iter 1600/4000 | log_obj=4.846e+00 | log_Bellman_root=9.533e-01 | mass=1.20e+02 | neg=0.00e+00 | grad=1.36e+04
Iter 2000/4000 | log_obj=5.339e+00 | log_Bellman_root=1.201e+00 | mass=1.97e+02 | neg=0.00e+00 | grad=5.43e+03
Iter 2400/4000 | log_obj=5.689e+00 | log_Bellman_root=1.379e+00 | mass=2.80e+02 | neg=0.00e+00 | grad=7.56e+03
Iter 2800/4000 | log_obj=4.843e+00 | log_Bellman_root=9.527e-01 | mass=1.20e+02 | neg=0.00e+00 | grad=1.36e+04
Iter 3200/4000 | log_obj=5.338e+00 | log_Bellman_root=1.200e+00 | mass=1.97e+02 | neg=0.00e+00 | grad=5.44e+03
Iter 3600/4000 | log_obj=5.690e+00 | log_Bellman_root=1.379e+00 | mass=2.80e+02 | neg=0.00e+00 | grad=7.56e+03
Iter 4000/4000 | log_obj=4.842e+00 | log_Bellman_root=9.523e-01 | mass=1.20e+02 | neg=0.00e+00 | grad=1.36e+04
Done in 11.84s.
KE-DRL global estimation is done.
B_hat shape: (3082, 800)
B_hat rank diagnostics: {'B_num_rows': 3082, 'B_num_cols': 800, 'B_min_dim': 800, 'B_numerical_rank': 800, 'B_rank_fraction': 1.0, 'B_rank_tolerance': 3.354884701955996e-05, 'B_stable_rank': 295.94775390625, 'B_effective_rank': 771.7382213471232, 'B_entropy_rank': 6.648645401000977, 'B_spectral_norm': 0.09131347388029099, 'B_frobenius_norm': 1.5708777904510498, 'B_nuclear_norm': 42.93048858642578, 'B_condition_number': 3.3487043357937676, 'B_condition_number_tol': 3.3487043357937676, 'B_smallest_singular_value': 0.0272682998329401, 'B_rank_rel_1em2': 800, 'B_rank_rel_1em3': 800, 'B_rank_rel_1em4': 800}
Global-loss target mass diagnostics: {'target_mass_mean': -9.464066505432129, 'target_mass_min': -14.95985221862793, 'target_mass_max': -1.3713845014572144, 'target_mass_sd': 3.2566628456115723, 'target_mass_rmse_to_target': 10.954290390014648, 'target_beta_min': -0.07865948975086212, 'target_beta_max': 0.044457122683525085, 'target_neg_frac_mean': 0.8056}
Return dictionary Z_grid shape: (800, 3)
Replicate 54 risk metrics: {'risk_n_steps_recorded': 81.0, 'risk_n_diagnostics_recorded': 81.0, 'risk_log_obj_initial': 9.92060649234832, 'risk_log_obj_final': 4.841924244940411, 'risk_log_obj_min': 4.841924244940411, 'risk_obj_initial': 20345.32617187498, 'risk_obj_final': 126.7129440307617, 'risk_obj_min': 126.7129440307617, 'risk_log_obj_drop': 5.078682247407909, 'risk_log_bellman_root_initial': 3.4979689093926587, 'risk_log_bellman_root_final': 0.95227772283993, 'risk_log_bellman_root_min': 0.95227772283993, 'risk_bellman_root_initial': 33.04825973510742, 'risk_bellman_root_final': 2.5916059017181396, 'risk_bellman_root_min': 2.5916059017181396, 'risk_bellman_initial': 1092.1874715191227, 'risk_bellman_final': 6.716421149820293, 'risk_bellman_min': 6.716421149820293, 'risk_log_bellman_root_drop': 2.5456911865527285, 'risk_bellman_returned': 6.716421127319336, 'risk_obj_returned': 126.71294403076172, 'risk_returned_step': 4000.0, 'offline_data_id': 54, 'benchmark_point_source': 'fixed_config_plus_support_safe_target_policy_draws', 'target_set_size': 100, 'lambda_reg': 0.005, 'lambda_B': 2e-05, 'num_steps': 4000, 'transition_reduction_enabled': 1, 'transition_reduction_method': 'kmeans', 'transition_original_rows': 12000, 'transition_reduced_rows': 3082, 'transition_compression_ratio': 0.25683333333333336, 'target_mass_mean': -9.464066505432129, 'target_mass_min': -14.95985221862793, 'target_mass_max': -1.3713845014572144, 'target_mass_sd': 3.2566628456115723, 'target_mass_rmse_to_target': 10.954290390014648, 'target_beta_min': -0.07865948975086212, 'target_beta_max': 0.044457122683525085, 'target_neg_frac_mean': 0.8056, 'B_num_rows': 3082, 'B_num_cols': 800, 'B_min_dim': 800, 'B_numerical_rank': 800, 'B_rank_fraction': 1.0, 'B_rank_tolerance': 3.354884701955996e-05, 'B_stable_rank': 295.94775390625, 'B_effective_rank': 771.7382213471232, 'B_entropy_rank': 6.648645401000977, 'B_spectral_norm': 0.09131347388029099, 'B_frobenius_norm': 1.5708777904510498, 'B_nuclear_norm': 42.93048858642578, 'B_condition_number': 3.3487043357937676, 'B_condition_number_tol': 3.3487043357937676, 'B_smallest_singular_value': 0.0272682998329401, 'B_rank_rel_1em2': 800, 'B_rank_rel_1em3': 800, 'B_rank_rel_1em4': 800, 'risk_objective_final_raw': 126.71294403076172, 'risk_objective_min_raw': 126.71294403076172, 'risk_objective_max_raw': 20345.326171875, 'risk_bellman_final_raw': 6.716421127319336, 'risk_bellman_min_raw': 6.716421127319336, 'risk_bellman_max_raw': 1092.1873779296875, 'risk_rkhs_ridge_final_raw': 6.0512884374475107e-05, 'risk_rkhs_ridge_min_raw': 6.013229722157121e-05, 'risk_rkhs_ridge_max_raw': 0.0022840499877929688, 'risk_mass_final_raw': 119.9964599609375, 'risk_mass_min_raw': 119.9964599609375, 'risk_mass_max_raw': 19253.13671875, 'risk_negativity_final_raw': 0.0, 'risk_negativity_min_raw': 0.0, 'risk_negativity_max_raw': 0.0, 'risk_B_norm_final_raw': 1.5707095861434937, 'risk_B_norm_min_raw': 1.5699270963668823, 'risk_B_norm_max_raw': 1.6385796070098877, 'risk_diagnostic_step_final_raw': 4000.0, 'risk_diagnostic_step_min_raw': 1.0, 'risk_diagnostic_step_max_raw': 4000.0, 'risk_best_step_final_raw': 4000.0, 'risk_best_step_min_raw': 4000.0, 'risk_best_step_max_raw': 4000.0, 'risk_best_objective_final_raw': 126.71294403076172, 'risk_best_objective_min_raw': 126.71294403076172, 'risk_best_objective_max_raw': 126.71294403076172, 'risk_best_bellman_final_raw': 6.716421127319336, 'risk_best_bellman_min_raw': 6.716421127319336, 'risk_best_bellman_max_raw': 6.716421127319336, 'risk_returned_step_final_raw': 4000.0, 'risk_returned_step_min_raw': 4000.0, 'risk_returned_step_max_raw': 4000.0, 'risk_returned_objective_final_raw': 126.71294403076172, 'risk_returned_objective_min_raw': 126.71294403076172, 'risk_returned_objective_max_raw': 126.71294403076172, 'risk_returned_bellman_final_raw': 6.716421127319336, 'risk_returned_bellman_min_raw': 6.716421127319336, 'risk_returned_bellman_max_raw': 6.716421127319336, 'risk_returned_best_checkpoint_final_raw': 1.0, 'risk_returned_best_checkpoint_min_raw': 1.0, 'risk_returned_best_checkpoint_max_raw': 1.0}
Benchmark 0 evaluation grid shape: (800, 3)
Replicate 54, benchmark 0 metrics: {'run_id': '54_b0', 'RMSE': 1.9883467963507497, 'MAE': 1.7258417742003802, 'SupNorm': 4.089395970106125, 'Bias': -1.7258417742003802, 'Corr': -0.4369879929265887, 'deming_slope': -22.450671248243523, 'deming_intercept': 4.423376747634449, 'beta_sum': -6.5607829093933105, 'beta_l1': 8.644411087036133, 'beta_l2': 0.3787861764431, 'beta_min': -0.03930213302373886, 'beta_max': 0.024549897760152817, 'beta_neg_frac': 0.7725, 'offline_data_id': 54, 'benchmark_id': 0, 'benchmark_point_source': 'fixed_config', 'target_set_size': 100, 'benchmark_z_path': 'data/Z_true.pt', 'projected_bellman_test_risk': 0.09343646466732025, 'oracle_embedding_risk': 21.454769134521484, 'benchmark_embedding_risk': 21.454769134521484, 'risk_bellman_final': 6.716421149820293, 'risk_obj_final': 126.7129440307617, 'B_num_rows': 3082, 'B_num_cols': 800, 'B_min_dim': 800, 'B_numerical_rank': 800, 'B_rank_fraction': 1.0, 'B_rank_tolerance': 3.354884701955996e-05, 'B_stable_rank': 295.94775390625, 'B_effective_rank': 771.7382213471232, 'B_entropy_rank': 6.648645401000977, 'B_spectral_norm': 0.09131347388029099, 'B_frobenius_norm': 1.5708777904510498, 'B_nuclear_norm': 42.93048858642578, 'B_condition_number': 3.3487043357937676, 'B_condition_number_tol': 3.3487043357937676, 'B_smallest_singular_value': 0.0272682998329401, 'B_rank_rel_1em2': 800, 'B_rank_rel_1em3': 800, 'B_rank_rel_1em4': 800}
Saved ./mu/mu_hat.csv shape=(800,)
Saved ./mu/mu2D_hat_dims01.csv shape=(120, 120)
Saved ./mu/mu2D_hat_dims01.csv shape=(120, 120)
Saved plots/replicate_54/mu_3D.png
Benchmark 1 evaluation grid shape: (800, 3)
Replicate 54, benchmark 1 metrics: {'run_id': '54_b1', 'RMSE': 5.943630289270017, 'MAE': 5.479568221983209, 'SupNorm': 9.802909314632416, 'Bias': -5.479568221983209, 'Corr': -0.9957727010293097, 'deming_slope': -23.143038078590425, 'deming_intercept': 0.8105208301203355, 'beta_sum': -17.028453826904297, 'beta_l1': 19.40296173095703, 'beta_l2': 0.829113781452179, 'beta_min': -0.07912468910217285, 'beta_max': 0.03954643756151199, 'beta_neg_frac': 0.8475, 'offline_data_id': 54, 'benchmark_id': 1, 'benchmark_point_source': 'fixed_config', 'target_set_size': 100, 'benchmark_z_path': 'data/Z_true.pt', 'projected_bellman_test_risk': 13.624387741088867, 'oracle_embedding_risk': 119.60689544677734, 'benchmark_embedding_risk': 119.60689544677734, 'risk_bellman_final': 6.716421149820293, 'risk_obj_final': 126.7129440307617, 'B_num_rows': 3082, 'B_num_cols': 800, 'B_min_dim': 800, 'B_numerical_rank': 800, 'B_rank_fraction': 1.0, 'B_rank_tolerance': 3.354884701955996e-05, 'B_stable_rank': 295.94775390625, 'B_effective_rank': 771.7382213471232, 'B_entropy_rank': 6.648645401000977, 'B_spectral_norm': 0.09131347388029099, 'B_frobenius_norm': 1.5708777904510498, 'B_nuclear_norm': 42.93048858642578, 'B_condition_number': 3.3487043357937676, 'B_condition_number_tol': 3.3487043357937676, 'B_smallest_singular_value': 0.0272682998329401, 'B_rank_rel_1em2': 800, 'B_rank_rel_1em3': 800, 'B_rank_rel_1em4': 800}
Benchmark 2 evaluation grid shape: (800, 3)
Replicate 54, benchmark 2 metrics: {'run_id': '54_b2', 'RMSE': 5.652214054626489, 'MAE': 5.217756354369048, 'SupNorm': 9.288854509592056, 'Bias': -5.217756354369048, 'Corr': -0.9292076683987236, 'deming_slope': -24.189372995337397, 'deming_intercept': 1.5338415982040967, 'beta_sum': -16.04342269897461, 'beta_l1': 18.54438591003418, 'beta_l2': 0.7951174378395081, 'beta_min': -0.07759393751621246, 'beta_max': 0.04284142702817917, 'beta_neg_frac': 0.84, 'offline_data_id': 54, 'benchmark_id': 2, 'benchmark_point_source': 'fixed_config', 'target_set_size': 100, 'benchmark_z_path': 'data/Z_true.pt', 'projected_bellman_test_risk': 11.07883071899414, 'oracle_embedding_risk': 107.64507293701172, 'benchmark_embedding_risk': 107.64507293701172, 'risk_bellman_final': 6.716421149820293, 'risk_obj_final': 126.7129440307617, 'B_num_rows': 3082, 'B_num_cols': 800, 'B_min_dim': 800, 'B_numerical_rank': 800, 'B_rank_fraction': 1.0, 'B_rank_tolerance': 3.354884701955996e-05, 'B_stable_rank': 295.94775390625, 'B_effective_rank': 771.7382213471232, 'B_entropy_rank': 6.648645401000977, 'B_spectral_norm': 0.09131347388029099, 'B_frobenius_norm': 1.5708777904510498, 'B_nuclear_norm': 42.93048858642578, 'B_condition_number': 3.3487043357937676, 'B_condition_number_tol': 3.3487043357937676, 'B_smallest_singular_value': 0.0272682998329401, 'B_rank_rel_1em2': 800, 'B_rank_rel_1em3': 800, 'B_rank_rel_1em4': 800}
Benchmark 3 evaluation grid shape: (800, 3)
Replicate 54, benchmark 3 metrics: {'run_id': '54_b3', 'RMSE': 5.496504548957017, 'MAE': 5.039163039349951, 'SupNorm': 9.210596710443497, 'Bias': -5.039163039349951, 'Corr': -0.9471296408881447, 'deming_slope': -23.324006353196097, 'deming_intercept': 1.2668366969641953, 'beta_sum': -15.967638969421387, 'beta_l1': 18.35908317565918, 'beta_l2': 0.7849549055099487, 'beta_min': -0.07952508330345154, 'beta_max': 0.039495907723903656, 'beta_neg_frac': 0.84, 'offline_data_id': 54, 'benchmark_id': 3, 'benchmark_point_source': 'fixed_config', 'target_set_size': 100, 'benchmark_z_path': 'data/Z_true.pt', 'projected_bellman_test_risk': 11.186899185180664, 'oracle_embedding_risk': 106.40383911132812, 'benchmark_embedding_risk': 106.40383911132812, 'risk_bellman_final': 6.716421149820293, 'risk_obj_final': 126.7129440307617, 'B_num_rows': 3082, 'B_num_cols': 800, 'B_min_dim': 800, 'B_numerical_rank': 800, 'B_rank_fraction': 1.0, 'B_rank_tolerance': 3.354884701955996e-05, 'B_stable_rank': 295.94775390625, 'B_effective_rank': 771.7382213471232, 'B_entropy_rank': 6.648645401000977, 'B_spectral_norm': 0.09131347388029099, 'B_frobenius_norm': 1.5708777904510498, 'B_nuclear_norm': 42.93048858642578, 'B_condition_number': 3.3487043357937676, 'B_condition_number_tol': 3.3487043357937676, 'B_smallest_singular_value': 0.0272682998329401, 'B_rank_rel_1em2': 800, 'B_rank_rel_1em3': 800, 'B_rank_rel_1em4': 800}
Benchmark 4 evaluation grid shape: (800, 3)
Replicate 54, benchmark 4 metrics: {'run_id': '54_b4', 'RMSE': 1.0514259058206656, 'MAE': 0.837242099877476, 'SupNorm': 2.955981731414795, 'Bias': -0.837242099877476, 'Corr': -0.006328453911699636, 'deming_slope': -1027.5744226999827, 'deming_intercept': 273.38551644946466, 'beta_sum': -4.843986988067627, 'beta_l1': 7.100297451019287, 'beta_l2': 0.3156917989253998, 'beta_min': -0.03253466635942459, 'beta_max': 0.03732242435216904, 'beta_neg_frac': 0.76, 'offline_data_id': 54, 'benchmark_id': 4, 'benchmark_point_source': 'support_safe_target_policy_draw', 'target_set_size': 100, 'benchmark_z_path': 'data/Z_true.pt', 'projected_bellman_test_risk': 0.10747800767421722, 'oracle_embedding_risk': 12.521729469299316, 'benchmark_embedding_risk': 12.521729469299316, 'risk_bellman_final': 6.716421149820293, 'risk_obj_final': 126.7129440307617, 'B_num_rows': 3082, 'B_num_cols': 800, 'B_min_dim': 800, 'B_numerical_rank': 800, 'B_rank_fraction': 1.0, 'B_rank_tolerance': 3.354884701955996e-05, 'B_stable_rank': 295.94775390625, 'B_effective_rank': 771.7382213471232, 'B_entropy_rank': 6.648645401000977, 'B_spectral_norm': 0.09131347388029099, 'B_frobenius_norm': 1.5708777904510498, 'B_nuclear_norm': 42.93048858642578, 'B_condition_number': 3.3487043357937676, 'B_condition_number_tol': 3.3487043357937676, 'B_smallest_singular_value': 0.0272682998329401, 'B_rank_rel_1em2': 800, 'B_rank_rel_1em3': 800, 'B_rank_rel_1em4': 800}
Benchmark 5 evaluation grid shape: (800, 3)
Replicate 54, benchmark 5 metrics: {'run_id': '54_b5', 'RMSE': 0.2951769581629386, 'MAE': 0.27809093440029753, 'SupNorm': 0.4510025680065155, 'Bias': -0.27809093440029753, 'Corr': 0.04676417969645417, 'deming_slope': 0.022788456097542306, 'deming_intercept': -0.026962612359142688, 'beta_sum': -0.19700445234775543, 'beta_l1': 0.9381124973297119, 'beta_l2': 0.04265236854553223, 'beta_min': -0.0043341717682778835, 'beta_max': 0.007257775403559208, 'beta_neg_frac': 0.6075, 'offline_data_id': 54, 'benchmark_id': 5, 'benchmark_point_source': 'support_safe_target_policy_draw', 'target_set_size': 100, 'benchmark_z_path': 'data/Z_true.pt', 'projected_bellman_test_risk': 0.07634000480175018, 'oracle_embedding_risk': 1.0911680459976196, 'benchmark_embedding_risk': 1.0911680459976196, 'risk_bellman_final': 6.716421149820293, 'risk_obj_final': 126.7129440307617, 'B_num_rows': 3082, 'B_num_cols': 800, 'B_min_dim': 800, 'B_numerical_rank': 800, 'B_rank_fraction': 1.0, 'B_rank_tolerance': 3.354884701955996e-05, 'B_stable_rank': 295.94775390625, 'B_effective_rank': 771.7382213471232, 'B_entropy_rank': 6.648645401000977, 'B_spectral_norm': 0.09131347388029099, 'B_frobenius_norm': 1.5708777904510498, 'B_nuclear_norm': 42.93048858642578, 'B_condition_number': 3.3487043357937676, 'B_condition_number_tol': 3.3487043357937676, 'B_smallest_singular_value': 0.0272682998329401, 'B_rank_rel_1em2': 800, 'B_rank_rel_1em3': 800, 'B_rank_rel_1em4': 800}
Benchmark 6 evaluation grid shape: (800, 3)
Replicate 54, benchmark 6 metrics: {'run_id': '54_b6', 'RMSE': 3.068010555272786, 'MAE': 2.7313526454218664, 'SupNorm': 5.692179441452026, 'Bias': -2.7313526454218664, 'Corr': -0.6484935296833322, 'deming_slope': -21.48705998838104, 'deming_intercept': 3.2050330563646496, 'beta_sum': -9.338340759277344, 'beta_l1': 11.528451919555664, 'beta_l2': 0.5004004836082458, 'beta_min': -0.051665280014276505, 'beta_max': 0.025445882230997086, 'beta_neg_frac': 0.7925, 'offline_data_id': 54, 'benchmark_id': 6, 'benchmark_point_source': 'support_safe_target_policy_draw', 'target_set_size': 100, 'benchmark_z_path': 'data/Z_true.pt', 'projected_bellman_test_risk': 1.4012715816497803, 'oracle_embedding_risk': 40.267738342285156, 'benchmark_embedding_risk': 40.267738342285156, 'risk_bellman_final': 6.716421149820293, 'risk_obj_final': 126.7129440307617, 'B_num_rows': 3082, 'B_num_cols': 800, 'B_min_dim': 800, 'B_numerical_rank': 800, 'B_rank_fraction': 1.0, 'B_rank_tolerance': 3.354884701955996e-05, 'B_stable_rank': 295.94775390625, 'B_effective_rank': 771.7382213471232, 'B_entropy_rank': 6.648645401000977, 'B_spectral_norm': 0.09131347388029099, 'B_frobenius_norm': 1.5708777904510498, 'B_nuclear_norm': 42.93048858642578, 'B_condition_number': 3.3487043357937676, 'B_condition_number_tol': 3.3487043357937676, 'B_smallest_singular_value': 0.0272682998329401, 'B_rank_rel_1em2': 800, 'B_rank_rel_1em3': 800, 'B_rank_rel_1em4': 800}
Benchmark 7 evaluation grid shape: (800, 3)
Replicate 54, benchmark 7 metrics: {'run_id': '54_b7', 'RMSE': 3.0180640979412194, 'MAE': 2.6128882466832875, 'SupNorm': 6.134574770927429, 'Bias': -2.6128882466832875, 'Corr': -0.4863246089606227, 'deming_slope': -32.192478022407975, 'deming_intercept': 6.066453227523345, 'beta_sum': -10.466865539550781, 'beta_l1': 12.58626937866211, 'beta_l2': 0.5469709038734436, 'beta_min': -0.05695312097668648, 'beta_max': 0.03200119361281395, 'beta_neg_frac': 0.84375, 'offline_data_id': 54, 'benchmark_id': 7, 'benchmark_point_source': 'support_safe_target_policy_draw', 'target_set_size': 100, 'benchmark_z_path': 'data/Z_true.pt', 'projected_bellman_test_risk': 2.7612967491149902, 'oracle_embedding_risk': 48.099491119384766, 'benchmark_embedding_risk': 48.099491119384766, 'risk_bellman_final': 6.716421149820293, 'risk_obj_final': 126.7129440307617, 'B_num_rows': 3082, 'B_num_cols': 800, 'B_min_dim': 800, 'B_numerical_rank': 800, 'B_rank_fraction': 1.0, 'B_rank_tolerance': 3.354884701955996e-05, 'B_stable_rank': 295.94775390625, 'B_effective_rank': 771.7382213471232, 'B_entropy_rank': 6.648645401000977, 'B_spectral_norm': 0.09131347388029099, 'B_frobenius_norm': 1.5708777904510498, 'B_nuclear_norm': 42.93048858642578, 'B_condition_number': 3.3487043357937676, 'B_condition_number_tol': 3.3487043357937676, 'B_smallest_singular_value': 0.0272682998329401, 'B_rank_rel_1em2': 800, 'B_rank_rel_1em3': 800, 'B_rank_rel_1em4': 800}
Benchmark 8 evaluation grid shape: (800, 3)
Replicate 54, benchmark 8 metrics: {'run_id': '54_b8', 'RMSE': 1.2736414654986452, 'MAE': 1.1208240324052168, 'SupNorm': 2.584783047437668, 'Bias': -1.1208240324052168, 'Corr': -0.4824543569856144, 'deming_slope': -11.469003096770846, 'deming_intercept': 2.1272787303235754, 'beta_sum': -3.9179599285125732, 'beta_l1': 5.452078819274902, 'beta_l2': 0.2367502897977829, 'beta_min': -0.02507062256336212, 'beta_max': 0.01615566946566105, 'beta_neg_frac': 0.7625, 'offline_data_id': 54, 'benchmark_id': 8, 'benchmark_point_source': 'support_safe_target_policy_draw', 'target_set_size': 100, 'benchmark_z_path': 'data/Z_true.pt', 'projected_bellman_test_risk': 1.9480936527252197, 'oracle_embedding_risk': 9.03858470916748, 'benchmark_embedding_risk': 9.03858470916748, 'risk_bellman_final': 6.716421149820293, 'risk_obj_final': 126.7129440307617, 'B_num_rows': 3082, 'B_num_cols': 800, 'B_min_dim': 800, 'B_numerical_rank': 800, 'B_rank_fraction': 1.0, 'B_rank_tolerance': 3.354884701955996e-05, 'B_stable_rank': 295.94775390625, 'B_effective_rank': 771.7382213471232, 'B_entropy_rank': 6.648645401000977, 'B_spectral_norm': 0.09131347388029099, 'B_frobenius_norm': 1.5708777904510498, 'B_nuclear_norm': 42.93048858642578, 'B_condition_number': 3.3487043357937676, 'B_condition_number_tol': 3.3487043357937676, 'B_smallest_singular_value': 0.0272682998329401, 'B_rank_rel_1em2': 800, 'B_rank_rel_1em3': 800, 'B_rank_rel_1em4': 800}
Benchmark 9 evaluation grid shape: (800, 3)
Replicate 54, benchmark 9 metrics: {'run_id': '54_b9', 'RMSE': 3.149710743433436, 'MAE': 2.764883863228606, 'SupNorm': 5.944210350513458, 'Bias': -2.764883863228606, 'Corr': -0.5827271145896284, 'deming_slope': -26.016730635273746, 'deming_intercept': 4.415222909249261, 'beta_sum': -9.93515396118164, 'beta_l1': 11.856608390808105, 'beta_l2': 0.5128400325775146, 'beta_min': -0.05738905072212219, 'beta_max': 0.026828110218048096, 'beta_neg_frac': 0.83125, 'offline_data_id': 54, 'benchmark_id': 9, 'benchmark_point_source': 'support_safe_target_policy_draw', 'target_set_size': 100, 'benchmark_z_path': 'data/Z_true.pt', 'projected_bellman_test_risk': 0.03975936770439148, 'oracle_embedding_risk': 44.56303787231445, 'benchmark_embedding_risk': 44.56303787231445, 'risk_bellman_final': 6.716421149820293, 'risk_obj_final': 126.7129440307617, 'B_num_rows': 3082, 'B_num_cols': 800, 'B_min_dim': 800, 'B_numerical_rank': 800, 'B_rank_fraction': 1.0, 'B_rank_tolerance': 3.354884701955996e-05, 'B_stable_rank': 295.94775390625, 'B_effective_rank': 771.7382213471232, 'B_entropy_rank': 6.648645401000977, 'B_spectral_norm': 0.09131347388029099, 'B_frobenius_norm': 1.5708777904510498, 'B_nuclear_norm': 42.93048858642578, 'B_condition_number': 3.3487043357937676, 'B_condition_number_tol': 3.3487043357937676, 'B_smallest_singular_value': 0.0272682998329401, 'B_rank_rel_1em2': 800, 'B_rank_rel_1em3': 800, 'B_rank_rel_1em4': 800}
Replicate 54 finished in 20.7s
Finished combo 2, offline replicate 54.
