Job ID:    2358986
Array idx: 205
CPUs/node: 64
Mem/node:  131072
Using CC = cc 
Using CXX = CC 
Using FC = ftn 
Using F77 = ftn 
Using F90 = ftn 
cuda/12.6.1 is deprecated; loading cudatoolkit/25.5_12.9 instead.
Using CC = /opt/nvidia/hpc_sdk/Linux_aarch64/25.5/compilers/bin/nvc 
Using CXX = /opt/nvidia/hpc_sdk/Linux_aarch64/25.5/compilers/bin/nvc++ 
Using FC = /opt/nvidia/hpc_sdk/Linux_aarch64/25.5/compilers/bin/nvfortran 
Using F77 = /opt/nvidia/hpc_sdk/Linux_aarch64/25.5/compilers/bin/nvfortran 
Using F90 = /opt/nvidia/hpc_sdk/Linux_aarch64/25.5/compilers/bin/nvfortran 
Using CC = /opt/nvidia/hpc_sdk/Linux_aarch64/25.5/compilers/bin/nvc 
Using CXX = /opt/nvidia/hpc_sdk/Linux_aarch64/25.5/compilers/bin/nvc++ 
Using FC = /opt/nvidia/hpc_sdk/Linux_aarch64/25.5/compilers/bin/nvfortran 
Using F77 = /opt/nvidia/hpc_sdk/Linux_aarch64/25.5/compilers/bin/nvfortran 
Using F90 = /opt/nvidia/hpc_sdk/Linux_aarch64/25.5/compilers/bin/nvfortran 

Lmod is automatically replacing "gcc-native/14" with "gcc/14.2.0".

ghx4
0
Tuning combo id: 2 / 6
Offline replicate id: 5 / 99
Installing ke_drl from git: https://github.com/mehrdadmhmdi/ke-drl.git@main
Collecting git+https://github.com/mehrdadmhmdi/ke-drl.git@main
  Cloning https://github.com/mehrdadmhmdi/ke-drl.git (to revision main) to /tmp/pip-req-build-dfjmfwty
  Running command git clone --filter=blob:none --quiet https://github.com/mehrdadmhmdi/ke-drl.git /tmp/pip-req-build-dfjmfwty
  Resolved https://github.com/mehrdadmhmdi/ke-drl.git to commit 3c5d570e40ea15b1fbe4817b5f43b64c7b333e82
  Installing build dependencies: started
  Installing build dependencies: finished with status 'done'
  Getting requirements to build wheel: started
  Getting requirements to build wheel: finished with status 'done'
  Preparing metadata (pyproject.toml): started
  Preparing metadata (pyproject.toml): finished with status 'done'
Building wheels for collected packages: ke_drl
  Building wheel for ke_drl (pyproject.toml): started
  Building wheel for ke_drl (pyproject.toml): finished with status 'done'
  Created wheel for ke_drl: filename=ke_drl-0.1.0-py3-none-any.whl size=47219 sha256=0f55e0abf5637db14b6f7d35d6e68f84b8ebc615613ec84946e2a9c1ba2284d5
  Stored in directory: /tmp/pip-ephem-wheel-cache-qkyd00_0/wheels/24/47/ad/9a4ffd3b05d3e90e35ffc6e7324b735b8bfcf5f51aaf29a333
Successfully built ke_drl
Installing collected packages: ke_drl
Successfully installed ke_drl-0.1.0
Installed ke_drl source: /work/nvme/bfez/mehrdad3/DistRL/simulation_3/runs/sim3_global_2358722_2/.kedrl_site_205/ke_drl/__init__.py
Tuning combo 2: lambda_B_0.00002
Overrides: {'lambda_B': 2e-05}
RUN: /sw/user/python/miniforge3-pytorch-24.11.3/bin/python3 validate_sim_config.py --params params.yaml
ke_drl import source: /work/nvme/bfez/mehrdad3/DistRL/simulation_3/runs/sim3_global_2358722_2/.kedrl_site_205/ke_drl/__init__.py
ke_drl package API OK: prediction weights, RFF operators, rank diagnostics, and best-checkpoint optimizer available
Policy config OK: behavior=uniform, target=logistic, state_dim=5, action_dim=1
Note: policy.logistic.theta_scale/theta_std are log-scale coefficients in Probability_Densities.
Behavior-policy linearized state-process diagnostic: spectral_radius=0.653, offline_burn_in=50
Replicate config OK: num_replicates=100, benchmark points=10 independent of D_i, loss target points=100
Transition reduction OK: method=kmeans, raw rows N(T-1)=12000, target rows about 3000, B rows reduced from 12000 to about 3000
Return-operator approximation OK: method=rff, features=512, exact G avoided for estimated N=12000, m=800, L=100
Fixed benchmark config rows=4 (benchmark.num_points=10; additional points are support-safe target-policy draws if needed)
Fixed benchmark point 0: s_star=[0.6, -0.8, 0.7, -0.5, 0.9], a_star=[0.5]
Fixed benchmark behavior-support interval for configured rows: min_lower=-0.12, max_upper=1.11
Fixed benchmark target-policy location range: [-0.02, 0.14]
Reusing shared data from /work/nvme/bfez/mehrdad3/DistRL/simulation_3/runs/sim3_shared_data/data for offline replicate 5.
RUN: /sw/user/python/miniforge3-pytorch-24.11.3/bin/python3 validate_sim_config.py --params params.yaml --data data/offline_data_5.pt
ke_drl import source: /work/nvme/bfez/mehrdad3/DistRL/simulation_3/runs/sim3_global_2358722_2/.kedrl_site_205/ke_drl/__init__.py
ke_drl package API OK: prediction weights, RFF operators, rank diagnostics, and best-checkpoint optimizer available
Policy config OK: behavior=uniform, target=logistic, state_dim=5, action_dim=1
Note: policy.logistic.theta_scale/theta_std are log-scale coefficients in Probability_Densities.
Behavior-policy linearized state-process diagnostic: spectral_radius=0.653, offline_burn_in=50
Replicate config OK: num_replicates=100, benchmark points=10 independent of D_i, loss target points=100
Transition reduction OK: method=kmeans, raw rows N(T-1)=12000, target rows about 3000, B rows reduced from 12000 to about 3000
Return-operator approximation OK: method=rff, features=512, exact G avoided for estimated N=12000, m=800, L=100
Fixed benchmark config rows=4 (benchmark.num_points=10; additional points are support-safe target-policy draws if needed)
Fixed benchmark point 0: s_star=[0.6, -0.8, 0.7, -0.5, 0.9], a_star=[0.5]
Fixed benchmark behavior-support interval for configured rows: min_lower=-0.12, max_upper=1.11
Fixed benchmark target-policy location range: [-0.02, 0.14]
Full benchmark support check OK: 10 points, min_lower=-2.177, max_upper=2.05
observed behavior actions: mean=0.3937, sd=0.6832, q0/q10/q50/q90/q100=[-2.4266960620880127, -0.42886918783187866, 0.3392917066812515, 1.3091805934906007, 3.1016955375671387]
target-policy sampled actions: mean=-0.03398, sd=0.6714, q0/q10/q50/q90/q100=[-2.7970999210691403, -0.8976614994468494, -0.0267850881858938, 0.8259355794931433, 2.4003928657695655]
behavior uniform lower: mean=-0.1338, sd=0.6656, q0/q10/q50/q90/q100=[-2.8857422113418583, -0.9923441082239151, -0.13041303455829623, 0.7213833442330363, 2.1123686313629153]
behavior uniform upper: mean=0.9234, sd=0.6452, q0/q10/q50/q90/q100=[-1.0976205825805663, 0.06979155495762827, 0.9391252562403679, 1.7614358496665956, 3.1123686313629153]
target location inside behavior uniform support: 0.970
RUN: /sw/user/python/miniforge3-pytorch-24.11.3/bin/python3 main_est.py
# ================================================================ #
#   Global KE-DRL estimation for one offline replicate              #
# ================================================================ #
Slurm Job ID: 2358986
Slurm Array ID: 5 -- used as the offline-replicate id
Offline data id: 5
ke_drl import source: /work/nvme/bfez/mehrdad3/DistRL/simulation_3/runs/sim3_global_2358722_2/.kedrl_site_205/ke_drl/__init__.py
Estimator device: cuda (NVIDIA GH200 120GB, capability 9.0); torch CUDA=13.0
Random seed: 20460517
Number of offline replicates: 100
[transition reduction] enabled: original rows=12000, target basis=3000, method=kmeans, device=cuda
[transition reduction] kmeans iter 1/20, mean center shift=2.7496e-01
[transition reduction] kmeans iter 5/20, mean center shift=3.9938e-03
[transition reduction] kmeans iter 10/20, mean center shift=1.0546e-04
[transition reduction] selected 3078 rows from 12000 transitions (ratio 0.2565); indices saved to data/reduced_transition_indices_5.pt
Data and parameters loaded.
offline path: data/offline_data_5.pt
benchmark true-Z path: data/Z_true.pt
offline shapes after reduction: s0=(3078, 5), a0=(3078, 1), r0=(3078, 3)
transition reduction: {'enabled': True, 'method': 'kmeans', 'original_rows': 12000, 'reduced_rows': 3078, 'selected_indices_path': 'data/reduced_transition_indices_5.pt', 'target_basis': 3000, 'compression_ratio': 0.2565}
fixed benchmark point source: fixed_config_plus_support_safe_target_policy_draws
benchmark row excluded from this offline data: None
global loss target set shape: s_star=(100, 5), a_star=(100, 1)
benchmark true-Z count=10, shape each=(50000, 3)
target policy: logistic
behavior policy: uniform
lambda_Gamma=0.005, lambda_B=2e-05, d_r_method=song
dtype=torch.float32, operator_method=rff, operator_num_features=512
ridge_mode=rkhs, diagnostic_interval=50
mass_anchor_lambda=1.0, target_mass=1.0
uLSIF basis: source=numerator, n_basis=512, lambda_reg=0.005
optimizer stabilizers: lambda_neg=0.0, max_B_norm=None, eta_clip_min=0.0, eta_clip_max=5.0, normalize_eta=True
========================================
Estimating the global KE-DRL mean embedding
torch device=cuda, dtype=torch.float32
Data dims: N=3078, L=100, Ds=5, Da=1, Dr=3
lambda_Gamma=0.005, lambda_B=2e-05
return-operator construction: method=rff, rff_features=512
[uLSIF] basis=512/3078 (numerator); eta_hat min=-5.657e-01 max=5.471e+00 neg%=3.67
ESS for eta_plus: 2167.1 / 3078
eta_plus diagnostics: raw_mean=0.999, raw_min=-0.566, raw_max=5.47; used_mean=1, used_min=0, used_max=4.98
[timing] Z-grid: 0.03s
[timing] K_X: 0.00s
[timing] K_plus: 0.00s
[timing] k_star: 0.00s
[timing] Gamma_stack: 0.01s
[timing] Phi_stack: 0.00s
[timing] RFF feature sample: 0.00s
[timing] K_Z RFF: 0.00s
[timing] G_stack RFF: 0.01s
[timing] H_stack RFF: 0.01s
findfont: Font family 'Nimbus Roman' not found.
findfont: Font family 'Nimbus Roman' not found.
findfont: Font family 'Nimbus Roman' not found.
findfont: Font family 'Nimbus Roman' not found.
findfont: Font family 'Nimbus Roman' not found.
findfont: Font family 'Nimbus Roman' not found.
findfont: Font family 'Nimbus Roman' not found.
findfont: Font family 'Nimbus Roman' not found.
findfont: Font family 'Nimbus Roman' not found.
findfont: Font family 'Nimbus Roman' not found.
findfont: Font family 'Nimbus Roman' not found.
findfont: Font family 'Nimbus Roman' not found.
findfont: Font family 'Nimbus Roman' not found.
findfont: Font family 'Nimbus Roman' not found.
findfont: Font family 'Nimbus Roman' not found.
findfont: Font family 'Nimbus Roman' not found.
findfont: Font family 'Nimbus Roman' not found.
findfont: Font family 'Nimbus Roman' not found.
findfont: Font family 'Nimbus Roman' not found.
findfont: Font family 'Nimbus Roman' not found.
findfont: Font family 'Nimbus Roman' not found.
findfont: Font family 'Nimbus Roman' not found.
findfont: Font family 'Nimbus Roman' not found.
findfont: Font family 'Nimbus Roman' not found.
findfont: Font family 'Nimbus Roman' not found.
findfont: Font family 'Nimbus Roman' not found.
findfont: Font family 'Nimbus Roman' not found.
findfont: Font family 'Nimbus Roman' not found.
findfont: Font family 'Nimbus Roman' not found.
findfont: Font family 'Nimbus Roman' not found.
findfont: Font family 'Nimbus Roman' not found.
findfont: Font family 'Nimbus Roman' not found.
findfont: Font family 'Nimbus Roman' not found.
findfont: Font family 'Nimbus Roman' not found.
findfont: Font family 'Nimbus Roman' not found.
findfont: Font family 'Nimbus Roman' not found.
findfont: Font family 'Nimbus Roman' not found.
findfont: Font family 'Nimbus Roman' not found.
findfont: Font family 'Nimbus Roman' not found.
findfont: Font family 'Nimbus Roman' not found.
findfont: Font family 'Nimbus Roman' not found.
findfont: Font family 'Nimbus Roman' not found.
findfont: Font family 'Nimbus Roman' not found.
findfont: Font family 'Nimbus Roman' not found.
findfont: Font family 'Nimbus Roman' not found.
findfont: Font family ['Nimbus Roman'] not found. Falling back to DejaVu Sans.
findfont: Font family 'Nimbus Roman' not found.
findfont: Font family ['Nimbus Roman'] not found. Falling back to DejaVu Sans.
findfont: Font family 'Nimbus Roman' not found.
findfont: Font family 'Nimbus Roman' not found.
findfont: Font family 'Nimbus Roman' not found.
findfont: Font family 'Nimbus Roman' not found.
findfont: Font family 'Nimbus Roman' not found.
findfont: Font family 'Nimbus Roman' not found.
findfont: Font family 'Nimbus Roman' not found.
findfont: Font family 'Nimbus Roman' not found.
findfont: Font family 'Nimbus Roman' not found.
findfont: Font family 'Nimbus Roman' not found.
findfont: Font family ['Nimbus Roman'] not found. Falling back to DejaVu Sans.
findfont: Font family 'Nimbus Roman' not found.
findfont: Font family 'Nimbus Roman' not found.
findfont: Font family 'Nimbus Roman' not found.
findfont: Font family 'Nimbus Roman' not found.
findfont: Font family 'Nimbus Roman' not found.
findfont: Font family 'Nimbus Roman' not found.
findfont: Font family 'Nimbus Roman' not found.
findfont: Font family 'Nimbus Roman' not found.
findfont: Font family 'Nimbus Roman' not found.
findfont: Font family 'Nimbus Roman' not found.
findfont: Font family 'Nimbus Roman' not found.
findfont: Font family 'Nimbus Roman' not found.
findfont: Font family 'Nimbus Roman' not found.
findfont: Font family 'Nimbus Roman' not found.
findfont: Font family 'Nimbus Roman' not found.
findfont: Font family 'Nimbus Roman' not found.
findfont: Font family 'Nimbus Roman' not found.
findfont: Font family 'Nimbus Roman' not found.
findfont: Font family 'Nimbus Roman' not found.
findfont: Font family 'Nimbus Roman' not found.
findfont: Font family 'Nimbus Roman' not found.
findfont: Font family 'Nimbus Roman' not found.
findfont: Font family 'Nimbus Roman' not found.
findfont: Font family 'Nimbus Roman' not found.
findfont: Font family 'Nimbus Roman' not found.
findfont: Font family 'Nimbus Roman' not found.
findfont: Font family 'Nimbus Roman' not found.
findfont: Font family 'Nimbus Roman' not found.
findfont: Font family 'Nimbus Roman' not found.
findfont: Font family 'Nimbus Roman' not found.
findfont: Font family 'Nimbus Roman' not found.
findfont: Font family 'Nimbus Roman' not found.
findfont: Font family 'Nimbus Roman' not found.
findfont: Font family 'Nimbus Roman' not found.
findfont: Font family 'Nimbus Roman' not found.
findfont: Font family 'Nimbus Roman' not found.
findfont: Font family 'Nimbus Roman' not found.
findfont: Font family 'Nimbus Roman' not found.
findfont: Font family 'Nimbus Roman' not found.
findfont: Font family 'Nimbus Roman' not found.
findfont: Font family 'Nimbus Roman' not found.
findfont: Font family 'Nimbus Roman' not found.
findfont: Font family 'Nimbus Roman' not found.
findfont: Font family 'Nimbus Roman' not found.
findfont: Font family 'Nimbus Roman' not found.
findfont: Font family 'Nimbus Roman' not found.
findfont: Font family 'Nimbus Roman' not found.
findfont: Font family 'Nimbus Roman' not found.
findfont: Font family 'Nimbus Roman' not found.
findfont: Font family 'Nimbus Roman' not found.
findfont: Font family 'Nimbus Roman' not found.
findfont: Font family 'Nimbus Roman' not found.
findfont: Font family 'Nimbus Roman' not found.
findfont: Font family 'Nimbus Roman' not found.
findfont: Font family 'Nimbus Roman' not found.
findfont: Font family 'Nimbus Roman' not found.
findfont: Font family 'Nimbus Roman' not found.
findfont: Font family 'Nimbus Roman' not found.
findfont: Font family 'Nimbus Roman' not found.
findfont: Font family 'Nimbus Roman' not found.
findfont: Font family 'Nimbus Roman' not found.
findfont: Font family 'Nimbus Roman' not found.
findfont: Font family 'Nimbus Roman' not found.
findfont: Font family 'Nimbus Roman' not found.
findfont: Font family 'Nimbus Roman' not found.
findfont: Font family 'Nimbus Roman' not found.
findfont: Font family 'Nimbus Roman' not found.
findfont: Font family 'Nimbus Roman' not found.
findfont: Font family 'Nimbus Roman' not found.
findfont: Font family 'Nimbus Roman' not found.
findfont: Font family 'Nimbus Roman' not found.
findfont: Font family 'Nimbus Roman' not found.
findfont: Font family 'Nimbus Roman' not found.
findfont: Font family 'Nimbus Roman' not found.
findfont: Font family 'Nimbus Roman' not found.
findfont: Font family 'Nimbus Roman' not found.
findfont: Font family 'Nimbus Roman' not found.
findfont: Font family 'Nimbus Roman' not found.
findfont: Font family 'Nimbus Roman' not found.
findfont: Font family 'Nimbus Roman' not found.
Ridge mode: rkhs; diagnostic interval: 50
Iter 1/4000 | log_obj=9.872e+00 | log_Bellman_root=3.539e+00 | mass=1.82e+04 | neg=0.00e+00 | grad=1.17e+03
Iter 400/4000 | log_obj=4.441e+00 | log_Bellman_root=9.275e-01 | mass=7.85e+01 | neg=0.00e+00 | grad=6.09e+03
Iter 800/4000 | log_obj=4.161e+00 | log_Bellman_root=8.039e-01 | mass=5.91e+01 | neg=0.00e+00 | grad=5.81e+03
Iter 1200/4000 | log_obj=4.417e+00 | log_Bellman_root=8.909e-01 | mass=7.69e+01 | neg=0.00e+00 | grad=6.14e+03
Iter 1600/4000 | log_obj=4.791e+00 | log_Bellman_root=1.076e+00 | mass=1.12e+02 | neg=0.00e+00 | grad=7.56e+03
Iter 2000/4000 | log_obj=4.723e+00 | log_Bellman_root=1.065e+00 | mass=1.04e+02 | neg=0.00e+00 | grad=7.33e+03
Iter 2400/4000 | log_obj=4.795e+00 | log_Bellman_root=1.057e+00 | mass=1.13e+02 | neg=0.00e+00 | grad=7.56e+03
Iter 2800/4000 | log_obj=4.665e+00 | log_Bellman_root=9.285e-01 | mass=9.98e+01 | neg=0.00e+00 | grad=4.90e+03
Iter 3200/4000 | log_obj=2.545e+00 | log_Bellman_root=-1.196e-01 | mass=1.20e+01 | neg=0.00e+00 | grad=5.28e+03
Iter 3600/4000 | log_obj=2.330e+00 | log_Bellman_root=-2.417e-01 | mass=9.66e+00 | neg=0.00e+00 | grad=1.62e+03
Iter 4000/4000 | log_obj=2.592e+00 | log_Bellman_root=-9.753e-02 | mass=1.25e+01 | neg=0.00e+00 | grad=1.46e+03
Returning best diagnostic checkpoint from step 3600 (objective=1.028e+01, Bellman=6.167e-01).
Done in 11.84s.
KE-DRL global estimation is done.
B_hat shape: (3078, 800)
B_hat rank diagnostics: {'B_num_rows': 3078, 'B_num_cols': 800, 'B_min_dim': 800, 'B_numerical_rank': 800, 'B_rank_fraction': 1.0, 'B_rank_tolerance': 3.926341029902858e-05, 'B_stable_rank': 215.6337432861328, 'B_effective_rank': 771.4324793609655, 'B_entropy_rank': 6.64824914932251, 'B_spectral_norm': 0.10700628906488419, 'B_frobenius_norm': 1.5713309049606323, 'B_nuclear_norm': 42.92456817626953, 'B_condition_number': 3.8905799357405058, 'B_condition_number_tol': 3.8905799357405058, 'B_smallest_singular_value': 0.02750394307076931, 'B_rank_rel_1em2': 800, 'B_rank_rel_1em3': 800, 'B_rank_rel_1em4': 800}
Global-loss target mass diagnostics: {'target_mass_mean': -1.9150067567825317, 'target_mass_min': -4.162044525146484, 'target_mass_max': 0.653499960899353, 'target_mass_sd': 1.0842039585113525, 'target_mass_rmse_to_target': 3.1082160472869873, 'target_beta_min': -0.06197246164083481, 'target_beta_max': 0.061486177146434784, 'target_neg_frac_mean': 0.57475}
Return dictionary Z_grid shape: (800, 3)
Replicate 5 risk metrics: {'risk_n_steps_recorded': 81.0, 'risk_n_diagnostics_recorded': 81.0, 'risk_log_obj_initial': 9.871655282181115, 'risk_log_obj_final': 2.591976785670497, 'risk_log_obj_min': 2.3299800668970265, 'risk_obj_initial': 19373.380859374993, 'risk_obj_final': 13.356147766113281, 'risk_obj_min': 10.277736663818361, 'risk_log_obj_drop': 7.279678496510618, 'risk_log_bellman_root_initial': 3.5386398433145048, 'risk_log_bellman_root_final': -0.09752870981357334, 'risk_log_bellman_root_min': -0.24170326169547846, 'risk_bellman_root_initial': 34.42007064819336, 'risk_bellman_root_final': 0.9070762991905212, 'risk_bellman_root_min': 0.7852891683578491, 'risk_bellman_initial': 1184.741263426622, 'risk_bellman_final': 0.822787412553172, 'risk_bellman_min': 0.6166790779401623, 'risk_log_bellman_root_drop': 3.636168553128078, 'risk_bellman_returned': 0.6166790723800659, 'risk_obj_returned': 10.27773666381836, 'risk_returned_step': 3600.0, 'offline_data_id': 5, 'benchmark_point_source': 'fixed_config_plus_support_safe_target_policy_draws', 'target_set_size': 100, 'lambda_reg': 0.005, 'lambda_B': 2e-05, 'num_steps': 4000, 'transition_reduction_enabled': 1, 'transition_reduction_method': 'kmeans', 'transition_original_rows': 12000, 'transition_reduced_rows': 3078, 'transition_compression_ratio': 0.2565, 'target_mass_mean': -1.9150067567825317, 'target_mass_min': -4.162044525146484, 'target_mass_max': 0.653499960899353, 'target_mass_sd': 1.0842039585113525, 'target_mass_rmse_to_target': 3.1082160472869873, 'target_beta_min': -0.06197246164083481, 'target_beta_max': 0.061486177146434784, 'target_neg_frac_mean': 0.57475, 'B_num_rows': 3078, 'B_num_cols': 800, 'B_min_dim': 800, 'B_numerical_rank': 800, 'B_rank_fraction': 1.0, 'B_rank_tolerance': 3.926341029902858e-05, 'B_stable_rank': 215.6337432861328, 'B_effective_rank': 771.4324793609655, 'B_entropy_rank': 6.64824914932251, 'B_spectral_norm': 0.10700628906488419, 'B_frobenius_norm': 1.5713309049606323, 'B_nuclear_norm': 42.92456817626953, 'B_condition_number': 3.8905799357405058, 'B_condition_number_tol': 3.8905799357405058, 'B_smallest_singular_value': 0.02750394307076931, 'B_rank_rel_1em2': 800, 'B_rank_rel_1em3': 800, 'B_rank_rel_1em4': 800, 'risk_objective_final_raw': 13.356147766113281, 'risk_objective_min_raw': 10.27773666381836, 'risk_objective_max_raw': 19373.380859375, 'risk_bellman_final_raw': 0.8227874040603638, 'risk_bellman_min_raw': 0.6166790723800659, 'risk_bellman_max_raw': 1184.7412109375, 'risk_rkhs_ridge_final_raw': 5.259723184281029e-05, 'risk_rkhs_ridge_min_raw': 4.930185968987644e-05, 'risk_rkhs_ridge_max_raw': 0.0022787267807871103, 'risk_mass_final_raw': 12.533308029174805, 'risk_mass_min_raw': 9.661006927490234, 'risk_mass_max_raw': 18188.63671875, 'risk_negativity_final_raw': 0.0, 'risk_negativity_min_raw': 0.0, 'risk_negativity_max_raw': 0.0, 'risk_B_norm_final_raw': 1.571521520614624, 'risk_B_norm_min_raw': 1.5692646503448486, 'risk_B_norm_max_raw': 1.6370985507965088, 'risk_diagnostic_step_final_raw': 4000.0, 'risk_diagnostic_step_min_raw': 1.0, 'risk_diagnostic_step_max_raw': 4000.0, 'risk_best_step_final_raw': 3600.0, 'risk_best_step_min_raw': 3600.0, 'risk_best_step_max_raw': 3600.0, 'risk_best_objective_final_raw': 10.27773666381836, 'risk_best_objective_min_raw': 10.27773666381836, 'risk_best_objective_max_raw': 10.27773666381836, 'risk_best_bellman_final_raw': 0.6166790723800659, 'risk_best_bellman_min_raw': 0.6166790723800659, 'risk_best_bellman_max_raw': 0.6166790723800659, 'risk_returned_step_final_raw': 3600.0, 'risk_returned_step_min_raw': 3600.0, 'risk_returned_step_max_raw': 3600.0, 'risk_returned_objective_final_raw': 10.27773666381836, 'risk_returned_objective_min_raw': 10.27773666381836, 'risk_returned_objective_max_raw': 10.27773666381836, 'risk_returned_bellman_final_raw': 0.6166790723800659, 'risk_returned_bellman_min_raw': 0.6166790723800659, 'risk_returned_bellman_max_raw': 0.6166790723800659, 'risk_returned_best_checkpoint_final_raw': 1.0, 'risk_returned_best_checkpoint_min_raw': 1.0, 'risk_returned_best_checkpoint_max_raw': 1.0}
Benchmark 0 evaluation grid shape: (800, 3)
Replicate 5, benchmark 0 metrics: {'run_id': '5_b0', 'RMSE': 0.6334997299584444, 'MAE': 0.5604998333273398, 'SupNorm': 1.2677154242992401, 'Bias': -0.5604998333273398, 'Corr': -0.27650935538442045, 'deming_slope': -8.423833767750903, 'deming_intercept': 1.9106112294609718, 'beta_sum': -1.4075539112091064, 'beta_l1': 6.632604122161865, 'beta_l2': 0.2946963906288147, 'beta_min': -0.034178055822849274, 'beta_max': 0.02752266824245453, 'beta_neg_frac': 0.57, 'offline_data_id': 5, 'benchmark_id': 0, 'benchmark_point_source': 'fixed_config', 'target_set_size': 100, 'benchmark_z_path': 'data/Z_true.pt', 'projected_bellman_test_risk': 0.02062007039785385, 'oracle_embedding_risk': 2.755824089050293, 'benchmark_embedding_risk': 2.755824089050293, 'risk_bellman_final': 0.822787412553172, 'risk_obj_final': 13.356147766113281, 'B_num_rows': 3078, 'B_num_cols': 800, 'B_min_dim': 800, 'B_numerical_rank': 800, 'B_rank_fraction': 1.0, 'B_rank_tolerance': 3.926341029902858e-05, 'B_stable_rank': 215.6337432861328, 'B_effective_rank': 771.4324793609655, 'B_entropy_rank': 6.64824914932251, 'B_spectral_norm': 0.10700628906488419, 'B_frobenius_norm': 1.5713309049606323, 'B_nuclear_norm': 42.92456817626953, 'B_condition_number': 3.8905799357405058, 'B_condition_number_tol': 3.8905799357405058, 'B_smallest_singular_value': 0.02750394307076931, 'B_rank_rel_1em2': 800, 'B_rank_rel_1em3': 800, 'B_rank_rel_1em4': 800}
Saved ./mu/mu_hat.csv shape=(800,)
Saved ./mu/mu2D_hat_dims01.csv shape=(120, 120)
Saved ./mu/mu2D_hat_dims01.csv shape=(120, 120)
Saved plots/replicate_5/mu_3D.png
Benchmark 1 evaluation grid shape: (800, 3)
Replicate 5, benchmark 1 metrics: {'run_id': '5_b1', 'RMSE': 1.7699773022548306, 'MAE': 1.628140076737327, 'SupNorm': 2.971817910671234, 'Bias': -1.628140076737327, 'Corr': -0.9881274745218233, 'deming_slope': -6.331000688619471, 'deming_intercept': 0.2818369121711517, 'beta_sum': -4.288027286529541, 'beta_l1': 13.26278305053711, 'beta_l2': 0.5794111490249634, 'beta_min': -0.057479579001665115, 'beta_max': 0.05245047062635422, 'beta_neg_frac': 0.62875, 'offline_data_id': 5, 'benchmark_id': 1, 'benchmark_point_source': 'fixed_config', 'target_set_size': 100, 'benchmark_z_path': 'data/Z_true.pt', 'projected_bellman_test_risk': 1.111109733581543, 'oracle_embedding_risk': 11.32029914855957, 'benchmark_embedding_risk': 11.32029914855957, 'risk_bellman_final': 0.822787412553172, 'risk_obj_final': 13.356147766113281, 'B_num_rows': 3078, 'B_num_cols': 800, 'B_min_dim': 800, 'B_numerical_rank': 800, 'B_rank_fraction': 1.0, 'B_rank_tolerance': 3.926341029902858e-05, 'B_stable_rank': 215.6337432861328, 'B_effective_rank': 771.4324793609655, 'B_entropy_rank': 6.64824914932251, 'B_spectral_norm': 0.10700628906488419, 'B_frobenius_norm': 1.5713309049606323, 'B_nuclear_norm': 42.92456817626953, 'B_condition_number': 3.8905799357405058, 'B_condition_number_tol': 3.8905799357405058, 'B_smallest_singular_value': 0.02750394307076931, 'B_rank_rel_1em2': 800, 'B_rank_rel_1em3': 800, 'B_rank_rel_1em4': 800}
Benchmark 2 evaluation grid shape: (800, 3)
Replicate 5, benchmark 2 metrics: {'run_id': '5_b2', 'RMSE': 1.6782024651077345, 'MAE': 1.545778950455424, 'SupNorm': 2.8063227236270905, 'Bias': -1.545778950455424, 'Corr': -0.8945911123484376, 'deming_slope': -6.818272074776255, 'deming_intercept': 0.5497805437205499, 'beta_sum': -4.029068946838379, 'beta_l1': 12.791465759277344, 'beta_l2': 0.5607089400291443, 'beta_min': -0.06011465936899185, 'beta_max': 0.05003000795841217, 'beta_neg_frac': 0.60875, 'offline_data_id': 5, 'benchmark_id': 2, 'benchmark_point_source': 'fixed_config', 'target_set_size': 100, 'benchmark_z_path': 'data/Z_true.pt', 'projected_bellman_test_risk': 0.7471002340316772, 'oracle_embedding_risk': 10.253227233886719, 'benchmark_embedding_risk': 10.253227233886719, 'risk_bellman_final': 0.822787412553172, 'risk_obj_final': 13.356147766113281, 'B_num_rows': 3078, 'B_num_cols': 800, 'B_min_dim': 800, 'B_numerical_rank': 800, 'B_rank_fraction': 1.0, 'B_rank_tolerance': 3.926341029902858e-05, 'B_stable_rank': 215.6337432861328, 'B_effective_rank': 771.4324793609655, 'B_entropy_rank': 6.64824914932251, 'B_spectral_norm': 0.10700628906488419, 'B_frobenius_norm': 1.5713309049606323, 'B_nuclear_norm': 42.92456817626953, 'B_condition_number': 3.8905799357405058, 'B_condition_number_tol': 3.8905799357405058, 'B_smallest_singular_value': 0.02750394307076931, 'B_rank_rel_1em2': 800, 'B_rank_rel_1em3': 800, 'B_rank_rel_1em4': 800}
Benchmark 3 evaluation grid shape: (800, 3)
Replicate 5, benchmark 3 metrics: {'run_id': '5_b3', 'RMSE': 1.6323400369875392, 'MAE': 1.4901332073751836, 'SupNorm': 2.7901171445846558, 'Bias': -1.4901332073751836, 'Corr': -0.915977318993783, 'deming_slope': -6.596553560392463, 'deming_intercept': 0.4792736433361815, 'beta_sum': -3.9669573307037354, 'beta_l1': 12.536840438842773, 'beta_l2': 0.5509291291236877, 'beta_min': -0.054958902299404144, 'beta_max': 0.053939081728458405, 'beta_neg_frac': 0.60625, 'offline_data_id': 5, 'benchmark_id': 3, 'benchmark_point_source': 'fixed_config', 'target_set_size': 100, 'benchmark_z_path': 'data/Z_true.pt', 'projected_bellman_test_risk': 0.8582296371459961, 'oracle_embedding_risk': 10.160515785217285, 'benchmark_embedding_risk': 10.160515785217285, 'risk_bellman_final': 0.822787412553172, 'risk_obj_final': 13.356147766113281, 'B_num_rows': 3078, 'B_num_cols': 800, 'B_min_dim': 800, 'B_numerical_rank': 800, 'B_rank_fraction': 1.0, 'B_rank_tolerance': 3.926341029902858e-05, 'B_stable_rank': 215.6337432861328, 'B_effective_rank': 771.4324793609655, 'B_entropy_rank': 6.64824914932251, 'B_spectral_norm': 0.10700628906488419, 'B_frobenius_norm': 1.5713309049606323, 'B_nuclear_norm': 42.92456817626953, 'B_condition_number': 3.8905799357405058, 'B_condition_number_tol': 3.8905799357405058, 'B_smallest_singular_value': 0.02750394307076931, 'B_rank_rel_1em2': 800, 'B_rank_rel_1em3': 800, 'B_rank_rel_1em4': 800}
Benchmark 4 evaluation grid shape: (800, 3)
Replicate 5, benchmark 4 metrics: {'run_id': '5_b4', 'RMSE': 0.35021237091078217, 'MAE': 0.3078487951635907, 'SupNorm': 0.8407977223396301, 'Bias': -0.3078487951635907, 'Corr': 0.22819760615284912, 'deming_slope': 5.090748866622057, 'deming_intercept': -1.3984616025412615, 'beta_sum': -0.6995193362236023, 'beta_l1': 6.271448612213135, 'beta_l2': 0.28260496258735657, 'beta_min': -0.030149731785058975, 'beta_max': 0.043105851858854294, 'beta_neg_frac': 0.55875, 'offline_data_id': 5, 'benchmark_id': 4, 'benchmark_point_source': 'support_safe_target_policy_draw', 'target_set_size': 100, 'benchmark_z_path': 'data/Z_true.pt', 'projected_bellman_test_risk': 0.021352602168917656, 'oracle_embedding_risk': 1.6882879734039307, 'benchmark_embedding_risk': 1.6882879734039307, 'risk_bellman_final': 0.822787412553172, 'risk_obj_final': 13.356147766113281, 'B_num_rows': 3078, 'B_num_cols': 800, 'B_min_dim': 800, 'B_numerical_rank': 800, 'B_rank_fraction': 1.0, 'B_rank_tolerance': 3.926341029902858e-05, 'B_stable_rank': 215.6337432861328, 'B_effective_rank': 771.4324793609655, 'B_entropy_rank': 6.64824914932251, 'B_spectral_norm': 0.10700628906488419, 'B_frobenius_norm': 1.5713309049606323, 'B_nuclear_norm': 42.92456817626953, 'B_condition_number': 3.8905799357405058, 'B_condition_number_tol': 3.8905799357405058, 'B_smallest_singular_value': 0.02750394307076931, 'B_rank_rel_1em2': 800, 'B_rank_rel_1em3': 800, 'B_rank_rel_1em4': 800}
Benchmark 5 evaluation grid shape: (800, 3)
Replicate 5, benchmark 5 metrics: {'run_id': '5_b5', 'RMSE': 0.2425396669599366, 'MAE': 0.2265445120489767, 'SupNorm': 0.3861517682671547, 'Bias': -0.2265445120489767, 'Corr': 0.47356293710147607, 'deming_slope': 0.08590732801407903, 'deming_intercept': 0.008363231661481924, 'beta_sum': 0.194662943482399, 'beta_l1': 0.7796961069107056, 'beta_l2': 0.03640451654791832, 'beta_min': -0.00368993217125535, 'beta_max': 0.00633225915953517, 'beta_neg_frac': 0.4425, 'offline_data_id': 5, 'benchmark_id': 5, 'benchmark_point_source': 'support_safe_target_policy_draw', 'target_set_size': 100, 'benchmark_z_path': 'data/Z_true.pt', 'projected_bellman_test_risk': 0.026860356330871582, 'oracle_embedding_risk': 0.9453864693641663, 'benchmark_embedding_risk': 0.9453864693641663, 'risk_bellman_final': 0.822787412553172, 'risk_obj_final': 13.356147766113281, 'B_num_rows': 3078, 'B_num_cols': 800, 'B_min_dim': 800, 'B_numerical_rank': 800, 'B_rank_fraction': 1.0, 'B_rank_tolerance': 3.926341029902858e-05, 'B_stable_rank': 215.6337432861328, 'B_effective_rank': 771.4324793609655, 'B_entropy_rank': 6.64824914932251, 'B_spectral_norm': 0.10700628906488419, 'B_frobenius_norm': 1.5713309049606323, 'B_nuclear_norm': 42.92456817626953, 'B_condition_number': 3.8905799357405058, 'B_condition_number_tol': 3.8905799357405058, 'B_smallest_singular_value': 0.02750394307076931, 'B_rank_rel_1em2': 800, 'B_rank_rel_1em3': 800, 'B_rank_rel_1em4': 800}
Benchmark 6 evaluation grid shape: (800, 3)
Replicate 5, benchmark 6 metrics: {'run_id': '5_b6', 'RMSE': 0.9144535482929871, 'MAE': 0.817335668413798, 'SupNorm': 1.7038195133209229, 'Bias': -0.817335668413798, 'Corr': -0.5298254120183619, 'deming_slope': -6.591980602872461, 'deming_intercept': 1.1868803172428222, 'beta_sum': -2.1274824142456055, 'beta_l1': 8.497598648071289, 'beta_l2': 0.3766650855541229, 'beta_min': -0.04121989756822586, 'beta_max': 0.036647506058216095, 'beta_neg_frac': 0.5875, 'offline_data_id': 5, 'benchmark_id': 6, 'benchmark_point_source': 'support_safe_target_policy_draw', 'target_set_size': 100, 'benchmark_z_path': 'data/Z_true.pt', 'projected_bellman_test_risk': 0.013597794808447361, 'oracle_embedding_risk': 4.288418769836426, 'benchmark_embedding_risk': 4.288418769836426, 'risk_bellman_final': 0.822787412553172, 'risk_obj_final': 13.356147766113281, 'B_num_rows': 3078, 'B_num_cols': 800, 'B_min_dim': 800, 'B_numerical_rank': 800, 'B_rank_fraction': 1.0, 'B_rank_tolerance': 3.926341029902858e-05, 'B_stable_rank': 215.6337432861328, 'B_effective_rank': 771.4324793609655, 'B_entropy_rank': 6.64824914932251, 'B_spectral_norm': 0.10700628906488419, 'B_frobenius_norm': 1.5713309049606323, 'B_nuclear_norm': 42.92456817626953, 'B_condition_number': 3.8905799357405058, 'B_condition_number_tol': 3.8905799357405058, 'B_smallest_singular_value': 0.02750394307076931, 'B_rank_rel_1em2': 800, 'B_rank_rel_1em3': 800, 'B_rank_rel_1em4': 800}
Benchmark 7 evaluation grid shape: (800, 3)
Replicate 5, benchmark 7 metrics: {'run_id': '5_b7', 'RMSE': 0.8765376008164752, 'MAE': 0.7650290330889402, 'SupNorm': 1.7670999765396118, 'Bias': -0.7650290330889402, 'Corr': -0.4003636539916187, 'deming_slope': -9.73432717176675, 'deming_intercept': 2.041838563741948, 'beta_sum': -2.2172868251800537, 'beta_l1': 9.398886680603027, 'beta_l2': 0.4125257730484009, 'beta_min': -0.0425649955868721, 'beta_max': 0.041026048362255096, 'beta_neg_frac': 0.58, 'offline_data_id': 5, 'benchmark_id': 7, 'benchmark_point_source': 'support_safe_target_policy_draw', 'target_set_size': 100, 'benchmark_z_path': 'data/Z_true.pt', 'projected_bellman_test_risk': 0.16307580471038818, 'oracle_embedding_risk': 4.585122585296631, 'benchmark_embedding_risk': 4.585122585296631, 'risk_bellman_final': 0.822787412553172, 'risk_obj_final': 13.356147766113281, 'B_num_rows': 3078, 'B_num_cols': 800, 'B_min_dim': 800, 'B_numerical_rank': 800, 'B_rank_fraction': 1.0, 'B_rank_tolerance': 3.926341029902858e-05, 'B_stable_rank': 215.6337432861328, 'B_effective_rank': 771.4324793609655, 'B_entropy_rank': 6.64824914932251, 'B_spectral_norm': 0.10700628906488419, 'B_frobenius_norm': 1.5713309049606323, 'B_nuclear_norm': 42.92456817626953, 'B_condition_number': 3.8905799357405058, 'B_condition_number_tol': 3.8905799357405058, 'B_smallest_singular_value': 0.02750394307076931, 'B_rank_rel_1em2': 800, 'B_rank_rel_1em3': 800, 'B_rank_rel_1em4': 800}
Benchmark 8 evaluation grid shape: (800, 3)
Replicate 5, benchmark 8 metrics: {'run_id': '5_b8', 'RMSE': 0.44777584035084983, 'MAE': 0.40353673526402417, 'SupNorm': 0.836871862411499, 'Bias': -0.40353673526402417, 'Corr': -0.3217801575767129, 'deming_slope': -2.6561529531926307, 'deming_intercept': 0.5488698377441646, 'beta_sum': -0.6055315136909485, 'beta_l1': 4.54611349105835, 'beta_l2': 0.2026677280664444, 'beta_min': -0.01919037476181984, 'beta_max': 0.024629749357700348, 'beta_neg_frac': 0.56625, 'offline_data_id': 5, 'benchmark_id': 8, 'benchmark_point_source': 'support_safe_target_policy_draw', 'target_set_size': 100, 'benchmark_z_path': 'data/Z_true.pt', 'projected_bellman_test_risk': 0.11443664878606796, 'oracle_embedding_risk': 1.6207245588302612, 'benchmark_embedding_risk': 1.6207245588302612, 'risk_bellman_final': 0.822787412553172, 'risk_obj_final': 13.356147766113281, 'B_num_rows': 3078, 'B_num_cols': 800, 'B_min_dim': 800, 'B_numerical_rank': 800, 'B_rank_fraction': 1.0, 'B_rank_tolerance': 3.926341029902858e-05, 'B_stable_rank': 215.6337432861328, 'B_effective_rank': 771.4324793609655, 'B_entropy_rank': 6.64824914932251, 'B_spectral_norm': 0.10700628906488419, 'B_frobenius_norm': 1.5713309049606323, 'B_nuclear_norm': 42.92456817626953, 'B_condition_number': 3.8905799357405058, 'B_condition_number_tol': 3.8905799357405058, 'B_smallest_singular_value': 0.02750394307076931, 'B_rank_rel_1em2': 800, 'B_rank_rel_1em3': 800, 'B_rank_rel_1em4': 800}
Benchmark 9 evaluation grid shape: (800, 3)
Replicate 5, benchmark 9 metrics: {'run_id': '5_b9', 'RMSE': 0.9396525267022763, 'MAE': 0.8319001817486787, 'SupNorm': 1.7354933023452759, 'Bias': -0.8319001817486787, 'Corr': -0.5421668515209414, 'deming_slope': -6.977488860491352, 'deming_intercept': 1.2882387265393382, 'beta_sum': -2.0401549339294434, 'beta_l1': 9.07243537902832, 'beta_l2': 0.3977205753326416, 'beta_min': -0.04180927202105522, 'beta_max': 0.034992020577192307, 'beta_neg_frac': 0.5775, 'offline_data_id': 5, 'benchmark_id': 9, 'benchmark_point_source': 'support_safe_target_policy_draw', 'target_set_size': 100, 'benchmark_z_path': 'data/Z_true.pt', 'projected_bellman_test_risk': 0.005436412058770657, 'oracle_embedding_risk': 4.411699295043945, 'benchmark_embedding_risk': 4.411699295043945, 'risk_bellman_final': 0.822787412553172, 'risk_obj_final': 13.356147766113281, 'B_num_rows': 3078, 'B_num_cols': 800, 'B_min_dim': 800, 'B_numerical_rank': 800, 'B_rank_fraction': 1.0, 'B_rank_tolerance': 3.926341029902858e-05, 'B_stable_rank': 215.6337432861328, 'B_effective_rank': 771.4324793609655, 'B_entropy_rank': 6.64824914932251, 'B_spectral_norm': 0.10700628906488419, 'B_frobenius_norm': 1.5713309049606323, 'B_nuclear_norm': 42.92456817626953, 'B_condition_number': 3.8905799357405058, 'B_condition_number_tol': 3.8905799357405058, 'B_smallest_singular_value': 0.02750394307076931, 'B_rank_rel_1em2': 800, 'B_rank_rel_1em3': 800, 'B_rank_rel_1em4': 800}
Replicate 5 finished in 20.9s
Finished combo 2, offline replicate 5.
