Job ID:    2358847
Array idx: 94
CPUs/node: 64
Mem/node:  131072
Using CC = cc 
Using CXX = CC 
Using FC = ftn 
Using F77 = ftn 
Using F90 = ftn 
cuda/12.6.1 is deprecated; loading cudatoolkit/25.5_12.9 instead.
Using CC = /opt/nvidia/hpc_sdk/Linux_aarch64/25.5/compilers/bin/nvc 
Using CXX = /opt/nvidia/hpc_sdk/Linux_aarch64/25.5/compilers/bin/nvc++ 
Using FC = /opt/nvidia/hpc_sdk/Linux_aarch64/25.5/compilers/bin/nvfortran 
Using F77 = /opt/nvidia/hpc_sdk/Linux_aarch64/25.5/compilers/bin/nvfortran 
Using F90 = /opt/nvidia/hpc_sdk/Linux_aarch64/25.5/compilers/bin/nvfortran 
Using CC = /opt/nvidia/hpc_sdk/Linux_aarch64/25.5/compilers/bin/nvc 
Using CXX = /opt/nvidia/hpc_sdk/Linux_aarch64/25.5/compilers/bin/nvc++ 
Using FC = /opt/nvidia/hpc_sdk/Linux_aarch64/25.5/compilers/bin/nvfortran 
Using F77 = /opt/nvidia/hpc_sdk/Linux_aarch64/25.5/compilers/bin/nvfortran 
Using F90 = /opt/nvidia/hpc_sdk/Linux_aarch64/25.5/compilers/bin/nvfortran 

Lmod is automatically replacing "gcc-native/14" with "gcc/14.2.0".

ghx4
0
Tuning combo id: 0 / 6
Offline replicate id: 94 / 99
Installing ke_drl from git: https://github.com/mehrdadmhmdi/ke-drl.git@main
Collecting git+https://github.com/mehrdadmhmdi/ke-drl.git@main
  Cloning https://github.com/mehrdadmhmdi/ke-drl.git (to revision main) to /tmp/pip-req-build-624nhvlk
  Running command git clone --filter=blob:none --quiet https://github.com/mehrdadmhmdi/ke-drl.git /tmp/pip-req-build-624nhvlk
  Resolved https://github.com/mehrdadmhmdi/ke-drl.git to commit 3c5d570e40ea15b1fbe4817b5f43b64c7b333e82
  Installing build dependencies: started
  Installing build dependencies: finished with status 'done'
  Getting requirements to build wheel: started
  Getting requirements to build wheel: finished with status 'done'
  Preparing metadata (pyproject.toml): started
  Preparing metadata (pyproject.toml): finished with status 'done'
Building wheels for collected packages: ke_drl
  Building wheel for ke_drl (pyproject.toml): started
  Building wheel for ke_drl (pyproject.toml): finished with status 'done'
  Created wheel for ke_drl: filename=ke_drl-0.1.0-py3-none-any.whl size=47219 sha256=774e1199fc5c5bd54fdf6382b4b75e12ae87f82199d5b0e119627427e14ac367
  Stored in directory: /tmp/pip-ephem-wheel-cache-uorg5pju/wheels/24/47/ad/9a4ffd3b05d3e90e35ffc6e7324b735b8bfcf5f51aaf29a333
Successfully built ke_drl
Installing collected packages: ke_drl
Successfully installed ke_drl-0.1.0
Installed ke_drl source: /work/nvme/bfez/mehrdad3/DistRL/simulation_3/runs/sim3_global_2358722_0/.kedrl_site_94/ke_drl/__init__.py
Tuning combo 0: base
Overrides: {}
RUN: /sw/user/python/miniforge3-pytorch-24.11.3/bin/python3 validate_sim_config.py --params params.yaml
ke_drl import source: /work/nvme/bfez/mehrdad3/DistRL/simulation_3/runs/sim3_global_2358722_0/.kedrl_site_94/ke_drl/__init__.py
ke_drl package API OK: prediction weights, RFF operators, rank diagnostics, and best-checkpoint optimizer available
Policy config OK: behavior=uniform, target=logistic, state_dim=5, action_dim=1
Note: policy.logistic.theta_scale/theta_std are log-scale coefficients in Probability_Densities.
Behavior-policy linearized state-process diagnostic: spectral_radius=0.653, offline_burn_in=50
Replicate config OK: num_replicates=100, benchmark points=10 independent of D_i, loss target points=100
Transition reduction OK: method=kmeans, raw rows N(T-1)=12000, target rows about 3000, B rows reduced from 12000 to about 3000
Return-operator approximation OK: method=rff, features=512, exact G avoided for estimated N=12000, m=800, L=100
Fixed benchmark config rows=4 (benchmark.num_points=10; additional points are support-safe target-policy draws if needed)
Fixed benchmark point 0: s_star=[0.6, -0.8, 0.7, -0.5, 0.9], a_star=[0.5]
Fixed benchmark behavior-support interval for configured rows: min_lower=-0.12, max_upper=1.11
Fixed benchmark target-policy location range: [-0.02, 0.14]
Reusing shared data from /work/nvme/bfez/mehrdad3/DistRL/simulation_3/runs/sim3_shared_data/data for offline replicate 94.
RUN: /sw/user/python/miniforge3-pytorch-24.11.3/bin/python3 validate_sim_config.py --params params.yaml --data data/offline_data_94.pt
ke_drl import source: /work/nvme/bfez/mehrdad3/DistRL/simulation_3/runs/sim3_global_2358722_0/.kedrl_site_94/ke_drl/__init__.py
ke_drl package API OK: prediction weights, RFF operators, rank diagnostics, and best-checkpoint optimizer available
Policy config OK: behavior=uniform, target=logistic, state_dim=5, action_dim=1
Note: policy.logistic.theta_scale/theta_std are log-scale coefficients in Probability_Densities.
Behavior-policy linearized state-process diagnostic: spectral_radius=0.653, offline_burn_in=50
Replicate config OK: num_replicates=100, benchmark points=10 independent of D_i, loss target points=100
Transition reduction OK: method=kmeans, raw rows N(T-1)=12000, target rows about 3000, B rows reduced from 12000 to about 3000
Return-operator approximation OK: method=rff, features=512, exact G avoided for estimated N=12000, m=800, L=100
Fixed benchmark config rows=4 (benchmark.num_points=10; additional points are support-safe target-policy draws if needed)
Fixed benchmark point 0: s_star=[0.6, -0.8, 0.7, -0.5, 0.9], a_star=[0.5]
Fixed benchmark behavior-support interval for configured rows: min_lower=-0.12, max_upper=1.11
Fixed benchmark target-policy location range: [-0.02, 0.14]
Full benchmark support check OK: 10 points, min_lower=-2.177, max_upper=2.05
observed behavior actions: mean=0.394, sd=0.6809, q0/q10/q50/q90/q100=[-2.0156610012054443, -0.42726119458675377, 0.3336932361125946, 1.3088814854621889, 3.06715726852417]
target-policy sampled actions: mean=-0.02711, sd=0.6678, q0/q10/q50/q90/q100=[-2.884586104760074, -0.8854130779370086, -0.02094749721186379, 0.819083572313312, 2.279019865394979]
behavior uniform lower: mean=-0.1267, sd=0.6612, q0/q10/q50/q90/q100=[-2.9373350381851195, -0.9714549618959427, -0.12020210623741145, 0.7106551110744477, 2.2213692903518676]
behavior uniform upper: mean=0.9194, sd=0.6487, q0/q10/q50/q90/q100=[-0.8420935273170471, 0.07224766388535504, 0.9298542678356171, 1.756312035471201, 3.2213692903518676]
target location inside behavior uniform support: 0.970
RUN: /sw/user/python/miniforge3-pytorch-24.11.3/bin/python3 main_est.py
# ================================================================ #
#   Global KE-DRL estimation for one offline replicate              #
# ================================================================ #
Slurm Job ID: 2358847
Slurm Array ID: 94 -- used as the offline-replicate id
Offline data id: 94
ke_drl import source: /work/nvme/bfez/mehrdad3/DistRL/simulation_3/runs/sim3_global_2358722_0/.kedrl_site_94/ke_drl/__init__.py
Estimator device: cuda (NVIDIA GH200 120GB, capability 9.0); torch CUDA=13.0
Random seed: 20460606
Number of offline replicates: 100
[transition reduction] enabled: original rows=12000, target basis=3000, method=kmeans, device=cuda
[transition reduction] kmeans iter 1/20, mean center shift=2.7498e-01
[transition reduction] kmeans iter 5/20, mean center shift=3.6375e-03
[transition reduction] kmeans iter 10/20, mean center shift=7.6239e-05
[transition reduction] selected 3075 rows from 12000 transitions (ratio 0.2562); indices saved to data/reduced_transition_indices_94.pt
Data and parameters loaded.
offline path: data/offline_data_94.pt
benchmark true-Z path: data/Z_true.pt
offline shapes after reduction: s0=(3075, 5), a0=(3075, 1), r0=(3075, 3)
transition reduction: {'enabled': True, 'method': 'kmeans', 'original_rows': 12000, 'reduced_rows': 3075, 'selected_indices_path': 'data/reduced_transition_indices_94.pt', 'target_basis': 3000, 'compression_ratio': 0.25625}
fixed benchmark point source: fixed_config_plus_support_safe_target_policy_draws
benchmark row excluded from this offline data: None
global loss target set shape: s_star=(100, 5), a_star=(100, 1)
benchmark true-Z count=10, shape each=(50000, 3)
target policy: logistic
behavior policy: uniform
lambda_Gamma=0.005, lambda_B=0.02, d_r_method=song
dtype=torch.float32, operator_method=rff, operator_num_features=512
ridge_mode=rkhs, diagnostic_interval=50
mass_anchor_lambda=1.0, target_mass=1.0
uLSIF basis: source=numerator, n_basis=512, lambda_reg=0.005
optimizer stabilizers: lambda_neg=0.0, max_B_norm=None, eta_clip_min=0.0, eta_clip_max=5.0, normalize_eta=True
========================================
Estimating the global KE-DRL mean embedding
torch device=cuda, dtype=torch.float32
Data dims: N=3075, L=100, Ds=5, Da=1, Dr=3
lambda_Gamma=0.005, lambda_B=0.02
return-operator construction: method=rff, rff_features=512
[uLSIF] basis=512/3075 (numerator); eta_hat min=-6.366e-01 max=4.646e+00 neg%=3.06
ESS for eta_plus: 2180.9 / 3075
eta_plus diagnostics: raw_mean=1, raw_min=-0.637, raw_max=4.65; used_mean=1, used_min=0, used_max=4.61
[timing] Z-grid: 0.03s
[timing] K_X: 0.00s
[timing] K_plus: 0.00s
[timing] k_star: 0.00s
[timing] Gamma_stack: 0.01s
[timing] Phi_stack: 0.00s
[timing] RFF feature sample: 0.00s
[timing] K_Z RFF: 0.00s
[timing] G_stack RFF: 0.01s
[timing] H_stack RFF: 0.01s
findfont: Font family 'Nimbus Roman' not found.
findfont: Font family 'Nimbus Roman' not found.
findfont: Font family 'Nimbus Roman' not found.
findfont: Font family 'Nimbus Roman' not found.
findfont: Font family 'Nimbus Roman' not found.
findfont: Font family 'Nimbus Roman' not found.
findfont: Font family 'Nimbus Roman' not found.
findfont: Font family 'Nimbus Roman' not found.
findfont: Font family 'Nimbus Roman' not found.
findfont: Font family 'Nimbus Roman' not found.
findfont: Font family 'Nimbus Roman' not found.
findfont: Font family 'Nimbus Roman' not found.
findfont: Font family 'Nimbus Roman' not found.
findfont: Font family 'Nimbus Roman' not found.
findfont: Font family 'Nimbus Roman' not found.
findfont: Font family 'Nimbus Roman' not found.
findfont: Font family 'Nimbus Roman' not found.
findfont: Font family 'Nimbus Roman' not found.
findfont: Font family 'Nimbus Roman' not found.
findfont: Font family 'Nimbus Roman' not found.
findfont: Font family 'Nimbus Roman' not found.
findfont: Font family 'Nimbus Roman' not found.
findfont: Font family 'Nimbus Roman' not found.
findfont: Font family 'Nimbus Roman' not found.
findfont: Font family 'Nimbus Roman' not found.
findfont: Font family 'Nimbus Roman' not found.
findfont: Font family 'Nimbus Roman' not found.
findfont: Font family 'Nimbus Roman' not found.
findfont: Font family 'Nimbus Roman' not found.
findfont: Font family 'Nimbus Roman' not found.
findfont: Font family 'Nimbus Roman' not found.
findfont: Font family 'Nimbus Roman' not found.
findfont: Font family 'Nimbus Roman' not found.
findfont: Font family 'Nimbus Roman' not found.
findfont: Font family 'Nimbus Roman' not found.
findfont: Font family 'Nimbus Roman' not found.
findfont: Font family 'Nimbus Roman' not found.
findfont: Font family 'Nimbus Roman' not found.
findfont: Font family 'Nimbus Roman' not found.
findfont: Font family 'Nimbus Roman' not found.
findfont: Font family 'Nimbus Roman' not found.
findfont: Font family 'Nimbus Roman' not found.
findfont: Font family ['Nimbus Roman'] not found. Falling back to DejaVu Sans.
findfont: Font family 'Nimbus Roman' not found.
findfont: Font family ['Nimbus Roman'] not found. Falling back to DejaVu Sans.
findfont: Font family 'Nimbus Roman' not found.
findfont: Font family 'Nimbus Roman' not found.
findfont: Font family 'Nimbus Roman' not found.
findfont: Font family 'Nimbus Roman' not found.
findfont: Font family 'Nimbus Roman' not found.
findfont: Font family 'Nimbus Roman' not found.
findfont: Font family 'Nimbus Roman' not found.
findfont: Font family 'Nimbus Roman' not found.
findfont: Font family 'Nimbus Roman' not found.
findfont: Font family 'Nimbus Roman' not found.
findfont: Font family 'Nimbus Roman' not found.
findfont: Font family 'Nimbus Roman' not found.
findfont: Font family 'Nimbus Roman' not found.
findfont: Font family 'Nimbus Roman' not found.
findfont: Font family 'Nimbus Roman' not found.
findfont: Font family 'Nimbus Roman' not found.
findfont: Font family 'Nimbus Roman' not found.
findfont: Font family 'Nimbus Roman' not found.
findfont: Font family ['Nimbus Roman'] not found. Falling back to DejaVu Sans.
findfont: Font family 'Nimbus Roman' not found.
findfont: Font family 'Nimbus Roman' not found.
findfont: Font family 'Nimbus Roman' not found.
findfont: Font family 'Nimbus Roman' not found.
findfont: Font family 'Nimbus Roman' not found.
findfont: Font family 'Nimbus Roman' not found.
findfont: Font family 'Nimbus Roman' not found.
findfont: Font family 'Nimbus Roman' not found.
findfont: Font family 'Nimbus Roman' not found.
findfont: Font family 'Nimbus Roman' not found.
findfont: Font family 'Nimbus Roman' not found.
findfont: Font family 'Nimbus Roman' not found.
findfont: Font family 'Nimbus Roman' not found.
findfont: Font family 'Nimbus Roman' not found.
findfont: Font family 'Nimbus Roman' not found.
findfont: Font family 'Nimbus Roman' not found.
findfont: Font family 'Nimbus Roman' not found.
findfont: Font family 'Nimbus Roman' not found.
findfont: Font family 'Nimbus Roman' not found.
findfont: Font family 'Nimbus Roman' not found.
findfont: Font family 'Nimbus Roman' not found.
findfont: Font family 'Nimbus Roman' not found.
findfont: Font family 'Nimbus Roman' not found.
findfont: Font family 'Nimbus Roman' not found.
findfont: Font family 'Nimbus Roman' not found.
findfont: Font family 'Nimbus Roman' not found.
findfont: Font family 'Nimbus Roman' not found.
findfont: Font family 'Nimbus Roman' not found.
findfont: Font family 'Nimbus Roman' not found.
findfont: Font family 'Nimbus Roman' not found.
findfont: Font family 'Nimbus Roman' not found.
findfont: Font family 'Nimbus Roman' not found.
findfont: Font family 'Nimbus Roman' not found.
findfont: Font family 'Nimbus Roman' not found.
findfont: Font family 'Nimbus Roman' not found.
findfont: Font family 'Nimbus Roman' not found.
findfont: Font family 'Nimbus Roman' not found.
findfont: Font family 'Nimbus Roman' not found.
findfont: Font family 'Nimbus Roman' not found.
findfont: Font family 'Nimbus Roman' not found.
findfont: Font family 'Nimbus Roman' not found.
findfont: Font family 'Nimbus Roman' not found.
findfont: Font family 'Nimbus Roman' not found.
findfont: Font family 'Nimbus Roman' not found.
findfont: Font family 'Nimbus Roman' not found.
findfont: Font family 'Nimbus Roman' not found.
findfont: Font family 'Nimbus Roman' not found.
findfont: Font family 'Nimbus Roman' not found.
findfont: Font family 'Nimbus Roman' not found.
findfont: Font family 'Nimbus Roman' not found.
findfont: Font family 'Nimbus Roman' not found.
findfont: Font family 'Nimbus Roman' not found.
findfont: Font family 'Nimbus Roman' not found.
findfont: Font family 'Nimbus Roman' not found.
findfont: Font family 'Nimbus Roman' not found.
findfont: Font family 'Nimbus Roman' not found.
findfont: Font family 'Nimbus Roman' not found.
findfont: Font family 'Nimbus Roman' not found.
findfont: Font family 'Nimbus Roman' not found.
findfont: Font family 'Nimbus Roman' not found.
findfont: Font family 'Nimbus Roman' not found.
findfont: Font family 'Nimbus Roman' not found.
findfont: Font family 'Nimbus Roman' not found.
findfont: Font family 'Nimbus Roman' not found.
findfont: Font family 'Nimbus Roman' not found.
findfont: Font family 'Nimbus Roman' not found.
findfont: Font family 'Nimbus Roman' not found.
findfont: Font family 'Nimbus Roman' not found.
findfont: Font family 'Nimbus Roman' not found.
findfont: Font family 'Nimbus Roman' not found.
findfont: Font family 'Nimbus Roman' not found.
findfont: Font family 'Nimbus Roman' not found.
findfont: Font family 'Nimbus Roman' not found.
findfont: Font family 'Nimbus Roman' not found.
findfont: Font family 'Nimbus Roman' not found.
findfont: Font family 'Nimbus Roman' not found.
findfont: Font family 'Nimbus Roman' not found.
findfont: Font family 'Nimbus Roman' not found.
findfont: Font family 'Nimbus Roman' not found.
findfont: Font family 'Nimbus Roman' not found.
findfont: Font family 'Nimbus Roman' not found.
findfont: Font family 'Nimbus Roman' not found.
findfont: Font family 'Nimbus Roman' not found.
findfont: Font family 'Nimbus Roman' not found.
findfont: Font family 'Nimbus Roman' not found.
Ridge mode: rkhs; diagnostic interval: 50
Iter 1/4000 | log_obj=9.823e+00 | log_Bellman_root=3.530e+00 | mass=1.73e+04 | neg=0.00e+00 | grad=7.09e+02
Iter 400/4000 | log_obj=3.816e+00 | log_Bellman_root=5.103e-01 | mass=4.26e+01 | neg=0.00e+00 | grad=4.83e+03
Iter 800/4000 | log_obj=3.816e+00 | log_Bellman_root=5.116e-01 | mass=4.26e+01 | neg=0.00e+00 | grad=4.87e+03
Iter 1200/4000 | log_obj=2.832e+00 | log_Bellman_root=1.694e-02 | mass=1.59e+01 | neg=0.00e+00 | grad=1.96e+03
Iter 1600/4000 | log_obj=2.829e+00 | log_Bellman_root=1.557e-02 | mass=1.59e+01 | neg=0.00e+00 | grad=1.97e+03
Iter 2000/4000 | log_obj=2.826e+00 | log_Bellman_root=1.449e-02 | mass=1.58e+01 | neg=0.00e+00 | grad=1.97e+03
Iter 2400/4000 | log_obj=1.301e+00 | log_Bellman_root=-7.043e-01 | mass=3.41e+00 | neg=0.00e+00 | grad=2.61e+03
Iter 2800/4000 | log_obj=1.964e+00 | log_Bellman_root=-3.851e-01 | mass=6.65e+00 | neg=0.00e+00 | grad=1.73e+03
Iter 3200/4000 | log_obj=3.162e+00 | log_Bellman_root=1.837e-01 | mass=2.22e+01 | neg=0.00e+00 | grad=2.21e+03
Iter 3600/4000 | log_obj=8.076e-01 | log_Bellman_root=-9.189e-01 | mass=2.07e+00 | neg=0.00e+00 | grad=1.66e+03
Iter 4000/4000 | log_obj=1.030e+00 | log_Bellman_root=-8.345e-01 | mass=2.60e+00 | neg=0.00e+00 | grad=6.52e+02
Returning best diagnostic checkpoint from step 3750 (objective=1.686e+00, Bellman=1.172e-01).
Done in 12.12s.
KE-DRL global estimation is done.
B_hat shape: (3075, 800)
B_hat rank diagnostics: {'B_num_rows': 3075, 'B_num_cols': 800, 'B_min_dim': 800, 'B_numerical_rank': 800, 'B_rank_fraction': 1.0, 'B_rank_tolerance': 3.328514484035594e-05, 'B_stable_rank': 292.33880615234375, 'B_effective_rank': 771.2967555111446, 'B_entropy_rank': 6.648073196411133, 'B_spectral_norm': 0.09080196171998978, 'B_frobenius_norm': 1.552524447441101, 'B_nuclear_norm': 42.40734100341797, 'B_condition_number': 3.372393212645361, 'B_condition_number_tol': 3.372393212645361, 'B_smallest_singular_value': 0.02692508138716221, 'B_rank_rel_1em2': 800, 'B_rank_rel_1em3': 800, 'B_rank_rel_1em4': 800}
Global-loss target mass diagnostics: {'target_mass_mean': 2.154873847961426, 'target_mass_min': 1.0639203786849976, 'target_mass_max': 3.0968308448791504, 'target_mass_sd': 0.4682532250881195, 'target_mass_rmse_to_target': 1.2453120946884155, 'target_beta_min': -0.007740295957773924, 'target_beta_max': 0.046560321003198624, 'target_neg_frac_mean': 0.1498125}
Return dictionary Z_grid shape: (800, 3)
Replicate 94 risk metrics: {'risk_n_steps_recorded': 81.0, 'risk_n_diagnostics_recorded': 81.0, 'risk_log_obj_initial': 9.823337384661867, 'risk_log_obj_final': 1.030219268678275, 'risk_log_obj_min': 0.5223289445296642, 'risk_obj_initial': 18459.55468749999, 'risk_obj_final': 2.8016800880432133, 'risk_obj_min': 1.6859495639801025, 'risk_log_obj_drop': 8.793118115983592, 'risk_log_bellman_root_initial': 3.529832819939591, 'risk_log_bellman_root_final': -0.8344771939144181, 'risk_log_bellman_root_min': -1.0718021400536817, 'risk_bellman_root_initial': 34.1182632446289, 'risk_bellman_root_final': 0.4341013729572296, 'risk_bellman_root_min': 0.34239092469215393, 'risk_bellman_initial': 1164.0558868297953, 'risk_bellman_final': 0.1884440020033518, 'risk_bellman_min': 0.11723154531154821, 'risk_log_bellman_root_drop': 4.364310013854009, 'risk_bellman_returned': 0.11723154783248901, 'risk_obj_returned': 1.6859495639801025, 'risk_returned_step': 3750.0, 'offline_data_id': 94, 'benchmark_point_source': 'fixed_config_plus_support_safe_target_policy_draws', 'target_set_size': 100, 'lambda_reg': 0.005, 'lambda_B': 0.02, 'num_steps': 4000, 'transition_reduction_enabled': 1, 'transition_reduction_method': 'kmeans', 'transition_original_rows': 12000, 'transition_reduced_rows': 3075, 'transition_compression_ratio': 0.25625, 'target_mass_mean': 2.154873847961426, 'target_mass_min': 1.0639203786849976, 'target_mass_max': 3.0968308448791504, 'target_mass_sd': 0.4682532250881195, 'target_mass_rmse_to_target': 1.2453120946884155, 'target_beta_min': -0.007740295957773924, 'target_beta_max': 0.046560321003198624, 'target_neg_frac_mean': 0.1498125, 'B_num_rows': 3075, 'B_num_cols': 800, 'B_min_dim': 800, 'B_numerical_rank': 800, 'B_rank_fraction': 1.0, 'B_rank_tolerance': 3.328514484035594e-05, 'B_stable_rank': 292.33880615234375, 'B_effective_rank': 771.2967555111446, 'B_entropy_rank': 6.648073196411133, 'B_spectral_norm': 0.09080196171998978, 'B_frobenius_norm': 1.552524447441101, 'B_nuclear_norm': 42.40734100341797, 'B_condition_number': 3.372393212645361, 'B_condition_number_tol': 3.372393212645361, 'B_smallest_singular_value': 0.02692508138716221, 'B_rank_rel_1em2': 800, 'B_rank_rel_1em3': 800, 'B_rank_rel_1em4': 800, 'risk_objective_final_raw': 2.801680088043213, 'risk_objective_min_raw': 1.6859495639801025, 'risk_objective_max_raw': 18459.5546875, 'risk_bellman_final_raw': 0.18844400346279144, 'risk_bellman_min_raw': 0.11723154783248901, 'risk_bellman_max_raw': 1164.0557861328125, 'risk_rkhs_ridge_final_raw': 0.017890308052301407, 'risk_rkhs_ridge_min_raw': 0.017137978225946426, 'risk_rkhs_ridge_max_raw': 2.2805635929107666, 'risk_mass_final_raw': 2.5953457355499268, 'risk_mass_min_raw': 1.550802230834961, 'risk_mass_max_raw': 17293.21875, 'risk_negativity_final_raw': 0.0, 'risk_negativity_min_raw': 0.0, 'risk_negativity_max_raw': 0.0, 'risk_B_norm_final_raw': 1.5518521070480347, 'risk_B_norm_min_raw': 1.5518512725830078, 'risk_B_norm_max_raw': 1.6381359100341797, 'risk_diagnostic_step_final_raw': 4000.0, 'risk_diagnostic_step_min_raw': 1.0, 'risk_diagnostic_step_max_raw': 4000.0, 'risk_best_step_final_raw': 3750.0, 'risk_best_step_min_raw': 3750.0, 'risk_best_step_max_raw': 3750.0, 'risk_best_objective_final_raw': 1.6859495639801025, 'risk_best_objective_min_raw': 1.6859495639801025, 'risk_best_objective_max_raw': 1.6859495639801025, 'risk_best_bellman_final_raw': 0.11723154783248901, 'risk_best_bellman_min_raw': 0.11723154783248901, 'risk_best_bellman_max_raw': 0.11723154783248901, 'risk_returned_step_final_raw': 3750.0, 'risk_returned_step_min_raw': 3750.0, 'risk_returned_step_max_raw': 3750.0, 'risk_returned_objective_final_raw': 1.6859495639801025, 'risk_returned_objective_min_raw': 1.6859495639801025, 'risk_returned_objective_max_raw': 1.6859495639801025, 'risk_returned_bellman_final_raw': 0.11723154783248901, 'risk_returned_bellman_min_raw': 0.11723154783248901, 'risk_returned_bellman_max_raw': 0.11723154783248901, 'risk_returned_best_checkpoint_final_raw': 1.0, 'risk_returned_best_checkpoint_min_raw': 1.0, 'risk_returned_best_checkpoint_max_raw': 1.0}
Benchmark 0 evaluation grid shape: (800, 3)
Replicate 94, benchmark 0 metrics: {'run_id': '94_b0', 'RMSE': 0.24199336083551368, 'MAE': 0.18124664470124116, 'SupNorm': 0.6270241141319275, 'Bias': 0.1521845326359471, 'Corr': 0.546003760618026, 'deming_slope': 3.758757204806312, 'deming_intercept': -0.5712148413717751, 'beta_sum': 1.8738367557525635, 'beta_l1': 2.1876254081726074, 'beta_l2': 0.09587828069925308, 'beta_min': -0.005093087442219257, 'beta_max': 0.012499891221523285, 'beta_neg_frac': 0.16, 'offline_data_id': 94, 'benchmark_id': 0, 'benchmark_point_source': 'fixed_config', 'target_set_size': 100, 'benchmark_z_path': 'data/Z_true.pt', 'projected_bellman_test_risk': 0.012968957424163818, 'oracle_embedding_risk': 1.260500431060791, 'benchmark_embedding_risk': 1.260500431060791, 'risk_bellman_final': 0.1884440020033518, 'risk_obj_final': 2.8016800880432133, 'B_num_rows': 3075, 'B_num_cols': 800, 'B_min_dim': 800, 'B_numerical_rank': 800, 'B_rank_fraction': 1.0, 'B_rank_tolerance': 3.328514484035594e-05, 'B_stable_rank': 292.33880615234375, 'B_effective_rank': 771.2967555111446, 'B_entropy_rank': 6.648073196411133, 'B_spectral_norm': 0.09080196171998978, 'B_frobenius_norm': 1.552524447441101, 'B_nuclear_norm': 42.40734100341797, 'B_condition_number': 3.372393212645361, 'B_condition_number_tol': 3.372393212645361, 'B_smallest_singular_value': 0.02692508138716221, 'B_rank_rel_1em2': 800, 'B_rank_rel_1em3': 800, 'B_rank_rel_1em4': 800}
Saved ./mu/mu_hat.csv shape=(800,)
Saved ./mu/mu2D_hat_dims01.csv shape=(120, 120)
Saved ./mu/mu2D_hat_dims01.csv shape=(120, 120)
Saved plots/replicate_94/mu_3D.png
Benchmark 1 evaluation grid shape: (800, 3)
Replicate 94, benchmark 1 metrics: {'run_id': '94_b1', 'RMSE': 0.7358667809765502, 'MAE': 0.6736627771428902, 'SupNorm': 1.2439962029457092, 'Bias': 0.6736627771428902, 'Corr': 0.9887828598759343, 'deming_slope': 4.118105126585664, 'deming_intercept': -0.13871049817563674, 'beta_sum': 3.1027050018310547, 'beta_l1': 3.141099214553833, 'beta_l2': 0.12568560242652893, 'beta_min': -0.004505045711994171, 'beta_max': 0.012021996080875397, 'beta_neg_frac': 0.025, 'offline_data_id': 94, 'benchmark_id': 1, 'benchmark_point_source': 'fixed_config', 'target_set_size': 100, 'benchmark_z_path': 'data/Z_true.pt', 'projected_bellman_test_risk': 0.27877485752105713, 'oracle_embedding_risk': 2.5786375999450684, 'benchmark_embedding_risk': 2.5786375999450684, 'risk_bellman_final': 0.1884440020033518, 'risk_obj_final': 2.8016800880432133, 'B_num_rows': 3075, 'B_num_cols': 800, 'B_min_dim': 800, 'B_numerical_rank': 800, 'B_rank_fraction': 1.0, 'B_rank_tolerance': 3.328514484035594e-05, 'B_stable_rank': 292.33880615234375, 'B_effective_rank': 771.2967555111446, 'B_entropy_rank': 6.648073196411133, 'B_spectral_norm': 0.09080196171998978, 'B_frobenius_norm': 1.552524447441101, 'B_nuclear_norm': 42.40734100341797, 'B_condition_number': 3.372393212645361, 'B_condition_number_tol': 3.372393212645361, 'B_smallest_singular_value': 0.02692508138716221, 'B_rank_rel_1em2': 800, 'B_rank_rel_1em3': 800, 'B_rank_rel_1em4': 800}
Benchmark 2 evaluation grid shape: (800, 3)
Replicate 94, benchmark 2 metrics: {'run_id': '94_b2', 'RMSE': 0.7152300715534187, 'MAE': 0.6524657019224833, 'SupNorm': 1.2091334760189056, 'Bias': 0.6524657019224833, 'Corr': 0.9309592430859585, 'deming_slope': 4.334808956721088, 'deming_intercept': -0.2413750986638714, 'beta_sum': 3.048912286758423, 'beta_l1': 3.079977035522461, 'beta_l2': 0.12323044240474701, 'beta_min': -0.0027134492993354797, 'beta_max': 0.012973550707101822, 'beta_neg_frac': 0.03, 'offline_data_id': 94, 'benchmark_id': 2, 'benchmark_point_source': 'fixed_config', 'target_set_size': 100, 'benchmark_z_path': 'data/Z_true.pt', 'projected_bellman_test_risk': 0.17701603472232819, 'oracle_embedding_risk': 2.508756637573242, 'benchmark_embedding_risk': 2.508756637573242, 'risk_bellman_final': 0.1884440020033518, 'risk_obj_final': 2.8016800880432133, 'B_num_rows': 3075, 'B_num_cols': 800, 'B_min_dim': 800, 'B_numerical_rank': 800, 'B_rank_fraction': 1.0, 'B_rank_tolerance': 3.328514484035594e-05, 'B_stable_rank': 292.33880615234375, 'B_effective_rank': 771.2967555111446, 'B_entropy_rank': 6.648073196411133, 'B_spectral_norm': 0.09080196171998978, 'B_frobenius_norm': 1.552524447441101, 'B_nuclear_norm': 42.40734100341797, 'B_condition_number': 3.372393212645361, 'B_condition_number_tol': 3.372393212645361, 'B_smallest_singular_value': 0.02692508138716221, 'B_rank_rel_1em2': 800, 'B_rank_rel_1em3': 800, 'B_rank_rel_1em4': 800}
Benchmark 3 evaluation grid shape: (800, 3)
Replicate 94, benchmark 3 metrics: {'run_id': '94_b3', 'RMSE': 0.687665616821858, 'MAE': 0.6228608588292264, 'SupNorm': 1.1929484605789185, 'Bias': 0.6228608588292264, 'Corr': 0.9520201132671389, 'deming_slope': 4.174277221816718, 'deming_intercept': -0.20007065307337824, 'beta_sum': 3.0044705867767334, 'beta_l1': 3.043787956237793, 'beta_l2': 0.12341299653053284, 'beta_min': -0.0029823612421751022, 'beta_max': 0.012950146570801735, 'beta_neg_frac': 0.0325, 'offline_data_id': 94, 'benchmark_id': 3, 'benchmark_point_source': 'fixed_config', 'target_set_size': 100, 'benchmark_z_path': 'data/Z_true.pt', 'projected_bellman_test_risk': 0.21537227928638458, 'oracle_embedding_risk': 2.439734935760498, 'benchmark_embedding_risk': 2.439734935760498, 'risk_bellman_final': 0.1884440020033518, 'risk_obj_final': 2.8016800880432133, 'B_num_rows': 3075, 'B_num_cols': 800, 'B_min_dim': 800, 'B_numerical_rank': 800, 'B_rank_fraction': 1.0, 'B_rank_tolerance': 3.328514484035594e-05, 'B_stable_rank': 292.33880615234375, 'B_effective_rank': 771.2967555111446, 'B_entropy_rank': 6.648073196411133, 'B_spectral_norm': 0.09080196171998978, 'B_frobenius_norm': 1.552524447441101, 'B_nuclear_norm': 42.40734100341797, 'B_condition_number': 3.372393212645361, 'B_condition_number_tol': 3.372393212645361, 'B_smallest_singular_value': 0.02692508138716221, 'B_rank_rel_1em2': 800, 'B_rank_rel_1em3': 800, 'B_rank_rel_1em4': 800}
Benchmark 4 evaluation grid shape: (800, 3)
Replicate 94, benchmark 4 metrics: {'run_id': '94_b4', 'RMSE': 0.139734697200093, 'MAE': 0.10615036692179274, 'SupNorm': 0.41904759407043457, 'Bias': 0.05037657154549379, 'Corr': 0.5751130985351323, 'deming_slope': 2.3305967371172516, 'deming_intercept': -0.30436675058694423, 'beta_sum': 1.5634459257125854, 'beta_l1': 2.0180389881134033, 'beta_l2': 0.1267680823802948, 'beta_min': -0.004168183542788029, 'beta_max': 0.039850201457738876, 'beta_neg_frac': 0.24625, 'offline_data_id': 94, 'benchmark_id': 4, 'benchmark_point_source': 'support_safe_target_policy_draw', 'target_set_size': 100, 'benchmark_z_path': 'data/Z_true.pt', 'projected_bellman_test_risk': 0.04325608164072037, 'oracle_embedding_risk': 0.9986663460731506, 'benchmark_embedding_risk': 0.9986663460731506, 'risk_bellman_final': 0.1884440020033518, 'risk_obj_final': 2.8016800880432133, 'B_num_rows': 3075, 'B_num_cols': 800, 'B_min_dim': 800, 'B_numerical_rank': 800, 'B_rank_fraction': 1.0, 'B_rank_tolerance': 3.328514484035594e-05, 'B_stable_rank': 292.33880615234375, 'B_effective_rank': 771.2967555111446, 'B_entropy_rank': 6.648073196411133, 'B_spectral_norm': 0.09080196171998978, 'B_frobenius_norm': 1.552524447441101, 'B_nuclear_norm': 42.40734100341797, 'B_condition_number': 3.372393212645361, 'B_condition_number_tol': 3.372393212645361, 'B_smallest_singular_value': 0.02692508138716221, 'B_rank_rel_1em2': 800, 'B_rank_rel_1em3': 800, 'B_rank_rel_1em4': 800}
Benchmark 5 evaluation grid shape: (800, 3)
Replicate 94, benchmark 5 metrics: {'run_id': '94_b5', 'RMSE': 0.23878728681577274, 'MAE': 0.22188072049136282, 'SupNorm': 0.38494113087654114, 'Bias': -0.22166646370508716, 'Corr': 0.31437921741945946, 'deming_slope': 0.0777773341388978, 'deming_intercept': 0.015330563265294674, 'beta_sum': 0.2916093170642853, 'beta_l1': 0.4875155985355377, 'beta_l2': 0.02498030662536621, 'beta_min': -0.0013074310263618827, 'beta_max': 0.005252622999250889, 'beta_neg_frac': 0.33125, 'offline_data_id': 94, 'benchmark_id': 5, 'benchmark_point_source': 'support_safe_target_policy_draw', 'target_set_size': 100, 'benchmark_z_path': 'data/Z_true.pt', 'projected_bellman_test_risk': 0.0016585640842095017, 'oracle_embedding_risk': 0.9440736770629883, 'benchmark_embedding_risk': 0.9440736770629883, 'risk_bellman_final': 0.1884440020033518, 'risk_obj_final': 2.8016800880432133, 'B_num_rows': 3075, 'B_num_cols': 800, 'B_min_dim': 800, 'B_numerical_rank': 800, 'B_rank_fraction': 1.0, 'B_rank_tolerance': 3.328514484035594e-05, 'B_stable_rank': 292.33880615234375, 'B_effective_rank': 771.2967555111446, 'B_entropy_rank': 6.648073196411133, 'B_spectral_norm': 0.09080196171998978, 'B_frobenius_norm': 1.552524447441101, 'B_nuclear_norm': 42.40734100341797, 'B_condition_number': 3.372393212645361, 'B_condition_number_tol': 3.372393212645361, 'B_smallest_singular_value': 0.02692508138716221, 'B_rank_rel_1em2': 800, 'B_rank_rel_1em3': 800, 'B_rank_rel_1em4': 800}
Benchmark 6 evaluation grid shape: (800, 3)
Replicate 94, benchmark 6 metrics: {'run_id': '94_b6', 'RMSE': 0.36733958607408623, 'MAE': 0.3036402102699503, 'SupNorm': 0.7640599012374878, 'Bias': 0.3014339437731542, 'Corr': 0.7294643312288881, 'deming_slope': 3.654433571543691, 'deming_intercept': -0.39931313070416885, 'beta_sum': 2.1977133750915527, 'beta_l1': 2.382457971572876, 'beta_l2': 0.10435214638710022, 'beta_min': -0.005025409162044525, 'beta_max': 0.01406300812959671, 'beta_neg_frac': 0.11875, 'offline_data_id': 94, 'benchmark_id': 6, 'benchmark_point_source': 'support_safe_target_policy_draw', 'target_set_size': 100, 'benchmark_z_path': 'data/Z_true.pt', 'projected_bellman_test_risk': 0.007098311558365822, 'oracle_embedding_risk': 1.4534351825714111, 'benchmark_embedding_risk': 1.4534351825714111, 'risk_bellman_final': 0.1884440020033518, 'risk_obj_final': 2.8016800880432133, 'B_num_rows': 3075, 'B_num_cols': 800, 'B_min_dim': 800, 'B_numerical_rank': 800, 'B_rank_fraction': 1.0, 'B_rank_tolerance': 3.328514484035594e-05, 'B_stable_rank': 292.33880615234375, 'B_effective_rank': 771.2967555111446, 'B_entropy_rank': 6.648073196411133, 'B_spectral_norm': 0.09080196171998978, 'B_frobenius_norm': 1.552524447441101, 'B_nuclear_norm': 42.40734100341797, 'B_condition_number': 3.372393212645361, 'B_condition_number_tol': 3.372393212645361, 'B_smallest_singular_value': 0.02692508138716221, 'B_rank_rel_1em2': 800, 'B_rank_rel_1em3': 800, 'B_rank_rel_1em4': 800}
Benchmark 7 evaluation grid shape: (800, 3)
Replicate 94, benchmark 7 metrics: {'run_id': '94_b7', 'RMSE': 0.4044542276151106, 'MAE': 0.3344987195171416, 'SupNorm': 0.8793429136276245, 'Bias': 0.33404865046031773, 'Corr': 0.6935174063654822, 'deming_slope': 4.139301753527866, 'deming_intercept': -0.4868322699412786, 'beta_sum': 2.467217206954956, 'beta_l1': 2.59822416305542, 'beta_l2': 0.12498321384191513, 'beta_min': -0.003724294016137719, 'beta_max': 0.025744177401065826, 'beta_neg_frac': 0.09625, 'offline_data_id': 94, 'benchmark_id': 7, 'benchmark_point_source': 'support_safe_target_policy_draw', 'target_set_size': 100, 'benchmark_z_path': 'data/Z_true.pt', 'projected_bellman_test_risk': 0.10710787028074265, 'oracle_embedding_risk': 1.6869124174118042, 'benchmark_embedding_risk': 1.6869124174118042, 'risk_bellman_final': 0.1884440020033518, 'risk_obj_final': 2.8016800880432133, 'B_num_rows': 3075, 'B_num_cols': 800, 'B_min_dim': 800, 'B_numerical_rank': 800, 'B_rank_fraction': 1.0, 'B_rank_tolerance': 3.328514484035594e-05, 'B_stable_rank': 292.33880615234375, 'B_effective_rank': 771.2967555111446, 'B_entropy_rank': 6.648073196411133, 'B_spectral_norm': 0.09080196171998978, 'B_frobenius_norm': 1.552524447441101, 'B_nuclear_norm': 42.40734100341797, 'B_condition_number': 3.372393212645361, 'B_condition_number_tol': 3.372393212645361, 'B_smallest_singular_value': 0.02692508138716221, 'B_rank_rel_1em2': 800, 'B_rank_rel_1em3': 800, 'B_rank_rel_1em4': 800}
Benchmark 8 evaluation grid shape: (800, 3)
Replicate 94, benchmark 8 metrics: {'run_id': '94_b8', 'RMSE': 0.10043728071959618, 'MAE': 0.07626060992974089, 'SupNorm': 0.2685202360153198, 'Bias': 0.05589926607412053, 'Corr': 0.8008132164048124, 'deming_slope': 1.5339491205918154, 'deming_intercept': -0.083191373353183, 'beta_sum': 1.3332226276397705, 'beta_l1': 1.805253028869629, 'beta_l2': 0.08800291270017624, 'beta_min': -0.0045149801298975945, 'beta_max': 0.017536573112010956, 'beta_neg_frac': 0.2475, 'offline_data_id': 94, 'benchmark_id': 8, 'benchmark_point_source': 'support_safe_target_policy_draw', 'target_set_size': 100, 'benchmark_z_path': 'data/Z_true.pt', 'projected_bellman_test_risk': 0.03932495042681694, 'oracle_embedding_risk': 0.8438735008239746, 'benchmark_embedding_risk': 0.8438735008239746, 'risk_bellman_final': 0.1884440020033518, 'risk_obj_final': 2.8016800880432133, 'B_num_rows': 3075, 'B_num_cols': 800, 'B_min_dim': 800, 'B_numerical_rank': 800, 'B_rank_fraction': 1.0, 'B_rank_tolerance': 3.328514484035594e-05, 'B_stable_rank': 292.33880615234375, 'B_effective_rank': 771.2967555111446, 'B_entropy_rank': 6.648073196411133, 'B_spectral_norm': 0.09080196171998978, 'B_frobenius_norm': 1.552524447441101, 'B_nuclear_norm': 42.40734100341797, 'B_condition_number': 3.372393212645361, 'B_condition_number_tol': 3.372393212645361, 'B_smallest_singular_value': 0.02692508138716221, 'B_rank_rel_1em2': 800, 'B_rank_rel_1em3': 800, 'B_rank_rel_1em4': 800}
Benchmark 9 evaluation grid shape: (800, 3)
Replicate 94, benchmark 9 metrics: {'run_id': '94_b9', 'RMSE': 0.3999666908539417, 'MAE': 0.34596082744305023, 'SupNorm': 0.7636743187904358, 'Bias': 0.3459316498611588, 'Corr': 0.8096589992423266, 'deming_slope': 3.3563449648755084, 'deming_intercept': -0.2803028367982715, 'beta_sum': 2.3070549964904785, 'beta_l1': 2.504159927368164, 'beta_l2': 0.11979775875806808, 'beta_min': -0.004223558586090803, 'beta_max': 0.028101066127419472, 'beta_neg_frac': 0.11875, 'offline_data_id': 94, 'benchmark_id': 9, 'benchmark_point_source': 'support_safe_target_policy_draw', 'target_set_size': 100, 'benchmark_z_path': 'data/Z_true.pt', 'projected_bellman_test_risk': 0.011668597348034382, 'oracle_embedding_risk': 1.4504508972167969, 'benchmark_embedding_risk': 1.4504508972167969, 'risk_bellman_final': 0.1884440020033518, 'risk_obj_final': 2.8016800880432133, 'B_num_rows': 3075, 'B_num_cols': 800, 'B_min_dim': 800, 'B_numerical_rank': 800, 'B_rank_fraction': 1.0, 'B_rank_tolerance': 3.328514484035594e-05, 'B_stable_rank': 292.33880615234375, 'B_effective_rank': 771.2967555111446, 'B_entropy_rank': 6.648073196411133, 'B_spectral_norm': 0.09080196171998978, 'B_frobenius_norm': 1.552524447441101, 'B_nuclear_norm': 42.40734100341797, 'B_condition_number': 3.372393212645361, 'B_condition_number_tol': 3.372393212645361, 'B_smallest_singular_value': 0.02692508138716221, 'B_rank_rel_1em2': 800, 'B_rank_rel_1em3': 800, 'B_rank_rel_1em4': 800}
Replicate 94 finished in 21.2s
Finished combo 0, offline replicate 94.
