Job ID:    2358993
Array idx: 212
CPUs/node: 64
Mem/node:  131072
Using CC = cc 
Using CXX = CC 
Using FC = ftn 
Using F77 = ftn 
Using F90 = ftn 
cuda/12.6.1 is deprecated; loading cudatoolkit/25.5_12.9 instead.
Using CC = /opt/nvidia/hpc_sdk/Linux_aarch64/25.5/compilers/bin/nvc 
Using CXX = /opt/nvidia/hpc_sdk/Linux_aarch64/25.5/compilers/bin/nvc++ 
Using FC = /opt/nvidia/hpc_sdk/Linux_aarch64/25.5/compilers/bin/nvfortran 
Using F77 = /opt/nvidia/hpc_sdk/Linux_aarch64/25.5/compilers/bin/nvfortran 
Using F90 = /opt/nvidia/hpc_sdk/Linux_aarch64/25.5/compilers/bin/nvfortran 
Using CC = /opt/nvidia/hpc_sdk/Linux_aarch64/25.5/compilers/bin/nvc 
Using CXX = /opt/nvidia/hpc_sdk/Linux_aarch64/25.5/compilers/bin/nvc++ 
Using FC = /opt/nvidia/hpc_sdk/Linux_aarch64/25.5/compilers/bin/nvfortran 
Using F77 = /opt/nvidia/hpc_sdk/Linux_aarch64/25.5/compilers/bin/nvfortran 
Using F90 = /opt/nvidia/hpc_sdk/Linux_aarch64/25.5/compilers/bin/nvfortran 

Lmod is automatically replacing "gcc-native/14" with "gcc/14.2.0".

ghx4
0
Tuning combo id: 2 / 6
Offline replicate id: 12 / 99
Installing ke_drl from git: https://github.com/mehrdadmhmdi/ke-drl.git@main
Collecting git+https://github.com/mehrdadmhmdi/ke-drl.git@main
  Cloning https://github.com/mehrdadmhmdi/ke-drl.git (to revision main) to /tmp/pip-req-build-aek9t04s
  Running command git clone --filter=blob:none --quiet https://github.com/mehrdadmhmdi/ke-drl.git /tmp/pip-req-build-aek9t04s
  Resolved https://github.com/mehrdadmhmdi/ke-drl.git to commit 3c5d570e40ea15b1fbe4817b5f43b64c7b333e82
  Installing build dependencies: started
  Installing build dependencies: finished with status 'done'
  Getting requirements to build wheel: started
  Getting requirements to build wheel: finished with status 'done'
  Preparing metadata (pyproject.toml): started
  Preparing metadata (pyproject.toml): finished with status 'done'
Building wheels for collected packages: ke_drl
  Building wheel for ke_drl (pyproject.toml): started
  Building wheel for ke_drl (pyproject.toml): finished with status 'done'
  Created wheel for ke_drl: filename=ke_drl-0.1.0-py3-none-any.whl size=47219 sha256=6cd86b095d96d506360ed81a3ca7a3e3647f081c7bbaac856d4d8c290e80584b
  Stored in directory: /tmp/pip-ephem-wheel-cache-rsodtfma/wheels/24/47/ad/9a4ffd3b05d3e90e35ffc6e7324b735b8bfcf5f51aaf29a333
Successfully built ke_drl
Installing collected packages: ke_drl
Successfully installed ke_drl-0.1.0
Installed ke_drl source: /work/nvme/bfez/mehrdad3/DistRL/simulation_3/runs/sim3_global_2358722_2/.kedrl_site_212/ke_drl/__init__.py
Tuning combo 2: lambda_B_0.00002
Overrides: {'lambda_B': 2e-05}
RUN: /sw/user/python/miniforge3-pytorch-24.11.3/bin/python3 validate_sim_config.py --params params.yaml
ke_drl import source: /work/nvme/bfez/mehrdad3/DistRL/simulation_3/runs/sim3_global_2358722_2/.kedrl_site_212/ke_drl/__init__.py
ke_drl package API OK: prediction weights, RFF operators, rank diagnostics, and best-checkpoint optimizer available
Policy config OK: behavior=uniform, target=logistic, state_dim=5, action_dim=1
Note: policy.logistic.theta_scale/theta_std are log-scale coefficients in Probability_Densities.
Behavior-policy linearized state-process diagnostic: spectral_radius=0.653, offline_burn_in=50
Replicate config OK: num_replicates=100, benchmark points=10 independent of D_i, loss target points=100
Transition reduction OK: method=kmeans, raw rows N(T-1)=12000, target rows about 3000, B rows reduced from 12000 to about 3000
Return-operator approximation OK: method=rff, features=512, exact G avoided for estimated N=12000, m=800, L=100
Fixed benchmark config rows=4 (benchmark.num_points=10; additional points are support-safe target-policy draws if needed)
Fixed benchmark point 0: s_star=[0.6, -0.8, 0.7, -0.5, 0.9], a_star=[0.5]
Fixed benchmark behavior-support interval for configured rows: min_lower=-0.12, max_upper=1.11
Fixed benchmark target-policy location range: [-0.02, 0.14]
Reusing shared data from /work/nvme/bfez/mehrdad3/DistRL/simulation_3/runs/sim3_shared_data/data for offline replicate 12.
RUN: /sw/user/python/miniforge3-pytorch-24.11.3/bin/python3 validate_sim_config.py --params params.yaml --data data/offline_data_12.pt
ke_drl import source: /work/nvme/bfez/mehrdad3/DistRL/simulation_3/runs/sim3_global_2358722_2/.kedrl_site_212/ke_drl/__init__.py
ke_drl package API OK: prediction weights, RFF operators, rank diagnostics, and best-checkpoint optimizer available
Policy config OK: behavior=uniform, target=logistic, state_dim=5, action_dim=1
Note: policy.logistic.theta_scale/theta_std are log-scale coefficients in Probability_Densities.
Behavior-policy linearized state-process diagnostic: spectral_radius=0.653, offline_burn_in=50
Replicate config OK: num_replicates=100, benchmark points=10 independent of D_i, loss target points=100
Transition reduction OK: method=kmeans, raw rows N(T-1)=12000, target rows about 3000, B rows reduced from 12000 to about 3000
Return-operator approximation OK: method=rff, features=512, exact G avoided for estimated N=12000, m=800, L=100
Fixed benchmark config rows=4 (benchmark.num_points=10; additional points are support-safe target-policy draws if needed)
Fixed benchmark point 0: s_star=[0.6, -0.8, 0.7, -0.5, 0.9], a_star=[0.5]
Fixed benchmark behavior-support interval for configured rows: min_lower=-0.12, max_upper=1.11
Fixed benchmark target-policy location range: [-0.02, 0.14]
Full benchmark support check OK: 10 points, min_lower=-2.177, max_upper=2.05
observed behavior actions: mean=0.3916, sd=0.6659, q0/q10/q50/q90/q100=[-1.9966546297073364, -0.41271717548370357, 0.3350885659456253, 1.2952340483665468, 2.83158016204834]
target-policy sampled actions: mean=-0.02204, sd=0.659, q0/q10/q50/q90/q100=[-2.61999547450224, -0.8663245742756298, -0.01930734909995073, 0.8215792495718983, 2.520727998074822]
behavior uniform lower: mean=-0.1213, sd=0.6529, q0/q10/q50/q90/q100=[-2.70717031955719, -0.9562030142545699, -0.11689965575933457, 0.7151460063457491, 2.3457272052764893]
behavior uniform upper: mean=0.915, sd=0.6415, q0/q10/q50/q90/q100=[-0.9899859011173247, 0.07730842884629967, 0.9175057005137206, 1.7539132383465765, 3.3457272052764893]
target location inside behavior uniform support: 0.968
RUN: /sw/user/python/miniforge3-pytorch-24.11.3/bin/python3 main_est.py
# ================================================================ #
#   Global KE-DRL estimation for one offline replicate              #
# ================================================================ #
Slurm Job ID: 2358993
Slurm Array ID: 12 -- used as the offline-replicate id
Offline data id: 12
ke_drl import source: /work/nvme/bfez/mehrdad3/DistRL/simulation_3/runs/sim3_global_2358722_2/.kedrl_site_212/ke_drl/__init__.py
Estimator device: cuda (NVIDIA GH200 120GB, capability 9.0); torch CUDA=13.0
Random seed: 20460524
Number of offline replicates: 100
[transition reduction] enabled: original rows=12000, target basis=3000, method=kmeans, device=cuda
[transition reduction] kmeans iter 1/20, mean center shift=2.7731e-01
[transition reduction] kmeans iter 5/20, mean center shift=5.7123e-03
[transition reduction] selected 3078 rows from 12000 transitions (ratio 0.2565); indices saved to data/reduced_transition_indices_12.pt
Data and parameters loaded.
offline path: data/offline_data_12.pt
benchmark true-Z path: data/Z_true.pt
offline shapes after reduction: s0=(3078, 5), a0=(3078, 1), r0=(3078, 3)
transition reduction: {'enabled': True, 'method': 'kmeans', 'original_rows': 12000, 'reduced_rows': 3078, 'selected_indices_path': 'data/reduced_transition_indices_12.pt', 'target_basis': 3000, 'compression_ratio': 0.2565}
fixed benchmark point source: fixed_config_plus_support_safe_target_policy_draws
benchmark row excluded from this offline data: None
global loss target set shape: s_star=(100, 5), a_star=(100, 1)
benchmark true-Z count=10, shape each=(50000, 3)
target policy: logistic
behavior policy: uniform
lambda_Gamma=0.005, lambda_B=2e-05, d_r_method=song
dtype=torch.float32, operator_method=rff, operator_num_features=512
ridge_mode=rkhs, diagnostic_interval=50
mass_anchor_lambda=1.0, target_mass=1.0
uLSIF basis: source=numerator, n_basis=512, lambda_reg=0.005
optimizer stabilizers: lambda_neg=0.0, max_B_norm=None, eta_clip_min=0.0, eta_clip_max=5.0, normalize_eta=True
========================================
Estimating the global KE-DRL mean embedding
torch device=cuda, dtype=torch.float32
Data dims: N=3078, L=100, Ds=5, Da=1, Dr=3
lambda_Gamma=0.005, lambda_B=2e-05
return-operator construction: method=rff, rff_features=512
[uLSIF] basis=512/3078 (numerator); eta_hat min=-9.382e-01 max=5.304e+00 neg%=4.39
ESS for eta_plus: 2172.0 / 3078
eta_plus diagnostics: raw_mean=0.995, raw_min=-0.938, raw_max=5.3; used_mean=1, used_min=0, used_max=4.97
[timing] Z-grid: 0.03s
[timing] K_X: 0.00s
[timing] K_plus: 0.00s
[timing] k_star: 0.00s
[timing] Gamma_stack: 0.01s
[timing] Phi_stack: 0.00s
[timing] RFF feature sample: 0.00s
[timing] K_Z RFF: 0.00s
[timing] G_stack RFF: 0.01s
[timing] H_stack RFF: 0.01s
findfont: Font family 'Nimbus Roman' not found.
findfont: Font family 'Nimbus Roman' not found.
findfont: Font family 'Nimbus Roman' not found.
findfont: Font family 'Nimbus Roman' not found.
findfont: Font family 'Nimbus Roman' not found.
findfont: Font family 'Nimbus Roman' not found.
findfont: Font family 'Nimbus Roman' not found.
findfont: Font family 'Nimbus Roman' not found.
findfont: Font family 'Nimbus Roman' not found.
findfont: Font family 'Nimbus Roman' not found.
findfont: Font family 'Nimbus Roman' not found.
findfont: Font family 'Nimbus Roman' not found.
findfont: Font family 'Nimbus Roman' not found.
findfont: Font family 'Nimbus Roman' not found.
findfont: Font family 'Nimbus Roman' not found.
findfont: Font family 'Nimbus Roman' not found.
findfont: Font family 'Nimbus Roman' not found.
findfont: Font family 'Nimbus Roman' not found.
findfont: Font family 'Nimbus Roman' not found.
findfont: Font family 'Nimbus Roman' not found.
findfont: Font family 'Nimbus Roman' not found.
findfont: Font family 'Nimbus Roman' not found.
findfont: Font family 'Nimbus Roman' not found.
findfont: Font family 'Nimbus Roman' not found.
findfont: Font family 'Nimbus Roman' not found.
findfont: Font family 'Nimbus Roman' not found.
findfont: Font family 'Nimbus Roman' not found.
findfont: Font family 'Nimbus Roman' not found.
findfont: Font family 'Nimbus Roman' not found.
findfont: Font family 'Nimbus Roman' not found.
findfont: Font family 'Nimbus Roman' not found.
findfont: Font family 'Nimbus Roman' not found.
findfont: Font family 'Nimbus Roman' not found.
findfont: Font family 'Nimbus Roman' not found.
findfont: Font family 'Nimbus Roman' not found.
findfont: Font family 'Nimbus Roman' not found.
findfont: Font family 'Nimbus Roman' not found.
findfont: Font family 'Nimbus Roman' not found.
findfont: Font family 'Nimbus Roman' not found.
findfont: Font family 'Nimbus Roman' not found.
findfont: Font family 'Nimbus Roman' not found.
findfont: Font family 'Nimbus Roman' not found.
findfont: Font family 'Nimbus Roman' not found.
findfont: Font family 'Nimbus Roman' not found.
findfont: Font family ['Nimbus Roman'] not found. Falling back to DejaVu Sans.
findfont: Font family 'Nimbus Roman' not found.
findfont: Font family ['Nimbus Roman'] not found. Falling back to DejaVu Sans.
findfont: Font family 'Nimbus Roman' not found.
findfont: Font family 'Nimbus Roman' not found.
findfont: Font family 'Nimbus Roman' not found.
findfont: Font family 'Nimbus Roman' not found.
findfont: Font family 'Nimbus Roman' not found.
findfont: Font family 'Nimbus Roman' not found.
findfont: Font family 'Nimbus Roman' not found.
findfont: Font family 'Nimbus Roman' not found.
findfont: Font family ['Nimbus Roman'] not found. Falling back to DejaVu Sans.
findfont: Font family 'Nimbus Roman' not found.
findfont: Font family 'Nimbus Roman' not found.
findfont: Font family 'Nimbus Roman' not found.
findfont: Font family 'Nimbus Roman' not found.
findfont: Font family 'Nimbus Roman' not found.
findfont: Font family 'Nimbus Roman' not found.
findfont: Font family 'Nimbus Roman' not found.
findfont: Font family 'Nimbus Roman' not found.
findfont: Font family 'Nimbus Roman' not found.
findfont: Font family 'Nimbus Roman' not found.
findfont: Font family 'Nimbus Roman' not found.
findfont: Font family 'Nimbus Roman' not found.
findfont: Font family 'Nimbus Roman' not found.
findfont: Font family 'Nimbus Roman' not found.
findfont: Font family 'Nimbus Roman' not found.
findfont: Font family 'Nimbus Roman' not found.
findfont: Font family 'Nimbus Roman' not found.
findfont: Font family 'Nimbus Roman' not found.
findfont: Font family 'Nimbus Roman' not found.
findfont: Font family 'Nimbus Roman' not found.
findfont: Font family 'Nimbus Roman' not found.
findfont: Font family 'Nimbus Roman' not found.
findfont: Font family 'Nimbus Roman' not found.
findfont: Font family 'Nimbus Roman' not found.
findfont: Font family 'Nimbus Roman' not found.
findfont: Font family 'Nimbus Roman' not found.
findfont: Font family 'Nimbus Roman' not found.
findfont: Font family 'Nimbus Roman' not found.
findfont: Font family 'Nimbus Roman' not found.
findfont: Font family 'Nimbus Roman' not found.
findfont: Font family 'Nimbus Roman' not found.
findfont: Font family 'Nimbus Roman' not found.
findfont: Font family 'Nimbus Roman' not found.
findfont: Font family 'Nimbus Roman' not found.
findfont: Font family 'Nimbus Roman' not found.
findfont: Font family 'Nimbus Roman' not found.
findfont: Font family 'Nimbus Roman' not found.
findfont: Font family 'Nimbus Roman' not found.
findfont: Font family 'Nimbus Roman' not found.
findfont: Font family 'Nimbus Roman' not found.
findfont: Font family 'Nimbus Roman' not found.
findfont: Font family 'Nimbus Roman' not found.
findfont: Font family 'Nimbus Roman' not found.
findfont: Font family 'Nimbus Roman' not found.
findfont: Font family 'Nimbus Roman' not found.
findfont: Font family 'Nimbus Roman' not found.
findfont: Font family 'Nimbus Roman' not found.
findfont: Font family 'Nimbus Roman' not found.
findfont: Font family 'Nimbus Roman' not found.
findfont: Font family 'Nimbus Roman' not found.
findfont: Font family 'Nimbus Roman' not found.
findfont: Font family 'Nimbus Roman' not found.
findfont: Font family 'Nimbus Roman' not found.
findfont: Font family 'Nimbus Roman' not found.
findfont: Font family 'Nimbus Roman' not found.
findfont: Font family 'Nimbus Roman' not found.
findfont: Font family 'Nimbus Roman' not found.
findfont: Font family 'Nimbus Roman' not found.
findfont: Font family 'Nimbus Roman' not found.
findfont: Font family 'Nimbus Roman' not found.
findfont: Font family 'Nimbus Roman' not found.
findfont: Font family 'Nimbus Roman' not found.
findfont: Font family 'Nimbus Roman' not found.
findfont: Font family 'Nimbus Roman' not found.
findfont: Font family 'Nimbus Roman' not found.
findfont: Font family 'Nimbus Roman' not found.
findfont: Font family 'Nimbus Roman' not found.
findfont: Font family 'Nimbus Roman' not found.
findfont: Font family 'Nimbus Roman' not found.
findfont: Font family 'Nimbus Roman' not found.
findfont: Font family 'Nimbus Roman' not found.
findfont: Font family 'Nimbus Roman' not found.
findfont: Font family 'Nimbus Roman' not found.
findfont: Font family 'Nimbus Roman' not found.
findfont: Font family 'Nimbus Roman' not found.
findfont: Font family 'Nimbus Roman' not found.
findfont: Font family 'Nimbus Roman' not found.
Ridge mode: rkhs; diagnostic interval: 50
Iter 1/4000 | log_obj=9.893e+00 | log_Bellman_root=3.474e+00 | mass=1.87e+04 | neg=0.00e+00 | grad=2.99e+02
Iter 400/4000 | log_obj=5.629e+00 | log_Bellman_root=1.332e+00 | mass=2.64e+02 | neg=0.00e+00 | grad=7.18e+03
Iter 800/4000 | log_obj=4.828e+00 | log_Bellman_root=9.388e-01 | mass=1.18e+02 | neg=0.00e+00 | grad=1.32e+04
Iter 1200/4000 | log_obj=2.981e+00 | log_Bellman_root=5.948e-02 | mass=1.86e+01 | neg=0.00e+00 | grad=9.25e+03
Iter 1600/4000 | log_obj=1.823e+00 | log_Bellman_root=-5.432e-01 | mass=5.85e+00 | neg=0.00e+00 | grad=4.56e+03
Iter 2000/4000 | log_obj=2.793e+00 | log_Bellman_root=-7.171e-02 | mass=1.55e+01 | neg=0.00e+00 | grad=4.62e+03
Iter 2400/4000 | log_obj=3.003e+00 | log_Bellman_root=1.981e-02 | mass=1.91e+01 | neg=0.00e+00 | grad=2.00e+03
Iter 2800/4000 | log_obj=1.828e+00 | log_Bellman_root=-5.443e-01 | mass=5.89e+00 | neg=0.00e+00 | grad=3.11e+03
Iter 3200/4000 | log_obj=2.370e+00 | log_Bellman_root=-2.809e-01 | mass=1.01e+01 | neg=0.00e+00 | grad=1.49e+03
Iter 3600/4000 | log_obj=-9.589e-01 | log_Bellman_root=-1.691e+00 | mass=3.49e-01 | neg=0.00e+00 | grad=4.27e+02
Iter 4000/4000 | log_obj=4.371e-01 | log_Bellman_root=-1.206e+00 | mass=1.46e+00 | neg=0.00e+00 | grad=8.36e+02
Returning best diagnostic checkpoint from step 3900 (objective=1.616e-01, Bellman=1.662e-02).
Done in 11.02s.
KE-DRL global estimation is done.
B_hat shape: (3078, 800)
B_hat rank diagnostics: {'B_num_rows': 3078, 'B_num_cols': 800, 'B_min_dim': 800, 'B_numerical_rank': 800, 'B_rank_fraction': 1.0, 'B_rank_tolerance': 4.067324322143406e-05, 'B_stable_rank': 201.40139770507812, 'B_effective_rank': 771.5049487559153, 'B_entropy_rank': 6.648343086242676, 'B_spectral_norm': 0.110848568379879, 'B_frobenius_norm': 1.5731180906295776, 'B_nuclear_norm': 42.977054595947266, 'B_condition_number': 4.04267954932261, 'B_condition_number_tol': 4.04267954932261, 'B_smallest_singular_value': 0.027419578284025192, 'B_rank_rel_1em2': 800, 'B_rank_rel_1em3': 800, 'B_rank_rel_1em4': 800}
Global-loss target mass diagnostics: {'target_mass_mean': 1.3463914394378662, 'target_mass_min': 0.9383662939071655, 'target_mass_max': 1.6264930963516235, 'target_mass_sd': 0.15878723561763763, 'target_mass_rmse_to_target': 0.38072070479393005, 'target_beta_min': -0.06290816515684128, 'target_beta_max': 0.07136843353509903, 'target_neg_frac_mean': 0.44516250000000007}
Return dictionary Z_grid shape: (800, 3)
Replicate 12 risk metrics: {'risk_n_steps_recorded': 81.0, 'risk_n_diagnostics_recorded': 81.0, 'risk_log_obj_initial': 9.892978719069719, 'risk_log_obj_final': 0.43706717818130947, 'risk_log_obj_min': -1.8224948023175676, 'risk_obj_initial': 19790.923828124993, 'risk_obj_final': 1.5481600761413574, 'risk_obj_min': 0.1616220325231552, 'risk_log_obj_drop': 9.45591154088841, 'risk_log_bellman_root_initial': 3.473965416016304, 'risk_log_bellman_root_final': -1.2062114360465592, 'risk_log_bellman_root_min': -2.0881678359283904, 'risk_bellman_root_initial': 32.26443099975586, 'risk_bellman_root_final': 0.2993291616439819, 'risk_bellman_root_min': 0.12391395866870882, 'risk_bellman_initial': 1040.9935077380067, 'risk_bellman_final': 0.08959794701048905, 'risk_bellman_min': 0.015354669152950477, 'risk_log_bellman_root_drop': 4.680176852062863, 'risk_bellman_returned': 0.01662266254425049, 'risk_obj_returned': 0.1616220325231552, 'risk_returned_step': 3900.0, 'offline_data_id': 12, 'benchmark_point_source': 'fixed_config_plus_support_safe_target_policy_draws', 'target_set_size': 100, 'lambda_reg': 0.005, 'lambda_B': 2e-05, 'num_steps': 4000, 'transition_reduction_enabled': 1, 'transition_reduction_method': 'kmeans', 'transition_original_rows': 12000, 'transition_reduced_rows': 3078, 'transition_compression_ratio': 0.2565, 'target_mass_mean': 1.3463914394378662, 'target_mass_min': 0.9383662939071655, 'target_mass_max': 1.6264930963516235, 'target_mass_sd': 0.15878723561763763, 'target_mass_rmse_to_target': 0.38072070479393005, 'target_beta_min': -0.06290816515684128, 'target_beta_max': 0.07136843353509903, 'target_neg_frac_mean': 0.44516250000000007, 'B_num_rows': 3078, 'B_num_cols': 800, 'B_min_dim': 800, 'B_numerical_rank': 800, 'B_rank_fraction': 1.0, 'B_rank_tolerance': 4.067324322143406e-05, 'B_stable_rank': 201.40139770507812, 'B_effective_rank': 771.5049487559153, 'B_entropy_rank': 6.648343086242676, 'B_spectral_norm': 0.110848568379879, 'B_frobenius_norm': 1.5731180906295776, 'B_nuclear_norm': 42.977054595947266, 'B_condition_number': 4.04267954932261, 'B_condition_number_tol': 4.04267954932261, 'B_smallest_singular_value': 0.027419578284025192, 'B_rank_rel_1em2': 800, 'B_rank_rel_1em3': 800, 'B_rank_rel_1em4': 800, 'risk_objective_final_raw': 1.5481600761413574, 'risk_objective_min_raw': 0.1616220325231552, 'risk_objective_max_raw': 19790.923828125, 'risk_bellman_final_raw': 0.08959794789552689, 'risk_bellman_min_raw': 0.015354668721556664, 'risk_bellman_max_raw': 1040.993408203125, 'risk_rkhs_ridge_final_raw': 5.155940380063839e-05, 'risk_rkhs_ridge_min_raw': 5.06777832924854e-05, 'risk_rkhs_ridge_max_raw': 0.002351872157305479, 'risk_mass_final_raw': 1.4585105180740356, 'risk_mass_min_raw': 0.14494824409484863, 'risk_mass_max_raw': 18749.927734375, 'risk_negativity_final_raw': 0.0, 'risk_negativity_min_raw': 0.0, 'risk_negativity_max_raw': 0.0, 'risk_B_norm_final_raw': 1.573062777519226, 'risk_B_norm_min_raw': 1.571134328842163, 'risk_B_norm_max_raw': 1.6398123502731323, 'risk_diagnostic_step_final_raw': 4000.0, 'risk_diagnostic_step_min_raw': 1.0, 'risk_diagnostic_step_max_raw': 4000.0, 'risk_best_step_final_raw': 3900.0, 'risk_best_step_min_raw': 3900.0, 'risk_best_step_max_raw': 3900.0, 'risk_best_objective_final_raw': 0.1616220325231552, 'risk_best_objective_min_raw': 0.1616220325231552, 'risk_best_objective_max_raw': 0.1616220325231552, 'risk_best_bellman_final_raw': 0.01662266254425049, 'risk_best_bellman_min_raw': 0.01662266254425049, 'risk_best_bellman_max_raw': 0.01662266254425049, 'risk_returned_step_final_raw': 3900.0, 'risk_returned_step_min_raw': 3900.0, 'risk_returned_step_max_raw': 3900.0, 'risk_returned_objective_final_raw': 0.1616220325231552, 'risk_returned_objective_min_raw': 0.1616220325231552, 'risk_returned_objective_max_raw': 0.1616220325231552, 'risk_returned_bellman_final_raw': 0.01662266254425049, 'risk_returned_bellman_min_raw': 0.01662266254425049, 'risk_returned_bellman_max_raw': 0.01662266254425049, 'risk_returned_best_checkpoint_final_raw': 1.0, 'risk_returned_best_checkpoint_min_raw': 1.0, 'risk_returned_best_checkpoint_max_raw': 1.0}
Benchmark 0 evaluation grid shape: (800, 3)
Replicate 12, benchmark 0 metrics: {'run_id': '12_b0', 'RMSE': 0.08744057147627352, 'MAE': 0.07473867264052388, 'SupNorm': 0.19689926505088806, 'Bias': -0.005745072347926907, 'Corr': 0.6774083989912941, 'deming_slope': 1.3438620883783465, 'deming_intercept': -0.09591234732396031, 'beta_sum': 1.1737759113311768, 'beta_l1': 6.624924659729004, 'beta_l2': 0.2917431890964508, 'beta_min': -0.031121889129281044, 'beta_max': 0.03859034925699234, 'beta_neg_frac': 0.45125, 'offline_data_id': 12, 'benchmark_id': 0, 'benchmark_point_source': 'fixed_config', 'target_set_size': 100, 'benchmark_z_path': 'data/Z_true.pt', 'projected_bellman_test_risk': 0.026446104049682617, 'oracle_embedding_risk': 0.8288030028343201, 'benchmark_embedding_risk': 0.8288030028343201, 'risk_bellman_final': 0.08959794701048905, 'risk_obj_final': 1.5481600761413574, 'B_num_rows': 3078, 'B_num_cols': 800, 'B_min_dim': 800, 'B_numerical_rank': 800, 'B_rank_fraction': 1.0, 'B_rank_tolerance': 4.067324322143406e-05, 'B_stable_rank': 201.40139770507812, 'B_effective_rank': 771.5049487559153, 'B_entropy_rank': 6.648343086242676, 'B_spectral_norm': 0.110848568379879, 'B_frobenius_norm': 1.5731180906295776, 'B_nuclear_norm': 42.977054595947266, 'B_condition_number': 4.04267954932261, 'B_condition_number_tol': 4.04267954932261, 'B_smallest_singular_value': 0.027419578284025192, 'B_rank_rel_1em2': 800, 'B_rank_rel_1em3': 800, 'B_rank_rel_1em4': 800}
Saved ./mu/mu_hat.csv shape=(800,)
Saved ./mu/mu2D_hat_dims01.csv shape=(120, 120)
Saved ./mu/mu2D_hat_dims01.csv shape=(120, 120)
Saved plots/replicate_12/mu_3D.png
Benchmark 1 evaluation grid shape: (800, 3)
Replicate 12, benchmark 1 metrics: {'run_id': '12_b1', 'RMSE': 0.24681688784383468, 'MAE': 0.22200754119461635, 'SupNorm': 0.4251038730144501, 'Bias': 0.2220059771797969, 'Corr': 0.9808460183917906, 'deming_slope': 2.1157144163230623, 'deming_intercept': -0.06867587539165582, 'beta_sum': 1.6168160438537598, 'beta_l1': 12.979547500610352, 'beta_l2': 0.5766997933387756, 'beta_min': -0.050743233412504196, 'beta_max': 0.0702042281627655, 'beta_neg_frac': 0.475, 'offline_data_id': 12, 'benchmark_id': 1, 'benchmark_point_source': 'fixed_config', 'target_set_size': 100, 'benchmark_z_path': 'data/Z_true.pt', 'projected_bellman_test_risk': 0.03863271325826645, 'oracle_embedding_risk': 0.9580386877059937, 'benchmark_embedding_risk': 0.9580386877059937, 'risk_bellman_final': 0.08959794701048905, 'risk_obj_final': 1.5481600761413574, 'B_num_rows': 3078, 'B_num_cols': 800, 'B_min_dim': 800, 'B_numerical_rank': 800, 'B_rank_fraction': 1.0, 'B_rank_tolerance': 4.067324322143406e-05, 'B_stable_rank': 201.40139770507812, 'B_effective_rank': 771.5049487559153, 'B_entropy_rank': 6.648343086242676, 'B_spectral_norm': 0.110848568379879, 'B_frobenius_norm': 1.5731180906295776, 'B_nuclear_norm': 42.977054595947266, 'B_condition_number': 4.04267954932261, 'B_condition_number_tol': 4.04267954932261, 'B_smallest_singular_value': 0.027419578284025192, 'B_rank_rel_1em2': 800, 'B_rank_rel_1em3': 800, 'B_rank_rel_1em4': 800}
Benchmark 2 evaluation grid shape: (800, 3)
Replicate 12, benchmark 2 metrics: {'run_id': '12_b2', 'RMSE': 0.23706890555748605, 'MAE': 0.2117541292626993, 'SupNorm': 0.41160428524017334, 'Bias': 0.2117147267088876, 'Corr': 0.9528938680036311, 'deming_slope': 2.124947894403311, 'deming_intercept': -0.08980909057750347, 'beta_sum': 1.6059298515319824, 'beta_l1': 12.511754989624023, 'beta_l2': 0.5555694699287415, 'beta_min': -0.05222548544406891, 'beta_max': 0.06966448575258255, 'beta_neg_frac': 0.4575, 'offline_data_id': 12, 'benchmark_id': 2, 'benchmark_point_source': 'fixed_config', 'target_set_size': 100, 'benchmark_z_path': 'data/Z_true.pt', 'projected_bellman_test_risk': 0.03722449764609337, 'oracle_embedding_risk': 0.9444745182991028, 'benchmark_embedding_risk': 0.9444745182991028, 'risk_bellman_final': 0.08959794701048905, 'risk_obj_final': 1.5481600761413574, 'B_num_rows': 3078, 'B_num_cols': 800, 'B_min_dim': 800, 'B_numerical_rank': 800, 'B_rank_fraction': 1.0, 'B_rank_tolerance': 4.067324322143406e-05, 'B_stable_rank': 201.40139770507812, 'B_effective_rank': 771.5049487559153, 'B_entropy_rank': 6.648343086242676, 'B_spectral_norm': 0.110848568379879, 'B_frobenius_norm': 1.5731180906295776, 'B_nuclear_norm': 42.977054595947266, 'B_condition_number': 4.04267954932261, 'B_condition_number_tol': 4.04267954932261, 'B_smallest_singular_value': 0.027419578284025192, 'B_rank_rel_1em2': 800, 'B_rank_rel_1em3': 800, 'B_rank_rel_1em4': 800}
Benchmark 3 evaluation grid shape: (800, 3)
Replicate 12, benchmark 3 metrics: {'run_id': '12_b3', 'RMSE': 0.23378264134581286, 'MAE': 0.2063247386040166, 'SupNorm': 0.4218422770500183, 'Bias': 0.2063090430572629, 'Corr': 0.953289770778818, 'deming_slope': 2.1307064454424145, 'deming_intercept': -0.08682665355760344, 'beta_sum': 1.6198289394378662, 'beta_l1': 12.406866073608398, 'beta_l2': 0.5507731437683105, 'beta_min': -0.0510377511382103, 'beta_max': 0.06823961436748505, 'beta_neg_frac': 0.44875, 'offline_data_id': 12, 'benchmark_id': 3, 'benchmark_point_source': 'fixed_config', 'target_set_size': 100, 'benchmark_z_path': 'data/Z_true.pt', 'projected_bellman_test_risk': 0.04446415603160858, 'oracle_embedding_risk': 0.9541258215904236, 'benchmark_embedding_risk': 0.9541258215904236, 'risk_bellman_final': 0.08959794701048905, 'risk_obj_final': 1.5481600761413574, 'B_num_rows': 3078, 'B_num_cols': 800, 'B_min_dim': 800, 'B_numerical_rank': 800, 'B_rank_fraction': 1.0, 'B_rank_tolerance': 4.067324322143406e-05, 'B_stable_rank': 201.40139770507812, 'B_effective_rank': 771.5049487559153, 'B_entropy_rank': 6.648343086242676, 'B_spectral_norm': 0.110848568379879, 'B_frobenius_norm': 1.5731180906295776, 'B_nuclear_norm': 42.977054595947266, 'B_condition_number': 4.04267954932261, 'B_condition_number_tol': 4.04267954932261, 'B_smallest_singular_value': 0.027419578284025192, 'B_rank_rel_1em2': 800, 'B_rank_rel_1em3': 800, 'B_rank_rel_1em4': 800}
Benchmark 4 evaluation grid shape: (800, 3)
Replicate 12, benchmark 4 metrics: {'run_id': '12_b4', 'RMSE': 0.07354003473691349, 'MAE': 0.0623219819793303, 'SupNorm': 0.15123960375785828, 'Bias': -0.02645015670990688, 'Corr': 0.7488395989453286, 'deming_slope': 1.0626046255136625, 'deming_intercept': -0.043140843088477765, 'beta_sum': 1.1924810409545898, 'beta_l1': 6.540435314178467, 'beta_l2': 0.3086293637752533, 'beta_min': -0.030150223523378372, 'beta_max': 0.061822958290576935, 'beta_neg_frac': 0.46625, 'offline_data_id': 12, 'benchmark_id': 4, 'benchmark_point_source': 'support_safe_target_policy_draw', 'target_set_size': 100, 'benchmark_z_path': 'data/Z_true.pt', 'projected_bellman_test_risk': 0.03916742652654648, 'oracle_embedding_risk': 0.8049119114875793, 'benchmark_embedding_risk': 0.8049119114875793, 'risk_bellman_final': 0.08959794701048905, 'risk_obj_final': 1.5481600761413574, 'B_num_rows': 3078, 'B_num_cols': 800, 'B_min_dim': 800, 'B_numerical_rank': 800, 'B_rank_fraction': 1.0, 'B_rank_tolerance': 4.067324322143406e-05, 'B_stable_rank': 201.40139770507812, 'B_effective_rank': 771.5049487559153, 'B_entropy_rank': 6.648343086242676, 'B_spectral_norm': 0.110848568379879, 'B_frobenius_norm': 1.5731180906295776, 'B_nuclear_norm': 42.977054595947266, 'B_condition_number': 4.04267954932261, 'B_condition_number_tol': 4.04267954932261, 'B_smallest_singular_value': 0.027419578284025192, 'B_rank_rel_1em2': 800, 'B_rank_rel_1em3': 800, 'B_rank_rel_1em4': 800}
Benchmark 5 evaluation grid shape: (800, 3)
Replicate 12, benchmark 5 metrics: {'run_id': '12_b5', 'RMSE': 0.24404037632458908, 'MAE': 0.22694093112645988, 'SupNorm': 0.3916997127234936, 'Bias': -0.22673591802407372, 'Corr': 0.2516078728235186, 'deming_slope': 0.05776567380823117, 'deming_intercept': 0.01540379756010479, 'beta_sum': 0.2562534213066101, 'beta_l1': 0.6855462789535522, 'beta_l2': 0.030600033700466156, 'beta_min': -0.002692944137379527, 'beta_max': 0.003930849023163319, 'beta_neg_frac': 0.37625, 'offline_data_id': 12, 'benchmark_id': 5, 'benchmark_point_source': 'support_safe_target_policy_draw', 'target_set_size': 100, 'benchmark_z_path': 'data/Z_true.pt', 'projected_bellman_test_risk': 0.0034083519130945206, 'oracle_embedding_risk': 0.9528179168701172, 'benchmark_embedding_risk': 0.9528179168701172, 'risk_bellman_final': 0.08959794701048905, 'risk_obj_final': 1.5481600761413574, 'B_num_rows': 3078, 'B_num_cols': 800, 'B_min_dim': 800, 'B_numerical_rank': 800, 'B_rank_fraction': 1.0, 'B_rank_tolerance': 4.067324322143406e-05, 'B_stable_rank': 201.40139770507812, 'B_effective_rank': 771.5049487559153, 'B_entropy_rank': 6.648343086242676, 'B_spectral_norm': 0.110848568379879, 'B_frobenius_norm': 1.5731180906295776, 'B_nuclear_norm': 42.977054595947266, 'B_condition_number': 4.04267954932261, 'B_condition_number_tol': 4.04267954932261, 'B_smallest_singular_value': 0.027419578284025192, 'B_rank_rel_1em2': 800, 'B_rank_rel_1em3': 800, 'B_rank_rel_1em4': 800}
Benchmark 6 evaluation grid shape: (800, 3)
Replicate 12, benchmark 6 metrics: {'run_id': '12_b6', 'RMSE': 0.10720487405485375, 'MAE': 0.08644453245302429, 'SupNorm': 0.23764333128929138, 'Bias': 0.06701046825997764, 'Corr': 0.813676996134919, 'deming_slope': 1.5972394559891248, 'deming_intercept': -0.09065548580020233, 'beta_sum': 1.321044683456421, 'beta_l1': 8.490455627441406, 'beta_l2': 0.3804386854171753, 'beta_min': -0.04190347343683243, 'beta_max': 0.0488472618162632, 'beta_neg_frac': 0.44125, 'offline_data_id': 12, 'benchmark_id': 6, 'benchmark_point_source': 'support_safe_target_policy_draw', 'target_set_size': 100, 'benchmark_z_path': 'data/Z_true.pt', 'projected_bellman_test_risk': 0.009647838771343231, 'oracle_embedding_risk': 0.8268924951553345, 'benchmark_embedding_risk': 0.8268924951553345, 'risk_bellman_final': 0.08959794701048905, 'risk_obj_final': 1.5481600761413574, 'B_num_rows': 3078, 'B_num_cols': 800, 'B_min_dim': 800, 'B_numerical_rank': 800, 'B_rank_fraction': 1.0, 'B_rank_tolerance': 4.067324322143406e-05, 'B_stable_rank': 201.40139770507812, 'B_effective_rank': 771.5049487559153, 'B_entropy_rank': 6.648343086242676, 'B_spectral_norm': 0.110848568379879, 'B_frobenius_norm': 1.5731180906295776, 'B_nuclear_norm': 42.977054595947266, 'B_condition_number': 4.04267954932261, 'B_condition_number_tol': 4.04267954932261, 'B_smallest_singular_value': 0.027419578284025192, 'B_rank_rel_1em2': 800, 'B_rank_rel_1em3': 800, 'B_rank_rel_1em4': 800}
Benchmark 7 evaluation grid shape: (800, 3)
Replicate 12, benchmark 7 metrics: {'run_id': '12_b7', 'RMSE': 0.1357752175803385, 'MAE': 0.10639190370566212, 'SupNorm': 0.30472832918167114, 'Bias': 0.10002925802604296, 'Corr': 0.8239536248318059, 'deming_slope': 1.7921848095943307, 'deming_intercept': -0.10711533866561918, 'beta_sum': 1.4219906330108643, 'beta_l1': 9.453038215637207, 'beta_l2': 0.4236477017402649, 'beta_min': -0.05692499503493309, 'beta_max': 0.049497880041599274, 'beta_neg_frac': 0.44375, 'offline_data_id': 12, 'benchmark_id': 7, 'benchmark_point_source': 'support_safe_target_policy_draw', 'target_set_size': 100, 'benchmark_z_path': 'data/Z_true.pt', 'projected_bellman_test_risk': 0.021893000230193138, 'oracle_embedding_risk': 0.8669352531433105, 'benchmark_embedding_risk': 0.8669352531433105, 'risk_bellman_final': 0.08959794701048905, 'risk_obj_final': 1.5481600761413574, 'B_num_rows': 3078, 'B_num_cols': 800, 'B_min_dim': 800, 'B_numerical_rank': 800, 'B_rank_fraction': 1.0, 'B_rank_tolerance': 4.067324322143406e-05, 'B_stable_rank': 201.40139770507812, 'B_effective_rank': 771.5049487559153, 'B_entropy_rank': 6.648343086242676, 'B_spectral_norm': 0.110848568379879, 'B_frobenius_norm': 1.5731180906295776, 'B_nuclear_norm': 42.977054595947266, 'B_condition_number': 4.04267954932261, 'B_condition_number_tol': 4.04267954932261, 'B_smallest_singular_value': 0.027419578284025192, 'B_rank_rel_1em2': 800, 'B_rank_rel_1em3': 800, 'B_rank_rel_1em4': 800}
Benchmark 8 evaluation grid shape: (800, 3)
Replicate 12, benchmark 8 metrics: {'run_id': '12_b8', 'RMSE': 0.057569154498212524, 'MAE': 0.04902006913151127, 'SupNorm': 0.11428877711296082, 'Bias': -0.02884600187127944, 'Corr': 0.8603986747053889, 'deming_slope': 0.891413071169601, 'deming_intercept': -0.0005597386637906099, 'beta_sum': 1.0498346090316772, 'beta_l1': 4.765401363372803, 'beta_l2': 0.21350426971912384, 'beta_min': -0.022373167797923088, 'beta_max': 0.03267806023359299, 'beta_neg_frac': 0.41625, 'offline_data_id': 12, 'benchmark_id': 8, 'benchmark_point_source': 'support_safe_target_policy_draw', 'target_set_size': 100, 'benchmark_z_path': 'data/Z_true.pt', 'projected_bellman_test_risk': 0.024592086672782898, 'oracle_embedding_risk': 0.7752033472061157, 'benchmark_embedding_risk': 0.7752033472061157, 'risk_bellman_final': 0.08959794701048905, 'risk_obj_final': 1.5481600761413574, 'B_num_rows': 3078, 'B_num_cols': 800, 'B_min_dim': 800, 'B_numerical_rank': 800, 'B_rank_fraction': 1.0, 'B_rank_tolerance': 4.067324322143406e-05, 'B_stable_rank': 201.40139770507812, 'B_effective_rank': 771.5049487559153, 'B_entropy_rank': 6.648343086242676, 'B_spectral_norm': 0.110848568379879, 'B_frobenius_norm': 1.5731180906295776, 'B_nuclear_norm': 42.977054595947266, 'B_condition_number': 4.04267954932261, 'B_condition_number_tol': 4.04267954932261, 'B_smallest_singular_value': 0.027419578284025192, 'B_rank_rel_1em2': 800, 'B_rank_rel_1em3': 800, 'B_rank_rel_1em4': 800}
Benchmark 9 evaluation grid shape: (800, 3)
Replicate 12, benchmark 9 metrics: {'run_id': '12_b9', 'RMSE': 0.11412221935332159, 'MAE': 0.09291493786149659, 'SupNorm': 0.23595747351646423, 'Bias': 0.09048608113196678, 'Corr': 0.8878657737372116, 'deming_slope': 1.5193418097957747, 'deming_intercept': -0.0475368978911489, 'beta_sum': 1.4238008260726929, 'beta_l1': 9.16026496887207, 'beta_l2': 0.41442981362342834, 'beta_min': -0.049981262534856796, 'beta_max': 0.04916700720787048, 'beta_neg_frac': 0.45625, 'offline_data_id': 12, 'benchmark_id': 9, 'benchmark_point_source': 'support_safe_target_policy_draw', 'target_set_size': 100, 'benchmark_z_path': 'data/Z_true.pt', 'projected_bellman_test_risk': 0.005663424730300903, 'oracle_embedding_risk': 0.813347578048706, 'benchmark_embedding_risk': 0.813347578048706, 'risk_bellman_final': 0.08959794701048905, 'risk_obj_final': 1.5481600761413574, 'B_num_rows': 3078, 'B_num_cols': 800, 'B_min_dim': 800, 'B_numerical_rank': 800, 'B_rank_fraction': 1.0, 'B_rank_tolerance': 4.067324322143406e-05, 'B_stable_rank': 201.40139770507812, 'B_effective_rank': 771.5049487559153, 'B_entropy_rank': 6.648343086242676, 'B_spectral_norm': 0.110848568379879, 'B_frobenius_norm': 1.5731180906295776, 'B_nuclear_norm': 42.977054595947266, 'B_condition_number': 4.04267954932261, 'B_condition_number_tol': 4.04267954932261, 'B_smallest_singular_value': 0.027419578284025192, 'B_rank_rel_1em2': 800, 'B_rank_rel_1em3': 800, 'B_rank_rel_1em4': 800}
Replicate 12 finished in 20.1s
Finished combo 2, offline replicate 12.
