Job ID:    2359090
Array idx: 302
CPUs/node: 64
Mem/node:  131072
Using CC = cc 
Using CXX = CC 
Using FC = ftn 
Using F77 = ftn 
Using F90 = ftn 
cuda/12.6.1 is deprecated; loading cudatoolkit/25.5_12.9 instead.
Using CC = /opt/nvidia/hpc_sdk/Linux_aarch64/25.5/compilers/bin/nvc 
Using CXX = /opt/nvidia/hpc_sdk/Linux_aarch64/25.5/compilers/bin/nvc++ 
Using FC = /opt/nvidia/hpc_sdk/Linux_aarch64/25.5/compilers/bin/nvfortran 
Using F77 = /opt/nvidia/hpc_sdk/Linux_aarch64/25.5/compilers/bin/nvfortran 
Using F90 = /opt/nvidia/hpc_sdk/Linux_aarch64/25.5/compilers/bin/nvfortran 
Using CC = /opt/nvidia/hpc_sdk/Linux_aarch64/25.5/compilers/bin/nvc 
Using CXX = /opt/nvidia/hpc_sdk/Linux_aarch64/25.5/compilers/bin/nvc++ 
Using FC = /opt/nvidia/hpc_sdk/Linux_aarch64/25.5/compilers/bin/nvfortran 
Using F77 = /opt/nvidia/hpc_sdk/Linux_aarch64/25.5/compilers/bin/nvfortran 
Using F90 = /opt/nvidia/hpc_sdk/Linux_aarch64/25.5/compilers/bin/nvfortran 

Lmod is automatically replacing "gcc-native/14" with "gcc/14.2.0".

ghx4
0
Tuning combo id: 3 / 6
Offline replicate id: 2 / 99
Installing ke_drl from git: https://github.com/mehrdadmhmdi/ke-drl.git@main
Collecting git+https://github.com/mehrdadmhmdi/ke-drl.git@main
  Cloning https://github.com/mehrdadmhmdi/ke-drl.git (to revision main) to /tmp/pip-req-build-mk1qr795
  Running command git clone --filter=blob:none --quiet https://github.com/mehrdadmhmdi/ke-drl.git /tmp/pip-req-build-mk1qr795
  Resolved https://github.com/mehrdadmhmdi/ke-drl.git to commit 3c5d570e40ea15b1fbe4817b5f43b64c7b333e82
  Installing build dependencies: started
  Installing build dependencies: finished with status 'done'
  Getting requirements to build wheel: started
  Getting requirements to build wheel: finished with status 'done'
  Preparing metadata (pyproject.toml): started
  Preparing metadata (pyproject.toml): finished with status 'done'
Building wheels for collected packages: ke_drl
  Building wheel for ke_drl (pyproject.toml): started
  Building wheel for ke_drl (pyproject.toml): finished with status 'done'
  Created wheel for ke_drl: filename=ke_drl-0.1.0-py3-none-any.whl size=47219 sha256=bcc40f8167b1f121234ca267426b1726dcde8ec6a207c44dc182118501d45baa
  Stored in directory: /tmp/pip-ephem-wheel-cache-nupao22d/wheels/24/47/ad/9a4ffd3b05d3e90e35ffc6e7324b735b8bfcf5f51aaf29a333
Successfully built ke_drl
Installing collected packages: ke_drl
Successfully installed ke_drl-0.1.0
Installed ke_drl source: /work/nvme/bfez/mehrdad3/DistRL/simulation_3/runs/sim3_global_2358722_3/.kedrl_site_302/ke_drl/__init__.py
Tuning combo 3: kernel_nu_7.5
Overrides: {'kernel': {'nu': 7.5}}
RUN: /sw/user/python/miniforge3-pytorch-24.11.3/bin/python3 validate_sim_config.py --params params.yaml
ke_drl import source: /work/nvme/bfez/mehrdad3/DistRL/simulation_3/runs/sim3_global_2358722_3/.kedrl_site_302/ke_drl/__init__.py
ke_drl package API OK: prediction weights, RFF operators, rank diagnostics, and best-checkpoint optimizer available
Policy config OK: behavior=uniform, target=logistic, state_dim=5, action_dim=1
Note: policy.logistic.theta_scale/theta_std are log-scale coefficients in Probability_Densities.
Behavior-policy linearized state-process diagnostic: spectral_radius=0.653, offline_burn_in=50
Replicate config OK: num_replicates=100, benchmark points=10 independent of D_i, loss target points=100
Transition reduction OK: method=kmeans, raw rows N(T-1)=12000, target rows about 3000, B rows reduced from 12000 to about 3000
Return-operator approximation OK: method=rff, features=512, exact G avoided for estimated N=12000, m=800, L=100
Fixed benchmark config rows=4 (benchmark.num_points=10; additional points are support-safe target-policy draws if needed)
Fixed benchmark point 0: s_star=[0.6, -0.8, 0.7, -0.5, 0.9], a_star=[0.5]
Fixed benchmark behavior-support interval for configured rows: min_lower=-0.12, max_upper=1.11
Fixed benchmark target-policy location range: [-0.02, 0.14]
Reusing shared data from /work/nvme/bfez/mehrdad3/DistRL/simulation_3/runs/sim3_shared_data/data for offline replicate 2.
RUN: /sw/user/python/miniforge3-pytorch-24.11.3/bin/python3 validate_sim_config.py --params params.yaml --data data/offline_data_2.pt
ke_drl import source: /work/nvme/bfez/mehrdad3/DistRL/simulation_3/runs/sim3_global_2358722_3/.kedrl_site_302/ke_drl/__init__.py
ke_drl package API OK: prediction weights, RFF operators, rank diagnostics, and best-checkpoint optimizer available
Policy config OK: behavior=uniform, target=logistic, state_dim=5, action_dim=1
Note: policy.logistic.theta_scale/theta_std are log-scale coefficients in Probability_Densities.
Behavior-policy linearized state-process diagnostic: spectral_radius=0.653, offline_burn_in=50
Replicate config OK: num_replicates=100, benchmark points=10 independent of D_i, loss target points=100
Transition reduction OK: method=kmeans, raw rows N(T-1)=12000, target rows about 3000, B rows reduced from 12000 to about 3000
Return-operator approximation OK: method=rff, features=512, exact G avoided for estimated N=12000, m=800, L=100
Fixed benchmark config rows=4 (benchmark.num_points=10; additional points are support-safe target-policy draws if needed)
Fixed benchmark point 0: s_star=[0.6, -0.8, 0.7, -0.5, 0.9], a_star=[0.5]
Fixed benchmark behavior-support interval for configured rows: min_lower=-0.12, max_upper=1.11
Fixed benchmark target-policy location range: [-0.02, 0.14]
Full benchmark support check OK: 10 points, min_lower=-2.177, max_upper=2.05
observed behavior actions: mean=0.4117, sd=0.6744, q0/q10/q50/q90/q100=[-2.364902973175049, -0.3938779503107071, 0.34425783157348633, 1.326937234401703, 3.3300976753234863]
target-policy sampled actions: mean=-0.01272, sd=0.6635, q0/q10/q50/q90/q100=[-2.7745425447426615, -0.8590214747618046, -0.009079463166105878, 0.829810271094604, 2.6405687573567986]
behavior uniform lower: mean=-0.1124, sd=0.6591, q0/q10/q50/q90/q100=[-2.893102240562439, -0.955542643070221, -0.10985755473375322, 0.7170536834001542, 2.556823056936264]
behavior uniform upper: mean=0.9245, sd=0.6487, q0/q10/q50/q90/q100=[-0.83083898127079, 0.0722169902920723, 0.9308459013700485, 1.7496418106555942, 3.556823056936264]
target location inside behavior uniform support: 0.968
RUN: /sw/user/python/miniforge3-pytorch-24.11.3/bin/python3 main_est.py
# ================================================================ #
#   Global KE-DRL estimation for one offline replicate              #
# ================================================================ #
Slurm Job ID: 2359090
Slurm Array ID: 2 -- used as the offline-replicate id
Offline data id: 2
ke_drl import source: /work/nvme/bfez/mehrdad3/DistRL/simulation_3/runs/sim3_global_2358722_3/.kedrl_site_302/ke_drl/__init__.py
Estimator device: cuda (NVIDIA GH200 120GB, capability 9.0); torch CUDA=13.0
Random seed: 20460514
Number of offline replicates: 100
[transition reduction] enabled: original rows=12000, target basis=3000, method=kmeans, device=cuda
[transition reduction] kmeans iter 1/20, mean center shift=2.7420e-01
[transition reduction] kmeans iter 5/20, mean center shift=4.0245e-03
[transition reduction] selected 3080 rows from 12000 transitions (ratio 0.2567); indices saved to data/reduced_transition_indices_2.pt
Data and parameters loaded.
offline path: data/offline_data_2.pt
benchmark true-Z path: data/Z_true.pt
offline shapes after reduction: s0=(3080, 5), a0=(3080, 1), r0=(3080, 3)
transition reduction: {'enabled': True, 'method': 'kmeans', 'original_rows': 12000, 'reduced_rows': 3080, 'selected_indices_path': 'data/reduced_transition_indices_2.pt', 'target_basis': 3000, 'compression_ratio': 0.25666666666666665}
fixed benchmark point source: fixed_config_plus_support_safe_target_policy_draws
benchmark row excluded from this offline data: None
global loss target set shape: s_star=(100, 5), a_star=(100, 1)
benchmark true-Z count=10, shape each=(50000, 3)
target policy: logistic
behavior policy: uniform
lambda_Gamma=0.005, lambda_B=0.02, d_r_method=song
dtype=torch.float32, operator_method=rff, operator_num_features=512
ridge_mode=rkhs, diagnostic_interval=50
mass_anchor_lambda=1.0, target_mass=1.0
uLSIF basis: source=numerator, n_basis=512, lambda_reg=0.005
optimizer stabilizers: lambda_neg=0.0, max_B_norm=None, eta_clip_min=0.0, eta_clip_max=5.0, normalize_eta=True
========================================
Estimating the global KE-DRL mean embedding
torch device=cuda, dtype=torch.float32
Data dims: N=3080, L=100, Ds=5, Da=1, Dr=3
lambda_Gamma=0.005, lambda_B=0.02
return-operator construction: method=rff, rff_features=512
[uLSIF] basis=512/3080 (numerator); eta_hat min=-1.037e+00 max=6.520e+00 neg%=5.42
ESS for eta_plus: 2065.0 / 3080
eta_plus diagnostics: raw_mean=1, raw_min=-1.04, raw_max=6.52; used_mean=1, used_min=0, used_max=4.93
[timing] Z-grid: 0.06s
[timing] K_X: 0.00s
[timing] K_plus: 0.00s
[timing] k_star: 0.00s
[timing] Gamma_stack: 0.02s
[timing] Phi_stack: 0.00s
[timing] RFF feature sample: 0.00s
[timing] K_Z RFF: 0.00s
[timing] G_stack RFF: 0.03s
[timing] H_stack RFF: 0.04s
findfont: Font family 'Nimbus Roman' not found.
findfont: Font family 'Nimbus Roman' not found.
findfont: Font family 'Nimbus Roman' not found.
findfont: Font family 'Nimbus Roman' not found.
findfont: Font family 'Nimbus Roman' not found.
findfont: Font family 'Nimbus Roman' not found.
findfont: Font family 'Nimbus Roman' not found.
findfont: Font family 'Nimbus Roman' not found.
findfont: Font family 'Nimbus Roman' not found.
findfont: Font family 'Nimbus Roman' not found.
findfont: Font family 'Nimbus Roman' not found.
findfont: Font family 'Nimbus Roman' not found.
findfont: Font family 'Nimbus Roman' not found.
findfont: Font family 'Nimbus Roman' not found.
findfont: Font family 'Nimbus Roman' not found.
findfont: Font family 'Nimbus Roman' not found.
findfont: Font family 'Nimbus Roman' not found.
findfont: Font family 'Nimbus Roman' not found.
findfont: Font family 'Nimbus Roman' not found.
findfont: Font family 'Nimbus Roman' not found.
findfont: Font family 'Nimbus Roman' not found.
findfont: Font family 'Nimbus Roman' not found.
findfont: Font family 'Nimbus Roman' not found.
findfont: Font family 'Nimbus Roman' not found.
findfont: Font family 'Nimbus Roman' not found.
findfont: Font family 'Nimbus Roman' not found.
findfont: Font family 'Nimbus Roman' not found.
findfont: Font family 'Nimbus Roman' not found.
findfont: Font family 'Nimbus Roman' not found.
findfont: Font family 'Nimbus Roman' not found.
findfont: Font family 'Nimbus Roman' not found.
findfont: Font family 'Nimbus Roman' not found.
findfont: Font family 'Nimbus Roman' not found.
findfont: Font family 'Nimbus Roman' not found.
findfont: Font family 'Nimbus Roman' not found.
findfont: Font family 'Nimbus Roman' not found.
findfont: Font family 'Nimbus Roman' not found.
findfont: Font family 'Nimbus Roman' not found.
findfont: Font family 'Nimbus Roman' not found.
findfont: Font family 'Nimbus Roman' not found.
findfont: Font family ['Nimbus Roman'] not found. Falling back to DejaVu Sans.
findfont: Font family 'Nimbus Roman' not found.
findfont: Font family ['Nimbus Roman'] not found. Falling back to DejaVu Sans.
findfont: Font family 'Nimbus Roman' not found.
findfont: Font family 'Nimbus Roman' not found.
findfont: Font family 'Nimbus Roman' not found.
findfont: Font family 'Nimbus Roman' not found.
findfont: Font family 'Nimbus Roman' not found.
findfont: Font family 'Nimbus Roman' not found.
findfont: Font family 'Nimbus Roman' not found.
findfont: Font family 'Nimbus Roman' not found.
findfont: Font family ['Nimbus Roman'] not found. Falling back to DejaVu Sans.
findfont: Font family 'Nimbus Roman' not found.
findfont: Font family 'Nimbus Roman' not found.
findfont: Font family 'Nimbus Roman' not found.
findfont: Font family 'Nimbus Roman' not found.
findfont: Font family 'Nimbus Roman' not found.
findfont: Font family 'Nimbus Roman' not found.
findfont: Font family 'Nimbus Roman' not found.
findfont: Font family 'Nimbus Roman' not found.
findfont: Font family 'Nimbus Roman' not found.
findfont: Font family 'Nimbus Roman' not found.
findfont: Font family 'Nimbus Roman' not found.
findfont: Font family 'Nimbus Roman' not found.
findfont: Font family 'Nimbus Roman' not found.
findfont: Font family 'Nimbus Roman' not found.
findfont: Font family 'Nimbus Roman' not found.
findfont: Font family 'Nimbus Roman' not found.
findfont: Font family 'Nimbus Roman' not found.
findfont: Font family 'Nimbus Roman' not found.
findfont: Font family 'Nimbus Roman' not found.
findfont: Font family 'Nimbus Roman' not found.
findfont: Font family 'Nimbus Roman' not found.
findfont: Font family 'Nimbus Roman' not found.
findfont: Font family 'Nimbus Roman' not found.
findfont: Font family 'Nimbus Roman' not found.
findfont: Font family 'Nimbus Roman' not found.
findfont: Font family 'Nimbus Roman' not found.
findfont: Font family 'Nimbus Roman' not found.
findfont: Font family 'Nimbus Roman' not found.
findfont: Font family 'Nimbus Roman' not found.
findfont: Font family 'Nimbus Roman' not found.
findfont: Font family 'Nimbus Roman' not found.
findfont: Font family 'Nimbus Roman' not found.
findfont: Font family 'Nimbus Roman' not found.
findfont: Font family 'Nimbus Roman' not found.
findfont: Font family 'Nimbus Roman' not found.
findfont: Font family 'Nimbus Roman' not found.
findfont: Font family 'Nimbus Roman' not found.
findfont: Font family 'Nimbus Roman' not found.
findfont: Font family 'Nimbus Roman' not found.
findfont: Font family 'Nimbus Roman' not found.
findfont: Font family 'Nimbus Roman' not found.
findfont: Font family 'Nimbus Roman' not found.
findfont: Font family 'Nimbus Roman' not found.
findfont: Font family 'Nimbus Roman' not found.
findfont: Font family 'Nimbus Roman' not found.
findfont: Font family 'Nimbus Roman' not found.
findfont: Font family 'Nimbus Roman' not found.
findfont: Font family 'Nimbus Roman' not found.
findfont: Font family 'Nimbus Roman' not found.
findfont: Font family 'Nimbus Roman' not found.
findfont: Font family 'Nimbus Roman' not found.
findfont: Font family 'Nimbus Roman' not found.
findfont: Font family 'Nimbus Roman' not found.
findfont: Font family 'Nimbus Roman' not found.
findfont: Font family 'Nimbus Roman' not found.
findfont: Font family 'Nimbus Roman' not found.
findfont: Font family 'Nimbus Roman' not found.
findfont: Font family 'Nimbus Roman' not found.
findfont: Font family 'Nimbus Roman' not found.
findfont: Font family 'Nimbus Roman' not found.
findfont: Font family 'Nimbus Roman' not found.
findfont: Font family 'Nimbus Roman' not found.
findfont: Font family 'Nimbus Roman' not found.
findfont: Font family 'Nimbus Roman' not found.
findfont: Font family 'Nimbus Roman' not found.
findfont: Font family 'Nimbus Roman' not found.
findfont: Font family 'Nimbus Roman' not found.
findfont: Font family 'Nimbus Roman' not found.
findfont: Font family 'Nimbus Roman' not found.
findfont: Font family 'Nimbus Roman' not found.
findfont: Font family 'Nimbus Roman' not found.
findfont: Font family 'Nimbus Roman' not found.
findfont: Font family 'Nimbus Roman' not found.
Ridge mode: rkhs; diagnostic interval: 50
Iter 1/4000 | log_obj=9.802e+00 | log_Bellman_root=3.487e+00 | mass=1.70e+04 | neg=0.00e+00 | grad=7.67e+02
Iter 400/4000 | log_obj=5.174e+00 | log_Bellman_root=1.169e+00 | mass=1.66e+02 | neg=0.00e+00 | grad=4.99e+03
Iter 800/4000 | log_obj=5.604e+00 | log_Bellman_root=1.377e+00 | mass=2.56e+02 | neg=0.00e+00 | grad=6.87e+03
Iter 1200/4000 | log_obj=4.672e+00 | log_Bellman_root=9.179e-01 | mass=1.01e+02 | neg=0.00e+00 | grad=1.19e+04
Iter 1600/4000 | log_obj=3.686e+00 | log_Bellman_root=4.279e-01 | mass=3.75e+01 | neg=0.00e+00 | grad=4.88e+03
Iter 2000/4000 | log_obj=3.687e+00 | log_Bellman_root=4.282e-01 | mass=3.75e+01 | neg=0.00e+00 | grad=4.88e+03
Iter 2400/4000 | log_obj=2.823e+00 | log_Bellman_root=6.701e-02 | mass=1.57e+01 | neg=0.00e+00 | grad=2.16e+03
Iter 2800/4000 | log_obj=1.873e+00 | log_Bellman_root=-4.647e-01 | mass=6.09e+00 | neg=0.00e+00 | grad=2.94e+03
Iter 3200/4000 | log_obj=2.386e+00 | log_Bellman_root=-2.142e-01 | mass=1.02e+01 | neg=0.00e+00 | grad=1.26e+03
Iter 3600/4000 | log_obj=1.023e+00 | log_Bellman_root=-8.331e-01 | mass=2.57e+00 | neg=0.00e+00 | grad=2.33e+03
Iter 4000/4000 | log_obj=6.484e-01 | log_Bellman_root=-1.095e+00 | mass=1.78e+00 | neg=0.00e+00 | grad=2.14e+03
Returning best diagnostic checkpoint from step 3500 (objective=8.048e-02, Bellman=1.195e-02).
Done in 15.16s.
KE-DRL global estimation is done.
B_hat shape: (3080, 800)
B_hat rank diagnostics: {'B_num_rows': 3080, 'B_num_cols': 800, 'B_min_dim': 800, 'B_numerical_rank': 800, 'B_rank_fraction': 1.0, 'B_rank_tolerance': 3.368018713700849e-05, 'B_stable_rank': 288.21380615234375, 'B_effective_rank': 771.4961196329807, 'B_entropy_rank': 6.648331642150879, 'B_spectral_norm': 0.09173048287630081, 'B_frobenius_norm': 1.5572956800460815, 'B_nuclear_norm': 42.54764175415039, 'B_condition_number': 3.3584216326109475, 'B_condition_number_tol': 3.3584216326109475, 'B_smallest_singular_value': 0.02731356956064701, 'B_rank_rel_1em2': 800, 'B_rank_rel_1em3': 800, 'B_rank_rel_1em4': 800}
Global-loss target mass diagnostics: {'target_mass_mean': 1.1928343772888184, 'target_mass_min': 0.932811975479126, 'target_mass_max': 1.41552734375, 'target_mass_sd': 0.11197981238365173, 'target_mass_rmse_to_target': 0.22270871698856354, 'target_beta_min': -0.009423102252185345, 'target_beta_max': 0.0501338429749012, 'target_neg_frac_mean': 0.32705}
Return dictionary Z_grid shape: (800, 3)
Replicate 2 risk metrics: {'risk_n_steps_recorded': 81.0, 'risk_n_diagnostics_recorded': 81.0, 'risk_log_obj_initial': 9.801652391029494, 'risk_log_obj_final': 0.6484348602724905, 'risk_log_obj_min': -2.5197273862218132, 'risk_obj_initial': 18063.568359375, 'risk_obj_final': 1.912545084953308, 'risk_obj_min': 0.08048154413700102, 'risk_log_obj_drop': 9.153217530757004, 'risk_log_bellman_root_initial': 3.4868127711171644, 'risk_log_bellman_root_final': -1.094726146288131, 'risk_log_bellman_root_min': -2.213627846130513, 'risk_bellman_root_initial': 32.681617736816406, 'risk_bellman_root_final': 0.33463123440742487, 'risk_bellman_root_min': 0.10930339246988294, 'risk_bellman_initial': 1068.0881378953925, 'risk_bellman_final': 0.11197806304103694, 'risk_bellman_min': 0.011947231605425263, 'risk_log_bellman_root_drop': 4.581538917405295, 'risk_bellman_returned': 0.011947231367230415, 'risk_obj_returned': 0.08048154413700104, 'risk_returned_step': 3500.0, 'offline_data_id': 2, 'benchmark_point_source': 'fixed_config_plus_support_safe_target_policy_draws', 'target_set_size': 100, 'lambda_reg': 0.005, 'lambda_B': 0.02, 'num_steps': 4000, 'transition_reduction_enabled': 1, 'transition_reduction_method': 'kmeans', 'transition_original_rows': 12000, 'transition_reduced_rows': 3080, 'transition_compression_ratio': 0.25666666666666665, 'target_mass_mean': 1.1928343772888184, 'target_mass_min': 0.932811975479126, 'target_mass_max': 1.41552734375, 'target_mass_sd': 0.11197981238365173, 'target_mass_rmse_to_target': 0.22270871698856354, 'target_beta_min': -0.009423102252185345, 'target_beta_max': 0.0501338429749012, 'target_neg_frac_mean': 0.32705, 'B_num_rows': 3080, 'B_num_cols': 800, 'B_min_dim': 800, 'B_numerical_rank': 800, 'B_rank_fraction': 1.0, 'B_rank_tolerance': 3.368018713700849e-05, 'B_stable_rank': 288.21380615234375, 'B_effective_rank': 771.4961196329807, 'B_entropy_rank': 6.648331642150879, 'B_spectral_norm': 0.09173048287630081, 'B_frobenius_norm': 1.5572956800460815, 'B_nuclear_norm': 42.54764175415039, 'B_condition_number': 3.3584216326109475, 'B_condition_number_tol': 3.3584216326109475, 'B_smallest_singular_value': 0.02731356956064701, 'B_rank_rel_1em2': 800, 'B_rank_rel_1em3': 800, 'B_rank_rel_1em4': 800, 'risk_objective_final_raw': 1.912545084953308, 'risk_objective_min_raw': 0.08048154413700104, 'risk_objective_max_raw': 18063.568359375, 'risk_bellman_final_raw': 0.11197805404663086, 'risk_bellman_min_raw': 0.011947231367230415, 'risk_bellman_max_raw': 1068.088134765625, 'risk_rkhs_ridge_final_raw': 0.018112557008862495, 'risk_rkhs_ridge_min_raw': 0.018112557008862495, 'risk_rkhs_ridge_max_raw': 2.3607020378112793, 'risk_mass_final_raw': 1.782454490661621, 'risk_mass_min_raw': 0.04959917068481445, 'risk_mass_max_raw': 16993.119140625, 'risk_negativity_final_raw': 0.0, 'risk_negativity_min_raw': 0.0, 'risk_negativity_max_raw': 0.0, 'risk_B_norm_final_raw': 1.5561994314193726, 'risk_B_norm_min_raw': 1.5561994314193726, 'risk_B_norm_max_raw': 1.6385774612426758, 'risk_diagnostic_step_final_raw': 4000.0, 'risk_diagnostic_step_min_raw': 1.0, 'risk_diagnostic_step_max_raw': 4000.0, 'risk_best_step_final_raw': 3500.0, 'risk_best_step_min_raw': 3500.0, 'risk_best_step_max_raw': 3500.0, 'risk_best_objective_final_raw': 0.08048154413700104, 'risk_best_objective_min_raw': 0.08048154413700104, 'risk_best_objective_max_raw': 0.08048154413700104, 'risk_best_bellman_final_raw': 0.011947231367230415, 'risk_best_bellman_min_raw': 0.011947231367230415, 'risk_best_bellman_max_raw': 0.011947231367230415, 'risk_returned_step_final_raw': 3500.0, 'risk_returned_step_min_raw': 3500.0, 'risk_returned_step_max_raw': 3500.0, 'risk_returned_objective_final_raw': 0.08048154413700104, 'risk_returned_objective_min_raw': 0.08048154413700104, 'risk_returned_objective_max_raw': 0.08048154413700104, 'risk_returned_bellman_final_raw': 0.011947231367230415, 'risk_returned_bellman_min_raw': 0.011947231367230415, 'risk_returned_bellman_max_raw': 0.011947231367230415, 'risk_returned_best_checkpoint_final_raw': 1.0, 'risk_returned_best_checkpoint_min_raw': 1.0, 'risk_returned_best_checkpoint_max_raw': 1.0}
Benchmark 0 evaluation grid shape: (800, 3)
Replicate 2, benchmark 0 metrics: {'run_id': '2_b0', 'RMSE': 0.07840936754499352, 'MAE': 0.06743832575069973, 'SupNorm': 0.15648654103279114, 'Bias': -0.00025875465624267233, 'Corr': 0.7619419622199405, 'deming_slope': 1.3311386473866054, 'deming_intercept': -0.0879871506078625, 'beta_sum': 1.0733423233032227, 'beta_l1': 2.0680201053619385, 'beta_l2': 0.09531618654727936, 'beta_min': -0.006882963236421347, 'beta_max': 0.016039486974477768, 'beta_neg_frac': 0.32875, 'offline_data_id': 2, 'benchmark_id': 0, 'benchmark_point_source': 'fixed_config', 'target_set_size': 100, 'benchmark_z_path': 'data/Z_true.pt', 'projected_bellman_test_risk': 0.027404416352510452, 'oracle_embedding_risk': 0.7999812364578247, 'benchmark_embedding_risk': 0.7999812364578247, 'risk_bellman_final': 0.11197806304103694, 'risk_obj_final': 1.912545084953308, 'B_num_rows': 3080, 'B_num_cols': 800, 'B_min_dim': 800, 'B_numerical_rank': 800, 'B_rank_fraction': 1.0, 'B_rank_tolerance': 3.368018713700849e-05, 'B_stable_rank': 288.21380615234375, 'B_effective_rank': 771.4961196329807, 'B_entropy_rank': 6.648331642150879, 'B_spectral_norm': 0.09173048287630081, 'B_frobenius_norm': 1.5572956800460815, 'B_nuclear_norm': 42.54764175415039, 'B_condition_number': 3.3584216326109475, 'B_condition_number_tol': 3.3584216326109475, 'B_smallest_singular_value': 0.02731356956064701, 'B_rank_rel_1em2': 800, 'B_rank_rel_1em3': 800, 'B_rank_rel_1em4': 800}
Saved ./mu/mu_hat.csv shape=(800,)
Saved ./mu/mu2D_hat_dims01.csv shape=(120, 120)
Saved ./mu/mu2D_hat_dims01.csv shape=(120, 120)
Saved plots/replicate_2/mu_3D.png
Benchmark 1 evaluation grid shape: (800, 3)
Replicate 2, benchmark 1 metrics: {'run_id': '2_b1', 'RMSE': 0.16625323203442413, 'MAE': 0.14859856671275337, 'SupNorm': 0.2929447591304779, 'Bias': 0.14859018481714883, 'Corr': 0.9939335925415539, 'deming_slope': 1.7556284193060343, 'deming_intercept': -0.05030419558465726, 'beta_sum': 1.3692667484283447, 'beta_l1': 1.8891431093215942, 'beta_l2': 0.08436723798513412, 'beta_min': -0.007004031911492348, 'beta_max': 0.014031237922608852, 'beta_neg_frac': 0.2425, 'offline_data_id': 2, 'benchmark_id': 1, 'benchmark_point_source': 'fixed_config', 'target_set_size': 100, 'benchmark_z_path': 'data/Z_true.pt', 'projected_bellman_test_risk': 0.02150610461831093, 'oracle_embedding_risk': 0.8325401544570923, 'benchmark_embedding_risk': 0.8325401544570923, 'risk_bellman_final': 0.11197806304103694, 'risk_obj_final': 1.912545084953308, 'B_num_rows': 3080, 'B_num_cols': 800, 'B_min_dim': 800, 'B_numerical_rank': 800, 'B_rank_fraction': 1.0, 'B_rank_tolerance': 3.368018713700849e-05, 'B_stable_rank': 288.21380615234375, 'B_effective_rank': 771.4961196329807, 'B_entropy_rank': 6.648331642150879, 'B_spectral_norm': 0.09173048287630081, 'B_frobenius_norm': 1.5572956800460815, 'B_nuclear_norm': 42.54764175415039, 'B_condition_number': 3.3584216326109475, 'B_condition_number_tol': 3.3584216326109475, 'B_smallest_singular_value': 0.02731356956064701, 'B_rank_rel_1em2': 800, 'B_rank_rel_1em3': 800, 'B_rank_rel_1em4': 800}
Benchmark 2 evaluation grid shape: (800, 3)
Replicate 2, benchmark 2 metrics: {'run_id': '2_b2', 'RMSE': 0.17468007529928192, 'MAE': 0.1552698396123742, 'SupNorm': 0.30933982133865356, 'Bias': 0.15514253533670852, 'Corr': 0.9724398479688218, 'deming_slope': 1.8151583709586476, 'deming_intercept': -0.06564637078013075, 'beta_sum': 1.3932002782821655, 'beta_l1': 1.9513087272644043, 'beta_l2': 0.08676300942897797, 'beta_min': -0.006813147570937872, 'beta_max': 0.012703691609203815, 'beta_neg_frac': 0.2425, 'offline_data_id': 2, 'benchmark_id': 2, 'benchmark_point_source': 'fixed_config', 'target_set_size': 100, 'benchmark_z_path': 'data/Z_true.pt', 'projected_bellman_test_risk': 0.020349957048892975, 'oracle_embedding_risk': 0.8432352542877197, 'benchmark_embedding_risk': 0.8432352542877197, 'risk_bellman_final': 0.11197806304103694, 'risk_obj_final': 1.912545084953308, 'B_num_rows': 3080, 'B_num_cols': 800, 'B_min_dim': 800, 'B_numerical_rank': 800, 'B_rank_fraction': 1.0, 'B_rank_tolerance': 3.368018713700849e-05, 'B_stable_rank': 288.21380615234375, 'B_effective_rank': 771.4961196329807, 'B_entropy_rank': 6.648331642150879, 'B_spectral_norm': 0.09173048287630081, 'B_frobenius_norm': 1.5572956800460815, 'B_nuclear_norm': 42.54764175415039, 'B_condition_number': 3.3584216326109475, 'B_condition_number_tol': 3.3584216326109475, 'B_smallest_singular_value': 0.02731356956064701, 'B_rank_rel_1em2': 800, 'B_rank_rel_1em3': 800, 'B_rank_rel_1em4': 800}
Benchmark 3 evaluation grid shape: (800, 3)
Replicate 2, benchmark 3 metrics: {'run_id': '2_b3', 'RMSE': 0.15718419325655109, 'MAE': 0.13894422594457864, 'SupNorm': 0.2826051414012909, 'Bias': 0.13893092137062923, 'Corr': 0.9798963011984261, 'deming_slope': 1.727829165125445, 'deming_intercept': -0.05169023508908055, 'beta_sum': 1.3746380805969238, 'beta_l1': 2.0487773418426514, 'beta_l2': 0.09069060534238815, 'beta_min': -0.0068435873836278915, 'beta_max': 0.01345127820968628, 'beta_neg_frac': 0.27875, 'offline_data_id': 2, 'benchmark_id': 3, 'benchmark_point_source': 'fixed_config', 'target_set_size': 100, 'benchmark_z_path': 'data/Z_true.pt', 'projected_bellman_test_risk': 0.02479610964655876, 'oracle_embedding_risk': 0.8279752135276794, 'benchmark_embedding_risk': 0.8279752135276794, 'risk_bellman_final': 0.11197806304103694, 'risk_obj_final': 1.912545084953308, 'B_num_rows': 3080, 'B_num_cols': 800, 'B_min_dim': 800, 'B_numerical_rank': 800, 'B_rank_fraction': 1.0, 'B_rank_tolerance': 3.368018713700849e-05, 'B_stable_rank': 288.21380615234375, 'B_effective_rank': 771.4961196329807, 'B_entropy_rank': 6.648331642150879, 'B_spectral_norm': 0.09173048287630081, 'B_frobenius_norm': 1.5572956800460815, 'B_nuclear_norm': 42.54764175415039, 'B_condition_number': 3.3584216326109475, 'B_condition_number_tol': 3.3584216326109475, 'B_smallest_singular_value': 0.02731356956064701, 'B_rank_rel_1em2': 800, 'B_rank_rel_1em3': 800, 'B_rank_rel_1em4': 800}
Benchmark 4 evaluation grid shape: (800, 3)
Replicate 2, benchmark 4 metrics: {'run_id': '2_b4', 'RMSE': 0.09865844565210136, 'MAE': 0.08467246858694125, 'SupNorm': 0.21458981186151505, 'Bias': -0.04000246243842412, 'Corr': 0.6048241344202734, 'deming_slope': 1.1679534661416375, 'deming_intercept': -0.08524946012118553, 'beta_sum': 1.244178056716919, 'beta_l1': 2.176020622253418, 'beta_l2': 0.12184271961450577, 'beta_min': -0.0059479037299752235, 'beta_max': 0.029561471194028854, 'beta_neg_frac': 0.365, 'offline_data_id': 2, 'benchmark_id': 4, 'benchmark_point_source': 'support_safe_target_policy_draw', 'target_set_size': 100, 'benchmark_z_path': 'data/Z_true.pt', 'projected_bellman_test_risk': 0.01576293259859085, 'oracle_embedding_risk': 0.853093683719635, 'benchmark_embedding_risk': 0.853093683719635, 'risk_bellman_final': 0.11197806304103694, 'risk_obj_final': 1.912545084953308, 'B_num_rows': 3080, 'B_num_cols': 800, 'B_min_dim': 800, 'B_numerical_rank': 800, 'B_rank_fraction': 1.0, 'B_rank_tolerance': 3.368018713700849e-05, 'B_stable_rank': 288.21380615234375, 'B_effective_rank': 771.4961196329807, 'B_entropy_rank': 6.648331642150879, 'B_spectral_norm': 0.09173048287630081, 'B_frobenius_norm': 1.5572956800460815, 'B_nuclear_norm': 42.54764175415039, 'B_condition_number': 3.3584216326109475, 'B_condition_number_tol': 3.3584216326109475, 'B_smallest_singular_value': 0.02731356956064701, 'B_rank_rel_1em2': 800, 'B_rank_rel_1em3': 800, 'B_rank_rel_1em4': 800}
Benchmark 5 evaluation grid shape: (800, 3)
Replicate 2, benchmark 5 metrics: {'run_id': '2_b5', 'RMSE': 0.25861062234462684, 'MAE': 0.2419221263642339, 'SupNorm': 0.41127027198672295, 'Bias': -0.24191883244392556, 'Corr': 0.38637391096254364, 'deming_slope': 0.043658685668234616, 'deming_intercept': 0.006342504149756114, 'beta_sum': 0.14283031225204468, 'beta_l1': 0.4690309464931488, 'beta_l2': 0.0216405987739563, 'beta_min': -0.0017387596890330315, 'beta_max': 0.0037209559231996536, 'beta_neg_frac': 0.44125, 'offline_data_id': 2, 'benchmark_id': 5, 'benchmark_point_source': 'support_safe_target_policy_draw', 'target_set_size': 100, 'benchmark_z_path': 'data/Z_true.pt', 'projected_bellman_test_risk': 0.0007702514994889498, 'oracle_embedding_risk': 0.9674361944198608, 'benchmark_embedding_risk': 0.9674361944198608, 'risk_bellman_final': 0.11197806304103694, 'risk_obj_final': 1.912545084953308, 'B_num_rows': 3080, 'B_num_cols': 800, 'B_min_dim': 800, 'B_numerical_rank': 800, 'B_rank_fraction': 1.0, 'B_rank_tolerance': 3.368018713700849e-05, 'B_stable_rank': 288.21380615234375, 'B_effective_rank': 771.4961196329807, 'B_entropy_rank': 6.648331642150879, 'B_spectral_norm': 0.09173048287630081, 'B_frobenius_norm': 1.5572956800460815, 'B_nuclear_norm': 42.54764175415039, 'B_condition_number': 3.3584216326109475, 'B_condition_number_tol': 3.3584216326109475, 'B_smallest_singular_value': 0.02731356956064701, 'B_rank_rel_1em2': 800, 'B_rank_rel_1em3': 800, 'B_rank_rel_1em4': 800}
Benchmark 6 evaluation grid shape: (800, 3)
Replicate 2, benchmark 6 metrics: {'run_id': '2_b6', 'RMSE': 0.09579948263181616, 'MAE': 0.07793329967011232, 'SupNorm': 0.2108803391456604, 'Bias': 0.05532765722775366, 'Corr': 0.8310242807437753, 'deming_slope': 1.5095399481739986, 'deming_intercept': -0.08058581005092635, 'beta_sum': 1.2432361841201782, 'beta_l1': 2.1221911907196045, 'beta_l2': 0.0950588583946228, 'beta_min': -0.007771293632686138, 'beta_max': 0.012437490746378899, 'beta_neg_frac': 0.3, 'offline_data_id': 2, 'benchmark_id': 6, 'benchmark_point_source': 'support_safe_target_policy_draw', 'target_set_size': 100, 'benchmark_z_path': 'data/Z_true.pt', 'projected_bellman_test_risk': 0.01045561209321022, 'oracle_embedding_risk': 0.8066834211349487, 'benchmark_embedding_risk': 0.8066834211349487, 'risk_bellman_final': 0.11197806304103694, 'risk_obj_final': 1.912545084953308, 'B_num_rows': 3080, 'B_num_cols': 800, 'B_min_dim': 800, 'B_numerical_rank': 800, 'B_rank_fraction': 1.0, 'B_rank_tolerance': 3.368018713700849e-05, 'B_stable_rank': 288.21380615234375, 'B_effective_rank': 771.4961196329807, 'B_entropy_rank': 6.648331642150879, 'B_spectral_norm': 0.09173048287630081, 'B_frobenius_norm': 1.5572956800460815, 'B_nuclear_norm': 42.54764175415039, 'B_condition_number': 3.3584216326109475, 'B_condition_number_tol': 3.3584216326109475, 'B_smallest_singular_value': 0.02731356956064701, 'B_rank_rel_1em2': 800, 'B_rank_rel_1em3': 800, 'B_rank_rel_1em4': 800}
Benchmark 7 evaluation grid shape: (800, 3)
Replicate 2, benchmark 7 metrics: {'run_id': '2_b7', 'RMSE': 0.06444201373900525, 'MAE': 0.05157785187941045, 'SupNorm': 0.15976116061210632, 'Bias': 0.027569330804981293, 'Corr': 0.8673077101089708, 'deming_slope': 1.2642467279129055, 'deming_intercept': -0.042240334490918297, 'beta_sum': 1.1596404314041138, 'beta_l1': 2.0565576553344727, 'beta_l2': 0.10411389917135239, 'beta_min': -0.006709056906402111, 'beta_max': 0.02365105226635933, 'beta_neg_frac': 0.335, 'offline_data_id': 2, 'benchmark_id': 7, 'benchmark_point_source': 'support_safe_target_policy_draw', 'target_set_size': 100, 'benchmark_z_path': 'data/Z_true.pt', 'projected_bellman_test_risk': 0.011964449658989906, 'oracle_embedding_risk': 0.7764363288879395, 'benchmark_embedding_risk': 0.7764363288879395, 'risk_bellman_final': 0.11197806304103694, 'risk_obj_final': 1.912545084953308, 'B_num_rows': 3080, 'B_num_cols': 800, 'B_min_dim': 800, 'B_numerical_rank': 800, 'B_rank_fraction': 1.0, 'B_rank_tolerance': 3.368018713700849e-05, 'B_stable_rank': 288.21380615234375, 'B_effective_rank': 771.4961196329807, 'B_entropy_rank': 6.648331642150879, 'B_spectral_norm': 0.09173048287630081, 'B_frobenius_norm': 1.5572956800460815, 'B_nuclear_norm': 42.54764175415039, 'B_condition_number': 3.3584216326109475, 'B_condition_number_tol': 3.3584216326109475, 'B_smallest_singular_value': 0.02731356956064701, 'B_rank_rel_1em2': 800, 'B_rank_rel_1em3': 800, 'B_rank_rel_1em4': 800}
Benchmark 8 evaluation grid shape: (800, 3)
Replicate 2, benchmark 8 metrics: {'run_id': '2_b8', 'RMSE': 0.07865194437562498, 'MAE': 0.06708823518958525, 'SupNorm': 0.15299075841903687, 'Bias': -0.058464180278970164, 'Corr': 0.8485699913329773, 'deming_slope': 0.7848523939816017, 'deming_intercept': -0.0018438601376948027, 'beta_sum': 0.8967270851135254, 'beta_l1': 1.838171362876892, 'beta_l2': 0.08317691087722778, 'beta_min': -0.006932507269084454, 'beta_max': 0.01299265120178461, 'beta_neg_frac': 0.345, 'offline_data_id': 2, 'benchmark_id': 8, 'benchmark_point_source': 'support_safe_target_policy_draw', 'target_set_size': 100, 'benchmark_z_path': 'data/Z_true.pt', 'projected_bellman_test_risk': 0.020142365247011185, 'oracle_embedding_risk': 0.7763871550559998, 'benchmark_embedding_risk': 0.7763871550559998, 'risk_bellman_final': 0.11197806304103694, 'risk_obj_final': 1.912545084953308, 'B_num_rows': 3080, 'B_num_cols': 800, 'B_min_dim': 800, 'B_numerical_rank': 800, 'B_rank_fraction': 1.0, 'B_rank_tolerance': 3.368018713700849e-05, 'B_stable_rank': 288.21380615234375, 'B_effective_rank': 771.4961196329807, 'B_entropy_rank': 6.648331642150879, 'B_spectral_norm': 0.09173048287630081, 'B_frobenius_norm': 1.5572956800460815, 'B_nuclear_norm': 42.54764175415039, 'B_condition_number': 3.3584216326109475, 'B_condition_number_tol': 3.3584216326109475, 'B_smallest_singular_value': 0.02731356956064701, 'B_rank_rel_1em2': 800, 'B_rank_rel_1em3': 800, 'B_rank_rel_1em4': 800}
Benchmark 9 evaluation grid shape: (800, 3)
Replicate 2, benchmark 9 metrics: {'run_id': '2_b9', 'RMSE': 0.07017757040684497, 'MAE': 0.05528711288818158, 'SupNorm': 0.16253581643104553, 'Bias': 0.04360116914031096, 'Corr': 0.8958504877628981, 'deming_slope': 1.277051301831683, 'deming_intercept': -0.030799426845855293, 'beta_sum': 1.2491053342819214, 'beta_l1': 2.2713801860809326, 'beta_l2': 0.10841876268386841, 'beta_min': -0.007034339942038059, 'beta_max': 0.020683489739894867, 'beta_neg_frac': 0.33125, 'offline_data_id': 2, 'benchmark_id': 9, 'benchmark_point_source': 'support_safe_target_policy_draw', 'target_set_size': 100, 'benchmark_z_path': 'data/Z_true.pt', 'projected_bellman_test_risk': 0.0070578851737082005, 'oracle_embedding_risk': 0.7731173038482666, 'benchmark_embedding_risk': 0.7731173038482666, 'risk_bellman_final': 0.11197806304103694, 'risk_obj_final': 1.912545084953308, 'B_num_rows': 3080, 'B_num_cols': 800, 'B_min_dim': 800, 'B_numerical_rank': 800, 'B_rank_fraction': 1.0, 'B_rank_tolerance': 3.368018713700849e-05, 'B_stable_rank': 288.21380615234375, 'B_effective_rank': 771.4961196329807, 'B_entropy_rank': 6.648331642150879, 'B_spectral_norm': 0.09173048287630081, 'B_frobenius_norm': 1.5572956800460815, 'B_nuclear_norm': 42.54764175415039, 'B_condition_number': 3.3584216326109475, 'B_condition_number_tol': 3.3584216326109475, 'B_smallest_singular_value': 0.02731356956064701, 'B_rank_rel_1em2': 800, 'B_rank_rel_1em3': 800, 'B_rank_rel_1em4': 800}
Replicate 2 finished in 26.1s
Finished combo 3, offline replicate 2.
