Job ID:    2359508
Array idx: 687
CPUs/node: 64
Mem/node:  131072
Using CC = cc 
Using CXX = CC 
Using FC = ftn 
Using F77 = ftn 
Using F90 = ftn 
cuda/12.6.1 is deprecated; loading cudatoolkit/25.5_12.9 instead.
Using CC = /opt/nvidia/hpc_sdk/Linux_aarch64/25.5/compilers/bin/nvc 
Using CXX = /opt/nvidia/hpc_sdk/Linux_aarch64/25.5/compilers/bin/nvc++ 
Using FC = /opt/nvidia/hpc_sdk/Linux_aarch64/25.5/compilers/bin/nvfortran 
Using F77 = /opt/nvidia/hpc_sdk/Linux_aarch64/25.5/compilers/bin/nvfortran 
Using F90 = /opt/nvidia/hpc_sdk/Linux_aarch64/25.5/compilers/bin/nvfortran 
Using CC = /opt/nvidia/hpc_sdk/Linux_aarch64/25.5/compilers/bin/nvc 
Using CXX = /opt/nvidia/hpc_sdk/Linux_aarch64/25.5/compilers/bin/nvc++ 
Using FC = /opt/nvidia/hpc_sdk/Linux_aarch64/25.5/compilers/bin/nvfortran 
Using F77 = /opt/nvidia/hpc_sdk/Linux_aarch64/25.5/compilers/bin/nvfortran 
Using F90 = /opt/nvidia/hpc_sdk/Linux_aarch64/25.5/compilers/bin/nvfortran 

Lmod is automatically replacing "gcc-native/14" with "gcc/14.2.0".

ghx4
0
Tuning combo id: 6 / 6
Offline replicate id: 87 / 99
Installing ke_drl from git: https://github.com/mehrdadmhmdi/ke-drl.git@main
Collecting git+https://github.com/mehrdadmhmdi/ke-drl.git@main
  Cloning https://github.com/mehrdadmhmdi/ke-drl.git (to revision main) to /tmp/pip-req-build-xo74iith
  Running command git clone --filter=blob:none --quiet https://github.com/mehrdadmhmdi/ke-drl.git /tmp/pip-req-build-xo74iith
  Resolved https://github.com/mehrdadmhmdi/ke-drl.git to commit 3c5d570e40ea15b1fbe4817b5f43b64c7b333e82
  Installing build dependencies: started
  Installing build dependencies: finished with status 'done'
  Getting requirements to build wheel: started
  Getting requirements to build wheel: finished with status 'done'
  Preparing metadata (pyproject.toml): started
  Preparing metadata (pyproject.toml): finished with status 'done'
Building wheels for collected packages: ke_drl
  Building wheel for ke_drl (pyproject.toml): started
  Building wheel for ke_drl (pyproject.toml): finished with status 'done'
  Created wheel for ke_drl: filename=ke_drl-0.1.0-py3-none-any.whl size=47219 sha256=6fa0ebe580894277b7ebff4c0214fc1a4c53f374ef957ea88978e182a61e09b8
  Stored in directory: /tmp/pip-ephem-wheel-cache-nwhn4mfj/wheels/24/47/ad/9a4ffd3b05d3e90e35ffc6e7324b735b8bfcf5f51aaf29a333
Successfully built ke_drl
Installing collected packages: ke_drl
Successfully installed ke_drl-0.1.0
Installed ke_drl source: /work/nvme/bfez/mehrdad3/DistRL/simulation_3/runs/sim3_global_2358722_6/.kedrl_site_687/ke_drl/__init__.py
Tuning combo 6: lambda_B_0.2
Overrides: {'lambda_B': 0.2}
RUN: /sw/user/python/miniforge3-pytorch-24.11.3/bin/python3 validate_sim_config.py --params params.yaml
ke_drl import source: /work/nvme/bfez/mehrdad3/DistRL/simulation_3/runs/sim3_global_2358722_6/.kedrl_site_687/ke_drl/__init__.py
ke_drl package API OK: prediction weights, RFF operators, rank diagnostics, and best-checkpoint optimizer available
Policy config OK: behavior=uniform, target=logistic, state_dim=5, action_dim=1
Note: policy.logistic.theta_scale/theta_std are log-scale coefficients in Probability_Densities.
Behavior-policy linearized state-process diagnostic: spectral_radius=0.653, offline_burn_in=50
Replicate config OK: num_replicates=100, benchmark points=10 independent of D_i, loss target points=100
Transition reduction OK: method=kmeans, raw rows N(T-1)=12000, target rows about 3000, B rows reduced from 12000 to about 3000
Return-operator approximation OK: method=rff, features=512, exact G avoided for estimated N=12000, m=800, L=100
Fixed benchmark config rows=4 (benchmark.num_points=10; additional points are support-safe target-policy draws if needed)
Fixed benchmark point 0: s_star=[0.6, -0.8, 0.7, -0.5, 0.9], a_star=[0.5]
Fixed benchmark behavior-support interval for configured rows: min_lower=-0.12, max_upper=1.11
Fixed benchmark target-policy location range: [-0.02, 0.14]
Reusing shared data from /work/nvme/bfez/mehrdad3/DistRL/simulation_3/runs/sim3_shared_data/data for offline replicate 87.
RUN: /sw/user/python/miniforge3-pytorch-24.11.3/bin/python3 validate_sim_config.py --params params.yaml --data data/offline_data_87.pt
ke_drl import source: /work/nvme/bfez/mehrdad3/DistRL/simulation_3/runs/sim3_global_2358722_6/.kedrl_site_687/ke_drl/__init__.py
ke_drl package API OK: prediction weights, RFF operators, rank diagnostics, and best-checkpoint optimizer available
Policy config OK: behavior=uniform, target=logistic, state_dim=5, action_dim=1
Note: policy.logistic.theta_scale/theta_std are log-scale coefficients in Probability_Densities.
Behavior-policy linearized state-process diagnostic: spectral_radius=0.653, offline_burn_in=50
Replicate config OK: num_replicates=100, benchmark points=10 independent of D_i, loss target points=100
Transition reduction OK: method=kmeans, raw rows N(T-1)=12000, target rows about 3000, B rows reduced from 12000 to about 3000
Return-operator approximation OK: method=rff, features=512, exact G avoided for estimated N=12000, m=800, L=100
Fixed benchmark config rows=4 (benchmark.num_points=10; additional points are support-safe target-policy draws if needed)
Fixed benchmark point 0: s_star=[0.6, -0.8, 0.7, -0.5, 0.9], a_star=[0.5]
Fixed benchmark behavior-support interval for configured rows: min_lower=-0.12, max_upper=1.11
Fixed benchmark target-policy location range: [-0.02, 0.14]
Full benchmark support check OK: 10 points, min_lower=-2.177, max_upper=2.05
observed behavior actions: mean=0.3871, sd=0.6734, q0/q10/q50/q90/q100=[-2.0702805519104004, -0.4300644665956497, 0.3241039365530014, 1.2872415065765384, 2.8427228927612305]
target-policy sampled actions: mean=-0.0335, sd=0.6667, q0/q10/q50/q90/q100=[-2.702571949665568, -0.8972014197919349, -0.021046998522893167, 0.8179904086163725, 2.2871515103324938]
behavior uniform lower: mean=-0.1327, sd=0.6603, q0/q10/q50/q90/q100=[-2.7082255125045775, -0.9879202926158904, -0.12288124859333036, 0.7050931212306025, 2.3158561110496523]
behavior uniform upper: mean=0.9217, sd=0.6383, q0/q10/q50/q90/q100=[-0.8260803312063217, 0.08051636740565304, 0.9409260578453541, 1.746010178923607, 3.3158561110496523]
target location inside behavior uniform support: 0.968
RUN: /sw/user/python/miniforge3-pytorch-24.11.3/bin/python3 main_est.py
# ================================================================ #
#   Global KE-DRL estimation for one offline replicate              #
# ================================================================ #
Slurm Job ID: 2359508
Slurm Array ID: 87 -- used as the offline-replicate id
Offline data id: 87
ke_drl import source: /work/nvme/bfez/mehrdad3/DistRL/simulation_3/runs/sim3_global_2358722_6/.kedrl_site_687/ke_drl/__init__.py
Estimator device: cuda (NVIDIA GH200 120GB, capability 9.0); torch CUDA=13.0
Random seed: 20460599
Number of offline replicates: 100
[transition reduction] enabled: original rows=12000, target basis=3000, method=kmeans, device=cuda
[transition reduction] kmeans iter 1/20, mean center shift=2.7237e-01
[transition reduction] kmeans iter 5/20, mean center shift=4.7919e-03
[transition reduction] selected 3080 rows from 12000 transitions (ratio 0.2567); indices saved to data/reduced_transition_indices_87.pt
Data and parameters loaded.
offline path: data/offline_data_87.pt
benchmark true-Z path: data/Z_true.pt
offline shapes after reduction: s0=(3080, 5), a0=(3080, 1), r0=(3080, 3)
transition reduction: {'enabled': True, 'method': 'kmeans', 'original_rows': 12000, 'reduced_rows': 3080, 'selected_indices_path': 'data/reduced_transition_indices_87.pt', 'target_basis': 3000, 'compression_ratio': 0.25666666666666665}
fixed benchmark point source: fixed_config_plus_support_safe_target_policy_draws
benchmark row excluded from this offline data: None
global loss target set shape: s_star=(100, 5), a_star=(100, 1)
benchmark true-Z count=10, shape each=(50000, 3)
target policy: logistic
behavior policy: uniform
lambda_Gamma=0.005, lambda_B=0.2, d_r_method=song
dtype=torch.float32, operator_method=rff, operator_num_features=512
ridge_mode=rkhs, diagnostic_interval=50
mass_anchor_lambda=1.0, target_mass=1.0
uLSIF basis: source=numerator, n_basis=512, lambda_reg=0.005
optimizer stabilizers: lambda_neg=0.0, max_B_norm=None, eta_clip_min=0.0, eta_clip_max=5.0, normalize_eta=True
========================================
Estimating the global KE-DRL mean embedding
torch device=cuda, dtype=torch.float32
Data dims: N=3080, L=100, Ds=5, Da=1, Dr=3
lambda_Gamma=0.005, lambda_B=0.2
return-operator construction: method=rff, rff_features=512
[uLSIF] basis=512/3080 (numerator); eta_hat min=-7.642e-01 max=5.511e+00 neg%=4.74
ESS for eta_plus: 2114.9 / 3080
eta_plus diagnostics: raw_mean=0.995, raw_min=-0.764, raw_max=5.51; used_mean=1, used_min=0, used_max=4.98
[timing] Z-grid: 0.04s
[timing] K_X: 0.00s
[timing] K_plus: 0.00s
[timing] k_star: 0.00s
[timing] Gamma_stack: 0.01s
[timing] Phi_stack: 0.00s
[timing] RFF feature sample: 0.00s
[timing] K_Z RFF: 0.00s
[timing] G_stack RFF: 0.01s
[timing] H_stack RFF: 0.01s
findfont: Font family 'Nimbus Roman' not found.
findfont: Font family 'Nimbus Roman' not found.
findfont: Font family 'Nimbus Roman' not found.
findfont: Font family 'Nimbus Roman' not found.
findfont: Font family 'Nimbus Roman' not found.
findfont: Font family 'Nimbus Roman' not found.
findfont: Font family 'Nimbus Roman' not found.
findfont: Font family 'Nimbus Roman' not found.
findfont: Font family 'Nimbus Roman' not found.
findfont: Font family 'Nimbus Roman' not found.
findfont: Font family 'Nimbus Roman' not found.
findfont: Font family 'Nimbus Roman' not found.
findfont: Font family 'Nimbus Roman' not found.
findfont: Font family 'Nimbus Roman' not found.
findfont: Font family 'Nimbus Roman' not found.
findfont: Font family 'Nimbus Roman' not found.
findfont: Font family 'Nimbus Roman' not found.
findfont: Font family 'Nimbus Roman' not found.
findfont: Font family 'Nimbus Roman' not found.
findfont: Font family 'Nimbus Roman' not found.
findfont: Font family 'Nimbus Roman' not found.
findfont: Font family 'Nimbus Roman' not found.
findfont: Font family 'Nimbus Roman' not found.
findfont: Font family 'Nimbus Roman' not found.
findfont: Font family 'Nimbus Roman' not found.
findfont: Font family 'Nimbus Roman' not found.
findfont: Font family 'Nimbus Roman' not found.
findfont: Font family 'Nimbus Roman' not found.
findfont: Font family 'Nimbus Roman' not found.
findfont: Font family 'Nimbus Roman' not found.
findfont: Font family 'Nimbus Roman' not found.
findfont: Font family 'Nimbus Roman' not found.
findfont: Font family 'Nimbus Roman' not found.
findfont: Font family 'Nimbus Roman' not found.
findfont: Font family 'Nimbus Roman' not found.
findfont: Font family 'Nimbus Roman' not found.
findfont: Font family 'Nimbus Roman' not found.
findfont: Font family 'Nimbus Roman' not found.
findfont: Font family 'Nimbus Roman' not found.
findfont: Font family 'Nimbus Roman' not found.
findfont: Font family 'Nimbus Roman' not found.
findfont: Font family 'Nimbus Roman' not found.
findfont: Font family 'Nimbus Roman' not found.
findfont: Font family 'Nimbus Roman' not found.
findfont: Font family 'Nimbus Roman' not found.
findfont: Font family 'Nimbus Roman' not found.
findfont: Font family 'Nimbus Roman' not found.
findfont: Font family ['Nimbus Roman'] not found. Falling back to DejaVu Sans.
findfont: Font family 'Nimbus Roman' not found.
findfont: Font family ['Nimbus Roman'] not found. Falling back to DejaVu Sans.
findfont: Font family 'Nimbus Roman' not found.
findfont: Font family 'Nimbus Roman' not found.
findfont: Font family 'Nimbus Roman' not found.
findfont: Font family 'Nimbus Roman' not found.
findfont: Font family 'Nimbus Roman' not found.
findfont: Font family 'Nimbus Roman' not found.
findfont: Font family 'Nimbus Roman' not found.
findfont: Font family 'Nimbus Roman' not found.
findfont: Font family 'Nimbus Roman' not found.
findfont: Font family 'Nimbus Roman' not found.
findfont: Font family 'Nimbus Roman' not found.
findfont: Font family ['Nimbus Roman'] not found. Falling back to DejaVu Sans.
findfont: Font family 'Nimbus Roman' not found.
findfont: Font family 'Nimbus Roman' not found.
findfont: Font family 'Nimbus Roman' not found.
findfont: Font family 'Nimbus Roman' not found.
findfont: Font family 'Nimbus Roman' not found.
findfont: Font family 'Nimbus Roman' not found.
findfont: Font family 'Nimbus Roman' not found.
findfont: Font family 'Nimbus Roman' not found.
findfont: Font family 'Nimbus Roman' not found.
findfont: Font family 'Nimbus Roman' not found.
findfont: Font family 'Nimbus Roman' not found.
findfont: Font family 'Nimbus Roman' not found.
findfont: Font family 'Nimbus Roman' not found.
findfont: Font family 'Nimbus Roman' not found.
findfont: Font family 'Nimbus Roman' not found.
findfont: Font family 'Nimbus Roman' not found.
findfont: Font family 'Nimbus Roman' not found.
findfont: Font family 'Nimbus Roman' not found.
findfont: Font family 'Nimbus Roman' not found.
findfont: Font family 'Nimbus Roman' not found.
findfont: Font family 'Nimbus Roman' not found.
findfont: Font family 'Nimbus Roman' not found.
findfont: Font family 'Nimbus Roman' not found.
findfont: Font family 'Nimbus Roman' not found.
findfont: Font family 'Nimbus Roman' not found.
findfont: Font family 'Nimbus Roman' not found.
findfont: Font family 'Nimbus Roman' not found.
findfont: Font family 'Nimbus Roman' not found.
findfont: Font family 'Nimbus Roman' not found.
findfont: Font family 'Nimbus Roman' not found.
findfont: Font family 'Nimbus Roman' not found.
findfont: Font family 'Nimbus Roman' not found.
findfont: Font family 'Nimbus Roman' not found.
findfont: Font family 'Nimbus Roman' not found.
findfont: Font family 'Nimbus Roman' not found.
findfont: Font family 'Nimbus Roman' not found.
findfont: Font family 'Nimbus Roman' not found.
findfont: Font family 'Nimbus Roman' not found.
findfont: Font family 'Nimbus Roman' not found.
findfont: Font family 'Nimbus Roman' not found.
findfont: Font family 'Nimbus Roman' not found.
findfont: Font family 'Nimbus Roman' not found.
findfont: Font family 'Nimbus Roman' not found.
findfont: Font family 'Nimbus Roman' not found.
findfont: Font family 'Nimbus Roman' not found.
findfont: Font family 'Nimbus Roman' not found.
findfont: Font family 'Nimbus Roman' not found.
findfont: Font family 'Nimbus Roman' not found.
findfont: Font family 'Nimbus Roman' not found.
findfont: Font family 'Nimbus Roman' not found.
findfont: Font family 'Nimbus Roman' not found.
findfont: Font family 'Nimbus Roman' not found.
findfont: Font family 'Nimbus Roman' not found.
findfont: Font family 'Nimbus Roman' not found.
findfont: Font family 'Nimbus Roman' not found.
findfont: Font family 'Nimbus Roman' not found.
findfont: Font family 'Nimbus Roman' not found.
findfont: Font family 'Nimbus Roman' not found.
findfont: Font family 'Nimbus Roman' not found.
findfont: Font family 'Nimbus Roman' not found.
findfont: Font family 'Nimbus Roman' not found.
findfont: Font family 'Nimbus Roman' not found.
findfont: Font family 'Nimbus Roman' not found.
findfont: Font family 'Nimbus Roman' not found.
findfont: Font family 'Nimbus Roman' not found.
findfont: Font family 'Nimbus Roman' not found.
findfont: Font family 'Nimbus Roman' not found.
findfont: Font family 'Nimbus Roman' not found.
findfont: Font family 'Nimbus Roman' not found.
findfont: Font family 'Nimbus Roman' not found.
findfont: Font family 'Nimbus Roman' not found.
findfont: Font family 'Nimbus Roman' not found.
findfont: Font family 'Nimbus Roman' not found.
findfont: Font family 'Nimbus Roman' not found.
findfont: Font family 'Nimbus Roman' not found.
findfont: Font family 'Nimbus Roman' not found.
findfont: Font family 'Nimbus Roman' not found.
findfont: Font family 'Nimbus Roman' not found.
findfont: Font family 'Nimbus Roman' not found.
findfont: Font family 'Nimbus Roman' not found.
findfont: Font family 'Nimbus Roman' not found.
findfont: Font family 'Nimbus Roman' not found.
findfont: Font family 'Nimbus Roman' not found.
Ridge mode: rkhs; diagnostic interval: 50
Iter 1/4000 | log_obj=9.773e+00 | log_Bellman_root=3.487e+00 | mass=1.65e+04 | neg=0.00e+00 | grad=7.25e+02
Iter 400/4000 | log_obj=4.970e+00 | log_Bellman_root=1.091e+00 | mass=1.35e+02 | neg=0.00e+00 | grad=5.59e+03
Iter 800/4000 | log_obj=5.702e+00 | log_Bellman_root=1.440e+00 | mass=2.81e+02 | neg=0.00e+00 | grad=7.44e+03
Iter 1200/4000 | log_obj=4.331e+00 | log_Bellman_root=7.746e-01 | mass=7.11e+01 | neg=0.00e+00 | grad=6.39e+03
Iter 1600/4000 | log_obj=4.808e+00 | log_Bellman_root=1.010e+00 | mass=1.15e+02 | neg=0.00e+00 | grad=7.87e+03
Iter 2000/4000 | log_obj=4.808e+00 | log_Bellman_root=1.010e+00 | mass=1.15e+02 | neg=0.00e+00 | grad=7.87e+03
Iter 2400/4000 | log_obj=-5.791e-01 | log_Bellman_root=-1.712e+00 | mass=4.54e-01 | neg=0.00e+00 | grad=6.76e+02
Iter 2800/4000 | log_obj=-6.104e-01 | log_Bellman_root=-1.717e+00 | mass=4.50e-01 | neg=0.00e+00 | grad=6.78e+02
Iter 3200/4000 | log_obj=-6.308e-01 | log_Bellman_root=-1.720e+00 | mass=4.47e-01 | neg=0.00e+00 | grad=6.79e+02
Iter 3600/4000 | log_obj=-6.456e-01 | log_Bellman_root=-1.723e+00 | mass=4.45e-01 | neg=0.00e+00 | grad=6.80e+02
Iter 4000/4000 | log_obj=-6.572e-01 | log_Bellman_root=-1.725e+00 | mass=4.43e-01 | neg=0.00e+00 | grad=6.81e+02
Done in 12.06s.
KE-DRL global estimation is done.
B_hat shape: (3080, 800)
B_hat rank diagnostics: {'B_num_rows': 3080, 'B_num_cols': 800, 'B_min_dim': 800, 'B_numerical_rank': 800, 'B_rank_fraction': 1.0, 'B_rank_tolerance': 3.128160582122064e-05, 'B_stable_rank': 300.585693359375, 'B_effective_rank': 769.305945595554, 'B_entropy_rank': 6.645488739013672, 'B_spectral_norm': 0.08519776910543442, 'B_frobenius_norm': 1.477108359336853, 'B_nuclear_norm': 40.252296447753906, 'B_condition_number': 3.4463439268630913, 'B_condition_number_tol': 3.4463439268630913, 'B_smallest_singular_value': 0.02472120337188244, 'B_rank_rel_1em2': 800, 'B_rank_rel_1em3': 800, 'B_rank_rel_1em4': 800}
Global-loss target mass diagnostics: {'target_mass_mean': 0.36863425374031067, 'target_mass_min': -0.14482271671295166, 'target_mass_max': 0.7294670343399048, 'target_mass_sd': 0.21143977344036102, 'target_mass_rmse_to_target': 0.6654940843582153, 'target_beta_min': -0.0021271787118166685, 'target_beta_max': 0.014380053617060184, 'target_neg_frac_mean': 0.49765}
Return dictionary Z_grid shape: (800, 3)
Replicate 87 risk metrics: {'risk_n_steps_recorded': 81.0, 'risk_n_diagnostics_recorded': 81.0, 'risk_log_obj_initial': 9.772542767114173, 'risk_log_obj_final': -0.6571739201606899, 'risk_log_obj_min': -0.6571739201606899, 'risk_obj_initial': 17545.324218749985, 'risk_obj_final': 0.5183140635490417, 'risk_obj_min': 0.5183140635490417, 'risk_log_obj_drop': 10.429716687274862, 'risk_log_bellman_root_initial': 3.4869436090678967, 'risk_log_bellman_root_final': -1.7253596952833414, 'risk_log_bellman_root_min': -1.7253596952833414, 'risk_bellman_root_initial': 32.68589401245118, 'risk_bellman_root_final': 0.17810897529125214, 'risk_bellman_root_min': 0.17810897529125214, 'risk_bellman_initial': 1068.3676673931916, 'risk_bellman_final': 0.031722807079299864, 'risk_bellman_min': 0.031722807079299864, 'risk_log_bellman_root_drop': 5.212303304351238, 'risk_bellman_returned': 0.03172280639410019, 'risk_obj_returned': 0.5183140635490417, 'risk_returned_step': 4000.0, 'offline_data_id': 87, 'benchmark_point_source': 'fixed_config_plus_support_safe_target_policy_draws', 'target_set_size': 100, 'lambda_reg': 0.005, 'lambda_B': 0.2, 'num_steps': 4000, 'transition_reduction_enabled': 1, 'transition_reduction_method': 'kmeans', 'transition_original_rows': 12000, 'transition_reduced_rows': 3080, 'transition_compression_ratio': 0.25666666666666665, 'target_mass_mean': 0.36863425374031067, 'target_mass_min': -0.14482271671295166, 'target_mass_max': 0.7294670343399048, 'target_mass_sd': 0.21143977344036102, 'target_mass_rmse_to_target': 0.6654940843582153, 'target_beta_min': -0.0021271787118166685, 'target_beta_max': 0.014380053617060184, 'target_neg_frac_mean': 0.49765, 'B_num_rows': 3080, 'B_num_cols': 800, 'B_min_dim': 800, 'B_numerical_rank': 800, 'B_rank_fraction': 1.0, 'B_rank_tolerance': 3.128160582122064e-05, 'B_stable_rank': 300.585693359375, 'B_effective_rank': 769.305945595554, 'B_entropy_rank': 6.645488739013672, 'B_spectral_norm': 0.08519776910543442, 'B_frobenius_norm': 1.477108359336853, 'B_nuclear_norm': 40.252296447753906, 'B_condition_number': 3.4463439268630913, 'B_condition_number_tol': 3.4463439268630913, 'B_smallest_singular_value': 0.02472120337188244, 'B_rank_rel_1em2': 800, 'B_rank_rel_1em3': 800, 'B_rank_rel_1em4': 800, 'risk_objective_final_raw': 0.5183140635490417, 'risk_objective_min_raw': 0.5183140635490417, 'risk_objective_max_raw': 17545.32421875, 'risk_bellman_final_raw': 0.03172280639410019, 'risk_bellman_min_raw': 0.03172280639410019, 'risk_bellman_max_raw': 1068.3675537109375, 'risk_rkhs_ridge_final_raw': 0.04370885714888573, 'risk_rkhs_ridge_min_raw': 0.04370885714888573, 'risk_rkhs_ridge_max_raw': 22.924280166625977, 'risk_mass_final_raw': 0.44288238883018494, 'risk_mass_min_raw': 0.44288238883018494, 'risk_mass_max_raw': 16454.033203125, 'risk_negativity_final_raw': 0.0, 'risk_negativity_min_raw': 0.0, 'risk_negativity_max_raw': 0.0, 'risk_B_norm_final_raw': 1.4769448041915894, 'risk_B_norm_min_raw': 1.4769448041915894, 'risk_B_norm_max_raw': 1.6384811401367188, 'risk_diagnostic_step_final_raw': 4000.0, 'risk_diagnostic_step_min_raw': 1.0, 'risk_diagnostic_step_max_raw': 4000.0, 'risk_best_step_final_raw': 4000.0, 'risk_best_step_min_raw': 4000.0, 'risk_best_step_max_raw': 4000.0, 'risk_best_objective_final_raw': 0.5183140635490417, 'risk_best_objective_min_raw': 0.5183140635490417, 'risk_best_objective_max_raw': 0.5183140635490417, 'risk_best_bellman_final_raw': 0.03172280639410019, 'risk_best_bellman_min_raw': 0.03172280639410019, 'risk_best_bellman_max_raw': 0.03172280639410019, 'risk_returned_step_final_raw': 4000.0, 'risk_returned_step_min_raw': 4000.0, 'risk_returned_step_max_raw': 4000.0, 'risk_returned_objective_final_raw': 0.5183140635490417, 'risk_returned_objective_min_raw': 0.5183140635490417, 'risk_returned_objective_max_raw': 0.5183140635490417, 'risk_returned_bellman_final_raw': 0.03172280639410019, 'risk_returned_bellman_min_raw': 0.03172280639410019, 'risk_returned_bellman_max_raw': 0.03172280639410019, 'risk_returned_best_checkpoint_final_raw': 1.0, 'risk_returned_best_checkpoint_min_raw': 1.0, 'risk_returned_best_checkpoint_max_raw': 1.0}
Benchmark 0 evaluation grid shape: (800, 3)
Replicate 87, benchmark 0 metrics: {'run_id': '87_b0', 'RMSE': 0.1803193990688775, 'MAE': 0.1684775798199553, 'SupNorm': 0.2805706411600113, 'Bias': -0.16847427370863444, 'Corr': 0.8626772277156817, 'deming_slope': 0.3732002748120988, 'deming_intercept': -0.004115290598711074, 'beta_sum': 0.4012908935546875, 'beta_l1': 0.6464202404022217, 'beta_l2': 0.03584863245487213, 'beta_min': -0.0012951218523085117, 'beta_max': 0.006352491211146116, 'beta_neg_frac': 0.40875, 'offline_data_id': 87, 'benchmark_id': 0, 'benchmark_point_source': 'fixed_config', 'target_set_size': 100, 'benchmark_z_path': 'data/Z_true.pt', 'projected_bellman_test_risk': 0.015081822872161865, 'oracle_embedding_risk': 0.8560820817947388, 'benchmark_embedding_risk': 0.8560820817947388, 'risk_bellman_final': 0.031722807079299864, 'risk_obj_final': 0.5183140635490417, 'B_num_rows': 3080, 'B_num_cols': 800, 'B_min_dim': 800, 'B_numerical_rank': 800, 'B_rank_fraction': 1.0, 'B_rank_tolerance': 3.128160582122064e-05, 'B_stable_rank': 300.585693359375, 'B_effective_rank': 769.305945595554, 'B_entropy_rank': 6.645488739013672, 'B_spectral_norm': 0.08519776910543442, 'B_frobenius_norm': 1.477108359336853, 'B_nuclear_norm': 40.252296447753906, 'B_condition_number': 3.4463439268630913, 'B_condition_number_tol': 3.4463439268630913, 'B_smallest_singular_value': 0.02472120337188244, 'B_rank_rel_1em2': 800, 'B_rank_rel_1em3': 800, 'B_rank_rel_1em4': 800}
Saved ./mu/mu_hat.csv shape=(800,)
Saved ./mu/mu2D_hat_dims01.csv shape=(120, 120)
Saved ./mu/mu2D_hat_dims01.csv shape=(120, 120)
Saved plots/replicate_87/mu_3D.png
Benchmark 1 evaluation grid shape: (800, 3)
Replicate 87, benchmark 1 metrics: {'run_id': '87_b1', 'RMSE': 0.4007797625444063, 'MAE': 0.3697689147038272, 'SupNorm': 0.6609567105770111, 'Bias': -0.3697689147038272, 'Corr': -0.9547213905141348, 'deming_slope': -0.6190669958784968, 'deming_intercept': 0.05205353996183254, 'beta_sum': -0.2233700305223465, 'beta_l1': 0.5889186859130859, 'beta_l2': 0.026973426342010498, 'beta_min': -0.0015556355938315392, 'beta_max': 0.0056694550439715385, 'beta_neg_frac': 0.785, 'offline_data_id': 87, 'benchmark_id': 1, 'benchmark_point_source': 'fixed_config', 'target_set_size': 100, 'benchmark_z_path': 'data/Z_true.pt', 'projected_bellman_test_risk': 0.05211257189512253, 'oracle_embedding_risk': 1.2797610759735107, 'benchmark_embedding_risk': 1.2797610759735107, 'risk_bellman_final': 0.031722807079299864, 'risk_obj_final': 0.5183140635490417, 'B_num_rows': 3080, 'B_num_cols': 800, 'B_min_dim': 800, 'B_numerical_rank': 800, 'B_rank_fraction': 1.0, 'B_rank_tolerance': 3.128160582122064e-05, 'B_stable_rank': 300.585693359375, 'B_effective_rank': 769.305945595554, 'B_entropy_rank': 6.645488739013672, 'B_spectral_norm': 0.08519776910543442, 'B_frobenius_norm': 1.477108359336853, 'B_nuclear_norm': 40.252296447753906, 'B_condition_number': 3.4463439268630913, 'B_condition_number_tol': 3.4463439268630913, 'B_smallest_singular_value': 0.02472120337188244, 'B_rank_rel_1em2': 800, 'B_rank_rel_1em3': 800, 'B_rank_rel_1em4': 800}
Benchmark 2 evaluation grid shape: (800, 3)
Replicate 87, benchmark 2 metrics: {'run_id': '87_b2', 'RMSE': 0.3574870647516874, 'MAE': 0.33150948923379475, 'SupNorm': 0.5793169140815735, 'Bias': -0.33150948923379475, 'Corr': -0.6389719205549466, 'deming_slope': -0.4470659649829276, 'deming_intercept': 0.05635278936382919, 'beta_sum': -0.1014881283044815, 'beta_l1': 0.5544724464416504, 'beta_l2': 0.026944030076265335, 'beta_min': -0.0015555284917354584, 'beta_max': 0.0051000360399484634, 'beta_neg_frac': 0.715, 'offline_data_id': 87, 'benchmark_id': 2, 'benchmark_point_source': 'fixed_config', 'target_set_size': 100, 'benchmark_z_path': 'data/Z_true.pt', 'projected_bellman_test_risk': 0.036620527505874634, 'oracle_embedding_risk': 1.1608797311782837, 'benchmark_embedding_risk': 1.1608797311782837, 'risk_bellman_final': 0.031722807079299864, 'risk_obj_final': 0.5183140635490417, 'B_num_rows': 3080, 'B_num_cols': 800, 'B_min_dim': 800, 'B_numerical_rank': 800, 'B_rank_fraction': 1.0, 'B_rank_tolerance': 3.128160582122064e-05, 'B_stable_rank': 300.585693359375, 'B_effective_rank': 769.305945595554, 'B_entropy_rank': 6.645488739013672, 'B_spectral_norm': 0.08519776910543442, 'B_frobenius_norm': 1.477108359336853, 'B_nuclear_norm': 40.252296447753906, 'B_condition_number': 3.4463439268630913, 'B_condition_number_tol': 3.4463439268630913, 'B_smallest_singular_value': 0.02472120337188244, 'B_rank_rel_1em2': 800, 'B_rank_rel_1em3': 800, 'B_rank_rel_1em4': 800}
Benchmark 3 evaluation grid shape: (800, 3)
Replicate 87, benchmark 3 metrics: {'run_id': '87_b3', 'RMSE': 0.3679234625448341, 'MAE': 0.3377338066885568, 'SupNorm': 0.6172608584165573, 'Bias': -0.3377338066885568, 'Corr': -0.7183794797573168, 'deming_slope': -0.5539662839867106, 'deming_intercept': 0.0651320220228254, 'beta_sum': -0.13159377872943878, 'beta_l1': 0.6245460510253906, 'beta_l2': 0.029838943853974342, 'beta_min': -0.0016755415126681328, 'beta_max': 0.006068601738661528, 'beta_neg_frac': 0.7325, 'offline_data_id': 87, 'benchmark_id': 3, 'benchmark_point_source': 'fixed_config', 'target_set_size': 100, 'benchmark_z_path': 'data/Z_true.pt', 'projected_bellman_test_risk': 0.04044098034501076, 'oracle_embedding_risk': 1.2101774215698242, 'benchmark_embedding_risk': 1.2101774215698242, 'risk_bellman_final': 0.031722807079299864, 'risk_obj_final': 0.5183140635490417, 'B_num_rows': 3080, 'B_num_cols': 800, 'B_min_dim': 800, 'B_numerical_rank': 800, 'B_rank_fraction': 1.0, 'B_rank_tolerance': 3.128160582122064e-05, 'B_stable_rank': 300.585693359375, 'B_effective_rank': 769.305945595554, 'B_entropy_rank': 6.645488739013672, 'B_spectral_norm': 0.08519776910543442, 'B_frobenius_norm': 1.477108359336853, 'B_nuclear_norm': 40.252296447753906, 'B_condition_number': 3.4463439268630913, 'B_condition_number_tol': 3.4463439268630913, 'B_smallest_singular_value': 0.02472120337188244, 'B_rank_rel_1em2': 800, 'B_rank_rel_1em3': 800, 'B_rank_rel_1em4': 800}
Benchmark 4 evaluation grid shape: (800, 3)
Replicate 87, benchmark 4 metrics: {'run_id': '87_b4', 'RMSE': 0.16453811519172742, 'MAE': 0.14931689926334002, 'SupNorm': 0.2753981798887253, 'Bias': -0.1490178345926506, 'Corr': 0.6775175590060906, 'deming_slope': 0.495845997709397, 'deming_intercept': -0.01460801631337015, 'beta_sum': 0.5921671390533447, 'beta_l1': 0.8141781091690063, 'beta_l2': 0.051023855805397034, 'beta_min': -0.0008387649431824684, 'beta_max': 0.0095490962266922, 'beta_neg_frac': 0.43625, 'offline_data_id': 87, 'benchmark_id': 4, 'benchmark_point_source': 'support_safe_target_policy_draw', 'target_set_size': 100, 'benchmark_z_path': 'data/Z_true.pt', 'projected_bellman_test_risk': 0.014195553958415985, 'oracle_embedding_risk': 0.8448122143745422, 'benchmark_embedding_risk': 0.8448122143745422, 'risk_bellman_final': 0.031722807079299864, 'risk_obj_final': 0.5183140635490417, 'B_num_rows': 3080, 'B_num_cols': 800, 'B_min_dim': 800, 'B_numerical_rank': 800, 'B_rank_fraction': 1.0, 'B_rank_tolerance': 3.128160582122064e-05, 'B_stable_rank': 300.585693359375, 'B_effective_rank': 769.305945595554, 'B_entropy_rank': 6.645488739013672, 'B_spectral_norm': 0.08519776910543442, 'B_frobenius_norm': 1.477108359336853, 'B_nuclear_norm': 40.252296447753906, 'B_condition_number': 3.4463439268630913, 'B_condition_number_tol': 3.4463439268630913, 'B_smallest_singular_value': 0.02472120337188244, 'B_rank_rel_1em2': 800, 'B_rank_rel_1em3': 800, 'B_rank_rel_1em4': 800}
Benchmark 5 evaluation grid shape: (800, 3)
Replicate 87, benchmark 5 metrics: {'run_id': '87_b5', 'RMSE': 0.25080494293091976, 'MAE': 0.2338846203864523, 'SupNorm': 0.4004070498049259, 'Bias': -0.23381183816753037, 'Corr': 0.23209908500634452, 'deming_slope': 0.04554356531920966, 'deming_intercept': 0.011468771131836697, 'beta_sum': 0.18182383477687836, 'beta_l1': 0.1895444393157959, 'beta_l2': 0.008450963534414768, 'beta_min': -0.00035741168539971113, 'beta_max': 0.0011452770559117198, 'beta_neg_frac': 0.0775, 'offline_data_id': 87, 'benchmark_id': 5, 'benchmark_point_source': 'support_safe_target_policy_draw', 'target_set_size': 100, 'benchmark_z_path': 'data/Z_true.pt', 'projected_bellman_test_risk': 0.002440162468701601, 'oracle_embedding_risk': 0.9618157744407654, 'benchmark_embedding_risk': 0.9618157744407654, 'risk_bellman_final': 0.031722807079299864, 'risk_obj_final': 0.5183140635490417, 'B_num_rows': 3080, 'B_num_cols': 800, 'B_min_dim': 800, 'B_numerical_rank': 800, 'B_rank_fraction': 1.0, 'B_rank_tolerance': 3.128160582122064e-05, 'B_stable_rank': 300.585693359375, 'B_effective_rank': 769.305945595554, 'B_entropy_rank': 6.645488739013672, 'B_spectral_norm': 0.08519776910543442, 'B_frobenius_norm': 1.477108359336853, 'B_nuclear_norm': 40.252296447753906, 'B_condition_number': 3.4463439268630913, 'B_condition_number_tol': 3.4463439268630913, 'B_smallest_singular_value': 0.02472120337188244, 'B_rank_rel_1em2': 800, 'B_rank_rel_1em3': 800, 'B_rank_rel_1em4': 800}
Benchmark 6 evaluation grid shape: (800, 3)
Replicate 87, benchmark 6 metrics: {'run_id': '87_b6', 'RMSE': 0.22498199861476958, 'MAE': 0.20955467918451176, 'SupNorm': 0.36048829182982445, 'Bias': -0.2095539699078654, 'Corr': 0.5555399721527584, 'deming_slope': 0.20706916065404216, 'deming_intercept': -0.00022721489271069345, 'beta_sum': 0.2717035412788391, 'beta_l1': 0.6400328874588013, 'beta_l2': 0.03444663807749748, 'beta_min': -0.0014120382256805897, 'beta_max': 0.006916276179254055, 'beta_neg_frac': 0.5, 'offline_data_id': 87, 'benchmark_id': 6, 'benchmark_point_source': 'support_safe_target_policy_draw', 'target_set_size': 100, 'benchmark_z_path': 'data/Z_true.pt', 'projected_bellman_test_risk': 0.006398583296686411, 'oracle_embedding_risk': 0.9159608483314514, 'benchmark_embedding_risk': 0.9159608483314514, 'risk_bellman_final': 0.031722807079299864, 'risk_obj_final': 0.5183140635490417, 'B_num_rows': 3080, 'B_num_cols': 800, 'B_min_dim': 800, 'B_numerical_rank': 800, 'B_rank_fraction': 1.0, 'B_rank_tolerance': 3.128160582122064e-05, 'B_stable_rank': 300.585693359375, 'B_effective_rank': 769.305945595554, 'B_entropy_rank': 6.645488739013672, 'B_spectral_norm': 0.08519776910543442, 'B_frobenius_norm': 1.477108359336853, 'B_nuclear_norm': 40.252296447753906, 'B_condition_number': 3.4463439268630913, 'B_condition_number_tol': 3.4463439268630913, 'B_smallest_singular_value': 0.02472120337188244, 'B_rank_rel_1em2': 800, 'B_rank_rel_1em3': 800, 'B_rank_rel_1em4': 800}
Benchmark 7 evaluation grid shape: (800, 3)
Replicate 87, benchmark 7 metrics: {'run_id': '87_b7', 'RMSE': 0.1993044822938619, 'MAE': 0.18607816450326936, 'SupNorm': 0.3239033427089453, 'Bias': -0.18607816450326936, 'Corr': 0.6668533993387697, 'deming_slope': 0.3687999390538689, 'deming_intercept': -0.021028695650926202, 'beta_sum': 0.2996315658092499, 'beta_l1': 0.735002875328064, 'beta_l2': 0.04221654310822487, 'beta_min': -0.0015332959592342377, 'beta_max': 0.008541056886315346, 'beta_neg_frac': 0.56375, 'offline_data_id': 87, 'benchmark_id': 7, 'benchmark_point_source': 'support_safe_target_policy_draw', 'target_set_size': 100, 'benchmark_z_path': 'data/Z_true.pt', 'projected_bellman_test_risk': 0.00871331337839365, 'oracle_embedding_risk': 0.8931517601013184, 'benchmark_embedding_risk': 0.8931517601013184, 'risk_bellman_final': 0.031722807079299864, 'risk_obj_final': 0.5183140635490417, 'B_num_rows': 3080, 'B_num_cols': 800, 'B_min_dim': 800, 'B_numerical_rank': 800, 'B_rank_fraction': 1.0, 'B_rank_tolerance': 3.128160582122064e-05, 'B_stable_rank': 300.585693359375, 'B_effective_rank': 769.305945595554, 'B_entropy_rank': 6.645488739013672, 'B_spectral_norm': 0.08519776910543442, 'B_frobenius_norm': 1.477108359336853, 'B_nuclear_norm': 40.252296447753906, 'B_condition_number': 3.4463439268630913, 'B_condition_number_tol': 3.4463439268630913, 'B_smallest_singular_value': 0.02472120337188244, 'B_rank_rel_1em2': 800, 'B_rank_rel_1em3': 800, 'B_rank_rel_1em4': 800}
Benchmark 8 evaluation grid shape: (800, 3)
Replicate 87, benchmark 8 metrics: {'run_id': '87_b8', 'RMSE': 0.1711192139286453, 'MAE': 0.15880317750008544, 'SupNorm': 0.2699495851993561, 'Bias': -0.15880317750008544, 'Corr': 0.921459823254301, 'deming_slope': 0.37125576811677224, 'deming_intercept': 0.004981036905843159, 'beta_sum': 0.48125895857810974, 'beta_l1': 0.6866974830627441, 'beta_l2': 0.03972042351961136, 'beta_min': -0.0010424938518553972, 'beta_max': 0.007338067051023245, 'beta_neg_frac': 0.39, 'offline_data_id': 87, 'benchmark_id': 8, 'benchmark_point_source': 'support_safe_target_policy_draw', 'target_set_size': 100, 'benchmark_z_path': 'data/Z_true.pt', 'projected_bellman_test_risk': 0.026794161647558212, 'oracle_embedding_risk': 0.8427404761314392, 'benchmark_embedding_risk': 0.8427404761314392, 'risk_bellman_final': 0.031722807079299864, 'risk_obj_final': 0.5183140635490417, 'B_num_rows': 3080, 'B_num_cols': 800, 'B_min_dim': 800, 'B_numerical_rank': 800, 'B_rank_fraction': 1.0, 'B_rank_tolerance': 3.128160582122064e-05, 'B_stable_rank': 300.585693359375, 'B_effective_rank': 769.305945595554, 'B_entropy_rank': 6.645488739013672, 'B_spectral_norm': 0.08519776910543442, 'B_frobenius_norm': 1.477108359336853, 'B_nuclear_norm': 40.252296447753906, 'B_condition_number': 3.4463439268630913, 'B_condition_number_tol': 3.4463439268630913, 'B_smallest_singular_value': 0.02472120337188244, 'B_rank_rel_1em2': 800, 'B_rank_rel_1em3': 800, 'B_rank_rel_1em4': 800}
Benchmark 9 evaluation grid shape: (800, 3)
Replicate 87, benchmark 9 metrics: {'run_id': '87_b9', 'RMSE': 0.22370520202400707, 'MAE': 0.20658282462885835, 'SupNorm': 0.3783402603585273, 'Bias': -0.20658282462885835, 'Corr': 0.43965746567245284, 'deming_slope': 0.26074103628986633, 'deming_intercept': -0.010113519604219585, 'beta_sum': 0.3007221817970276, 'beta_l1': 0.770514965057373, 'beta_l2': 0.044673480093479156, 'beta_min': -0.001566150225698948, 'beta_max': 0.00843537226319313, 'beta_neg_frac': 0.59125, 'offline_data_id': 87, 'benchmark_id': 9, 'benchmark_point_source': 'support_safe_target_policy_draw', 'target_set_size': 100, 'benchmark_z_path': 'data/Z_true.pt', 'projected_bellman_test_risk': 0.005333102308213711, 'oracle_embedding_risk': 0.9206290245056152, 'benchmark_embedding_risk': 0.9206290245056152, 'risk_bellman_final': 0.031722807079299864, 'risk_obj_final': 0.5183140635490417, 'B_num_rows': 3080, 'B_num_cols': 800, 'B_min_dim': 800, 'B_numerical_rank': 800, 'B_rank_fraction': 1.0, 'B_rank_tolerance': 3.128160582122064e-05, 'B_stable_rank': 300.585693359375, 'B_effective_rank': 769.305945595554, 'B_entropy_rank': 6.645488739013672, 'B_spectral_norm': 0.08519776910543442, 'B_frobenius_norm': 1.477108359336853, 'B_nuclear_norm': 40.252296447753906, 'B_condition_number': 3.4463439268630913, 'B_condition_number_tol': 3.4463439268630913, 'B_smallest_singular_value': 0.02472120337188244, 'B_rank_rel_1em2': 800, 'B_rank_rel_1em3': 800, 'B_rank_rel_1em4': 800}
Replicate 87 finished in 21.3s
Finished combo 6, offline replicate 87.
