Job ID:    2359151
Array idx: 360
CPUs/node: 64
Mem/node:  131072
Using CC = cc 
Using CXX = CC 
Using FC = ftn 
Using F77 = ftn 
Using F90 = ftn 
cuda/12.6.1 is deprecated; loading cudatoolkit/25.5_12.9 instead.
Using CC = /opt/nvidia/hpc_sdk/Linux_aarch64/25.5/compilers/bin/nvc 
Using CXX = /opt/nvidia/hpc_sdk/Linux_aarch64/25.5/compilers/bin/nvc++ 
Using FC = /opt/nvidia/hpc_sdk/Linux_aarch64/25.5/compilers/bin/nvfortran 
Using F77 = /opt/nvidia/hpc_sdk/Linux_aarch64/25.5/compilers/bin/nvfortran 
Using F90 = /opt/nvidia/hpc_sdk/Linux_aarch64/25.5/compilers/bin/nvfortran 
Using CC = /opt/nvidia/hpc_sdk/Linux_aarch64/25.5/compilers/bin/nvc 
Using CXX = /opt/nvidia/hpc_sdk/Linux_aarch64/25.5/compilers/bin/nvc++ 
Using FC = /opt/nvidia/hpc_sdk/Linux_aarch64/25.5/compilers/bin/nvfortran 
Using F77 = /opt/nvidia/hpc_sdk/Linux_aarch64/25.5/compilers/bin/nvfortran 
Using F90 = /opt/nvidia/hpc_sdk/Linux_aarch64/25.5/compilers/bin/nvfortran 

Lmod is automatically replacing "gcc-native/14" with "gcc/14.2.0".

ghx4
0
Tuning combo id: 3 / 6
Offline replicate id: 60 / 99
Installing ke_drl from git: https://github.com/mehrdadmhmdi/ke-drl.git@main
Collecting git+https://github.com/mehrdadmhmdi/ke-drl.git@main
  Cloning https://github.com/mehrdadmhmdi/ke-drl.git (to revision main) to /tmp/pip-req-build-sospx_05
  Running command git clone --filter=blob:none --quiet https://github.com/mehrdadmhmdi/ke-drl.git /tmp/pip-req-build-sospx_05
  Resolved https://github.com/mehrdadmhmdi/ke-drl.git to commit 3c5d570e40ea15b1fbe4817b5f43b64c7b333e82
  Installing build dependencies: started
  Installing build dependencies: finished with status 'done'
  Getting requirements to build wheel: started
  Getting requirements to build wheel: finished with status 'done'
  Preparing metadata (pyproject.toml): started
  Preparing metadata (pyproject.toml): finished with status 'done'
Building wheels for collected packages: ke_drl
  Building wheel for ke_drl (pyproject.toml): started
  Building wheel for ke_drl (pyproject.toml): finished with status 'done'
  Created wheel for ke_drl: filename=ke_drl-0.1.0-py3-none-any.whl size=47219 sha256=cce46492b204a790ad7584ffb6a013ee9d7f3f644f26bab934c6da4dd211635d
  Stored in directory: /tmp/pip-ephem-wheel-cache-x4t9135r/wheels/24/47/ad/9a4ffd3b05d3e90e35ffc6e7324b735b8bfcf5f51aaf29a333
Successfully built ke_drl
Installing collected packages: ke_drl
Successfully installed ke_drl-0.1.0
Installed ke_drl source: /work/nvme/bfez/mehrdad3/DistRL/simulation_3/runs/sim3_global_2358722_3/.kedrl_site_360/ke_drl/__init__.py
Tuning combo 3: kernel_nu_7.5
Overrides: {'kernel': {'nu': 7.5}}
RUN: /sw/user/python/miniforge3-pytorch-24.11.3/bin/python3 validate_sim_config.py --params params.yaml
ke_drl import source: /work/nvme/bfez/mehrdad3/DistRL/simulation_3/runs/sim3_global_2358722_3/.kedrl_site_360/ke_drl/__init__.py
ke_drl package API OK: prediction weights, RFF operators, rank diagnostics, and best-checkpoint optimizer available
Policy config OK: behavior=uniform, target=logistic, state_dim=5, action_dim=1
Note: policy.logistic.theta_scale/theta_std are log-scale coefficients in Probability_Densities.
Behavior-policy linearized state-process diagnostic: spectral_radius=0.653, offline_burn_in=50
Replicate config OK: num_replicates=100, benchmark points=10 independent of D_i, loss target points=100
Transition reduction OK: method=kmeans, raw rows N(T-1)=12000, target rows about 3000, B rows reduced from 12000 to about 3000
Return-operator approximation OK: method=rff, features=512, exact G avoided for estimated N=12000, m=800, L=100
Fixed benchmark config rows=4 (benchmark.num_points=10; additional points are support-safe target-policy draws if needed)
Fixed benchmark point 0: s_star=[0.6, -0.8, 0.7, -0.5, 0.9], a_star=[0.5]
Fixed benchmark behavior-support interval for configured rows: min_lower=-0.12, max_upper=1.11
Fixed benchmark target-policy location range: [-0.02, 0.14]
Reusing shared data from /work/nvme/bfez/mehrdad3/DistRL/simulation_3/runs/sim3_shared_data/data for offline replicate 60.
RUN: /sw/user/python/miniforge3-pytorch-24.11.3/bin/python3 validate_sim_config.py --params params.yaml --data data/offline_data_60.pt
ke_drl import source: /work/nvme/bfez/mehrdad3/DistRL/simulation_3/runs/sim3_global_2358722_3/.kedrl_site_360/ke_drl/__init__.py
ke_drl package API OK: prediction weights, RFF operators, rank diagnostics, and best-checkpoint optimizer available
Policy config OK: behavior=uniform, target=logistic, state_dim=5, action_dim=1
Note: policy.logistic.theta_scale/theta_std are log-scale coefficients in Probability_Densities.
Behavior-policy linearized state-process diagnostic: spectral_radius=0.653, offline_burn_in=50
Replicate config OK: num_replicates=100, benchmark points=10 independent of D_i, loss target points=100
Transition reduction OK: method=kmeans, raw rows N(T-1)=12000, target rows about 3000, B rows reduced from 12000 to about 3000
Return-operator approximation OK: method=rff, features=512, exact G avoided for estimated N=12000, m=800, L=100
Fixed benchmark config rows=4 (benchmark.num_points=10; additional points are support-safe target-policy draws if needed)
Fixed benchmark point 0: s_star=[0.6, -0.8, 0.7, -0.5, 0.9], a_star=[0.5]
Fixed benchmark behavior-support interval for configured rows: min_lower=-0.12, max_upper=1.11
Fixed benchmark target-policy location range: [-0.02, 0.14]
Full benchmark support check OK: 10 points, min_lower=-2.177, max_upper=2.05
observed behavior actions: mean=0.4018, sd=0.6821, q0/q10/q50/q90/q100=[-2.362156867980957, -0.41249033212661745, 0.3324101120233536, 1.3375676631927491, 2.995539426803589]
target-policy sampled actions: mean=-0.01867, sd=0.6693, q0/q10/q50/q90/q100=[-3.2150770468245633, -0.8703005596175303, -0.010752266269893078, 0.8339881735251485, 2.793590631827053]
behavior uniform lower: mean=-0.1185, sd=0.6629, q0/q10/q50/q90/q100=[-3.21138858795166, -0.9664686627686023, -0.11272381395101547, 0.7236498236656189, 2.675943338871002]
behavior uniform upper: mean=0.925, sd=0.6497, q0/q10/q50/q90/q100=[-0.9288348913192748, 0.07151946723461156, 0.9322895508259534, 1.7633351242542268, 3.675943338871002]
target location inside behavior uniform support: 0.968
RUN: /sw/user/python/miniforge3-pytorch-24.11.3/bin/python3 main_est.py
# ================================================================ #
#   Global KE-DRL estimation for one offline replicate              #
# ================================================================ #
Slurm Job ID: 2359151
Slurm Array ID: 60 -- used as the offline-replicate id
Offline data id: 60
ke_drl import source: /work/nvme/bfez/mehrdad3/DistRL/simulation_3/runs/sim3_global_2358722_3/.kedrl_site_360/ke_drl/__init__.py
Estimator device: cuda (NVIDIA GH200 120GB, capability 9.0); torch CUDA=13.0
Random seed: 20460572
Number of offline replicates: 100
[transition reduction] enabled: original rows=12000, target basis=3000, method=kmeans, device=cuda
[transition reduction] kmeans iter 1/20, mean center shift=2.6907e-01
[transition reduction] kmeans iter 5/20, mean center shift=5.9911e-03
[transition reduction] kmeans iter 10/20, mean center shift=5.4931e-05
[transition reduction] selected 3081 rows from 12000 transitions (ratio 0.2567); indices saved to data/reduced_transition_indices_60.pt
Data and parameters loaded.
offline path: data/offline_data_60.pt
benchmark true-Z path: data/Z_true.pt
offline shapes after reduction: s0=(3081, 5), a0=(3081, 1), r0=(3081, 3)
transition reduction: {'enabled': True, 'method': 'kmeans', 'original_rows': 12000, 'reduced_rows': 3081, 'selected_indices_path': 'data/reduced_transition_indices_60.pt', 'target_basis': 3000, 'compression_ratio': 0.25675}
fixed benchmark point source: fixed_config_plus_support_safe_target_policy_draws
benchmark row excluded from this offline data: None
global loss target set shape: s_star=(100, 5), a_star=(100, 1)
benchmark true-Z count=10, shape each=(50000, 3)
target policy: logistic
behavior policy: uniform
lambda_Gamma=0.005, lambda_B=0.02, d_r_method=song
dtype=torch.float32, operator_method=rff, operator_num_features=512
ridge_mode=rkhs, diagnostic_interval=50
mass_anchor_lambda=1.0, target_mass=1.0
uLSIF basis: source=numerator, n_basis=512, lambda_reg=0.005
optimizer stabilizers: lambda_neg=0.0, max_B_norm=None, eta_clip_min=0.0, eta_clip_max=5.0, normalize_eta=True
========================================
Estimating the global KE-DRL mean embedding
torch device=cuda, dtype=torch.float32
Data dims: N=3081, L=100, Ds=5, Da=1, Dr=3
lambda_Gamma=0.005, lambda_B=0.02
return-operator construction: method=rff, rff_features=512
[uLSIF] basis=512/3081 (numerator); eta_hat min=-9.080e-01 max=4.944e+00 neg%=3.67
ESS for eta_plus: 2170.9 / 3081
eta_plus diagnostics: raw_mean=0.998, raw_min=-0.908, raw_max=4.94; used_mean=1, used_min=0, used_max=4.91
[timing] Z-grid: 0.03s
[timing] K_X: 0.00s
[timing] K_plus: 0.00s
[timing] k_star: 0.00s
[timing] Gamma_stack: 0.01s
[timing] Phi_stack: 0.00s
[timing] RFF feature sample: 0.00s
[timing] K_Z RFF: 0.00s
[timing] G_stack RFF: 0.01s
[timing] H_stack RFF: 0.01s
findfont: Font family 'Nimbus Roman' not found.
findfont: Font family 'Nimbus Roman' not found.
findfont: Font family 'Nimbus Roman' not found.
findfont: Font family 'Nimbus Roman' not found.
findfont: Font family 'Nimbus Roman' not found.
findfont: Font family 'Nimbus Roman' not found.
findfont: Font family 'Nimbus Roman' not found.
findfont: Font family 'Nimbus Roman' not found.
findfont: Font family 'Nimbus Roman' not found.
findfont: Font family 'Nimbus Roman' not found.
findfont: Font family 'Nimbus Roman' not found.
findfont: Font family 'Nimbus Roman' not found.
findfont: Font family 'Nimbus Roman' not found.
findfont: Font family 'Nimbus Roman' not found.
findfont: Font family 'Nimbus Roman' not found.
findfont: Font family 'Nimbus Roman' not found.
findfont: Font family 'Nimbus Roman' not found.
findfont: Font family 'Nimbus Roman' not found.
findfont: Font family 'Nimbus Roman' not found.
findfont: Font family 'Nimbus Roman' not found.
findfont: Font family 'Nimbus Roman' not found.
findfont: Font family 'Nimbus Roman' not found.
findfont: Font family 'Nimbus Roman' not found.
findfont: Font family 'Nimbus Roman' not found.
findfont: Font family 'Nimbus Roman' not found.
findfont: Font family 'Nimbus Roman' not found.
findfont: Font family 'Nimbus Roman' not found.
findfont: Font family 'Nimbus Roman' not found.
findfont: Font family 'Nimbus Roman' not found.
findfont: Font family 'Nimbus Roman' not found.
findfont: Font family 'Nimbus Roman' not found.
findfont: Font family 'Nimbus Roman' not found.
findfont: Font family 'Nimbus Roman' not found.
findfont: Font family 'Nimbus Roman' not found.
findfont: Font family 'Nimbus Roman' not found.
findfont: Font family 'Nimbus Roman' not found.
findfont: Font family 'Nimbus Roman' not found.
findfont: Font family 'Nimbus Roman' not found.
findfont: Font family 'Nimbus Roman' not found.
findfont: Font family 'Nimbus Roman' not found.
findfont: Font family 'Nimbus Roman' not found.
findfont: Font family 'Nimbus Roman' not found.
findfont: Font family 'Nimbus Roman' not found.
findfont: Font family ['Nimbus Roman'] not found. Falling back to DejaVu Sans.
findfont: Font family 'Nimbus Roman' not found.
findfont: Font family ['Nimbus Roman'] not found. Falling back to DejaVu Sans.
findfont: Font family 'Nimbus Roman' not found.
findfont: Font family 'Nimbus Roman' not found.
findfont: Font family 'Nimbus Roman' not found.
findfont: Font family 'Nimbus Roman' not found.
findfont: Font family 'Nimbus Roman' not found.
findfont: Font family 'Nimbus Roman' not found.
findfont: Font family 'Nimbus Roman' not found.
findfont: Font family 'Nimbus Roman' not found.
findfont: Font family 'Nimbus Roman' not found.
findfont: Font family 'Nimbus Roman' not found.
findfont: Font family ['Nimbus Roman'] not found. Falling back to DejaVu Sans.
findfont: Font family 'Nimbus Roman' not found.
findfont: Font family 'Nimbus Roman' not found.
findfont: Font family 'Nimbus Roman' not found.
findfont: Font family 'Nimbus Roman' not found.
findfont: Font family 'Nimbus Roman' not found.
findfont: Font family 'Nimbus Roman' not found.
findfont: Font family 'Nimbus Roman' not found.
findfont: Font family 'Nimbus Roman' not found.
findfont: Font family 'Nimbus Roman' not found.
findfont: Font family 'Nimbus Roman' not found.
findfont: Font family 'Nimbus Roman' not found.
findfont: Font family 'Nimbus Roman' not found.
findfont: Font family 'Nimbus Roman' not found.
findfont: Font family 'Nimbus Roman' not found.
findfont: Font family 'Nimbus Roman' not found.
findfont: Font family 'Nimbus Roman' not found.
findfont: Font family 'Nimbus Roman' not found.
findfont: Font family 'Nimbus Roman' not found.
findfont: Font family 'Nimbus Roman' not found.
findfont: Font family 'Nimbus Roman' not found.
findfont: Font family 'Nimbus Roman' not found.
findfont: Font family 'Nimbus Roman' not found.
findfont: Font family 'Nimbus Roman' not found.
findfont: Font family 'Nimbus Roman' not found.
findfont: Font family 'Nimbus Roman' not found.
findfont: Font family 'Nimbus Roman' not found.
findfont: Font family 'Nimbus Roman' not found.
findfont: Font family 'Nimbus Roman' not found.
findfont: Font family 'Nimbus Roman' not found.
findfont: Font family 'Nimbus Roman' not found.
findfont: Font family 'Nimbus Roman' not found.
findfont: Font family 'Nimbus Roman' not found.
findfont: Font family 'Nimbus Roman' not found.
findfont: Font family 'Nimbus Roman' not found.
findfont: Font family 'Nimbus Roman' not found.
findfont: Font family 'Nimbus Roman' not found.
findfont: Font family 'Nimbus Roman' not found.
findfont: Font family 'Nimbus Roman' not found.
findfont: Font family 'Nimbus Roman' not found.
findfont: Font family 'Nimbus Roman' not found.
findfont: Font family 'Nimbus Roman' not found.
findfont: Font family 'Nimbus Roman' not found.
findfont: Font family 'Nimbus Roman' not found.
findfont: Font family 'Nimbus Roman' not found.
findfont: Font family 'Nimbus Roman' not found.
findfont: Font family 'Nimbus Roman' not found.
findfont: Font family 'Nimbus Roman' not found.
findfont: Font family 'Nimbus Roman' not found.
findfont: Font family 'Nimbus Roman' not found.
findfont: Font family 'Nimbus Roman' not found.
findfont: Font family 'Nimbus Roman' not found.
findfont: Font family 'Nimbus Roman' not found.
findfont: Font family 'Nimbus Roman' not found.
findfont: Font family 'Nimbus Roman' not found.
findfont: Font family 'Nimbus Roman' not found.
findfont: Font family 'Nimbus Roman' not found.
findfont: Font family 'Nimbus Roman' not found.
findfont: Font family 'Nimbus Roman' not found.
findfont: Font family 'Nimbus Roman' not found.
findfont: Font family 'Nimbus Roman' not found.
findfont: Font family 'Nimbus Roman' not found.
findfont: Font family 'Nimbus Roman' not found.
findfont: Font family 'Nimbus Roman' not found.
findfont: Font family 'Nimbus Roman' not found.
findfont: Font family 'Nimbus Roman' not found.
findfont: Font family 'Nimbus Roman' not found.
findfont: Font family 'Nimbus Roman' not found.
findfont: Font family 'Nimbus Roman' not found.
findfont: Font family 'Nimbus Roman' not found.
findfont: Font family 'Nimbus Roman' not found.
findfont: Font family 'Nimbus Roman' not found.
findfont: Font family 'Nimbus Roman' not found.
findfont: Font family 'Nimbus Roman' not found.
findfont: Font family 'Nimbus Roman' not found.
findfont: Font family 'Nimbus Roman' not found.
findfont: Font family 'Nimbus Roman' not found.
findfont: Font family 'Nimbus Roman' not found.
findfont: Font family 'Nimbus Roman' not found.
Ridge mode: rkhs; diagnostic interval: 50
Iter 1/4000 | log_obj=9.828e+00 | log_Bellman_root=3.502e+00 | mass=1.74e+04 | neg=0.00e+00 | grad=7.47e+02
Iter 400/4000 | log_obj=4.663e+00 | log_Bellman_root=9.180e-01 | mass=9.96e+01 | neg=0.00e+00 | grad=1.21e+04
Iter 800/4000 | log_obj=5.182e+00 | log_Bellman_root=1.175e+00 | mass=1.67e+02 | neg=0.00e+00 | grad=5.24e+03
Iter 1200/4000 | log_obj=3.841e+00 | log_Bellman_root=9.780e-01 | mass=3.94e+01 | neg=0.00e+00 | grad=4.66e+03
Iter 1600/4000 | log_obj=4.308e+00 | log_Bellman_root=7.266e-01 | mass=7.00e+01 | neg=0.00e+00 | grad=3.71e+03
Iter 2000/4000 | log_obj=3.211e+00 | log_Bellman_root=1.985e-01 | mass=2.33e+01 | neg=0.00e+00 | grad=5.96e+03
Iter 2400/4000 | log_obj=3.742e+00 | log_Bellman_root=4.601e-01 | mass=3.97e+01 | neg=0.00e+00 | grad=2.74e+03
Iter 2800/4000 | log_obj=2.807e+00 | log_Bellman_root=-1.575e-04 | mass=1.55e+01 | neg=0.00e+00 | grad=1.70e+03
Iter 3200/4000 | log_obj=2.005e+00 | log_Bellman_root=-4.280e-01 | mass=6.98e+00 | neg=0.00e+00 | grad=3.13e+03
Iter 3600/4000 | log_obj=3.388e+00 | log_Bellman_root=2.659e-01 | mass=2.79e+01 | neg=0.00e+00 | grad=3.54e+03
Iter 4000/4000 | log_obj=3.560e+00 | log_Bellman_root=3.693e-01 | mass=3.31e+01 | neg=0.00e+00 | grad=2.35e+03
Returning best diagnostic checkpoint from step 2500 (objective=3.584e+00, Bellman=2.363e-01).
Done in 15.35s.
KE-DRL global estimation is done.
B_hat shape: (3081, 800)
B_hat rank diagnostics: {'B_num_rows': 3081, 'B_num_cols': 800, 'B_min_dim': 800, 'B_numerical_rank': 800, 'B_rank_fraction': 1.0, 'B_rank_tolerance': 3.4181009239020455e-05, 'B_stable_rank': 281.1313781738281, 'B_effective_rank': 771.7080464733074, 'B_entropy_rank': 6.648606300354004, 'B_spectral_norm': 0.09306429326534271, 'B_frobenius_norm': 1.5604064464569092, 'B_nuclear_norm': 42.64345169067383, 'B_condition_number': 3.417864488325694, 'B_condition_number_tol': 3.417864488325694, 'B_smallest_singular_value': 0.027228783816099167, 'B_rank_rel_1em2': 800, 'B_rank_rel_1em3': 800, 'B_rank_rel_1em4': 800}
Global-loss target mass diagnostics: {'target_mass_mean': 2.616778612136841, 'target_mass_min': 0.98544842004776, 'target_mass_max': 4.497714519500732, 'target_mass_sd': 0.8476430177688599, 'target_mass_rmse_to_target': 1.82353675365448, 'target_beta_min': -0.012736715376377106, 'target_beta_max': 0.05081894248723984, 'target_neg_frac_mean': 0.1848}
Return dictionary Z_grid shape: (800, 3)
Replicate 60 risk metrics: {'risk_n_steps_recorded': 81.0, 'risk_n_diagnostics_recorded': 81.0, 'risk_log_obj_initial': 9.828122826454642, 'risk_log_obj_final': 3.560201854620347, 'risk_log_obj_min': 1.2763710210163304, 'risk_obj_initial': 18548.10351562501, 'risk_obj_final': 35.170295715332024, 'risk_obj_min': 3.5836112499237065, 'risk_log_obj_drop': 6.267920971834295, 'risk_log_bellman_root_initial': 3.5016089956568965, 'risk_log_bellman_root_final': 0.3693235651512847, 'risk_log_bellman_root_min': -0.7214193564935298, 'risk_bellman_root_initial': 33.16877746582031, 'risk_bellman_root_final': 1.4467556476593018, 'risk_bellman_root_min': 0.48606187105178833, 'risk_bellman_initial': 1100.1677985771096, 'risk_bellman_final': 2.0931019040340857, 'risk_bellman_min': 0.23625614249036533, 'risk_log_bellman_root_drop': 3.132285430505612, 'risk_bellman_returned': 0.23625613749027252, 'risk_obj_returned': 3.583611249923706, 'risk_returned_step': 2500.0, 'offline_data_id': 60, 'benchmark_point_source': 'fixed_config_plus_support_safe_target_policy_draws', 'target_set_size': 100, 'lambda_reg': 0.005, 'lambda_B': 0.02, 'num_steps': 4000, 'transition_reduction_enabled': 1, 'transition_reduction_method': 'kmeans', 'transition_original_rows': 12000, 'transition_reduced_rows': 3081, 'transition_compression_ratio': 0.25675, 'target_mass_mean': 2.616778612136841, 'target_mass_min': 0.98544842004776, 'target_mass_max': 4.497714519500732, 'target_mass_sd': 0.8476430177688599, 'target_mass_rmse_to_target': 1.82353675365448, 'target_beta_min': -0.012736715376377106, 'target_beta_max': 0.05081894248723984, 'target_neg_frac_mean': 0.1848, 'B_num_rows': 3081, 'B_num_cols': 800, 'B_min_dim': 800, 'B_numerical_rank': 800, 'B_rank_fraction': 1.0, 'B_rank_tolerance': 3.4181009239020455e-05, 'B_stable_rank': 281.1313781738281, 'B_effective_rank': 771.7080464733074, 'B_entropy_rank': 6.648606300354004, 'B_spectral_norm': 0.09306429326534271, 'B_frobenius_norm': 1.5604064464569092, 'B_nuclear_norm': 42.64345169067383, 'B_condition_number': 3.417864488325694, 'B_condition_number_tol': 3.417864488325694, 'B_smallest_singular_value': 0.027228783816099167, 'B_rank_rel_1em2': 800, 'B_rank_rel_1em3': 800, 'B_rank_rel_1em4': 800, 'risk_objective_final_raw': 35.17029571533203, 'risk_objective_min_raw': 3.583611249923706, 'risk_objective_max_raw': 18548.103515625, 'risk_bellman_final_raw': 2.093101739883423, 'risk_bellman_min_raw': 0.23625613749027252, 'risk_bellman_max_raw': 1100.1678466796875, 'risk_rkhs_ridge_final_raw': 0.02409861981868744, 'risk_rkhs_ridge_min_raw': 0.019026746973395348, 'risk_rkhs_ridge_max_raw': 2.328284502029419, 'risk_mass_final_raw': 33.053096771240234, 'risk_mass_min_raw': 3.3252861499786377, 'risk_mass_max_raw': 17445.607421875, 'risk_negativity_final_raw': 0.0, 'risk_negativity_min_raw': 0.0, 'risk_negativity_max_raw': 0.0, 'risk_B_norm_final_raw': 1.5569523572921753, 'risk_B_norm_min_raw': 1.5569523572921753, 'risk_B_norm_max_raw': 1.6390384435653687, 'risk_diagnostic_step_final_raw': 4000.0, 'risk_diagnostic_step_min_raw': 1.0, 'risk_diagnostic_step_max_raw': 4000.0, 'risk_best_step_final_raw': 2500.0, 'risk_best_step_min_raw': 2500.0, 'risk_best_step_max_raw': 2500.0, 'risk_best_objective_final_raw': 3.583611249923706, 'risk_best_objective_min_raw': 3.583611249923706, 'risk_best_objective_max_raw': 3.583611249923706, 'risk_best_bellman_final_raw': 0.23625613749027252, 'risk_best_bellman_min_raw': 0.23625613749027252, 'risk_best_bellman_max_raw': 0.23625613749027252, 'risk_returned_step_final_raw': 2500.0, 'risk_returned_step_min_raw': 2500.0, 'risk_returned_step_max_raw': 2500.0, 'risk_returned_objective_final_raw': 3.583611249923706, 'risk_returned_objective_min_raw': 3.583611249923706, 'risk_returned_objective_max_raw': 3.583611249923706, 'risk_returned_bellman_final_raw': 0.23625613749027252, 'risk_returned_bellman_min_raw': 0.23625613749027252, 'risk_returned_bellman_max_raw': 0.23625613749027252, 'risk_returned_best_checkpoint_final_raw': 1.0, 'risk_returned_best_checkpoint_min_raw': 1.0, 'risk_returned_best_checkpoint_max_raw': 1.0}
Benchmark 0 evaluation grid shape: (800, 3)
Replicate 60, benchmark 0 metrics: {'run_id': '60_b0', 'RMSE': 0.43494797526438234, 'MAE': 0.3383399271160306, 'SupNorm': 1.0328621566295624, 'Bias': 0.32930388713153663, 'Corr': 0.5532413075845326, 'deming_slope': 5.710971218072774, 'deming_intercept': -0.918771357475174, 'beta_sum': 2.5743632316589355, 'beta_l1': 3.0012030601501465, 'beta_l2': 0.13300377130508423, 'beta_min': -0.0064721014350652695, 'beta_max': 0.016068438068032265, 'beta_neg_frac': 0.17, 'offline_data_id': 60, 'benchmark_id': 0, 'benchmark_point_source': 'fixed_config', 'target_set_size': 100, 'benchmark_z_path': 'data/Z_true.pt', 'projected_bellman_test_risk': 0.022348495200276375, 'oracle_embedding_risk': 2.0310769081115723, 'benchmark_embedding_risk': 2.0310769081115723, 'risk_bellman_final': 2.0931019040340857, 'risk_obj_final': 35.170295715332024, 'B_num_rows': 3081, 'B_num_cols': 800, 'B_min_dim': 800, 'B_numerical_rank': 800, 'B_rank_fraction': 1.0, 'B_rank_tolerance': 3.4181009239020455e-05, 'B_stable_rank': 281.1313781738281, 'B_effective_rank': 771.7080464733074, 'B_entropy_rank': 6.648606300354004, 'B_spectral_norm': 0.09306429326534271, 'B_frobenius_norm': 1.5604064464569092, 'B_nuclear_norm': 42.64345169067383, 'B_condition_number': 3.417864488325694, 'B_condition_number_tol': 3.417864488325694, 'B_smallest_singular_value': 0.027228783816099167, 'B_rank_rel_1em2': 800, 'B_rank_rel_1em3': 800, 'B_rank_rel_1em4': 800}
Saved ./mu/mu_hat.csv shape=(800,)
Saved ./mu/mu2D_hat_dims01.csv shape=(120, 120)
Saved ./mu/mu2D_hat_dims01.csv shape=(120, 120)
Saved plots/replicate_60/mu_3D.png
Benchmark 1 evaluation grid shape: (800, 3)
Replicate 60, benchmark 1 metrics: {'run_id': '60_b1', 'RMSE': 1.1999131342406566, 'MAE': 1.0968875239480986, 'SupNorm': 2.0291824638843536, 'Bias': 1.0968875239480986, 'Corr': 0.9930888495073279, 'deming_slope': 6.016139399023775, 'deming_intercept': -0.22344653481346644, 'beta_sum': 4.340002536773682, 'beta_l1': 4.399885177612305, 'beta_l2': 0.17485536634922028, 'beta_min': -0.0033900104463100433, 'beta_max': 0.015778889879584312, 'beta_neg_frac': 0.03, 'offline_data_id': 60, 'benchmark_id': 1, 'benchmark_point_source': 'fixed_config', 'target_set_size': 100, 'benchmark_z_path': 'data/Z_true.pt', 'projected_bellman_test_risk': 0.5388199090957642, 'oracle_embedding_risk': 5.55222749710083, 'benchmark_embedding_risk': 5.55222749710083, 'risk_bellman_final': 2.0931019040340857, 'risk_obj_final': 35.170295715332024, 'B_num_rows': 3081, 'B_num_cols': 800, 'B_min_dim': 800, 'B_numerical_rank': 800, 'B_rank_fraction': 1.0, 'B_rank_tolerance': 3.4181009239020455e-05, 'B_stable_rank': 281.1313781738281, 'B_effective_rank': 771.7080464733074, 'B_entropy_rank': 6.648606300354004, 'B_spectral_norm': 0.09306429326534271, 'B_frobenius_norm': 1.5604064464569092, 'B_nuclear_norm': 42.64345169067383, 'B_condition_number': 3.417864488325694, 'B_condition_number_tol': 3.417864488325694, 'B_smallest_singular_value': 0.027228783816099167, 'B_rank_rel_1em2': 800, 'B_rank_rel_1em3': 800, 'B_rank_rel_1em4': 800}
Benchmark 2 evaluation grid shape: (800, 3)
Replicate 60, benchmark 2 metrics: {'run_id': '60_b2', 'RMSE': 1.1943719037374954, 'MAE': 1.09047160405491, 'SupNorm': 2.0195220708847046, 'Bias': 1.09047160405491, 'Corr': 0.936557530572125, 'deming_slope': 6.466618471527218, 'deming_intercept': -0.39018388018820116, 'beta_sum': 4.3268256187438965, 'beta_l1': 4.402379989624023, 'beta_l2': 0.1757744699716568, 'beta_min': -0.0040900008752942085, 'beta_max': 0.01733899489045143, 'beta_neg_frac': 0.03375, 'offline_data_id': 60, 'benchmark_id': 2, 'benchmark_point_source': 'fixed_config', 'target_set_size': 100, 'benchmark_z_path': 'data/Z_true.pt', 'projected_bellman_test_risk': 0.43844202160835266, 'oracle_embedding_risk': 5.533380508422852, 'benchmark_embedding_risk': 5.533380508422852, 'risk_bellman_final': 2.0931019040340857, 'risk_obj_final': 35.170295715332024, 'B_num_rows': 3081, 'B_num_cols': 800, 'B_min_dim': 800, 'B_numerical_rank': 800, 'B_rank_fraction': 1.0, 'B_rank_tolerance': 3.4181009239020455e-05, 'B_stable_rank': 281.1313781738281, 'B_effective_rank': 771.7080464733074, 'B_entropy_rank': 6.648606300354004, 'B_spectral_norm': 0.09306429326534271, 'B_frobenius_norm': 1.5604064464569092, 'B_nuclear_norm': 42.64345169067383, 'B_condition_number': 3.417864488325694, 'B_condition_number_tol': 3.417864488325694, 'B_smallest_singular_value': 0.027228783816099167, 'B_rank_rel_1em2': 800, 'B_rank_rel_1em3': 800, 'B_rank_rel_1em4': 800}
Benchmark 3 evaluation grid shape: (800, 3)
Replicate 60, benchmark 3 metrics: {'run_id': '60_b3', 'RMSE': 1.104634226966498, 'MAE': 1.00055755293346, 'SupNorm': 1.8994822204113007, 'Bias': 1.00055755293346, 'Corr': 0.9538214728882296, 'deming_slope': 6.030038257194292, 'deming_intercept': -0.3168281133275226, 'beta_sum': 4.12775993347168, 'beta_l1': 4.217304229736328, 'beta_l2': 0.17105035483837128, 'beta_min': -0.003551265224814415, 'beta_max': 0.01799173280596733, 'beta_neg_frac': 0.04875, 'offline_data_id': 60, 'benchmark_id': 3, 'benchmark_point_source': 'fixed_config', 'target_set_size': 100, 'benchmark_z_path': 'data/Z_true.pt', 'projected_bellman_test_risk': 0.39947646856307983, 'oracle_embedding_risk': 5.024245262145996, 'benchmark_embedding_risk': 5.024245262145996, 'risk_bellman_final': 2.0931019040340857, 'risk_obj_final': 35.170295715332024, 'B_num_rows': 3081, 'B_num_cols': 800, 'B_min_dim': 800, 'B_numerical_rank': 800, 'B_rank_fraction': 1.0, 'B_rank_tolerance': 3.4181009239020455e-05, 'B_stable_rank': 281.1313781738281, 'B_effective_rank': 771.7080464733074, 'B_entropy_rank': 6.648606300354004, 'B_spectral_norm': 0.09306429326534271, 'B_frobenius_norm': 1.5604064464569092, 'B_nuclear_norm': 42.64345169067383, 'B_condition_number': 3.417864488325694, 'B_condition_number_tol': 3.417864488325694, 'B_smallest_singular_value': 0.027228783816099167, 'B_rank_rel_1em2': 800, 'B_rank_rel_1em3': 800, 'B_rank_rel_1em4': 800}
Benchmark 4 evaluation grid shape: (800, 3)
Replicate 60, benchmark 4 metrics: {'run_id': '60_b4', 'RMSE': 0.12619907826361548, 'MAE': 0.10517974388467337, 'SupNorm': 0.34187794476747513, 'Bias': -0.0020949199111964844, 'Corr': 0.48964163624320073, 'deming_slope': 2.0881747070834087, 'deming_intercept': -0.29525134937315584, 'beta_sum': 1.516469955444336, 'beta_l1': 2.6488189697265625, 'beta_l2': 0.14620232582092285, 'beta_min': -0.009039431810379028, 'beta_max': 0.03714219853281975, 'beta_neg_frac': 0.3375, 'offline_data_id': 60, 'benchmark_id': 4, 'benchmark_point_source': 'support_safe_target_policy_draw', 'target_set_size': 100, 'benchmark_z_path': 'data/Z_true.pt', 'projected_bellman_test_risk': 0.04055018723011017, 'oracle_embedding_risk': 0.9713752269744873, 'benchmark_embedding_risk': 0.9713752269744873, 'risk_bellman_final': 2.0931019040340857, 'risk_obj_final': 35.170295715332024, 'B_num_rows': 3081, 'B_num_cols': 800, 'B_min_dim': 800, 'B_numerical_rank': 800, 'B_rank_fraction': 1.0, 'B_rank_tolerance': 3.4181009239020455e-05, 'B_stable_rank': 281.1313781738281, 'B_effective_rank': 771.7080464733074, 'B_entropy_rank': 6.648606300354004, 'B_spectral_norm': 0.09306429326534271, 'B_frobenius_norm': 1.5604064464569092, 'B_nuclear_norm': 42.64345169067383, 'B_condition_number': 3.417864488325694, 'B_condition_number_tol': 3.417864488325694, 'B_smallest_singular_value': 0.027228783816099167, 'B_rank_rel_1em2': 800, 'B_rank_rel_1em3': 800, 'B_rank_rel_1em4': 800}
Benchmark 5 evaluation grid shape: (800, 3)
Replicate 60, benchmark 5 metrics: {'run_id': '60_b5', 'RMSE': 0.24746115385036935, 'MAE': 0.22965712305677927, 'SupNorm': 0.3991621248424053, 'Bias': -0.22938525677246843, 'Corr': 0.2130326474650697, 'deming_slope': 0.054565002104540045, 'deming_intercept': 0.01604485559695943, 'beta_sum': 0.2628168761730194, 'beta_l1': 0.48167550563812256, 'beta_l2': 0.02175501361489296, 'beta_min': -0.0015468219062313437, 'beta_max': 0.003232233226299286, 'beta_neg_frac': 0.31875, 'offline_data_id': 60, 'benchmark_id': 5, 'benchmark_point_source': 'support_safe_target_policy_draw', 'target_set_size': 100, 'benchmark_z_path': 'data/Z_true.pt', 'projected_bellman_test_risk': 0.020777296274900436, 'oracle_embedding_risk': 0.9548035264015198, 'benchmark_embedding_risk': 0.9548035264015198, 'risk_bellman_final': 2.0931019040340857, 'risk_obj_final': 35.170295715332024, 'B_num_rows': 3081, 'B_num_cols': 800, 'B_min_dim': 800, 'B_numerical_rank': 800, 'B_rank_fraction': 1.0, 'B_rank_tolerance': 3.4181009239020455e-05, 'B_stable_rank': 281.1313781738281, 'B_effective_rank': 771.7080464733074, 'B_entropy_rank': 6.648606300354004, 'B_spectral_norm': 0.09306429326534271, 'B_frobenius_norm': 1.5604064464569092, 'B_nuclear_norm': 42.64345169067383, 'B_condition_number': 3.417864488325694, 'B_condition_number_tol': 3.417864488325694, 'B_smallest_singular_value': 0.027228783816099167, 'B_rank_rel_1em2': 800, 'B_rank_rel_1em3': 800, 'B_rank_rel_1em4': 800}
Benchmark 6 evaluation grid shape: (800, 3)
Replicate 60, benchmark 6 metrics: {'run_id': '60_b6', 'RMSE': 0.6423461575898195, 'MAE': 0.5450270958652255, 'SupNorm': 1.2741470634937286, 'Bias': 0.544538045868976, 'Corr': 0.7161832527042616, 'deming_slope': 5.6361711415921745, 'deming_intercept': -0.6921031576505066, 'beta_sum': 3.0281248092651367, 'beta_l1': 3.3828744888305664, 'beta_l2': 0.14564774930477142, 'beta_min': -0.006096600089222193, 'beta_max': 0.016148041933774948, 'beta_neg_frac': 0.13625, 'offline_data_id': 60, 'benchmark_id': 6, 'benchmark_point_source': 'support_safe_target_policy_draw', 'target_set_size': 100, 'benchmark_z_path': 'data/Z_true.pt', 'projected_bellman_test_risk': 0.06830508261919022, 'oracle_embedding_risk': 2.6739308834075928, 'benchmark_embedding_risk': 2.6739308834075928, 'risk_bellman_final': 2.0931019040340857, 'risk_obj_final': 35.170295715332024, 'B_num_rows': 3081, 'B_num_cols': 800, 'B_min_dim': 800, 'B_numerical_rank': 800, 'B_rank_fraction': 1.0, 'B_rank_tolerance': 3.4181009239020455e-05, 'B_stable_rank': 281.1313781738281, 'B_effective_rank': 771.7080464733074, 'B_entropy_rank': 6.648606300354004, 'B_spectral_norm': 0.09306429326534271, 'B_frobenius_norm': 1.5604064464569092, 'B_nuclear_norm': 42.64345169067383, 'B_condition_number': 3.417864488325694, 'B_condition_number_tol': 3.417864488325694, 'B_smallest_singular_value': 0.027228783816099167, 'B_rank_rel_1em2': 800, 'B_rank_rel_1em3': 800, 'B_rank_rel_1em4': 800}
Benchmark 7 evaluation grid shape: (800, 3)
Replicate 60, benchmark 7 metrics: {'run_id': '60_b7', 'RMSE': 0.4049891741512998, 'MAE': 0.3264771033625584, 'SupNorm': 0.8994785249233246, 'Bias': 0.3245744961698074, 'Corr': 0.6780793128772573, 'deming_slope': 4.360295217029596, 'deming_intercept': -0.5631605620806213, 'beta_sum': 2.363769769668579, 'beta_l1': 2.8763012886047363, 'beta_l2': 0.13040044903755188, 'beta_min': -0.006068289279937744, 'beta_max': 0.0257565937936306, 'beta_neg_frac': 0.2, 'offline_data_id': 60, 'benchmark_id': 7, 'benchmark_point_source': 'support_safe_target_policy_draw', 'target_set_size': 100, 'benchmark_z_path': 'data/Z_true.pt', 'projected_bellman_test_risk': 0.028182484209537506, 'oracle_embedding_risk': 1.7054868936538696, 'benchmark_embedding_risk': 1.7054868936538696, 'risk_bellman_final': 2.0931019040340857, 'risk_obj_final': 35.170295715332024, 'B_num_rows': 3081, 'B_num_cols': 800, 'B_min_dim': 800, 'B_numerical_rank': 800, 'B_rank_fraction': 1.0, 'B_rank_tolerance': 3.4181009239020455e-05, 'B_stable_rank': 281.1313781738281, 'B_effective_rank': 771.7080464733074, 'B_entropy_rank': 6.648606300354004, 'B_spectral_norm': 0.09306429326534271, 'B_frobenius_norm': 1.5604064464569092, 'B_nuclear_norm': 42.64345169067383, 'B_condition_number': 3.417864488325694, 'B_condition_number_tol': 3.417864488325694, 'B_smallest_singular_value': 0.027228783816099167, 'B_rank_rel_1em2': 800, 'B_rank_rel_1em3': 800, 'B_rank_rel_1em4': 800}
Benchmark 8 evaluation grid shape: (800, 3)
Replicate 60, benchmark 8 metrics: {'run_id': '60_b8', 'RMSE': 0.11867541874746951, 'MAE': 0.0882287191861542, 'SupNorm': 0.3186977505683899, 'Bias': 0.07142172130930703, 'Corr': 0.7663678017993266, 'deming_slope': 1.644683597148196, 'deming_intercept': -0.09823943521426759, 'beta_sum': 1.4583165645599365, 'beta_l1': 2.322377920150757, 'beta_l2': 0.11149675399065018, 'beta_min': -0.008315208368003368, 'beta_max': 0.022957049310207367, 'beta_neg_frac': 0.295, 'offline_data_id': 60, 'benchmark_id': 8, 'benchmark_point_source': 'support_safe_target_policy_draw', 'target_set_size': 100, 'benchmark_z_path': 'data/Z_true.pt', 'projected_bellman_test_risk': 0.11470183730125427, 'oracle_embedding_risk': 0.880704402923584, 'benchmark_embedding_risk': 0.880704402923584, 'risk_bellman_final': 2.0931019040340857, 'risk_obj_final': 35.170295715332024, 'B_num_rows': 3081, 'B_num_cols': 800, 'B_min_dim': 800, 'B_numerical_rank': 800, 'B_rank_fraction': 1.0, 'B_rank_tolerance': 3.4181009239020455e-05, 'B_stable_rank': 281.1313781738281, 'B_effective_rank': 771.7080464733074, 'B_entropy_rank': 6.648606300354004, 'B_spectral_norm': 0.09306429326534271, 'B_frobenius_norm': 1.5604064464569092, 'B_nuclear_norm': 42.64345169067383, 'B_condition_number': 3.417864488325694, 'B_condition_number_tol': 3.417864488325694, 'B_smallest_singular_value': 0.027228783816099167, 'B_rank_rel_1em2': 800, 'B_rank_rel_1em3': 800, 'B_rank_rel_1em4': 800}
Benchmark 9 evaluation grid shape: (800, 3)
Replicate 60, benchmark 9 metrics: {'run_id': '60_b9', 'RMSE': 0.46189434576006494, 'MAE': 0.3912498098635115, 'SupNorm': 0.9051642119884491, 'Bias': 0.39073551148176194, 'Corr': 0.7556249164675335, 'deming_slope': 4.070089038944302, 'deming_intercept': -0.4337199331160846, 'beta_sum': 2.545836925506592, 'beta_l1': 3.1225128173828125, 'beta_l2': 0.14316102862358093, 'beta_min': -0.008588099852204323, 'beta_max': 0.023975001648068428, 'beta_neg_frac': 0.20375, 'offline_data_id': 60, 'benchmark_id': 9, 'benchmark_point_source': 'support_safe_target_policy_draw', 'target_set_size': 100, 'benchmark_z_path': 'data/Z_true.pt', 'projected_bellman_test_risk': 0.0039041955024003983, 'oracle_embedding_risk': 1.73097562789917, 'benchmark_embedding_risk': 1.73097562789917, 'risk_bellman_final': 2.0931019040340857, 'risk_obj_final': 35.170295715332024, 'B_num_rows': 3081, 'B_num_cols': 800, 'B_min_dim': 800, 'B_numerical_rank': 800, 'B_rank_fraction': 1.0, 'B_rank_tolerance': 3.4181009239020455e-05, 'B_stable_rank': 281.1313781738281, 'B_effective_rank': 771.7080464733074, 'B_entropy_rank': 6.648606300354004, 'B_spectral_norm': 0.09306429326534271, 'B_frobenius_norm': 1.5604064464569092, 'B_nuclear_norm': 42.64345169067383, 'B_condition_number': 3.417864488325694, 'B_condition_number_tol': 3.417864488325694, 'B_smallest_singular_value': 0.027228783816099167, 'B_rank_rel_1em2': 800, 'B_rank_rel_1em3': 800, 'B_rank_rel_1em4': 800}
Replicate 60 finished in 26.1s
Finished combo 3, offline replicate 60.
